[2024-08-15T14:05:46.897+0000][5842.841s][info][gc,start    ] GC(1227) Pause Remark
[2024-08-15T14:05:46.919+0000][5842.864s][info][gc          ] GC(1227) Pause Remark 4802M->4802M(12288M) 22.843ms
[2024-08-15T14:05:46.919+0000][5842.864s][info][gc,cpu      ] GC(1227) User=0.09s Sys=0.00s Real=0.02s
[2024-08-15T14:05:46.920+0000][5842.864s][info][gc,marking  ] GC(1227) Concurrent Mark 2479.950ms
[2024-08-15T14:05:46.920+0000][5842.864s][info][gc,marking  ] GC(1227) Concurrent Rebuild Remembered Sets
[2024-08-15T14:05:48.297+0000][5844.242s][info][gc,marking  ] GC(1227) Concurrent Rebuild Remembered Sets 1377.681ms
[2024-08-15T14:05:48.298+0000][5844.242s][info][gc,start    ] GC(1227) Pause Cleanup
[2024-08-15T14:05:48.298+0000][5844.243s][info][gc          ] GC(1227) Pause Cleanup 5774M->5774M(12288M) 0.607ms
[2024-08-15T14:05:48.298+0000][5844.243s][info][gc,cpu      ] GC(1227) User=0.00s Sys=0.00s Real=0.00s
[2024-08-15T14:05:48.298+0000][5844.243s][info][gc,marking  ] GC(1227) Concurrent Cleanup for Next Mark
[2024-08-15T14:05:48.316+0000][5844.261s][info][gc,marking  ] GC(1227) Concurrent Cleanup for Next Mark 17.731ms
[2024-08-15T14:05:48.316+0000][5844.261s][info][gc          ] GC(1227) Concurrent Mark Cycle 3903.909ms
[2024-08-15T14:05:53.577+0000][5849.522s][info][gc,start    ] GC(1228) Pause Young (Prepare Mixed) (G1 Evacuation Pause)
[2024-08-15T14:05:53.577+0000][5849.522s][info][gc,task     ] GC(1228) Using 6 workers of 6 for evacuation
[2024-08-15T14:05:53.617+0000][5849.562s][info][gc,phases   ] GC(1228)   Pre Evacuate Collection Set: 0.2ms
[2024-08-15T14:05:53.617+0000][5849.562s][info][gc,phases   ] GC(1228)   Merge Heap Roots: 0.4ms
[2024-08-15T14:05:53.617+0000][5849.562s][info][gc,phases   ] GC(1228)   Evacuate Collection Set: 37.1ms
[2024-08-15T14:05:53.617+0000][5849.562s][info][gc,phases   ] GC(1228)   Post Evacuate Collection Set: 1.8ms
[2024-08-15T14:05:53.617+0000][5849.562s][info][gc,phases   ] GC(1228)   Other: 0.2ms
[2024-08-15T14:05:53.617+0000][5849.562s][info][gc,heap     ] GC(1228) Eden regions: 823->0(59)
[2024-08-15T14:05:53.617+0000][5849.562s][info][gc,heap     ] GC(1228) Survivor regions: 14->17(105)
[2024-08-15T14:05:53.617+0000][5849.562s][info][gc,heap     ] GC(1228) Old regions: 369->369
[2024-08-15T14:05:53.617+0000][5849.562s][info][gc,heap     ] GC(1228) Archive regions: 2->2
[2024-08-15T14:05:53.617+0000][5849.562s][info][gc,heap     ] GC(1228) Humongous regions: 5->5
[2024-08-15T14:05:53.617+0000][5849.562s][info][gc,metaspace] GC(1228) Metaspace: 441155K(447488K)->441155K(447488K) NonClass: 386157K(389760K)->386157K(389760K) Class: 54997K(57728K)->54997K(57728K)
[2024-08-15T14:05:53.617+0000][5849.562s][info][gc          ] GC(1228) Pause Young (Prepare Mixed) (G1 Evacuation Pause) 9686M->3121M(12288M) 39.709ms
[2024-08-15T14:05:53.617+0000][5849.562s][info][gc,cpu      ] GC(1228) User=0.22s Sys=0.01s Real=0.04s
[2024-08-15T14:05:54.237+0000][5850.182s][info][gc,start    ] GC(1229) Pause Young (Mixed) (G1 Evacuation Pause)
[2024-08-15T14:05:54.237+0000][5850.182s][info][gc,task     ] GC(1229) Using 6 workers of 6 for evacuation
[2024-08-15T14:05:54.325+0000][5850.270s][info][gc,phases   ] GC(1229)   Pre Evacuate Collection Set: 0.2ms
[2024-08-15T14:05:54.325+0000][5850.270s][info][gc,phases   ] GC(1229)   Merge Heap Roots: 0.4ms
[2024-08-15T14:05:54.325+0000][5850.270s][info][gc,phases   ] GC(1229)   Evacuate Collection Set: 85.8ms
[2024-08-15T14:05:54.325+0000][5850.270s][info][gc,phases   ] GC(1229)   Post Evacuate Collection Set: 1.3ms
[2024-08-15T14:05:54.325+0000][5850.270s][info][gc,phases   ] GC(1229)   Other: 0.2ms
[2024-08-15T14:05:54.325+0000][5850.270s][info][gc,heap     ] GC(1229) Eden regions: 59->0(829)
[2024-08-15T14:05:54.325+0000][5850.270s][info][gc,heap     ] GC(1229) Survivor regions: 17->6(10)
[2024-08-15T14:05:54.325+0000][5850.270s][info][gc,heap     ] GC(1229) Old regions: 369->370
[2024-08-15T14:05:54.325+0000][5850.270s][info][gc,heap     ] GC(1229) Archive regions: 2->2
[2024-08-15T14:05:54.325+0000][5850.270s][info][gc,heap     ] GC(1229) Humongous regions: 5->5
[2024-08-15T14:05:54.325+0000][5850.270s][info][gc,metaspace] GC(1229) Metaspace: 441155K(447488K)->441155K(447488K) NonClass: 386157K(389760K)->386157K(389760K) Class: 54997K(57728K)->54997K(57728K)
[2024-08-15T14:05:54.325+0000][5850.270s][info][gc          ] GC(1229) Pause Young (Mixed) (G1 Evacuation Pause) 3593M->3041M(12288M) 87.945ms
[2024-08-15T14:05:54.325+0000][5850.270s][info][gc,cpu      ] GC(1229) User=0.52s Sys=0.01s Real=0.09s
[2024-08-15T14:06:02.722+0000][5858.667s][info][gc,start    ] GC(1230) Pause Young (Normal) (G1 Evacuation Pause)
[2024-08-15T14:06:02.722+0000][5858.667s][info][gc,task     ] GC(1230) Using 6 workers of 6 for evacuation
[2024-08-15T14:06:02.744+0000][5858.688s][info][gc,phases   ] GC(1230)   Pre Evacuate Collection Set: 0.2ms
[2024-08-15T14:06:02.744+0000][5858.688s][info][gc,phases   ] GC(1230)   Merge Heap Roots: 0.3ms
[2024-08-15T14:06:02.744+0000][5858.688s][info][gc,phases   ] GC(1230)   Evacuate Collection Set: 19.2ms
[2024-08-15T14:06:02.744+0000][5858.688s][info][gc,phases   ] GC(1230)   Post Evacuate Collection Set: 1.7ms
[2024-08-15T14:06:02.744+0000][5858.688s][info][gc,phases   ] GC(1230)   Other: 0.2ms
[2024-08-15T14:06:02.744+0000][5858.688s][info][gc,heap     ] GC(1230) Eden regions: 829->0(828)
[2024-08-15T14:06:02.744+0000][5858.688s][info][gc,heap     ] GC(1230) Survivor regions: 6->8(105)
[2024-08-15T14:06:02.744+0000][5858.688s][info][gc,heap     ] GC(1230) Old regions: 370->370
[2024-08-15T14:06:02.744+0000][5858.688s][info][gc,heap     ] GC(1230) Archive regions: 2->2
[2024-08-15T14:06:02.744+0000][5858.688s][info][gc,heap     ] GC(1230) Humongous regions: 5->5
[2024-08-15T14:06:02.744+0000][5858.689s][info][gc,metaspace] GC(1230) Metaspace: 441155K(447488K)->441155K(447488K) NonClass: 386157K(389760K)->386157K(389760K) Class: 54997K(57728K)->54997K(57728K)
[2024-08-15T14:06:02.744+0000][5858.689s][info][gc          ] GC(1230) Pause Young (Normal) (G1 Evacuation Pause) 9673M->3057M(12288M) 21.644ms
[2024-08-15T14:06:02.744+0000][5858.689s][info][gc,cpu      ] GC(1230) User=0.13s Sys=0.00s Real=0.03s
[2024-08-15T14:06:08.785+0000][5864.729s][info][gc,start    ] GC(1231) Pause Young (Normal) (G1 Evacuation Pause)
[2024-08-15T14:06:08.785+0000][5864.729s][info][gc,task     ] GC(1231) Using 6 workers of 6 for evacuation
[2024-08-15T14:06:08.808+0000][5864.752s][info][gc,phases   ] GC(1231)   Pre Evacuate Collection Set: 0.2ms
[2024-08-15T14:06:08.808+0000][5864.752s][info][gc,phases   ] GC(1231)   Merge Heap Roots: 0.2ms
[2024-08-15T14:06:08.808+0000][5864.752s][info][gc,phases   ] GC(1231)   Evacuate Collection Set: 20.7ms
[2024-08-15T14:06:08.808+0000][5864.752s][info][gc,phases   ] GC(1231)   Post Evacuate Collection Set: 1.8ms
[2024-08-15T14:06:08.808+0000][5864.752s][info][gc,phases   ] GC(1231)   Other: 0.2ms
[2024-08-15T14:06:08.808+0000][5864.752s][info][gc,heap     ] GC(1231) Eden regions: 828->0(829)
[2024-08-15T14:06:08.808+0000][5864.752s][info][gc,heap     ] GC(1231) Survivor regions: 8->8(105)
[2024-08-15T14:06:08.808+0000][5864.752s][info][gc,heap     ] GC(1231) Old regions: 370->370
[2024-08-15T14:06:08.808+0000][5864.752s][info][gc,heap     ] GC(1231) Archive regions: 2->2
[2024-08-15T14:06:08.808+0000][5864.752s][info][gc,heap     ] GC(1231) Humongous regions: 5->5
[2024-08-15T14:06:08.808+0000][5864.752s][info][gc,metaspace] GC(1231) Metaspace: 441155K(447488K)->441155K(447488K) NonClass: 386157K(389760K)->386157K(389760K) Class: 54997K(57728K)->54997K(57728K)
[2024-08-15T14:06:08.808+0000][5864.753s][info][gc          ] GC(1231) Pause Young (Normal) (G1 Evacuation Pause) 9681M->3061M(12288M) 23.181ms
[2024-08-15T14:06:08.808+0000][5864.753s][info][gc,cpu      ] GC(1231) User=0.14s Sys=0.00s Real=0.02s
[2024-08-15T14:06:17.451+0000][5873.395s][info][gc,start    ] GC(1232) Pause Young (Concurrent Start) (G1 Evacuation Pause)
[2024-08-15T14:06:17.451+0000][5873.395s][info][gc,task     ] GC(1232) Using 6 workers of 6 for evacuation
[2024-08-15T14:06:17.481+0000][5873.425s][info][gc,phases   ] GC(1232)   Pre Evacuate Collection Set: 0.6ms
[2024-08-15T14:06:17.481+0000][5873.425s][info][gc,phases   ] GC(1232)   Merge Heap Roots: 0.3ms
[2024-08-15T14:06:17.481+0000][5873.425s][info][gc,phases   ] GC(1232)   Evacuate Collection Set: 27.2ms
[2024-08-15T14:06:17.481+0000][5873.425s][info][gc,phases   ] GC(1232)   Post Evacuate Collection Set: 1.8ms
[2024-08-15T14:06:17.481+0000][5873.425s][info][gc,phases   ] GC(1232)   Other: 0.3ms
[2024-08-15T14:06:17.481+0000][5873.425s][info][gc,heap     ] GC(1232) Eden regions: 829->0(826)
[2024-08-15T14:06:17.481+0000][5873.425s][info][gc,heap     ] GC(1232) Survivor regions: 8->11(105)
[2024-08-15T14:06:17.481+0000][5873.425s][info][gc,heap     ] GC(1232) Old regions: 370->370
[2024-08-15T14:06:17.481+0000][5873.425s][info][gc,heap     ] GC(1232) Archive regions: 2->2
[2024-08-15T14:06:17.481+0000][5873.425s][info][gc,heap     ] GC(1232) Humongous regions: 5->5
[2024-08-15T14:06:17.481+0000][5873.425s][info][gc,metaspace] GC(1232) Metaspace: 441155K(447488K)->441155K(447488K) NonClass: 386157K(389760K)->386157K(389760K) Class: 54997K(57728K)->54997K(57728K)
[2024-08-15T14:06:17.481+0000][5873.425s][info][gc          ] GC(1232) Pause Young (Concurrent Start) (G1 Evacuation Pause) 9693M->3085M(12288M) 30.214ms
[2024-08-15T14:06:17.481+0000][5873.425s][info][gc,cpu      ] GC(1232) User=0.18s Sys=0.00s Real=0.03s
[2024-08-15T14:06:17.481+0000][5873.425s][info][gc          ] GC(1233) Concurrent Mark Cycle
[2024-08-15T14:06:17.481+0000][5873.425s][info][gc,marking  ] GC(1233) Concurrent Clear Claimed Marks
[2024-08-15T14:06:17.481+0000][5873.426s][info][gc,marking  ] GC(1233) Concurrent Clear Claimed Marks 0.472ms
[2024-08-15T14:06:17.481+0000][5873.426s][info][gc,marking  ] GC(1233) Concurrent Scan Root Regions
[2024-08-15T14:06:17.512+0000][5873.457s][info][gc,marking  ] GC(1233) Concurrent Scan Root Regions 31.032ms
[2024-08-15T14:06:17.512+0000][5873.457s][info][gc,marking  ] GC(1233) Concurrent Mark
[2024-08-15T14:06:17.512+0000][5873.457s][info][gc,marking  ] GC(1233) Concurrent Mark From Roots
[2024-08-15T14:06:17.512+0000][5873.457s][info][gc,task     ] GC(1233) Using 2 workers of 2 for marking
[2024-08-15T14:06:19.978+0000][5875.922s][info][gc,marking  ] GC(1233) Concurrent Mark From Roots 2465.146ms
[2024-08-15T14:06:19.978+0000][5875.922s][info][gc,marking  ] GC(1233) Concurrent Preclean
[2024-08-15T14:06:19.979+0000][5875.923s][info][gc,marking  ] GC(1233) Concurrent Preclean 1.068ms
[2024-08-15T14:06:19.979+0000][5875.924s][info][gc,start    ] GC(1233) Pause Remark
[2024-08-15T14:06:20.003+0000][5875.948s][info][gc          ] GC(1233) Pause Remark 4833M->4833M(12288M) 24.024ms
[2024-08-15T14:06:20.003+0000][5875.948s][info][gc,cpu      ] GC(1233) User=0.11s Sys=0.00s Real=0.02s
[2024-08-15T14:06:20.003+0000][5875.948s][info][gc,marking  ] GC(1233) Concurrent Mark 2490.634ms
[2024-08-15T14:06:20.003+0000][5875.948s][info][gc,marking  ] GC(1233) Concurrent Rebuild Remembered Sets
[2024-08-15T14:06:21.300+0000][5877.245s][info][gc,marking  ] GC(1233) Concurrent Rebuild Remembered Sets 1296.825ms
[2024-08-15T14:06:21.300+0000][5877.245s][info][gc,start    ] GC(1233) Pause Cleanup
[2024-08-15T14:06:21.301+0000][5877.245s][info][gc          ] GC(1233) Pause Cleanup 5725M->5725M(12288M) 0.588ms
[2024-08-15T14:06:21.301+0000][5877.245s][info][gc,cpu      ] GC(1233) User=0.00s Sys=0.00s Real=0.00s
[2024-08-15T14:06:21.301+0000][5877.245s][info][gc,marking  ] GC(1233) Concurrent Cleanup for Next Mark
[2024-08-15T14:06:21.317+0000][5877.262s][info][gc,marking  ] GC(1233) Concurrent Cleanup for Next Mark 16.563ms
[2024-08-15T14:06:21.317+0000][5877.262s][info][gc          ] GC(1233) Concurrent Mark Cycle 3836.639ms
[2024-08-15T14:06:26.680+0000][5882.625s][info][gc,start    ] GC(1234) Pause Young (Prepare Mixed) (G1 Evacuation Pause)
[2024-08-15T14:06:26.680+0000][5882.625s][info][gc,task     ] GC(1234) Using 6 workers of 6 for evacuation
[2024-08-15T14:06:26.715+0000][5882.660s][info][gc,phases   ] GC(1234)   Pre Evacuate Collection Set: 0.2ms
[2024-08-15T14:06:26.715+0000][5882.660s][info][gc,phases   ] GC(1234)   Merge Heap Roots: 0.4ms
[2024-08-15T14:06:26.715+0000][5882.660s][info][gc,phases   ] GC(1234)   Evacuate Collection Set: 32.6ms
[2024-08-15T14:06:26.715+0000][5882.660s][info][gc,phases   ] GC(1234)   Post Evacuate Collection Set: 1.8ms
[2024-08-15T14:06:26.715+0000][5882.660s][info][gc,phases   ] GC(1234)   Other: 0.2ms
[2024-08-15T14:06:26.715+0000][5882.660s][info][gc,heap     ] GC(1234) Eden regions: 826->0(61)
[2024-08-15T14:06:26.715+0000][5882.660s][info][gc,heap     ] GC(1234) Survivor regions: 11->15(105)
[2024-08-15T14:06:26.715+0000][5882.660s][info][gc,heap     ] GC(1234) Old regions: 370->370
[2024-08-15T14:06:26.715+0000][5882.660s][info][gc,heap     ] GC(1234) Archive regions: 2->2
[2024-08-15T14:06:26.715+0000][5882.660s][info][gc,heap     ] GC(1234) Humongous regions: 5->5
[2024-08-15T14:06:26.715+0000][5882.660s][info][gc,metaspace] GC(1234) Metaspace: 441155K(447488K)->441155K(447488K) NonClass: 386157K(389760K)->386157K(389760K) Class: 54997K(57728K)->54997K(57728K)
[2024-08-15T14:06:26.715+0000][5882.660s][info][gc          ] GC(1234) Pause Young (Prepare Mixed) (G1 Evacuation Pause) 9693M->3112M(12288M) 35.176ms
[2024-08-15T14:06:26.715+0000][5882.660s][info][gc,cpu      ] GC(1234) User=0.20s Sys=0.00s Real=0.04s
[2024-08-15T14:06:27.375+0000][5883.320s][info][gc,start    ] GC(1235) Pause Young (Mixed) (G1 Evacuation Pause)
[2024-08-15T14:06:27.375+0000][5883.320s][info][gc,task     ] GC(1235) Using 6 workers of 6 for evacuation
[2024-08-15T14:06:27.448+0000][5883.393s][info][gc,phases   ] GC(1235)   Pre Evacuate Collection Set: 0.2ms
[2024-08-15T14:06:27.448+0000][5883.393s][info][gc,phases   ] GC(1235)   Merge Heap Roots: 0.4ms
[2024-08-15T14:06:27.448+0000][5883.393s][info][gc,phases   ] GC(1235)   Evacuate Collection Set: 71.1ms
[2024-08-15T14:06:27.448+0000][5883.393s][info][gc,phases   ] GC(1235)   Post Evacuate Collection Set: 1.3ms
[2024-08-15T14:06:27.448+0000][5883.393s][info][gc,phases   ] GC(1235)   Other: 0.2ms
[2024-08-15T14:06:27.448+0000][5883.393s][info][gc,heap     ] GC(1235) Eden regions: 61->0(831)
[2024-08-15T14:06:27.448+0000][5883.393s][info][gc,heap     ] GC(1235) Survivor regions: 15->6(10)
[2024-08-15T14:06:27.448+0000][5883.393s][info][gc,heap     ] GC(1235) Old regions: 370->370
[2024-08-15T14:06:27.448+0000][5883.393s][info][gc,heap     ] GC(1235) Archive regions: 2->2
[2024-08-15T14:06:27.448+0000][5883.393s][info][gc,heap     ] GC(1235) Humongous regions: 5->5
[2024-08-15T14:06:27.448+0000][5883.393s][info][gc,metaspace] GC(1235) Metaspace: 441155K(447488K)->441155K(447488K) NonClass: 386157K(389760K)->386157K(389760K) Class: 54997K(57728K)->54997K(57728K)
[2024-08-15T14:06:27.448+0000][5883.393s][info][gc          ] GC(1235) Pause Young (Mixed) (G1 Evacuation Pause) 3600M->3037M(12288M) 73.187ms
[2024-08-15T14:06:27.448+0000][5883.393s][info][gc,cpu      ] GC(1235) User=0.43s Sys=0.00s Real=0.08s
[2024-08-15T14:06:36.311+0000][5892.255s][info][gc,start    ] GC(1236) Pause Young (Normal) (G1 Evacuation Pause)
[2024-08-15T14:06:36.311+0000][5892.255s][info][gc,task     ] GC(1236) Using 6 workers of 6 for evacuation
[2024-08-15T14:06:36.332+0000][5892.276s][info][gc,phases   ] GC(1236)   Pre Evacuate Collection Set: 0.2ms
[2024-08-15T14:06:36.332+0000][5892.276s][info][gc,phases   ] GC(1236)   Merge Heap Roots: 0.2ms
[2024-08-15T14:06:36.332+0000][5892.276s][info][gc,phases   ] GC(1236)   Evacuate Collection Set: 18.6ms
[2024-08-15T14:06:36.332+0000][5892.276s][info][gc,phases   ] GC(1236)   Post Evacuate Collection Set: 1.8ms
[2024-08-15T14:06:36.332+0000][5892.276s][info][gc,phases   ] GC(1236)   Other: 0.2ms
[2024-08-15T14:06:36.332+0000][5892.276s][info][gc,heap     ] GC(1236) Eden regions: 831->0(831)
[2024-08-15T14:06:36.332+0000][5892.276s][info][gc,heap     ] GC(1236) Survivor regions: 6->7(105)
[2024-08-15T14:06:36.332+0000][5892.276s][info][gc,heap     ] GC(1236) Old regions: 370->370
[2024-08-15T14:06:36.332+0000][5892.276s][info][gc,heap     ] GC(1236) Archive regions: 2->2
[2024-08-15T14:06:36.332+0000][5892.276s][info][gc,heap     ] GC(1236) Humongous regions: 5->5
[2024-08-15T14:06:36.332+0000][5892.276s][info][gc,metaspace] GC(1236) Metaspace: 441160K(447488K)->441160K(447488K) NonClass: 386162K(389760K)->386162K(389760K) Class: 54997K(57728K)->54997K(57728K)
[2024-08-15T14:06:36.332+0000][5892.276s][info][gc          ] GC(1236) Pause Young (Normal) (G1 Evacuation Pause) 9685M->3051M(12288M) 21.082ms
[2024-08-15T14:06:36.332+0000][5892.277s][info][gc,cpu      ] GC(1236) User=0.12s Sys=0.00s Real=0.02s
[2024-08-15T14:06:45.373+0000][5901.317s][info][gc,start    ] GC(1237) Pause Young (Normal) (G1 Evacuation Pause)
[2024-08-15T14:06:45.373+0000][5901.317s][info][gc,task     ] GC(1237) Using 6 workers of 6 for evacuation
[2024-08-15T14:06:45.399+0000][5901.344s][info][gc,phases   ] GC(1237)   Pre Evacuate Collection Set: 0.2ms
[2024-08-15T14:06:45.399+0000][5901.344s][info][gc,phases   ] GC(1237)   Merge Heap Roots: 0.3ms
[2024-08-15T14:06:45.399+0000][5901.344s][info][gc,phases   ] GC(1237)   Evacuate Collection Set: 24.1ms
[2024-08-15T14:06:45.399+0000][5901.344s][info][gc,phases   ] GC(1237)   Post Evacuate Collection Set: 1.9ms
[2024-08-15T14:06:45.399+0000][5901.344s][info][gc,phases   ] GC(1237)   Other: 0.2ms
[2024-08-15T14:06:45.399+0000][5901.344s][info][gc,heap     ] GC(1237) Eden regions: 831->0(826)
[2024-08-15T14:06:45.399+0000][5901.344s][info][gc,heap     ] GC(1237) Survivor regions: 7->11(105)
[2024-08-15T14:06:45.399+0000][5901.344s][info][gc,heap     ] GC(1237) Old regions: 370->370
[2024-08-15T14:06:45.399+0000][5901.344s][info][gc,heap     ] GC(1237) Archive regions: 2->2
[2024-08-15T14:06:45.399+0000][5901.344s][info][gc,heap     ] GC(1237) Humongous regions: 5->5
[2024-08-15T14:06:45.399+0000][5901.344s][info][gc,metaspace] GC(1237) Metaspace: 441160K(447488K)->441160K(447488K) NonClass: 386162K(389760K)->386162K(389760K) Class: 54997K(57728K)->54997K(57728K)
[2024-08-15T14:06:45.399+0000][5901.344s][info][gc          ] GC(1237) Pause Young (Normal) (G1 Evacuation Pause) 9699M->3078M(12288M) 26.756ms
[2024-08-15T14:06:45.400+0000][5901.344s][info][gc,cpu      ] GC(1237) User=0.16s Sys=0.00s Real=0.03s
[2024-08-15T14:06:54.314+0000][5910.259s][info][gc,start    ] GC(1238) Pause Young (Concurrent Start) (G1 Evacuation Pause)
[2024-08-15T14:06:54.314+0000][5910.259s][info][gc,task     ] GC(1238) Using 6 workers of 6 for evacuation
[2024-08-15T14:06:54.348+0000][5910.292s][info][gc,phases   ] GC(1238)   Pre Evacuate Collection Set: 0.6ms
[2024-08-15T14:06:54.348+0000][5910.292s][info][gc,phases   ] GC(1238)   Merge Heap Roots: 0.3ms
[2024-08-15T14:06:54.348+0000][5910.292s][info][gc,phases   ] GC(1238)   Evacuate Collection Set: 30.4ms
[2024-08-15T14:06:54.348+0000][5910.292s][info][gc,phases   ] GC(1238)   Post Evacuate Collection Set: 1.8ms
[2024-08-15T14:06:54.348+0000][5910.292s][info][gc,phases   ] GC(1238)   Other: 0.3ms
[2024-08-15T14:06:54.348+0000][5910.292s][info][gc,heap     ] GC(1238) Eden regions: 826->0(823)
[2024-08-15T14:06:54.348+0000][5910.292s][info][gc,heap     ] GC(1238) Survivor regions: 11->14(105)
[2024-08-15T14:06:54.348+0000][5910.292s][info][gc,heap     ] GC(1238) Old regions: 370->370
[2024-08-15T14:06:54.348+0000][5910.292s][info][gc,heap     ] GC(1238) Archive regions: 2->2
[2024-08-15T14:06:54.348+0000][5910.292s][info][gc,heap     ] GC(1238) Humongous regions: 5->5
[2024-08-15T14:06:54.348+0000][5910.292s][info][gc,metaspace] GC(1238) Metaspace: 441160K(447488K)->441160K(447488K) NonClass: 386162K(389760K)->386162K(389760K) Class: 54997K(57728K)->54997K(57728K)
[2024-08-15T14:06:54.348+0000][5910.292s][info][gc          ] GC(1238) Pause Young (Concurrent Start) (G1 Evacuation Pause) 9686M->3108M(12288M) 33.401ms
[2024-08-15T14:06:54.348+0000][5910.293s][info][gc,cpu      ] GC(1238) User=0.19s Sys=0.00s Real=0.04s
[2024-08-15T14:06:54.348+0000][5910.293s][info][gc          ] GC(1239) Concurrent Mark Cycle
[2024-08-15T14:06:54.348+0000][5910.293s][info][gc,marking  ] GC(1239) Concurrent Clear Claimed Marks
[2024-08-15T14:06:54.348+0000][5910.293s][info][gc,marking  ] GC(1239) Concurrent Clear Claimed Marks 0.428ms
[2024-08-15T14:06:54.348+0000][5910.293s][info][gc,marking  ] GC(1239) Concurrent Scan Root Regions
[2024-08-15T14:06:54.374+0000][5910.319s][info][gc,marking  ] GC(1239) Concurrent Scan Root Regions 25.963ms
[2024-08-15T14:06:54.374+0000][5910.319s][info][gc,marking  ] GC(1239) Concurrent Mark
[2024-08-15T14:06:54.374+0000][5910.319s][info][gc,marking  ] GC(1239) Concurrent Mark From Roots
[2024-08-15T14:06:54.374+0000][5910.319s][info][gc,task     ] GC(1239) Using 2 workers of 2 for marking
[2024-08-15T14:06:56.747+0000][5912.692s][info][gc,marking  ] GC(1239) Concurrent Mark From Roots 2372.765ms
[2024-08-15T14:06:56.747+0000][5912.692s][info][gc,marking  ] GC(1239) Concurrent Preclean
[2024-08-15T14:06:56.749+0000][5912.694s][info][gc,marking  ] GC(1239) Concurrent Preclean 1.685ms
[2024-08-15T14:06:56.749+0000][5912.694s][info][gc,start    ] GC(1239) Pause Remark
[2024-08-15T14:06:56.772+0000][5912.716s][info][gc          ] GC(1239) Pause Remark 5107M->5107M(12288M) 22.658ms
[2024-08-15T14:06:56.772+0000][5912.716s][info][gc,cpu      ] GC(1239) User=0.10s Sys=0.00s Real=0.02s
[2024-08-15T14:06:56.772+0000][5912.717s][info][gc,marking  ] GC(1239) Concurrent Mark 2397.532ms
[2024-08-15T14:06:56.772+0000][5912.717s][info][gc,marking  ] GC(1239) Concurrent Rebuild Remembered Sets
[2024-08-15T14:06:58.272+0000][5914.216s][info][gc,marking  ] GC(1239) Concurrent Rebuild Remembered Sets 1499.897ms
[2024-08-15T14:06:58.272+0000][5914.217s][info][gc,start    ] GC(1239) Pause Cleanup
[2024-08-15T14:06:58.273+0000][5914.217s][info][gc          ] GC(1239) Pause Cleanup 8277M->8277M(12288M) 0.565ms
[2024-08-15T14:06:58.273+0000][5914.217s][info][gc,cpu      ] GC(1239) User=0.00s Sys=0.00s Real=0.00s
[2024-08-15T14:06:58.273+0000][5914.217s][info][gc,marking  ] GC(1239) Concurrent Cleanup for Next Mark
[2024-08-15T14:06:58.290+0000][5914.235s][info][gc,marking  ] GC(1239) Concurrent Cleanup for Next Mark 17.581ms
[2024-08-15T14:06:58.290+0000][5914.235s][info][gc          ] GC(1239) Concurrent Mark Cycle 3942.443ms
[2024-08-15T14:06:58.820+0000][5914.764s][info][gc,start    ] GC(1240) Pause Young (Prepare Mixed) (G1 Evacuation Pause)
[2024-08-15T14:06:58.820+0000][5914.764s][info][gc,task     ] GC(1240) Using 6 workers of 6 for evacuation
[2024-08-15T14:06:58.901+0000][5914.846s][info][gc,phases   ] GC(1240)   Pre Evacuate Collection Set: 0.2ms
[2024-08-15T14:06:58.901+0000][5914.846s][info][gc,phases   ] GC(1240)   Merge Heap Roots: 0.4ms
[2024-08-15T14:06:58.901+0000][5914.846s][info][gc,phases   ] GC(1240)   Evacuate Collection Set: 67.1ms
[2024-08-15T14:06:58.901+0000][5914.846s][info][gc,phases   ] GC(1240)   Post Evacuate Collection Set: 13.5ms
[2024-08-15T14:06:58.901+0000][5914.846s][info][gc,phases   ] GC(1240)   Other: 0.2ms
[2024-08-15T14:06:58.901+0000][5914.846s][info][gc,heap     ] GC(1240) Eden regions: 823->0(57)
[2024-08-15T14:06:58.901+0000][5914.846s][info][gc,heap     ] GC(1240) Survivor regions: 14->19(105)
[2024-08-15T14:06:58.901+0000][5914.846s][info][gc,heap     ] GC(1240) Old regions: 370->370
[2024-08-15T14:06:58.901+0000][5914.846s][info][gc,heap     ] GC(1240) Archive regions: 2->2
[2024-08-15T14:06:58.901+0000][5914.846s][info][gc,heap     ] GC(1240) Humongous regions: 5->5
[2024-08-15T14:06:58.901+0000][5914.846s][info][gc,metaspace] GC(1240) Metaspace: 441160K(447488K)->441160K(447488K) NonClass: 386162K(389760K)->386162K(389760K) Class: 54997K(57728K)->54997K(57728K)
[2024-08-15T14:06:58.901+0000][5914.846s][info][gc          ] GC(1240) Pause Young (Prepare Mixed) (G1 Evacuation Pause) 9692M->3148M(12288M) 81.399ms
[2024-08-15T14:06:58.901+0000][5914.846s][info][gc,cpu      ] GC(1240) User=0.47s Sys=0.00s Real=0.08s
[2024-08-15T14:06:59.078+0000][5915.022s][info][gc,start    ] GC(1241) Pause Young (Mixed) (G1 Evacuation Pause)
[2024-08-15T14:06:59.078+0000][5915.022s][info][gc,task     ] GC(1241) Using 6 workers of 6 for evacuation
[2024-08-15T14:06:59.189+0000][5915.133s][info][gc,phases   ] GC(1241)   Pre Evacuate Collection Set: 0.2ms
[2024-08-15T14:06:59.189+0000][5915.133s][info][gc,phases   ] GC(1241)   Merge Heap Roots: 0.5ms
[2024-08-15T14:06:59.189+0000][5915.133s][info][gc,phases   ] GC(1241)   Evacuate Collection Set: 106.4ms
[2024-08-15T14:06:59.189+0000][5915.133s][info][gc,phases   ] GC(1241)   Post Evacuate Collection Set: 3.8ms
[2024-08-15T14:06:59.189+0000][5915.133s][info][gc,phases   ] GC(1241)   Other: 0.2ms
[2024-08-15T14:06:59.189+0000][5915.133s][info][gc,heap     ] GC(1241) Eden regions: 57->0(819)
[2024-08-15T14:06:59.189+0000][5915.133s][info][gc,heap     ] GC(1241) Survivor regions: 19->4(10)
[2024-08-15T14:06:59.189+0000][5915.133s][info][gc,heap     ] GC(1241) Old regions: 370->379
[2024-08-15T14:06:59.189+0000][5915.133s][info][gc,heap     ] GC(1241) Archive regions: 2->2
[2024-08-15T14:06:59.189+0000][5915.133s][info][gc,heap     ] GC(1241) Humongous regions: 5->5
[2024-08-15T14:06:59.189+0000][5915.133s][info][gc,metaspace] GC(1241) Metaspace: 441160K(447488K)->441160K(447488K) NonClass: 386162K(389760K)->386162K(389760K) Class: 54997K(57728K)->54997K(57728K)
[2024-08-15T14:06:59.189+0000][5915.134s][info][gc          ] GC(1241) Pause Young (Mixed) (G1 Evacuation Pause) 3604M->3098M(12288M) 111.119ms
[2024-08-15T14:06:59.189+0000][5915.134s][info][gc,cpu      ] GC(1241) User=0.65s Sys=0.00s Real=0.11s
[2024-08-15T14:07:01.711+0000][5917.655s][info][gc,start    ] GC(1242) Pause Young (Normal) (G1 Evacuation Pause)
[2024-08-15T14:07:01.711+0000][5917.656s][info][gc,task     ] GC(1242) Using 6 workers of 6 for evacuation
[2024-08-15T14:07:01.800+0000][5917.745s][info][gc,phases   ] GC(1242)   Pre Evacuate Collection Set: 0.2ms
[2024-08-15T14:07:01.800+0000][5917.745s][info][gc,phases   ] GC(1242)   Merge Heap Roots: 0.4ms
[2024-08-15T14:07:01.800+0000][5917.745s][info][gc,phases   ] GC(1242)   Evacuate Collection Set: 66.2ms
[2024-08-15T14:07:01.800+0000][5917.745s][info][gc,phases   ] GC(1242)   Post Evacuate Collection Set: 22.1ms
[2024-08-15T14:07:01.800+0000][5917.745s][info][gc,phases   ] GC(1242)   Other: 0.2ms
[2024-08-15T14:07:01.800+0000][5917.745s][info][gc,heap     ] GC(1242) Eden regions: 819->0(815)
[2024-08-15T14:07:01.800+0000][5917.745s][info][gc,heap     ] GC(1242) Survivor regions: 4->8(103)
[2024-08-15T14:07:01.800+0000][5917.745s][info][gc,heap     ] GC(1242) Old regions: 379->379
[2024-08-15T14:07:01.800+0000][5917.745s][info][gc,heap     ] GC(1242) Archive regions: 2->2
[2024-08-15T14:07:01.800+0000][5917.745s][info][gc,heap     ] GC(1242) Humongous regions: 5->5
[2024-08-15T14:07:01.800+0000][5917.745s][info][gc,metaspace] GC(1242) Metaspace: 441168K(447488K)->441168K(447488K) NonClass: 386170K(389760K)->386170K(389760K) Class: 54997K(57728K)->54997K(57728K)
[2024-08-15T14:07:01.800+0000][5917.745s][info][gc          ] GC(1242) Pause Young (Normal) (G1 Evacuation Pause) 9650M->3129M(12288M) 89.227ms
[2024-08-15T14:07:01.800+0000][5917.745s][info][gc,cpu      ] GC(1242) User=0.51s Sys=0.00s Real=0.09s
[2024-08-15T14:07:04.376+0000][5920.321s][info][gc,start    ] GC(1243) Pause Young (Normal) (G1 Evacuation Pause)
[2024-08-15T14:07:04.376+0000][5920.321s][info][gc,task     ] GC(1243) Using 6 workers of 6 for evacuation
[2024-08-15T14:07:04.462+0000][5920.407s][info][gc,phases   ] GC(1243)   Pre Evacuate Collection Set: 0.2ms
[2024-08-15T14:07:04.463+0000][5920.407s][info][gc,phases   ] GC(1243)   Merge Heap Roots: 0.4ms
[2024-08-15T14:07:04.463+0000][5920.407s][info][gc,phases   ] GC(1243)   Evacuate Collection Set: 67.4ms
[2024-08-15T14:07:04.463+0000][5920.407s][info][gc,phases   ] GC(1243)   Post Evacuate Collection Set: 17.9ms
[2024-08-15T14:07:04.463+0000][5920.407s][info][gc,phases   ] GC(1243)   Other: 0.2ms
[2024-08-15T14:07:04.463+0000][5920.407s][info][gc,heap     ] GC(1243) Eden regions: 815->0(812)
[2024-08-15T14:07:04.463+0000][5920.407s][info][gc,heap     ] GC(1243) Survivor regions: 8->12(103)
[2024-08-15T14:07:04.463+0000][5920.407s][info][gc,heap     ] GC(1243) Old regions: 379->379
[2024-08-15T14:07:04.463+0000][5920.407s][info][gc,heap     ] GC(1243) Archive regions: 2->2
[2024-08-15T14:07:04.463+0000][5920.407s][info][gc,heap     ] GC(1243) Humongous regions: 5->5
[2024-08-15T14:07:04.463+0000][5920.407s][info][gc,metaspace] GC(1243) Metaspace: 441168K(447488K)->441168K(447488K) NonClass: 386170K(389760K)->386170K(389760K) Class: 54997K(57728K)->54997K(57728K)
[2024-08-15T14:07:04.463+0000][5920.407s][info][gc          ] GC(1243) Pause Young (Normal) (G1 Evacuation Pause) 9649M->3162M(12288M) 86.194ms
[2024-08-15T14:07:04.463+0000][5920.407s][info][gc,cpu      ] GC(1243) User=0.50s Sys=0.00s Real=0.08s
[2024-08-15T14:07:11.306+0000][5927.251s][info][gc,start    ] GC(1244) Pause Young (Concurrent Start) (G1 Evacuation Pause)
[2024-08-15T14:07:11.306+0000][5927.251s][info][gc,task     ] GC(1244) Using 6 workers of 6 for evacuation
[2024-08-15T14:07:11.329+0000][5927.273s][info][gc,phases   ] GC(1244)   Pre Evacuate Collection Set: 0.6ms
[2024-08-15T14:07:11.329+0000][5927.273s][info][gc,phases   ] GC(1244)   Merge Heap Roots: 0.4ms
[2024-08-15T14:07:11.329+0000][5927.273s][info][gc,phases   ] GC(1244)   Evacuate Collection Set: 19.9ms
[2024-08-15T14:07:11.329+0000][5927.274s][info][gc,phases   ] GC(1244)   Post Evacuate Collection Set: 1.7ms
[2024-08-15T14:07:11.329+0000][5927.274s][info][gc,phases   ] GC(1244)   Other: 0.3ms
[2024-08-15T14:07:11.329+0000][5927.274s][info][gc,heap     ] GC(1244) Eden regions: 812->0(820)
[2024-08-15T14:07:11.329+0000][5927.274s][info][gc,heap     ] GC(1244) Survivor regions: 12->6(103)
[2024-08-15T14:07:11.329+0000][5927.274s][info][gc,heap     ] GC(1244) Old regions: 379->379
[2024-08-15T14:07:11.329+0000][5927.274s][info][gc,heap     ] GC(1244) Archive regions: 2->2
[2024-08-15T14:07:11.329+0000][5927.274s][info][gc,heap     ] GC(1244) Humongous regions: 5->5
[2024-08-15T14:07:11.329+0000][5927.274s][info][gc,metaspace] GC(1244) Metaspace: 441168K(447488K)->441168K(447488K) NonClass: 386170K(389760K)->386170K(389760K) Class: 54997K(57728K)->54997K(57728K)
[2024-08-15T14:07:11.329+0000][5927.274s][info][gc          ] GC(1244) Pause Young (Concurrent Start) (G1 Evacuation Pause) 9658M->3118M(12288M) 22.988ms
[2024-08-15T14:07:11.329+0000][5927.274s][info][gc,cpu      ] GC(1244) User=0.12s Sys=0.01s Real=0.02s
[2024-08-15T14:07:11.329+0000][5927.274s][info][gc          ] GC(1245) Concurrent Mark Cycle
[2024-08-15T14:07:11.329+0000][5927.274s][info][gc,marking  ] GC(1245) Concurrent Clear Claimed Marks
[2024-08-15T14:07:11.330+0000][5927.274s][info][gc,marking  ] GC(1245) Concurrent Clear Claimed Marks 0.450ms
[2024-08-15T14:07:11.330+0000][5927.274s][info][gc,marking  ] GC(1245) Concurrent Scan Root Regions
[2024-08-15T14:07:11.352+0000][5927.296s][info][gc,marking  ] GC(1245) Concurrent Scan Root Regions 22.053ms
[2024-08-15T14:07:11.352+0000][5927.296s][info][gc,marking  ] GC(1245) Concurrent Mark
[2024-08-15T14:07:11.352+0000][5927.296s][info][gc,marking  ] GC(1245) Concurrent Mark From Roots
[2024-08-15T14:07:11.352+0000][5927.296s][info][gc,task     ] GC(1245) Using 2 workers of 2 for marking
[2024-08-15T14:07:13.757+0000][5929.702s][info][gc,marking  ] GC(1245) Concurrent Mark From Roots 2405.813ms
[2024-08-15T14:07:13.757+0000][5929.702s][info][gc,marking  ] GC(1245) Concurrent Preclean
[2024-08-15T14:07:13.759+0000][5929.703s][info][gc,marking  ] GC(1245) Concurrent Preclean 1.364ms
[2024-08-15T14:07:13.759+0000][5929.704s][info][gc,start    ] GC(1245) Pause Remark
[2024-08-15T14:07:13.782+0000][5929.727s][info][gc          ] GC(1245) Pause Remark 4774M->4756M(12288M) 23.092ms
[2024-08-15T14:07:13.782+0000][5929.727s][info][gc,cpu      ] GC(1245) User=0.10s Sys=0.00s Real=0.02s
[2024-08-15T14:07:13.782+0000][5929.727s][info][gc,marking  ] GC(1245) Concurrent Mark 2430.603ms
[2024-08-15T14:07:13.782+0000][5929.727s][info][gc,marking  ] GC(1245) Concurrent Rebuild Remembered Sets
[2024-08-15T14:07:15.151+0000][5931.095s][info][gc,marking  ] GC(1245) Concurrent Rebuild Remembered Sets 1368.533ms
[2024-08-15T14:07:15.151+0000][5931.096s][info][gc,start    ] GC(1245) Pause Cleanup
[2024-08-15T14:07:15.152+0000][5931.096s][info][gc          ] GC(1245) Pause Cleanup 5712M->5712M(12288M) 0.635ms
[2024-08-15T14:07:15.152+0000][5931.096s][info][gc,cpu      ] GC(1245) User=0.00s Sys=0.00s Real=0.00s
[2024-08-15T14:07:15.152+0000][5931.096s][info][gc,marking  ] GC(1245) Concurrent Cleanup for Next Mark
[2024-08-15T14:07:15.169+0000][5931.113s][info][gc,marking  ] GC(1245) Concurrent Cleanup for Next Mark 16.825ms
[2024-08-15T14:07:15.169+0000][5931.113s][info][gc          ] GC(1245) Concurrent Mark Cycle 3839.554ms
[2024-08-15T14:07:20.457+0000][5936.401s][info][gc,start    ] GC(1246) Pause Young (Prepare Mixed) (G1 Evacuation Pause)
[2024-08-15T14:07:20.457+0000][5936.401s][info][gc,task     ] GC(1246) Using 6 workers of 6 for evacuation
[2024-08-15T14:07:20.484+0000][5936.428s][info][gc,phases   ] GC(1246)   Pre Evacuate Collection Set: 0.2ms
[2024-08-15T14:07:20.484+0000][5936.428s][info][gc,phases   ] GC(1246)   Merge Heap Roots: 0.4ms
[2024-08-15T14:07:20.484+0000][5936.428s][info][gc,phases   ] GC(1246)   Evacuate Collection Set: 24.6ms
[2024-08-15T14:07:20.484+0000][5936.428s][info][gc,phases   ] GC(1246)   Post Evacuate Collection Set: 1.8ms
[2024-08-15T14:07:20.484+0000][5936.428s][info][gc,phases   ] GC(1246)   Other: 0.2ms
[2024-08-15T14:07:20.484+0000][5936.429s][info][gc,heap     ] GC(1246) Eden regions: 820->0(67)
[2024-08-15T14:07:20.484+0000][5936.429s][info][gc,heap     ] GC(1246) Survivor regions: 6->9(104)
[2024-08-15T14:07:20.484+0000][5936.429s][info][gc,heap     ] GC(1246) Old regions: 376->376
[2024-08-15T14:07:20.484+0000][5936.429s][info][gc,heap     ] GC(1246) Archive regions: 2->2
[2024-08-15T14:07:20.484+0000][5936.429s][info][gc,heap     ] GC(1246) Humongous regions: 5->5
[2024-08-15T14:07:20.484+0000][5936.429s][info][gc,metaspace] GC(1246) Metaspace: 441168K(447488K)->441168K(447488K) NonClass: 386170K(389760K)->386170K(389760K) Class: 54997K(57728K)->54997K(57728K)
[2024-08-15T14:07:20.484+0000][5936.429s][info][gc          ] GC(1246) Pause Young (Prepare Mixed) (G1 Evacuation Pause) 9660M->3124M(12288M) 27.136ms
[2024-08-15T14:07:20.484+0000][5936.429s][info][gc,cpu      ] GC(1246) User=0.16s Sys=0.00s Real=0.03s
[2024-08-15T14:07:21.193+0000][5937.138s][info][gc,start    ] GC(1247) Pause Young (Mixed) (G1 Evacuation Pause)
[2024-08-15T14:07:21.193+0000][5937.138s][info][gc,task     ] GC(1247) Using 6 workers of 6 for evacuation
[2024-08-15T14:07:21.247+0000][5937.192s][info][gc,phases   ] GC(1247)   Pre Evacuate Collection Set: 0.2ms
[2024-08-15T14:07:21.247+0000][5937.192s][info][gc,phases   ] GC(1247)   Merge Heap Roots: 0.3ms
[2024-08-15T14:07:21.247+0000][5937.192s][info][gc,phases   ] GC(1247)   Evacuate Collection Set: 52.0ms
[2024-08-15T14:07:21.247+0000][5937.192s][info][gc,phases   ] GC(1247)   Post Evacuate Collection Set: 1.2ms
[2024-08-15T14:07:21.247+0000][5937.192s][info][gc,phases   ] GC(1247)   Other: 0.2ms
[2024-08-15T14:07:21.247+0000][5937.192s][info][gc,heap     ] GC(1247) Eden regions: 67->0(834)
[2024-08-15T14:07:21.247+0000][5937.192s][info][gc,heap     ] GC(1247) Survivor regions: 9->6(10)
[2024-08-15T14:07:21.247+0000][5937.192s][info][gc,heap     ] GC(1247) Old regions: 376->365
[2024-08-15T14:07:21.247+0000][5937.192s][info][gc,heap     ] GC(1247) Archive regions: 2->2
[2024-08-15T14:07:21.247+0000][5937.192s][info][gc,heap     ] GC(1247) Humongous regions: 5->5
[2024-08-15T14:07:21.247+0000][5937.192s][info][gc,metaspace] GC(1247) Metaspace: 441168K(447488K)->441168K(447488K) NonClass: 386170K(389760K)->386170K(389760K) Class: 54997K(57728K)->54997K(57728K)
[2024-08-15T14:07:21.247+0000][5937.192s][info][gc          ] GC(1247) Pause Young (Mixed) (G1 Evacuation Pause) 3660M->3005M(12288M) 54.030ms
[2024-08-15T14:07:21.247+0000][5937.192s][info][gc,cpu      ] GC(1247) User=0.32s Sys=0.00s Real=0.06s
[2024-08-15T14:07:25.950+0000][5941.895s][info][gc,start    ] GC(1248) Pause Young (Normal) (G1 Evacuation Pause)
[2024-08-15T14:07:25.950+0000][5941.895s][info][gc,task     ] GC(1248) Using 6 workers of 6 for evacuation
[2024-08-15T14:07:26.005+0000][5941.950s][info][gc,phases   ] GC(1248)   Pre Evacuate Collection Set: 0.2ms
[2024-08-15T14:07:26.005+0000][5941.950s][info][gc,phases   ] GC(1248)   Merge Heap Roots: 0.2ms
[2024-08-15T14:07:26.005+0000][5941.950s][info][gc,phases   ] GC(1248)   Evacuate Collection Set: 41.4ms
[2024-08-15T14:07:26.005+0000][5941.950s][info][gc,phases   ] GC(1248)   Post Evacuate Collection Set: 13.0ms
[2024-08-15T14:07:26.005+0000][5941.950s][info][gc,phases   ] GC(1248)   Other: 0.2ms
[2024-08-15T14:07:26.005+0000][5941.950s][info][gc,heap     ] GC(1248) Eden regions: 834->0(828)
[2024-08-15T14:07:26.005+0000][5941.950s][info][gc,heap     ] GC(1248) Survivor regions: 6->11(105)
[2024-08-15T14:07:26.005+0000][5941.950s][info][gc,heap     ] GC(1248) Old regions: 365->365
[2024-08-15T14:07:26.005+0000][5941.950s][info][gc,heap     ] GC(1248) Archive regions: 2->2
[2024-08-15T14:07:26.005+0000][5941.950s][info][gc,heap     ] GC(1248) Humongous regions: 5->5
[2024-08-15T14:07:26.005+0000][5941.950s][info][gc,metaspace] GC(1248) Metaspace: 441168K(447488K)->441168K(447488K) NonClass: 386170K(389760K)->386170K(389760K) Class: 54997K(57728K)->54997K(57728K)
[2024-08-15T14:07:26.005+0000][5941.950s][info][gc          ] GC(1248) Pause Young (Normal) (G1 Evacuation Pause) 9677M->3044M(12288M) 55.116ms
[2024-08-15T14:07:26.005+0000][5941.950s][info][gc,cpu      ] GC(1248) User=0.32s Sys=0.00s Real=0.06s
[2024-08-15T14:07:28.636+0000][5944.580s][info][gc,start    ] GC(1249) Pause Young (Normal) (G1 Evacuation Pause)
[2024-08-15T14:07:28.636+0000][5944.580s][info][gc,task     ] GC(1249) Using 6 workers of 6 for evacuation
[2024-08-15T14:07:28.730+0000][5944.674s][info][gc,phases   ] GC(1249)   Pre Evacuate Collection Set: 0.2ms
[2024-08-15T14:07:28.730+0000][5944.674s][info][gc,phases   ] GC(1249)   Merge Heap Roots: 0.3ms
[2024-08-15T14:07:28.730+0000][5944.674s][info][gc,phases   ] GC(1249)   Evacuate Collection Set: 74.9ms
[2024-08-15T14:07:28.730+0000][5944.674s][info][gc,phases   ] GC(1249)   Post Evacuate Collection Set: 18.6ms
[2024-08-15T14:07:28.730+0000][5944.674s][info][gc,phases   ] GC(1249)   Other: 0.2ms
[2024-08-15T14:07:28.730+0000][5944.674s][info][gc,heap     ] GC(1249) Eden regions: 828->0(822)
[2024-08-15T14:07:28.730+0000][5944.674s][info][gc,heap     ] GC(1249) Survivor regions: 11->16(105)
[2024-08-15T14:07:28.730+0000][5944.674s][info][gc,heap     ] GC(1249) Old regions: 365->365
[2024-08-15T14:07:28.730+0000][5944.674s][info][gc,heap     ] GC(1249) Archive regions: 2->2
[2024-08-15T14:07:28.730+0000][5944.674s][info][gc,heap     ] GC(1249) Humongous regions: 5->5
[2024-08-15T14:07:28.730+0000][5944.674s][info][gc,metaspace] GC(1249) Metaspace: 441168K(447488K)->441168K(447488K) NonClass: 386170K(389760K)->386170K(389760K) Class: 54997K(57728K)->54997K(57728K)
[2024-08-15T14:07:28.730+0000][5944.674s][info][gc          ] GC(1249) Pause Young (Normal) (G1 Evacuation Pause) 9668M->3087M(12288M) 94.165ms
[2024-08-15T14:07:28.730+0000][5944.674s][info][gc,cpu      ] GC(1249) User=0.56s Sys=0.00s Real=0.09s
[2024-08-15T14:07:31.367+0000][5947.312s][info][gc,start    ] GC(1250) Pause Young (Concurrent Start) (G1 Evacuation Pause)
[2024-08-15T14:07:31.367+0000][5947.312s][info][gc,task     ] GC(1250) Using 6 workers of 6 for evacuation
[2024-08-15T14:07:31.474+0000][5947.418s][info][gc,phases   ] GC(1250)   Pre Evacuate Collection Set: 0.6ms
[2024-08-15T14:07:31.474+0000][5947.418s][info][gc,phases   ] GC(1250)   Merge Heap Roots: 0.3ms
[2024-08-15T14:07:31.474+0000][5947.418s][info][gc,phases   ] GC(1250)   Evacuate Collection Set: 86.7ms
[2024-08-15T14:07:31.474+0000][5947.418s][info][gc,phases   ] GC(1250)   Post Evacuate Collection Set: 18.3ms
[2024-08-15T14:07:31.474+0000][5947.418s][info][gc,phases   ] GC(1250)   Other: 0.3ms
[2024-08-15T14:07:31.474+0000][5947.418s][info][gc,heap     ] GC(1250) Eden regions: 822->0(818)
[2024-08-15T14:07:31.474+0000][5947.418s][info][gc,heap     ] GC(1250) Survivor regions: 16->19(105)
[2024-08-15T14:07:31.474+0000][5947.418s][info][gc,heap     ] GC(1250) Old regions: 365->365
[2024-08-15T14:07:31.474+0000][5947.418s][info][gc,heap     ] GC(1250) Archive regions: 2->2
[2024-08-15T14:07:31.474+0000][5947.418s][info][gc,heap     ] GC(1250) Humongous regions: 5->5
[2024-08-15T14:07:31.474+0000][5947.418s][info][gc,metaspace] GC(1250) Metaspace: 441170K(447488K)->441170K(447488K) NonClass: 386172K(389760K)->386172K(389760K) Class: 54997K(57728K)->54997K(57728K)
[2024-08-15T14:07:31.474+0000][5947.418s][info][gc          ] GC(1250) Pause Young (Concurrent Start) (G1 Evacuation Pause) 9663M->3115M(12288M) 106.276ms
[2024-08-15T14:07:31.474+0000][5947.418s][info][gc,cpu      ] GC(1250) User=0.62s Sys=0.00s Real=0.10s
[2024-08-15T14:07:31.474+0000][5947.418s][info][gc          ] GC(1251) Concurrent Mark Cycle
[2024-08-15T14:07:31.474+0000][5947.418s][info][gc,marking  ] GC(1251) Concurrent Clear Claimed Marks
[2024-08-15T14:07:31.474+0000][5947.419s][info][gc,marking  ] GC(1251) Concurrent Clear Claimed Marks 0.431ms
[2024-08-15T14:07:31.474+0000][5947.419s][info][gc,marking  ] GC(1251) Concurrent Scan Root Regions
[2024-08-15T14:07:31.547+0000][5947.492s][info][gc,marking  ] GC(1251) Concurrent Scan Root Regions 72.897ms
[2024-08-15T14:07:31.547+0000][5947.492s][info][gc,marking  ] GC(1251) Concurrent Mark
[2024-08-15T14:07:31.547+0000][5947.492s][info][gc,marking  ] GC(1251) Concurrent Mark From Roots
[2024-08-15T14:07:31.547+0000][5947.492s][info][gc,task     ] GC(1251) Using 2 workers of 2 for marking
[2024-08-15T14:07:33.982+0000][5949.927s][info][gc,marking  ] GC(1251) Concurrent Mark From Roots 2434.721ms
[2024-08-15T14:07:33.982+0000][5949.927s][info][gc,marking  ] GC(1251) Concurrent Preclean
[2024-08-15T14:07:33.984+0000][5949.928s][info][gc,marking  ] GC(1251) Concurrent Preclean 1.524ms
[2024-08-15T14:07:33.984+0000][5949.928s][info][gc,start    ] GC(1251) Pause Remark
[2024-08-15T14:07:34.006+0000][5949.951s][info][gc          ] GC(1251) Pause Remark 8383M->8383M(12288M) 22.644ms
[2024-08-15T14:07:34.006+0000][5949.951s][info][gc,cpu      ] GC(1251) User=0.10s Sys=0.00s Real=0.02s
[2024-08-15T14:07:34.007+0000][5949.951s][info][gc,marking  ] GC(1251) Concurrent Mark 2459.268ms
[2024-08-15T14:07:34.007+0000][5949.951s][info][gc,marking  ] GC(1251) Concurrent Rebuild Remembered Sets
[2024-08-15T14:07:34.567+0000][5950.511s][info][gc,start    ] GC(1252) Pause Young (Normal) (G1 Evacuation Pause)
[2024-08-15T14:07:34.567+0000][5950.512s][info][gc,task     ] GC(1252) Using 6 workers of 6 for evacuation
[2024-08-15T14:07:34.665+0000][5950.610s][info][gc,phases   ] GC(1252)   Pre Evacuate Collection Set: 0.2ms
[2024-08-15T14:07:34.665+0000][5950.610s][info][gc,phases   ] GC(1252)   Merge Heap Roots: 0.6ms
[2024-08-15T14:07:34.665+0000][5950.610s][info][gc,phases   ] GC(1252)   Evacuate Collection Set: 83.3ms
[2024-08-15T14:07:34.665+0000][5950.610s][info][gc,phases   ] GC(1252)   Post Evacuate Collection Set: 13.9ms
[2024-08-15T14:07:34.665+0000][5950.610s][info][gc,phases   ] GC(1252)   Other: 0.2ms
[2024-08-15T14:07:34.665+0000][5950.610s][info][gc,heap     ] GC(1252) Eden regions: 818->0(812)
[2024-08-15T14:07:34.665+0000][5950.610s][info][gc,heap     ] GC(1252) Survivor regions: 19->22(105)
[2024-08-15T14:07:34.665+0000][5950.610s][info][gc,heap     ] GC(1252) Old regions: 365->365
[2024-08-15T14:07:34.665+0000][5950.610s][info][gc,heap     ] GC(1252) Archive regions: 2->2
[2024-08-15T14:07:34.665+0000][5950.610s][info][gc,heap     ] GC(1252) Humongous regions: 5->5
[2024-08-15T14:07:34.665+0000][5950.610s][info][gc,metaspace] GC(1252) Metaspace: 441181K(447488K)->441181K(447488K) NonClass: 386183K(389760K)->386183K(389760K) Class: 54997K(57728K)->54997K(57728K)
[2024-08-15T14:07:34.665+0000][5950.610s][info][gc          ] GC(1252) Pause Young (Normal) (G1 Evacuation Pause) 9659M->3135M(12288M) 98.168ms
[2024-08-15T14:07:34.665+0000][5950.610s][info][gc,cpu      ] GC(1252) User=0.58s Sys=0.00s Real=0.10s
[2024-08-15T14:07:35.641+0000][5951.585s][info][gc,marking  ] GC(1251) Concurrent Rebuild Remembered Sets 1634.003ms
[2024-08-15T14:07:35.641+0000][5951.585s][info][gc,start    ] GC(1251) Pause Cleanup
[2024-08-15T14:07:35.641+0000][5951.586s][info][gc          ] GC(1251) Pause Cleanup 5347M->5347M(12288M) 0.639ms
[2024-08-15T14:07:35.641+0000][5951.586s][info][gc,cpu      ] GC(1251) User=0.01s Sys=0.00s Real=0.00s
[2024-08-15T14:07:35.641+0000][5951.586s][info][gc,marking  ] GC(1251) Concurrent Cleanup for Next Mark
[2024-08-15T14:07:35.659+0000][5951.604s][info][gc,marking  ] GC(1251) Concurrent Cleanup for Next Mark 17.467ms
[2024-08-15T14:07:35.659+0000][5951.604s][info][gc          ] GC(1251) Concurrent Mark Cycle 4185.163ms
[2024-08-15T14:07:37.340+0000][5953.284s][info][gc,start    ] GC(1253) Pause Young (Prepare Mixed) (G1 Evacuation Pause)
[2024-08-15T14:07:37.340+0000][5953.285s][info][gc,task     ] GC(1253) Using 6 workers of 6 for evacuation
[2024-08-15T14:07:37.467+0000][5953.411s][info][gc,phases   ] GC(1253)   Pre Evacuate Collection Set: 0.2ms
[2024-08-15T14:07:37.467+0000][5953.411s][info][gc,phases   ] GC(1253)   Merge Heap Roots: 0.5ms
[2024-08-15T14:07:37.467+0000][5953.411s][info][gc,phases   ] GC(1253)   Evacuate Collection Set: 106.3ms
[2024-08-15T14:07:37.467+0000][5953.411s][info][gc,phases   ] GC(1253)   Post Evacuate Collection Set: 19.7ms
[2024-08-15T14:07:37.467+0000][5953.411s][info][gc,phases   ] GC(1253)   Other: 0.2ms
[2024-08-15T14:07:37.467+0000][5953.411s][info][gc,heap     ] GC(1253) Eden regions: 812->0(50)
[2024-08-15T14:07:37.467+0000][5953.411s][info][gc,heap     ] GC(1253) Survivor regions: 22->26(105)
[2024-08-15T14:07:37.467+0000][5953.411s][info][gc,heap     ] GC(1253) Old regions: 365->365
[2024-08-15T14:07:37.467+0000][5953.411s][info][gc,heap     ] GC(1253) Archive regions: 2->2
[2024-08-15T14:07:37.467+0000][5953.411s][info][gc,heap     ] GC(1253) Humongous regions: 5->5
[2024-08-15T14:07:37.467+0000][5953.411s][info][gc,metaspace] GC(1253) Metaspace: 441181K(447488K)->441181K(447488K) NonClass: 386183K(389760K)->386183K(389760K) Class: 54997K(57728K)->54997K(57728K)
[2024-08-15T14:07:37.467+0000][5953.411s][info][gc          ] GC(1253) Pause Young (Prepare Mixed) (G1 Evacuation Pause) 9631M->3167M(12288M) 126.873ms
[2024-08-15T14:07:37.467+0000][5953.411s][info][gc,cpu      ] GC(1253) User=0.74s Sys=0.00s Real=0.13s
[2024-08-15T14:07:37.665+0000][5953.610s][info][gc,start    ] GC(1254) Pause Young (Mixed) (G1 Evacuation Pause)
[2024-08-15T14:07:37.665+0000][5953.610s][info][gc,task     ] GC(1254) Using 6 workers of 6 for evacuation
[2024-08-15T14:07:37.793+0000][5953.738s][info][gc,phases   ] GC(1254)   Pre Evacuate Collection Set: 0.2ms
[2024-08-15T14:07:37.794+0000][5953.738s][info][gc,phases   ] GC(1254)   Merge Heap Roots: 0.5ms
[2024-08-15T14:07:37.794+0000][5953.738s][info][gc,phases   ] GC(1254)   Evacuate Collection Set: 124.8ms
[2024-08-15T14:07:37.794+0000][5953.738s][info][gc,phases   ] GC(1254)   Post Evacuate Collection Set: 2.4ms
[2024-08-15T14:07:37.794+0000][5953.738s][info][gc,phases   ] GC(1254)   Other: 0.2ms
[2024-08-15T14:07:37.794+0000][5953.738s][info][gc,heap     ] GC(1254) Eden regions: 50->0(826)
[2024-08-15T14:07:37.794+0000][5953.738s][info][gc,heap     ] GC(1254) Survivor regions: 26->3(10)
[2024-08-15T14:07:37.794+0000][5953.738s][info][gc,heap     ] GC(1254) Old regions: 365->376
[2024-08-15T14:07:37.794+0000][5953.738s][info][gc,heap     ] GC(1254) Archive regions: 2->2
[2024-08-15T14:07:37.794+0000][5953.738s][info][gc,heap     ] GC(1254) Humongous regions: 5->5
[2024-08-15T14:07:37.794+0000][5953.738s][info][gc,metaspace] GC(1254) Metaspace: 441181K(447488K)->441181K(447488K) NonClass: 386183K(389760K)->386183K(389760K) Class: 54997K(57728K)->54997K(57728K)
[2024-08-15T14:07:37.794+0000][5953.738s][info][gc          ] GC(1254) Pause Young (Mixed) (G1 Evacuation Pause) 3567M->3069M(12288M) 128.178ms
[2024-08-15T14:07:37.794+0000][5953.738s][info][gc,cpu      ] GC(1254) User=0.76s Sys=0.00s Real=0.12s
[2024-08-15T14:07:40.347+0000][5956.292s][info][gc,start    ] GC(1255) Pause Young (Normal) (G1 Evacuation Pause)
[2024-08-15T14:07:40.347+0000][5956.292s][info][gc,task     ] GC(1255) Using 6 workers of 6 for evacuation
[2024-08-15T14:07:40.420+0000][5956.365s][info][gc,phases   ] GC(1255)   Pre Evacuate Collection Set: 0.2ms
[2024-08-15T14:07:40.420+0000][5956.365s][info][gc,phases   ] GC(1255)   Merge Heap Roots: 0.4ms
[2024-08-15T14:07:40.420+0000][5956.365s][info][gc,phases   ] GC(1255)   Evacuate Collection Set: 53.4ms
[2024-08-15T14:07:40.420+0000][5956.365s][info][gc,phases   ] GC(1255)   Post Evacuate Collection Set: 18.7ms
[2024-08-15T14:07:40.420+0000][5956.365s][info][gc,phases   ] GC(1255)   Other: 0.2ms
[2024-08-15T14:07:40.420+0000][5956.365s][info][gc,heap     ] GC(1255) Eden regions: 826->0(822)
[2024-08-15T14:07:40.420+0000][5956.365s][info][gc,heap     ] GC(1255) Survivor regions: 3->7(104)
[2024-08-15T14:07:40.420+0000][5956.365s][info][gc,heap     ] GC(1255) Old regions: 376->376
[2024-08-15T14:07:40.420+0000][5956.365s][info][gc,heap     ] GC(1255) Archive regions: 2->2
[2024-08-15T14:07:40.420+0000][5956.365s][info][gc,heap     ] GC(1255) Humongous regions: 5->5
[2024-08-15T14:07:40.420+0000][5956.365s][info][gc,metaspace] GC(1255) Metaspace: 441225K(447552K)->441225K(447552K) NonClass: 386227K(389824K)->386227K(389824K) Class: 54997K(57728K)->54997K(57728K)
[2024-08-15T14:07:40.420+0000][5956.365s][info][gc          ] GC(1255) Pause Young (Normal) (G1 Evacuation Pause) 9677M->3096M(12288M) 72.887ms
[2024-08-15T14:07:40.420+0000][5956.365s][info][gc,cpu      ] GC(1255) User=0.42s Sys=0.00s Real=0.07s
[2024-08-15T14:07:47.198+0000][5963.143s][info][gc,start    ] GC(1256) Pause Young (Normal) (G1 Evacuation Pause)
[2024-08-15T14:07:47.198+0000][5963.143s][info][gc,task     ] GC(1256) Using 6 workers of 6 for evacuation
[2024-08-15T14:07:47.246+0000][5963.190s][info][gc,phases   ] GC(1256)   Pre Evacuate Collection Set: 0.2ms
[2024-08-15T14:07:47.246+0000][5963.190s][info][gc,phases   ] GC(1256)   Merge Heap Roots: 0.3ms
[2024-08-15T14:07:47.246+0000][5963.190s][info][gc,phases   ] GC(1256)   Evacuate Collection Set: 39.9ms
[2024-08-15T14:07:47.246+0000][5963.190s][info][gc,phases   ] GC(1256)   Post Evacuate Collection Set: 7.0ms
[2024-08-15T14:07:47.246+0000][5963.190s][info][gc,phases   ] GC(1256)   Other: 0.2ms
[2024-08-15T14:07:47.246+0000][5963.190s][info][gc,heap     ] GC(1256) Eden regions: 822->0(818)
[2024-08-15T14:07:47.246+0000][5963.190s][info][gc,heap     ] GC(1256) Survivor regions: 7->11(104)
[2024-08-15T14:07:47.246+0000][5963.190s][info][gc,heap     ] GC(1256) Old regions: 376->376
[2024-08-15T14:07:47.246+0000][5963.190s][info][gc,heap     ] GC(1256) Archive regions: 2->2
[2024-08-15T14:07:47.246+0000][5963.190s][info][gc,heap     ] GC(1256) Humongous regions: 5->5
[2024-08-15T14:07:47.246+0000][5963.190s][info][gc,metaspace] GC(1256) Metaspace: 441225K(447552K)->441225K(447552K) NonClass: 386227K(389824K)->386227K(389824K) Class: 54997K(57728K)->54997K(57728K)
[2024-08-15T14:07:47.246+0000][5963.190s][info][gc          ] GC(1256) Pause Young (Normal) (G1 Evacuation Pause) 9672M->3127M(12288M) 47.581ms
[2024-08-15T14:07:47.246+0000][5963.190s][info][gc,cpu      ] GC(1256) User=0.28s Sys=0.00s Real=0.05s
[2024-08-15T14:07:56.127+0000][5972.072s][info][gc,start    ] GC(1257) Pause Young (Concurrent Start) (G1 Evacuation Pause)
[2024-08-15T14:07:56.127+0000][5972.072s][info][gc,task     ] GC(1257) Using 6 workers of 6 for evacuation
[2024-08-15T14:07:56.168+0000][5972.113s][info][gc,phases   ] GC(1257)   Pre Evacuate Collection Set: 0.6ms
[2024-08-15T14:07:56.168+0000][5972.113s][info][gc,phases   ] GC(1257)   Merge Heap Roots: 0.3ms
[2024-08-15T14:07:56.168+0000][5972.113s][info][gc,phases   ] GC(1257)   Evacuate Collection Set: 38.3ms
[2024-08-15T14:07:56.168+0000][5972.113s][info][gc,phases   ] GC(1257)   Post Evacuate Collection Set: 1.8ms
[2024-08-15T14:07:56.168+0000][5972.113s][info][gc,phases   ] GC(1257)   Other: 0.3ms
[2024-08-15T14:07:56.168+0000][5972.113s][info][gc,heap     ] GC(1257) Eden regions: 818->0(814)
[2024-08-15T14:07:56.168+0000][5972.113s][info][gc,heap     ] GC(1257) Survivor regions: 11->15(104)
[2024-08-15T14:07:56.168+0000][5972.113s][info][gc,heap     ] GC(1257) Old regions: 376->376
[2024-08-15T14:07:56.168+0000][5972.113s][info][gc,heap     ] GC(1257) Archive regions: 2->2
[2024-08-15T14:07:56.168+0000][5972.113s][info][gc,heap     ] GC(1257) Humongous regions: 5->5
[2024-08-15T14:07:56.168+0000][5972.113s][info][gc,metaspace] GC(1257) Metaspace: 441227K(447552K)->441227K(447552K) NonClass: 386229K(389824K)->386229K(389824K) Class: 54997K(57728K)->54997K(57728K)
[2024-08-15T14:07:56.168+0000][5972.113s][info][gc          ] GC(1257) Pause Young (Concurrent Start) (G1 Evacuation Pause) 9671M->3159M(12288M) 41.301ms
[2024-08-15T14:07:56.168+0000][5972.113s][info][gc,cpu      ] GC(1257) User=0.24s Sys=0.00s Real=0.04s
[2024-08-15T14:07:56.168+0000][5972.113s][info][gc          ] GC(1258) Concurrent Mark Cycle
[2024-08-15T14:07:56.168+0000][5972.113s][info][gc,marking  ] GC(1258) Concurrent Clear Claimed Marks
[2024-08-15T14:07:56.169+0000][5972.113s][info][gc,marking  ] GC(1258) Concurrent Clear Claimed Marks 0.452ms
[2024-08-15T14:07:56.169+0000][5972.114s][info][gc,marking  ] GC(1258) Concurrent Scan Root Regions
[2024-08-15T14:07:56.204+0000][5972.148s][info][gc,marking  ] GC(1258) Concurrent Scan Root Regions 34.609ms
[2024-08-15T14:07:56.204+0000][5972.148s][info][gc,marking  ] GC(1258) Concurrent Mark
[2024-08-15T14:07:56.204+0000][5972.148s][info][gc,marking  ] GC(1258) Concurrent Mark From Roots
[2024-08-15T14:07:56.204+0000][5972.148s][info][gc,task     ] GC(1258) Using 2 workers of 2 for marking
[2024-08-15T14:07:58.367+0000][5974.311s][info][gc,marking  ] GC(1258) Concurrent Mark From Roots 2163.207ms
[2024-08-15T14:07:58.367+0000][5974.311s][info][gc,marking  ] GC(1258) Concurrent Preclean
[2024-08-15T14:07:58.368+0000][5974.313s][info][gc,marking  ] GC(1258) Concurrent Preclean 1.287ms
[2024-08-15T14:07:58.368+0000][5974.313s][info][gc,start    ] GC(1258) Pause Remark
[2024-08-15T14:07:58.391+0000][5974.336s][info][gc          ] GC(1258) Pause Remark 4661M->4661M(12288M) 22.813ms
[2024-08-15T14:07:58.391+0000][5974.336s][info][gc,cpu      ] GC(1258) User=0.10s Sys=0.00s Real=0.02s
[2024-08-15T14:07:58.391+0000][5974.336s][info][gc,marking  ] GC(1258) Concurrent Mark 2187.722ms
[2024-08-15T14:07:58.391+0000][5974.336s][info][gc,marking  ] GC(1258) Concurrent Rebuild Remembered Sets
[2024-08-15T14:07:59.690+0000][5975.635s][info][gc,marking  ] GC(1258) Concurrent Rebuild Remembered Sets 1299.091ms
[2024-08-15T14:07:59.691+0000][5975.635s][info][gc,start    ] GC(1258) Pause Cleanup
[2024-08-15T14:07:59.691+0000][5975.636s][info][gc          ] GC(1258) Pause Cleanup 5564M->5564M(12288M) 0.672ms
[2024-08-15T14:07:59.691+0000][5975.636s][info][gc,cpu      ] GC(1258) User=0.01s Sys=0.00s Real=0.00s
[2024-08-15T14:07:59.691+0000][5975.636s][info][gc,marking  ] GC(1258) Concurrent Cleanup for Next Mark
[2024-08-15T14:07:59.708+0000][5975.653s][info][gc,marking  ] GC(1258) Concurrent Cleanup for Next Mark 16.483ms
[2024-08-15T14:07:59.708+0000][5975.653s][info][gc          ] GC(1258) Concurrent Mark Cycle 3539.565ms
[2024-08-15T14:08:05.166+0000][5981.111s][info][gc,start    ] GC(1259) Pause Young (Prepare Mixed) (G1 Evacuation Pause)
[2024-08-15T14:08:05.166+0000][5981.111s][info][gc,task     ] GC(1259) Using 6 workers of 6 for evacuation
[2024-08-15T14:08:05.216+0000][5981.160s][info][gc,phases   ] GC(1259)   Pre Evacuate Collection Set: 0.2ms
[2024-08-15T14:08:05.216+0000][5981.160s][info][gc,phases   ] GC(1259)   Merge Heap Roots: 0.4ms
[2024-08-15T14:08:05.216+0000][5981.160s][info][gc,phases   ] GC(1259)   Evacuate Collection Set: 46.5ms
[2024-08-15T14:08:05.216+0000][5981.160s][info][gc,phases   ] GC(1259)   Post Evacuate Collection Set: 1.9ms
[2024-08-15T14:08:05.216+0000][5981.160s][info][gc,phases   ] GC(1259)   Other: 0.2ms
[2024-08-15T14:08:05.216+0000][5981.160s][info][gc,heap     ] GC(1259) Eden regions: 814->0(60)
[2024-08-15T14:08:05.216+0000][5981.160s][info][gc,heap     ] GC(1259) Survivor regions: 15->16(104)
[2024-08-15T14:08:05.216+0000][5981.160s][info][gc,heap     ] GC(1259) Old regions: 376->376
[2024-08-15T14:08:05.216+0000][5981.160s][info][gc,heap     ] GC(1259) Archive regions: 2->2
[2024-08-15T14:08:05.216+0000][5981.160s][info][gc,heap     ] GC(1259) Humongous regions: 5->5
[2024-08-15T14:08:05.216+0000][5981.160s][info][gc,metaspace] GC(1259) Metaspace: 441227K(447552K)->441227K(447552K) NonClass: 386229K(389824K)->386229K(389824K) Class: 54997K(57728K)->54997K(57728K)
[2024-08-15T14:08:05.216+0000][5981.160s][info][gc          ] GC(1259) Pause Young (Prepare Mixed) (G1 Evacuation Pause) 9671M->3172M(12288M) 49.209ms
[2024-08-15T14:08:05.216+0000][5981.160s][info][gc,cpu      ] GC(1259) User=0.29s Sys=0.00s Real=0.05s
[2024-08-15T14:08:05.863+0000][5981.808s][info][gc,start    ] GC(1260) Pause Young (Mixed) (G1 Evacuation Pause)
[2024-08-15T14:08:05.863+0000][5981.808s][info][gc,task     ] GC(1260) Using 6 workers of 6 for evacuation
[2024-08-15T14:08:05.932+0000][5981.877s][info][gc,phases   ] GC(1260)   Pre Evacuate Collection Set: 0.2ms
[2024-08-15T14:08:05.932+0000][5981.877s][info][gc,phases   ] GC(1260)   Merge Heap Roots: 0.4ms
[2024-08-15T14:08:05.932+0000][5981.877s][info][gc,phases   ] GC(1260)   Evacuate Collection Set: 67.0ms
[2024-08-15T14:08:05.932+0000][5981.877s][info][gc,phases   ] GC(1260)   Post Evacuate Collection Set: 1.3ms
[2024-08-15T14:08:05.932+0000][5981.877s][info][gc,phases   ] GC(1260)   Other: 0.2ms
[2024-08-15T14:08:05.932+0000][5981.877s][info][gc,heap     ] GC(1260) Eden regions: 60->0(832)
[2024-08-15T14:08:05.932+0000][5981.877s][info][gc,heap     ] GC(1260) Survivor regions: 16->5(10)
[2024-08-15T14:08:05.932+0000][5981.877s][info][gc,heap     ] GC(1260) Old regions: 376->369
[2024-08-15T14:08:05.932+0000][5981.877s][info][gc,heap     ] GC(1260) Archive regions: 2->2
[2024-08-15T14:08:05.932+0000][5981.877s][info][gc,heap     ] GC(1260) Humongous regions: 5->5
[2024-08-15T14:08:05.932+0000][5981.877s][info][gc,metaspace] GC(1260) Metaspace: 441227K(447552K)->441227K(447552K) NonClass: 386229K(389824K)->386229K(389824K) Class: 54997K(57728K)->54997K(57728K)
[2024-08-15T14:08:05.932+0000][5981.877s][info][gc          ] GC(1260) Pause Young (Mixed) (G1 Evacuation Pause) 3652M->3032M(12288M) 69.083ms
[2024-08-15T14:08:05.932+0000][5981.877s][info][gc,cpu      ] GC(1260) User=0.40s Sys=0.00s Real=0.06s
[2024-08-15T14:08:14.992+0000][5990.936s][info][gc,start    ] GC(1261) Pause Young (Normal) (G1 Evacuation Pause)
[2024-08-15T14:08:14.992+0000][5990.936s][info][gc,task     ] GC(1261) Using 6 workers of 6 for evacuation
[2024-08-15T14:08:15.013+0000][5990.957s][info][gc,phases   ] GC(1261)   Pre Evacuate Collection Set: 0.2ms
[2024-08-15T14:08:15.013+0000][5990.957s][info][gc,phases   ] GC(1261)   Merge Heap Roots: 0.3ms
[2024-08-15T14:08:15.013+0000][5990.957s][info][gc,phases   ] GC(1261)   Evacuate Collection Set: 18.6ms
[2024-08-15T14:08:15.013+0000][5990.957s][info][gc,phases   ] GC(1261)   Post Evacuate Collection Set: 1.7ms
[2024-08-15T14:08:15.013+0000][5990.957s][info][gc,phases   ] GC(1261)   Other: 0.2ms
[2024-08-15T14:08:15.013+0000][5990.957s][info][gc,heap     ] GC(1261) Eden regions: 832->0(829)
[2024-08-15T14:08:15.013+0000][5990.957s][info][gc,heap     ] GC(1261) Survivor regions: 5->8(105)
[2024-08-15T14:08:15.013+0000][5990.957s][info][gc,heap     ] GC(1261) Old regions: 369->369
[2024-08-15T14:08:15.013+0000][5990.957s][info][gc,heap     ] GC(1261) Archive regions: 2->2
[2024-08-15T14:08:15.013+0000][5990.957s][info][gc,heap     ] GC(1261) Humongous regions: 5->5
[2024-08-15T14:08:15.013+0000][5990.957s][info][gc,metaspace] GC(1261) Metaspace: 441234K(447552K)->441234K(447552K) NonClass: 386236K(389824K)->386236K(389824K) Class: 54997K(57728K)->54997K(57728K)
[2024-08-15T14:08:15.013+0000][5990.957s][info][gc          ] GC(1261) Pause Young (Normal) (G1 Evacuation Pause) 9688M->3056M(12288M) 21.069ms
[2024-08-15T14:08:15.013+0000][5990.957s][info][gc,cpu      ] GC(1261) User=0.12s Sys=0.00s Real=0.02s
[2024-08-15T14:08:23.999+0000][5999.943s][info][gc,start    ] GC(1262) Pause Young (Normal) (G1 Evacuation Pause)
[2024-08-15T14:08:23.999+0000][5999.943s][info][gc,task     ] GC(1262) Using 6 workers of 6 for evacuation
[2024-08-15T14:08:24.028+0000][5999.973s][info][gc,phases   ] GC(1262)   Pre Evacuate Collection Set: 0.2ms
[2024-08-15T14:08:24.028+0000][5999.973s][info][gc,phases   ] GC(1262)   Merge Heap Roots: 0.3ms
[2024-08-15T14:08:24.028+0000][5999.973s][info][gc,phases   ] GC(1262)   Evacuate Collection Set: 27.5ms
[2024-08-15T14:08:24.028+0000][5999.973s][info][gc,phases   ] GC(1262)   Post Evacuate Collection Set: 1.7ms
[2024-08-15T14:08:24.028+0000][5999.973s][info][gc,phases   ] GC(1262)   Other: 0.2ms
[2024-08-15T14:08:24.028+0000][5999.973s][info][gc,heap     ] GC(1262) Eden regions: 829->0(825)
[2024-08-15T14:08:24.028+0000][5999.973s][info][gc,heap     ] GC(1262) Survivor regions: 8->11(105)
[2024-08-15T14:08:24.028+0000][5999.973s][info][gc,heap     ] GC(1262) Old regions: 369->369
[2024-08-15T14:08:24.028+0000][5999.973s][info][gc,heap     ] GC(1262) Archive regions: 2->2
[2024-08-15T14:08:24.028+0000][5999.973s][info][gc,heap     ] GC(1262) Humongous regions: 5->5
[2024-08-15T14:08:24.028+0000][5999.973s][info][gc,metaspace] GC(1262) Metaspace: 441234K(447552K)->441234K(447552K) NonClass: 386236K(389824K)->386236K(389824K) Class: 54997K(57728K)->54997K(57728K)
[2024-08-15T14:08:24.028+0000][5999.973s][info][gc          ] GC(1262) Pause Young (Normal) (G1 Evacuation Pause) 9688M->3080M(12288M) 29.938ms
[2024-08-15T14:08:24.029+0000][5999.973s][info][gc,cpu      ] GC(1262) User=0.18s Sys=0.00s Real=0.03s
[2024-08-15T14:08:32.783+0000][6008.728s][info][gc,start    ] GC(1263) Pause Young (Concurrent Start) (G1 Evacuation Pause)
[2024-08-15T14:08:32.783+0000][6008.728s][info][gc,task     ] GC(1263) Using 6 workers of 6 for evacuation
[2024-08-15T14:08:32.817+0000][6008.762s][info][gc,phases   ] GC(1263)   Pre Evacuate Collection Set: 0.6ms
[2024-08-15T14:08:32.817+0000][6008.762s][info][gc,phases   ] GC(1263)   Merge Heap Roots: 0.2ms
[2024-08-15T14:08:32.817+0000][6008.762s][info][gc,phases   ] GC(1263)   Evacuate Collection Set: 31.3ms
[2024-08-15T14:08:32.817+0000][6008.762s][info][gc,phases   ] GC(1263)   Post Evacuate Collection Set: 1.7ms
[2024-08-15T14:08:32.817+0000][6008.762s][info][gc,phases   ] GC(1263)   Other: 0.3ms
[2024-08-15T14:08:32.817+0000][6008.762s][info][gc,heap     ] GC(1263) Eden regions: 825->0(825)
[2024-08-15T14:08:32.817+0000][6008.762s][info][gc,heap     ] GC(1263) Survivor regions: 11->12(105)
[2024-08-15T14:08:32.817+0000][6008.762s][info][gc,heap     ] GC(1263) Old regions: 369->369
[2024-08-15T14:08:32.817+0000][6008.762s][info][gc,heap     ] GC(1263) Archive regions: 2->2
[2024-08-15T14:08:32.817+0000][6008.762s][info][gc,heap     ] GC(1263) Humongous regions: 5->5
[2024-08-15T14:08:32.817+0000][6008.762s][info][gc,metaspace] GC(1263) Metaspace: 441234K(447552K)->441234K(447552K) NonClass: 386236K(389824K)->386236K(389824K) Class: 54997K(57728K)->54997K(57728K)
[2024-08-15T14:08:32.817+0000][6008.762s][info][gc          ] GC(1263) Pause Young (Concurrent Start) (G1 Evacuation Pause) 9680M->3088M(12288M) 34.256ms
[2024-08-15T14:08:32.817+0000][6008.762s][info][gc,cpu      ] GC(1263) User=0.20s Sys=0.00s Real=0.04s
[2024-08-15T14:08:32.817+0000][6008.762s][info][gc          ] GC(1264) Concurrent Mark Cycle
[2024-08-15T14:08:32.817+0000][6008.762s][info][gc,marking  ] GC(1264) Concurrent Clear Claimed Marks
[2024-08-15T14:08:32.818+0000][6008.762s][info][gc,marking  ] GC(1264) Concurrent Clear Claimed Marks 0.409ms
[2024-08-15T14:08:32.818+0000][6008.762s][info][gc,marking  ] GC(1264) Concurrent Scan Root Regions
[2024-08-15T14:08:32.846+0000][6008.791s][info][gc,marking  ] GC(1264) Concurrent Scan Root Regions 28.502ms
[2024-08-15T14:08:32.846+0000][6008.791s][info][gc,marking  ] GC(1264) Concurrent Mark
[2024-08-15T14:08:32.846+0000][6008.791s][info][gc,marking  ] GC(1264) Concurrent Mark From Roots
[2024-08-15T14:08:32.846+0000][6008.791s][info][gc,task     ] GC(1264) Using 2 workers of 2 for marking
[2024-08-15T14:08:35.108+0000][6011.053s][info][gc,marking  ] GC(1264) Concurrent Mark From Roots 2261.694ms
[2024-08-15T14:08:35.108+0000][6011.053s][info][gc,marking  ] GC(1264) Concurrent Preclean
[2024-08-15T14:08:35.109+0000][6011.054s][info][gc,marking  ] GC(1264) Concurrent Preclean 1.453ms
[2024-08-15T14:08:35.110+0000][6011.054s][info][gc,start    ] GC(1264) Pause Remark
[2024-08-15T14:08:35.132+0000][6011.077s][info][gc          ] GC(1264) Pause Remark 4656M->4656M(12288M) 22.679ms
[2024-08-15T14:08:35.132+0000][6011.077s][info][gc,cpu      ] GC(1264) User=0.09s Sys=0.00s Real=0.02s
[2024-08-15T14:08:35.132+0000][6011.077s][info][gc,marking  ] GC(1264) Concurrent Mark 2286.199ms
[2024-08-15T14:08:35.132+0000][6011.077s][info][gc,marking  ] GC(1264) Concurrent Rebuild Remembered Sets
[2024-08-15T14:08:36.440+0000][6012.385s][info][gc,marking  ] GC(1264) Concurrent Rebuild Remembered Sets 1307.734ms
[2024-08-15T14:08:36.440+0000][6012.385s][info][gc,start    ] GC(1264) Pause Cleanup
[2024-08-15T14:08:36.441+0000][6012.386s][info][gc          ] GC(1264) Pause Cleanup 5764M->5764M(12288M) 0.633ms
[2024-08-15T14:08:36.441+0000][6012.386s][info][gc,cpu      ] GC(1264) User=0.00s Sys=0.00s Real=0.00s
[2024-08-15T14:08:36.441+0000][6012.386s][info][gc,marking  ] GC(1264) Concurrent Cleanup for Next Mark
[2024-08-15T14:08:36.458+0000][6012.403s][info][gc,marking  ] GC(1264) Concurrent Cleanup for Next Mark 17.084ms
[2024-08-15T14:08:36.458+0000][6012.403s][info][gc          ] GC(1264) Concurrent Mark Cycle 3641.030ms
[2024-08-15T14:08:41.439+0000][6017.384s][info][gc,start    ] GC(1265) Pause Young (Prepare Mixed) (G1 Evacuation Pause)
[2024-08-15T14:08:41.439+0000][6017.384s][info][gc,task     ] GC(1265) Using 6 workers of 6 for evacuation
[2024-08-15T14:08:41.474+0000][6017.419s][info][gc,phases   ] GC(1265)   Pre Evacuate Collection Set: 0.2ms
[2024-08-15T14:08:41.474+0000][6017.419s][info][gc,phases   ] GC(1265)   Merge Heap Roots: 0.3ms
[2024-08-15T14:08:41.474+0000][6017.419s][info][gc,phases   ] GC(1265)   Evacuate Collection Set: 32.1ms
[2024-08-15T14:08:41.474+0000][6017.419s][info][gc,phases   ] GC(1265)   Post Evacuate Collection Set: 1.9ms
[2024-08-15T14:08:41.474+0000][6017.419s][info][gc,phases   ] GC(1265)   Other: 0.2ms
[2024-08-15T14:08:41.474+0000][6017.419s][info][gc,heap     ] GC(1265) Eden regions: 825->0(63)
[2024-08-15T14:08:41.474+0000][6017.419s][info][gc,heap     ] GC(1265) Survivor regions: 12->13(105)
[2024-08-15T14:08:41.474+0000][6017.419s][info][gc,heap     ] GC(1265) Old regions: 369->369
[2024-08-15T14:08:41.474+0000][6017.419s][info][gc,heap     ] GC(1265) Archive regions: 2->2
[2024-08-15T14:08:41.474+0000][6017.419s][info][gc,heap     ] GC(1265) Humongous regions: 5->5
[2024-08-15T14:08:41.474+0000][6017.419s][info][gc,metaspace] GC(1265) Metaspace: 441234K(447552K)->441234K(447552K) NonClass: 386236K(389824K)->386236K(389824K) Class: 54997K(57728K)->54997K(57728K)
[2024-08-15T14:08:41.474+0000][6017.419s][info][gc          ] GC(1265) Pause Young (Prepare Mixed) (G1 Evacuation Pause) 9688M->3096M(12288M) 34.790ms
[2024-08-15T14:08:41.474+0000][6017.419s][info][gc,cpu      ] GC(1265) User=0.21s Sys=0.01s Real=0.03s
[2024-08-15T14:08:42.160+0000][6018.104s][info][gc,start    ] GC(1266) Pause Young (Mixed) (G1 Evacuation Pause)
[2024-08-15T14:08:42.160+0000][6018.104s][info][gc,task     ] GC(1266) Using 6 workers of 6 for evacuation
[2024-08-15T14:08:42.235+0000][6018.179s][info][gc,phases   ] GC(1266)   Pre Evacuate Collection Set: 0.2ms
[2024-08-15T14:08:42.235+0000][6018.179s][info][gc,phases   ] GC(1266)   Merge Heap Roots: 0.4ms
[2024-08-15T14:08:42.235+0000][6018.179s][info][gc,phases   ] GC(1266)   Evacuate Collection Set: 73.0ms
[2024-08-15T14:08:42.235+0000][6018.179s][info][gc,phases   ] GC(1266)   Post Evacuate Collection Set: 1.4ms
[2024-08-15T14:08:42.235+0000][6018.179s][info][gc,phases   ] GC(1266)   Other: 0.2ms
[2024-08-15T14:08:42.235+0000][6018.179s][info][gc,heap     ] GC(1266) Eden regions: 63->0(835)
[2024-08-15T14:08:42.235+0000][6018.179s][info][gc,heap     ] GC(1266) Survivor regions: 13->5(10)
[2024-08-15T14:08:42.235+0000][6018.179s][info][gc,heap     ] GC(1266) Old regions: 369->367
[2024-08-15T14:08:42.235+0000][6018.179s][info][gc,heap     ] GC(1266) Archive regions: 2->2
[2024-08-15T14:08:42.235+0000][6018.179s][info][gc,heap     ] GC(1266) Humongous regions: 5->5
[2024-08-15T14:08:42.235+0000][6018.179s][info][gc,metaspace] GC(1266) Metaspace: 441234K(447552K)->441234K(447552K) NonClass: 386236K(389824K)->386236K(389824K) Class: 54997K(57728K)->54997K(57728K)
[2024-08-15T14:08:42.235+0000][6018.179s][info][gc          ] GC(1266) Pause Young (Mixed) (G1 Evacuation Pause) 3600M->3008M(12288M) 75.310ms
[2024-08-15T14:08:42.235+0000][6018.180s][info][gc,cpu      ] GC(1266) User=0.45s Sys=0.00s Real=0.07s
[2024-08-15T14:08:51.384+0000][6027.329s][info][gc,start    ] GC(1267) Pause Young (Normal) (G1 Evacuation Pause)
[2024-08-15T14:08:51.384+0000][6027.329s][info][gc,task     ] GC(1267) Using 6 workers of 6 for evacuation
[2024-08-15T14:08:51.404+0000][6027.348s][info][gc,phases   ] GC(1267)   Pre Evacuate Collection Set: 0.2ms
[2024-08-15T14:08:51.404+0000][6027.349s][info][gc,phases   ] GC(1267)   Merge Heap Roots: 0.2ms
[2024-08-15T14:08:51.404+0000][6027.349s][info][gc,phases   ] GC(1267)   Evacuate Collection Set: 17.5ms
[2024-08-15T14:08:51.404+0000][6027.349s][info][gc,phases   ] GC(1267)   Post Evacuate Collection Set: 1.7ms
[2024-08-15T14:08:51.404+0000][6027.349s][info][gc,phases   ] GC(1267)   Other: 0.2ms
[2024-08-15T14:08:51.404+0000][6027.349s][info][gc,heap     ] GC(1267) Eden regions: 835->0(831)
[2024-08-15T14:08:51.404+0000][6027.349s][info][gc,heap     ] GC(1267) Survivor regions: 5->8(105)
[2024-08-15T14:08:51.404+0000][6027.349s][info][gc,heap     ] GC(1267) Old regions: 367->367
[2024-08-15T14:08:51.404+0000][6027.349s][info][gc,heap     ] GC(1267) Archive regions: 2->2
[2024-08-15T14:08:51.404+0000][6027.349s][info][gc,heap     ] GC(1267) Humongous regions: 5->5
[2024-08-15T14:08:51.404+0000][6027.349s][info][gc,metaspace] GC(1267) Metaspace: 441234K(447552K)->441234K(447552K) NonClass: 386236K(389824K)->386236K(389824K) Class: 54997K(57728K)->54997K(57728K)
[2024-08-15T14:08:51.404+0000][6027.349s][info][gc          ] GC(1267) Pause Young (Normal) (G1 Evacuation Pause) 9688M->3037M(12288M) 19.891ms
[2024-08-15T14:08:51.404+0000][6027.349s][info][gc,cpu      ] GC(1267) User=0.12s Sys=0.00s Real=0.02s
[2024-08-15T14:09:00.252+0000][6036.196s][info][gc,start    ] GC(1268) Pause Young (Normal) (G1 Evacuation Pause)
[2024-08-15T14:09:00.252+0000][6036.196s][info][gc,task     ] GC(1268) Using 6 workers of 6 for evacuation
[2024-08-15T14:09:00.280+0000][6036.225s][info][gc,phases   ] GC(1268)   Pre Evacuate Collection Set: 0.2ms
[2024-08-15T14:09:00.280+0000][6036.225s][info][gc,phases   ] GC(1268)   Merge Heap Roots: 0.2ms
[2024-08-15T14:09:00.280+0000][6036.225s][info][gc,phases   ] GC(1268)   Evacuate Collection Set: 25.9ms
[2024-08-15T14:09:00.280+0000][6036.225s][info][gc,phases   ] GC(1268)   Post Evacuate Collection Set: 1.7ms
[2024-08-15T14:09:00.280+0000][6036.225s][info][gc,phases   ] GC(1268)   Other: 0.2ms
[2024-08-15T14:09:00.280+0000][6036.225s][info][gc,heap     ] GC(1268) Eden regions: 831->0(830)
[2024-08-15T14:09:00.280+0000][6036.225s][info][gc,heap     ] GC(1268) Survivor regions: 8->10(105)
[2024-08-15T14:09:00.280+0000][6036.225s][info][gc,heap     ] GC(1268) Old regions: 367->367
[2024-08-15T14:09:00.280+0000][6036.225s][info][gc,heap     ] GC(1268) Archive regions: 2->2
[2024-08-15T14:09:00.280+0000][6036.225s][info][gc,heap     ] GC(1268) Humongous regions: 5->5
[2024-08-15T14:09:00.280+0000][6036.225s][info][gc,metaspace] GC(1268) Metaspace: 441234K(447552K)->441234K(447552K) NonClass: 386236K(389824K)->386236K(389824K) Class: 54997K(57728K)->54997K(57728K)
[2024-08-15T14:09:00.280+0000][6036.225s][info][gc          ] GC(1268) Pause Young (Normal) (G1 Evacuation Pause) 9685M->3049M(12288M) 28.342ms
[2024-08-15T14:09:00.280+0000][6036.225s][info][gc,cpu      ] GC(1268) User=0.17s Sys=0.00s Real=0.03s
[2024-08-15T14:09:09.308+0000][6045.252s][info][gc,start    ] GC(1269) Pause Young (Concurrent Start) (G1 Evacuation Pause)
[2024-08-15T14:09:09.308+0000][6045.252s][info][gc,task     ] GC(1269) Using 6 workers of 6 for evacuation
[2024-08-15T14:09:09.340+0000][6045.285s][info][gc,phases   ] GC(1269)   Pre Evacuate Collection Set: 0.6ms
[2024-08-15T14:09:09.340+0000][6045.285s][info][gc,phases   ] GC(1269)   Merge Heap Roots: 0.2ms
[2024-08-15T14:09:09.340+0000][6045.285s][info][gc,phases   ] GC(1269)   Evacuate Collection Set: 29.6ms
[2024-08-15T14:09:09.340+0000][6045.285s][info][gc,phases   ] GC(1269)   Post Evacuate Collection Set: 1.8ms
[2024-08-15T14:09:09.340+0000][6045.285s][info][gc,phases   ] GC(1269)   Other: 0.3ms
[2024-08-15T14:09:09.340+0000][6045.285s][info][gc,heap     ] GC(1269) Eden regions: 830->0(827)
[2024-08-15T14:09:09.340+0000][6045.285s][info][gc,heap     ] GC(1269) Survivor regions: 10->13(105)
[2024-08-15T14:09:09.340+0000][6045.285s][info][gc,heap     ] GC(1269) Old regions: 367->367
[2024-08-15T14:09:09.340+0000][6045.285s][info][gc,heap     ] GC(1269) Archive regions: 2->2
[2024-08-15T14:09:09.340+0000][6045.285s][info][gc,heap     ] GC(1269) Humongous regions: 5->5
[2024-08-15T14:09:09.340+0000][6045.285s][info][gc,metaspace] GC(1269) Metaspace: 441239K(447552K)->441239K(447552K) NonClass: 386241K(389824K)->386241K(389824K) Class: 54997K(57728K)->54997K(57728K)
[2024-08-15T14:09:09.340+0000][6045.285s][info][gc          ] GC(1269) Pause Young (Concurrent Start) (G1 Evacuation Pause) 9689M->3077M(12288M) 32.522ms
[2024-08-15T14:09:09.340+0000][6045.285s][info][gc,cpu      ] GC(1269) User=0.19s Sys=0.00s Real=0.03s
[2024-08-15T14:09:09.340+0000][6045.285s][info][gc          ] GC(1270) Concurrent Mark Cycle
[2024-08-15T14:09:09.340+0000][6045.285s][info][gc,marking  ] GC(1270) Concurrent Clear Claimed Marks
[2024-08-15T14:09:09.341+0000][6045.286s][info][gc,marking  ] GC(1270) Concurrent Clear Claimed Marks 0.585ms
[2024-08-15T14:09:09.341+0000][6045.286s][info][gc,marking  ] GC(1270) Concurrent Scan Root Regions
[2024-08-15T14:09:09.381+0000][6045.326s][info][gc,marking  ] GC(1270) Concurrent Scan Root Regions 40.071ms
[2024-08-15T14:09:09.381+0000][6045.326s][info][gc,marking  ] GC(1270) Concurrent Mark
[2024-08-15T14:09:09.381+0000][6045.326s][info][gc,marking  ] GC(1270) Concurrent Mark From Roots
[2024-08-15T14:09:09.381+0000][6045.326s][info][gc,task     ] GC(1270) Using 2 workers of 2 for marking
[2024-08-15T14:09:11.630+0000][6047.575s][info][gc,marking  ] GC(1270) Concurrent Mark From Roots 2249.024ms
[2024-08-15T14:09:11.630+0000][6047.575s][info][gc,marking  ] GC(1270) Concurrent Preclean
[2024-08-15T14:09:11.631+0000][6047.576s][info][gc,marking  ] GC(1270) Concurrent Preclean 1.113ms
[2024-08-15T14:09:11.631+0000][6047.576s][info][gc,start    ] GC(1270) Pause Remark
[2024-08-15T14:09:11.654+0000][6047.599s][info][gc          ] GC(1270) Pause Remark 4633M->4633M(12288M) 22.674ms
[2024-08-15T14:09:11.654+0000][6047.599s][info][gc,cpu      ] GC(1270) User=0.09s Sys=0.01s Real=0.02s
[2024-08-15T14:09:11.654+0000][6047.599s][info][gc,marking  ] GC(1270) Concurrent Mark 2273.167ms
[2024-08-15T14:09:11.654+0000][6047.599s][info][gc,marking  ] GC(1270) Concurrent Rebuild Remembered Sets
[2024-08-15T14:09:12.932+0000][6048.876s][info][gc,marking  ] GC(1270) Concurrent Rebuild Remembered Sets 1277.412ms
[2024-08-15T14:09:12.932+0000][6048.876s][info][gc,start    ] GC(1270) Pause Cleanup
[2024-08-15T14:09:12.932+0000][6048.877s][info][gc          ] GC(1270) Pause Cleanup 5517M->5517M(12288M) 0.615ms
[2024-08-15T14:09:12.933+0000][6048.877s][info][gc,cpu      ] GC(1270) User=0.00s Sys=0.00s Real=0.00s
[2024-08-15T14:09:12.933+0000][6048.877s][info][gc,marking  ] GC(1270) Concurrent Cleanup for Next Mark
[2024-08-15T14:09:12.949+0000][6048.894s][info][gc,marking  ] GC(1270) Concurrent Cleanup for Next Mark 16.587ms
[2024-08-15T14:09:12.949+0000][6048.894s][info][gc          ] GC(1270) Concurrent Mark Cycle 3608.896ms
[2024-08-15T14:09:18.604+0000][6054.549s][info][gc,start    ] GC(1271) Pause Young (Prepare Mixed) (G1 Evacuation Pause)
[2024-08-15T14:09:18.604+0000][6054.549s][info][gc,task     ] GC(1271) Using 6 workers of 6 for evacuation
[2024-08-15T14:09:18.643+0000][6054.588s][info][gc,phases   ] GC(1271)   Pre Evacuate Collection Set: 0.2ms
[2024-08-15T14:09:18.643+0000][6054.588s][info][gc,phases   ] GC(1271)   Merge Heap Roots: 0.3ms
[2024-08-15T14:09:18.643+0000][6054.588s][info][gc,phases   ] GC(1271)   Evacuate Collection Set: 36.8ms
[2024-08-15T14:09:18.644+0000][6054.588s][info][gc,phases   ] GC(1271)   Post Evacuate Collection Set: 1.8ms
[2024-08-15T14:09:18.644+0000][6054.588s][info][gc,phases   ] GC(1271)   Other: 0.2ms
[2024-08-15T14:09:18.644+0000][6054.588s][info][gc,heap     ] GC(1271) Eden regions: 827->0(60)
[2024-08-15T14:09:18.644+0000][6054.588s][info][gc,heap     ] GC(1271) Survivor regions: 13->16(105)
[2024-08-15T14:09:18.644+0000][6054.588s][info][gc,heap     ] GC(1271) Old regions: 367->367
[2024-08-15T14:09:18.644+0000][6054.588s][info][gc,heap     ] GC(1271) Archive regions: 2->2
[2024-08-15T14:09:18.644+0000][6054.588s][info][gc,heap     ] GC(1271) Humongous regions: 5->5
[2024-08-15T14:09:18.644+0000][6054.588s][info][gc,metaspace] GC(1271) Metaspace: 441239K(447552K)->441239K(447552K) NonClass: 386241K(389824K)->386241K(389824K) Class: 54997K(57728K)->54997K(57728K)
[2024-08-15T14:09:18.644+0000][6054.588s][info][gc          ] GC(1271) Pause Young (Prepare Mixed) (G1 Evacuation Pause) 9693M->3096M(12288M) 39.327ms
[2024-08-15T14:09:18.644+0000][6054.588s][info][gc,cpu      ] GC(1271) User=0.23s Sys=0.01s Real=0.04s
[2024-08-15T14:09:19.302+0000][6055.247s][info][gc,start    ] GC(1272) Pause Young (Mixed) (G1 Evacuation Pause)
[2024-08-15T14:09:19.302+0000][6055.247s][info][gc,task     ] GC(1272) Using 6 workers of 6 for evacuation
[2024-08-15T14:09:19.390+0000][6055.335s][info][gc,phases   ] GC(1272)   Pre Evacuate Collection Set: 0.2ms
[2024-08-15T14:09:19.391+0000][6055.335s][info][gc,phases   ] GC(1272)   Merge Heap Roots: 0.4ms
[2024-08-15T14:09:19.391+0000][6055.335s][info][gc,phases   ] GC(1272)   Evacuate Collection Set: 86.3ms
[2024-08-15T14:09:19.391+0000][6055.335s][info][gc,phases   ] GC(1272)   Post Evacuate Collection Set: 1.5ms
[2024-08-15T14:09:19.391+0000][6055.335s][info][gc,phases   ] GC(1272)   Other: 0.2ms
[2024-08-15T14:09:19.391+0000][6055.335s][info][gc,heap     ] GC(1272) Eden regions: 60->0(833)
[2024-08-15T14:09:19.391+0000][6055.335s][info][gc,heap     ] GC(1272) Survivor regions: 16->6(10)
[2024-08-15T14:09:19.391+0000][6055.335s][info][gc,heap     ] GC(1272) Old regions: 367->368
[2024-08-15T14:09:19.391+0000][6055.335s][info][gc,heap     ] GC(1272) Archive regions: 2->2
[2024-08-15T14:09:19.391+0000][6055.335s][info][gc,heap     ] GC(1272) Humongous regions: 5->5
[2024-08-15T14:09:19.391+0000][6055.335s][info][gc,metaspace] GC(1272) Metaspace: 441239K(447552K)->441239K(447552K) NonClass: 386241K(389824K)->386241K(389824K) Class: 54997K(57728K)->54997K(57728K)
[2024-08-15T14:09:19.391+0000][6055.335s][info][gc          ] GC(1272) Pause Young (Mixed) (G1 Evacuation Pause) 3576M->3032M(12288M) 88.570ms
[2024-08-15T14:09:19.391+0000][6055.335s][info][gc,cpu      ] GC(1272) User=0.53s Sys=0.00s Real=0.09s
[2024-08-15T14:09:28.300+0000][6064.245s][info][gc,start    ] GC(1273) Pause Young (Normal) (G1 Evacuation Pause)
[2024-08-15T14:09:28.300+0000][6064.245s][info][gc,task     ] GC(1273) Using 6 workers of 6 for evacuation
[2024-08-15T14:09:28.322+0000][6064.267s][info][gc,phases   ] GC(1273)   Pre Evacuate Collection Set: 0.2ms
[2024-08-15T14:09:28.322+0000][6064.267s][info][gc,phases   ] GC(1273)   Merge Heap Roots: 0.3ms
[2024-08-15T14:09:28.322+0000][6064.267s][info][gc,phases   ] GC(1273)   Evacuate Collection Set: 19.6ms
[2024-08-15T14:09:28.322+0000][6064.267s][info][gc,phases   ] GC(1273)   Post Evacuate Collection Set: 1.7ms
[2024-08-15T14:09:28.322+0000][6064.267s][info][gc,phases   ] GC(1273)   Other: 0.2ms
[2024-08-15T14:09:28.322+0000][6064.267s][info][gc,heap     ] GC(1273) Eden regions: 833->0(832)
[2024-08-15T14:09:28.322+0000][6064.267s][info][gc,heap     ] GC(1273) Survivor regions: 6->7(105)
[2024-08-15T14:09:28.322+0000][6064.267s][info][gc,heap     ] GC(1273) Old regions: 368->368
[2024-08-15T14:09:28.322+0000][6064.267s][info][gc,heap     ] GC(1273) Archive regions: 2->2
[2024-08-15T14:09:28.322+0000][6064.267s][info][gc,heap     ] GC(1273) Humongous regions: 5->5
[2024-08-15T14:09:28.322+0000][6064.267s][info][gc,metaspace] GC(1273) Metaspace: 441240K(447552K)->441240K(447552K) NonClass: 386242K(389824K)->386242K(389824K) Class: 54997K(57728K)->54997K(57728K)
[2024-08-15T14:09:28.322+0000][6064.267s][info][gc          ] GC(1273) Pause Young (Normal) (G1 Evacuation Pause) 9696M->3040M(12288M) 21.994ms
[2024-08-15T14:09:28.322+0000][6064.267s][info][gc,cpu      ] GC(1273) User=0.13s Sys=0.00s Real=0.02s
[2024-08-15T14:09:37.148+0000][6073.092s][info][gc,start    ] GC(1274) Pause Young (Normal) (G1 Evacuation Pause)
[2024-08-15T14:09:37.148+0000][6073.092s][info][gc,task     ] GC(1274) Using 6 workers of 6 for evacuation
[2024-08-15T14:09:37.174+0000][6073.118s][info][gc,phases   ] GC(1274)   Pre Evacuate Collection Set: 0.2ms
[2024-08-15T14:09:37.174+0000][6073.118s][info][gc,phases   ] GC(1274)   Merge Heap Roots: 0.3ms
[2024-08-15T14:09:37.174+0000][6073.118s][info][gc,phases   ] GC(1274)   Evacuate Collection Set: 23.7ms
[2024-08-15T14:09:37.174+0000][6073.118s][info][gc,phases   ] GC(1274)   Post Evacuate Collection Set: 1.8ms
[2024-08-15T14:09:37.174+0000][6073.118s][info][gc,phases   ] GC(1274)   Other: 0.2ms
[2024-08-15T14:09:37.174+0000][6073.118s][info][gc,heap     ] GC(1274) Eden regions: 832->0(831)
[2024-08-15T14:09:37.174+0000][6073.118s][info][gc,heap     ] GC(1274) Survivor regions: 7->9(105)
[2024-08-15T14:09:37.174+0000][6073.118s][info][gc,heap     ] GC(1274) Old regions: 368->368
[2024-08-15T14:09:37.174+0000][6073.118s][info][gc,heap     ] GC(1274) Archive regions: 2->2
[2024-08-15T14:09:37.174+0000][6073.119s][info][gc,heap     ] GC(1274) Humongous regions: 5->5
[2024-08-15T14:09:37.174+0000][6073.119s][info][gc,metaspace] GC(1274) Metaspace: 441246K(447552K)->441246K(447552K) NonClass: 386248K(389824K)->386248K(389824K) Class: 54997K(57728K)->54997K(57728K)
[2024-08-15T14:09:37.174+0000][6073.119s][info][gc          ] GC(1274) Pause Young (Normal) (G1 Evacuation Pause) 9696M->3056M(12288M) 26.161ms
[2024-08-15T14:09:37.174+0000][6073.119s][info][gc,cpu      ] GC(1274) User=0.16s Sys=0.00s Real=0.02s
[2024-08-15T14:09:46.184+0000][6082.129s][info][gc,start    ] GC(1275) Pause Young (Concurrent Start) (G1 Evacuation Pause)
[2024-08-15T14:09:46.184+0000][6082.129s][info][gc,task     ] GC(1275) Using 6 workers of 6 for evacuation
[2024-08-15T14:09:46.217+0000][6082.162s][info][gc,phases   ] GC(1275)   Pre Evacuate Collection Set: 0.6ms
[2024-08-15T14:09:46.217+0000][6082.162s][info][gc,phases   ] GC(1275)   Merge Heap Roots: 0.3ms
[2024-08-15T14:09:46.217+0000][6082.162s][info][gc,phases   ] GC(1275)   Evacuate Collection Set: 30.1ms
[2024-08-15T14:09:46.217+0000][6082.162s][info][gc,phases   ] GC(1275)   Post Evacuate Collection Set: 1.8ms
[2024-08-15T14:09:46.217+0000][6082.162s][info][gc,phases   ] GC(1275)   Other: 0.3ms
[2024-08-15T14:09:46.217+0000][6082.162s][info][gc,heap     ] GC(1275) Eden regions: 831->0(827)
[2024-08-15T14:09:46.217+0000][6082.162s][info][gc,heap     ] GC(1275) Survivor regions: 9->13(105)
[2024-08-15T14:09:46.217+0000][6082.162s][info][gc,heap     ] GC(1275) Old regions: 368->368
[2024-08-15T14:09:46.217+0000][6082.162s][info][gc,heap     ] GC(1275) Archive regions: 2->2
[2024-08-15T14:09:46.217+0000][6082.162s][info][gc,heap     ] GC(1275) Humongous regions: 5->5
[2024-08-15T14:09:46.217+0000][6082.162s][info][gc,metaspace] GC(1275) Metaspace: 441246K(447552K)->441246K(447552K) NonClass: 386248K(389824K)->386248K(389824K) Class: 54997K(57728K)->54997K(57728K)
[2024-08-15T14:09:46.217+0000][6082.162s][info][gc          ] GC(1275) Pause Young (Concurrent Start) (G1 Evacuation Pause) 9704M->3083M(12288M) 33.096ms
[2024-08-15T14:09:46.217+0000][6082.162s][info][gc,cpu      ] GC(1275) User=0.19s Sys=0.00s Real=0.03s
[2024-08-15T14:09:46.217+0000][6082.162s][info][gc          ] GC(1276) Concurrent Mark Cycle
[2024-08-15T14:09:46.217+0000][6082.162s][info][gc,marking  ] GC(1276) Concurrent Clear Claimed Marks
[2024-08-15T14:09:46.218+0000][6082.162s][info][gc,marking  ] GC(1276) Concurrent Clear Claimed Marks 0.432ms
[2024-08-15T14:09:46.218+0000][6082.162s][info][gc,marking  ] GC(1276) Concurrent Scan Root Regions
[2024-08-15T14:09:46.244+0000][6082.189s][info][gc,marking  ] GC(1276) Concurrent Scan Root Regions 26.368ms
[2024-08-15T14:09:46.244+0000][6082.189s][info][gc,marking  ] GC(1276) Concurrent Mark
[2024-08-15T14:09:46.244+0000][6082.189s][info][gc,marking  ] GC(1276) Concurrent Mark From Roots
[2024-08-15T14:09:46.244+0000][6082.189s][info][gc,task     ] GC(1276) Using 2 workers of 2 for marking
[2024-08-15T14:09:48.571+0000][6084.516s][info][gc,marking  ] GC(1276) Concurrent Mark From Roots 2326.712ms
[2024-08-15T14:09:48.571+0000][6084.516s][info][gc,marking  ] GC(1276) Concurrent Preclean
[2024-08-15T14:09:48.572+0000][6084.517s][info][gc,marking  ] GC(1276) Concurrent Preclean 1.383ms
[2024-08-15T14:09:48.573+0000][6084.517s][info][gc,start    ] GC(1276) Pause Remark
[2024-08-15T14:09:48.596+0000][6084.540s][info][gc          ] GC(1276) Pause Remark 4707M->4702M(12288M) 23.005ms
[2024-08-15T14:09:48.596+0000][6084.540s][info][gc,cpu      ] GC(1276) User=0.10s Sys=0.00s Real=0.03s
[2024-08-15T14:09:48.596+0000][6084.540s][info][gc,marking  ] GC(1276) Concurrent Mark 2351.534ms
[2024-08-15T14:09:48.596+0000][6084.540s][info][gc,marking  ] GC(1276) Concurrent Rebuild Remembered Sets
[2024-08-15T14:09:49.897+0000][6085.841s][info][gc,marking  ] GC(1276) Concurrent Rebuild Remembered Sets 1300.810ms
[2024-08-15T14:09:49.897+0000][6085.841s][info][gc,start    ] GC(1276) Pause Cleanup
[2024-08-15T14:09:49.897+0000][6085.842s][info][gc          ] GC(1276) Pause Cleanup 5614M->5614M(12288M) 0.602ms
[2024-08-15T14:09:49.897+0000][6085.842s][info][gc,cpu      ] GC(1276) User=0.00s Sys=0.00s Real=0.00s
[2024-08-15T14:09:49.897+0000][6085.842s][info][gc,marking  ] GC(1276) Concurrent Cleanup for Next Mark
[2024-08-15T14:09:49.914+0000][6085.859s][info][gc,marking  ] GC(1276) Concurrent Cleanup for Next Mark 16.603ms
[2024-08-15T14:09:49.914+0000][6085.859s][info][gc          ] GC(1276) Concurrent Mark Cycle 3696.789ms
[2024-08-15T14:09:55.319+0000][6091.264s][info][gc,start    ] GC(1277) Pause Young (Prepare Mixed) (G1 Evacuation Pause)
[2024-08-15T14:09:55.319+0000][6091.264s][info][gc,task     ] GC(1277) Using 6 workers of 6 for evacuation
[2024-08-15T14:09:55.356+0000][6091.300s][info][gc,phases   ] GC(1277)   Pre Evacuate Collection Set: 0.2ms
[2024-08-15T14:09:55.356+0000][6091.300s][info][gc,phases   ] GC(1277)   Merge Heap Roots: 0.3ms
[2024-08-15T14:09:55.356+0000][6091.300s][info][gc,phases   ] GC(1277)   Evacuate Collection Set: 34.1ms
[2024-08-15T14:09:55.356+0000][6091.300s][info][gc,phases   ] GC(1277)   Post Evacuate Collection Set: 1.8ms
[2024-08-15T14:09:55.356+0000][6091.300s][info][gc,phases   ] GC(1277)   Other: 0.2ms
[2024-08-15T14:09:55.356+0000][6091.300s][info][gc,heap     ] GC(1277) Eden regions: 827->0(63)
[2024-08-15T14:09:55.356+0000][6091.300s][info][gc,heap     ] GC(1277) Survivor regions: 13->13(105)
[2024-08-15T14:09:55.356+0000][6091.300s][info][gc,heap     ] GC(1277) Old regions: 367->367
[2024-08-15T14:09:55.356+0000][6091.300s][info][gc,heap     ] GC(1277) Archive regions: 2->2
[2024-08-15T14:09:55.356+0000][6091.300s][info][gc,heap     ] GC(1277) Humongous regions: 5->5
[2024-08-15T14:09:55.356+0000][6091.301s][info][gc,metaspace] GC(1277) Metaspace: 441248K(447552K)->441248K(447552K) NonClass: 386250K(389824K)->386250K(389824K) Class: 54997K(57728K)->54997K(57728K)
[2024-08-15T14:09:55.356+0000][6091.301s][info][gc          ] GC(1277) Pause Young (Prepare Mixed) (G1 Evacuation Pause) 9694M->3084M(12288M) 36.605ms
[2024-08-15T14:09:55.356+0000][6091.301s][info][gc,cpu      ] GC(1277) User=0.22s Sys=0.00s Real=0.04s
[2024-08-15T14:09:56.016+0000][6091.961s][info][gc,start    ] GC(1278) Pause Young (Mixed) (G1 Evacuation Pause)
[2024-08-15T14:09:56.016+0000][6091.961s][info][gc,task     ] GC(1278) Using 6 workers of 6 for evacuation
[2024-08-15T14:09:56.098+0000][6092.042s][info][gc,phases   ] GC(1278)   Pre Evacuate Collection Set: 0.2ms
[2024-08-15T14:09:56.098+0000][6092.042s][info][gc,phases   ] GC(1278)   Merge Heap Roots: 0.5ms
[2024-08-15T14:09:56.098+0000][6092.042s][info][gc,phases   ] GC(1278)   Evacuate Collection Set: 79.5ms
[2024-08-15T14:09:56.098+0000][6092.042s][info][gc,phases   ] GC(1278)   Post Evacuate Collection Set: 1.5ms
[2024-08-15T14:09:56.098+0000][6092.042s][info][gc,phases   ] GC(1278)   Other: 0.2ms
[2024-08-15T14:09:56.098+0000][6092.042s][info][gc,heap     ] GC(1278) Eden regions: 63->0(836)
[2024-08-15T14:09:56.098+0000][6092.042s][info][gc,heap     ] GC(1278) Survivor regions: 13->5(10)
[2024-08-15T14:09:56.098+0000][6092.042s][info][gc,heap     ] GC(1278) Old regions: 367->367
[2024-08-15T14:09:56.098+0000][6092.042s][info][gc,heap     ] GC(1278) Archive regions: 2->2
[2024-08-15T14:09:56.098+0000][6092.042s][info][gc,heap     ] GC(1278) Humongous regions: 5->5
[2024-08-15T14:09:56.098+0000][6092.042s][info][gc,metaspace] GC(1278) Metaspace: 441248K(447552K)->441248K(447552K) NonClass: 386250K(389824K)->386250K(389824K) Class: 54997K(57728K)->54997K(57728K)
[2024-08-15T14:09:56.098+0000][6092.042s][info][gc          ] GC(1278) Pause Young (Mixed) (G1 Evacuation Pause) 3588M->3015M(12288M) 81.910ms
[2024-08-15T14:09:56.098+0000][6092.043s][info][gc,cpu      ] GC(1278) User=0.48s Sys=0.00s Real=0.08s
[2024-08-15T14:10:05.361+0000][6101.305s][info][gc,start    ] GC(1279) Pause Young (Normal) (G1 Evacuation Pause)
[2024-08-15T14:10:05.361+0000][6101.306s][info][gc,task     ] GC(1279) Using 6 workers of 6 for evacuation
[2024-08-15T14:10:05.383+0000][6101.327s][info][gc,phases   ] GC(1279)   Pre Evacuate Collection Set: 0.2ms
[2024-08-15T14:10:05.383+0000][6101.328s][info][gc,phases   ] GC(1279)   Merge Heap Roots: 0.3ms
[2024-08-15T14:10:05.383+0000][6101.328s][info][gc,phases   ] GC(1279)   Evacuate Collection Set: 19.6ms
[2024-08-15T14:10:05.383+0000][6101.328s][info][gc,phases   ] GC(1279)   Post Evacuate Collection Set: 1.8ms
[2024-08-15T14:10:05.383+0000][6101.328s][info][gc,phases   ] GC(1279)   Other: 0.2ms
[2024-08-15T14:10:05.383+0000][6101.328s][info][gc,heap     ] GC(1279) Eden regions: 836->0(833)
[2024-08-15T14:10:05.383+0000][6101.328s][info][gc,heap     ] GC(1279) Survivor regions: 5->8(106)
[2024-08-15T14:10:05.383+0000][6101.328s][info][gc,heap     ] GC(1279) Old regions: 367->367
[2024-08-15T14:10:05.383+0000][6101.328s][info][gc,heap     ] GC(1279) Archive regions: 2->2
[2024-08-15T14:10:05.383+0000][6101.328s][info][gc,heap     ] GC(1279) Humongous regions: 5->5
[2024-08-15T14:10:05.383+0000][6101.328s][info][gc,metaspace] GC(1279) Metaspace: 441253K(447552K)->441253K(447552K) NonClass: 386255K(389824K)->386255K(389824K) Class: 54997K(57728K)->54997K(57728K)
[2024-08-15T14:10:05.383+0000][6101.328s][info][gc          ] GC(1279) Pause Young (Normal) (G1 Evacuation Pause) 9703M->3038M(12288M) 22.100ms
[2024-08-15T14:10:05.383+0000][6101.328s][info][gc,cpu      ] GC(1279) User=0.12s Sys=0.01s Real=0.02s
[2024-08-15T14:10:14.660+0000][6110.605s][info][gc,start    ] GC(1280) Pause Young (Normal) (G1 Evacuation Pause)
[2024-08-15T14:10:14.660+0000][6110.605s][info][gc,task     ] GC(1280) Using 6 workers of 6 for evacuation
[2024-08-15T14:10:14.689+0000][6110.634s][info][gc,phases   ] GC(1280)   Pre Evacuate Collection Set: 0.2ms
[2024-08-15T14:10:14.689+0000][6110.634s][info][gc,phases   ] GC(1280)   Merge Heap Roots: 0.3ms
[2024-08-15T14:10:14.689+0000][6110.634s][info][gc,phases   ] GC(1280)   Evacuate Collection Set: 26.3ms
[2024-08-15T14:10:14.689+0000][6110.634s][info][gc,phases   ] GC(1280)   Post Evacuate Collection Set: 1.8ms
[2024-08-15T14:10:14.689+0000][6110.634s][info][gc,phases   ] GC(1280)   Other: 0.2ms
[2024-08-15T14:10:14.689+0000][6110.634s][info][gc,heap     ] GC(1280) Eden regions: 833->0(828)
[2024-08-15T14:10:14.689+0000][6110.634s][info][gc,heap     ] GC(1280) Survivor regions: 8->12(106)
[2024-08-15T14:10:14.689+0000][6110.634s][info][gc,heap     ] GC(1280) Old regions: 367->367
[2024-08-15T14:10:14.689+0000][6110.634s][info][gc,heap     ] GC(1280) Archive regions: 2->2
[2024-08-15T14:10:14.689+0000][6110.634s][info][gc,heap     ] GC(1280) Humongous regions: 5->5
[2024-08-15T14:10:14.689+0000][6110.634s][info][gc,metaspace] GC(1280) Metaspace: 441276K(447616K)->441276K(447616K) NonClass: 386278K(389888K)->386278K(389888K) Class: 54997K(57728K)->54997K(57728K)
[2024-08-15T14:10:14.689+0000][6110.634s][info][gc          ] GC(1280) Pause Young (Normal) (G1 Evacuation Pause) 9702M->3067M(12288M) 28.826ms
[2024-08-15T14:10:14.689+0000][6110.634s][info][gc,cpu      ] GC(1280) User=0.16s Sys=0.01s Real=0.03s
[2024-08-15T14:10:23.092+0000][6119.037s][info][gc,start    ] GC(1281) Pause Young (Concurrent Start) (G1 Evacuation Pause)
[2024-08-15T14:10:23.092+0000][6119.037s][info][gc,task     ] GC(1281) Using 6 workers of 6 for evacuation
[2024-08-15T14:10:23.127+0000][6119.072s][info][gc,phases   ] GC(1281)   Pre Evacuate Collection Set: 0.6ms
[2024-08-15T14:10:23.127+0000][6119.072s][info][gc,phases   ] GC(1281)   Merge Heap Roots: 0.2ms
[2024-08-15T14:10:23.127+0000][6119.072s][info][gc,phases   ] GC(1281)   Evacuate Collection Set: 32.5ms
[2024-08-15T14:10:23.127+0000][6119.072s][info][gc,phases   ] GC(1281)   Post Evacuate Collection Set: 1.9ms
[2024-08-15T14:10:23.127+0000][6119.072s][info][gc,phases   ] GC(1281)   Other: 0.3ms
[2024-08-15T14:10:23.127+0000][6119.072s][info][gc,heap     ] GC(1281) Eden regions: 828->0(829)
[2024-08-15T14:10:23.127+0000][6119.072s][info][gc,heap     ] GC(1281) Survivor regions: 12->12(105)
[2024-08-15T14:10:23.127+0000][6119.072s][info][gc,heap     ] GC(1281) Old regions: 367->367
[2024-08-15T14:10:23.127+0000][6119.072s][info][gc,heap     ] GC(1281) Archive regions: 2->2
[2024-08-15T14:10:23.127+0000][6119.072s][info][gc,heap     ] GC(1281) Humongous regions: 5->5
[2024-08-15T14:10:23.128+0000][6119.072s][info][gc,metaspace] GC(1281) Metaspace: 441276K(447616K)->441276K(447616K) NonClass: 386278K(389888K)->386278K(389888K) Class: 54997K(57728K)->54997K(57728K)
[2024-08-15T14:10:23.128+0000][6119.072s][info][gc          ] GC(1281) Pause Young (Concurrent Start) (G1 Evacuation Pause) 9691M->3068M(12288M) 35.602ms
[2024-08-15T14:10:23.128+0000][6119.072s][info][gc,cpu      ] GC(1281) User=0.21s Sys=0.00s Real=0.04s
[2024-08-15T14:10:23.128+0000][6119.072s][info][gc          ] GC(1282) Concurrent Mark Cycle
[2024-08-15T14:10:23.128+0000][6119.072s][info][gc,marking  ] GC(1282) Concurrent Clear Claimed Marks
[2024-08-15T14:10:23.128+0000][6119.073s][info][gc,marking  ] GC(1282) Concurrent Clear Claimed Marks 0.434ms
[2024-08-15T14:10:23.128+0000][6119.073s][info][gc,marking  ] GC(1282) Concurrent Scan Root Regions
[2024-08-15T14:10:23.161+0000][6119.106s][info][gc,marking  ] GC(1282) Concurrent Scan Root Regions 33.085ms
[2024-08-15T14:10:23.161+0000][6119.106s][info][gc,marking  ] GC(1282) Concurrent Mark
[2024-08-15T14:10:23.161+0000][6119.106s][info][gc,marking  ] GC(1282) Concurrent Mark From Roots
[2024-08-15T14:10:23.161+0000][6119.106s][info][gc,task     ] GC(1282) Using 2 workers of 2 for marking
[2024-08-15T14:10:25.445+0000][6121.389s][info][gc,marking  ] GC(1282) Concurrent Mark From Roots 2283.471ms
[2024-08-15T14:10:25.445+0000][6121.389s][info][gc,marking  ] GC(1282) Concurrent Preclean
[2024-08-15T14:10:25.446+0000][6121.391s][info][gc,marking  ] GC(1282) Concurrent Preclean 1.172ms
[2024-08-15T14:10:25.446+0000][6121.391s][info][gc,start    ] GC(1282) Pause Remark
[2024-08-15T14:10:25.469+0000][6121.414s][info][gc          ] GC(1282) Pause Remark 4624M->4624M(12288M) 23.353ms
[2024-08-15T14:10:25.469+0000][6121.414s][info][gc,cpu      ] GC(1282) User=0.10s Sys=0.00s Real=0.02s
[2024-08-15T14:10:25.470+0000][6121.414s][info][gc,marking  ] GC(1282) Concurrent Mark 2308.471ms
[2024-08-15T14:10:25.470+0000][6121.414s][info][gc,marking  ] GC(1282) Concurrent Rebuild Remembered Sets
[2024-08-15T14:10:26.773+0000][6122.718s][info][gc,marking  ] GC(1282) Concurrent Rebuild Remembered Sets 1303.294ms
[2024-08-15T14:10:26.773+0000][6122.718s][info][gc,start    ] GC(1282) Pause Cleanup
[2024-08-15T14:10:26.774+0000][6122.718s][info][gc          ] GC(1282) Pause Cleanup 5540M->5540M(12288M) 0.620ms
[2024-08-15T14:10:26.774+0000][6122.718s][info][gc,cpu      ] GC(1282) User=0.00s Sys=0.00s Real=0.00s
[2024-08-15T14:10:26.774+0000][6122.719s][info][gc,marking  ] GC(1282) Concurrent Cleanup for Next Mark
[2024-08-15T14:10:26.791+0000][6122.736s][info][gc,marking  ] GC(1282) Concurrent Cleanup for Next Mark 17.545ms
[2024-08-15T14:10:26.792+0000][6122.736s][info][gc          ] GC(1282) Concurrent Mark Cycle 3663.896ms
[2024-08-15T14:10:32.739+0000][6128.684s][info][gc,start    ] GC(1283) Pause Young (Prepare Mixed) (G1 Evacuation Pause)
[2024-08-15T14:10:32.739+0000][6128.684s][info][gc,task     ] GC(1283) Using 6 workers of 6 for evacuation
[2024-08-15T14:10:32.779+0000][6128.723s][info][gc,phases   ] GC(1283)   Pre Evacuate Collection Set: 0.2ms
[2024-08-15T14:10:32.779+0000][6128.723s][info][gc,phases   ] GC(1283)   Merge Heap Roots: 0.3ms
[2024-08-15T14:10:32.779+0000][6128.723s][info][gc,phases   ] GC(1283)   Evacuate Collection Set: 36.6ms
[2024-08-15T14:10:32.779+0000][6128.723s][info][gc,phases   ] GC(1283)   Post Evacuate Collection Set: 2.0ms
[2024-08-15T14:10:32.779+0000][6128.723s][info][gc,phases   ] GC(1283)   Other: 0.2ms
[2024-08-15T14:10:32.779+0000][6128.723s][info][gc,heap     ] GC(1283) Eden regions: 829->0(62)
[2024-08-15T14:10:32.779+0000][6128.723s][info][gc,heap     ] GC(1283) Survivor regions: 12->14(106)
[2024-08-15T14:10:32.779+0000][6128.723s][info][gc,heap     ] GC(1283) Old regions: 367->367
[2024-08-15T14:10:32.779+0000][6128.723s][info][gc,heap     ] GC(1283) Archive regions: 2->2
[2024-08-15T14:10:32.779+0000][6128.723s][info][gc,heap     ] GC(1283) Humongous regions: 5->5
[2024-08-15T14:10:32.779+0000][6128.723s][info][gc,metaspace] GC(1283) Metaspace: 441282K(447616K)->441282K(447616K) NonClass: 386284K(389888K)->386284K(389888K) Class: 54997K(57728K)->54997K(57728K)
[2024-08-15T14:10:32.779+0000][6128.723s][info][gc          ] GC(1283) Pause Young (Prepare Mixed) (G1 Evacuation Pause) 9700M->3089M(12288M) 39.318ms
[2024-08-15T14:10:32.779+0000][6128.723s][info][gc,cpu      ] GC(1283) User=0.24s Sys=0.00s Real=0.04s
[2024-08-15T14:10:33.444+0000][6129.388s][info][gc,start    ] GC(1284) Pause Young (Mixed) (G1 Evacuation Pause)
[2024-08-15T14:10:33.444+0000][6129.388s][info][gc,task     ] GC(1284) Using 6 workers of 6 for evacuation
[2024-08-15T14:10:33.539+0000][6129.484s][info][gc,phases   ] GC(1284)   Pre Evacuate Collection Set: 0.2ms
[2024-08-15T14:10:33.539+0000][6129.484s][info][gc,phases   ] GC(1284)   Merge Heap Roots: 0.4ms
[2024-08-15T14:10:33.539+0000][6129.484s][info][gc,phases   ] GC(1284)   Evacuate Collection Set: 93.1ms
[2024-08-15T14:10:33.539+0000][6129.484s][info][gc,phases   ] GC(1284)   Post Evacuate Collection Set: 1.4ms
[2024-08-15T14:10:33.539+0000][6129.484s][info][gc,phases   ] GC(1284)   Other: 0.2ms
[2024-08-15T14:10:33.539+0000][6129.484s][info][gc,heap     ] GC(1284) Eden regions: 62->0(835)
[2024-08-15T14:10:33.539+0000][6129.484s][info][gc,heap     ] GC(1284) Survivor regions: 14->5(10)
[2024-08-15T14:10:33.539+0000][6129.484s][info][gc,heap     ] GC(1284) Old regions: 367->368
[2024-08-15T14:10:33.539+0000][6129.484s][info][gc,heap     ] GC(1284) Archive regions: 2->2
[2024-08-15T14:10:33.539+0000][6129.484s][info][gc,heap     ] GC(1284) Humongous regions: 5->5
[2024-08-15T14:10:33.539+0000][6129.484s][info][gc,metaspace] GC(1284) Metaspace: 441282K(447616K)->441282K(447616K) NonClass: 386284K(389888K)->386284K(389888K) Class: 54997K(57728K)->54997K(57728K)
[2024-08-15T14:10:33.539+0000][6129.484s][info][gc          ] GC(1284) Pause Young (Mixed) (G1 Evacuation Pause) 3585M->3026M(12288M) 95.390ms
[2024-08-15T14:10:33.539+0000][6129.484s][info][gc,cpu      ] GC(1284) User=0.56s Sys=0.01s Real=0.09s
[2024-08-15T14:10:42.644+0000][6138.589s][info][gc,start    ] GC(1285) Pause Young (Normal) (G1 Evacuation Pause)
[2024-08-15T14:10:42.644+0000][6138.589s][info][gc,task     ] GC(1285) Using 6 workers of 6 for evacuation
[2024-08-15T14:10:42.670+0000][6138.615s][info][gc,phases   ] GC(1285)   Pre Evacuate Collection Set: 0.2ms
[2024-08-15T14:10:42.670+0000][6138.615s][info][gc,phases   ] GC(1285)   Merge Heap Roots: 0.3ms
[2024-08-15T14:10:42.670+0000][6138.615s][info][gc,phases   ] GC(1285)   Evacuate Collection Set: 23.4ms
[2024-08-15T14:10:42.670+0000][6138.615s][info][gc,phases   ] GC(1285)   Post Evacuate Collection Set: 1.8ms
[2024-08-15T14:10:42.670+0000][6138.615s][info][gc,phases   ] GC(1285)   Other: 0.2ms
[2024-08-15T14:10:42.670+0000][6138.615s][info][gc,heap     ] GC(1285) Eden regions: 835->0(829)
[2024-08-15T14:10:42.670+0000][6138.615s][info][gc,heap     ] GC(1285) Survivor regions: 5->10(105)
[2024-08-15T14:10:42.670+0000][6138.615s][info][gc,heap     ] GC(1285) Old regions: 368->368
[2024-08-15T14:10:42.670+0000][6138.615s][info][gc,heap     ] GC(1285) Archive regions: 2->2
[2024-08-15T14:10:42.670+0000][6138.615s][info][gc,heap     ] GC(1285) Humongous regions: 5->5
[2024-08-15T14:10:42.670+0000][6138.615s][info][gc,metaspace] GC(1285) Metaspace: 441297K(447616K)->441297K(447616K) NonClass: 386299K(389888K)->386299K(389888K) Class: 54997K(57728K)->54997K(57728K)
[2024-08-15T14:10:42.670+0000][6138.615s][info][gc          ] GC(1285) Pause Young (Normal) (G1 Evacuation Pause) 9706M->3059M(12288M) 25.947ms
[2024-08-15T14:10:42.670+0000][6138.615s][info][gc,cpu      ] GC(1285) User=0.15s Sys=0.00s Real=0.02s
[2024-08-15T14:10:49.710+0000][6145.655s][info][gc,start    ] GC(1286) Pause Young (Normal) (G1 Evacuation Pause)
[2024-08-15T14:10:49.710+0000][6145.655s][info][gc,task     ] GC(1286) Using 6 workers of 6 for evacuation
[2024-08-15T14:10:49.737+0000][6145.682s][info][gc,phases   ] GC(1286)   Pre Evacuate Collection Set: 0.2ms
[2024-08-15T14:10:49.737+0000][6145.682s][info][gc,phases   ] GC(1286)   Merge Heap Roots: 0.3ms
[2024-08-15T14:10:49.737+0000][6145.682s][info][gc,phases   ] GC(1286)   Evacuate Collection Set: 24.6ms
[2024-08-15T14:10:49.737+0000][6145.682s][info][gc,phases   ] GC(1286)   Post Evacuate Collection Set: 1.8ms
[2024-08-15T14:10:49.737+0000][6145.682s][info][gc,phases   ] GC(1286)   Other: 0.2ms
[2024-08-15T14:10:49.737+0000][6145.682s][info][gc,heap     ] GC(1286) Eden regions: 829->0(830)
[2024-08-15T14:10:49.737+0000][6145.682s][info][gc,heap     ] GC(1286) Survivor regions: 10->10(105)
[2024-08-15T14:10:49.737+0000][6145.682s][info][gc,heap     ] GC(1286) Old regions: 368->368
[2024-08-15T14:10:49.737+0000][6145.682s][info][gc,heap     ] GC(1286) Archive regions: 2->2
[2024-08-15T14:10:49.737+0000][6145.682s][info][gc,heap     ] GC(1286) Humongous regions: 5->5
[2024-08-15T14:10:49.737+0000][6145.682s][info][gc,metaspace] GC(1286) Metaspace: 441305K(447616K)->441305K(447616K) NonClass: 386307K(389888K)->386307K(389888K) Class: 54997K(57728K)->54997K(57728K)
[2024-08-15T14:10:49.737+0000][6145.682s][info][gc          ] GC(1286) Pause Young (Normal) (G1 Evacuation Pause) 9691M->3060M(12288M) 27.086ms
[2024-08-15T14:10:49.737+0000][6145.682s][info][gc,cpu      ] GC(1286) User=0.16s Sys=0.01s Real=0.03s
[2024-08-15T14:10:57.649+0000][6153.594s][info][gc,start    ] GC(1287) Pause Young (Concurrent Start) (G1 Evacuation Pause)
[2024-08-15T14:10:57.649+0000][6153.594s][info][gc,task     ] GC(1287) Using 6 workers of 6 for evacuation
[2024-08-15T14:10:57.682+0000][6153.627s][info][gc,phases   ] GC(1287)   Pre Evacuate Collection Set: 0.6ms
[2024-08-15T14:10:57.682+0000][6153.627s][info][gc,phases   ] GC(1287)   Merge Heap Roots: 0.3ms
[2024-08-15T14:10:57.682+0000][6153.627s][info][gc,phases   ] GC(1287)   Evacuate Collection Set: 30.2ms
[2024-08-15T14:10:57.682+0000][6153.627s][info][gc,phases   ] GC(1287)   Post Evacuate Collection Set: 1.8ms
[2024-08-15T14:10:57.682+0000][6153.627s][info][gc,phases   ] GC(1287)   Other: 0.3ms
[2024-08-15T14:10:57.682+0000][6153.627s][info][gc,heap     ] GC(1287) Eden regions: 830->0(828)
[2024-08-15T14:10:57.682+0000][6153.627s][info][gc,heap     ] GC(1287) Survivor regions: 10->12(105)
[2024-08-15T14:10:57.682+0000][6153.627s][info][gc,heap     ] GC(1287) Old regions: 368->368
[2024-08-15T14:10:57.682+0000][6153.627s][info][gc,heap     ] GC(1287) Archive regions: 2->2
[2024-08-15T14:10:57.682+0000][6153.627s][info][gc,heap     ] GC(1287) Humongous regions: 5->5
[2024-08-15T14:10:57.682+0000][6153.627s][info][gc,metaspace] GC(1287) Metaspace: 441305K(447616K)->441305K(447616K) NonClass: 386307K(389888K)->386307K(389888K) Class: 54997K(57728K)->54997K(57728K)
[2024-08-15T14:10:57.682+0000][6153.627s][info][gc          ] GC(1287) Pause Young (Concurrent Start) (G1 Evacuation Pause) 9700M->3080M(12288M) 33.149ms
[2024-08-15T14:10:57.683+0000][6153.627s][info][gc,cpu      ] GC(1287) User=0.19s Sys=0.00s Real=0.03s
[2024-08-15T14:10:57.683+0000][6153.627s][info][gc          ] GC(1288) Concurrent Mark Cycle
[2024-08-15T14:10:57.683+0000][6153.627s][info][gc,marking  ] GC(1288) Concurrent Clear Claimed Marks
[2024-08-15T14:10:57.683+0000][6153.628s][info][gc,marking  ] GC(1288) Concurrent Clear Claimed Marks 0.420ms
[2024-08-15T14:10:57.683+0000][6153.628s][info][gc,marking  ] GC(1288) Concurrent Scan Root Regions
[2024-08-15T14:10:57.720+0000][6153.665s][info][gc,marking  ] GC(1288) Concurrent Scan Root Regions 37.324ms
[2024-08-15T14:10:57.720+0000][6153.665s][info][gc,marking  ] GC(1288) Concurrent Mark
[2024-08-15T14:10:57.720+0000][6153.665s][info][gc,marking  ] GC(1288) Concurrent Mark From Roots
[2024-08-15T14:10:57.720+0000][6153.665s][info][gc,task     ] GC(1288) Using 2 workers of 2 for marking
[2024-08-15T14:10:59.969+0000][6155.914s][info][gc,marking  ] GC(1288) Concurrent Mark From Roots 2249.044ms
[2024-08-15T14:10:59.969+0000][6155.914s][info][gc,marking  ] GC(1288) Concurrent Preclean
[2024-08-15T14:10:59.971+0000][6155.916s][info][gc,marking  ] GC(1288) Concurrent Preclean 1.453ms
[2024-08-15T14:10:59.971+0000][6155.916s][info][gc,start    ] GC(1288) Pause Remark
[2024-08-15T14:10:59.994+0000][6155.938s][info][gc          ] GC(1288) Pause Remark 4652M->4652M(12288M) 22.551ms
[2024-08-15T14:10:59.994+0000][6155.938s][info][gc,cpu      ] GC(1288) User=0.10s Sys=0.00s Real=0.02s
[2024-08-15T14:10:59.994+0000][6155.938s][info][gc,marking  ] GC(1288) Concurrent Mark 2273.454ms
[2024-08-15T14:10:59.994+0000][6155.938s][info][gc,marking  ] GC(1288) Concurrent Rebuild Remembered Sets
[2024-08-15T14:11:01.313+0000][6157.257s][info][gc,marking  ] GC(1288) Concurrent Rebuild Remembered Sets 1318.981ms
[2024-08-15T14:11:01.313+0000][6157.258s][info][gc,start    ] GC(1288) Pause Cleanup
[2024-08-15T14:11:01.314+0000][6157.258s][info][gc          ] GC(1288) Pause Cleanup 5604M->5604M(12288M) 0.605ms
[2024-08-15T14:11:01.314+0000][6157.258s][info][gc,cpu      ] GC(1288) User=0.00s Sys=0.00s Real=0.00s
[2024-08-15T14:11:01.314+0000][6157.258s][info][gc,marking  ] GC(1288) Concurrent Cleanup for Next Mark
[2024-08-15T14:11:01.331+0000][6157.276s][info][gc,marking  ] GC(1288) Concurrent Cleanup for Next Mark 17.110ms
[2024-08-15T14:11:01.331+0000][6157.276s][info][gc          ] GC(1288) Concurrent Mark Cycle 3648.381ms
[2024-08-15T14:11:06.770+0000][6162.714s][info][gc,start    ] GC(1289) Pause Young (Prepare Mixed) (G1 Evacuation Pause)
[2024-08-15T14:11:06.770+0000][6162.714s][info][gc,task     ] GC(1289) Using 6 workers of 6 for evacuation
[2024-08-15T14:11:06.807+0000][6162.752s][info][gc,phases   ] GC(1289)   Pre Evacuate Collection Set: 0.2ms
[2024-08-15T14:11:06.807+0000][6162.752s][info][gc,phases   ] GC(1289)   Merge Heap Roots: 0.3ms
[2024-08-15T14:11:06.807+0000][6162.752s][info][gc,phases   ] GC(1289)   Evacuate Collection Set: 35.3ms
[2024-08-15T14:11:06.807+0000][6162.752s][info][gc,phases   ] GC(1289)   Post Evacuate Collection Set: 1.8ms
[2024-08-15T14:11:06.807+0000][6162.752s][info][gc,phases   ] GC(1289)   Other: 0.2ms
[2024-08-15T14:11:06.807+0000][6162.752s][info][gc,heap     ] GC(1289) Eden regions: 828->0(60)
[2024-08-15T14:11:06.807+0000][6162.752s][info][gc,heap     ] GC(1289) Survivor regions: 12->16(105)
[2024-08-15T14:11:06.807+0000][6162.752s][info][gc,heap     ] GC(1289) Old regions: 368->368
[2024-08-15T14:11:06.807+0000][6162.752s][info][gc,heap     ] GC(1289) Archive regions: 2->2
[2024-08-15T14:11:06.807+0000][6162.752s][info][gc,heap     ] GC(1289) Humongous regions: 5->5
[2024-08-15T14:11:06.807+0000][6162.752s][info][gc,metaspace] GC(1289) Metaspace: 441306K(447616K)->441306K(447616K) NonClass: 386308K(389888K)->386308K(389888K) Class: 54997K(57728K)->54997K(57728K)
[2024-08-15T14:11:06.807+0000][6162.752s][info][gc          ] GC(1289) Pause Young (Prepare Mixed) (G1 Evacuation Pause) 9704M->3108M(12288M) 37.881ms
[2024-08-15T14:11:06.808+0000][6162.752s][info][gc,cpu      ] GC(1289) User=0.22s Sys=0.00s Real=0.04s
[2024-08-15T14:11:07.437+0000][6163.381s][info][gc,start    ] GC(1290) Pause Young (Mixed) (G1 Evacuation Pause)
[2024-08-15T14:11:07.437+0000][6163.381s][info][gc,task     ] GC(1290) Using 6 workers of 6 for evacuation
[2024-08-15T14:11:07.525+0000][6163.469s][info][gc,phases   ] GC(1290)   Pre Evacuate Collection Set: 0.2ms
[2024-08-15T14:11:07.525+0000][6163.469s][info][gc,phases   ] GC(1290)   Merge Heap Roots: 0.4ms
[2024-08-15T14:11:07.525+0000][6163.469s][info][gc,phases   ] GC(1290)   Evacuate Collection Set: 85.7ms
[2024-08-15T14:11:07.525+0000][6163.469s][info][gc,phases   ] GC(1290)   Post Evacuate Collection Set: 1.5ms
[2024-08-15T14:11:07.525+0000][6163.469s][info][gc,phases   ] GC(1290)   Other: 0.2ms
[2024-08-15T14:11:07.525+0000][6163.469s][info][gc,heap     ] GC(1290) Eden regions: 60->0(831)
[2024-08-15T14:11:07.525+0000][6163.469s][info][gc,heap     ] GC(1290) Survivor regions: 16->6(10)
[2024-08-15T14:11:07.525+0000][6163.469s][info][gc,heap     ] GC(1290) Old regions: 368->371
[2024-08-15T14:11:07.525+0000][6163.469s][info][gc,heap     ] GC(1290) Archive regions: 2->2
[2024-08-15T14:11:07.525+0000][6163.469s][info][gc,heap     ] GC(1290) Humongous regions: 5->5
[2024-08-15T14:11:07.525+0000][6163.469s][info][gc,metaspace] GC(1290) Metaspace: 441306K(447616K)->441306K(447616K) NonClass: 386308K(389888K)->386308K(389888K) Class: 54997K(57728K)->54997K(57728K)
[2024-08-15T14:11:07.525+0000][6163.469s][info][gc          ] GC(1290) Pause Young (Mixed) (G1 Evacuation Pause) 3588M->3053M(12288M) 88.043ms
[2024-08-15T14:11:07.525+0000][6163.470s][info][gc,cpu      ] GC(1290) User=0.52s Sys=0.00s Real=0.09s
[2024-08-15T14:11:10.993+0000][6166.938s][info][gc,start    ] GC(1291) Pause Young (Normal) (G1 Evacuation Pause)
[2024-08-15T14:11:10.993+0000][6166.938s][info][gc,task     ] GC(1291) Using 6 workers of 6 for evacuation
[2024-08-15T14:11:11.069+0000][6167.014s][info][gc,phases   ] GC(1291)   Pre Evacuate Collection Set: 0.2ms
[2024-08-15T14:11:11.069+0000][6167.014s][info][gc,phases   ] GC(1291)   Merge Heap Roots: 0.2ms
[2024-08-15T14:11:11.069+0000][6167.014s][info][gc,phases   ] GC(1291)   Evacuate Collection Set: 56.8ms
[2024-08-15T14:11:11.069+0000][6167.014s][info][gc,phases   ] GC(1291)   Post Evacuate Collection Set: 18.5ms
[2024-08-15T14:11:11.069+0000][6167.014s][info][gc,phases   ] GC(1291)   Other: 0.2ms
[2024-08-15T14:11:11.069+0000][6167.014s][info][gc,heap     ] GC(1291) Eden regions: 831->0(822)
[2024-08-15T14:11:11.069+0000][6167.014s][info][gc,heap     ] GC(1291) Survivor regions: 6->12(105)
[2024-08-15T14:11:11.069+0000][6167.014s][info][gc,heap     ] GC(1291) Old regions: 371->371
[2024-08-15T14:11:11.069+0000][6167.014s][info][gc,heap     ] GC(1291) Archive regions: 2->2
[2024-08-15T14:11:11.069+0000][6167.014s][info][gc,heap     ] GC(1291) Humongous regions: 5->5
[2024-08-15T14:11:11.069+0000][6167.014s][info][gc,metaspace] GC(1291) Metaspace: 441306K(447616K)->441306K(447616K) NonClass: 386308K(389888K)->386308K(389888K) Class: 54997K(57728K)->54997K(57728K)
[2024-08-15T14:11:11.069+0000][6167.014s][info][gc          ] GC(1291) Pause Young (Normal) (G1 Evacuation Pause) 9701M->3096M(12288M) 75.911ms
[2024-08-15T14:11:11.069+0000][6167.014s][info][gc,cpu      ] GC(1291) User=0.44s Sys=0.01s Real=0.08s
[2024-08-15T14:11:13.651+0000][6169.595s][info][gc,start    ] GC(1292) Pause Young (Normal) (G1 Evacuation Pause)
[2024-08-15T14:11:13.651+0000][6169.595s][info][gc,task     ] GC(1292) Using 6 workers of 6 for evacuation
[2024-08-15T14:11:13.741+0000][6169.686s][info][gc,phases   ] GC(1292)   Pre Evacuate Collection Set: 0.2ms
[2024-08-15T14:11:13.741+0000][6169.686s][info][gc,phases   ] GC(1292)   Merge Heap Roots: 0.2ms
[2024-08-15T14:11:13.741+0000][6169.686s][info][gc,phases   ] GC(1292)   Evacuate Collection Set: 72.6ms
[2024-08-15T14:11:13.741+0000][6169.686s][info][gc,phases   ] GC(1292)   Post Evacuate Collection Set: 17.5ms
[2024-08-15T14:11:13.741+0000][6169.686s][info][gc,phases   ] GC(1292)   Other: 0.2ms
[2024-08-15T14:11:13.741+0000][6169.686s][info][gc,heap     ] GC(1292) Eden regions: 822->0(817)
[2024-08-15T14:11:13.741+0000][6169.686s][info][gc,heap     ] GC(1292) Survivor regions: 12->16(105)
[2024-08-15T14:11:13.741+0000][6169.686s][info][gc,heap     ] GC(1292) Old regions: 371->371
[2024-08-15T14:11:13.741+0000][6169.686s][info][gc,heap     ] GC(1292) Archive regions: 2->2
[2024-08-15T14:11:13.741+0000][6169.686s][info][gc,heap     ] GC(1292) Humongous regions: 5->5
[2024-08-15T14:11:13.741+0000][6169.686s][info][gc,metaspace] GC(1292) Metaspace: 441306K(447616K)->441306K(447616K) NonClass: 386308K(389888K)->386308K(389888K) Class: 54997K(57728K)->54997K(57728K)
[2024-08-15T14:11:13.741+0000][6169.686s][info][gc          ] GC(1292) Pause Young (Normal) (G1 Evacuation Pause) 9672M->3134M(12288M) 90.746ms
[2024-08-15T14:11:13.742+0000][6169.686s][info][gc,cpu      ] GC(1292) User=0.53s Sys=0.00s Real=0.09s
[2024-08-15T14:11:16.167+0000][6172.111s][info][gc,start    ] GC(1293) Pause Young (Concurrent Start) (G1 Evacuation Pause)
[2024-08-15T14:11:16.167+0000][6172.111s][info][gc,task     ] GC(1293) Using 6 workers of 6 for evacuation
[2024-08-15T14:11:16.268+0000][6172.213s][info][gc,phases   ] GC(1293)   Pre Evacuate Collection Set: 0.6ms
[2024-08-15T14:11:16.268+0000][6172.213s][info][gc,phases   ] GC(1293)   Merge Heap Roots: 0.3ms
[2024-08-15T14:11:16.268+0000][6172.213s][info][gc,phases   ] GC(1293)   Evacuate Collection Set: 81.8ms
[2024-08-15T14:11:16.268+0000][6172.213s][info][gc,phases   ] GC(1293)   Post Evacuate Collection Set: 18.5ms
[2024-08-15T14:11:16.268+0000][6172.213s][info][gc,phases   ] GC(1293)   Other: 0.3ms
[2024-08-15T14:11:16.268+0000][6172.213s][info][gc,heap     ] GC(1293) Eden regions: 817->0(810)
[2024-08-15T14:11:16.268+0000][6172.213s][info][gc,heap     ] GC(1293) Survivor regions: 16->20(105)
[2024-08-15T14:11:16.268+0000][6172.213s][info][gc,heap     ] GC(1293) Old regions: 371->371
[2024-08-15T14:11:16.268+0000][6172.213s][info][gc,heap     ] GC(1293) Archive regions: 2->2
[2024-08-15T14:11:16.268+0000][6172.213s][info][gc,heap     ] GC(1293) Humongous regions: 5->5
[2024-08-15T14:11:16.268+0000][6172.213s][info][gc,metaspace] GC(1293) Metaspace: 441306K(447616K)->441306K(447616K) NonClass: 386308K(389888K)->386308K(389888K) Class: 54997K(57728K)->54997K(57728K)
[2024-08-15T14:11:16.268+0000][6172.213s][info][gc          ] GC(1293) Pause Young (Concurrent Start) (G1 Evacuation Pause) 9670M->3162M(12288M) 101.601ms
[2024-08-15T14:11:16.268+0000][6172.213s][info][gc,cpu      ] GC(1293) User=0.59s Sys=0.00s Real=0.10s
[2024-08-15T14:11:16.268+0000][6172.213s][info][gc          ] GC(1294) Concurrent Mark Cycle
[2024-08-15T14:11:16.268+0000][6172.213s][info][gc,marking  ] GC(1294) Concurrent Clear Claimed Marks
[2024-08-15T14:11:16.269+0000][6172.213s][info][gc,marking  ] GC(1294) Concurrent Clear Claimed Marks 0.457ms
[2024-08-15T14:11:16.269+0000][6172.213s][info][gc,marking  ] GC(1294) Concurrent Scan Root Regions
[2024-08-15T14:11:16.345+0000][6172.290s][info][gc,marking  ] GC(1294) Concurrent Scan Root Regions 76.366ms
[2024-08-15T14:11:16.345+0000][6172.290s][info][gc,marking  ] GC(1294) Concurrent Mark
[2024-08-15T14:11:16.345+0000][6172.290s][info][gc,marking  ] GC(1294) Concurrent Mark From Roots
[2024-08-15T14:11:16.345+0000][6172.290s][info][gc,task     ] GC(1294) Using 2 workers of 2 for marking
[2024-08-15T14:11:18.699+0000][6174.644s][info][gc,marking  ] GC(1294) Concurrent Mark From Roots 2353.624ms
[2024-08-15T14:11:18.699+0000][6174.644s][info][gc,marking  ] GC(1294) Concurrent Preclean
[2024-08-15T14:11:18.700+0000][6174.645s][info][gc,marking  ] GC(1294) Concurrent Preclean 1.407ms
[2024-08-15T14:11:18.701+0000][6174.645s][info][gc,start    ] GC(1294) Pause Remark
[2024-08-15T14:11:18.723+0000][6174.668s][info][gc          ] GC(1294) Pause Remark 8318M->8318M(12288M) 22.643ms
[2024-08-15T14:11:18.723+0000][6174.668s][info][gc,cpu      ] GC(1294) User=0.09s Sys=0.00s Real=0.03s
[2024-08-15T14:11:18.723+0000][6174.668s][info][gc,marking  ] GC(1294) Concurrent Mark 2378.123ms
[2024-08-15T14:11:18.723+0000][6174.668s][info][gc,marking  ] GC(1294) Concurrent Rebuild Remembered Sets
[2024-08-15T14:11:19.292+0000][6175.236s][info][gc,start    ] GC(1295) Pause Young (Normal) (G1 Evacuation Pause)
[2024-08-15T14:11:19.292+0000][6175.236s][info][gc,task     ] GC(1295) Using 6 workers of 6 for evacuation
[2024-08-15T14:11:19.411+0000][6175.356s][info][gc,phases   ] GC(1295)   Pre Evacuate Collection Set: 0.2ms
[2024-08-15T14:11:19.411+0000][6175.356s][info][gc,phases   ] GC(1295)   Merge Heap Roots: 0.4ms
[2024-08-15T14:11:19.411+0000][6175.356s][info][gc,phases   ] GC(1295)   Evacuate Collection Set: 98.9ms
[2024-08-15T14:11:19.411+0000][6175.356s][info][gc,phases   ] GC(1295)   Post Evacuate Collection Set: 20.0ms
[2024-08-15T14:11:19.411+0000][6175.356s][info][gc,phases   ] GC(1295)   Other: 0.2ms
[2024-08-15T14:11:19.411+0000][6175.356s][info][gc,heap     ] GC(1295) Eden regions: 810->0(800)
[2024-08-15T14:11:19.411+0000][6175.356s][info][gc,heap     ] GC(1295) Survivor regions: 20->25(104)
[2024-08-15T14:11:19.411+0000][6175.356s][info][gc,heap     ] GC(1295) Old regions: 371->371
[2024-08-15T14:11:19.411+0000][6175.356s][info][gc,heap     ] GC(1295) Archive regions: 2->2
[2024-08-15T14:11:19.411+0000][6175.356s][info][gc,heap     ] GC(1295) Humongous regions: 5->5
[2024-08-15T14:11:19.411+0000][6175.356s][info][gc,metaspace] GC(1295) Metaspace: 441306K(447616K)->441306K(447616K) NonClass: 386308K(389888K)->386308K(389888K) Class: 54997K(57728K)->54997K(57728K)
[2024-08-15T14:11:19.411+0000][6175.356s][info][gc          ] GC(1295) Pause Young (Normal) (G1 Evacuation Pause) 9642M->3202M(12288M) 119.748ms
[2024-08-15T14:11:19.411+0000][6175.356s][info][gc,cpu      ] GC(1295) User=0.70s Sys=0.00s Real=0.12s
[2024-08-15T14:11:20.260+0000][6176.204s][info][gc,marking  ] GC(1294) Concurrent Rebuild Remembered Sets 1536.109ms
[2024-08-15T14:11:20.260+0000][6176.204s][info][gc,start    ] GC(1294) Pause Cleanup
[2024-08-15T14:11:20.260+0000][6176.205s][info][gc          ] GC(1294) Pause Cleanup 4970M->4970M(12288M) 0.587ms
[2024-08-15T14:11:20.260+0000][6176.205s][info][gc,cpu      ] GC(1294) User=0.00s Sys=0.00s Real=0.00s
[2024-08-15T14:11:20.260+0000][6176.205s][info][gc,marking  ] GC(1294) Concurrent Cleanup for Next Mark
[2024-08-15T14:11:20.278+0000][6176.223s][info][gc,marking  ] GC(1294) Concurrent Cleanup for Next Mark 17.490ms
[2024-08-15T14:11:20.278+0000][6176.223s][info][gc          ] GC(1294) Concurrent Mark Cycle 4009.586ms
[2024-08-15T14:11:22.069+0000][6178.014s][info][gc,start    ] GC(1296) Pause Young (Prepare Mixed) (G1 Evacuation Pause)
[2024-08-15T14:11:22.069+0000][6178.014s][info][gc,task     ] GC(1296) Using 6 workers of 6 for evacuation
[2024-08-15T14:11:22.203+0000][6178.148s][info][gc,phases   ] GC(1296)   Pre Evacuate Collection Set: 0.2ms
[2024-08-15T14:11:22.203+0000][6178.148s][info][gc,phases   ] GC(1296)   Merge Heap Roots: 0.5ms
[2024-08-15T14:11:22.203+0000][6178.148s][info][gc,phases   ] GC(1296)   Evacuate Collection Set: 113.4ms
[2024-08-15T14:11:22.203+0000][6178.148s][info][gc,phases   ] GC(1296)   Post Evacuate Collection Set: 19.7ms
[2024-08-15T14:11:22.203+0000][6178.148s][info][gc,phases   ] GC(1296)   Other: 0.2ms
[2024-08-15T14:11:22.203+0000][6178.148s][info][gc,heap     ] GC(1296) Eden regions: 800->0(47)
[2024-08-15T14:11:22.203+0000][6178.148s][info][gc,heap     ] GC(1296) Survivor regions: 25->29(104)
[2024-08-15T14:11:22.203+0000][6178.148s][info][gc,heap     ] GC(1296) Old regions: 371->371
[2024-08-15T14:11:22.203+0000][6178.148s][info][gc,heap     ] GC(1296) Archive regions: 2->2
[2024-08-15T14:11:22.203+0000][6178.148s][info][gc,heap     ] GC(1296) Humongous regions: 5->5
[2024-08-15T14:11:22.203+0000][6178.148s][info][gc,metaspace] GC(1296) Metaspace: 441306K(447616K)->441306K(447616K) NonClass: 386308K(389888K)->386308K(389888K) Class: 54997K(57728K)->54997K(57728K)
[2024-08-15T14:11:22.203+0000][6178.148s][info][gc          ] GC(1296) Pause Young (Prepare Mixed) (G1 Evacuation Pause) 9602M->3234M(12288M) 134.017ms
[2024-08-15T14:11:22.203+0000][6178.148s][info][gc,cpu      ] GC(1296) User=0.79s Sys=0.00s Real=0.14s
[2024-08-15T14:11:22.384+0000][6178.329s][info][gc,start    ] GC(1297) Pause Young (Mixed) (G1 Evacuation Pause)
[2024-08-15T14:11:22.384+0000][6178.329s][info][gc,task     ] GC(1297) Using 6 workers of 6 for evacuation
[2024-08-15T14:11:22.520+0000][6178.465s][info][gc,phases   ] GC(1297)   Pre Evacuate Collection Set: 0.2ms
[2024-08-15T14:11:22.520+0000][6178.465s][info][gc,phases   ] GC(1297)   Merge Heap Roots: 0.4ms
[2024-08-15T14:11:22.520+0000][6178.465s][info][gc,phases   ] GC(1297)   Evacuate Collection Set: 132.7ms
[2024-08-15T14:11:22.520+0000][6178.465s][info][gc,phases   ] GC(1297)   Post Evacuate Collection Set: 2.4ms
[2024-08-15T14:11:22.520+0000][6178.465s][info][gc,phases   ] GC(1297)   Other: 0.2ms
[2024-08-15T14:11:22.520+0000][6178.465s][info][gc,heap     ] GC(1297) Eden regions: 47->0(812)
[2024-08-15T14:11:22.520+0000][6178.465s][info][gc,heap     ] GC(1297) Survivor regions: 29->3(10)
[2024-08-15T14:11:22.520+0000][6178.465s][info][gc,heap     ] GC(1297) Old regions: 371->388
[2024-08-15T14:11:22.520+0000][6178.465s][info][gc,heap     ] GC(1297) Archive regions: 2->2
[2024-08-15T14:11:22.520+0000][6178.465s][info][gc,heap     ] GC(1297) Humongous regions: 5->5
[2024-08-15T14:11:22.520+0000][6178.465s][info][gc,metaspace] GC(1297) Metaspace: 441306K(447616K)->441306K(447616K) NonClass: 386308K(389888K)->386308K(389888K) Class: 54997K(57728K)->54997K(57728K)
[2024-08-15T14:11:22.520+0000][6178.465s][info][gc          ] GC(1297) Pause Young (Mixed) (G1 Evacuation Pause) 3610M->3170M(12288M) 136.004ms
[2024-08-15T14:11:22.520+0000][6178.465s][info][gc,cpu      ] GC(1297) User=0.80s Sys=0.00s Real=0.13s
[2024-08-15T14:11:25.007+0000][6180.952s][info][gc,start    ] GC(1298) Pause Young (Normal) (G1 Evacuation Pause)
[2024-08-15T14:11:25.007+0000][6180.952s][info][gc,task     ] GC(1298) Using 6 workers of 6 for evacuation
[2024-08-15T14:11:25.077+0000][6181.022s][info][gc,phases   ] GC(1298)   Pre Evacuate Collection Set: 0.2ms
[2024-08-15T14:11:25.077+0000][6181.022s][info][gc,phases   ] GC(1298)   Merge Heap Roots: 0.3ms
[2024-08-15T14:11:25.077+0000][6181.022s][info][gc,phases   ] GC(1298)   Evacuate Collection Set: 52.0ms
[2024-08-15T14:11:25.077+0000][6181.022s][info][gc,phases   ] GC(1298)   Post Evacuate Collection Set: 17.7ms
[2024-08-15T14:11:25.077+0000][6181.022s][info][gc,phases   ] GC(1298)   Other: 0.2ms
[2024-08-15T14:11:25.077+0000][6181.022s][info][gc,heap     ] GC(1298) Eden regions: 812->0(809)
[2024-08-15T14:11:25.077+0000][6181.022s][info][gc,heap     ] GC(1298) Survivor regions: 3->7(102)
[2024-08-15T14:11:25.077+0000][6181.022s][info][gc,heap     ] GC(1298) Old regions: 388->388
[2024-08-15T14:11:25.077+0000][6181.022s][info][gc,heap     ] GC(1298) Archive regions: 2->2
[2024-08-15T14:11:25.077+0000][6181.022s][info][gc,heap     ] GC(1298) Humongous regions: 5->5
[2024-08-15T14:11:25.077+0000][6181.022s][info][gc,metaspace] GC(1298) Metaspace: 441306K(447616K)->441306K(447616K) NonClass: 386308K(389888K)->386308K(389888K) Class: 54997K(57728K)->54997K(57728K)
[2024-08-15T14:11:25.078+0000][6181.022s][info][gc          ] GC(1298) Pause Young (Normal) (G1 Evacuation Pause) 9666M->3196M(12288M) 70.379ms
[2024-08-15T14:11:25.078+0000][6181.022s][info][gc,cpu      ] GC(1298) User=0.41s Sys=0.00s Real=0.07s
[2024-08-15T14:11:27.540+0000][6183.485s][info][gc,start    ] GC(1299) Pause Young (Normal) (G1 Evacuation Pause)
[2024-08-15T14:11:27.540+0000][6183.485s][info][gc,task     ] GC(1299) Using 6 workers of 6 for evacuation
[2024-08-15T14:11:27.622+0000][6183.566s][info][gc,phases   ] GC(1299)   Pre Evacuate Collection Set: 0.2ms
[2024-08-15T14:11:27.622+0000][6183.566s][info][gc,phases   ] GC(1299)   Merge Heap Roots: 0.2ms
[2024-08-15T14:11:27.622+0000][6183.566s][info][gc,phases   ] GC(1299)   Evacuate Collection Set: 62.3ms
[2024-08-15T14:11:27.622+0000][6183.566s][info][gc,phases   ] GC(1299)   Post Evacuate Collection Set: 18.9ms
[2024-08-15T14:11:27.622+0000][6183.566s][info][gc,phases   ] GC(1299)   Other: 0.2ms
[2024-08-15T14:11:27.622+0000][6183.566s][info][gc,heap     ] GC(1299) Eden regions: 809->0(804)
[2024-08-15T14:11:27.622+0000][6183.567s][info][gc,heap     ] GC(1299) Survivor regions: 7->11(102)
[2024-08-15T14:11:27.622+0000][6183.567s][info][gc,heap     ] GC(1299) Old regions: 388->388
[2024-08-15T14:11:27.622+0000][6183.567s][info][gc,heap     ] GC(1299) Archive regions: 2->2
[2024-08-15T14:11:27.622+0000][6183.567s][info][gc,heap     ] GC(1299) Humongous regions: 5->5
[2024-08-15T14:11:27.622+0000][6183.567s][info][gc,metaspace] GC(1299) Metaspace: 441306K(447616K)->441306K(447616K) NonClass: 386308K(389888K)->386308K(389888K) Class: 54997K(57728K)->54997K(57728K)
[2024-08-15T14:11:27.622+0000][6183.567s][info][gc          ] GC(1299) Pause Young (Normal) (G1 Evacuation Pause) 9668M->3229M(12288M) 81.923ms
[2024-08-15T14:11:27.622+0000][6183.567s][info][gc,cpu      ] GC(1299) User=0.48s Sys=0.01s Real=0.08s
[2024-08-15T14:11:29.979+0000][6185.924s][info][gc,start    ] GC(1300) Pause Young (Concurrent Start) (G1 Evacuation Pause)
[2024-08-15T14:11:29.979+0000][6185.924s][info][gc,task     ] GC(1300) Using 6 workers of 6 for evacuation
[2024-08-15T14:11:30.085+0000][6186.030s][info][gc,phases   ] GC(1300)   Pre Evacuate Collection Set: 0.6ms
[2024-08-15T14:11:30.085+0000][6186.030s][info][gc,phases   ] GC(1300)   Merge Heap Roots: 0.3ms
[2024-08-15T14:11:30.085+0000][6186.030s][info][gc,phases   ] GC(1300)   Evacuate Collection Set: 84.6ms
[2024-08-15T14:11:30.085+0000][6186.030s][info][gc,phases   ] GC(1300)   Post Evacuate Collection Set: 20.5ms
[2024-08-15T14:11:30.085+0000][6186.030s][info][gc,phases   ] GC(1300)   Other: 0.3ms
[2024-08-15T14:11:30.085+0000][6186.030s][info][gc,heap     ] GC(1300) Eden regions: 804->0(800)
[2024-08-15T14:11:30.085+0000][6186.030s][info][gc,heap     ] GC(1300) Survivor regions: 11->16(102)
[2024-08-15T14:11:30.085+0000][6186.030s][info][gc,heap     ] GC(1300) Old regions: 388->388
[2024-08-15T14:11:30.085+0000][6186.030s][info][gc,heap     ] GC(1300) Archive regions: 2->2
[2024-08-15T14:11:30.085+0000][6186.030s][info][gc,heap     ] GC(1300) Humongous regions: 5->5
[2024-08-15T14:11:30.085+0000][6186.030s][info][gc,metaspace] GC(1300) Metaspace: 441306K(447616K)->441306K(447616K) NonClass: 386308K(389888K)->386308K(389888K) Class: 54997K(57728K)->54997K(57728K)
[2024-08-15T14:11:30.085+0000][6186.030s][info][gc          ] GC(1300) Pause Young (Concurrent Start) (G1 Evacuation Pause) 9661M->3269M(12288M) 106.326ms
[2024-08-15T14:11:30.085+0000][6186.030s][info][gc,cpu      ] GC(1300) User=0.61s Sys=0.01s Real=0.11s
[2024-08-15T14:11:30.085+0000][6186.030s][info][gc          ] GC(1301) Concurrent Mark Cycle
[2024-08-15T14:11:30.085+0000][6186.030s][info][gc,marking  ] GC(1301) Concurrent Clear Claimed Marks
[2024-08-15T14:11:30.086+0000][6186.030s][info][gc,marking  ] GC(1301) Concurrent Clear Claimed Marks 0.432ms
[2024-08-15T14:11:30.086+0000][6186.030s][info][gc,marking  ] GC(1301) Concurrent Scan Root Regions
[2024-08-15T14:11:30.137+0000][6186.081s][info][gc,marking  ] GC(1301) Concurrent Scan Root Regions 50.892ms
[2024-08-15T14:11:30.137+0000][6186.081s][info][gc,marking  ] GC(1301) Concurrent Mark
[2024-08-15T14:11:30.137+0000][6186.081s][info][gc,marking  ] GC(1301) Concurrent Mark From Roots
[2024-08-15T14:11:30.137+0000][6186.081s][info][gc,task     ] GC(1301) Using 2 workers of 2 for marking
[2024-08-15T14:11:32.433+0000][6188.378s][info][gc,marking  ] GC(1301) Concurrent Mark From Roots 2296.608ms
[2024-08-15T14:11:32.433+0000][6188.378s][info][gc,marking  ] GC(1301) Concurrent Preclean
[2024-08-15T14:11:32.435+0000][6188.379s][info][gc,marking  ] GC(1301) Concurrent Preclean 1.423ms
[2024-08-15T14:11:32.435+0000][6188.380s][info][gc,start    ] GC(1301) Pause Remark
[2024-08-15T14:11:32.458+0000][6188.403s][info][gc          ] GC(1301) Pause Remark 8489M->8489M(12288M) 23.000ms
[2024-08-15T14:11:32.458+0000][6188.403s][info][gc,cpu      ] GC(1301) User=0.10s Sys=0.00s Real=0.03s
[2024-08-15T14:11:32.458+0000][6188.403s][info][gc,marking  ] GC(1301) Concurrent Mark 2321.393ms
[2024-08-15T14:11:32.458+0000][6188.403s][info][gc,marking  ] GC(1301) Concurrent Rebuild Remembered Sets
[2024-08-15T14:11:32.932+0000][6188.876s][info][gc,start    ] GC(1302) Pause Young (Normal) (G1 Evacuation Pause)
[2024-08-15T14:11:32.932+0000][6188.876s][info][gc,task     ] GC(1302) Using 6 workers of 6 for evacuation
[2024-08-15T14:11:33.038+0000][6188.983s][info][gc,phases   ] GC(1302)   Pre Evacuate Collection Set: 0.2ms
[2024-08-15T14:11:33.038+0000][6188.983s][info][gc,phases   ] GC(1302)   Merge Heap Roots: 0.5ms
[2024-08-15T14:11:33.038+0000][6188.983s][info][gc,phases   ] GC(1302)   Evacuate Collection Set: 87.1ms
[2024-08-15T14:11:33.038+0000][6188.983s][info][gc,phases   ] GC(1302)   Post Evacuate Collection Set: 18.7ms
[2024-08-15T14:11:33.039+0000][6188.983s][info][gc,phases   ] GC(1302)   Other: 0.2ms
[2024-08-15T14:11:33.039+0000][6188.983s][info][gc,heap     ] GC(1302) Eden regions: 800->0(795)
[2024-08-15T14:11:33.039+0000][6188.983s][info][gc,heap     ] GC(1302) Survivor regions: 16->19(102)
[2024-08-15T14:11:33.039+0000][6188.983s][info][gc,heap     ] GC(1302) Old regions: 388->388
[2024-08-15T14:11:33.039+0000][6188.983s][info][gc,heap     ] GC(1302) Archive regions: 2->2
[2024-08-15T14:11:33.039+0000][6188.983s][info][gc,heap     ] GC(1302) Humongous regions: 5->5
[2024-08-15T14:11:33.039+0000][6188.983s][info][gc,metaspace] GC(1302) Metaspace: 441310K(447616K)->441310K(447616K) NonClass: 386312K(389888K)->386312K(389888K) Class: 54997K(57728K)->54997K(57728K)
[2024-08-15T14:11:33.039+0000][6188.983s][info][gc          ] GC(1302) Pause Young (Normal) (G1 Evacuation Pause) 9669M->3294M(12288M) 106.752ms
[2024-08-15T14:11:33.039+0000][6188.983s][info][gc,cpu      ] GC(1302) User=0.62s Sys=0.00s Real=0.11s
[2024-08-15T14:11:33.933+0000][6189.877s][info][gc,marking  ] GC(1301) Concurrent Rebuild Remembered Sets 1474.417ms
[2024-08-15T14:11:33.933+0000][6189.877s][info][gc,start    ] GC(1301) Pause Cleanup
[2024-08-15T14:11:33.933+0000][6189.878s][info][gc          ] GC(1301) Pause Cleanup 5394M->5394M(12288M) 0.584ms
[2024-08-15T14:11:33.933+0000][6189.878s][info][gc,cpu      ] GC(1301) User=0.01s Sys=0.00s Real=0.00s
[2024-08-15T14:11:33.933+0000][6189.878s][info][gc,marking  ] GC(1301) Concurrent Cleanup for Next Mark
[2024-08-15T14:11:33.962+0000][6189.907s][info][gc,marking  ] GC(1301) Concurrent Cleanup for Next Mark 28.855ms
[2024-08-15T14:11:33.962+0000][6189.907s][info][gc          ] GC(1301) Concurrent Mark Cycle 3877.022ms
[2024-08-15T14:11:35.519+0000][6191.464s][info][gc,start    ] GC(1303) Pause Young (Prepare Mixed) (G1 Evacuation Pause)
[2024-08-15T14:11:35.519+0000][6191.464s][info][gc,task     ] GC(1303) Using 6 workers of 6 for evacuation
[2024-08-15T14:11:35.646+0000][6191.591s][info][gc,phases   ] GC(1303)   Pre Evacuate Collection Set: 0.2ms
[2024-08-15T14:11:35.646+0000][6191.591s][info][gc,phases   ] GC(1303)   Merge Heap Roots: 0.5ms
[2024-08-15T14:11:35.646+0000][6191.591s][info][gc,phases   ] GC(1303)   Evacuate Collection Set: 105.1ms
[2024-08-15T14:11:35.646+0000][6191.591s][info][gc,phases   ] GC(1303)   Post Evacuate Collection Set: 21.2ms
[2024-08-15T14:11:35.646+0000][6191.591s][info][gc,phases   ] GC(1303)   Other: 0.2ms
[2024-08-15T14:11:35.646+0000][6191.591s][info][gc,heap     ] GC(1303) Eden regions: 795->0(54)
[2024-08-15T14:11:35.647+0000][6191.591s][info][gc,heap     ] GC(1303) Survivor regions: 19->22(102)
[2024-08-15T14:11:35.647+0000][6191.591s][info][gc,heap     ] GC(1303) Old regions: 388->388
[2024-08-15T14:11:35.647+0000][6191.591s][info][gc,heap     ] GC(1303) Archive regions: 2->2
[2024-08-15T14:11:35.647+0000][6191.591s][info][gc,heap     ] GC(1303) Humongous regions: 5->5
[2024-08-15T14:11:35.647+0000][6191.591s][info][gc,metaspace] GC(1303) Metaspace: 441310K(447616K)->441310K(447616K) NonClass: 386312K(389888K)->386312K(389888K) Class: 54997K(57728K)->54997K(57728K)
[2024-08-15T14:11:35.647+0000][6191.591s][info][gc          ] GC(1303) Pause Young (Prepare Mixed) (G1 Evacuation Pause) 9654M->3322M(12288M) 127.252ms
[2024-08-15T14:11:35.647+0000][6191.591s][info][gc,cpu      ] GC(1303) User=0.75s Sys=0.00s Real=0.13s
[2024-08-15T14:11:35.883+0000][6191.827s][info][gc,start    ] GC(1304) Pause Young (Mixed) (G1 Evacuation Pause)
[2024-08-15T14:11:35.883+0000][6191.827s][info][gc,task     ] GC(1304) Using 6 workers of 6 for evacuation
[2024-08-15T14:11:35.983+0000][6191.927s][info][gc,phases   ] GC(1304)   Pre Evacuate Collection Set: 0.2ms
[2024-08-15T14:11:35.983+0000][6191.927s][info][gc,phases   ] GC(1304)   Merge Heap Roots: 0.5ms
[2024-08-15T14:11:35.983+0000][6191.927s][info][gc,phases   ] GC(1304)   Evacuate Collection Set: 96.7ms
[2024-08-15T14:11:35.983+0000][6191.927s][info][gc,phases   ] GC(1304)   Post Evacuate Collection Set: 2.5ms
[2024-08-15T14:11:35.983+0000][6191.927s][info][gc,phases   ] GC(1304)   Other: 0.2ms
[2024-08-15T14:11:35.983+0000][6191.927s][info][gc,heap     ] GC(1304) Eden regions: 54->0(807)
[2024-08-15T14:11:35.983+0000][6191.927s][info][gc,heap     ] GC(1304) Survivor regions: 22->3(10)
[2024-08-15T14:11:35.983+0000][6191.927s][info][gc,heap     ] GC(1304) Old regions: 388->394
[2024-08-15T14:11:35.983+0000][6191.927s][info][gc,heap     ] GC(1304) Archive regions: 2->2
[2024-08-15T14:11:35.983+0000][6191.927s][info][gc,heap     ] GC(1304) Humongous regions: 5->5
[2024-08-15T14:11:35.983+0000][6191.927s][info][gc,metaspace] GC(1304) Metaspace: 441310K(447616K)->441310K(447616K) NonClass: 386312K(389888K)->386312K(389888K) Class: 54997K(57728K)->54997K(57728K)
[2024-08-15T14:11:35.983+0000][6191.927s][info][gc          ] GC(1304) Pause Young (Mixed) (G1 Evacuation Pause) 3754M->3219M(12288M) 100.067ms
[2024-08-15T14:11:35.983+0000][6191.927s][info][gc,cpu      ] GC(1304) User=0.59s Sys=0.00s Real=0.10s
[2024-08-15T14:11:38.323+0000][6194.268s][info][gc,start    ] GC(1305) Pause Young (Normal) (G1 Evacuation Pause)
[2024-08-15T14:11:38.323+0000][6194.268s][info][gc,task     ] GC(1305) Using 6 workers of 6 for evacuation
[2024-08-15T14:11:38.395+0000][6194.340s][info][gc,phases   ] GC(1305)   Pre Evacuate Collection Set: 0.2ms
[2024-08-15T14:11:38.395+0000][6194.340s][info][gc,phases   ] GC(1305)   Merge Heap Roots: 0.3ms
[2024-08-15T14:11:38.395+0000][6194.340s][info][gc,phases   ] GC(1305)   Evacuate Collection Set: 53.7ms
[2024-08-15T14:11:38.395+0000][6194.340s][info][gc,phases   ] GC(1305)   Post Evacuate Collection Set: 17.8ms
[2024-08-15T14:11:38.395+0000][6194.340s][info][gc,phases   ] GC(1305)   Other: 0.2ms
[2024-08-15T14:11:38.395+0000][6194.340s][info][gc,heap     ] GC(1305) Eden regions: 807->0(805)
[2024-08-15T14:11:38.395+0000][6194.340s][info][gc,heap     ] GC(1305) Survivor regions: 3->6(102)
[2024-08-15T14:11:38.395+0000][6194.340s][info][gc,heap     ] GC(1305) Old regions: 394->394
[2024-08-15T14:11:38.395+0000][6194.340s][info][gc,heap     ] GC(1305) Archive regions: 2->2
[2024-08-15T14:11:38.395+0000][6194.340s][info][gc,heap     ] GC(1305) Humongous regions: 5->5
[2024-08-15T14:11:38.395+0000][6194.340s][info][gc,metaspace] GC(1305) Metaspace: 441310K(447616K)->441310K(447616K) NonClass: 386312K(389888K)->386312K(389888K) Class: 54997K(57728K)->54997K(57728K)
[2024-08-15T14:11:38.395+0000][6194.340s][info][gc          ] GC(1305) Pause Young (Normal) (G1 Evacuation Pause) 9675M->3243M(12288M) 72.269ms
[2024-08-15T14:11:38.395+0000][6194.340s][info][gc,cpu      ] GC(1305) User=0.42s Sys=0.00s Real=0.08s
[2024-08-15T14:11:44.334+0000][6200.278s][info][gc,start    ] GC(1306) Pause Young (Normal) (G1 Evacuation Pause)
[2024-08-15T14:11:44.334+0000][6200.278s][info][gc,task     ] GC(1306) Using 6 workers of 6 for evacuation
[2024-08-15T14:11:44.386+0000][6200.331s][info][gc,phases   ] GC(1306)   Pre Evacuate Collection Set: 0.2ms
[2024-08-15T14:11:44.386+0000][6200.331s][info][gc,phases   ] GC(1306)   Merge Heap Roots: 0.3ms
[2024-08-15T14:11:44.386+0000][6200.331s][info][gc,phases   ] GC(1306)   Evacuate Collection Set: 44.5ms
[2024-08-15T14:11:44.386+0000][6200.331s][info][gc,phases   ] GC(1306)   Post Evacuate Collection Set: 7.5ms
[2024-08-15T14:11:44.386+0000][6200.331s][info][gc,phases   ] GC(1306)   Other: 0.2ms
[2024-08-15T14:11:44.386+0000][6200.331s][info][gc,heap     ] GC(1306) Eden regions: 805->0(803)
[2024-08-15T14:11:44.386+0000][6200.331s][info][gc,heap     ] GC(1306) Survivor regions: 6->9(102)
[2024-08-15T14:11:44.386+0000][6200.331s][info][gc,heap     ] GC(1306) Old regions: 394->394
[2024-08-15T14:11:44.386+0000][6200.331s][info][gc,heap     ] GC(1306) Archive regions: 2->2
[2024-08-15T14:11:44.386+0000][6200.331s][info][gc,heap     ] GC(1306) Humongous regions: 5->5
[2024-08-15T14:11:44.386+0000][6200.331s][info][gc,metaspace] GC(1306) Metaspace: 441314K(447616K)->441314K(447616K) NonClass: 386317K(389888K)->386317K(389888K) Class: 54997K(57728K)->54997K(57728K)
[2024-08-15T14:11:44.387+0000][6200.331s][info][gc          ] GC(1306) Pause Young (Normal) (G1 Evacuation Pause) 9683M->3267M(12288M) 52.737ms
[2024-08-15T14:11:44.387+0000][6200.331s][info][gc,cpu      ] GC(1306) User=0.31s Sys=0.00s Real=0.06s
[2024-08-15T14:11:52.931+0000][6208.876s][info][gc,start    ] GC(1307) Pause Young (Concurrent Start) (G1 Evacuation Pause)
[2024-08-15T14:11:52.932+0000][6208.876s][info][gc,task     ] GC(1307) Using 6 workers of 6 for evacuation
[2024-08-15T14:11:52.970+0000][6208.915s][info][gc,phases   ] GC(1307)   Pre Evacuate Collection Set: 0.6ms
[2024-08-15T14:11:52.971+0000][6208.915s][info][gc,phases   ] GC(1307)   Merge Heap Roots: 0.3ms
[2024-08-15T14:11:52.971+0000][6208.915s][info][gc,phases   ] GC(1307)   Evacuate Collection Set: 36.1ms
[2024-08-15T14:11:52.971+0000][6208.915s][info][gc,phases   ] GC(1307)   Post Evacuate Collection Set: 1.8ms
[2024-08-15T14:11:52.971+0000][6208.915s][info][gc,phases   ] GC(1307)   Other: 0.3ms
[2024-08-15T14:11:52.971+0000][6208.915s][info][gc,heap     ] GC(1307) Eden regions: 803->0(800)
[2024-08-15T14:11:52.971+0000][6208.915s][info][gc,heap     ] GC(1307) Survivor regions: 9->13(102)
[2024-08-15T14:11:52.971+0000][6208.915s][info][gc,heap     ] GC(1307) Old regions: 394->394
[2024-08-15T14:11:52.971+0000][6208.915s][info][gc,heap     ] GC(1307) Archive regions: 2->2
[2024-08-15T14:11:52.971+0000][6208.915s][info][gc,heap     ] GC(1307) Humongous regions: 5->5
[2024-08-15T14:11:52.971+0000][6208.915s][info][gc,metaspace] GC(1307) Metaspace: 441314K(447616K)->441314K(447616K) NonClass: 386317K(389888K)->386317K(389888K) Class: 54997K(57728K)->54997K(57728K)
[2024-08-15T14:11:52.971+0000][6208.915s][info][gc          ] GC(1307) Pause Young (Concurrent Start) (G1 Evacuation Pause) 9691M->3298M(12288M) 39.100ms
[2024-08-15T14:11:52.971+0000][6208.915s][info][gc,cpu      ] GC(1307) User=0.22s Sys=0.00s Real=0.04s
[2024-08-15T14:11:52.971+0000][6208.915s][info][gc          ] GC(1308) Concurrent Mark Cycle
[2024-08-15T14:11:52.971+0000][6208.915s][info][gc,marking  ] GC(1308) Concurrent Clear Claimed Marks
[2024-08-15T14:11:52.971+0000][6208.916s][info][gc,marking  ] GC(1308) Concurrent Clear Claimed Marks 0.457ms
[2024-08-15T14:11:52.971+0000][6208.916s][info][gc,marking  ] GC(1308) Concurrent Scan Root Regions
[2024-08-15T14:11:53.002+0000][6208.947s][info][gc,marking  ] GC(1308) Concurrent Scan Root Regions 31.025ms
[2024-08-15T14:11:53.002+0000][6208.947s][info][gc,marking  ] GC(1308) Concurrent Mark
[2024-08-15T14:11:53.002+0000][6208.947s][info][gc,marking  ] GC(1308) Concurrent Mark From Roots
[2024-08-15T14:11:53.002+0000][6208.947s][info][gc,task     ] GC(1308) Using 2 workers of 2 for marking
[2024-08-15T14:11:55.444+0000][6211.389s][info][gc,marking  ] GC(1308) Concurrent Mark From Roots 2441.774ms
[2024-08-15T14:11:55.444+0000][6211.389s][info][gc,marking  ] GC(1308) Concurrent Preclean
[2024-08-15T14:11:55.445+0000][6211.390s][info][gc,marking  ] GC(1308) Concurrent Preclean 1.132ms
[2024-08-15T14:11:55.445+0000][6211.390s][info][gc,start    ] GC(1308) Pause Remark
[2024-08-15T14:11:55.469+0000][6211.413s][info][gc          ] GC(1308) Pause Remark 4994M->4994M(12288M) 23.239ms
[2024-08-15T14:11:55.469+0000][6211.413s][info][gc,cpu      ] GC(1308) User=0.10s Sys=0.00s Real=0.02s
[2024-08-15T14:11:55.469+0000][6211.413s][info][gc,marking  ] GC(1308) Concurrent Mark 2466.578ms
[2024-08-15T14:11:55.469+0000][6211.413s][info][gc,marking  ] GC(1308) Concurrent Rebuild Remembered Sets
[2024-08-15T14:11:56.929+0000][6212.874s][info][gc,marking  ] GC(1308) Concurrent Rebuild Remembered Sets 1460.202ms
[2024-08-15T14:11:56.929+0000][6212.874s][info][gc,start    ] GC(1308) Pause Cleanup
[2024-08-15T14:11:56.930+0000][6212.874s][info][gc          ] GC(1308) Pause Cleanup 6054M->6054M(12288M) 0.615ms
[2024-08-15T14:11:56.930+0000][6212.874s][info][gc,cpu      ] GC(1308) User=0.00s Sys=0.00s Real=0.00s
[2024-08-15T14:11:56.930+0000][6212.875s][info][gc,marking  ] GC(1308) Concurrent Cleanup for Next Mark
[2024-08-15T14:11:56.948+0000][6212.892s][info][gc,marking  ] GC(1308) Concurrent Cleanup for Next Mark 17.787ms
[2024-08-15T14:11:56.948+0000][6212.892s][info][gc          ] GC(1308) Concurrent Mark Cycle 3977.089ms
[2024-08-15T14:12:01.854+0000][6217.799s][info][gc,start    ] GC(1309) Pause Young (Prepare Mixed) (G1 Evacuation Pause)
[2024-08-15T14:12:01.854+0000][6217.799s][info][gc,task     ] GC(1309) Using 6 workers of 6 for evacuation
[2024-08-15T14:12:01.904+0000][6217.848s][info][gc,phases   ] GC(1309)   Pre Evacuate Collection Set: 0.2ms
[2024-08-15T14:12:01.904+0000][6217.848s][info][gc,phases   ] GC(1309)   Merge Heap Roots: 0.4ms
[2024-08-15T14:12:01.904+0000][6217.848s][info][gc,phases   ] GC(1309)   Evacuate Collection Set: 46.8ms
[2024-08-15T14:12:01.904+0000][6217.848s][info][gc,phases   ] GC(1309)   Post Evacuate Collection Set: 2.0ms
[2024-08-15T14:12:01.904+0000][6217.848s][info][gc,phases   ] GC(1309)   Other: 0.3ms
[2024-08-15T14:12:01.904+0000][6217.848s][info][gc,heap     ] GC(1309) Eden regions: 800->0(59)
[2024-08-15T14:12:01.904+0000][6217.848s][info][gc,heap     ] GC(1309) Survivor regions: 13->17(102)
[2024-08-15T14:12:01.904+0000][6217.848s][info][gc,heap     ] GC(1309) Old regions: 394->394
[2024-08-15T14:12:01.904+0000][6217.848s][info][gc,heap     ] GC(1309) Archive regions: 2->2
[2024-08-15T14:12:01.904+0000][6217.848s][info][gc,heap     ] GC(1309) Humongous regions: 5->5
[2024-08-15T14:12:01.904+0000][6217.848s][info][gc,metaspace] GC(1309) Metaspace: 441330K(447680K)->441330K(447680K) NonClass: 386332K(389952K)->386332K(389952K) Class: 54997K(57728K)->54997K(57728K)
[2024-08-15T14:12:01.904+0000][6217.848s][info][gc          ] GC(1309) Pause Young (Prepare Mixed) (G1 Evacuation Pause) 9698M->3326M(12288M) 49.720ms
[2024-08-15T14:12:01.904+0000][6217.848s][info][gc,cpu      ] GC(1309) User=0.30s Sys=0.00s Real=0.06s
[2024-08-15T14:12:02.528+0000][6218.472s][info][gc,start    ] GC(1310) Pause Young (Mixed) (G1 Evacuation Pause)
[2024-08-15T14:12:02.528+0000][6218.472s][info][gc,task     ] GC(1310) Using 6 workers of 6 for evacuation
[2024-08-15T14:12:02.606+0000][6218.551s][info][gc,phases   ] GC(1310)   Pre Evacuate Collection Set: 0.2ms
[2024-08-15T14:12:02.606+0000][6218.551s][info][gc,phases   ] GC(1310)   Merge Heap Roots: 0.4ms
[2024-08-15T14:12:02.606+0000][6218.551s][info][gc,phases   ] GC(1310)   Evacuate Collection Set: 76.6ms
[2024-08-15T14:12:02.606+0000][6218.551s][info][gc,phases   ] GC(1310)   Post Evacuate Collection Set: 1.4ms
[2024-08-15T14:12:02.606+0000][6218.551s][info][gc,phases   ] GC(1310)   Other: 0.2ms
[2024-08-15T14:12:02.606+0000][6218.551s][info][gc,heap     ] GC(1310) Eden regions: 59->0(807)
[2024-08-15T14:12:02.606+0000][6218.551s][info][gc,heap     ] GC(1310) Survivor regions: 17->6(10)
[2024-08-15T14:12:02.606+0000][6218.551s][info][gc,heap     ] GC(1310) Old regions: 394->393
[2024-08-15T14:12:02.606+0000][6218.551s][info][gc,heap     ] GC(1310) Archive regions: 2->2
[2024-08-15T14:12:02.606+0000][6218.551s][info][gc,heap     ] GC(1310) Humongous regions: 5->5
[2024-08-15T14:12:02.606+0000][6218.551s][info][gc,metaspace] GC(1310) Metaspace: 441330K(447680K)->441330K(447680K) NonClass: 386332K(389952K)->386332K(389952K) Class: 54997K(57728K)->54997K(57728K)
[2024-08-15T14:12:02.606+0000][6218.551s][info][gc          ] GC(1310) Pause Young (Mixed) (G1 Evacuation Pause) 3798M->3231M(12288M) 78.745ms
[2024-08-15T14:12:02.606+0000][6218.551s][info][gc,cpu      ] GC(1310) User=0.46s Sys=0.00s Real=0.08s
[2024-08-15T14:12:10.940+0000][6226.884s][info][gc,start    ] GC(1311) Pause Young (Normal) (G1 Evacuation Pause)
[2024-08-15T14:12:10.940+0000][6226.884s][info][gc,task     ] GC(1311) Using 6 workers of 6 for evacuation
[2024-08-15T14:12:10.961+0000][6226.905s][info][gc,phases   ] GC(1311)   Pre Evacuate Collection Set: 0.2ms
[2024-08-15T14:12:10.961+0000][6226.905s][info][gc,phases   ] GC(1311)   Merge Heap Roots: 0.3ms
[2024-08-15T14:12:10.961+0000][6226.905s][info][gc,phases   ] GC(1311)   Evacuate Collection Set: 18.5ms
[2024-08-15T14:12:10.961+0000][6226.905s][info][gc,phases   ] GC(1311)   Post Evacuate Collection Set: 1.7ms
[2024-08-15T14:12:10.961+0000][6226.905s][info][gc,phases   ] GC(1311)   Other: 0.2ms
[2024-08-15T14:12:10.961+0000][6226.905s][info][gc,heap     ] GC(1311) Eden regions: 807->0(805)
[2024-08-15T14:12:10.961+0000][6226.905s][info][gc,heap     ] GC(1311) Survivor regions: 6->9(102)
[2024-08-15T14:12:10.961+0000][6226.905s][info][gc,heap     ] GC(1311) Old regions: 393->393
[2024-08-15T14:12:10.961+0000][6226.905s][info][gc,heap     ] GC(1311) Archive regions: 2->2
[2024-08-15T14:12:10.961+0000][6226.905s][info][gc,heap     ] GC(1311) Humongous regions: 5->5
[2024-08-15T14:12:10.961+0000][6226.905s][info][gc,metaspace] GC(1311) Metaspace: 441330K(447680K)->441330K(447680K) NonClass: 386332K(389952K)->386332K(389952K) Class: 54997K(57728K)->54997K(57728K)
[2024-08-15T14:12:10.961+0000][6226.905s][info][gc          ] GC(1311) Pause Young (Normal) (G1 Evacuation Pause) 9687M->3252M(12288M) 20.935ms
[2024-08-15T14:12:10.961+0000][6226.905s][info][gc,cpu      ] GC(1311) User=0.12s Sys=0.00s Real=0.02s
[2024-08-15T14:12:19.656+0000][6235.600s][info][gc,start    ] GC(1312) Pause Young (Normal) (G1 Evacuation Pause)
[2024-08-15T14:12:19.656+0000][6235.600s][info][gc,task     ] GC(1312) Using 6 workers of 6 for evacuation
[2024-08-15T14:12:19.684+0000][6235.628s][info][gc,phases   ] GC(1312)   Pre Evacuate Collection Set: 0.2ms
[2024-08-15T14:12:19.684+0000][6235.628s][info][gc,phases   ] GC(1312)   Merge Heap Roots: 0.3ms
[2024-08-15T14:12:19.684+0000][6235.628s][info][gc,phases   ] GC(1312)   Evacuate Collection Set: 25.5ms
[2024-08-15T14:12:19.684+0000][6235.628s][info][gc,phases   ] GC(1312)   Post Evacuate Collection Set: 1.8ms
[2024-08-15T14:12:19.684+0000][6235.628s][info][gc,phases   ] GC(1312)   Other: 0.2ms
[2024-08-15T14:12:19.684+0000][6235.628s][info][gc,heap     ] GC(1312) Eden regions: 805->0(801)
[2024-08-15T14:12:19.684+0000][6235.628s][info][gc,heap     ] GC(1312) Survivor regions: 9->12(102)
[2024-08-15T14:12:19.684+0000][6235.628s][info][gc,heap     ] GC(1312) Old regions: 393->393
[2024-08-15T14:12:19.684+0000][6235.628s][info][gc,heap     ] GC(1312) Archive regions: 2->2
[2024-08-15T14:12:19.684+0000][6235.628s][info][gc,heap     ] GC(1312) Humongous regions: 5->5
[2024-08-15T14:12:19.684+0000][6235.628s][info][gc,metaspace] GC(1312) Metaspace: 441330K(447680K)->441330K(447680K) NonClass: 386332K(389952K)->386332K(389952K) Class: 54997K(57728K)->54997K(57728K)
[2024-08-15T14:12:19.684+0000][6235.628s][info][gc          ] GC(1312) Pause Young (Normal) (G1 Evacuation Pause) 9692M->3280M(12288M) 28.017ms
[2024-08-15T14:12:19.684+0000][6235.628s][info][gc,cpu      ] GC(1312) User=0.16s Sys=0.00s Real=0.03s
[2024-08-15T14:12:28.406+0000][6244.350s][info][gc,start    ] GC(1313) Pause Young (Concurrent Start) (G1 Evacuation Pause)
[2024-08-15T14:12:28.406+0000][6244.350s][info][gc,task     ] GC(1313) Using 6 workers of 6 for evacuation
[2024-08-15T14:12:28.439+0000][6244.384s][info][gc,phases   ] GC(1313)   Pre Evacuate Collection Set: 0.6ms
[2024-08-15T14:12:28.439+0000][6244.384s][info][gc,phases   ] GC(1313)   Merge Heap Roots: 0.2ms
[2024-08-15T14:12:28.439+0000][6244.384s][info][gc,phases   ] GC(1313)   Evacuate Collection Set: 30.4ms
[2024-08-15T14:12:28.439+0000][6244.384s][info][gc,phases   ] GC(1313)   Post Evacuate Collection Set: 1.8ms
[2024-08-15T14:12:28.439+0000][6244.384s][info][gc,phases   ] GC(1313)   Other: 0.3ms
[2024-08-15T14:12:28.439+0000][6244.384s][info][gc,heap     ] GC(1313) Eden regions: 801->0(798)
[2024-08-15T14:12:28.439+0000][6244.384s][info][gc,heap     ] GC(1313) Survivor regions: 12->15(102)
[2024-08-15T14:12:28.439+0000][6244.384s][info][gc,heap     ] GC(1313) Old regions: 393->393
[2024-08-15T14:12:28.439+0000][6244.384s][info][gc,heap     ] GC(1313) Archive regions: 2->2
[2024-08-15T14:12:28.439+0000][6244.384s][info][gc,heap     ] GC(1313) Humongous regions: 5->5
[2024-08-15T14:12:28.439+0000][6244.384s][info][gc,metaspace] GC(1313) Metaspace: 441330K(447680K)->441330K(447680K) NonClass: 386332K(389952K)->386332K(389952K) Class: 54997K(57728K)->54997K(57728K)
[2024-08-15T14:12:28.439+0000][6244.384s][info][gc          ] GC(1313) Pause Young (Concurrent Start) (G1 Evacuation Pause) 9688M->3307M(12288M) 33.420ms
[2024-08-15T14:12:28.439+0000][6244.384s][info][gc,cpu      ] GC(1313) User=0.20s Sys=0.00s Real=0.03s
[2024-08-15T14:12:28.439+0000][6244.384s][info][gc          ] GC(1314) Concurrent Mark Cycle
[2024-08-15T14:12:28.439+0000][6244.384s][info][gc,marking  ] GC(1314) Concurrent Clear Claimed Marks
[2024-08-15T14:12:28.440+0000][6244.384s][info][gc,marking  ] GC(1314) Concurrent Clear Claimed Marks 0.437ms
[2024-08-15T14:12:28.440+0000][6244.384s][info][gc,marking  ] GC(1314) Concurrent Scan Root Regions
[2024-08-15T14:12:28.463+0000][6244.408s][info][gc,marking  ] GC(1314) Concurrent Scan Root Regions 23.734ms
[2024-08-15T14:12:28.463+0000][6244.408s][info][gc,marking  ] GC(1314) Concurrent Mark
[2024-08-15T14:12:28.463+0000][6244.408s][info][gc,marking  ] GC(1314) Concurrent Mark From Roots
[2024-08-15T14:12:28.463+0000][6244.408s][info][gc,task     ] GC(1314) Using 2 workers of 2 for marking
[2024-08-15T14:12:30.934+0000][6246.878s][info][gc,marking  ] GC(1314) Concurrent Mark From Roots 2470.194ms
[2024-08-15T14:12:30.934+0000][6246.878s][info][gc,marking  ] GC(1314) Concurrent Preclean
[2024-08-15T14:12:30.935+0000][6246.880s][info][gc,marking  ] GC(1314) Concurrent Preclean 1.569ms
[2024-08-15T14:12:30.935+0000][6246.880s][info][gc,start    ] GC(1314) Pause Remark
[2024-08-15T14:12:30.959+0000][6246.903s][info][gc          ] GC(1314) Pause Remark 5024M->5024M(12288M) 23.147ms
[2024-08-15T14:12:30.959+0000][6246.903s][info][gc,cpu      ] GC(1314) User=0.09s Sys=0.00s Real=0.02s
[2024-08-15T14:12:30.959+0000][6246.903s][info][gc,marking  ] GC(1314) Concurrent Mark 2495.383ms
[2024-08-15T14:12:30.959+0000][6246.903s][info][gc,marking  ] GC(1314) Concurrent Rebuild Remembered Sets
[2024-08-15T14:12:32.560+0000][6248.504s][info][gc,marking  ] GC(1314) Concurrent Rebuild Remembered Sets 1600.903ms
[2024-08-15T14:12:32.560+0000][6248.505s][info][gc,start    ] GC(1314) Pause Cleanup
[2024-08-15T14:12:32.561+0000][6248.505s][info][gc          ] GC(1314) Pause Cleanup 6379M->6379M(12288M) 0.613ms
[2024-08-15T14:12:32.561+0000][6248.505s][info][gc,cpu      ] GC(1314) User=0.00s Sys=0.00s Real=0.00s
[2024-08-15T14:12:32.561+0000][6248.505s][info][gc,marking  ] GC(1314) Concurrent Cleanup for Next Mark
[2024-08-15T14:12:32.579+0000][6248.523s][info][gc,marking  ] GC(1314) Concurrent Cleanup for Next Mark 18.020ms
[2024-08-15T14:12:32.579+0000][6248.523s][info][gc          ] GC(1314) Concurrent Mark Cycle 4139.572ms
[2024-08-15T14:12:36.990+0000][6252.935s][info][gc,start    ] GC(1315) Pause Young (Prepare Mixed) (G1 Evacuation Pause)
[2024-08-15T14:12:36.990+0000][6252.935s][info][gc,task     ] GC(1315) Using 6 workers of 6 for evacuation
[2024-08-15T14:12:37.030+0000][6252.974s][info][gc,phases   ] GC(1315)   Pre Evacuate Collection Set: 0.2ms
[2024-08-15T14:12:37.030+0000][6252.974s][info][gc,phases   ] GC(1315)   Merge Heap Roots: 0.3ms
[2024-08-15T14:12:37.030+0000][6252.974s][info][gc,phases   ] GC(1315)   Evacuate Collection Set: 37.2ms
[2024-08-15T14:12:37.030+0000][6252.974s][info][gc,phases   ] GC(1315)   Post Evacuate Collection Set: 1.8ms
[2024-08-15T14:12:37.030+0000][6252.974s][info][gc,phases   ] GC(1315)   Other: 0.2ms
[2024-08-15T14:12:37.030+0000][6252.974s][info][gc,heap     ] GC(1315) Eden regions: 798->0(61)
[2024-08-15T14:12:37.030+0000][6252.974s][info][gc,heap     ] GC(1315) Survivor regions: 15->15(102)
[2024-08-15T14:12:37.030+0000][6252.974s][info][gc,heap     ] GC(1315) Old regions: 393->393
[2024-08-15T14:12:37.030+0000][6252.974s][info][gc,heap     ] GC(1315) Archive regions: 2->2
[2024-08-15T14:12:37.030+0000][6252.974s][info][gc,heap     ] GC(1315) Humongous regions: 5->5
[2024-08-15T14:12:37.030+0000][6252.974s][info][gc,metaspace] GC(1315) Metaspace: 441331K(447680K)->441331K(447680K) NonClass: 386333K(389952K)->386333K(389952K) Class: 54997K(57728K)->54997K(57728K)
[2024-08-15T14:12:37.030+0000][6252.974s][info][gc          ] GC(1315) Pause Young (Prepare Mixed) (G1 Evacuation Pause) 9691M->3306M(12288M) 39.821ms
[2024-08-15T14:12:37.030+0000][6252.975s][info][gc,cpu      ] GC(1315) User=0.24s Sys=0.00s Real=0.04s
[2024-08-15T14:12:37.673+0000][6253.618s][info][gc,start    ] GC(1316) Pause Young (Mixed) (G1 Evacuation Pause)
[2024-08-15T14:12:37.673+0000][6253.618s][info][gc,task     ] GC(1316) Using 6 workers of 6 for evacuation
[2024-08-15T14:12:37.763+0000][6253.707s][info][gc,phases   ] GC(1316)   Pre Evacuate Collection Set: 0.2ms
[2024-08-15T14:12:37.763+0000][6253.707s][info][gc,phases   ] GC(1316)   Merge Heap Roots: 0.4ms
[2024-08-15T14:12:37.763+0000][6253.707s][info][gc,phases   ] GC(1316)   Evacuate Collection Set: 87.3ms
[2024-08-15T14:12:37.763+0000][6253.707s][info][gc,phases   ] GC(1316)   Post Evacuate Collection Set: 1.4ms
[2024-08-15T14:12:37.763+0000][6253.707s][info][gc,phases   ] GC(1316)   Other: 0.2ms
[2024-08-15T14:12:37.763+0000][6253.707s][info][gc,heap     ] GC(1316) Eden regions: 61->0(807)
[2024-08-15T14:12:37.763+0000][6253.707s][info][gc,heap     ] GC(1316) Survivor regions: 15->5(10)
[2024-08-15T14:12:37.763+0000][6253.707s][info][gc,heap     ] GC(1316) Old regions: 393->394
[2024-08-15T14:12:37.763+0000][6253.707s][info][gc,heap     ] GC(1316) Archive regions: 2->2
[2024-08-15T14:12:37.763+0000][6253.707s][info][gc,heap     ] GC(1316) Humongous regions: 5->5
[2024-08-15T14:12:37.763+0000][6253.707s][info][gc,metaspace] GC(1316) Metaspace: 441331K(447680K)->441331K(447680K) NonClass: 386333K(389952K)->386333K(389952K) Class: 54997K(57728K)->54997K(57728K)
[2024-08-15T14:12:37.763+0000][6253.707s][info][gc          ] GC(1316) Pause Young (Mixed) (G1 Evacuation Pause) 3794M->3231M(12288M) 89.472ms
[2024-08-15T14:12:37.763+0000][6253.707s][info][gc,cpu      ] GC(1316) User=0.54s Sys=0.00s Real=0.09s
[2024-08-15T14:12:46.349+0000][6262.294s][info][gc,start    ] GC(1317) Pause Young (Normal) (G1 Evacuation Pause)
[2024-08-15T14:12:46.350+0000][6262.294s][info][gc,task     ] GC(1317) Using 6 workers of 6 for evacuation
[2024-08-15T14:12:46.373+0000][6262.317s][info][gc,phases   ] GC(1317)   Pre Evacuate Collection Set: 0.2ms
[2024-08-15T14:12:46.373+0000][6262.317s][info][gc,phases   ] GC(1317)   Merge Heap Roots: 0.3ms
[2024-08-15T14:12:46.373+0000][6262.317s][info][gc,phases   ] GC(1317)   Evacuate Collection Set: 20.7ms
[2024-08-15T14:12:46.373+0000][6262.317s][info][gc,phases   ] GC(1317)   Post Evacuate Collection Set: 1.9ms
[2024-08-15T14:12:46.373+0000][6262.317s][info][gc,phases   ] GC(1317)   Other: 0.2ms
[2024-08-15T14:12:46.373+0000][6262.317s][info][gc,heap     ] GC(1317) Eden regions: 807->0(804)
[2024-08-15T14:12:46.373+0000][6262.317s][info][gc,heap     ] GC(1317) Survivor regions: 5->8(102)
[2024-08-15T14:12:46.373+0000][6262.317s][info][gc,heap     ] GC(1317) Old regions: 394->394
[2024-08-15T14:12:46.373+0000][6262.317s][info][gc,heap     ] GC(1317) Archive regions: 2->2
[2024-08-15T14:12:46.373+0000][6262.317s][info][gc,heap     ] GC(1317) Humongous regions: 5->5
[2024-08-15T14:12:46.373+0000][6262.317s][info][gc,metaspace] GC(1317) Metaspace: 441356K(447680K)->441356K(447680K) NonClass: 386358K(389952K)->386358K(389952K) Class: 54997K(57728K)->54997K(57728K)
[2024-08-15T14:12:46.373+0000][6262.317s][info][gc          ] GC(1317) Pause Young (Normal) (G1 Evacuation Pause) 9687M->3251M(12288M) 23.238ms
[2024-08-15T14:12:46.373+0000][6262.317s][info][gc,cpu      ] GC(1317) User=0.14s Sys=0.00s Real=0.02s
[2024-08-15T14:12:54.804+0000][6270.749s][info][gc,start    ] GC(1318) Pause Young (Normal) (G1 Evacuation Pause)
[2024-08-15T14:12:54.804+0000][6270.749s][info][gc,task     ] GC(1318) Using 6 workers of 6 for evacuation
[2024-08-15T14:12:54.830+0000][6270.775s][info][gc,phases   ] GC(1318)   Pre Evacuate Collection Set: 0.2ms
[2024-08-15T14:12:54.830+0000][6270.775s][info][gc,phases   ] GC(1318)   Merge Heap Roots: 0.3ms
[2024-08-15T14:12:54.830+0000][6270.775s][info][gc,phases   ] GC(1318)   Evacuate Collection Set: 23.9ms
[2024-08-15T14:12:54.830+0000][6270.775s][info][gc,phases   ] GC(1318)   Post Evacuate Collection Set: 1.7ms
[2024-08-15T14:12:54.830+0000][6270.775s][info][gc,phases   ] GC(1318)   Other: 0.2ms
[2024-08-15T14:12:54.830+0000][6270.775s][info][gc,heap     ] GC(1318) Eden regions: 804->0(802)
[2024-08-15T14:12:54.830+0000][6270.775s][info][gc,heap     ] GC(1318) Survivor regions: 8->11(102)
[2024-08-15T14:12:54.831+0000][6270.775s][info][gc,heap     ] GC(1318) Old regions: 394->394
[2024-08-15T14:12:54.831+0000][6270.775s][info][gc,heap     ] GC(1318) Archive regions: 2->2
[2024-08-15T14:12:54.831+0000][6270.775s][info][gc,heap     ] GC(1318) Humongous regions: 5->5
[2024-08-15T14:12:54.831+0000][6270.775s][info][gc,metaspace] GC(1318) Metaspace: 441356K(447680K)->441356K(447680K) NonClass: 386358K(389952K)->386358K(389952K) Class: 54997K(57728K)->54997K(57728K)
[2024-08-15T14:12:54.831+0000][6270.775s][info][gc          ] GC(1318) Pause Young (Normal) (G1 Evacuation Pause) 9683M->3273M(12288M) 26.355ms
[2024-08-15T14:12:54.831+0000][6270.775s][info][gc,cpu      ] GC(1318) User=0.16s Sys=0.00s Real=0.02s
[2024-08-15T14:13:03.421+0000][6279.365s][info][gc,start    ] GC(1319) Pause Young (Concurrent Start) (G1 Evacuation Pause)
[2024-08-15T14:13:03.421+0000][6279.365s][info][gc,task     ] GC(1319) Using 6 workers of 6 for evacuation
[2024-08-15T14:13:03.455+0000][6279.400s][info][gc,phases   ] GC(1319)   Pre Evacuate Collection Set: 0.6ms
[2024-08-15T14:13:03.455+0000][6279.400s][info][gc,phases   ] GC(1319)   Merge Heap Roots: 0.3ms
[2024-08-15T14:13:03.455+0000][6279.400s][info][gc,phases   ] GC(1319)   Evacuate Collection Set: 32.0ms
[2024-08-15T14:13:03.455+0000][6279.400s][info][gc,phases   ] GC(1319)   Post Evacuate Collection Set: 1.8ms
[2024-08-15T14:13:03.455+0000][6279.400s][info][gc,phases   ] GC(1319)   Other: 0.3ms
[2024-08-15T14:13:03.455+0000][6279.400s][info][gc,heap     ] GC(1319) Eden regions: 802->0(799)
[2024-08-15T14:13:03.456+0000][6279.400s][info][gc,heap     ] GC(1319) Survivor regions: 11->14(102)
[2024-08-15T14:13:03.456+0000][6279.400s][info][gc,heap     ] GC(1319) Old regions: 394->394
[2024-08-15T14:13:03.456+0000][6279.400s][info][gc,heap     ] GC(1319) Archive regions: 2->2
[2024-08-15T14:13:03.456+0000][6279.400s][info][gc,heap     ] GC(1319) Humongous regions: 5->5
[2024-08-15T14:13:03.456+0000][6279.400s][info][gc,metaspace] GC(1319) Metaspace: 441356K(447680K)->441356K(447680K) NonClass: 386358K(389952K)->386358K(389952K) Class: 54997K(57728K)->54997K(57728K)
[2024-08-15T14:13:03.456+0000][6279.400s][info][gc          ] GC(1319) Pause Young (Concurrent Start) (G1 Evacuation Pause) 9689M->3299M(12288M) 35.014ms
[2024-08-15T14:13:03.456+0000][6279.400s][info][gc,cpu      ] GC(1319) User=0.20s Sys=0.00s Real=0.04s
[2024-08-15T14:13:03.456+0000][6279.400s][info][gc          ] GC(1320) Concurrent Mark Cycle
[2024-08-15T14:13:03.456+0000][6279.400s][info][gc,marking  ] GC(1320) Concurrent Clear Claimed Marks
[2024-08-15T14:13:03.456+0000][6279.401s][info][gc,marking  ] GC(1320) Concurrent Clear Claimed Marks 0.423ms
[2024-08-15T14:13:03.456+0000][6279.401s][info][gc,marking  ] GC(1320) Concurrent Scan Root Regions
[2024-08-15T14:13:03.480+0000][6279.425s][info][gc,marking  ] GC(1320) Concurrent Scan Root Regions 23.882ms
[2024-08-15T14:13:03.480+0000][6279.425s][info][gc,marking  ] GC(1320) Concurrent Mark
[2024-08-15T14:13:03.480+0000][6279.425s][info][gc,marking  ] GC(1320) Concurrent Mark From Roots
[2024-08-15T14:13:03.480+0000][6279.425s][info][gc,task     ] GC(1320) Using 2 workers of 2 for marking
[2024-08-15T14:13:06.034+0000][6281.979s][info][gc,marking  ] GC(1320) Concurrent Mark From Roots 2554.372ms
[2024-08-15T14:13:06.034+0000][6281.979s][info][gc,marking  ] GC(1320) Concurrent Preclean
[2024-08-15T14:13:06.036+0000][6281.981s][info][gc,marking  ] GC(1320) Concurrent Preclean 1.606ms
[2024-08-15T14:13:06.036+0000][6281.981s][info][gc,start    ] GC(1320) Pause Remark
[2024-08-15T14:13:06.061+0000][6282.006s][info][gc          ] GC(1320) Pause Remark 5120M->5120M(12288M) 24.830ms
[2024-08-15T14:13:06.061+0000][6282.006s][info][gc,cpu      ] GC(1320) User=0.10s Sys=0.00s Real=0.02s
[2024-08-15T14:13:06.061+0000][6282.006s][info][gc,marking  ] GC(1320) Concurrent Mark 2581.251ms
[2024-08-15T14:13:06.061+0000][6282.006s][info][gc,marking  ] GC(1320) Concurrent Rebuild Remembered Sets
[2024-08-15T14:13:07.546+0000][6283.491s][info][gc,marking  ] GC(1320) Concurrent Rebuild Remembered Sets 1484.935ms
[2024-08-15T14:13:07.546+0000][6283.491s][info][gc,start    ] GC(1320) Pause Cleanup
[2024-08-15T14:13:07.547+0000][6283.492s][info][gc          ] GC(1320) Pause Cleanup 6195M->6195M(12288M) 0.607ms
[2024-08-15T14:13:07.547+0000][6283.492s][info][gc,cpu      ] GC(1320) User=0.00s Sys=0.00s Real=0.00s
[2024-08-15T14:13:07.547+0000][6283.492s][info][gc,marking  ] GC(1320) Concurrent Cleanup for Next Mark
[2024-08-15T14:13:07.565+0000][6283.509s][info][gc,marking  ] GC(1320) Concurrent Cleanup for Next Mark 17.569ms
[2024-08-15T14:13:07.565+0000][6283.509s][info][gc          ] GC(1320) Concurrent Mark Cycle 4109.146ms
[2024-08-15T14:13:12.276+0000][6288.220s][info][gc,start    ] GC(1321) Pause Young (Prepare Mixed) (G1 Evacuation Pause)
[2024-08-15T14:13:12.276+0000][6288.220s][info][gc,task     ] GC(1321) Using 6 workers of 6 for evacuation
[2024-08-15T14:13:12.313+0000][6288.258s][info][gc,phases   ] GC(1321)   Pre Evacuate Collection Set: 0.2ms
[2024-08-15T14:13:12.313+0000][6288.258s][info][gc,phases   ] GC(1321)   Merge Heap Roots: 0.4ms
[2024-08-15T14:13:12.313+0000][6288.258s][info][gc,phases   ] GC(1321)   Evacuate Collection Set: 35.0ms
[2024-08-15T14:13:12.313+0000][6288.258s][info][gc,phases   ] GC(1321)   Post Evacuate Collection Set: 1.7ms
[2024-08-15T14:13:12.313+0000][6288.258s][info][gc,phases   ] GC(1321)   Other: 0.2ms
[2024-08-15T14:13:12.313+0000][6288.258s][info][gc,heap     ] GC(1321) Eden regions: 799->0(59)
[2024-08-15T14:13:12.313+0000][6288.258s][info][gc,heap     ] GC(1321) Survivor regions: 14->17(102)
[2024-08-15T14:13:12.313+0000][6288.258s][info][gc,heap     ] GC(1321) Old regions: 394->394
[2024-08-15T14:13:12.313+0000][6288.258s][info][gc,heap     ] GC(1321) Archive regions: 2->2
[2024-08-15T14:13:12.313+0000][6288.258s][info][gc,heap     ] GC(1321) Humongous regions: 5->5
[2024-08-15T14:13:12.313+0000][6288.258s][info][gc,metaspace] GC(1321) Metaspace: 441356K(447680K)->441356K(447680K) NonClass: 386358K(389952K)->386358K(389952K) Class: 54997K(57728K)->54997K(57728K)
[2024-08-15T14:13:12.313+0000][6288.258s][info][gc          ] GC(1321) Pause Young (Prepare Mixed) (G1 Evacuation Pause) 9691M->3322M(12288M) 37.485ms
[2024-08-15T14:13:12.313+0000][6288.258s][info][gc,cpu      ] GC(1321) User=0.22s Sys=0.00s Real=0.03s
[2024-08-15T14:13:12.955+0000][6288.900s][info][gc,start    ] GC(1322) Pause Young (Mixed) (G1 Evacuation Pause)
[2024-08-15T14:13:12.955+0000][6288.900s][info][gc,task     ] GC(1322) Using 6 workers of 6 for evacuation
[2024-08-15T14:13:13.041+0000][6288.985s][info][gc,phases   ] GC(1322)   Pre Evacuate Collection Set: 0.2ms
[2024-08-15T14:13:13.041+0000][6288.985s][info][gc,phases   ] GC(1322)   Merge Heap Roots: 0.4ms
[2024-08-15T14:13:13.041+0000][6288.985s][info][gc,phases   ] GC(1322)   Evacuate Collection Set: 83.5ms
[2024-08-15T14:13:13.041+0000][6288.985s][info][gc,phases   ] GC(1322)   Post Evacuate Collection Set: 1.5ms
[2024-08-15T14:13:13.041+0000][6288.985s][info][gc,phases   ] GC(1322)   Other: 0.2ms
[2024-08-15T14:13:13.041+0000][6288.985s][info][gc,heap     ] GC(1322) Eden regions: 59->0(805)
[2024-08-15T14:13:13.041+0000][6288.985s][info][gc,heap     ] GC(1322) Survivor regions: 17->6(10)
[2024-08-15T14:13:13.041+0000][6288.985s][info][gc,heap     ] GC(1322) Old regions: 394->396
[2024-08-15T14:13:13.041+0000][6288.985s][info][gc,heap     ] GC(1322) Archive regions: 2->2
[2024-08-15T14:13:13.041+0000][6288.985s][info][gc,heap     ] GC(1322) Humongous regions: 5->5
[2024-08-15T14:13:13.041+0000][6288.985s][info][gc,metaspace] GC(1322) Metaspace: 441356K(447680K)->441356K(447680K) NonClass: 386358K(389952K)->386358K(389952K) Class: 54997K(57728K)->54997K(57728K)
[2024-08-15T14:13:13.041+0000][6288.985s][info][gc          ] GC(1322) Pause Young (Mixed) (G1 Evacuation Pause) 3794M->3256M(12288M) 85.830ms
[2024-08-15T14:13:13.041+0000][6288.986s][info][gc,cpu      ] GC(1322) User=0.51s Sys=0.00s Real=0.09s
[2024-08-15T14:13:21.535+0000][6297.479s][info][gc,start    ] GC(1323) Pause Young (Normal) (G1 Evacuation Pause)
[2024-08-15T14:13:21.535+0000][6297.479s][info][gc,task     ] GC(1323) Using 6 workers of 6 for evacuation
[2024-08-15T14:13:21.557+0000][6297.501s][info][gc,phases   ] GC(1323)   Pre Evacuate Collection Set: 0.2ms
[2024-08-15T14:13:21.557+0000][6297.502s][info][gc,phases   ] GC(1323)   Merge Heap Roots: 0.3ms
[2024-08-15T14:13:21.557+0000][6297.502s][info][gc,phases   ] GC(1323)   Evacuate Collection Set: 20.1ms
[2024-08-15T14:13:21.557+0000][6297.502s][info][gc,phases   ] GC(1323)   Post Evacuate Collection Set: 1.7ms
[2024-08-15T14:13:21.557+0000][6297.502s][info][gc,phases   ] GC(1323)   Other: 0.2ms
[2024-08-15T14:13:21.557+0000][6297.502s][info][gc,heap     ] GC(1323) Eden regions: 805->0(804)
[2024-08-15T14:13:21.557+0000][6297.502s][info][gc,heap     ] GC(1323) Survivor regions: 6->7(102)
[2024-08-15T14:13:21.557+0000][6297.502s][info][gc,heap     ] GC(1323) Old regions: 396->396
[2024-08-15T14:13:21.557+0000][6297.502s][info][gc,heap     ] GC(1323) Archive regions: 2->2
[2024-08-15T14:13:21.557+0000][6297.502s][info][gc,heap     ] GC(1323) Humongous regions: 5->5
[2024-08-15T14:13:21.557+0000][6297.502s][info][gc,metaspace] GC(1323) Metaspace: 441356K(447680K)->441356K(447680K) NonClass: 386358K(389952K)->386358K(389952K) Class: 54997K(57728K)->54997K(57728K)
[2024-08-15T14:13:21.557+0000][6297.502s][info][gc          ] GC(1323) Pause Young (Normal) (G1 Evacuation Pause) 9696M->3265M(12288M) 22.465ms
[2024-08-15T14:13:21.557+0000][6297.502s][info][gc,cpu      ] GC(1323) User=0.12s Sys=0.01s Real=0.03s
[2024-08-15T14:13:30.415+0000][6306.360s][info][gc,start    ] GC(1324) Pause Young (Normal) (G1 Evacuation Pause)
[2024-08-15T14:13:30.415+0000][6306.360s][info][gc,task     ] GC(1324) Using 6 workers of 6 for evacuation
[2024-08-15T14:13:30.444+0000][6306.388s][info][gc,phases   ] GC(1324)   Pre Evacuate Collection Set: 0.2ms
[2024-08-15T14:13:30.444+0000][6306.388s][info][gc,phases   ] GC(1324)   Merge Heap Roots: 0.3ms
[2024-08-15T14:13:30.444+0000][6306.388s][info][gc,phases   ] GC(1324)   Evacuate Collection Set: 26.2ms
[2024-08-15T14:13:30.444+0000][6306.388s][info][gc,phases   ] GC(1324)   Post Evacuate Collection Set: 1.8ms
[2024-08-15T14:13:30.444+0000][6306.388s][info][gc,phases   ] GC(1324)   Other: 0.2ms
[2024-08-15T14:13:30.444+0000][6306.388s][info][gc,heap     ] GC(1324) Eden regions: 804->0(800)
[2024-08-15T14:13:30.444+0000][6306.388s][info][gc,heap     ] GC(1324) Survivor regions: 7->11(102)
[2024-08-15T14:13:30.444+0000][6306.388s][info][gc,heap     ] GC(1324) Old regions: 396->396
[2024-08-15T14:13:30.444+0000][6306.388s][info][gc,heap     ] GC(1324) Archive regions: 2->2
[2024-08-15T14:13:30.444+0000][6306.388s][info][gc,heap     ] GC(1324) Humongous regions: 5->5
[2024-08-15T14:13:30.444+0000][6306.388s][info][gc,metaspace] GC(1324) Metaspace: 441358K(447680K)->441358K(447680K) NonClass: 386360K(389952K)->386360K(389952K) Class: 54997K(57728K)->54997K(57728K)
[2024-08-15T14:13:30.444+0000][6306.388s][info][gc          ] GC(1324) Pause Young (Normal) (G1 Evacuation Pause) 9697M->3300M(12288M) 28.759ms
[2024-08-15T14:13:30.444+0000][6306.388s][info][gc,cpu      ] GC(1324) User=0.17s Sys=0.00s Real=0.04s
[2024-08-15T14:13:38.939+0000][6314.884s][info][gc,start    ] GC(1325) Pause Young (Concurrent Start) (G1 Evacuation Pause)
[2024-08-15T14:13:38.939+0000][6314.884s][info][gc,task     ] GC(1325) Using 6 workers of 6 for evacuation
[2024-08-15T14:13:38.976+0000][6314.920s][info][gc,phases   ] GC(1325)   Pre Evacuate Collection Set: 0.6ms
[2024-08-15T14:13:38.976+0000][6314.920s][info][gc,phases   ] GC(1325)   Merge Heap Roots: 0.2ms
[2024-08-15T14:13:38.976+0000][6314.920s][info][gc,phases   ] GC(1325)   Evacuate Collection Set: 33.3ms
[2024-08-15T14:13:38.976+0000][6314.920s][info][gc,phases   ] GC(1325)   Post Evacuate Collection Set: 1.9ms
[2024-08-15T14:13:38.976+0000][6314.920s][info][gc,phases   ] GC(1325)   Other: 0.3ms
[2024-08-15T14:13:38.976+0000][6314.920s][info][gc,heap     ] GC(1325) Eden regions: 800->0(797)
[2024-08-15T14:13:38.976+0000][6314.920s][info][gc,heap     ] GC(1325) Survivor regions: 11->14(102)
[2024-08-15T14:13:38.976+0000][6314.920s][info][gc,heap     ] GC(1325) Old regions: 396->396
[2024-08-15T14:13:38.976+0000][6314.920s][info][gc,heap     ] GC(1325) Archive regions: 2->2
[2024-08-15T14:13:38.976+0000][6314.920s][info][gc,heap     ] GC(1325) Humongous regions: 5->5
[2024-08-15T14:13:38.976+0000][6314.920s][info][gc,metaspace] GC(1325) Metaspace: 441360K(447680K)->441360K(447680K) NonClass: 386362K(389952K)->386362K(389952K) Class: 54997K(57728K)->54997K(57728K)
[2024-08-15T14:13:38.976+0000][6314.920s][info][gc          ] GC(1325) Pause Young (Concurrent Start) (G1 Evacuation Pause) 9700M->3320M(12288M) 36.357ms
[2024-08-15T14:13:38.976+0000][6314.920s][info][gc,cpu      ] GC(1325) User=0.21s Sys=0.00s Real=0.04s
[2024-08-15T14:13:38.976+0000][6314.920s][info][gc          ] GC(1326) Concurrent Mark Cycle
[2024-08-15T14:13:38.976+0000][6314.920s][info][gc,marking  ] GC(1326) Concurrent Clear Claimed Marks
[2024-08-15T14:13:38.976+0000][6314.921s][info][gc,marking  ] GC(1326) Concurrent Clear Claimed Marks 0.461ms
[2024-08-15T14:13:38.976+0000][6314.921s][info][gc,marking  ] GC(1326) Concurrent Scan Root Regions
[2024-08-15T14:13:39.010+0000][6314.955s][info][gc,marking  ] GC(1326) Concurrent Scan Root Regions 33.659ms
[2024-08-15T14:13:39.010+0000][6314.955s][info][gc,marking  ] GC(1326) Concurrent Mark
[2024-08-15T14:13:39.010+0000][6314.955s][info][gc,marking  ] GC(1326) Concurrent Mark From Roots
[2024-08-15T14:13:39.010+0000][6314.955s][info][gc,task     ] GC(1326) Using 2 workers of 2 for marking
[2024-08-15T14:13:41.625+0000][6317.570s][info][gc,marking  ] GC(1326) Concurrent Mark From Roots 2615.210ms
[2024-08-15T14:13:41.625+0000][6317.570s][info][gc,marking  ] GC(1326) Concurrent Preclean
[2024-08-15T14:13:41.627+0000][6317.571s][info][gc,marking  ] GC(1326) Concurrent Preclean 1.412ms
[2024-08-15T14:13:41.627+0000][6317.571s][info][gc,start    ] GC(1326) Pause Remark
[2024-08-15T14:13:41.650+0000][6317.594s][info][gc          ] GC(1326) Pause Remark 8099M->8099M(12288M) 23.063ms
[2024-08-15T14:13:41.650+0000][6317.595s][info][gc,cpu      ] GC(1326) User=0.09s Sys=0.00s Real=0.02s
[2024-08-15T14:13:41.650+0000][6317.595s][info][gc,marking  ] GC(1326) Concurrent Mark 2640.104ms
[2024-08-15T14:13:41.650+0000][6317.595s][info][gc,marking  ] GC(1326) Concurrent Rebuild Remembered Sets
[2024-08-15T14:13:42.339+0000][6318.284s][info][gc,start    ] GC(1327) Pause Young (Normal) (G1 Evacuation Pause)
[2024-08-15T14:13:42.339+0000][6318.284s][info][gc,task     ] GC(1327) Using 6 workers of 6 for evacuation
[2024-08-15T14:13:42.417+0000][6318.361s][info][gc,phases   ] GC(1327)   Pre Evacuate Collection Set: 0.2ms
[2024-08-15T14:13:42.417+0000][6318.362s][info][gc,phases   ] GC(1327)   Merge Heap Roots: 0.4ms
[2024-08-15T14:13:42.417+0000][6318.362s][info][gc,phases   ] GC(1327)   Evacuate Collection Set: 63.0ms
[2024-08-15T14:13:42.417+0000][6318.362s][info][gc,phases   ] GC(1327)   Post Evacuate Collection Set: 13.7ms
[2024-08-15T14:13:42.417+0000][6318.362s][info][gc,phases   ] GC(1327)   Other: 0.2ms
[2024-08-15T14:13:42.417+0000][6318.362s][info][gc,heap     ] GC(1327) Eden regions: 797->0(791)
[2024-08-15T14:13:42.417+0000][6318.362s][info][gc,heap     ] GC(1327) Survivor regions: 14->17(102)
[2024-08-15T14:13:42.417+0000][6318.362s][info][gc,heap     ] GC(1327) Old regions: 396->396
[2024-08-15T14:13:42.417+0000][6318.362s][info][gc,heap     ] GC(1327) Archive regions: 2->2
[2024-08-15T14:13:42.417+0000][6318.362s][info][gc,heap     ] GC(1327) Humongous regions: 5->5
[2024-08-15T14:13:42.417+0000][6318.362s][info][gc,metaspace] GC(1327) Metaspace: 441361K(447680K)->441361K(447680K) NonClass: 386363K(389952K)->386363K(389952K) Class: 54997K(57728K)->54997K(57728K)
[2024-08-15T14:13:42.417+0000][6318.362s][info][gc          ] GC(1327) Pause Young (Normal) (G1 Evacuation Pause) 9696M->3348M(12288M) 77.546ms
[2024-08-15T14:13:42.417+0000][6318.362s][info][gc,cpu      ] GC(1327) User=0.45s Sys=0.01s Real=0.08s
[2024-08-15T14:13:43.242+0000][6319.186s][info][gc,marking  ] GC(1326) Concurrent Rebuild Remembered Sets 1591.443ms
[2024-08-15T14:13:43.242+0000][6319.186s][info][gc,start    ] GC(1326) Pause Cleanup
[2024-08-15T14:13:43.242+0000][6319.187s][info][gc          ] GC(1326) Pause Cleanup 5148M->5148M(12288M) 0.647ms
[2024-08-15T14:13:43.242+0000][6319.187s][info][gc,cpu      ] GC(1326) User=0.00s Sys=0.00s Real=0.00s
[2024-08-15T14:13:43.243+0000][6319.187s][info][gc,marking  ] GC(1326) Concurrent Cleanup for Next Mark
[2024-08-15T14:13:43.260+0000][6319.204s][info][gc,marking  ] GC(1326) Concurrent Cleanup for Next Mark 17.040ms
[2024-08-15T14:13:43.260+0000][6319.204s][info][gc          ] GC(1326) Concurrent Mark Cycle 4283.880ms
[2024-08-15T14:13:45.060+0000][6321.005s][info][gc,start    ] GC(1328) Pause Young (Prepare Mixed) (G1 Evacuation Pause)
[2024-08-15T14:13:45.060+0000][6321.005s][info][gc,task     ] GC(1328) Using 6 workers of 6 for evacuation
[2024-08-15T14:13:45.165+0000][6321.109s][info][gc,phases   ] GC(1328)   Pre Evacuate Collection Set: 0.2ms
[2024-08-15T14:13:45.165+0000][6321.109s][info][gc,phases   ] GC(1328)   Merge Heap Roots: 0.6ms
[2024-08-15T14:13:45.165+0000][6321.109s][info][gc,phases   ] GC(1328)   Evacuate Collection Set: 86.3ms
[2024-08-15T14:13:45.165+0000][6321.109s][info][gc,phases   ] GC(1328)   Post Evacuate Collection Set: 17.4ms
[2024-08-15T14:13:45.165+0000][6321.109s][info][gc,phases   ] GC(1328)   Other: 0.2ms
[2024-08-15T14:13:45.165+0000][6321.109s][info][gc,heap     ] GC(1328) Eden regions: 791->0(55)
[2024-08-15T14:13:45.165+0000][6321.109s][info][gc,heap     ] GC(1328) Survivor regions: 17->21(101)
[2024-08-15T14:13:45.165+0000][6321.109s][info][gc,heap     ] GC(1328) Old regions: 396->396
[2024-08-15T14:13:45.165+0000][6321.109s][info][gc,heap     ] GC(1328) Archive regions: 2->2
[2024-08-15T14:13:45.165+0000][6321.109s][info][gc,heap     ] GC(1328) Humongous regions: 5->5
[2024-08-15T14:13:45.165+0000][6321.109s][info][gc,metaspace] GC(1328) Metaspace: 441362K(447680K)->441362K(447680K) NonClass: 386364K(389952K)->386364K(389952K) Class: 54997K(57728K)->54997K(57728K)
[2024-08-15T14:13:45.165+0000][6321.109s][info][gc          ] GC(1328) Pause Young (Prepare Mixed) (G1 Evacuation Pause) 9676M->3376M(12288M) 104.705ms
[2024-08-15T14:13:45.165+0000][6321.109s][info][gc,cpu      ] GC(1328) User=0.61s Sys=0.00s Real=0.11s
[2024-08-15T14:13:45.382+0000][6321.326s][info][gc,start    ] GC(1329) Pause Young (Mixed) (G1 Evacuation Pause)
[2024-08-15T14:13:45.382+0000][6321.326s][info][gc,task     ] GC(1329) Using 6 workers of 6 for evacuation
[2024-08-15T14:13:45.489+0000][6321.433s][info][gc,phases   ] GC(1329)   Pre Evacuate Collection Set: 0.2ms
[2024-08-15T14:13:45.489+0000][6321.433s][info][gc,phases   ] GC(1329)   Merge Heap Roots: 0.5ms
[2024-08-15T14:13:45.489+0000][6321.433s][info][gc,phases   ] GC(1329)   Evacuate Collection Set: 103.9ms
[2024-08-15T14:13:45.489+0000][6321.433s][info][gc,phases   ] GC(1329)   Post Evacuate Collection Set: 2.5ms
[2024-08-15T14:13:45.489+0000][6321.433s][info][gc,phases   ] GC(1329)   Other: 0.2ms
[2024-08-15T14:13:45.489+0000][6321.433s][info][gc,heap     ] GC(1329) Eden regions: 55->0(797)
[2024-08-15T14:13:45.489+0000][6321.433s][info][gc,heap     ] GC(1329) Survivor regions: 21->3(10)
[2024-08-15T14:13:45.489+0000][6321.433s][info][gc,heap     ] GC(1329) Old regions: 396->405
[2024-08-15T14:13:45.489+0000][6321.433s][info][gc,heap     ] GC(1329) Archive regions: 2->2
[2024-08-15T14:13:45.489+0000][6321.433s][info][gc,heap     ] GC(1329) Humongous regions: 5->5
[2024-08-15T14:13:45.489+0000][6321.433s][info][gc,metaspace] GC(1329) Metaspace: 441362K(447680K)->441362K(447680K) NonClass: 386364K(389952K)->386364K(389952K) Class: 54997K(57728K)->54997K(57728K)
[2024-08-15T14:13:45.489+0000][6321.433s][info][gc          ] GC(1329) Pause Young (Mixed) (G1 Evacuation Pause) 3816M->3307M(12288M) 107.277ms
[2024-08-15T14:13:45.489+0000][6321.434s][info][gc,cpu      ] GC(1329) User=0.64s Sys=0.00s Real=0.11s
[2024-08-15T14:13:47.932+0000][6323.876s][info][gc,start    ] GC(1330) Pause Young (Normal) (G1 Evacuation Pause)
[2024-08-15T14:13:47.932+0000][6323.876s][info][gc,task     ] GC(1330) Using 6 workers of 6 for evacuation
[2024-08-15T14:13:48.000+0000][6323.945s][info][gc,phases   ] GC(1330)   Pre Evacuate Collection Set: 0.2ms
[2024-08-15T14:13:48.000+0000][6323.945s][info][gc,phases   ] GC(1330)   Merge Heap Roots: 0.3ms
[2024-08-15T14:13:48.000+0000][6323.945s][info][gc,phases   ] GC(1330)   Evacuate Collection Set: 50.4ms
[2024-08-15T14:13:48.000+0000][6323.945s][info][gc,phases   ] GC(1330)   Post Evacuate Collection Set: 17.1ms
[2024-08-15T14:13:48.000+0000][6323.945s][info][gc,phases   ] GC(1330)   Other: 0.2ms
[2024-08-15T14:13:48.000+0000][6323.945s][info][gc,heap     ] GC(1330) Eden regions: 797->0(793)
[2024-08-15T14:13:48.000+0000][6323.945s][info][gc,heap     ] GC(1330) Survivor regions: 3->7(100)
[2024-08-15T14:13:48.000+0000][6323.945s][info][gc,heap     ] GC(1330) Old regions: 405->405
[2024-08-15T14:13:48.000+0000][6323.945s][info][gc,heap     ] GC(1330) Archive regions: 2->2
[2024-08-15T14:13:48.000+0000][6323.945s][info][gc,heap     ] GC(1330) Humongous regions: 5->5
[2024-08-15T14:13:48.000+0000][6323.945s][info][gc,metaspace] GC(1330) Metaspace: 441362K(447680K)->441362K(447680K) NonClass: 386364K(389952K)->386364K(389952K) Class: 54997K(57728K)->54997K(57728K)
[2024-08-15T14:13:48.000+0000][6323.945s][info][gc          ] GC(1330) Pause Young (Normal) (G1 Evacuation Pause) 9683M->3335M(12288M) 68.278ms
[2024-08-15T14:13:48.000+0000][6323.945s][info][gc,cpu      ] GC(1330) User=0.39s Sys=0.00s Real=0.07s
[2024-08-15T14:13:52.061+0000][6328.006s][info][gc,start    ] GC(1331) Pause Young (Normal) (G1 Evacuation Pause)
[2024-08-15T14:13:52.061+0000][6328.006s][info][gc,task     ] GC(1331) Using 6 workers of 6 for evacuation
[2024-08-15T14:13:52.099+0000][6328.044s][info][gc,phases   ] GC(1331)   Pre Evacuate Collection Set: 0.2ms
[2024-08-15T14:13:52.099+0000][6328.044s][info][gc,phases   ] GC(1331)   Merge Heap Roots: 0.5ms
[2024-08-15T14:13:52.099+0000][6328.044s][info][gc,phases   ] GC(1331)   Evacuate Collection Set: 30.7ms
[2024-08-15T14:13:52.099+0000][6328.044s][info][gc,phases   ] GC(1331)   Post Evacuate Collection Set: 6.2ms
[2024-08-15T14:13:52.099+0000][6328.044s][info][gc,phases   ] GC(1331)   Other: 0.2ms
[2024-08-15T14:13:52.099+0000][6328.044s][info][gc,heap     ] GC(1331) Eden regions: 793->0(795)
[2024-08-15T14:13:52.099+0000][6328.044s][info][gc,heap     ] GC(1331) Survivor regions: 7->6(100)
[2024-08-15T14:13:52.099+0000][6328.044s][info][gc,heap     ] GC(1331) Old regions: 405->405
[2024-08-15T14:13:52.099+0000][6328.044s][info][gc,heap     ] GC(1331) Archive regions: 2->2
[2024-08-15T14:13:52.099+0000][6328.044s][info][gc,heap     ] GC(1331) Humongous regions: 5->5
[2024-08-15T14:13:52.099+0000][6328.044s][info][gc,metaspace] GC(1331) Metaspace: 441362K(447680K)->441362K(447680K) NonClass: 386364K(389952K)->386364K(389952K) Class: 54997K(57728K)->54997K(57728K)
[2024-08-15T14:13:52.099+0000][6328.044s][info][gc          ] GC(1331) Pause Young (Normal) (G1 Evacuation Pause) 9679M->3326M(12288M) 37.839ms
[2024-08-15T14:13:52.099+0000][6328.044s][info][gc,cpu      ] GC(1331) User=0.22s Sys=0.00s Real=0.04s
[2024-08-15T14:13:57.605+0000][6333.549s][info][gc,start    ] GC(1332) Pause Young (Concurrent Start) (G1 Evacuation Pause)
[2024-08-15T14:13:57.605+0000][6333.549s][info][gc,task     ] GC(1332) Using 6 workers of 6 for evacuation
[2024-08-15T14:13:57.623+0000][6333.567s][info][gc,phases   ] GC(1332)   Pre Evacuate Collection Set: 0.6ms
[2024-08-15T14:13:57.623+0000][6333.567s][info][gc,phases   ] GC(1332)   Merge Heap Roots: 0.3ms
[2024-08-15T14:13:57.623+0000][6333.567s][info][gc,phases   ] GC(1332)   Evacuate Collection Set: 15.1ms
[2024-08-15T14:13:57.623+0000][6333.567s][info][gc,phases   ] GC(1332)   Post Evacuate Collection Set: 1.7ms
[2024-08-15T14:13:57.623+0000][6333.567s][info][gc,phases   ] GC(1332)   Other: 0.3ms
[2024-08-15T14:13:57.623+0000][6333.567s][info][gc,heap     ] GC(1332) Eden regions: 795->0(796)
[2024-08-15T14:13:57.623+0000][6333.567s][info][gc,heap     ] GC(1332) Survivor regions: 6->6(101)
[2024-08-15T14:13:57.623+0000][6333.567s][info][gc,heap     ] GC(1332) Old regions: 405->405
[2024-08-15T14:13:57.623+0000][6333.567s][info][gc,heap     ] GC(1332) Archive regions: 2->2
[2024-08-15T14:13:57.623+0000][6333.567s][info][gc,heap     ] GC(1332) Humongous regions: 5->5
[2024-08-15T14:13:57.623+0000][6333.567s][info][gc,metaspace] GC(1332) Metaspace: 441370K(447680K)->441370K(447680K) NonClass: 386373K(389952K)->386373K(389952K) Class: 54997K(57728K)->54997K(57728K)
[2024-08-15T14:13:57.623+0000][6333.567s][info][gc          ] GC(1332) Pause Young (Concurrent Start) (G1 Evacuation Pause) 9686M->3329M(12288M) 18.029ms
[2024-08-15T14:13:57.623+0000][6333.567s][info][gc,cpu      ] GC(1332) User=0.10s Sys=0.00s Real=0.01s
[2024-08-15T14:13:57.623+0000][6333.568s][info][gc          ] GC(1333) Concurrent Mark Cycle
[2024-08-15T14:13:57.623+0000][6333.568s][info][gc,marking  ] GC(1333) Concurrent Clear Claimed Marks
[2024-08-15T14:13:57.623+0000][6333.568s][info][gc,marking  ] GC(1333) Concurrent Clear Claimed Marks 0.474ms
[2024-08-15T14:13:57.623+0000][6333.568s][info][gc,marking  ] GC(1333) Concurrent Scan Root Regions
[2024-08-15T14:13:57.636+0000][6333.581s][info][gc,marking  ] GC(1333) Concurrent Scan Root Regions 12.543ms
[2024-08-15T14:13:57.636+0000][6333.581s][info][gc,marking  ] GC(1333) Concurrent Mark
[2024-08-15T14:13:57.636+0000][6333.581s][info][gc,marking  ] GC(1333) Concurrent Mark From Roots
[2024-08-15T14:13:57.636+0000][6333.581s][info][gc,task     ] GC(1333) Using 2 workers of 2 for marking
[2024-08-15T14:14:00.211+0000][6336.156s][info][gc,marking  ] GC(1333) Concurrent Mark From Roots 2575.151ms
[2024-08-15T14:14:00.211+0000][6336.156s][info][gc,marking  ] GC(1333) Concurrent Preclean
[2024-08-15T14:14:00.212+0000][6336.157s][info][gc,marking  ] GC(1333) Concurrent Preclean 1.231ms
[2024-08-15T14:14:00.213+0000][6336.157s][info][gc,start    ] GC(1333) Pause Remark
[2024-08-15T14:14:00.238+0000][6336.182s][info][gc          ] GC(1333) Pause Remark 5113M->5113M(12288M) 25.155ms
[2024-08-15T14:14:00.238+0000][6336.182s][info][gc,cpu      ] GC(1333) User=0.11s Sys=0.00s Real=0.03s
[2024-08-15T14:14:00.238+0000][6336.183s][info][gc,marking  ] GC(1333) Concurrent Mark 2601.987ms
[2024-08-15T14:14:00.238+0000][6336.183s][info][gc,marking  ] GC(1333) Concurrent Rebuild Remembered Sets
[2024-08-15T14:14:01.711+0000][6337.655s][info][gc,marking  ] GC(1333) Concurrent Rebuild Remembered Sets 1472.538ms
[2024-08-15T14:14:01.711+0000][6337.655s][info][gc,start    ] GC(1333) Pause Cleanup
[2024-08-15T14:14:01.711+0000][6337.656s][info][gc          ] GC(1333) Pause Cleanup 6173M->6173M(12288M) 0.732ms
[2024-08-15T14:14:01.711+0000][6337.656s][info][gc,cpu      ] GC(1333) User=0.01s Sys=0.00s Real=0.00s
[2024-08-15T14:14:01.712+0000][6337.656s][info][gc,marking  ] GC(1333) Concurrent Cleanup for Next Mark
[2024-08-15T14:14:01.729+0000][6337.673s][info][gc,marking  ] GC(1333) Concurrent Cleanup for Next Mark 16.958ms
[2024-08-15T14:14:01.729+0000][6337.673s][info][gc          ] GC(1333) Concurrent Mark Cycle 4105.668ms
[2024-08-15T14:14:06.407+0000][6342.351s][info][gc,start    ] GC(1334) Pause Young (Prepare Mixed) (G1 Evacuation Pause)
[2024-08-15T14:14:06.407+0000][6342.351s][info][gc,task     ] GC(1334) Using 6 workers of 6 for evacuation
[2024-08-15T14:14:06.430+0000][6342.374s][info][gc,phases   ] GC(1334)   Pre Evacuate Collection Set: 0.2ms
[2024-08-15T14:14:06.430+0000][6342.374s][info][gc,phases   ] GC(1334)   Merge Heap Roots: 0.3ms
[2024-08-15T14:14:06.430+0000][6342.374s][info][gc,phases   ] GC(1334)   Evacuate Collection Set: 20.7ms
[2024-08-15T14:14:06.430+0000][6342.374s][info][gc,phases   ] GC(1334)   Post Evacuate Collection Set: 1.8ms
[2024-08-15T14:14:06.430+0000][6342.375s][info][gc,phases   ] GC(1334)   Other: 0.2ms
[2024-08-15T14:14:06.430+0000][6342.375s][info][gc,heap     ] GC(1334) Eden regions: 796->0(67)
[2024-08-15T14:14:06.430+0000][6342.375s][info][gc,heap     ] GC(1334) Survivor regions: 6->9(101)
[2024-08-15T14:14:06.430+0000][6342.375s][info][gc,heap     ] GC(1334) Old regions: 405->405
[2024-08-15T14:14:06.430+0000][6342.375s][info][gc,heap     ] GC(1334) Archive regions: 2->2
[2024-08-15T14:14:06.430+0000][6342.375s][info][gc,heap     ] GC(1334) Humongous regions: 5->5
[2024-08-15T14:14:06.430+0000][6342.375s][info][gc,metaspace] GC(1334) Metaspace: 441370K(447680K)->441370K(447680K) NonClass: 386373K(389952K)->386373K(389952K) Class: 54997K(57728K)->54997K(57728K)
[2024-08-15T14:14:06.430+0000][6342.375s][info][gc          ] GC(1334) Pause Young (Prepare Mixed) (G1 Evacuation Pause) 9697M->3355M(12288M) 23.271ms
[2024-08-15T14:14:06.430+0000][6342.375s][info][gc,cpu      ] GC(1334) User=0.14s Sys=0.00s Real=0.02s
[2024-08-15T14:14:07.008+0000][6342.953s][info][gc,start    ] GC(1335) Pause Young (Mixed) (G1 Evacuation Pause)
[2024-08-15T14:14:07.008+0000][6342.953s][info][gc,task     ] GC(1335) Using 6 workers of 6 for evacuation
[2024-08-15T14:14:07.071+0000][6343.016s][info][gc,phases   ] GC(1335)   Pre Evacuate Collection Set: 0.2ms
[2024-08-15T14:14:07.071+0000][6343.016s][info][gc,phases   ] GC(1335)   Merge Heap Roots: 0.4ms
[2024-08-15T14:14:07.071+0000][6343.016s][info][gc,phases   ] GC(1335)   Evacuate Collection Set: 61.0ms
[2024-08-15T14:14:07.071+0000][6343.016s][info][gc,phases   ] GC(1335)   Post Evacuate Collection Set: 1.3ms
[2024-08-15T14:14:07.071+0000][6343.016s][info][gc,phases   ] GC(1335)   Other: 0.2ms
[2024-08-15T14:14:07.071+0000][6343.016s][info][gc,heap     ] GC(1335) Eden regions: 67->0(806)
[2024-08-15T14:14:07.071+0000][6343.016s][info][gc,heap     ] GC(1335) Survivor regions: 9->5(10)
[2024-08-15T14:14:07.071+0000][6343.016s][info][gc,heap     ] GC(1335) Old regions: 405->396
[2024-08-15T14:14:07.071+0000][6343.016s][info][gc,heap     ] GC(1335) Archive regions: 2->2
[2024-08-15T14:14:07.071+0000][6343.016s][info][gc,heap     ] GC(1335) Humongous regions: 5->5
[2024-08-15T14:14:07.071+0000][6343.016s][info][gc,metaspace] GC(1335) Metaspace: 441370K(447680K)->441370K(447680K) NonClass: 386373K(389952K)->386373K(389952K) Class: 54997K(57728K)->54997K(57728K)
[2024-08-15T14:14:07.071+0000][6343.016s][info][gc          ] GC(1335) Pause Young (Mixed) (G1 Evacuation Pause) 3891M->3248M(12288M) 63.115ms
[2024-08-15T14:14:07.071+0000][6343.016s][info][gc,cpu      ] GC(1335) User=0.38s Sys=0.00s Real=0.06s
[2024-08-15T14:14:15.832+0000][6351.776s][info][gc,start    ] GC(1336) Pause Young (Normal) (G1 Evacuation Pause)
[2024-08-15T14:14:15.832+0000][6351.776s][info][gc,task     ] GC(1336) Using 6 workers of 6 for evacuation
[2024-08-15T14:14:15.856+0000][6351.801s][info][gc,phases   ] GC(1336)   Pre Evacuate Collection Set: 0.2ms
[2024-08-15T14:14:15.856+0000][6351.801s][info][gc,phases   ] GC(1336)   Merge Heap Roots: 0.3ms
[2024-08-15T14:14:15.856+0000][6351.801s][info][gc,phases   ] GC(1336)   Evacuate Collection Set: 22.3ms
[2024-08-15T14:14:15.856+0000][6351.801s][info][gc,phases   ] GC(1336)   Post Evacuate Collection Set: 1.7ms
[2024-08-15T14:14:15.856+0000][6351.801s][info][gc,phases   ] GC(1336)   Other: 0.2ms
[2024-08-15T14:14:15.856+0000][6351.801s][info][gc,heap     ] GC(1336) Eden regions: 806->0(803)
[2024-08-15T14:14:15.856+0000][6351.801s][info][gc,heap     ] GC(1336) Survivor regions: 5->8(102)
[2024-08-15T14:14:15.856+0000][6351.801s][info][gc,heap     ] GC(1336) Old regions: 396->396
[2024-08-15T14:14:15.856+0000][6351.801s][info][gc,heap     ] GC(1336) Archive regions: 2->2
[2024-08-15T14:14:15.856+0000][6351.801s][info][gc,heap     ] GC(1336) Humongous regions: 5->5
[2024-08-15T14:14:15.856+0000][6351.801s][info][gc,metaspace] GC(1336) Metaspace: 441371K(447680K)->441371K(447680K) NonClass: 386373K(389952K)->386373K(389952K) Class: 54997K(57728K)->54997K(57728K)
[2024-08-15T14:14:15.856+0000][6351.801s][info][gc          ] GC(1336) Pause Young (Normal) (G1 Evacuation Pause) 9696M->3269M(12288M) 24.700ms
[2024-08-15T14:14:15.856+0000][6351.801s][info][gc,cpu      ] GC(1336) User=0.15s Sys=0.00s Real=0.03s
[2024-08-15T14:14:24.643+0000][6360.587s][info][gc,start    ] GC(1337) Pause Young (Normal) (G1 Evacuation Pause)
[2024-08-15T14:14:24.643+0000][6360.587s][info][gc,task     ] GC(1337) Using 6 workers of 6 for evacuation
[2024-08-15T14:14:24.669+0000][6360.614s][info][gc,phases   ] GC(1337)   Pre Evacuate Collection Set: 0.2ms
[2024-08-15T14:14:24.669+0000][6360.614s][info][gc,phases   ] GC(1337)   Merge Heap Roots: 0.3ms
[2024-08-15T14:14:24.669+0000][6360.614s][info][gc,phases   ] GC(1337)   Evacuate Collection Set: 24.1ms
[2024-08-15T14:14:24.669+0000][6360.614s][info][gc,phases   ] GC(1337)   Post Evacuate Collection Set: 1.7ms
[2024-08-15T14:14:24.669+0000][6360.614s][info][gc,phases   ] GC(1337)   Other: 0.2ms
[2024-08-15T14:14:24.669+0000][6360.614s][info][gc,heap     ] GC(1337) Eden regions: 803->0(800)
[2024-08-15T14:14:24.669+0000][6360.614s][info][gc,heap     ] GC(1337) Survivor regions: 8->11(102)
[2024-08-15T14:14:24.669+0000][6360.614s][info][gc,heap     ] GC(1337) Old regions: 396->396
[2024-08-15T14:14:24.669+0000][6360.614s][info][gc,heap     ] GC(1337) Archive regions: 2->2
[2024-08-15T14:14:24.669+0000][6360.614s][info][gc,heap     ] GC(1337) Humongous regions: 5->5
[2024-08-15T14:14:24.669+0000][6360.614s][info][gc,metaspace] GC(1337) Metaspace: 441371K(447680K)->441371K(447680K) NonClass: 386373K(389952K)->386373K(389952K) Class: 54997K(57728K)->54997K(57728K)
[2024-08-15T14:14:24.669+0000][6360.614s][info][gc          ] GC(1337) Pause Young (Normal) (G1 Evacuation Pause) 9693M->3298M(12288M) 26.537ms
[2024-08-15T14:14:24.669+0000][6360.614s][info][gc,cpu      ] GC(1337) User=0.16s Sys=0.00s Real=0.03s
[2024-08-15T14:14:33.338+0000][6369.283s][info][gc,start    ] GC(1338) Pause Young (Concurrent Start) (G1 Evacuation Pause)
[2024-08-15T14:14:33.338+0000][6369.283s][info][gc,task     ] GC(1338) Using 6 workers of 6 for evacuation
[2024-08-15T14:14:33.372+0000][6369.317s][info][gc,phases   ] GC(1338)   Pre Evacuate Collection Set: 0.6ms
[2024-08-15T14:14:33.372+0000][6369.317s][info][gc,phases   ] GC(1338)   Merge Heap Roots: 0.3ms
[2024-08-15T14:14:33.372+0000][6369.317s][info][gc,phases   ] GC(1338)   Evacuate Collection Set: 30.8ms
[2024-08-15T14:14:33.372+0000][6369.317s][info][gc,phases   ] GC(1338)   Post Evacuate Collection Set: 1.9ms
[2024-08-15T14:14:33.372+0000][6369.317s][info][gc,phases   ] GC(1338)   Other: 0.3ms
[2024-08-15T14:14:33.372+0000][6369.317s][info][gc,heap     ] GC(1338) Eden regions: 800->0(795)
[2024-08-15T14:14:33.372+0000][6369.317s][info][gc,heap     ] GC(1338) Survivor regions: 11->15(102)
[2024-08-15T14:14:33.372+0000][6369.317s][info][gc,heap     ] GC(1338) Old regions: 396->396
[2024-08-15T14:14:33.372+0000][6369.317s][info][gc,heap     ] GC(1338) Archive regions: 2->2
[2024-08-15T14:14:33.372+0000][6369.317s][info][gc,heap     ] GC(1338) Humongous regions: 5->5
[2024-08-15T14:14:33.372+0000][6369.317s][info][gc,metaspace] GC(1338) Metaspace: 441381K(447680K)->441381K(447680K) NonClass: 386383K(389952K)->386383K(389952K) Class: 54997K(57728K)->54997K(57728K)
[2024-08-15T14:14:33.372+0000][6369.317s][info][gc          ] GC(1338) Pause Young (Concurrent Start) (G1 Evacuation Pause) 9698M->3324M(12288M) 33.918ms
[2024-08-15T14:14:33.372+0000][6369.317s][info][gc,cpu      ] GC(1338) User=0.20s Sys=0.00s Real=0.03s
[2024-08-15T14:14:33.372+0000][6369.317s][info][gc          ] GC(1339) Concurrent Mark Cycle
[2024-08-15T14:14:33.372+0000][6369.317s][info][gc,marking  ] GC(1339) Concurrent Clear Claimed Marks
[2024-08-15T14:14:33.373+0000][6369.317s][info][gc,marking  ] GC(1339) Concurrent Clear Claimed Marks 0.429ms
[2024-08-15T14:14:33.373+0000][6369.317s][info][gc,marking  ] GC(1339) Concurrent Scan Root Regions
[2024-08-15T14:14:33.415+0000][6369.360s][info][gc,marking  ] GC(1339) Concurrent Scan Root Regions 42.215ms
[2024-08-15T14:14:33.415+0000][6369.360s][info][gc,marking  ] GC(1339) Concurrent Mark
[2024-08-15T14:14:33.415+0000][6369.360s][info][gc,marking  ] GC(1339) Concurrent Mark From Roots
[2024-08-15T14:14:33.415+0000][6369.360s][info][gc,task     ] GC(1339) Using 2 workers of 2 for marking
[2024-08-15T14:14:35.790+0000][6371.735s][info][gc,marking  ] GC(1339) Concurrent Mark From Roots 2375.479ms
[2024-08-15T14:14:35.790+0000][6371.735s][info][gc,marking  ] GC(1339) Concurrent Preclean
[2024-08-15T14:14:35.792+0000][6371.736s][info][gc,marking  ] GC(1339) Concurrent Preclean 1.273ms
[2024-08-15T14:14:35.792+0000][6371.737s][info][gc,start    ] GC(1339) Pause Remark
[2024-08-15T14:14:35.815+0000][6371.759s][info][gc          ] GC(1339) Pause Remark 4964M->4964M(12288M) 22.670ms
[2024-08-15T14:14:35.815+0000][6371.759s][info][gc,cpu      ] GC(1339) User=0.09s Sys=0.01s Real=0.02s
[2024-08-15T14:14:35.815+0000][6371.759s][info][gc,marking  ] GC(1339) Concurrent Mark 2399.853ms
[2024-08-15T14:14:35.815+0000][6371.759s][info][gc,marking  ] GC(1339) Concurrent Rebuild Remembered Sets
[2024-08-15T14:14:37.243+0000][6373.188s][info][gc,marking  ] GC(1339) Concurrent Rebuild Remembered Sets 1428.375ms
[2024-08-15T14:14:37.243+0000][6373.188s][info][gc,start    ] GC(1339) Pause Cleanup
[2024-08-15T14:14:37.244+0000][6373.189s][info][gc          ] GC(1339) Pause Cleanup 5924M->5924M(12288M) 0.670ms
[2024-08-15T14:14:37.244+0000][6373.189s][info][gc,cpu      ] GC(1339) User=0.00s Sys=0.00s Real=0.00s
[2024-08-15T14:14:37.244+0000][6373.189s][info][gc,marking  ] GC(1339) Concurrent Cleanup for Next Mark
[2024-08-15T14:14:37.262+0000][6373.207s][info][gc,marking  ] GC(1339) Concurrent Cleanup for Next Mark 17.952ms
[2024-08-15T14:14:37.262+0000][6373.207s][info][gc          ] GC(1339) Concurrent Mark Cycle 3889.929ms
[2024-08-15T14:14:42.037+0000][6377.981s][info][gc,start    ] GC(1340) Pause Young (Prepare Mixed) (G1 Evacuation Pause)
[2024-08-15T14:14:42.037+0000][6377.981s][info][gc,task     ] GC(1340) Using 6 workers of 6 for evacuation
[2024-08-15T14:14:42.073+0000][6378.018s][info][gc,phases   ] GC(1340)   Pre Evacuate Collection Set: 0.2ms
[2024-08-15T14:14:42.073+0000][6378.018s][info][gc,phases   ] GC(1340)   Merge Heap Roots: 0.4ms
[2024-08-15T14:14:42.073+0000][6378.018s][info][gc,phases   ] GC(1340)   Evacuate Collection Set: 34.2ms
[2024-08-15T14:14:42.073+0000][6378.018s][info][gc,phases   ] GC(1340)   Post Evacuate Collection Set: 1.9ms
[2024-08-15T14:14:42.073+0000][6378.018s][info][gc,phases   ] GC(1340)   Other: 0.2ms
[2024-08-15T14:14:42.073+0000][6378.018s][info][gc,heap     ] GC(1340) Eden regions: 795->0(60)
[2024-08-15T14:14:42.073+0000][6378.018s][info][gc,heap     ] GC(1340) Survivor regions: 15->16(102)
[2024-08-15T14:14:42.073+0000][6378.018s][info][gc,heap     ] GC(1340) Old regions: 396->396
[2024-08-15T14:14:42.073+0000][6378.018s][info][gc,heap     ] GC(1340) Archive regions: 2->2
[2024-08-15T14:14:42.073+0000][6378.018s][info][gc,heap     ] GC(1340) Humongous regions: 5->5
[2024-08-15T14:14:42.073+0000][6378.018s][info][gc,metaspace] GC(1340) Metaspace: 441382K(447680K)->441382K(447680K) NonClass: 386384K(389952K)->386384K(389952K) Class: 54997K(57728K)->54997K(57728K)
[2024-08-15T14:14:42.074+0000][6378.018s][info][gc          ] GC(1340) Pause Young (Prepare Mixed) (G1 Evacuation Pause) 9684M->3333M(12288M) 36.855ms
[2024-08-15T14:14:42.074+0000][6378.018s][info][gc,cpu      ] GC(1340) User=0.22s Sys=0.00s Real=0.03s
[2024-08-15T14:14:42.774+0000][6378.718s][info][gc,start    ] GC(1341) Pause Young (Mixed) (G1 Evacuation Pause)
[2024-08-15T14:14:42.774+0000][6378.718s][info][gc,task     ] GC(1341) Using 6 workers of 6 for evacuation
[2024-08-15T14:14:42.857+0000][6378.801s][info][gc,phases   ] GC(1341)   Pre Evacuate Collection Set: 0.2ms
[2024-08-15T14:14:42.857+0000][6378.801s][info][gc,phases   ] GC(1341)   Merge Heap Roots: 0.5ms
[2024-08-15T14:14:42.857+0000][6378.801s][info][gc,phases   ] GC(1341)   Evacuate Collection Set: 80.8ms
[2024-08-15T14:14:42.857+0000][6378.801s][info][gc,phases   ] GC(1341)   Post Evacuate Collection Set: 1.3ms
[2024-08-15T14:14:42.857+0000][6378.801s][info][gc,phases   ] GC(1341)   Other: 0.2ms
[2024-08-15T14:14:42.857+0000][6378.801s][info][gc,heap     ] GC(1341) Eden regions: 60->0(809)
[2024-08-15T14:14:42.857+0000][6378.801s][info][gc,heap     ] GC(1341) Survivor regions: 16->5(10)
[2024-08-15T14:14:42.857+0000][6378.801s][info][gc,heap     ] GC(1341) Old regions: 396->393
[2024-08-15T14:14:42.857+0000][6378.801s][info][gc,heap     ] GC(1341) Archive regions: 2->2
[2024-08-15T14:14:42.857+0000][6378.801s][info][gc,heap     ] GC(1341) Humongous regions: 5->5
[2024-08-15T14:14:42.857+0000][6378.801s][info][gc,metaspace] GC(1341) Metaspace: 441382K(447680K)->441382K(447680K) NonClass: 386384K(389952K)->386384K(389952K) Class: 54997K(57728K)->54997K(57728K)
[2024-08-15T14:14:42.857+0000][6378.801s][info][gc          ] GC(1341) Pause Young (Mixed) (G1 Evacuation Pause) 3813M->3222M(12288M) 83.056ms
[2024-08-15T14:14:42.857+0000][6378.802s][info][gc,cpu      ] GC(1341) User=0.49s Sys=0.00s Real=0.09s
[2024-08-15T14:14:51.746+0000][6387.690s][info][gc,start    ] GC(1342) Pause Young (Normal) (G1 Evacuation Pause)
[2024-08-15T14:14:51.746+0000][6387.690s][info][gc,task     ] GC(1342) Using 6 workers of 6 for evacuation
[2024-08-15T14:14:51.766+0000][6387.710s][info][gc,phases   ] GC(1342)   Pre Evacuate Collection Set: 0.2ms
[2024-08-15T14:14:51.766+0000][6387.710s][info][gc,phases   ] GC(1342)   Merge Heap Roots: 0.2ms
[2024-08-15T14:14:51.766+0000][6387.710s][info][gc,phases   ] GC(1342)   Evacuate Collection Set: 17.8ms
[2024-08-15T14:14:51.766+0000][6387.710s][info][gc,phases   ] GC(1342)   Post Evacuate Collection Set: 1.8ms
[2024-08-15T14:14:51.766+0000][6387.710s][info][gc,phases   ] GC(1342)   Other: 0.2ms
[2024-08-15T14:14:51.766+0000][6387.710s][info][gc,heap     ] GC(1342) Eden regions: 809->0(806)
[2024-08-15T14:14:51.766+0000][6387.710s][info][gc,heap     ] GC(1342) Survivor regions: 5->8(102)
[2024-08-15T14:14:51.766+0000][6387.710s][info][gc,heap     ] GC(1342) Old regions: 393->393
[2024-08-15T14:14:51.766+0000][6387.710s][info][gc,heap     ] GC(1342) Archive regions: 2->2
[2024-08-15T14:14:51.766+0000][6387.710s][info][gc,heap     ] GC(1342) Humongous regions: 5->5
[2024-08-15T14:14:51.766+0000][6387.710s][info][gc,metaspace] GC(1342) Metaspace: 441382K(447680K)->441382K(447680K) NonClass: 386384K(389952K)->386384K(389952K) Class: 54997K(57728K)->54997K(57728K)
[2024-08-15T14:14:51.766+0000][6387.710s][info][gc          ] GC(1342) Pause Young (Normal) (G1 Evacuation Pause) 9694M->3246M(12288M) 20.327ms
[2024-08-15T14:14:51.766+0000][6387.711s][info][gc,cpu      ] GC(1342) User=0.11s Sys=0.00s Real=0.02s
[2024-08-15T14:15:00.391+0000][6396.336s][info][gc,start    ] GC(1343) Pause Young (Normal) (G1 Evacuation Pause)
[2024-08-15T14:15:00.391+0000][6396.336s][info][gc,task     ] GC(1343) Using 6 workers of 6 for evacuation
[2024-08-15T14:15:00.414+0000][6396.359s][info][gc,phases   ] GC(1343)   Pre Evacuate Collection Set: 0.2ms
[2024-08-15T14:15:00.415+0000][6396.359s][info][gc,phases   ] GC(1343)   Merge Heap Roots: 0.2ms
[2024-08-15T14:15:00.415+0000][6396.359s][info][gc,phases   ] GC(1343)   Evacuate Collection Set: 21.2ms
[2024-08-15T14:15:00.415+0000][6396.359s][info][gc,phases   ] GC(1343)   Post Evacuate Collection Set: 1.8ms
[2024-08-15T14:15:00.415+0000][6396.359s][info][gc,phases   ] GC(1343)   Other: 0.2ms
[2024-08-15T14:15:00.415+0000][6396.359s][info][gc,heap     ] GC(1343) Eden regions: 806->0(805)
[2024-08-15T14:15:00.415+0000][6396.359s][info][gc,heap     ] GC(1343) Survivor regions: 8->9(102)
[2024-08-15T14:15:00.415+0000][6396.359s][info][gc,heap     ] GC(1343) Old regions: 393->393
[2024-08-15T14:15:00.415+0000][6396.359s][info][gc,heap     ] GC(1343) Archive regions: 2->2
[2024-08-15T14:15:00.415+0000][6396.359s][info][gc,heap     ] GC(1343) Humongous regions: 5->5
[2024-08-15T14:15:00.415+0000][6396.359s][info][gc,metaspace] GC(1343) Metaspace: 441383K(447680K)->441383K(447680K) NonClass: 386385K(389952K)->386385K(389952K) Class: 54997K(57728K)->54997K(57728K)
[2024-08-15T14:15:00.415+0000][6396.359s][info][gc          ] GC(1343) Pause Young (Normal) (G1 Evacuation Pause) 9694M->3258M(12288M) 23.713ms
[2024-08-15T14:15:00.415+0000][6396.359s][info][gc,cpu      ] GC(1343) User=0.13s Sys=0.01s Real=0.02s
[2024-08-15T14:15:09.233+0000][6405.177s][info][gc,start    ] GC(1344) Pause Young (Concurrent Start) (G1 Evacuation Pause)
[2024-08-15T14:15:09.233+0000][6405.177s][info][gc,task     ] GC(1344) Using 6 workers of 6 for evacuation
[2024-08-15T14:15:09.263+0000][6405.208s][info][gc,phases   ] GC(1344)   Pre Evacuate Collection Set: 0.6ms
[2024-08-15T14:15:09.263+0000][6405.208s][info][gc,phases   ] GC(1344)   Merge Heap Roots: 0.2ms
[2024-08-15T14:15:09.263+0000][6405.208s][info][gc,phases   ] GC(1344)   Evacuate Collection Set: 27.7ms
[2024-08-15T14:15:09.263+0000][6405.208s][info][gc,phases   ] GC(1344)   Post Evacuate Collection Set: 1.8ms
[2024-08-15T14:15:09.263+0000][6405.208s][info][gc,phases   ] GC(1344)   Other: 0.3ms
[2024-08-15T14:15:09.263+0000][6405.208s][info][gc,heap     ] GC(1344) Eden regions: 805->0(801)
[2024-08-15T14:15:09.263+0000][6405.208s][info][gc,heap     ] GC(1344) Survivor regions: 9->13(102)
[2024-08-15T14:15:09.263+0000][6405.208s][info][gc,heap     ] GC(1344) Old regions: 393->393
[2024-08-15T14:15:09.263+0000][6405.208s][info][gc,heap     ] GC(1344) Archive regions: 2->2
[2024-08-15T14:15:09.263+0000][6405.208s][info][gc,heap     ] GC(1344) Humongous regions: 5->5
[2024-08-15T14:15:09.263+0000][6405.208s][info][gc,metaspace] GC(1344) Metaspace: 441383K(447680K)->441383K(447680K) NonClass: 386385K(389952K)->386385K(389952K) Class: 54997K(57728K)->54997K(57728K)
[2024-08-15T14:15:09.263+0000][6405.208s][info][gc          ] GC(1344) Pause Young (Concurrent Start) (G1 Evacuation Pause) 9698M->3287M(12288M) 30.612ms
[2024-08-15T14:15:09.263+0000][6405.208s][info][gc,cpu      ] GC(1344) User=0.17s Sys=0.00s Real=0.04s
[2024-08-15T14:15:09.263+0000][6405.208s][info][gc          ] GC(1345) Concurrent Mark Cycle
[2024-08-15T14:15:09.263+0000][6405.208s][info][gc,marking  ] GC(1345) Concurrent Clear Claimed Marks
[2024-08-15T14:15:09.264+0000][6405.208s][info][gc,marking  ] GC(1345) Concurrent Clear Claimed Marks 0.442ms
[2024-08-15T14:15:09.264+0000][6405.209s][info][gc,marking  ] GC(1345) Concurrent Scan Root Regions
[2024-08-15T14:15:09.290+0000][6405.235s][info][gc,marking  ] GC(1345) Concurrent Scan Root Regions 26.566ms
[2024-08-15T14:15:09.290+0000][6405.235s][info][gc,marking  ] GC(1345) Concurrent Mark
[2024-08-15T14:15:09.290+0000][6405.235s][info][gc,marking  ] GC(1345) Concurrent Mark From Roots
[2024-08-15T14:15:09.291+0000][6405.235s][info][gc,task     ] GC(1345) Using 2 workers of 2 for marking
[2024-08-15T14:15:11.711+0000][6407.655s][info][gc,marking  ] GC(1345) Concurrent Mark From Roots 2420.070ms
[2024-08-15T14:15:11.711+0000][6407.655s][info][gc,marking  ] GC(1345) Concurrent Preclean
[2024-08-15T14:15:11.712+0000][6407.657s][info][gc,marking  ] GC(1345) Concurrent Preclean 1.377ms
[2024-08-15T14:15:11.712+0000][6407.657s][info][gc,start    ] GC(1345) Pause Remark
[2024-08-15T14:15:11.737+0000][6407.682s][info][gc          ] GC(1345) Pause Remark 4975M->4975M(12288M) 25.230ms
[2024-08-15T14:15:11.737+0000][6407.682s][info][gc,cpu      ] GC(1345) User=0.11s Sys=0.00s Real=0.03s
[2024-08-15T14:15:11.738+0000][6407.682s][info][gc,marking  ] GC(1345) Concurrent Mark 2447.096ms
[2024-08-15T14:15:11.738+0000][6407.682s][info][gc,marking  ] GC(1345) Concurrent Rebuild Remembered Sets
[2024-08-15T14:15:13.154+0000][6409.099s][info][gc,marking  ] GC(1345) Concurrent Rebuild Remembered Sets 1416.677ms
[2024-08-15T14:15:13.154+0000][6409.099s][info][gc,start    ] GC(1345) Pause Cleanup
[2024-08-15T14:15:13.155+0000][6409.100s][info][gc          ] GC(1345) Pause Cleanup 5939M->5939M(12288M) 0.698ms
[2024-08-15T14:15:13.155+0000][6409.100s][info][gc,cpu      ] GC(1345) User=0.00s Sys=0.00s Real=0.01s
[2024-08-15T14:15:13.155+0000][6409.100s][info][gc,marking  ] GC(1345) Concurrent Cleanup for Next Mark
[2024-08-15T14:15:13.184+0000][6409.129s][info][gc,marking  ] GC(1345) Concurrent Cleanup for Next Mark 29.074ms
[2024-08-15T14:15:13.184+0000][6409.129s][info][gc          ] GC(1345) Concurrent Mark Cycle 3921.043ms
[2024-08-15T14:15:18.382+0000][6414.327s][info][gc,start    ] GC(1346) Pause Young (Prepare Mixed) (G1 Evacuation Pause)
[2024-08-15T14:15:18.382+0000][6414.327s][info][gc,task     ] GC(1346) Using 6 workers of 6 for evacuation
[2024-08-15T14:15:18.426+0000][6414.370s][info][gc,phases   ] GC(1346)   Pre Evacuate Collection Set: 0.2ms
[2024-08-15T14:15:18.426+0000][6414.370s][info][gc,phases   ] GC(1346)   Merge Heap Roots: 0.3ms
[2024-08-15T14:15:18.426+0000][6414.370s][info][gc,phases   ] GC(1346)   Evacuate Collection Set: 40.9ms
[2024-08-15T14:15:18.426+0000][6414.370s][info][gc,phases   ] GC(1346)   Post Evacuate Collection Set: 1.9ms
[2024-08-15T14:15:18.426+0000][6414.370s][info][gc,phases   ] GC(1346)   Other: 0.2ms
[2024-08-15T14:15:18.426+0000][6414.370s][info][gc,heap     ] GC(1346) Eden regions: 801->0(60)
[2024-08-15T14:15:18.426+0000][6414.370s][info][gc,heap     ] GC(1346) Survivor regions: 13->16(102)
[2024-08-15T14:15:18.426+0000][6414.370s][info][gc,heap     ] GC(1346) Old regions: 393->393
[2024-08-15T14:15:18.426+0000][6414.370s][info][gc,heap     ] GC(1346) Archive regions: 2->2
[2024-08-15T14:15:18.426+0000][6414.370s][info][gc,heap     ] GC(1346) Humongous regions: 5->5
[2024-08-15T14:15:18.426+0000][6414.370s][info][gc,metaspace] GC(1346) Metaspace: 441383K(447680K)->441383K(447680K) NonClass: 386385K(389952K)->386385K(389952K) Class: 54997K(57728K)->54997K(57728K)
[2024-08-15T14:15:18.426+0000][6414.370s][info][gc          ] GC(1346) Pause Young (Prepare Mixed) (G1 Evacuation Pause) 9695M->3309M(12288M) 43.532ms
[2024-08-15T14:15:18.426+0000][6414.371s][info][gc,cpu      ] GC(1346) User=0.26s Sys=0.00s Real=0.05s
[2024-08-15T14:15:19.093+0000][6415.038s][info][gc,start    ] GC(1347) Pause Young (Mixed) (G1 Evacuation Pause)
[2024-08-15T14:15:19.093+0000][6415.038s][info][gc,task     ] GC(1347) Using 6 workers of 6 for evacuation
[2024-08-15T14:15:19.183+0000][6415.127s][info][gc,phases   ] GC(1347)   Pre Evacuate Collection Set: 0.2ms
[2024-08-15T14:15:19.183+0000][6415.127s][info][gc,phases   ] GC(1347)   Merge Heap Roots: 0.4ms
[2024-08-15T14:15:19.183+0000][6415.127s][info][gc,phases   ] GC(1347)   Evacuate Collection Set: 87.3ms
[2024-08-15T14:15:19.183+0000][6415.127s][info][gc,phases   ] GC(1347)   Post Evacuate Collection Set: 1.2ms
[2024-08-15T14:15:19.183+0000][6415.127s][info][gc,phases   ] GC(1347)   Other: 0.2ms
[2024-08-15T14:15:19.183+0000][6415.127s][info][gc,heap     ] GC(1347) Eden regions: 60->0(808)
[2024-08-15T14:15:19.183+0000][6415.127s][info][gc,heap     ] GC(1347) Survivor regions: 16->6(10)
[2024-08-15T14:15:19.183+0000][6415.127s][info][gc,heap     ] GC(1347) Old regions: 393->393
[2024-08-15T14:15:19.183+0000][6415.127s][info][gc,heap     ] GC(1347) Archive regions: 2->2
[2024-08-15T14:15:19.183+0000][6415.127s][info][gc,heap     ] GC(1347) Humongous regions: 5->5
[2024-08-15T14:15:19.183+0000][6415.127s][info][gc,metaspace] GC(1347) Metaspace: 441383K(447680K)->441383K(447680K) NonClass: 386385K(389952K)->386385K(389952K) Class: 54997K(57728K)->54997K(57728K)
[2024-08-15T14:15:19.183+0000][6415.127s][info][gc          ] GC(1347) Pause Young (Mixed) (G1 Evacuation Pause) 3789M->3226M(12288M) 89.351ms
[2024-08-15T14:15:19.183+0000][6415.127s][info][gc,cpu      ] GC(1347) User=0.54s Sys=0.00s Real=0.09s
[2024-08-15T14:15:23.154+0000][6419.098s][info][gc,start    ] GC(1348) Pause Young (Normal) (G1 Evacuation Pause)
[2024-08-15T14:15:23.154+0000][6419.098s][info][gc,task     ] GC(1348) Using 6 workers of 6 for evacuation
[2024-08-15T14:15:23.209+0000][6419.154s][info][gc,phases   ] GC(1348)   Pre Evacuate Collection Set: 0.2ms
[2024-08-15T14:15:23.210+0000][6419.154s][info][gc,phases   ] GC(1348)   Merge Heap Roots: 0.3ms
[2024-08-15T14:15:23.210+0000][6419.154s][info][gc,phases   ] GC(1348)   Evacuate Collection Set: 42.7ms
[2024-08-15T14:15:23.210+0000][6419.154s][info][gc,phases   ] GC(1348)   Post Evacuate Collection Set: 12.6ms
[2024-08-15T14:15:23.210+0000][6419.154s][info][gc,phases   ] GC(1348)   Other: 0.2ms
[2024-08-15T14:15:23.210+0000][6419.154s][info][gc,heap     ] GC(1348) Eden regions: 808->0(803)
[2024-08-15T14:15:23.210+0000][6419.154s][info][gc,heap     ] GC(1348) Survivor regions: 6->10(102)
[2024-08-15T14:15:23.210+0000][6419.154s][info][gc,heap     ] GC(1348) Old regions: 393->393
[2024-08-15T14:15:23.210+0000][6419.154s][info][gc,heap     ] GC(1348) Archive regions: 2->2
[2024-08-15T14:15:23.210+0000][6419.154s][info][gc,heap     ] GC(1348) Humongous regions: 5->5
[2024-08-15T14:15:23.210+0000][6419.154s][info][gc,metaspace] GC(1348) Metaspace: 441385K(447680K)->441385K(447680K) NonClass: 386387K(389952K)->386387K(389952K) Class: 54997K(57728K)->54997K(57728K)
[2024-08-15T14:15:23.210+0000][6419.154s][info][gc          ] GC(1348) Pause Young (Normal) (G1 Evacuation Pause) 9690M->3256M(12288M) 56.029ms
[2024-08-15T14:15:23.210+0000][6419.154s][info][gc,cpu      ] GC(1348) User=0.33s Sys=0.00s Real=0.06s
[2024-08-15T14:15:25.935+0000][6421.880s][info][gc,start    ] GC(1349) Pause Young (Normal) (G1 Evacuation Pause)
[2024-08-15T14:15:25.935+0000][6421.880s][info][gc,task     ] GC(1349) Using 6 workers of 6 for evacuation
[2024-08-15T14:15:26.007+0000][6421.952s][info][gc,phases   ] GC(1349)   Pre Evacuate Collection Set: 0.2ms
[2024-08-15T14:15:26.007+0000][6421.952s][info][gc,phases   ] GC(1349)   Merge Heap Roots: 0.2ms
[2024-08-15T14:15:26.007+0000][6421.952s][info][gc,phases   ] GC(1349)   Evacuate Collection Set: 55.6ms
[2024-08-15T14:15:26.007+0000][6421.952s][info][gc,phases   ] GC(1349)   Post Evacuate Collection Set: 15.7ms
[2024-08-15T14:15:26.007+0000][6421.952s][info][gc,phases   ] GC(1349)   Other: 0.2ms
[2024-08-15T14:15:26.007+0000][6421.952s][info][gc,heap     ] GC(1349) Eden regions: 803->0(798)
[2024-08-15T14:15:26.007+0000][6421.952s][info][gc,heap     ] GC(1349) Survivor regions: 10->14(102)
[2024-08-15T14:15:26.007+0000][6421.952s][info][gc,heap     ] GC(1349) Old regions: 393->393
[2024-08-15T14:15:26.007+0000][6421.952s][info][gc,heap     ] GC(1349) Archive regions: 2->2
[2024-08-15T14:15:26.007+0000][6421.952s][info][gc,heap     ] GC(1349) Humongous regions: 5->5
[2024-08-15T14:15:26.007+0000][6421.952s][info][gc,metaspace] GC(1349) Metaspace: 441385K(447680K)->441385K(447680K) NonClass: 386387K(389952K)->386387K(389952K) Class: 54997K(57728K)->54997K(57728K)
[2024-08-15T14:15:26.007+0000][6421.952s][info][gc          ] GC(1349) Pause Young (Normal) (G1 Evacuation Pause) 9680M->3288M(12288M) 71.988ms
[2024-08-15T14:15:26.007+0000][6421.952s][info][gc,cpu      ] GC(1349) User=0.42s Sys=0.00s Real=0.07s
[2024-08-15T14:15:28.500+0000][6424.444s][info][gc,start    ] GC(1350) Pause Young (Concurrent Start) (G1 Evacuation Pause)
[2024-08-15T14:15:28.500+0000][6424.444s][info][gc,task     ] GC(1350) Using 6 workers of 6 for evacuation
[2024-08-15T14:15:28.610+0000][6424.555s][info][gc,phases   ] GC(1350)   Pre Evacuate Collection Set: 0.6ms
[2024-08-15T14:15:28.610+0000][6424.555s][info][gc,phases   ] GC(1350)   Merge Heap Roots: 0.3ms
[2024-08-15T14:15:28.610+0000][6424.555s][info][gc,phases   ] GC(1350)   Evacuate Collection Set: 85.1ms
[2024-08-15T14:15:28.610+0000][6424.555s][info][gc,phases   ] GC(1350)   Post Evacuate Collection Set: 24.3ms
[2024-08-15T14:15:28.610+0000][6424.555s][info][gc,phases   ] GC(1350)   Other: 0.3ms
[2024-08-15T14:15:28.610+0000][6424.555s][info][gc,heap     ] GC(1350) Eden regions: 798->0(790)
[2024-08-15T14:15:28.610+0000][6424.555s][info][gc,heap     ] GC(1350) Survivor regions: 14->19(102)
[2024-08-15T14:15:28.610+0000][6424.555s][info][gc,heap     ] GC(1350) Old regions: 393->393
[2024-08-15T14:15:28.610+0000][6424.555s][info][gc,heap     ] GC(1350) Archive regions: 2->2
[2024-08-15T14:15:28.610+0000][6424.555s][info][gc,heap     ] GC(1350) Humongous regions: 5->5
[2024-08-15T14:15:28.610+0000][6424.555s][info][gc,metaspace] GC(1350) Metaspace: 441385K(447680K)->441385K(447680K) NonClass: 386387K(389952K)->386387K(389952K) Class: 54997K(57728K)->54997K(57728K)
[2024-08-15T14:15:28.610+0000][6424.555s][info][gc          ] GC(1350) Pause Young (Concurrent Start) (G1 Evacuation Pause) 9672M->3329M(12288M) 110.661ms
[2024-08-15T14:15:28.611+0000][6424.555s][info][gc,cpu      ] GC(1350) User=0.64s Sys=0.00s Real=0.11s
[2024-08-15T14:15:28.611+0000][6424.555s][info][gc          ] GC(1351) Concurrent Mark Cycle
[2024-08-15T14:15:28.611+0000][6424.555s][info][gc,marking  ] GC(1351) Concurrent Clear Claimed Marks
[2024-08-15T14:15:28.611+0000][6424.556s][info][gc,marking  ] GC(1351) Concurrent Clear Claimed Marks 0.450ms
[2024-08-15T14:15:28.611+0000][6424.556s][info][gc,marking  ] GC(1351) Concurrent Scan Root Regions
[2024-08-15T14:15:28.687+0000][6424.632s][info][gc,marking  ] GC(1351) Concurrent Scan Root Regions 76.370ms
[2024-08-15T14:15:28.687+0000][6424.632s][info][gc,marking  ] GC(1351) Concurrent Mark
[2024-08-15T14:15:28.687+0000][6424.632s][info][gc,marking  ] GC(1351) Concurrent Mark From Roots
[2024-08-15T14:15:28.688+0000][6424.632s][info][gc,task     ] GC(1351) Using 2 workers of 2 for marking
[2024-08-15T14:15:31.148+0000][6427.092s][info][gc,marking  ] GC(1351) Concurrent Mark From Roots 2460.037ms
[2024-08-15T14:15:31.148+0000][6427.092s][info][gc,marking  ] GC(1351) Concurrent Preclean
[2024-08-15T14:15:31.149+0000][6427.094s][info][gc,marking  ] GC(1351) Concurrent Preclean 1.642ms
[2024-08-15T14:15:31.149+0000][6427.094s][info][gc,start    ] GC(1351) Pause Remark
[2024-08-15T14:15:31.173+0000][6427.117s][info][gc          ] GC(1351) Pause Remark 8669M->8669M(12288M) 23.255ms
[2024-08-15T14:15:31.173+0000][6427.117s][info][gc,cpu      ] GC(1351) User=0.10s Sys=0.00s Real=0.02s
[2024-08-15T14:15:31.173+0000][6427.118s][info][gc,marking  ] GC(1351) Concurrent Mark 2485.436ms
[2024-08-15T14:15:31.173+0000][6427.118s][info][gc,marking  ] GC(1351) Concurrent Rebuild Remembered Sets
[2024-08-15T14:15:31.641+0000][6427.586s][info][gc,start    ] GC(1352) Pause Young (Normal) (G1 Evacuation Pause)
[2024-08-15T14:15:31.641+0000][6427.586s][info][gc,task     ] GC(1352) Using 6 workers of 6 for evacuation
[2024-08-15T14:15:31.750+0000][6427.694s][info][gc,phases   ] GC(1352)   Pre Evacuate Collection Set: 0.2ms
[2024-08-15T14:15:31.750+0000][6427.694s][info][gc,phases   ] GC(1352)   Merge Heap Roots: 0.7ms
[2024-08-15T14:15:31.750+0000][6427.694s][info][gc,phases   ] GC(1352)   Evacuate Collection Set: 86.2ms
[2024-08-15T14:15:31.750+0000][6427.694s][info][gc,phases   ] GC(1352)   Post Evacuate Collection Set: 21.0ms
[2024-08-15T14:15:31.750+0000][6427.694s][info][gc,phases   ] GC(1352)   Other: 0.2ms
[2024-08-15T14:15:31.750+0000][6427.694s][info][gc,heap     ] GC(1352) Eden regions: 790->0(786)
[2024-08-15T14:15:31.750+0000][6427.694s][info][gc,heap     ] GC(1352) Survivor regions: 19->21(102)
[2024-08-15T14:15:31.750+0000][6427.694s][info][gc,heap     ] GC(1352) Old regions: 393->393
[2024-08-15T14:15:31.750+0000][6427.694s][info][gc,heap     ] GC(1352) Archive regions: 2->2
[2024-08-15T14:15:31.750+0000][6427.694s][info][gc,heap     ] GC(1352) Humongous regions: 5->5
[2024-08-15T14:15:31.750+0000][6427.694s][info][gc,metaspace] GC(1352) Metaspace: 441385K(447680K)->441385K(447680K) NonClass: 386387K(389952K)->386387K(389952K) Class: 54997K(57728K)->54997K(57728K)
[2024-08-15T14:15:31.750+0000][6427.694s][info][gc          ] GC(1352) Pause Young (Normal) (G1 Evacuation Pause) 9649M->3350M(12288M) 108.424ms
[2024-08-15T14:15:31.750+0000][6427.695s][info][gc,cpu      ] GC(1352) User=0.62s Sys=0.00s Real=0.11s
[2024-08-15T14:15:32.736+0000][6428.681s][info][gc,marking  ] GC(1351) Concurrent Rebuild Remembered Sets 1563.253ms
[2024-08-15T14:15:32.736+0000][6428.681s][info][gc,start    ] GC(1351) Pause Cleanup
[2024-08-15T14:15:32.737+0000][6428.682s][info][gc          ] GC(1351) Pause Cleanup 5414M->5414M(12288M) 0.643ms
[2024-08-15T14:15:32.737+0000][6428.682s][info][gc,cpu      ] GC(1351) User=0.00s Sys=0.00s Real=0.00s
[2024-08-15T14:15:32.737+0000][6428.682s][info][gc,marking  ] GC(1351) Concurrent Cleanup for Next Mark
[2024-08-15T14:15:32.755+0000][6428.699s][info][gc,marking  ] GC(1351) Concurrent Cleanup for Next Mark 17.633ms
[2024-08-15T14:15:32.755+0000][6428.700s][info][gc          ] GC(1351) Concurrent Mark Cycle 4144.339ms
[2024-08-15T14:15:34.599+0000][6430.543s][info][gc,start    ] GC(1353) Pause Young (Prepare Mixed) (G1 Evacuation Pause)
[2024-08-15T14:15:34.599+0000][6430.543s][info][gc,task     ] GC(1353) Using 6 workers of 6 for evacuation
[2024-08-15T14:15:34.716+0000][6430.661s][info][gc,phases   ] GC(1353)   Pre Evacuate Collection Set: 0.2ms
[2024-08-15T14:15:34.716+0000][6430.661s][info][gc,phases   ] GC(1353)   Merge Heap Roots: 0.6ms
[2024-08-15T14:15:34.716+0000][6430.661s][info][gc,phases   ] GC(1353)   Evacuate Collection Set: 99.1ms
[2024-08-15T14:15:34.716+0000][6430.661s][info][gc,phases   ] GC(1353)   Post Evacuate Collection Set: 17.4ms
[2024-08-15T14:15:34.716+0000][6430.661s][info][gc,phases   ] GC(1353)   Other: 0.2ms
[2024-08-15T14:15:34.716+0000][6430.661s][info][gc,heap     ] GC(1353) Eden regions: 786->0(52)
[2024-08-15T14:15:34.716+0000][6430.661s][info][gc,heap     ] GC(1353) Survivor regions: 21->24(101)
[2024-08-15T14:15:34.716+0000][6430.661s][info][gc,heap     ] GC(1353) Old regions: 393->393
[2024-08-15T14:15:34.716+0000][6430.661s][info][gc,heap     ] GC(1353) Archive regions: 2->2
[2024-08-15T14:15:34.716+0000][6430.661s][info][gc,heap     ] GC(1353) Humongous regions: 5->5
[2024-08-15T14:15:34.716+0000][6430.661s][info][gc,metaspace] GC(1353) Metaspace: 441386K(447680K)->441386K(447680K) NonClass: 386388K(389952K)->386388K(389952K) Class: 54997K(57728K)->54997K(57728K)
[2024-08-15T14:15:34.716+0000][6430.661s][info][gc          ] GC(1353) Pause Young (Prepare Mixed) (G1 Evacuation Pause) 9638M->3374M(12288M) 117.560ms
[2024-08-15T14:15:34.716+0000][6430.661s][info][gc,cpu      ] GC(1353) User=0.69s Sys=0.00s Real=0.12s
[2024-08-15T14:15:34.908+0000][6430.852s][info][gc,start    ] GC(1354) Pause Young (Mixed) (G1 Evacuation Pause)
[2024-08-15T14:15:34.908+0000][6430.852s][info][gc,task     ] GC(1354) Using 6 workers of 6 for evacuation
[2024-08-15T14:15:35.028+0000][6430.972s][info][gc,phases   ] GC(1354)   Pre Evacuate Collection Set: 0.2ms
[2024-08-15T14:15:35.028+0000][6430.972s][info][gc,phases   ] GC(1354)   Merge Heap Roots: 0.4ms
[2024-08-15T14:15:35.028+0000][6430.972s][info][gc,phases   ] GC(1354)   Evacuate Collection Set: 116.8ms
[2024-08-15T14:15:35.028+0000][6430.972s][info][gc,phases   ] GC(1354)   Post Evacuate Collection Set: 2.6ms
[2024-08-15T14:15:35.028+0000][6430.972s][info][gc,phases   ] GC(1354)   Other: 0.2ms
[2024-08-15T14:15:35.028+0000][6430.972s][info][gc,heap     ] GC(1354) Eden regions: 52->0(795)
[2024-08-15T14:15:35.028+0000][6430.972s][info][gc,heap     ] GC(1354) Survivor regions: 24->3(10)
[2024-08-15T14:15:35.028+0000][6430.972s][info][gc,heap     ] GC(1354) Old regions: 393->406
[2024-08-15T14:15:35.028+0000][6430.972s][info][gc,heap     ] GC(1354) Archive regions: 2->2
[2024-08-15T14:15:35.028+0000][6430.972s][info][gc,heap     ] GC(1354) Humongous regions: 5->5
[2024-08-15T14:15:35.028+0000][6430.972s][info][gc,metaspace] GC(1354) Metaspace: 441386K(447680K)->441386K(447680K) NonClass: 386388K(389952K)->386388K(389952K) Class: 54997K(57728K)->54997K(57728K)
[2024-08-15T14:15:35.028+0000][6430.972s][info][gc          ] GC(1354) Pause Young (Mixed) (G1 Evacuation Pause) 3790M->3312M(12288M) 120.196ms
[2024-08-15T14:15:35.028+0000][6430.972s][info][gc,cpu      ] GC(1354) User=0.71s Sys=0.00s Real=0.12s
[2024-08-15T14:15:37.542+0000][6433.487s][info][gc,start    ] GC(1355) Pause Young (Normal) (G1 Evacuation Pause)
[2024-08-15T14:15:37.542+0000][6433.487s][info][gc,task     ] GC(1355) Using 6 workers of 6 for evacuation
[2024-08-15T14:15:37.614+0000][6433.558s][info][gc,phases   ] GC(1355)   Pre Evacuate Collection Set: 0.2ms
[2024-08-15T14:15:37.614+0000][6433.558s][info][gc,phases   ] GC(1355)   Merge Heap Roots: 0.3ms
[2024-08-15T14:15:37.614+0000][6433.558s][info][gc,phases   ] GC(1355)   Evacuate Collection Set: 52.8ms
[2024-08-15T14:15:37.614+0000][6433.558s][info][gc,phases   ] GC(1355)   Post Evacuate Collection Set: 17.7ms
[2024-08-15T14:15:37.614+0000][6433.558s][info][gc,phases   ] GC(1355)   Other: 0.2ms
[2024-08-15T14:15:37.614+0000][6433.558s][info][gc,heap     ] GC(1355) Eden regions: 795->0(792)
[2024-08-15T14:15:37.614+0000][6433.558s][info][gc,heap     ] GC(1355) Survivor regions: 3->6(100)
[2024-08-15T14:15:37.614+0000][6433.558s][info][gc,heap     ] GC(1355) Old regions: 406->406
[2024-08-15T14:15:37.614+0000][6433.558s][info][gc,heap     ] GC(1355) Archive regions: 2->2
[2024-08-15T14:15:37.614+0000][6433.558s][info][gc,heap     ] GC(1355) Humongous regions: 5->5
[2024-08-15T14:15:37.614+0000][6433.558s][info][gc,metaspace] GC(1355) Metaspace: 441386K(447680K)->441386K(447680K) NonClass: 386388K(389952K)->386388K(389952K) Class: 54997K(57728K)->54997K(57728K)
[2024-08-15T14:15:37.614+0000][6433.558s][info][gc          ] GC(1355) Pause Young (Normal) (G1 Evacuation Pause) 9672M->3336M(12288M) 71.232ms
[2024-08-15T14:15:37.614+0000][6433.558s][info][gc,cpu      ] GC(1355) User=0.42s Sys=0.00s Real=0.07s
[2024-08-15T14:15:40.117+0000][6436.062s][info][gc,start    ] GC(1356) Pause Young (Normal) (G1 Evacuation Pause)
[2024-08-15T14:15:40.117+0000][6436.062s][info][gc,task     ] GC(1356) Using 6 workers of 6 for evacuation
[2024-08-15T14:15:40.202+0000][6436.147s][info][gc,phases   ] GC(1356)   Pre Evacuate Collection Set: 0.2ms
[2024-08-15T14:15:40.202+0000][6436.147s][info][gc,phases   ] GC(1356)   Merge Heap Roots: 0.4ms
[2024-08-15T14:15:40.202+0000][6436.147s][info][gc,phases   ] GC(1356)   Evacuate Collection Set: 65.6ms
[2024-08-15T14:15:40.202+0000][6436.147s][info][gc,phases   ] GC(1356)   Post Evacuate Collection Set: 18.4ms
[2024-08-15T14:15:40.202+0000][6436.147s][info][gc,phases   ] GC(1356)   Other: 0.2ms
[2024-08-15T14:15:40.202+0000][6436.147s][info][gc,heap     ] GC(1356) Eden regions: 792->0(787)
[2024-08-15T14:15:40.202+0000][6436.147s][info][gc,heap     ] GC(1356) Survivor regions: 6->11(100)
[2024-08-15T14:15:40.202+0000][6436.147s][info][gc,heap     ] GC(1356) Old regions: 406->406
[2024-08-15T14:15:40.202+0000][6436.147s][info][gc,heap     ] GC(1356) Archive regions: 2->2
[2024-08-15T14:15:40.202+0000][6436.147s][info][gc,heap     ] GC(1356) Humongous regions: 5->5
[2024-08-15T14:15:40.202+0000][6436.147s][info][gc,metaspace] GC(1356) Metaspace: 441386K(447680K)->441386K(447680K) NonClass: 386388K(389952K)->386388K(389952K) Class: 54997K(57728K)->54997K(57728K)
[2024-08-15T14:15:40.202+0000][6436.147s][info][gc          ] GC(1356) Pause Young (Normal) (G1 Evacuation Pause) 9672M->3376M(12288M) 84.870ms
[2024-08-15T14:15:40.202+0000][6436.147s][info][gc,cpu      ] GC(1356) User=0.49s Sys=0.00s Real=0.08s
[2024-08-15T14:15:42.549+0000][6438.493s][info][gc,start    ] GC(1357) Pause Young (Concurrent Start) (G1 Evacuation Pause)
[2024-08-15T14:15:42.549+0000][6438.493s][info][gc,task     ] GC(1357) Using 6 workers of 6 for evacuation
[2024-08-15T14:15:42.648+0000][6438.593s][info][gc,phases   ] GC(1357)   Pre Evacuate Collection Set: 0.6ms
[2024-08-15T14:15:42.648+0000][6438.593s][info][gc,phases   ] GC(1357)   Merge Heap Roots: 0.3ms
[2024-08-15T14:15:42.648+0000][6438.593s][info][gc,phases   ] GC(1357)   Evacuate Collection Set: 79.4ms
[2024-08-15T14:15:42.648+0000][6438.593s][info][gc,phases   ] GC(1357)   Post Evacuate Collection Set: 18.8ms
[2024-08-15T14:15:42.648+0000][6438.593s][info][gc,phases   ] GC(1357)   Other: 0.3ms
[2024-08-15T14:15:42.648+0000][6438.593s][info][gc,heap     ] GC(1357) Eden regions: 787->0(784)
[2024-08-15T14:15:42.648+0000][6438.593s][info][gc,heap     ] GC(1357) Survivor regions: 11->15(100)
[2024-08-15T14:15:42.648+0000][6438.593s][info][gc,heap     ] GC(1357) Old regions: 406->406
[2024-08-15T14:15:42.648+0000][6438.593s][info][gc,heap     ] GC(1357) Archive regions: 2->2
[2024-08-15T14:15:42.648+0000][6438.593s][info][gc,heap     ] GC(1357) Humongous regions: 5->5
[2024-08-15T14:15:42.648+0000][6438.593s][info][gc,metaspace] GC(1357) Metaspace: 441387K(447680K)->441387K(447680K) NonClass: 386390K(389952K)->386390K(389952K) Class: 54997K(57728K)->54997K(57728K)
[2024-08-15T14:15:42.648+0000][6438.593s][info][gc          ] GC(1357) Pause Young (Concurrent Start) (G1 Evacuation Pause) 9672M->3407M(12288M) 99.504ms
[2024-08-15T14:15:42.648+0000][6438.593s][info][gc,cpu      ] GC(1357) User=0.57s Sys=0.00s Real=0.10s
[2024-08-15T14:15:42.648+0000][6438.593s][info][gc          ] GC(1358) Concurrent Mark Cycle
[2024-08-15T14:15:42.648+0000][6438.593s][info][gc,marking  ] GC(1358) Concurrent Clear Claimed Marks
[2024-08-15T14:15:42.649+0000][6438.593s][info][gc,marking  ] GC(1358) Concurrent Clear Claimed Marks 0.470ms
[2024-08-15T14:15:42.649+0000][6438.593s][info][gc,marking  ] GC(1358) Concurrent Scan Root Regions
[2024-08-15T14:15:42.695+0000][6438.639s][info][gc,marking  ] GC(1358) Concurrent Scan Root Regions 45.921ms
[2024-08-15T14:15:42.695+0000][6438.639s][info][gc,marking  ] GC(1358) Concurrent Mark
[2024-08-15T14:15:42.695+0000][6438.639s][info][gc,marking  ] GC(1358) Concurrent Mark From Roots
[2024-08-15T14:15:42.695+0000][6438.639s][info][gc,task     ] GC(1358) Using 2 workers of 2 for marking
[2024-08-15T14:15:45.285+0000][6441.229s][info][gc,marking  ] GC(1358) Concurrent Mark From Roots 2590.070ms
[2024-08-15T14:15:45.285+0000][6441.229s][info][gc,marking  ] GC(1358) Concurrent Preclean
[2024-08-15T14:15:45.286+0000][6441.230s][info][gc,marking  ] GC(1358) Concurrent Preclean 1.130ms
[2024-08-15T14:15:45.286+0000][6441.231s][info][gc,start    ] GC(1358) Pause Remark
[2024-08-15T14:15:45.309+0000][6441.254s][info][gc          ] GC(1358) Pause Remark 8503M->8503M(12288M) 23.223ms
[2024-08-15T14:15:45.309+0000][6441.254s][info][gc,cpu      ] GC(1358) User=0.09s Sys=0.00s Real=0.02s
[2024-08-15T14:15:45.309+0000][6441.254s][info][gc,marking  ] GC(1358) Concurrent Mark 2614.767ms
[2024-08-15T14:15:45.309+0000][6441.254s][info][gc,marking  ] GC(1358) Concurrent Rebuild Remembered Sets
[2024-08-15T14:15:45.806+0000][6441.751s][info][gc,start    ] GC(1359) Pause Young (Normal) (G1 Evacuation Pause)
[2024-08-15T14:15:45.806+0000][6441.751s][info][gc,task     ] GC(1359) Using 6 workers of 6 for evacuation
[2024-08-15T14:15:45.914+0000][6441.858s][info][gc,phases   ] GC(1359)   Pre Evacuate Collection Set: 0.1ms
[2024-08-15T14:15:45.914+0000][6441.858s][info][gc,phases   ] GC(1359)   Merge Heap Roots: 0.9ms
[2024-08-15T14:15:45.914+0000][6441.858s][info][gc,phases   ] GC(1359)   Evacuate Collection Set: 88.5ms
[2024-08-15T14:15:45.914+0000][6441.858s][info][gc,phases   ] GC(1359)   Post Evacuate Collection Set: 17.8ms
[2024-08-15T14:15:45.914+0000][6441.858s][info][gc,phases   ] GC(1359)   Other: 0.2ms
[2024-08-15T14:15:45.914+0000][6441.858s][info][gc,heap     ] GC(1359) Eden regions: 784->0(779)
[2024-08-15T14:15:45.914+0000][6441.858s][info][gc,heap     ] GC(1359) Survivor regions: 15->18(100)
[2024-08-15T14:15:45.914+0000][6441.858s][info][gc,heap     ] GC(1359) Old regions: 406->406
[2024-08-15T14:15:45.914+0000][6441.858s][info][gc,heap     ] GC(1359) Archive regions: 2->2
[2024-08-15T14:15:45.914+0000][6441.858s][info][gc,heap     ] GC(1359) Humongous regions: 5->5
[2024-08-15T14:15:45.914+0000][6441.858s][info][gc,metaspace] GC(1359) Metaspace: 441387K(447680K)->441387K(447680K) NonClass: 386390K(389952K)->386390K(389952K) Class: 54997K(57728K)->54997K(57728K)
[2024-08-15T14:15:45.914+0000][6441.858s][info][gc          ] GC(1359) Pause Young (Normal) (G1 Evacuation Pause) 9679M->3432M(12288M) 107.628ms
[2024-08-15T14:15:45.914+0000][6441.859s][info][gc,cpu      ] GC(1359) User=0.62s Sys=0.00s Real=0.10s
[2024-08-15T14:15:46.908+0000][6442.853s][info][gc,marking  ] GC(1358) Concurrent Rebuild Remembered Sets 1598.934ms
[2024-08-15T14:15:46.909+0000][6442.853s][info][gc,start    ] GC(1358) Pause Cleanup
[2024-08-15T14:15:46.909+0000][6442.854s][info][gc          ] GC(1358) Pause Cleanup 5604M->5604M(12288M) 0.622ms
[2024-08-15T14:15:46.909+0000][6442.854s][info][gc,cpu      ] GC(1358) User=0.00s Sys=0.00s Real=0.00s
[2024-08-15T14:15:46.909+0000][6442.854s][info][gc,marking  ] GC(1358) Concurrent Cleanup for Next Mark
[2024-08-15T14:15:46.926+0000][6442.871s][info][gc,marking  ] GC(1358) Concurrent Cleanup for Next Mark 16.896ms
[2024-08-15T14:15:46.926+0000][6442.871s][info][gc          ] GC(1358) Concurrent Mark Cycle 4278.104ms
[2024-08-15T14:15:48.477+0000][6444.422s][info][gc,start    ] GC(1360) Pause Young (Prepare Mixed) (G1 Evacuation Pause)
[2024-08-15T14:15:48.477+0000][6444.422s][info][gc,task     ] GC(1360) Using 6 workers of 6 for evacuation
[2024-08-15T14:15:48.599+0000][6444.543s][info][gc,phases   ] GC(1360)   Pre Evacuate Collection Set: 0.2ms
[2024-08-15T14:15:48.599+0000][6444.543s][info][gc,phases   ] GC(1360)   Merge Heap Roots: 0.7ms
[2024-08-15T14:15:48.599+0000][6444.543s][info][gc,phases   ] GC(1360)   Evacuate Collection Set: 101.3ms
[2024-08-15T14:15:48.599+0000][6444.543s][info][gc,phases   ] GC(1360)   Post Evacuate Collection Set: 19.4ms
[2024-08-15T14:15:48.599+0000][6444.543s][info][gc,phases   ] GC(1360)   Other: 0.2ms
[2024-08-15T14:15:48.599+0000][6444.543s][info][gc,heap     ] GC(1360) Eden regions: 779->0(54)
[2024-08-15T14:15:48.599+0000][6444.544s][info][gc,heap     ] GC(1360) Survivor regions: 18->22(100)
[2024-08-15T14:15:48.599+0000][6444.544s][info][gc,heap     ] GC(1360) Old regions: 406->406
[2024-08-15T14:15:48.599+0000][6444.544s][info][gc,heap     ] GC(1360) Archive regions: 2->2
[2024-08-15T14:15:48.599+0000][6444.544s][info][gc,heap     ] GC(1360) Humongous regions: 5->5
[2024-08-15T14:15:48.599+0000][6444.544s][info][gc,metaspace] GC(1360) Metaspace: 441387K(447680K)->441387K(447680K) NonClass: 386390K(389952K)->386390K(389952K) Class: 54997K(57728K)->54997K(57728K)
[2024-08-15T14:15:48.599+0000][6444.544s][info][gc          ] GC(1360) Pause Young (Prepare Mixed) (G1 Evacuation Pause) 9664M->3464M(12288M) 121.856ms
[2024-08-15T14:15:48.599+0000][6444.544s][info][gc,cpu      ] GC(1360) User=0.72s Sys=0.00s Real=0.12s
[2024-08-15T14:15:48.779+0000][6444.724s][info][gc,start    ] GC(1361) Pause Young (Mixed) (G1 Evacuation Pause)
[2024-08-15T14:15:48.779+0000][6444.724s][info][gc,task     ] GC(1361) Using 6 workers of 6 for evacuation
[2024-08-15T14:15:48.890+0000][6444.834s][info][gc,phases   ] GC(1361)   Pre Evacuate Collection Set: 0.2ms
[2024-08-15T14:15:48.890+0000][6444.834s][info][gc,phases   ] GC(1361)   Merge Heap Roots: 0.4ms
[2024-08-15T14:15:48.890+0000][6444.834s][info][gc,phases   ] GC(1361)   Evacuate Collection Set: 106.8ms
[2024-08-15T14:15:48.890+0000][6444.834s][info][gc,phases   ] GC(1361)   Post Evacuate Collection Set: 2.6ms
[2024-08-15T14:15:48.890+0000][6444.834s][info][gc,phases   ] GC(1361)   Other: 0.2ms
[2024-08-15T14:15:48.890+0000][6444.834s][info][gc,heap     ] GC(1361) Eden regions: 54->0(791)
[2024-08-15T14:15:48.890+0000][6444.834s][info][gc,heap     ] GC(1361) Survivor regions: 22->3(10)
[2024-08-15T14:15:48.890+0000][6444.834s][info][gc,heap     ] GC(1361) Old regions: 406->411
[2024-08-15T14:15:48.890+0000][6444.834s][info][gc,heap     ] GC(1361) Archive regions: 2->2
[2024-08-15T14:15:48.890+0000][6444.834s][info][gc,heap     ] GC(1361) Humongous regions: 5->5
[2024-08-15T14:15:48.890+0000][6444.834s][info][gc,metaspace] GC(1361) Metaspace: 441387K(447680K)->441387K(447680K) NonClass: 386390K(389952K)->386390K(389952K) Class: 54997K(57728K)->54997K(57728K)
[2024-08-15T14:15:48.890+0000][6444.834s][info][gc          ] GC(1361) Pause Young (Mixed) (G1 Evacuation Pause) 3896M->3355M(12288M) 110.318ms
[2024-08-15T14:15:48.890+0000][6444.834s][info][gc,cpu      ] GC(1361) User=0.65s Sys=0.00s Real=0.11s
[2024-08-15T14:15:51.395+0000][6447.339s][info][gc,start    ] GC(1362) Pause Young (Normal) (G1 Evacuation Pause)
[2024-08-15T14:15:51.395+0000][6447.339s][info][gc,task     ] GC(1362) Using 6 workers of 6 for evacuation
[2024-08-15T14:15:51.461+0000][6447.406s][info][gc,phases   ] GC(1362)   Pre Evacuate Collection Set: 0.2ms
[2024-08-15T14:15:51.461+0000][6447.406s][info][gc,phases   ] GC(1362)   Merge Heap Roots: 0.4ms
[2024-08-15T14:15:51.461+0000][6447.406s][info][gc,phases   ] GC(1362)   Evacuate Collection Set: 49.7ms
[2024-08-15T14:15:51.461+0000][6447.406s][info][gc,phases   ] GC(1362)   Post Evacuate Collection Set: 16.1ms
[2024-08-15T14:15:51.461+0000][6447.406s][info][gc,phases   ] GC(1362)   Other: 0.2ms
[2024-08-15T14:15:51.461+0000][6447.406s][info][gc,heap     ] GC(1362) Eden regions: 791->0(788)
[2024-08-15T14:15:51.461+0000][6447.406s][info][gc,heap     ] GC(1362) Survivor regions: 3->6(100)
[2024-08-15T14:15:51.461+0000][6447.406s][info][gc,heap     ] GC(1362) Old regions: 411->411
[2024-08-15T14:15:51.461+0000][6447.406s][info][gc,heap     ] GC(1362) Archive regions: 2->2
[2024-08-15T14:15:51.461+0000][6447.406s][info][gc,heap     ] GC(1362) Humongous regions: 5->5
[2024-08-15T14:15:51.461+0000][6447.406s][info][gc,metaspace] GC(1362) Metaspace: 441387K(447680K)->441387K(447680K) NonClass: 386390K(389952K)->386390K(389952K) Class: 54997K(57728K)->54997K(57728K)
[2024-08-15T14:15:51.461+0000][6447.406s][info][gc          ] GC(1362) Pause Young (Normal) (G1 Evacuation Pause) 9683M->3376M(12288M) 66.549ms
[2024-08-15T14:15:51.461+0000][6447.406s][info][gc,cpu      ] GC(1362) User=0.39s Sys=0.00s Real=0.07s
[2024-08-15T14:15:56.582+0000][6452.527s][info][gc,start    ] GC(1363) Pause Young (Normal) (G1 Evacuation Pause)
[2024-08-15T14:15:56.582+0000][6452.527s][info][gc,task     ] GC(1363) Using 6 workers of 6 for evacuation
[2024-08-15T14:15:56.640+0000][6452.585s][info][gc,phases   ] GC(1363)   Pre Evacuate Collection Set: 0.2ms
[2024-08-15T14:15:56.640+0000][6452.585s][info][gc,phases   ] GC(1363)   Merge Heap Roots: 0.3ms
[2024-08-15T14:15:56.640+0000][6452.585s][info][gc,phases   ] GC(1363)   Evacuate Collection Set: 47.3ms
[2024-08-15T14:15:56.641+0000][6452.585s][info][gc,phases   ] GC(1363)   Post Evacuate Collection Set: 10.1ms
[2024-08-15T14:15:56.641+0000][6452.585s][info][gc,phases   ] GC(1363)   Other: 0.2ms
[2024-08-15T14:15:56.641+0000][6452.585s][info][gc,heap     ] GC(1363) Eden regions: 788->0(784)
[2024-08-15T14:15:56.641+0000][6452.585s][info][gc,heap     ] GC(1363) Survivor regions: 6->10(100)
[2024-08-15T14:15:56.641+0000][6452.585s][info][gc,heap     ] GC(1363) Old regions: 411->411
[2024-08-15T14:15:56.641+0000][6452.585s][info][gc,heap     ] GC(1363) Archive regions: 2->2
[2024-08-15T14:15:56.641+0000][6452.585s][info][gc,heap     ] GC(1363) Humongous regions: 5->5
[2024-08-15T14:15:56.641+0000][6452.585s][info][gc,metaspace] GC(1363) Metaspace: 441387K(447680K)->441387K(447680K) NonClass: 386390K(389952K)->386390K(389952K) Class: 54997K(57728K)->54997K(57728K)
[2024-08-15T14:15:56.641+0000][6452.585s][info][gc          ] GC(1363) Pause Young (Normal) (G1 Evacuation Pause) 9680M->3411M(12288M) 58.159ms
[2024-08-15T14:15:56.641+0000][6452.585s][info][gc,cpu      ] GC(1363) User=0.34s Sys=0.00s Real=0.06s
[2024-08-15T14:16:05.174+0000][6461.119s][info][gc,start    ] GC(1364) Pause Young (Concurrent Start) (G1 Evacuation Pause)
[2024-08-15T14:16:05.174+0000][6461.119s][info][gc,task     ] GC(1364) Using 6 workers of 6 for evacuation
[2024-08-15T14:16:05.221+0000][6461.166s][info][gc,phases   ] GC(1364)   Pre Evacuate Collection Set: 0.6ms
[2024-08-15T14:16:05.221+0000][6461.166s][info][gc,phases   ] GC(1364)   Merge Heap Roots: 0.3ms
[2024-08-15T14:16:05.221+0000][6461.166s][info][gc,phases   ] GC(1364)   Evacuate Collection Set: 44.2ms
[2024-08-15T14:16:05.221+0000][6461.166s][info][gc,phases   ] GC(1364)   Post Evacuate Collection Set: 1.9ms
[2024-08-15T14:16:05.221+0000][6461.166s][info][gc,phases   ] GC(1364)   Other: 0.3ms
[2024-08-15T14:16:05.221+0000][6461.166s][info][gc,heap     ] GC(1364) Eden regions: 784->0(781)
[2024-08-15T14:16:05.221+0000][6461.166s][info][gc,heap     ] GC(1364) Survivor regions: 10->14(100)
[2024-08-15T14:16:05.221+0000][6461.166s][info][gc,heap     ] GC(1364) Old regions: 411->411
[2024-08-15T14:16:05.221+0000][6461.166s][info][gc,heap     ] GC(1364) Archive regions: 2->2
[2024-08-15T14:16:05.221+0000][6461.166s][info][gc,heap     ] GC(1364) Humongous regions: 5->5
[2024-08-15T14:16:05.221+0000][6461.166s][info][gc,metaspace] GC(1364) Metaspace: 441387K(447680K)->441387K(447680K) NonClass: 386390K(389952K)->386390K(389952K) Class: 54997K(57728K)->54997K(57728K)
[2024-08-15T14:16:05.221+0000][6461.166s][info][gc          ] GC(1364) Pause Young (Concurrent Start) (G1 Evacuation Pause) 9683M->3439M(12288M) 47.308ms
[2024-08-15T14:16:05.221+0000][6461.166s][info][gc,cpu      ] GC(1364) User=0.28s Sys=0.00s Real=0.05s
[2024-08-15T14:16:05.221+0000][6461.166s][info][gc          ] GC(1365) Concurrent Mark Cycle
[2024-08-15T14:16:05.221+0000][6461.166s][info][gc,marking  ] GC(1365) Concurrent Clear Claimed Marks
[2024-08-15T14:16:05.222+0000][6461.166s][info][gc,marking  ] GC(1365) Concurrent Clear Claimed Marks 0.448ms
[2024-08-15T14:16:05.222+0000][6461.166s][info][gc,marking  ] GC(1365) Concurrent Scan Root Regions
[2024-08-15T14:16:05.260+0000][6461.204s][info][gc,marking  ] GC(1365) Concurrent Scan Root Regions 37.738ms
[2024-08-15T14:16:05.260+0000][6461.204s][info][gc,marking  ] GC(1365) Concurrent Mark
[2024-08-15T14:16:05.260+0000][6461.204s][info][gc,marking  ] GC(1365) Concurrent Mark From Roots
[2024-08-15T14:16:05.260+0000][6461.204s][info][gc,task     ] GC(1365) Using 2 workers of 2 for marking
[2024-08-15T14:16:07.742+0000][6463.687s][info][gc,marking  ] GC(1365) Concurrent Mark From Roots 2482.376ms
[2024-08-15T14:16:07.742+0000][6463.687s][info][gc,marking  ] GC(1365) Concurrent Preclean
[2024-08-15T14:16:07.744+0000][6463.688s][info][gc,marking  ] GC(1365) Concurrent Preclean 1.628ms
[2024-08-15T14:16:07.744+0000][6463.689s][info][gc,start    ] GC(1365) Pause Remark
[2024-08-15T14:16:07.769+0000][6463.713s][info][gc          ] GC(1365) Pause Remark 5171M->5171M(12288M) 24.690ms
[2024-08-15T14:16:07.769+0000][6463.713s][info][gc,cpu      ] GC(1365) User=0.10s Sys=0.00s Real=0.02s
[2024-08-15T14:16:07.769+0000][6463.713s][info][gc,marking  ] GC(1365) Concurrent Mark 2509.202ms
[2024-08-15T14:16:07.769+0000][6463.714s][info][gc,marking  ] GC(1365) Concurrent Rebuild Remembered Sets
[2024-08-15T14:16:09.266+0000][6465.210s][info][gc,marking  ] GC(1365) Concurrent Rebuild Remembered Sets 1496.667ms
[2024-08-15T14:16:09.266+0000][6465.210s][info][gc,start    ] GC(1365) Pause Cleanup
[2024-08-15T14:16:09.266+0000][6465.211s][info][gc          ] GC(1365) Pause Cleanup 6263M->6263M(12288M) 0.648ms
[2024-08-15T14:16:09.267+0000][6465.211s][info][gc,cpu      ] GC(1365) User=0.00s Sys=0.00s Real=0.00s
[2024-08-15T14:16:09.267+0000][6465.211s][info][gc,marking  ] GC(1365) Concurrent Cleanup for Next Mark
[2024-08-15T14:16:09.284+0000][6465.228s][info][gc,marking  ] GC(1365) Concurrent Cleanup for Next Mark 17.117ms
[2024-08-15T14:16:09.284+0000][6465.228s][info][gc          ] GC(1365) Concurrent Mark Cycle 4062.439ms
[2024-08-15T14:16:13.977+0000][6469.922s][info][gc,start    ] GC(1366) Pause Young (Prepare Mixed) (G1 Evacuation Pause)
[2024-08-15T14:16:13.977+0000][6469.922s][info][gc,task     ] GC(1366) Using 6 workers of 6 for evacuation
[2024-08-15T14:16:14.024+0000][6469.969s][info][gc,phases   ] GC(1366)   Pre Evacuate Collection Set: 0.2ms
[2024-08-15T14:16:14.024+0000][6469.969s][info][gc,phases   ] GC(1366)   Merge Heap Roots: 0.4ms
[2024-08-15T14:16:14.024+0000][6469.969s][info][gc,phases   ] GC(1366)   Evacuate Collection Set: 44.7ms
[2024-08-15T14:16:14.024+0000][6469.969s][info][gc,phases   ] GC(1366)   Post Evacuate Collection Set: 1.9ms
[2024-08-15T14:16:14.024+0000][6469.969s][info][gc,phases   ] GC(1366)   Other: 0.2ms
[2024-08-15T14:16:14.024+0000][6469.969s][info][gc,heap     ] GC(1366) Eden regions: 781->0(59)
[2024-08-15T14:16:14.024+0000][6469.969s][info][gc,heap     ] GC(1366) Survivor regions: 14->17(100)
[2024-08-15T14:16:14.024+0000][6469.969s][info][gc,heap     ] GC(1366) Old regions: 411->411
[2024-08-15T14:16:14.024+0000][6469.969s][info][gc,heap     ] GC(1366) Archive regions: 2->2
[2024-08-15T14:16:14.024+0000][6469.969s][info][gc,heap     ] GC(1366) Humongous regions: 5->5
[2024-08-15T14:16:14.024+0000][6469.969s][info][gc,metaspace] GC(1366) Metaspace: 441391K(447680K)->441391K(447680K) NonClass: 386393K(389952K)->386393K(389952K) Class: 54997K(57728K)->54997K(57728K)
[2024-08-15T14:16:14.025+0000][6469.969s][info][gc          ] GC(1366) Pause Young (Prepare Mixed) (G1 Evacuation Pause) 9687M->3467M(12288M) 47.367ms
[2024-08-15T14:16:14.025+0000][6469.969s][info][gc,cpu      ] GC(1366) User=0.28s Sys=0.00s Real=0.05s
[2024-08-15T14:16:14.699+0000][6470.643s][info][gc,start    ] GC(1367) Pause Young (Mixed) (G1 Evacuation Pause)
[2024-08-15T14:16:14.699+0000][6470.643s][info][gc,task     ] GC(1367) Using 6 workers of 6 for evacuation
[2024-08-15T14:16:14.775+0000][6470.719s][info][gc,phases   ] GC(1367)   Pre Evacuate Collection Set: 0.2ms
[2024-08-15T14:16:14.775+0000][6470.719s][info][gc,phases   ] GC(1367)   Merge Heap Roots: 0.4ms
[2024-08-15T14:16:14.775+0000][6470.719s][info][gc,phases   ] GC(1367)   Evacuate Collection Set: 73.9ms
[2024-08-15T14:16:14.775+0000][6470.719s][info][gc,phases   ] GC(1367)   Post Evacuate Collection Set: 1.3ms
[2024-08-15T14:16:14.775+0000][6470.719s][info][gc,phases   ] GC(1367)   Other: 0.2ms
[2024-08-15T14:16:14.775+0000][6470.719s][info][gc,heap     ] GC(1367) Eden regions: 59->0(791)
[2024-08-15T14:16:14.775+0000][6470.719s][info][gc,heap     ] GC(1367) Survivor regions: 17->6(10)
[2024-08-15T14:16:14.775+0000][6470.719s][info][gc,heap     ] GC(1367) Old regions: 411->409
[2024-08-15T14:16:14.775+0000][6470.719s][info][gc,heap     ] GC(1367) Archive regions: 2->2
[2024-08-15T14:16:14.775+0000][6470.719s][info][gc,heap     ] GC(1367) Humongous regions: 5->5
[2024-08-15T14:16:14.775+0000][6470.719s][info][gc,metaspace] GC(1367) Metaspace: 441391K(447680K)->441391K(447680K) NonClass: 386393K(389952K)->386393K(389952K) Class: 54997K(57728K)->54997K(57728K)
[2024-08-15T14:16:14.775+0000][6470.719s][info][gc          ] GC(1367) Pause Young (Mixed) (G1 Evacuation Pause) 3939M->3358M(12288M) 75.997ms
[2024-08-15T14:16:14.775+0000][6470.719s][info][gc,cpu      ] GC(1367) User=0.46s Sys=0.00s Real=0.07s
[2024-08-15T14:16:23.463+0000][6479.408s][info][gc,start    ] GC(1368) Pause Young (Normal) (G1 Evacuation Pause)
[2024-08-15T14:16:23.463+0000][6479.408s][info][gc,task     ] GC(1368) Using 6 workers of 6 for evacuation
[2024-08-15T14:16:23.487+0000][6479.431s][info][gc,phases   ] GC(1368)   Pre Evacuate Collection Set: 0.2ms
[2024-08-15T14:16:23.487+0000][6479.431s][info][gc,phases   ] GC(1368)   Merge Heap Roots: 0.3ms
[2024-08-15T14:16:23.487+0000][6479.431s][info][gc,phases   ] GC(1368)   Evacuate Collection Set: 21.3ms
[2024-08-15T14:16:23.487+0000][6479.431s][info][gc,phases   ] GC(1368)   Post Evacuate Collection Set: 1.7ms
[2024-08-15T14:16:23.487+0000][6479.431s][info][gc,phases   ] GC(1368)   Other: 0.2ms
[2024-08-15T14:16:23.487+0000][6479.431s][info][gc,heap     ] GC(1368) Eden regions: 791->0(787)
[2024-08-15T14:16:23.487+0000][6479.431s][info][gc,heap     ] GC(1368) Survivor regions: 6->9(100)
[2024-08-15T14:16:23.487+0000][6479.431s][info][gc,heap     ] GC(1368) Old regions: 409->409
[2024-08-15T14:16:23.487+0000][6479.431s][info][gc,heap     ] GC(1368) Archive regions: 2->2
[2024-08-15T14:16:23.487+0000][6479.431s][info][gc,heap     ] GC(1368) Humongous regions: 5->5
[2024-08-15T14:16:23.487+0000][6479.431s][info][gc,metaspace] GC(1368) Metaspace: 441391K(447680K)->441391K(447680K) NonClass: 386394K(389952K)->386394K(389952K) Class: 54997K(57728K)->54997K(57728K)
[2024-08-15T14:16:23.487+0000][6479.431s][info][gc          ] GC(1368) Pause Young (Normal) (G1 Evacuation Pause) 9686M->3380M(12288M) 23.761ms
[2024-08-15T14:16:23.487+0000][6479.431s][info][gc,cpu      ] GC(1368) User=0.13s Sys=0.00s Real=0.03s
[2024-08-15T14:16:31.864+0000][6487.809s][info][gc,start    ] GC(1369) Pause Young (Normal) (G1 Evacuation Pause)
[2024-08-15T14:16:31.864+0000][6487.809s][info][gc,task     ] GC(1369) Using 6 workers of 6 for evacuation
[2024-08-15T14:16:31.895+0000][6487.839s][info][gc,phases   ] GC(1369)   Pre Evacuate Collection Set: 0.2ms
[2024-08-15T14:16:31.895+0000][6487.839s][info][gc,phases   ] GC(1369)   Merge Heap Roots: 0.3ms
[2024-08-15T14:16:31.895+0000][6487.839s][info][gc,phases   ] GC(1369)   Evacuate Collection Set: 28.3ms
[2024-08-15T14:16:31.895+0000][6487.839s][info][gc,phases   ] GC(1369)   Post Evacuate Collection Set: 1.8ms
[2024-08-15T14:16:31.895+0000][6487.839s][info][gc,phases   ] GC(1369)   Other: 0.2ms
[2024-08-15T14:16:31.895+0000][6487.839s][info][gc,heap     ] GC(1369) Eden regions: 787->0(787)
[2024-08-15T14:16:31.895+0000][6487.839s][info][gc,heap     ] GC(1369) Survivor regions: 9->10(100)
[2024-08-15T14:16:31.895+0000][6487.839s][info][gc,heap     ] GC(1369) Old regions: 409->409
[2024-08-15T14:16:31.895+0000][6487.839s][info][gc,heap     ] GC(1369) Archive regions: 2->2
[2024-08-15T14:16:31.895+0000][6487.839s][info][gc,heap     ] GC(1369) Humongous regions: 5->5
[2024-08-15T14:16:31.895+0000][6487.839s][info][gc,metaspace] GC(1369) Metaspace: 441391K(447680K)->441391K(447680K) NonClass: 386394K(389952K)->386394K(389952K) Class: 54997K(57728K)->54997K(57728K)
[2024-08-15T14:16:31.895+0000][6487.840s][info][gc          ] GC(1369) Pause Young (Normal) (G1 Evacuation Pause) 9676M->3386M(12288M) 30.798ms
[2024-08-15T14:16:31.895+0000][6487.840s][info][gc,cpu      ] GC(1369) User=0.18s Sys=0.01s Real=0.02s
[2024-08-15T14:16:40.065+0000][6496.010s][info][gc,start    ] GC(1370) Pause Young (Concurrent Start) (G1 Evacuation Pause)
[2024-08-15T14:16:40.065+0000][6496.010s][info][gc,task     ] GC(1370) Using 6 workers of 6 for evacuation
[2024-08-15T14:16:40.096+0000][6496.041s][info][gc,phases   ] GC(1370)   Pre Evacuate Collection Set: 0.6ms
[2024-08-15T14:16:40.096+0000][6496.041s][info][gc,phases   ] GC(1370)   Merge Heap Roots: 0.3ms
[2024-08-15T14:16:40.096+0000][6496.041s][info][gc,phases   ] GC(1370)   Evacuate Collection Set: 28.4ms
[2024-08-15T14:16:40.096+0000][6496.041s][info][gc,phases   ] GC(1370)   Post Evacuate Collection Set: 1.8ms
[2024-08-15T14:16:40.096+0000][6496.041s][info][gc,phases   ] GC(1370)   Other: 0.3ms
[2024-08-15T14:16:40.096+0000][6496.041s][info][gc,heap     ] GC(1370) Eden regions: 787->0(786)
[2024-08-15T14:16:40.096+0000][6496.041s][info][gc,heap     ] GC(1370) Survivor regions: 10->12(100)
[2024-08-15T14:16:40.096+0000][6496.041s][info][gc,heap     ] GC(1370) Old regions: 409->409
[2024-08-15T14:16:40.096+0000][6496.041s][info][gc,heap     ] GC(1370) Archive regions: 2->2
[2024-08-15T14:16:40.096+0000][6496.041s][info][gc,heap     ] GC(1370) Humongous regions: 5->5
[2024-08-15T14:16:40.096+0000][6496.041s][info][gc,metaspace] GC(1370) Metaspace: 441404K(447744K)->441404K(447744K) NonClass: 386406K(390016K)->386406K(390016K) Class: 54997K(57728K)->54997K(57728K)
[2024-08-15T14:16:40.096+0000][6496.041s][info][gc          ] GC(1370) Pause Young (Concurrent Start) (G1 Evacuation Pause) 9682M->3400M(12288M) 31.442ms
[2024-08-15T14:16:40.096+0000][6496.041s][info][gc,cpu      ] GC(1370) User=0.18s Sys=0.00s Real=0.03s
[2024-08-15T14:16:40.096+0000][6496.041s][info][gc          ] GC(1371) Concurrent Mark Cycle
[2024-08-15T14:16:40.097+0000][6496.041s][info][gc,marking  ] GC(1371) Concurrent Clear Claimed Marks
[2024-08-15T14:16:40.097+0000][6496.042s][info][gc,marking  ] GC(1371) Concurrent Clear Claimed Marks 0.428ms
[2024-08-15T14:16:40.097+0000][6496.042s][info][gc,marking  ] GC(1371) Concurrent Scan Root Regions
[2024-08-15T14:16:40.122+0000][6496.067s][info][gc,marking  ] GC(1371) Concurrent Scan Root Regions 25.229ms
[2024-08-15T14:16:40.122+0000][6496.067s][info][gc,marking  ] GC(1371) Concurrent Mark
[2024-08-15T14:16:40.122+0000][6496.067s][info][gc,marking  ] GC(1371) Concurrent Mark From Roots
[2024-08-15T14:16:40.122+0000][6496.067s][info][gc,task     ] GC(1371) Using 2 workers of 2 for marking
[2024-08-15T14:16:42.573+0000][6498.518s][info][gc,marking  ] GC(1371) Concurrent Mark From Roots 2450.783ms
[2024-08-15T14:16:42.573+0000][6498.518s][info][gc,marking  ] GC(1371) Concurrent Preclean
[2024-08-15T14:16:42.574+0000][6498.519s][info][gc,marking  ] GC(1371) Concurrent Preclean 1.250ms
[2024-08-15T14:16:42.574+0000][6498.519s][info][gc,start    ] GC(1371) Pause Remark
[2024-08-15T14:16:42.597+0000][6498.542s][info][gc          ] GC(1371) Pause Remark 5004M->5004M(12288M) 22.597ms
[2024-08-15T14:16:42.597+0000][6498.542s][info][gc,cpu      ] GC(1371) User=0.09s Sys=0.00s Real=0.03s
[2024-08-15T14:16:42.597+0000][6498.542s][info][gc,marking  ] GC(1371) Concurrent Mark 2475.045ms
[2024-08-15T14:16:42.597+0000][6498.542s][info][gc,marking  ] GC(1371) Concurrent Rebuild Remembered Sets
[2024-08-15T14:16:44.085+0000][6500.030s][info][gc,marking  ] GC(1371) Concurrent Rebuild Remembered Sets 1487.980ms
[2024-08-15T14:16:44.086+0000][6500.030s][info][gc,start    ] GC(1371) Pause Cleanup
[2024-08-15T14:16:44.086+0000][6500.031s][info][gc          ] GC(1371) Pause Cleanup 6048M->6048M(12288M) 0.615ms
[2024-08-15T14:16:44.086+0000][6500.031s][info][gc,cpu      ] GC(1371) User=0.00s Sys=0.00s Real=0.00s
[2024-08-15T14:16:44.086+0000][6500.031s][info][gc,marking  ] GC(1371) Concurrent Cleanup for Next Mark
[2024-08-15T14:16:44.103+0000][6500.048s][info][gc,marking  ] GC(1371) Concurrent Cleanup for Next Mark 16.863ms
[2024-08-15T14:16:44.103+0000][6500.048s][info][gc          ] GC(1371) Concurrent Mark Cycle 4006.658ms
[2024-08-15T14:16:49.136+0000][6505.081s][info][gc,start    ] GC(1372) Pause Young (Prepare Mixed) (G1 Evacuation Pause)
[2024-08-15T14:16:49.136+0000][6505.081s][info][gc,task     ] GC(1372) Using 6 workers of 6 for evacuation
[2024-08-15T14:16:49.173+0000][6505.117s][info][gc,phases   ] GC(1372)   Pre Evacuate Collection Set: 0.2ms
[2024-08-15T14:16:49.173+0000][6505.117s][info][gc,phases   ] GC(1372)   Merge Heap Roots: 0.4ms
[2024-08-15T14:16:49.173+0000][6505.117s][info][gc,phases   ] GC(1372)   Evacuate Collection Set: 33.8ms
[2024-08-15T14:16:49.173+0000][6505.117s][info][gc,phases   ] GC(1372)   Post Evacuate Collection Set: 1.8ms
[2024-08-15T14:16:49.173+0000][6505.117s][info][gc,phases   ] GC(1372)   Other: 0.2ms
[2024-08-15T14:16:49.173+0000][6505.117s][info][gc,heap     ] GC(1372) Eden regions: 786->0(61)
[2024-08-15T14:16:49.173+0000][6505.117s][info][gc,heap     ] GC(1372) Survivor regions: 12->15(100)
[2024-08-15T14:16:49.173+0000][6505.117s][info][gc,heap     ] GC(1372) Old regions: 409->409
[2024-08-15T14:16:49.173+0000][6505.117s][info][gc,heap     ] GC(1372) Archive regions: 2->2
[2024-08-15T14:16:49.173+0000][6505.117s][info][gc,heap     ] GC(1372) Humongous regions: 5->5
[2024-08-15T14:16:49.173+0000][6505.117s][info][gc,metaspace] GC(1372) Metaspace: 441404K(447744K)->441404K(447744K) NonClass: 386406K(390016K)->386406K(390016K) Class: 54997K(57728K)->54997K(57728K)
[2024-08-15T14:16:49.173+0000][6505.117s][info][gc          ] GC(1372) Pause Young (Prepare Mixed) (G1 Evacuation Pause) 9688M->3425M(12288M) 36.399ms
[2024-08-15T14:16:49.173+0000][6505.117s][info][gc,cpu      ] GC(1372) User=0.22s Sys=0.00s Real=0.03s
[2024-08-15T14:16:49.829+0000][6505.773s][info][gc,start    ] GC(1373) Pause Young (Mixed) (G1 Evacuation Pause)
[2024-08-15T14:16:49.829+0000][6505.773s][info][gc,task     ] GC(1373) Using 6 workers of 6 for evacuation
[2024-08-15T14:16:49.904+0000][6505.849s][info][gc,phases   ] GC(1373)   Pre Evacuate Collection Set: 0.2ms
[2024-08-15T14:16:49.904+0000][6505.849s][info][gc,phases   ] GC(1373)   Merge Heap Roots: 0.4ms
[2024-08-15T14:16:49.904+0000][6505.849s][info][gc,phases   ] GC(1373)   Evacuate Collection Set: 73.0ms
[2024-08-15T14:16:49.904+0000][6505.849s][info][gc,phases   ] GC(1373)   Post Evacuate Collection Set: 1.4ms
[2024-08-15T14:16:49.904+0000][6505.849s][info][gc,phases   ] GC(1373)   Other: 0.2ms
[2024-08-15T14:16:49.904+0000][6505.849s][info][gc,heap     ] GC(1373) Eden regions: 61->0(795)
[2024-08-15T14:16:49.904+0000][6505.849s][info][gc,heap     ] GC(1373) Survivor regions: 15->5(10)
[2024-08-15T14:16:49.904+0000][6505.849s][info][gc,heap     ] GC(1373) Old regions: 409->407
[2024-08-15T14:16:49.904+0000][6505.849s][info][gc,heap     ] GC(1373) Archive regions: 2->2
[2024-08-15T14:16:49.904+0000][6505.849s][info][gc,heap     ] GC(1373) Humongous regions: 5->5
[2024-08-15T14:16:49.904+0000][6505.849s][info][gc,metaspace] GC(1373) Metaspace: 441404K(447744K)->441404K(447744K) NonClass: 386406K(390016K)->386406K(390016K) Class: 54997K(57728K)->54997K(57728K)
[2024-08-15T14:16:49.904+0000][6505.849s][info][gc          ] GC(1373) Pause Young (Mixed) (G1 Evacuation Pause) 3913M->3331M(12288M) 75.219ms
[2024-08-15T14:16:49.904+0000][6505.849s][info][gc,cpu      ] GC(1373) User=0.45s Sys=0.00s Real=0.08s
[2024-08-15T14:16:58.521+0000][6514.466s][info][gc,start    ] GC(1374) Pause Young (Normal) (G1 Evacuation Pause)
[2024-08-15T14:16:58.521+0000][6514.466s][info][gc,task     ] GC(1374) Using 6 workers of 6 for evacuation
[2024-08-15T14:16:58.542+0000][6514.487s][info][gc,phases   ] GC(1374)   Pre Evacuate Collection Set: 0.2ms
[2024-08-15T14:16:58.542+0000][6514.487s][info][gc,phases   ] GC(1374)   Merge Heap Roots: 0.3ms
[2024-08-15T14:16:58.542+0000][6514.487s][info][gc,phases   ] GC(1374)   Evacuate Collection Set: 18.7ms
[2024-08-15T14:16:58.542+0000][6514.487s][info][gc,phases   ] GC(1374)   Post Evacuate Collection Set: 1.7ms
[2024-08-15T14:16:58.542+0000][6514.487s][info][gc,phases   ] GC(1374)   Other: 0.2ms
[2024-08-15T14:16:58.542+0000][6514.487s][info][gc,heap     ] GC(1374) Eden regions: 795->0(792)
[2024-08-15T14:16:58.542+0000][6514.487s][info][gc,heap     ] GC(1374) Survivor regions: 5->8(100)
[2024-08-15T14:16:58.542+0000][6514.487s][info][gc,heap     ] GC(1374) Old regions: 407->407
[2024-08-15T14:16:58.542+0000][6514.487s][info][gc,heap     ] GC(1374) Archive regions: 2->2
[2024-08-15T14:16:58.542+0000][6514.487s][info][gc,heap     ] GC(1374) Humongous regions: 5->5
[2024-08-15T14:16:58.542+0000][6514.487s][info][gc,metaspace] GC(1374) Metaspace: 441404K(447744K)->441404K(447744K) NonClass: 386406K(390016K)->386406K(390016K) Class: 54997K(57728K)->54997K(57728K)
[2024-08-15T14:16:58.542+0000][6514.487s][info][gc          ] GC(1374) Pause Young (Normal) (G1 Evacuation Pause) 9691M->3355M(12288M) 21.061ms
[2024-08-15T14:16:58.542+0000][6514.487s][info][gc,cpu      ] GC(1374) User=0.12s Sys=0.00s Real=0.02s
[2024-08-15T14:17:07.049+0000][6522.993s][info][gc,start    ] GC(1375) Pause Young (Normal) (G1 Evacuation Pause)
[2024-08-15T14:17:07.049+0000][6522.993s][info][gc,task     ] GC(1375) Using 6 workers of 6 for evacuation
[2024-08-15T14:17:07.079+0000][6523.023s][info][gc,phases   ] GC(1375)   Pre Evacuate Collection Set: 0.2ms
[2024-08-15T14:17:07.079+0000][6523.023s][info][gc,phases   ] GC(1375)   Merge Heap Roots: 0.3ms
[2024-08-15T14:17:07.079+0000][6523.023s][info][gc,phases   ] GC(1375)   Evacuate Collection Set: 27.7ms
[2024-08-15T14:17:07.079+0000][6523.023s][info][gc,phases   ] GC(1375)   Post Evacuate Collection Set: 1.7ms
[2024-08-15T14:17:07.079+0000][6523.023s][info][gc,phases   ] GC(1375)   Other: 0.2ms
[2024-08-15T14:17:07.079+0000][6523.024s][info][gc,heap     ] GC(1375) Eden regions: 792->0(788)
[2024-08-15T14:17:07.079+0000][6523.024s][info][gc,heap     ] GC(1375) Survivor regions: 8->12(100)
[2024-08-15T14:17:07.079+0000][6523.024s][info][gc,heap     ] GC(1375) Old regions: 407->407
[2024-08-15T14:17:07.079+0000][6523.024s][info][gc,heap     ] GC(1375) Archive regions: 2->2
[2024-08-15T14:17:07.079+0000][6523.024s][info][gc,heap     ] GC(1375) Humongous regions: 5->5
[2024-08-15T14:17:07.079+0000][6523.024s][info][gc,metaspace] GC(1375) Metaspace: 441404K(447744K)->441404K(447744K) NonClass: 386406K(390016K)->386406K(390016K) Class: 54997K(57728K)->54997K(57728K)
[2024-08-15T14:17:07.079+0000][6523.024s][info][gc          ] GC(1375) Pause Young (Normal) (G1 Evacuation Pause) 9691M->3386M(12288M) 30.131ms
[2024-08-15T14:17:07.079+0000][6523.024s][info][gc,cpu      ] GC(1375) User=0.17s Sys=0.00s Real=0.03s
[2024-08-15T14:17:14.484+0000][6530.429s][info][gc,start    ] GC(1376) Pause Young (Concurrent Start) (G1 Evacuation Pause)
[2024-08-15T14:17:14.484+0000][6530.429s][info][gc,task     ] GC(1376) Using 6 workers of 6 for evacuation
[2024-08-15T14:17:14.516+0000][6530.460s][info][gc,phases   ] GC(1376)   Pre Evacuate Collection Set: 0.6ms
[2024-08-15T14:17:14.516+0000][6530.460s][info][gc,phases   ] GC(1376)   Merge Heap Roots: 0.2ms
[2024-08-15T14:17:14.516+0000][6530.460s][info][gc,phases   ] GC(1376)   Evacuate Collection Set: 28.7ms
[2024-08-15T14:17:14.516+0000][6530.460s][info][gc,phases   ] GC(1376)   Post Evacuate Collection Set: 1.8ms
[2024-08-15T14:17:14.516+0000][6530.460s][info][gc,phases   ] GC(1376)   Other: 0.3ms
[2024-08-15T14:17:14.516+0000][6530.460s][info][gc,heap     ] GC(1376) Eden regions: 788->0(788)
[2024-08-15T14:17:14.516+0000][6530.460s][info][gc,heap     ] GC(1376) Survivor regions: 12->12(100)
[2024-08-15T14:17:14.516+0000][6530.460s][info][gc,heap     ] GC(1376) Old regions: 407->407
[2024-08-15T14:17:14.516+0000][6530.460s][info][gc,heap     ] GC(1376) Archive regions: 2->2
[2024-08-15T14:17:14.516+0000][6530.460s][info][gc,heap     ] GC(1376) Humongous regions: 5->5
[2024-08-15T14:17:14.516+0000][6530.460s][info][gc,metaspace] GC(1376) Metaspace: 441408K(447744K)->441408K(447744K) NonClass: 386410K(390016K)->386410K(390016K) Class: 54997K(57728K)->54997K(57728K)
[2024-08-15T14:17:14.516+0000][6530.460s][info][gc          ] GC(1376) Pause Young (Concurrent Start) (G1 Evacuation Pause) 9690M->3386M(12288M) 31.684ms
[2024-08-15T14:17:14.516+0000][6530.460s][info][gc,cpu      ] GC(1376) User=0.18s Sys=0.00s Real=0.03s
[2024-08-15T14:17:14.516+0000][6530.460s][info][gc          ] GC(1377) Concurrent Mark Cycle
[2024-08-15T14:17:14.516+0000][6530.460s][info][gc,marking  ] GC(1377) Concurrent Clear Claimed Marks
[2024-08-15T14:17:14.516+0000][6530.461s][info][gc,marking  ] GC(1377) Concurrent Clear Claimed Marks 0.453ms
[2024-08-15T14:17:14.516+0000][6530.461s][info][gc,marking  ] GC(1377) Concurrent Scan Root Regions
[2024-08-15T14:17:14.549+0000][6530.493s][info][gc,marking  ] GC(1377) Concurrent Scan Root Regions 32.296ms
[2024-08-15T14:17:14.549+0000][6530.493s][info][gc,marking  ] GC(1377) Concurrent Mark
[2024-08-15T14:17:14.549+0000][6530.493s][info][gc,marking  ] GC(1377) Concurrent Mark From Roots
[2024-08-15T14:17:14.549+0000][6530.493s][info][gc,task     ] GC(1377) Using 2 workers of 2 for marking
[2024-08-15T14:17:17.241+0000][6533.186s][info][gc,marking  ] GC(1377) Concurrent Mark From Roots 2692.282ms
[2024-08-15T14:17:17.241+0000][6533.186s][info][gc,marking  ] GC(1377) Concurrent Preclean
[2024-08-15T14:17:17.243+0000][6533.187s][info][gc,marking  ] GC(1377) Concurrent Preclean 1.599ms
[2024-08-15T14:17:17.243+0000][6533.187s][info][gc,start    ] GC(1377) Pause Remark
[2024-08-15T14:17:17.266+0000][6533.210s][info][gc          ] GC(1377) Pause Remark 6242M->6242M(12288M) 23.068ms
[2024-08-15T14:17:17.266+0000][6533.211s][info][gc,cpu      ] GC(1377) User=0.09s Sys=0.00s Real=0.03s
[2024-08-15T14:17:17.266+0000][6533.211s][info][gc,marking  ] GC(1377) Concurrent Mark 2717.380ms
[2024-08-15T14:17:17.266+0000][6533.211s][info][gc,marking  ] GC(1377) Concurrent Rebuild Remembered Sets
[2024-08-15T14:17:18.849+0000][6534.793s][info][gc,marking  ] GC(1377) Concurrent Rebuild Remembered Sets 1582.680ms
[2024-08-15T14:17:18.849+0000][6534.793s][info][gc,start    ] GC(1377) Pause Cleanup
[2024-08-15T14:17:18.850+0000][6534.794s][info][gc          ] GC(1377) Pause Cleanup 8622M->8622M(12288M) 0.668ms
[2024-08-15T14:17:18.850+0000][6534.794s][info][gc,cpu      ] GC(1377) User=0.00s Sys=0.00s Real=0.00s
[2024-08-15T14:17:18.850+0000][6534.794s][info][gc,marking  ] GC(1377) Concurrent Cleanup for Next Mark
[2024-08-15T14:17:18.868+0000][6534.813s][info][gc,marking  ] GC(1377) Concurrent Cleanup for Next Mark 18.330ms
[2024-08-15T14:17:18.868+0000][6534.813s][info][gc          ] GC(1377) Concurrent Mark Cycle 4352.282ms
[2024-08-15T14:17:20.304+0000][6536.249s][info][gc,start    ] GC(1378) Pause Young (Prepare Mixed) (G1 Evacuation Pause)
[2024-08-15T14:17:20.304+0000][6536.249s][info][gc,task     ] GC(1378) Using 6 workers of 6 for evacuation
[2024-08-15T14:17:20.337+0000][6536.282s][info][gc,phases   ] GC(1378)   Pre Evacuate Collection Set: 0.2ms
[2024-08-15T14:17:20.337+0000][6536.282s][info][gc,phases   ] GC(1378)   Merge Heap Roots: 0.3ms
[2024-08-15T14:17:20.337+0000][6536.282s][info][gc,phases   ] GC(1378)   Evacuate Collection Set: 31.0ms
[2024-08-15T14:17:20.337+0000][6536.282s][info][gc,phases   ] GC(1378)   Post Evacuate Collection Set: 1.7ms
[2024-08-15T14:17:20.337+0000][6536.282s][info][gc,phases   ] GC(1378)   Other: 0.2ms
[2024-08-15T14:17:20.337+0000][6536.282s][info][gc,heap     ] GC(1378) Eden regions: 788->0(62)
[2024-08-15T14:17:20.337+0000][6536.282s][info][gc,heap     ] GC(1378) Survivor regions: 12->14(100)
[2024-08-15T14:17:20.337+0000][6536.282s][info][gc,heap     ] GC(1378) Old regions: 407->407
[2024-08-15T14:17:20.337+0000][6536.282s][info][gc,heap     ] GC(1378) Archive regions: 2->2
[2024-08-15T14:17:20.337+0000][6536.282s][info][gc,heap     ] GC(1378) Humongous regions: 5->5
[2024-08-15T14:17:20.338+0000][6536.282s][info][gc,metaspace] GC(1378) Metaspace: 441408K(447744K)->441408K(447744K) NonClass: 386410K(390016K)->386410K(390016K) Class: 54997K(57728K)->54997K(57728K)
[2024-08-15T14:17:20.338+0000][6536.282s][info][gc          ] GC(1378) Pause Young (Prepare Mixed) (G1 Evacuation Pause) 9690M->3403M(12288M) 33.482ms
[2024-08-15T14:17:20.338+0000][6536.282s][info][gc,cpu      ] GC(1378) User=0.20s Sys=0.00s Real=0.03s
[2024-08-15T14:17:20.981+0000][6536.926s][info][gc,start    ] GC(1379) Pause Young (Mixed) (G1 Evacuation Pause)
[2024-08-15T14:17:20.981+0000][6536.926s][info][gc,task     ] GC(1379) Using 6 workers of 6 for evacuation
[2024-08-15T14:17:21.067+0000][6537.011s][info][gc,phases   ] GC(1379)   Pre Evacuate Collection Set: 0.2ms
[2024-08-15T14:17:21.067+0000][6537.011s][info][gc,phases   ] GC(1379)   Merge Heap Roots: 0.4ms
[2024-08-15T14:17:21.067+0000][6537.011s][info][gc,phases   ] GC(1379)   Evacuate Collection Set: 83.3ms
[2024-08-15T14:17:21.067+0000][6537.011s][info][gc,phases   ] GC(1379)   Post Evacuate Collection Set: 1.7ms
[2024-08-15T14:17:21.067+0000][6537.011s][info][gc,phases   ] GC(1379)   Other: 0.2ms
[2024-08-15T14:17:21.067+0000][6537.011s][info][gc,heap     ] GC(1379) Eden regions: 62->0(796)
[2024-08-15T14:17:21.067+0000][6537.011s][info][gc,heap     ] GC(1379) Survivor regions: 14->7(10)
[2024-08-15T14:17:21.067+0000][6537.011s][info][gc,heap     ] GC(1379) Old regions: 407->405
[2024-08-15T14:17:21.067+0000][6537.011s][info][gc,heap     ] GC(1379) Archive regions: 2->2
[2024-08-15T14:17:21.067+0000][6537.011s][info][gc,heap     ] GC(1379) Humongous regions: 5->5
[2024-08-15T14:17:21.067+0000][6537.011s][info][gc,metaspace] GC(1379) Metaspace: 441408K(447744K)->441408K(447744K) NonClass: 386410K(390016K)->386410K(390016K) Class: 54997K(57728K)->54997K(57728K)
[2024-08-15T14:17:21.067+0000][6537.011s][info][gc          ] GC(1379) Pause Young (Mixed) (G1 Evacuation Pause) 3899M->3330M(12288M) 85.783ms
[2024-08-15T14:17:21.067+0000][6537.011s][info][gc,cpu      ] GC(1379) User=0.50s Sys=0.00s Real=0.09s
[2024-08-15T14:17:29.413+0000][6545.358s][info][gc,start    ] GC(1380) Pause Young (Normal) (G1 Evacuation Pause)
[2024-08-15T14:17:29.413+0000][6545.358s][info][gc,task     ] GC(1380) Using 6 workers of 6 for evacuation
[2024-08-15T14:17:29.437+0000][6545.382s][info][gc,phases   ] GC(1380)   Pre Evacuate Collection Set: 0.2ms
[2024-08-15T14:17:29.437+0000][6545.382s][info][gc,phases   ] GC(1380)   Merge Heap Roots: 0.3ms
[2024-08-15T14:17:29.437+0000][6545.382s][info][gc,phases   ] GC(1380)   Evacuate Collection Set: 21.6ms
[2024-08-15T14:17:29.437+0000][6545.382s][info][gc,phases   ] GC(1380)   Post Evacuate Collection Set: 1.7ms
[2024-08-15T14:17:29.437+0000][6545.382s][info][gc,phases   ] GC(1380)   Other: 0.2ms
[2024-08-15T14:17:29.437+0000][6545.382s][info][gc,heap     ] GC(1380) Eden regions: 796->0(795)
[2024-08-15T14:17:29.437+0000][6545.382s][info][gc,heap     ] GC(1380) Survivor regions: 7->8(101)
[2024-08-15T14:17:29.437+0000][6545.382s][info][gc,heap     ] GC(1380) Old regions: 405->405
[2024-08-15T14:17:29.437+0000][6545.382s][info][gc,heap     ] GC(1380) Archive regions: 2->2
[2024-08-15T14:17:29.437+0000][6545.382s][info][gc,heap     ] GC(1380) Humongous regions: 5->5
[2024-08-15T14:17:29.437+0000][6545.382s][info][gc,metaspace] GC(1380) Metaspace: 441408K(447744K)->441408K(447744K) NonClass: 386410K(390016K)->386410K(390016K) Class: 54997K(57728K)->54997K(57728K)
[2024-08-15T14:17:29.437+0000][6545.382s][info][gc          ] GC(1380) Pause Young (Normal) (G1 Evacuation Pause) 9698M->3343M(12288M) 24.040ms
[2024-08-15T14:17:29.437+0000][6545.382s][info][gc,cpu      ] GC(1380) User=0.14s Sys=0.00s Real=0.03s
[2024-08-15T14:17:38.047+0000][6553.992s][info][gc,start    ] GC(1381) Pause Young (Normal) (G1 Evacuation Pause)
[2024-08-15T14:17:38.047+0000][6553.992s][info][gc,task     ] GC(1381) Using 6 workers of 6 for evacuation
[2024-08-15T14:17:38.076+0000][6554.020s][info][gc,phases   ] GC(1381)   Pre Evacuate Collection Set: 0.2ms
[2024-08-15T14:17:38.076+0000][6554.020s][info][gc,phases   ] GC(1381)   Merge Heap Roots: 0.3ms
[2024-08-15T14:17:38.076+0000][6554.020s][info][gc,phases   ] GC(1381)   Evacuate Collection Set: 26.0ms
[2024-08-15T14:17:38.076+0000][6554.021s][info][gc,phases   ] GC(1381)   Post Evacuate Collection Set: 1.9ms
[2024-08-15T14:17:38.076+0000][6554.021s][info][gc,phases   ] GC(1381)   Other: 0.2ms
[2024-08-15T14:17:38.076+0000][6554.021s][info][gc,heap     ] GC(1381) Eden regions: 795->0(791)
[2024-08-15T14:17:38.076+0000][6554.021s][info][gc,heap     ] GC(1381) Survivor regions: 8->12(101)
[2024-08-15T14:17:38.076+0000][6554.021s][info][gc,heap     ] GC(1381) Old regions: 405->405
[2024-08-15T14:17:38.076+0000][6554.021s][info][gc,heap     ] GC(1381) Archive regions: 2->2
[2024-08-15T14:17:38.076+0000][6554.021s][info][gc,heap     ] GC(1381) Humongous regions: 5->5
[2024-08-15T14:17:38.076+0000][6554.021s][info][gc,metaspace] GC(1381) Metaspace: 441408K(447744K)->441408K(447744K) NonClass: 386410K(390016K)->386410K(390016K) Class: 54997K(57728K)->54997K(57728K)
[2024-08-15T14:17:38.076+0000][6554.021s][info][gc          ] GC(1381) Pause Young (Normal) (G1 Evacuation Pause) 9703M->3371M(12288M) 28.601ms
[2024-08-15T14:17:38.076+0000][6554.021s][info][gc,cpu      ] GC(1381) User=0.16s Sys=0.00s Real=0.03s
[2024-08-15T14:17:46.767+0000][6562.711s][info][gc,start    ] GC(1382) Pause Young (Concurrent Start) (G1 Evacuation Pause)
[2024-08-15T14:17:46.767+0000][6562.711s][info][gc,task     ] GC(1382) Using 6 workers of 6 for evacuation
[2024-08-15T14:17:46.802+0000][6562.747s][info][gc,phases   ] GC(1382)   Pre Evacuate Collection Set: 0.6ms
[2024-08-15T14:17:46.802+0000][6562.747s][info][gc,phases   ] GC(1382)   Merge Heap Roots: 0.3ms
[2024-08-15T14:17:46.802+0000][6562.747s][info][gc,phases   ] GC(1382)   Evacuate Collection Set: 32.6ms
[2024-08-15T14:17:46.802+0000][6562.747s][info][gc,phases   ] GC(1382)   Post Evacuate Collection Set: 1.9ms
[2024-08-15T14:17:46.802+0000][6562.747s][info][gc,phases   ] GC(1382)   Other: 0.3ms
[2024-08-15T14:17:46.802+0000][6562.747s][info][gc,heap     ] GC(1382) Eden regions: 791->0(786)
[2024-08-15T14:17:46.802+0000][6562.747s][info][gc,heap     ] GC(1382) Survivor regions: 12->15(101)
[2024-08-15T14:17:46.802+0000][6562.747s][info][gc,heap     ] GC(1382) Old regions: 405->405
[2024-08-15T14:17:46.802+0000][6562.747s][info][gc,heap     ] GC(1382) Archive regions: 2->2
[2024-08-15T14:17:46.802+0000][6562.747s][info][gc,heap     ] GC(1382) Humongous regions: 5->5
[2024-08-15T14:17:46.802+0000][6562.747s][info][gc,metaspace] GC(1382) Metaspace: 441408K(447744K)->441408K(447744K) NonClass: 386410K(390016K)->386410K(390016K) Class: 54997K(57728K)->54997K(57728K)
[2024-08-15T14:17:46.802+0000][6562.747s][info][gc          ] GC(1382) Pause Young (Concurrent Start) (G1 Evacuation Pause) 9699M->3399M(12288M) 35.708ms
[2024-08-15T14:17:46.802+0000][6562.747s][info][gc,cpu      ] GC(1382) User=0.21s Sys=0.00s Real=0.03s
[2024-08-15T14:17:46.802+0000][6562.747s][info][gc          ] GC(1383) Concurrent Mark Cycle
[2024-08-15T14:17:46.802+0000][6562.747s][info][gc,marking  ] GC(1383) Concurrent Clear Claimed Marks
[2024-08-15T14:17:46.803+0000][6562.747s][info][gc,marking  ] GC(1383) Concurrent Clear Claimed Marks 0.443ms
[2024-08-15T14:17:46.803+0000][6562.748s][info][gc,marking  ] GC(1383) Concurrent Scan Root Regions
[2024-08-15T14:17:46.829+0000][6562.774s][info][gc,marking  ] GC(1383) Concurrent Scan Root Regions 26.009ms
[2024-08-15T14:17:46.829+0000][6562.774s][info][gc,marking  ] GC(1383) Concurrent Mark
[2024-08-15T14:17:46.829+0000][6562.774s][info][gc,marking  ] GC(1383) Concurrent Mark From Roots
[2024-08-15T14:17:46.829+0000][6562.774s][info][gc,task     ] GC(1383) Using 2 workers of 2 for marking
[2024-08-15T14:17:49.392+0000][6565.336s][info][gc,marking  ] GC(1383) Concurrent Mark From Roots 2562.868ms
[2024-08-15T14:17:49.392+0000][6565.336s][info][gc,marking  ] GC(1383) Concurrent Preclean
[2024-08-15T14:17:49.393+0000][6565.338s][info][gc,marking  ] GC(1383) Concurrent Preclean 1.401ms
[2024-08-15T14:17:49.393+0000][6565.338s][info][gc,start    ] GC(1383) Pause Remark
[2024-08-15T14:17:49.416+0000][6565.361s][info][gc          ] GC(1383) Pause Remark 5159M->5159M(12288M) 22.944ms
[2024-08-15T14:17:49.416+0000][6565.361s][info][gc,cpu      ] GC(1383) User=0.09s Sys=0.00s Real=0.03s
[2024-08-15T14:17:49.416+0000][6565.361s][info][gc,marking  ] GC(1383) Concurrent Mark 2587.562ms
[2024-08-15T14:17:49.417+0000][6565.361s][info][gc,marking  ] GC(1383) Concurrent Rebuild Remembered Sets
[2024-08-15T14:17:50.957+0000][6566.901s][info][gc,marking  ] GC(1383) Concurrent Rebuild Remembered Sets 1540.214ms
[2024-08-15T14:17:50.957+0000][6566.902s][info][gc,start    ] GC(1383) Pause Cleanup
[2024-08-15T14:17:50.958+0000][6566.902s][info][gc          ] GC(1383) Pause Cleanup 6279M->6279M(12288M) 0.626ms
[2024-08-15T14:17:50.958+0000][6566.902s][info][gc,cpu      ] GC(1383) User=0.00s Sys=0.00s Real=0.00s
[2024-08-15T14:17:50.958+0000][6566.902s][info][gc,marking  ] GC(1383) Concurrent Cleanup for Next Mark
[2024-08-15T14:17:50.975+0000][6566.920s][info][gc,marking  ] GC(1383) Concurrent Cleanup for Next Mark 17.775ms
[2024-08-15T14:17:50.976+0000][6566.920s][info][gc          ] GC(1383) Concurrent Mark Cycle 4173.135ms
[2024-08-15T14:17:55.260+0000][6571.205s][info][gc,start    ] GC(1384) Pause Young (Prepare Mixed) (G1 Evacuation Pause)
[2024-08-15T14:17:55.260+0000][6571.205s][info][gc,task     ] GC(1384) Using 6 workers of 6 for evacuation
[2024-08-15T14:17:55.307+0000][6571.252s][info][gc,phases   ] GC(1384)   Pre Evacuate Collection Set: 0.2ms
[2024-08-15T14:17:55.307+0000][6571.252s][info][gc,phases   ] GC(1384)   Merge Heap Roots: 0.4ms
[2024-08-15T14:17:55.307+0000][6571.252s][info][gc,phases   ] GC(1384)   Evacuate Collection Set: 44.4ms
[2024-08-15T14:17:55.307+0000][6571.252s][info][gc,phases   ] GC(1384)   Post Evacuate Collection Set: 1.9ms
[2024-08-15T14:17:55.307+0000][6571.252s][info][gc,phases   ] GC(1384)   Other: 0.2ms
[2024-08-15T14:17:55.307+0000][6571.252s][info][gc,heap     ] GC(1384) Eden regions: 786->0(61)
[2024-08-15T14:17:55.307+0000][6571.252s][info][gc,heap     ] GC(1384) Survivor regions: 15->15(101)
[2024-08-15T14:17:55.307+0000][6571.252s][info][gc,heap     ] GC(1384) Old regions: 405->405
[2024-08-15T14:17:55.307+0000][6571.252s][info][gc,heap     ] GC(1384) Archive regions: 2->2
[2024-08-15T14:17:55.307+0000][6571.252s][info][gc,heap     ] GC(1384) Humongous regions: 5->5
[2024-08-15T14:17:55.307+0000][6571.252s][info][gc,metaspace] GC(1384) Metaspace: 441408K(447744K)->441408K(447744K) NonClass: 386410K(390016K)->386410K(390016K) Class: 54997K(57728K)->54997K(57728K)
[2024-08-15T14:17:55.307+0000][6571.252s][info][gc          ] GC(1384) Pause Young (Prepare Mixed) (G1 Evacuation Pause) 9687M->3398M(12288M) 47.206ms
[2024-08-15T14:17:55.307+0000][6571.252s][info][gc,cpu      ] GC(1384) User=0.27s Sys=0.00s Real=0.05s
[2024-08-15T14:17:55.960+0000][6571.905s][info][gc,start    ] GC(1385) Pause Young (Mixed) (G1 Evacuation Pause)
[2024-08-15T14:17:55.960+0000][6571.905s][info][gc,task     ] GC(1385) Using 6 workers of 6 for evacuation
[2024-08-15T14:17:56.057+0000][6572.002s][info][gc,phases   ] GC(1385)   Pre Evacuate Collection Set: 0.2ms
[2024-08-15T14:17:56.057+0000][6572.002s][info][gc,phases   ] GC(1385)   Merge Heap Roots: 0.6ms
[2024-08-15T14:17:56.057+0000][6572.002s][info][gc,phases   ] GC(1385)   Evacuate Collection Set: 94.9ms
[2024-08-15T14:17:56.057+0000][6572.002s][info][gc,phases   ] GC(1385)   Post Evacuate Collection Set: 1.3ms
[2024-08-15T14:17:56.057+0000][6572.002s][info][gc,phases   ] GC(1385)   Other: 0.2ms
[2024-08-15T14:17:56.057+0000][6572.002s][info][gc,heap     ] GC(1385) Eden regions: 61->0(795)
[2024-08-15T14:17:56.057+0000][6572.002s][info][gc,heap     ] GC(1385) Survivor regions: 15->6(10)
[2024-08-15T14:17:56.057+0000][6572.002s][info][gc,heap     ] GC(1385) Old regions: 405->406
[2024-08-15T14:17:56.057+0000][6572.002s][info][gc,heap     ] GC(1385) Archive regions: 2->2
[2024-08-15T14:17:56.057+0000][6572.002s][info][gc,heap     ] GC(1385) Humongous regions: 5->5
[2024-08-15T14:17:56.057+0000][6572.002s][info][gc,metaspace] GC(1385) Metaspace: 441408K(447744K)->441408K(447744K) NonClass: 386410K(390016K)->386410K(390016K) Class: 54997K(57728K)->54997K(57728K)
[2024-08-15T14:17:56.057+0000][6572.002s][info][gc          ] GC(1385) Pause Young (Mixed) (G1 Evacuation Pause) 3886M->3338M(12288M) 97.199ms
[2024-08-15T14:17:56.057+0000][6572.002s][info][gc,cpu      ] GC(1385) User=0.58s Sys=0.00s Real=0.10s
[2024-08-15T14:18:04.384+0000][6580.329s][info][gc,start    ] GC(1386) Pause Young (Normal) (G1 Evacuation Pause)
[2024-08-15T14:18:04.384+0000][6580.329s][info][gc,task     ] GC(1386) Using 6 workers of 6 for evacuation
[2024-08-15T14:18:04.412+0000][6580.357s][info][gc,phases   ] GC(1386)   Pre Evacuate Collection Set: 0.2ms
[2024-08-15T14:18:04.412+0000][6580.357s][info][gc,phases   ] GC(1386)   Merge Heap Roots: 0.2ms
[2024-08-15T14:18:04.412+0000][6580.357s][info][gc,phases   ] GC(1386)   Evacuate Collection Set: 24.2ms
[2024-08-15T14:18:04.412+0000][6580.357s][info][gc,phases   ] GC(1386)   Post Evacuate Collection Set: 2.9ms
[2024-08-15T14:18:04.412+0000][6580.357s][info][gc,phases   ] GC(1386)   Other: 0.2ms
[2024-08-15T14:18:04.412+0000][6580.357s][info][gc,heap     ] GC(1386) Eden regions: 795->0(792)
[2024-08-15T14:18:04.412+0000][6580.357s][info][gc,heap     ] GC(1386) Survivor regions: 6->9(101)
[2024-08-15T14:18:04.412+0000][6580.357s][info][gc,heap     ] GC(1386) Old regions: 406->406
[2024-08-15T14:18:04.412+0000][6580.357s][info][gc,heap     ] GC(1386) Archive regions: 2->2
[2024-08-15T14:18:04.412+0000][6580.357s][info][gc,heap     ] GC(1386) Humongous regions: 5->5
[2024-08-15T14:18:04.412+0000][6580.357s][info][gc,metaspace] GC(1386) Metaspace: 441408K(447744K)->441408K(447744K) NonClass: 386410K(390016K)->386410K(390016K) Class: 54997K(57728K)->54997K(57728K)
[2024-08-15T14:18:04.412+0000][6580.357s][info][gc          ] GC(1386) Pause Young (Normal) (G1 Evacuation Pause) 9698M->3361M(12288M) 27.840ms
[2024-08-15T14:18:04.412+0000][6580.357s][info][gc,cpu      ] GC(1386) User=0.16s Sys=0.00s Real=0.02s
[2024-08-15T14:18:07.042+0000][6582.986s][info][gc,start    ] GC(1387) Pause Young (Normal) (G1 Evacuation Pause)
[2024-08-15T14:18:07.042+0000][6582.986s][info][gc,task     ] GC(1387) Using 6 workers of 6 for evacuation
[2024-08-15T14:18:07.129+0000][6583.074s][info][gc,phases   ] GC(1387)   Pre Evacuate Collection Set: 0.2ms
[2024-08-15T14:18:07.130+0000][6583.074s][info][gc,phases   ] GC(1387)   Merge Heap Roots: 0.2ms
[2024-08-15T14:18:07.130+0000][6583.074s][info][gc,phases   ] GC(1387)   Evacuate Collection Set: 67.3ms
[2024-08-15T14:18:07.130+0000][6583.074s][info][gc,phases   ] GC(1387)   Post Evacuate Collection Set: 19.9ms
[2024-08-15T14:18:07.130+0000][6583.074s][info][gc,phases   ] GC(1387)   Other: 0.2ms
[2024-08-15T14:18:07.130+0000][6583.074s][info][gc,heap     ] GC(1387) Eden regions: 792->0(783)
[2024-08-15T14:18:07.130+0000][6583.074s][info][gc,heap     ] GC(1387) Survivor regions: 9->15(101)
[2024-08-15T14:18:07.130+0000][6583.074s][info][gc,heap     ] GC(1387) Old regions: 406->406
[2024-08-15T14:18:07.130+0000][6583.074s][info][gc,heap     ] GC(1387) Archive regions: 2->2
[2024-08-15T14:18:07.130+0000][6583.074s][info][gc,heap     ] GC(1387) Humongous regions: 5->5
[2024-08-15T14:18:07.130+0000][6583.074s][info][gc,metaspace] GC(1387) Metaspace: 441408K(447744K)->441408K(447744K) NonClass: 386410K(390016K)->386410K(390016K) Class: 54997K(57728K)->54997K(57728K)
[2024-08-15T14:18:07.130+0000][6583.074s][info][gc          ] GC(1387) Pause Young (Normal) (G1 Evacuation Pause) 9697M->3409M(12288M) 87.938ms
[2024-08-15T14:18:07.130+0000][6583.074s][info][gc,cpu      ] GC(1387) User=0.51s Sys=0.00s Real=0.09s
[2024-08-15T14:18:09.567+0000][6585.512s][info][gc,start    ] GC(1388) Pause Young (Concurrent Start) (G1 Evacuation Pause)
[2024-08-15T14:18:09.567+0000][6585.512s][info][gc,task     ] GC(1388) Using 6 workers of 6 for evacuation
[2024-08-15T14:18:09.665+0000][6585.610s][info][gc,phases   ] GC(1388)   Pre Evacuate Collection Set: 0.6ms
[2024-08-15T14:18:09.665+0000][6585.610s][info][gc,phases   ] GC(1388)   Merge Heap Roots: 0.3ms
[2024-08-15T14:18:09.665+0000][6585.610s][info][gc,phases   ] GC(1388)   Evacuate Collection Set: 77.8ms
[2024-08-15T14:18:09.665+0000][6585.610s][info][gc,phases   ] GC(1388)   Post Evacuate Collection Set: 19.1ms
[2024-08-15T14:18:09.665+0000][6585.610s][info][gc,phases   ] GC(1388)   Other: 0.3ms
[2024-08-15T14:18:09.665+0000][6585.610s][info][gc,heap     ] GC(1388) Eden regions: 783->0(775)
[2024-08-15T14:18:09.665+0000][6585.610s][info][gc,heap     ] GC(1388) Survivor regions: 15->20(100)
[2024-08-15T14:18:09.665+0000][6585.610s][info][gc,heap     ] GC(1388) Old regions: 406->406
[2024-08-15T14:18:09.666+0000][6585.610s][info][gc,heap     ] GC(1388) Archive regions: 2->2
[2024-08-15T14:18:09.666+0000][6585.610s][info][gc,heap     ] GC(1388) Humongous regions: 5->5
[2024-08-15T14:18:09.666+0000][6585.610s][info][gc,metaspace] GC(1388) Metaspace: 441408K(447744K)->441408K(447744K) NonClass: 386410K(390016K)->386410K(390016K) Class: 54997K(57728K)->54997K(57728K)
[2024-08-15T14:18:09.666+0000][6585.610s][info][gc          ] GC(1388) Pause Young (Concurrent Start) (G1 Evacuation Pause) 9673M->3451M(12288M) 98.154ms
[2024-08-15T14:18:09.666+0000][6585.610s][info][gc,cpu      ] GC(1388) User=0.56s Sys=0.00s Real=0.10s
[2024-08-15T14:18:09.666+0000][6585.610s][info][gc          ] GC(1389) Concurrent Mark Cycle
[2024-08-15T14:18:09.666+0000][6585.610s][info][gc,marking  ] GC(1389) Concurrent Clear Claimed Marks
[2024-08-15T14:18:09.666+0000][6585.611s][info][gc,marking  ] GC(1389) Concurrent Clear Claimed Marks 0.463ms
[2024-08-15T14:18:09.666+0000][6585.611s][info][gc,marking  ] GC(1389) Concurrent Scan Root Regions
[2024-08-15T14:18:09.746+0000][6585.691s][info][gc,marking  ] GC(1389) Concurrent Scan Root Regions 79.811ms
[2024-08-15T14:18:09.746+0000][6585.691s][info][gc,marking  ] GC(1389) Concurrent Mark
[2024-08-15T14:18:09.746+0000][6585.691s][info][gc,marking  ] GC(1389) Concurrent Mark From Roots
[2024-08-15T14:18:09.746+0000][6585.691s][info][gc,task     ] GC(1389) Using 2 workers of 2 for marking
[2024-08-15T14:18:12.331+0000][6588.276s][info][gc,marking  ] GC(1389) Concurrent Mark From Roots 2584.912ms
[2024-08-15T14:18:12.331+0000][6588.276s][info][gc,marking  ] GC(1389) Concurrent Preclean
[2024-08-15T14:18:12.332+0000][6588.277s][info][gc,marking  ] GC(1389) Concurrent Preclean 1.138ms
[2024-08-15T14:18:12.332+0000][6588.277s][info][gc,start    ] GC(1389) Pause Remark
[2024-08-15T14:18:12.355+0000][6588.300s][info][gc          ] GC(1389) Pause Remark 8919M->8919M(12288M) 23.140ms
[2024-08-15T14:18:12.355+0000][6588.300s][info][gc,cpu      ] GC(1389) User=0.10s Sys=0.00s Real=0.03s
[2024-08-15T14:18:12.356+0000][6588.300s][info][gc,marking  ] GC(1389) Concurrent Mark 2609.561ms
[2024-08-15T14:18:12.356+0000][6588.300s][info][gc,marking  ] GC(1389) Concurrent Rebuild Remembered Sets
[2024-08-15T14:18:12.648+0000][6588.592s][info][gc,start    ] GC(1390) Pause Young (Normal) (G1 Evacuation Pause)
[2024-08-15T14:18:12.648+0000][6588.592s][info][gc,task     ] GC(1390) Using 6 workers of 6 for evacuation
[2024-08-15T14:18:12.770+0000][6588.714s][info][gc,phases   ] GC(1390)   Pre Evacuate Collection Set: 0.2ms
[2024-08-15T14:18:12.770+0000][6588.714s][info][gc,phases   ] GC(1390)   Merge Heap Roots: 0.4ms
[2024-08-15T14:18:12.770+0000][6588.714s][info][gc,phases   ] GC(1390)   Evacuate Collection Set: 100.8ms
[2024-08-15T14:18:12.770+0000][6588.714s][info][gc,phases   ] GC(1390)   Post Evacuate Collection Set: 20.5ms
[2024-08-15T14:18:12.770+0000][6588.714s][info][gc,phases   ] GC(1390)   Other: 0.2ms
[2024-08-15T14:18:12.770+0000][6588.714s][info][gc,heap     ] GC(1390) Eden regions: 775->0(767)
[2024-08-15T14:18:12.770+0000][6588.714s][info][gc,heap     ] GC(1390) Survivor regions: 20->24(100)
[2024-08-15T14:18:12.770+0000][6588.714s][info][gc,heap     ] GC(1390) Old regions: 406->406
[2024-08-15T14:18:12.770+0000][6588.714s][info][gc,heap     ] GC(1390) Archive regions: 2->2
[2024-08-15T14:18:12.770+0000][6588.714s][info][gc,heap     ] GC(1390) Humongous regions: 5->5
[2024-08-15T14:18:12.770+0000][6588.714s][info][gc,metaspace] GC(1390) Metaspace: 441408K(447744K)->441408K(447744K) NonClass: 386410K(390016K)->386410K(390016K) Class: 54997K(57728K)->54997K(57728K)
[2024-08-15T14:18:12.770+0000][6588.714s][info][gc          ] GC(1390) Pause Young (Normal) (G1 Evacuation Pause) 9651M->3483M(12288M) 122.116ms
[2024-08-15T14:18:12.770+0000][6588.715s][info][gc,cpu      ] GC(1390) User=0.71s Sys=0.00s Real=0.12s
[2024-08-15T14:18:14.023+0000][6589.967s][info][gc,marking  ] GC(1389) Concurrent Rebuild Remembered Sets 1667.159ms
[2024-08-15T14:18:14.023+0000][6589.968s][info][gc,start    ] GC(1389) Pause Cleanup
[2024-08-15T14:18:14.024+0000][6589.968s][info][gc          ] GC(1389) Pause Cleanup 6171M->6171M(12288M) 0.608ms
[2024-08-15T14:18:14.024+0000][6589.968s][info][gc,cpu      ] GC(1389) User=0.00s Sys=0.00s Real=0.01s
[2024-08-15T14:18:14.024+0000][6589.968s][info][gc,marking  ] GC(1389) Concurrent Cleanup for Next Mark
[2024-08-15T14:18:14.041+0000][6589.986s][info][gc,marking  ] GC(1389) Concurrent Cleanup for Next Mark 17.332ms
[2024-08-15T14:18:14.041+0000][6589.986s][info][gc          ] GC(1389) Concurrent Mark Cycle 4375.433ms
[2024-08-15T14:18:15.300+0000][6591.244s][info][gc,start    ] GC(1391) Pause Young (Prepare Mixed) (G1 Evacuation Pause)
[2024-08-15T14:18:15.300+0000][6591.244s][info][gc,task     ] GC(1391) Using 6 workers of 6 for evacuation
[2024-08-15T14:18:15.438+0000][6591.382s][info][gc,phases   ] GC(1391)   Pre Evacuate Collection Set: 0.2ms
[2024-08-15T14:18:15.438+0000][6591.382s][info][gc,phases   ] GC(1391)   Merge Heap Roots: 0.9ms
[2024-08-15T14:18:15.438+0000][6591.382s][info][gc,phases   ] GC(1391)   Evacuate Collection Set: 115.2ms
[2024-08-15T14:18:15.438+0000][6591.382s][info][gc,phases   ] GC(1391)   Post Evacuate Collection Set: 21.7ms
[2024-08-15T14:18:15.438+0000][6591.382s][info][gc,phases   ] GC(1391)   Other: 0.2ms
[2024-08-15T14:18:15.438+0000][6591.382s][info][gc,heap     ] GC(1391) Eden regions: 767->0(47)
[2024-08-15T14:18:15.438+0000][6591.382s][info][gc,heap     ] GC(1391) Survivor regions: 24->29(99)
[2024-08-15T14:18:15.438+0000][6591.382s][info][gc,heap     ] GC(1391) Old regions: 406->406
[2024-08-15T14:18:15.438+0000][6591.382s][info][gc,heap     ] GC(1391) Archive regions: 2->2
[2024-08-15T14:18:15.438+0000][6591.382s][info][gc,heap     ] GC(1391) Humongous regions: 5->5
[2024-08-15T14:18:15.438+0000][6591.382s][info][gc,metaspace] GC(1391) Metaspace: 441408K(447744K)->441408K(447744K) NonClass: 386410K(390016K)->386410K(390016K) Class: 54997K(57728K)->54997K(57728K)
[2024-08-15T14:18:15.438+0000][6591.382s][info][gc          ] GC(1391) Pause Young (Prepare Mixed) (G1 Evacuation Pause) 9619M->3519M(12288M) 138.250ms
[2024-08-15T14:18:15.438+0000][6591.382s][info][gc,cpu      ] GC(1391) User=0.81s Sys=0.00s Real=0.14s
[2024-08-15T14:18:15.626+0000][6591.571s][info][gc,start    ] GC(1392) Pause Young (Mixed) (G1 Evacuation Pause)
[2024-08-15T14:18:15.626+0000][6591.571s][info][gc,task     ] GC(1392) Using 6 workers of 6 for evacuation
[2024-08-15T14:18:15.759+0000][6591.704s][info][gc,phases   ] GC(1392)   Pre Evacuate Collection Set: 0.2ms
[2024-08-15T14:18:15.759+0000][6591.704s][info][gc,phases   ] GC(1392)   Merge Heap Roots: 0.5ms
[2024-08-15T14:18:15.759+0000][6591.704s][info][gc,phases   ] GC(1392)   Evacuate Collection Set: 129.9ms
[2024-08-15T14:18:15.759+0000][6591.704s][info][gc,phases   ] GC(1392)   Post Evacuate Collection Set: 2.3ms
[2024-08-15T14:18:15.759+0000][6591.704s][info][gc,phases   ] GC(1392)   Other: 0.2ms
[2024-08-15T14:18:15.759+0000][6591.704s][info][gc,heap     ] GC(1392) Eden regions: 47->0(776)
[2024-08-15T14:18:15.759+0000][6591.704s][info][gc,heap     ] GC(1392) Survivor regions: 29->3(10)
[2024-08-15T14:18:15.759+0000][6591.704s][info][gc,heap     ] GC(1392) Old regions: 406->425
[2024-08-15T14:18:15.759+0000][6591.704s][info][gc,heap     ] GC(1392) Archive regions: 2->2
[2024-08-15T14:18:15.759+0000][6591.704s][info][gc,heap     ] GC(1392) Humongous regions: 5->5
[2024-08-15T14:18:15.759+0000][6591.704s][info][gc,metaspace] GC(1392) Metaspace: 441408K(447744K)->441408K(447744K) NonClass: 386410K(390016K)->386410K(390016K) Class: 54997K(57728K)->54997K(57728K)
[2024-08-15T14:18:15.759+0000][6591.704s][info][gc          ] GC(1392) Pause Young (Mixed) (G1 Evacuation Pause) 3895M->3465M(12288M) 133.116ms
[2024-08-15T14:18:15.760+0000][6591.704s][info][gc,cpu      ] GC(1392) User=0.78s Sys=0.01s Real=0.13s
[2024-08-15T14:18:18.384+0000][6594.328s][info][gc,start    ] GC(1393) Pause Young (Normal) (G1 Evacuation Pause)
[2024-08-15T14:18:18.384+0000][6594.328s][info][gc,task     ] GC(1393) Using 6 workers of 6 for evacuation
[2024-08-15T14:18:18.451+0000][6594.396s][info][gc,phases   ] GC(1393)   Pre Evacuate Collection Set: 0.2ms
[2024-08-15T14:18:18.452+0000][6594.396s][info][gc,phases   ] GC(1393)   Merge Heap Roots: 0.3ms
[2024-08-15T14:18:18.452+0000][6594.396s][info][gc,phases   ] GC(1393)   Evacuate Collection Set: 50.5ms
[2024-08-15T14:18:18.452+0000][6594.396s][info][gc,phases   ] GC(1393)   Post Evacuate Collection Set: 16.6ms
[2024-08-15T14:18:18.452+0000][6594.396s][info][gc,phases   ] GC(1393)   Other: 0.2ms
[2024-08-15T14:18:18.452+0000][6594.396s][info][gc,heap     ] GC(1393) Eden regions: 776->0(773)
[2024-08-15T14:18:18.452+0000][6594.396s][info][gc,heap     ] GC(1393) Survivor regions: 3->6(98)
[2024-08-15T14:18:18.452+0000][6594.396s][info][gc,heap     ] GC(1393) Old regions: 425->425
[2024-08-15T14:18:18.452+0000][6594.396s][info][gc,heap     ] GC(1393) Archive regions: 2->2
[2024-08-15T14:18:18.452+0000][6594.396s][info][gc,heap     ] GC(1393) Humongous regions: 5->5
[2024-08-15T14:18:18.452+0000][6594.396s][info][gc,metaspace] GC(1393) Metaspace: 441408K(447744K)->441408K(447744K) NonClass: 386410K(390016K)->386410K(390016K) Class: 54997K(57728K)->54997K(57728K)
[2024-08-15T14:18:18.452+0000][6594.396s][info][gc          ] GC(1393) Pause Young (Normal) (G1 Evacuation Pause) 9673M->3488M(12288M) 67.890ms
[2024-08-15T14:18:18.452+0000][6594.396s][info][gc,cpu      ] GC(1393) User=0.39s Sys=0.00s Real=0.06s
[2024-08-15T14:18:20.940+0000][6596.884s][info][gc,start    ] GC(1394) Pause Young (Normal) (G1 Evacuation Pause)
[2024-08-15T14:18:20.940+0000][6596.884s][info][gc,task     ] GC(1394) Using 6 workers of 6 for evacuation
[2024-08-15T14:18:21.020+0000][6596.965s][info][gc,phases   ] GC(1394)   Pre Evacuate Collection Set: 0.2ms
[2024-08-15T14:18:21.020+0000][6596.965s][info][gc,phases   ] GC(1394)   Merge Heap Roots: 0.4ms
[2024-08-15T14:18:21.020+0000][6596.965s][info][gc,phases   ] GC(1394)   Evacuate Collection Set: 63.0ms
[2024-08-15T14:18:21.020+0000][6596.965s][info][gc,phases   ] GC(1394)   Post Evacuate Collection Set: 16.9ms
[2024-08-15T14:18:21.021+0000][6596.965s][info][gc,phases   ] GC(1394)   Other: 0.2ms
[2024-08-15T14:18:21.021+0000][6596.965s][info][gc,heap     ] GC(1394) Eden regions: 773->0(769)
[2024-08-15T14:18:21.021+0000][6596.965s][info][gc,heap     ] GC(1394) Survivor regions: 6->11(98)
[2024-08-15T14:18:21.021+0000][6596.965s][info][gc,heap     ] GC(1394) Old regions: 425->425
[2024-08-15T14:18:21.021+0000][6596.965s][info][gc,heap     ] GC(1394) Archive regions: 2->2
[2024-08-15T14:18:21.021+0000][6596.965s][info][gc,heap     ] GC(1394) Humongous regions: 5->5
[2024-08-15T14:18:21.021+0000][6596.965s][info][gc,metaspace] GC(1394) Metaspace: 441408K(447744K)->441408K(447744K) NonClass: 386410K(390016K)->386410K(390016K) Class: 54997K(57728K)->54997K(57728K)
[2024-08-15T14:18:21.021+0000][6596.965s][info][gc          ] GC(1394) Pause Young (Normal) (G1 Evacuation Pause) 9672M->3524M(12288M) 80.762ms
[2024-08-15T14:18:21.021+0000][6596.965s][info][gc,cpu      ] GC(1394) User=0.47s Sys=0.00s Real=0.08s
[2024-08-15T14:18:23.442+0000][6599.386s][info][gc,start    ] GC(1395) Pause Young (Concurrent Start) (G1 Evacuation Pause)
[2024-08-15T14:18:23.442+0000][6599.386s][info][gc,task     ] GC(1395) Using 6 workers of 6 for evacuation
[2024-08-15T14:18:23.538+0000][6599.483s][info][gc,phases   ] GC(1395)   Pre Evacuate Collection Set: 0.6ms
[2024-08-15T14:18:23.538+0000][6599.483s][info][gc,phases   ] GC(1395)   Merge Heap Roots: 0.4ms
[2024-08-15T14:18:23.538+0000][6599.483s][info][gc,phases   ] GC(1395)   Evacuate Collection Set: 76.8ms
[2024-08-15T14:18:23.538+0000][6599.483s][info][gc,phases   ] GC(1395)   Post Evacuate Collection Set: 18.4ms
[2024-08-15T14:18:23.538+0000][6599.483s][info][gc,phases   ] GC(1395)   Other: 0.3ms
[2024-08-15T14:18:23.538+0000][6599.483s][info][gc,heap     ] GC(1395) Eden regions: 769->0(765)
[2024-08-15T14:18:23.538+0000][6599.483s][info][gc,heap     ] GC(1395) Survivor regions: 11->15(98)
[2024-08-15T14:18:23.538+0000][6599.483s][info][gc,heap     ] GC(1395) Old regions: 425->425
[2024-08-15T14:18:23.538+0000][6599.483s][info][gc,heap     ] GC(1395) Archive regions: 2->2
[2024-08-15T14:18:23.538+0000][6599.483s][info][gc,heap     ] GC(1395) Humongous regions: 5->5
[2024-08-15T14:18:23.538+0000][6599.483s][info][gc,metaspace] GC(1395) Metaspace: 441408K(447744K)->441408K(447744K) NonClass: 386410K(390016K)->386410K(390016K) Class: 54997K(57728K)->54997K(57728K)
[2024-08-15T14:18:23.538+0000][6599.483s][info][gc          ] GC(1395) Pause Young (Concurrent Start) (G1 Evacuation Pause) 9676M->3560M(12288M) 96.506ms
[2024-08-15T14:18:23.538+0000][6599.483s][info][gc,cpu      ] GC(1395) User=0.56s Sys=0.00s Real=0.10s
[2024-08-15T14:18:23.538+0000][6599.483s][info][gc          ] GC(1396) Concurrent Mark Cycle
[2024-08-15T14:18:23.538+0000][6599.483s][info][gc,marking  ] GC(1396) Concurrent Clear Claimed Marks
[2024-08-15T14:18:23.539+0000][6599.483s][info][gc,marking  ] GC(1396) Concurrent Clear Claimed Marks 0.453ms
[2024-08-15T14:18:23.539+0000][6599.483s][info][gc,marking  ] GC(1396) Concurrent Scan Root Regions
[2024-08-15T14:18:23.580+0000][6599.525s][info][gc,marking  ] GC(1396) Concurrent Scan Root Regions 41.174ms
[2024-08-15T14:18:23.580+0000][6599.525s][info][gc,marking  ] GC(1396) Concurrent Mark
[2024-08-15T14:18:23.580+0000][6599.525s][info][gc,marking  ] GC(1396) Concurrent Mark From Roots
[2024-08-15T14:18:23.580+0000][6599.525s][info][gc,task     ] GC(1396) Using 2 workers of 2 for marking
[2024-08-15T14:18:26.087+0000][6602.031s][info][gc,marking  ] GC(1396) Concurrent Mark From Roots 2506.646ms
[2024-08-15T14:18:26.087+0000][6602.031s][info][gc,marking  ] GC(1396) Concurrent Preclean
[2024-08-15T14:18:26.088+0000][6602.033s][info][gc,marking  ] GC(1396) Concurrent Preclean 1.181ms
[2024-08-15T14:18:26.088+0000][6602.033s][info][gc,start    ] GC(1396) Pause Remark
[2024-08-15T14:18:26.111+0000][6602.056s][info][gc          ] GC(1396) Pause Remark 8912M->8912M(12288M) 23.190ms
[2024-08-15T14:18:26.111+0000][6602.056s][info][gc,cpu      ] GC(1396) User=0.10s Sys=0.00s Real=0.02s
[2024-08-15T14:18:26.112+0000][6602.056s][info][gc,marking  ] GC(1396) Concurrent Mark 2531.434ms
[2024-08-15T14:18:26.112+0000][6602.056s][info][gc,marking  ] GC(1396) Concurrent Rebuild Remembered Sets
[2024-08-15T14:18:26.467+0000][6602.412s][info][gc,start    ] GC(1397) Pause Young (Normal) (G1 Evacuation Pause)
[2024-08-15T14:18:26.467+0000][6602.412s][info][gc,task     ] GC(1397) Using 6 workers of 6 for evacuation
[2024-08-15T14:18:26.574+0000][6602.518s][info][gc,phases   ] GC(1397)   Pre Evacuate Collection Set: 0.2ms
[2024-08-15T14:18:26.574+0000][6602.518s][info][gc,phases   ] GC(1397)   Merge Heap Roots: 0.5ms
[2024-08-15T14:18:26.574+0000][6602.518s][info][gc,phases   ] GC(1397)   Evacuate Collection Set: 89.2ms
[2024-08-15T14:18:26.574+0000][6602.518s][info][gc,phases   ] GC(1397)   Post Evacuate Collection Set: 16.3ms
[2024-08-15T14:18:26.574+0000][6602.518s][info][gc,phases   ] GC(1397)   Other: 0.3ms
[2024-08-15T14:18:26.574+0000][6602.518s][info][gc,heap     ] GC(1397) Eden regions: 765->0(760)
[2024-08-15T14:18:26.574+0000][6602.519s][info][gc,heap     ] GC(1397) Survivor regions: 15->18(98)
[2024-08-15T14:18:26.574+0000][6602.519s][info][gc,heap     ] GC(1397) Old regions: 425->425
[2024-08-15T14:18:26.574+0000][6602.519s][info][gc,heap     ] GC(1397) Archive regions: 2->2
[2024-08-15T14:18:26.574+0000][6602.519s][info][gc,heap     ] GC(1397) Humongous regions: 5->5
[2024-08-15T14:18:26.574+0000][6602.519s][info][gc,metaspace] GC(1397) Metaspace: 441408K(447744K)->441408K(447744K) NonClass: 386410K(390016K)->386410K(390016K) Class: 54997K(57728K)->54997K(57728K)
[2024-08-15T14:18:26.574+0000][6602.519s][info][gc          ] GC(1397) Pause Young (Normal) (G1 Evacuation Pause) 9680M->3584M(12288M) 106.517ms
[2024-08-15T14:18:26.574+0000][6602.519s][info][gc,cpu      ] GC(1397) User=0.63s Sys=0.00s Real=0.10s
[2024-08-15T14:18:27.646+0000][6603.591s][info][gc,marking  ] GC(1396) Concurrent Rebuild Remembered Sets 1534.640ms
[2024-08-15T14:18:27.646+0000][6603.591s][info][gc,start    ] GC(1396) Pause Cleanup
[2024-08-15T14:18:27.647+0000][6603.592s][info][gc          ] GC(1396) Pause Cleanup 5868M->5868M(12288M) 0.660ms
[2024-08-15T14:18:27.647+0000][6603.592s][info][gc,cpu      ] GC(1396) User=0.00s Sys=0.00s Real=0.00s
[2024-08-15T14:18:27.647+0000][6603.592s][info][gc,marking  ] GC(1396) Concurrent Cleanup for Next Mark
[2024-08-15T14:18:27.665+0000][6603.610s][info][gc,marking  ] GC(1396) Concurrent Cleanup for Next Mark 17.988ms
[2024-08-15T14:18:27.665+0000][6603.610s][info][gc          ] GC(1396) Concurrent Mark Cycle 4126.953ms
[2024-08-15T14:18:29.173+0000][6605.118s][info][gc,start    ] GC(1398) Pause Young (Prepare Mixed) (G1 Evacuation Pause)
[2024-08-15T14:18:29.173+0000][6605.118s][info][gc,task     ] GC(1398) Using 6 workers of 6 for evacuation
[2024-08-15T14:18:29.295+0000][6605.239s][info][gc,phases   ] GC(1398)   Pre Evacuate Collection Set: 0.2ms
[2024-08-15T14:18:29.295+0000][6605.239s][info][gc,phases   ] GC(1398)   Merge Heap Roots: 0.7ms
[2024-08-15T14:18:29.295+0000][6605.239s][info][gc,phases   ] GC(1398)   Evacuate Collection Set: 102.7ms
[2024-08-15T14:18:29.295+0000][6605.239s][info][gc,phases   ] GC(1398)   Post Evacuate Collection Set: 17.8ms
[2024-08-15T14:18:29.295+0000][6605.239s][info][gc,phases   ] GC(1398)   Other: 0.2ms
[2024-08-15T14:18:29.295+0000][6605.239s][info][gc,heap     ] GC(1398) Eden regions: 760->0(53)
[2024-08-15T14:18:29.295+0000][6605.239s][info][gc,heap     ] GC(1398) Survivor regions: 18->23(98)
[2024-08-15T14:18:29.295+0000][6605.239s][info][gc,heap     ] GC(1398) Old regions: 425->425
[2024-08-15T14:18:29.295+0000][6605.239s][info][gc,heap     ] GC(1398) Archive regions: 2->2
[2024-08-15T14:18:29.295+0000][6605.239s][info][gc,heap     ] GC(1398) Humongous regions: 5->5
[2024-08-15T14:18:29.295+0000][6605.239s][info][gc,metaspace] GC(1398) Metaspace: 441408K(447744K)->441408K(447744K) NonClass: 386410K(390016K)->386410K(390016K) Class: 54997K(57728K)->54997K(57728K)
[2024-08-15T14:18:29.295+0000][6605.239s][info][gc          ] GC(1398) Pause Young (Prepare Mixed) (G1 Evacuation Pause) 9664M->3621M(12288M) 121.596ms
[2024-08-15T14:18:29.295+0000][6605.239s][info][gc,cpu      ] GC(1398) User=0.71s Sys=0.00s Real=0.12s
[2024-08-15T14:18:29.497+0000][6605.442s][info][gc,start    ] GC(1399) Pause Young (Mixed) (G1 Evacuation Pause)
[2024-08-15T14:18:29.497+0000][6605.442s][info][gc,task     ] GC(1399) Using 6 workers of 6 for evacuation
[2024-08-15T14:18:29.601+0000][6605.546s][info][gc,phases   ] GC(1399)   Pre Evacuate Collection Set: 0.2ms
[2024-08-15T14:18:29.601+0000][6605.546s][info][gc,phases   ] GC(1399)   Merge Heap Roots: 0.5ms
[2024-08-15T14:18:29.601+0000][6605.546s][info][gc,phases   ] GC(1399)   Evacuate Collection Set: 100.8ms
[2024-08-15T14:18:29.601+0000][6605.546s][info][gc,phases   ] GC(1399)   Post Evacuate Collection Set: 2.5ms
[2024-08-15T14:18:29.601+0000][6605.546s][info][gc,phases   ] GC(1399)   Other: 0.2ms
[2024-08-15T14:18:29.601+0000][6605.546s][info][gc,heap     ] GC(1399) Eden regions: 53->0(775)
[2024-08-15T14:18:29.601+0000][6605.546s][info][gc,heap     ] GC(1399) Survivor regions: 23->7(10)
[2024-08-15T14:18:29.601+0000][6605.546s][info][gc,heap     ] GC(1399) Old regions: 425->424
[2024-08-15T14:18:29.601+0000][6605.546s][info][gc,heap     ] GC(1399) Archive regions: 2->2
[2024-08-15T14:18:29.601+0000][6605.546s][info][gc,heap     ] GC(1399) Humongous regions: 5->5
[2024-08-15T14:18:29.601+0000][6605.546s][info][gc,metaspace] GC(1399) Metaspace: 441408K(447744K)->441408K(447744K) NonClass: 386410K(390016K)->386410K(390016K) Class: 54997K(57728K)->54997K(57728K)
[2024-08-15T14:18:29.601+0000][6605.546s][info][gc          ] GC(1399) Pause Young (Mixed) (G1 Evacuation Pause) 4045M->3482M(12288M) 104.169ms
[2024-08-15T14:18:29.601+0000][6605.546s][info][gc,cpu      ] GC(1399) User=0.62s Sys=0.00s Real=0.10s
[2024-08-15T14:18:36.607+0000][6612.552s][info][gc,start    ] GC(1400) Pause Young (Normal) (G1 Evacuation Pause)
[2024-08-15T14:18:36.607+0000][6612.552s][info][gc,task     ] GC(1400) Using 6 workers of 6 for evacuation
[2024-08-15T14:18:36.648+0000][6612.592s][info][gc,phases   ] GC(1400)   Pre Evacuate Collection Set: 0.2ms
[2024-08-15T14:18:36.648+0000][6612.592s][info][gc,phases   ] GC(1400)   Merge Heap Roots: 0.3ms
[2024-08-15T14:18:36.648+0000][6612.592s][info][gc,phases   ] GC(1400)   Evacuate Collection Set: 34.5ms
[2024-08-15T14:18:36.648+0000][6612.592s][info][gc,phases   ] GC(1400)   Post Evacuate Collection Set: 5.6ms
[2024-08-15T14:18:36.648+0000][6612.592s][info][gc,phases   ] GC(1400)   Other: 0.2ms
[2024-08-15T14:18:36.648+0000][6612.592s][info][gc,heap     ] GC(1400) Eden regions: 775->0(772)
[2024-08-15T14:18:36.648+0000][6612.592s][info][gc,heap     ] GC(1400) Survivor regions: 7->10(98)
[2024-08-15T14:18:36.648+0000][6612.592s][info][gc,heap     ] GC(1400) Old regions: 424->424
[2024-08-15T14:18:36.648+0000][6612.592s][info][gc,heap     ] GC(1400) Archive regions: 2->2
[2024-08-15T14:18:36.648+0000][6612.592s][info][gc,heap     ] GC(1400) Humongous regions: 5->5
[2024-08-15T14:18:36.648+0000][6612.592s][info][gc,metaspace] GC(1400) Metaspace: 441409K(447744K)->441409K(447744K) NonClass: 386411K(390016K)->386411K(390016K) Class: 54997K(57728K)->54997K(57728K)
[2024-08-15T14:18:36.648+0000][6612.592s][info][gc          ] GC(1400) Pause Young (Normal) (G1 Evacuation Pause) 9682M->3504M(12288M) 40.856ms
[2024-08-15T14:18:36.648+0000][6612.593s][info][gc,cpu      ] GC(1400) User=0.24s Sys=0.00s Real=0.04s
[2024-08-15T14:18:44.947+0000][6620.892s][info][gc,start    ] GC(1401) Pause Young (Normal) (G1 Evacuation Pause)
[2024-08-15T14:18:44.947+0000][6620.892s][info][gc,task     ] GC(1401) Using 6 workers of 6 for evacuation
[2024-08-15T14:18:44.981+0000][6620.925s][info][gc,phases   ] GC(1401)   Pre Evacuate Collection Set: 0.2ms
[2024-08-15T14:18:44.981+0000][6620.925s][info][gc,phases   ] GC(1401)   Merge Heap Roots: 0.3ms
[2024-08-15T14:18:44.981+0000][6620.925s][info][gc,phases   ] GC(1401)   Evacuate Collection Set: 31.4ms
[2024-08-15T14:18:44.981+0000][6620.925s][info][gc,phases   ] GC(1401)   Post Evacuate Collection Set: 1.8ms
[2024-08-15T14:18:44.981+0000][6620.925s][info][gc,phases   ] GC(1401)   Other: 0.2ms
[2024-08-15T14:18:44.981+0000][6620.925s][info][gc,heap     ] GC(1401) Eden regions: 772->0(771)
[2024-08-15T14:18:44.981+0000][6620.925s][info][gc,heap     ] GC(1401) Survivor regions: 10->12(98)
[2024-08-15T14:18:44.981+0000][6620.926s][info][gc,heap     ] GC(1401) Old regions: 424->424
[2024-08-15T14:18:44.981+0000][6620.926s][info][gc,heap     ] GC(1401) Archive regions: 2->2
[2024-08-15T14:18:44.981+0000][6620.926s][info][gc,heap     ] GC(1401) Humongous regions: 5->5
[2024-08-15T14:18:44.981+0000][6620.926s][info][gc,metaspace] GC(1401) Metaspace: 441410K(447744K)->441410K(447744K) NonClass: 386412K(390016K)->386412K(390016K) Class: 54997K(57728K)->54997K(57728K)
[2024-08-15T14:18:44.981+0000][6620.926s][info][gc          ] GC(1401) Pause Young (Normal) (G1 Evacuation Pause) 9680M->3520M(12288M) 33.947ms
[2024-08-15T14:18:44.981+0000][6620.926s][info][gc,cpu      ] GC(1401) User=0.19s Sys=0.01s Real=0.03s
[2024-08-15T14:18:53.575+0000][6629.520s][info][gc,start    ] GC(1402) Pause Young (Concurrent Start) (G1 Evacuation Pause)
[2024-08-15T14:18:53.575+0000][6629.520s][info][gc,task     ] GC(1402) Using 6 workers of 6 for evacuation
[2024-08-15T14:18:53.616+0000][6629.560s][info][gc,phases   ] GC(1402)   Pre Evacuate Collection Set: 0.6ms
[2024-08-15T14:18:53.616+0000][6629.560s][info][gc,phases   ] GC(1402)   Merge Heap Roots: 0.3ms
[2024-08-15T14:18:53.616+0000][6629.560s][info][gc,phases   ] GC(1402)   Evacuate Collection Set: 37.7ms
[2024-08-15T14:18:53.616+0000][6629.560s][info][gc,phases   ] GC(1402)   Post Evacuate Collection Set: 1.8ms
[2024-08-15T14:18:53.616+0000][6629.560s][info][gc,phases   ] GC(1402)   Other: 0.3ms
[2024-08-15T14:18:53.616+0000][6629.560s][info][gc,heap     ] GC(1402) Eden regions: 771->0(767)
[2024-08-15T14:18:53.616+0000][6629.560s][info][gc,heap     ] GC(1402) Survivor regions: 12->15(98)
[2024-08-15T14:18:53.616+0000][6629.560s][info][gc,heap     ] GC(1402) Old regions: 424->424
[2024-08-15T14:18:53.616+0000][6629.560s][info][gc,heap     ] GC(1402) Archive regions: 2->2
[2024-08-15T14:18:53.616+0000][6629.560s][info][gc,heap     ] GC(1402) Humongous regions: 5->5
[2024-08-15T14:18:53.616+0000][6629.560s][info][gc,metaspace] GC(1402) Metaspace: 441410K(447744K)->441410K(447744K) NonClass: 386412K(390016K)->386412K(390016K) Class: 54997K(57728K)->54997K(57728K)
[2024-08-15T14:18:53.616+0000][6629.560s][info][gc          ] GC(1402) Pause Young (Concurrent Start) (G1 Evacuation Pause) 9688M->3547M(12288M) 40.682ms
[2024-08-15T14:18:53.616+0000][6629.560s][info][gc,cpu      ] GC(1402) User=0.23s Sys=0.00s Real=0.04s
[2024-08-15T14:18:53.616+0000][6629.560s][info][gc          ] GC(1403) Concurrent Mark Cycle
[2024-08-15T14:18:53.616+0000][6629.561s][info][gc,marking  ] GC(1403) Concurrent Clear Claimed Marks
[2024-08-15T14:18:53.616+0000][6629.561s][info][gc,marking  ] GC(1403) Concurrent Clear Claimed Marks 0.440ms
[2024-08-15T14:18:53.616+0000][6629.561s][info][gc,marking  ] GC(1403) Concurrent Scan Root Regions
[2024-08-15T14:18:53.649+0000][6629.594s][info][gc,marking  ] GC(1403) Concurrent Scan Root Regions 32.982ms
[2024-08-15T14:18:53.649+0000][6629.594s][info][gc,marking  ] GC(1403) Concurrent Mark
[2024-08-15T14:18:53.649+0000][6629.594s][info][gc,marking  ] GC(1403) Concurrent Mark From Roots
[2024-08-15T14:18:53.649+0000][6629.594s][info][gc,task     ] GC(1403) Using 2 workers of 2 for marking
[2024-08-15T14:18:56.119+0000][6632.063s][info][gc,marking  ] GC(1403) Concurrent Mark From Roots 2469.171ms
[2024-08-15T14:18:56.119+0000][6632.063s][info][gc,marking  ] GC(1403) Concurrent Preclean
[2024-08-15T14:18:56.120+0000][6632.065s][info][gc,marking  ] GC(1403) Concurrent Preclean 1.328ms
[2024-08-15T14:18:56.120+0000][6632.065s][info][gc,start    ] GC(1403) Pause Remark
[2024-08-15T14:18:56.143+0000][6632.088s][info][gc          ] GC(1403) Pause Remark 5259M->5259M(12288M) 22.799ms
[2024-08-15T14:18:56.143+0000][6632.088s][info][gc,cpu      ] GC(1403) User=0.10s Sys=0.00s Real=0.02s
[2024-08-15T14:18:56.143+0000][6632.088s][info][gc,marking  ] GC(1403) Concurrent Mark 2493.738ms
[2024-08-15T14:18:56.143+0000][6632.088s][info][gc,marking  ] GC(1403) Concurrent Rebuild Remembered Sets
[2024-08-15T14:18:57.625+0000][6633.569s][info][gc,marking  ] GC(1403) Concurrent Rebuild Remembered Sets 1481.684ms
[2024-08-15T14:18:57.625+0000][6633.570s][info][gc,start    ] GC(1403) Pause Cleanup
[2024-08-15T14:18:57.626+0000][6633.570s][info][gc          ] GC(1403) Pause Cleanup 6299M->6299M(12288M) 0.665ms
[2024-08-15T14:18:57.626+0000][6633.570s][info][gc,cpu      ] GC(1403) User=0.00s Sys=0.00s Real=0.00s
[2024-08-15T14:18:57.626+0000][6633.571s][info][gc,marking  ] GC(1403) Concurrent Cleanup for Next Mark
[2024-08-15T14:18:57.644+0000][6633.588s][info][gc,marking  ] GC(1403) Concurrent Cleanup for Next Mark 17.922ms
[2024-08-15T14:18:57.644+0000][6633.589s][info][gc          ] GC(1403) Concurrent Mark Cycle 4028.010ms
[2024-08-15T14:19:02.226+0000][6638.170s][info][gc,start    ] GC(1404) Pause Young (Prepare Mixed) (G1 Evacuation Pause)
[2024-08-15T14:19:02.226+0000][6638.170s][info][gc,task     ] GC(1404) Using 6 workers of 6 for evacuation
[2024-08-15T14:19:02.271+0000][6638.216s][info][gc,phases   ] GC(1404)   Pre Evacuate Collection Set: 0.2ms
[2024-08-15T14:19:02.271+0000][6638.216s][info][gc,phases   ] GC(1404)   Merge Heap Roots: 0.3ms
[2024-08-15T14:19:02.271+0000][6638.216s][info][gc,phases   ] GC(1404)   Evacuate Collection Set: 42.9ms
[2024-08-15T14:19:02.271+0000][6638.216s][info][gc,phases   ] GC(1404)   Post Evacuate Collection Set: 1.8ms
[2024-08-15T14:19:02.271+0000][6638.216s][info][gc,phases   ] GC(1404)   Other: 0.2ms
[2024-08-15T14:19:02.271+0000][6638.216s][info][gc,heap     ] GC(1404) Eden regions: 767->0(57)
[2024-08-15T14:19:02.271+0000][6638.216s][info][gc,heap     ] GC(1404) Survivor regions: 15->19(98)
[2024-08-15T14:19:02.271+0000][6638.216s][info][gc,heap     ] GC(1404) Old regions: 424->424
[2024-08-15T14:19:02.271+0000][6638.216s][info][gc,heap     ] GC(1404) Archive regions: 2->2
[2024-08-15T14:19:02.271+0000][6638.216s][info][gc,heap     ] GC(1404) Humongous regions: 5->5
[2024-08-15T14:19:02.271+0000][6638.216s][info][gc,metaspace] GC(1404) Metaspace: 441418K(447744K)->441418K(447744K) NonClass: 386420K(390016K)->386420K(390016K) Class: 54997K(57728K)->54997K(57728K)
[2024-08-15T14:19:02.271+0000][6638.216s][info][gc          ] GC(1404) Pause Young (Prepare Mixed) (G1 Evacuation Pause) 9683M->3577M(12288M) 45.492ms
[2024-08-15T14:19:02.271+0000][6638.216s][info][gc,cpu      ] GC(1404) User=0.27s Sys=0.00s Real=0.04s
[2024-08-15T14:19:02.873+0000][6638.817s][info][gc,start    ] GC(1405) Pause Young (Mixed) (G1 Evacuation Pause)
[2024-08-15T14:19:02.873+0000][6638.817s][info][gc,task     ] GC(1405) Using 6 workers of 6 for evacuation
[2024-08-15T14:19:02.944+0000][6638.888s][info][gc,phases   ] GC(1405)   Pre Evacuate Collection Set: 0.2ms
[2024-08-15T14:19:02.944+0000][6638.888s][info][gc,phases   ] GC(1405)   Merge Heap Roots: 0.3ms
[2024-08-15T14:19:02.944+0000][6638.888s][info][gc,phases   ] GC(1405)   Evacuate Collection Set: 69.2ms
[2024-08-15T14:19:02.944+0000][6638.888s][info][gc,phases   ] GC(1405)   Post Evacuate Collection Set: 1.3ms
[2024-08-15T14:19:02.944+0000][6638.888s][info][gc,phases   ] GC(1405)   Other: 0.2ms
[2024-08-15T14:19:02.944+0000][6638.888s][info][gc,heap     ] GC(1405) Eden regions: 57->0(783)
[2024-08-15T14:19:02.944+0000][6638.888s][info][gc,heap     ] GC(1405) Survivor regions: 19->5(10)
[2024-08-15T14:19:02.944+0000][6638.888s][info][gc,heap     ] GC(1405) Old regions: 424->419
[2024-08-15T14:19:02.944+0000][6638.888s][info][gc,heap     ] GC(1405) Archive regions: 2->2
[2024-08-15T14:19:02.944+0000][6638.888s][info][gc,heap     ] GC(1405) Humongous regions: 5->5
[2024-08-15T14:19:02.944+0000][6638.888s][info][gc,metaspace] GC(1405) Metaspace: 441418K(447744K)->441418K(447744K) NonClass: 386420K(390016K)->386420K(390016K) Class: 54997K(57728K)->54997K(57728K)
[2024-08-15T14:19:02.944+0000][6638.888s][info][gc          ] GC(1405) Pause Young (Mixed) (G1 Evacuation Pause) 4033M->3429M(12288M) 71.195ms
[2024-08-15T14:19:02.944+0000][6638.888s][info][gc,cpu      ] GC(1405) User=0.42s Sys=0.00s Real=0.08s
[2024-08-15T14:19:11.589+0000][6647.534s][info][gc,start    ] GC(1406) Pause Young (Normal) (G1 Evacuation Pause)
[2024-08-15T14:19:11.589+0000][6647.534s][info][gc,task     ] GC(1406) Using 6 workers of 6 for evacuation
[2024-08-15T14:19:11.611+0000][6647.555s][info][gc,phases   ] GC(1406)   Pre Evacuate Collection Set: 0.2ms
[2024-08-15T14:19:11.611+0000][6647.555s][info][gc,phases   ] GC(1406)   Merge Heap Roots: 0.3ms
[2024-08-15T14:19:11.611+0000][6647.555s][info][gc,phases   ] GC(1406)   Evacuate Collection Set: 19.2ms
[2024-08-15T14:19:11.611+0000][6647.555s][info][gc,phases   ] GC(1406)   Post Evacuate Collection Set: 1.7ms
[2024-08-15T14:19:11.611+0000][6647.555s][info][gc,phases   ] GC(1406)   Other: 0.2ms
[2024-08-15T14:19:11.611+0000][6647.555s][info][gc,heap     ] GC(1406) Eden regions: 783->0(779)
[2024-08-15T14:19:11.611+0000][6647.555s][info][gc,heap     ] GC(1406) Survivor regions: 5->9(99)
[2024-08-15T14:19:11.611+0000][6647.555s][info][gc,heap     ] GC(1406) Old regions: 419->419
[2024-08-15T14:19:11.611+0000][6647.555s][info][gc,heap     ] GC(1406) Archive regions: 2->2
[2024-08-15T14:19:11.611+0000][6647.555s][info][gc,heap     ] GC(1406) Humongous regions: 5->5
[2024-08-15T14:19:11.611+0000][6647.555s][info][gc,metaspace] GC(1406) Metaspace: 441422K(447808K)->441422K(447808K) NonClass: 386424K(390080K)->386424K(390080K) Class: 54997K(57728K)->54997K(57728K)
[2024-08-15T14:19:11.611+0000][6647.555s][info][gc          ] GC(1406) Pause Young (Normal) (G1 Evacuation Pause) 9693M->3455M(12288M) 21.588ms
[2024-08-15T14:19:11.611+0000][6647.555s][info][gc,cpu      ] GC(1406) User=0.13s Sys=0.00s Real=0.02s
[2024-08-15T14:19:20.103+0000][6656.048s][info][gc,start    ] GC(1407) Pause Young (Normal) (G1 Evacuation Pause)
[2024-08-15T14:19:20.103+0000][6656.048s][info][gc,task     ] GC(1407) Using 6 workers of 6 for evacuation
[2024-08-15T14:19:20.129+0000][6656.074s][info][gc,phases   ] GC(1407)   Pre Evacuate Collection Set: 0.2ms
[2024-08-15T14:19:20.129+0000][6656.074s][info][gc,phases   ] GC(1407)   Merge Heap Roots: 0.3ms
[2024-08-15T14:19:20.129+0000][6656.074s][info][gc,phases   ] GC(1407)   Evacuate Collection Set: 23.9ms
[2024-08-15T14:19:20.129+0000][6656.074s][info][gc,phases   ] GC(1407)   Post Evacuate Collection Set: 1.7ms
[2024-08-15T14:19:20.129+0000][6656.074s][info][gc,phases   ] GC(1407)   Other: 0.2ms
[2024-08-15T14:19:20.129+0000][6656.074s][info][gc,heap     ] GC(1407) Eden regions: 779->0(776)
[2024-08-15T14:19:20.129+0000][6656.074s][info][gc,heap     ] GC(1407) Survivor regions: 9->12(99)
[2024-08-15T14:19:20.129+0000][6656.074s][info][gc,heap     ] GC(1407) Old regions: 419->419
[2024-08-15T14:19:20.129+0000][6656.074s][info][gc,heap     ] GC(1407) Archive regions: 2->2
[2024-08-15T14:19:20.129+0000][6656.074s][info][gc,heap     ] GC(1407) Humongous regions: 5->5
[2024-08-15T14:19:20.129+0000][6656.074s][info][gc,metaspace] GC(1407) Metaspace: 441422K(447808K)->441422K(447808K) NonClass: 386424K(390080K)->386424K(390080K) Class: 54997K(57728K)->54997K(57728K)
[2024-08-15T14:19:20.129+0000][6656.074s][info][gc          ] GC(1407) Pause Young (Normal) (G1 Evacuation Pause) 9687M->3483M(12288M) 26.267ms
[2024-08-15T14:19:20.129+0000][6656.074s][info][gc,cpu      ] GC(1407) User=0.15s Sys=0.00s Real=0.02s
[2024-08-15T14:19:28.297+0000][6664.242s][info][gc,start    ] GC(1408) Pause Young (Concurrent Start) (G1 Evacuation Pause)
[2024-08-15T14:19:28.297+0000][6664.242s][info][gc,task     ] GC(1408) Using 6 workers of 6 for evacuation
[2024-08-15T14:19:28.329+0000][6664.273s][info][gc,phases   ] GC(1408)   Pre Evacuate Collection Set: 0.6ms
[2024-08-15T14:19:28.329+0000][6664.273s][info][gc,phases   ] GC(1408)   Merge Heap Roots: 0.2ms
[2024-08-15T14:19:28.329+0000][6664.273s][info][gc,phases   ] GC(1408)   Evacuate Collection Set: 28.9ms
[2024-08-15T14:19:28.329+0000][6664.273s][info][gc,phases   ] GC(1408)   Post Evacuate Collection Set: 1.8ms
[2024-08-15T14:19:28.329+0000][6664.274s][info][gc,phases   ] GC(1408)   Other: 0.3ms
[2024-08-15T14:19:28.329+0000][6664.274s][info][gc,heap     ] GC(1408) Eden regions: 776->0(775)
[2024-08-15T14:19:28.329+0000][6664.274s][info][gc,heap     ] GC(1408) Survivor regions: 12->13(99)
[2024-08-15T14:19:28.329+0000][6664.274s][info][gc,heap     ] GC(1408) Old regions: 419->419
[2024-08-15T14:19:28.329+0000][6664.274s][info][gc,heap     ] GC(1408) Archive regions: 2->2
[2024-08-15T14:19:28.329+0000][6664.274s][info][gc,heap     ] GC(1408) Humongous regions: 5->5
[2024-08-15T14:19:28.329+0000][6664.274s][info][gc,metaspace] GC(1408) Metaspace: 441424K(447808K)->441424K(447808K) NonClass: 386426K(390080K)->386426K(390080K) Class: 54997K(57728K)->54997K(57728K)
[2024-08-15T14:19:28.329+0000][6664.274s][info][gc          ] GC(1408) Pause Young (Concurrent Start) (G1 Evacuation Pause) 9691M->3490M(12288M) 31.899ms
[2024-08-15T14:19:28.329+0000][6664.274s][info][gc,cpu      ] GC(1408) User=0.18s Sys=0.01s Real=0.03s
[2024-08-15T14:19:28.329+0000][6664.274s][info][gc          ] GC(1409) Concurrent Mark Cycle
[2024-08-15T14:19:28.329+0000][6664.274s][info][gc,marking  ] GC(1409) Concurrent Clear Claimed Marks
[2024-08-15T14:19:28.329+0000][6664.274s][info][gc,marking  ] GC(1409) Concurrent Clear Claimed Marks 0.428ms
[2024-08-15T14:19:28.330+0000][6664.274s][info][gc,marking  ] GC(1409) Concurrent Scan Root Regions
[2024-08-15T14:19:28.358+0000][6664.303s][info][gc,marking  ] GC(1409) Concurrent Scan Root Regions 28.405ms
[2024-08-15T14:19:28.358+0000][6664.303s][info][gc,marking  ] GC(1409) Concurrent Mark
[2024-08-15T14:19:28.358+0000][6664.303s][info][gc,marking  ] GC(1409) Concurrent Mark From Roots
[2024-08-15T14:19:28.358+0000][6664.303s][info][gc,task     ] GC(1409) Using 2 workers of 2 for marking
[2024-08-15T14:19:30.817+0000][6666.762s][info][gc,marking  ] GC(1409) Concurrent Mark From Roots 2459.225ms
[2024-08-15T14:19:30.817+0000][6666.762s][info][gc,marking  ] GC(1409) Concurrent Preclean
[2024-08-15T14:19:30.818+0000][6666.763s][info][gc,marking  ] GC(1409) Concurrent Preclean 1.107ms
[2024-08-15T14:19:30.819+0000][6666.763s][info][gc,start    ] GC(1409) Pause Remark
[2024-08-15T14:19:30.841+0000][6666.786s][info][gc          ] GC(1409) Pause Remark 5130M->5130M(12288M) 22.817ms
[2024-08-15T14:19:30.841+0000][6666.786s][info][gc,cpu      ] GC(1409) User=0.10s Sys=0.00s Real=0.02s
[2024-08-15T14:19:30.842+0000][6666.786s][info][gc,marking  ] GC(1409) Concurrent Mark 2483.571ms
[2024-08-15T14:19:30.842+0000][6666.786s][info][gc,marking  ] GC(1409) Concurrent Rebuild Remembered Sets
[2024-08-15T14:19:32.343+0000][6668.288s][info][gc,marking  ] GC(1409) Concurrent Rebuild Remembered Sets 1501.744ms
[2024-08-15T14:19:32.343+0000][6668.288s][info][gc,start    ] GC(1409) Pause Cleanup
[2024-08-15T14:19:32.344+0000][6668.289s][info][gc          ] GC(1409) Pause Cleanup 6186M->6186M(12288M) 0.646ms
[2024-08-15T14:19:32.344+0000][6668.289s][info][gc,cpu      ] GC(1409) User=0.00s Sys=0.00s Real=0.00s
[2024-08-15T14:19:32.344+0000][6668.289s][info][gc,marking  ] GC(1409) Concurrent Cleanup for Next Mark
[2024-08-15T14:19:32.361+0000][6668.306s][info][gc,marking  ] GC(1409) Concurrent Cleanup for Next Mark 17.138ms
[2024-08-15T14:19:32.361+0000][6668.306s][info][gc          ] GC(1409) Concurrent Mark Cycle 4032.382ms
[2024-08-15T14:19:37.029+0000][6672.974s][info][gc,start    ] GC(1410) Pause Young (Prepare Mixed) (G1 Evacuation Pause)
[2024-08-15T14:19:37.029+0000][6672.974s][info][gc,task     ] GC(1410) Using 6 workers of 6 for evacuation
[2024-08-15T14:19:37.067+0000][6673.011s][info][gc,phases   ] GC(1410)   Pre Evacuate Collection Set: 0.2ms
[2024-08-15T14:19:37.067+0000][6673.012s][info][gc,phases   ] GC(1410)   Merge Heap Roots: 0.3ms
[2024-08-15T14:19:37.067+0000][6673.012s][info][gc,phases   ] GC(1410)   Evacuate Collection Set: 35.3ms
[2024-08-15T14:19:37.067+0000][6673.012s][info][gc,phases   ] GC(1410)   Post Evacuate Collection Set: 1.9ms
[2024-08-15T14:19:37.067+0000][6673.012s][info][gc,phases   ] GC(1410)   Other: 0.2ms
[2024-08-15T14:19:37.067+0000][6673.012s][info][gc,heap     ] GC(1410) Eden regions: 775->0(60)
[2024-08-15T14:19:37.067+0000][6673.012s][info][gc,heap     ] GC(1410) Survivor regions: 13->16(99)
[2024-08-15T14:19:37.067+0000][6673.012s][info][gc,heap     ] GC(1410) Old regions: 419->419
[2024-08-15T14:19:37.067+0000][6673.012s][info][gc,heap     ] GC(1410) Archive regions: 2->2
[2024-08-15T14:19:37.067+0000][6673.012s][info][gc,heap     ] GC(1410) Humongous regions: 5->5
[2024-08-15T14:19:37.067+0000][6673.012s][info][gc,metaspace] GC(1410) Metaspace: 441477K(447808K)->441477K(447808K) NonClass: 386479K(390080K)->386479K(390080K) Class: 54997K(57728K)->54997K(57728K)
[2024-08-15T14:19:37.067+0000][6673.012s][info][gc          ] GC(1410) Pause Young (Prepare Mixed) (G1 Evacuation Pause) 9690M->3515M(12288M) 38.055ms
[2024-08-15T14:19:37.067+0000][6673.012s][info][gc,cpu      ] GC(1410) User=0.22s Sys=0.00s Real=0.04s
[2024-08-15T14:19:37.728+0000][6673.672s][info][gc,start    ] GC(1411) Pause Young (Mixed) (G1 Evacuation Pause)
[2024-08-15T14:19:37.728+0000][6673.672s][info][gc,task     ] GC(1411) Using 6 workers of 6 for evacuation
[2024-08-15T14:19:37.807+0000][6673.752s][info][gc,phases   ] GC(1411)   Pre Evacuate Collection Set: 0.2ms
[2024-08-15T14:19:37.807+0000][6673.752s][info][gc,phases   ] GC(1411)   Merge Heap Roots: 0.5ms
[2024-08-15T14:19:37.807+0000][6673.752s][info][gc,phases   ] GC(1411)   Evacuate Collection Set: 77.6ms
[2024-08-15T14:19:37.807+0000][6673.752s][info][gc,phases   ] GC(1411)   Post Evacuate Collection Set: 1.5ms
[2024-08-15T14:19:37.807+0000][6673.752s][info][gc,phases   ] GC(1411)   Other: 0.2ms
[2024-08-15T14:19:37.807+0000][6673.752s][info][gc,heap     ] GC(1411) Eden regions: 60->0(783)
[2024-08-15T14:19:37.807+0000][6673.752s][info][gc,heap     ] GC(1411) Survivor regions: 16->6(10)
[2024-08-15T14:19:37.808+0000][6673.752s][info][gc,heap     ] GC(1411) Old regions: 419->417
[2024-08-15T14:19:37.808+0000][6673.752s][info][gc,heap     ] GC(1411) Archive regions: 2->2
[2024-08-15T14:19:37.808+0000][6673.752s][info][gc,heap     ] GC(1411) Humongous regions: 5->5
[2024-08-15T14:19:37.808+0000][6673.752s][info][gc,metaspace] GC(1411) Metaspace: 441477K(447808K)->441477K(447808K) NonClass: 386479K(390080K)->386479K(390080K) Class: 54997K(57728K)->54997K(57728K)
[2024-08-15T14:19:37.808+0000][6673.752s][info][gc          ] GC(1411) Pause Young (Mixed) (G1 Evacuation Pause) 3994M->3424M(12288M) 79.975ms
[2024-08-15T14:19:37.808+0000][6673.752s][info][gc,cpu      ] GC(1411) User=0.46s Sys=0.00s Real=0.08s
[2024-08-15T14:19:45.762+0000][6681.706s][info][gc,start    ] GC(1412) Pause Young (Normal) (G1 Evacuation Pause)
[2024-08-15T14:19:45.762+0000][6681.706s][info][gc,task     ] GC(1412) Using 6 workers of 6 for evacuation
[2024-08-15T14:19:45.790+0000][6681.734s][info][gc,phases   ] GC(1412)   Pre Evacuate Collection Set: 0.2ms
[2024-08-15T14:19:45.790+0000][6681.734s][info][gc,phases   ] GC(1412)   Merge Heap Roots: 0.3ms
[2024-08-15T14:19:45.790+0000][6681.734s][info][gc,phases   ] GC(1412)   Evacuate Collection Set: 25.0ms
[2024-08-15T14:19:45.790+0000][6681.734s][info][gc,phases   ] GC(1412)   Post Evacuate Collection Set: 2.3ms
[2024-08-15T14:19:45.790+0000][6681.734s][info][gc,phases   ] GC(1412)   Other: 0.2ms
[2024-08-15T14:19:45.790+0000][6681.734s][info][gc,heap     ] GC(1412) Eden regions: 783->0(781)
[2024-08-15T14:19:45.790+0000][6681.734s][info][gc,heap     ] GC(1412) Survivor regions: 6->8(99)
[2024-08-15T14:19:45.790+0000][6681.734s][info][gc,heap     ] GC(1412) Old regions: 417->417
[2024-08-15T14:19:45.790+0000][6681.734s][info][gc,heap     ] GC(1412) Archive regions: 2->2
[2024-08-15T14:19:45.790+0000][6681.734s][info][gc,heap     ] GC(1412) Humongous regions: 5->5
[2024-08-15T14:19:45.790+0000][6681.734s][info][gc,metaspace] GC(1412) Metaspace: 441477K(447808K)->441477K(447808K) NonClass: 386479K(390080K)->386479K(390080K) Class: 54997K(57728K)->54997K(57728K)
[2024-08-15T14:19:45.790+0000][6681.734s][info][gc          ] GC(1412) Pause Young (Normal) (G1 Evacuation Pause) 9688M->3442M(12288M) 28.030ms
[2024-08-15T14:19:45.790+0000][6681.734s][info][gc,cpu      ] GC(1412) User=0.16s Sys=0.00s Real=0.03s
[2024-08-15T14:19:48.263+0000][6684.207s][info][gc,start    ] GC(1413) Pause Young (Normal) (G1 Evacuation Pause)
[2024-08-15T14:19:48.263+0000][6684.207s][info][gc,task     ] GC(1413) Using 6 workers of 6 for evacuation
[2024-08-15T14:19:48.343+0000][6684.288s][info][gc,phases   ] GC(1413)   Pre Evacuate Collection Set: 0.2ms
[2024-08-15T14:19:48.343+0000][6684.288s][info][gc,phases   ] GC(1413)   Merge Heap Roots: 0.4ms
[2024-08-15T14:19:48.343+0000][6684.288s][info][gc,phases   ] GC(1413)   Evacuate Collection Set: 64.4ms
[2024-08-15T14:19:48.343+0000][6684.288s][info][gc,phases   ] GC(1413)   Post Evacuate Collection Set: 15.6ms
[2024-08-15T14:19:48.343+0000][6684.288s][info][gc,phases   ] GC(1413)   Other: 0.2ms
[2024-08-15T14:19:48.343+0000][6684.288s][info][gc,heap     ] GC(1413) Eden regions: 781->0(777)
[2024-08-15T14:19:48.343+0000][6684.288s][info][gc,heap     ] GC(1413) Survivor regions: 8->12(99)
[2024-08-15T14:19:48.343+0000][6684.288s][info][gc,heap     ] GC(1413) Old regions: 417->417
[2024-08-15T14:19:48.344+0000][6684.288s][info][gc,heap     ] GC(1413) Archive regions: 2->2
[2024-08-15T14:19:48.344+0000][6684.288s][info][gc,heap     ] GC(1413) Humongous regions: 5->5
[2024-08-15T14:19:48.344+0000][6684.288s][info][gc,metaspace] GC(1413) Metaspace: 441477K(447808K)->441477K(447808K) NonClass: 386479K(390080K)->386479K(390080K) Class: 54997K(57728K)->54997K(57728K)
[2024-08-15T14:19:48.344+0000][6684.288s][info][gc          ] GC(1413) Pause Young (Normal) (G1 Evacuation Pause) 9690M->3476M(12288M) 80.967ms
[2024-08-15T14:19:48.344+0000][6684.288s][info][gc,cpu      ] GC(1413) User=0.47s Sys=0.00s Real=0.09s
[2024-08-15T14:19:50.748+0000][6686.693s][info][gc,start    ] GC(1414) Pause Young (Concurrent Start) (G1 Evacuation Pause)
[2024-08-15T14:19:50.748+0000][6686.693s][info][gc,task     ] GC(1414) Using 6 workers of 6 for evacuation
[2024-08-15T14:19:50.844+0000][6686.789s][info][gc,phases   ] GC(1414)   Pre Evacuate Collection Set: 0.6ms
[2024-08-15T14:19:50.844+0000][6686.789s][info][gc,phases   ] GC(1414)   Merge Heap Roots: 0.4ms
[2024-08-15T14:19:50.844+0000][6686.789s][info][gc,phases   ] GC(1414)   Evacuate Collection Set: 76.4ms
[2024-08-15T14:19:50.844+0000][6686.789s][info][gc,phases   ] GC(1414)   Post Evacuate Collection Set: 18.4ms
[2024-08-15T14:19:50.844+0000][6686.789s][info][gc,phases   ] GC(1414)   Other: 0.3ms
[2024-08-15T14:19:50.844+0000][6686.789s][info][gc,heap     ] GC(1414) Eden regions: 777->0(770)
[2024-08-15T14:19:50.844+0000][6686.789s][info][gc,heap     ] GC(1414) Survivor regions: 12->17(99)
[2024-08-15T14:19:50.844+0000][6686.789s][info][gc,heap     ] GC(1414) Old regions: 417->417
[2024-08-15T14:19:50.844+0000][6686.789s][info][gc,heap     ] GC(1414) Archive regions: 2->2
[2024-08-15T14:19:50.844+0000][6686.789s][info][gc,heap     ] GC(1414) Humongous regions: 5->5
[2024-08-15T14:19:50.844+0000][6686.789s][info][gc,metaspace] GC(1414) Metaspace: 441477K(447808K)->441477K(447808K) NonClass: 386479K(390080K)->386479K(390080K) Class: 54997K(57728K)->54997K(57728K)
[2024-08-15T14:19:50.845+0000][6686.789s][info][gc          ] GC(1414) Pause Young (Concurrent Start) (G1 Evacuation Pause) 9692M->3516M(12288M) 96.130ms
[2024-08-15T14:19:50.845+0000][6686.789s][info][gc,cpu      ] GC(1414) User=0.55s Sys=0.00s Real=0.10s
[2024-08-15T14:19:50.845+0000][6686.789s][info][gc          ] GC(1415) Concurrent Mark Cycle
[2024-08-15T14:19:50.845+0000][6686.789s][info][gc,marking  ] GC(1415) Concurrent Clear Claimed Marks
[2024-08-15T14:19:50.845+0000][6686.790s][info][gc,marking  ] GC(1415) Concurrent Clear Claimed Marks 0.446ms
[2024-08-15T14:19:50.845+0000][6686.790s][info][gc,marking  ] GC(1415) Concurrent Scan Root Regions
[2024-08-15T14:19:50.894+0000][6686.839s][info][gc,marking  ] GC(1415) Concurrent Scan Root Regions 49.131ms
[2024-08-15T14:19:50.894+0000][6686.839s][info][gc,marking  ] GC(1415) Concurrent Mark
[2024-08-15T14:19:50.894+0000][6686.839s][info][gc,marking  ] GC(1415) Concurrent Mark From Roots
[2024-08-15T14:19:50.894+0000][6686.839s][info][gc,task     ] GC(1415) Using 2 workers of 2 for marking
[2024-08-15T14:19:53.492+0000][6689.437s][info][gc,marking  ] GC(1415) Concurrent Mark From Roots 2598.060ms
[2024-08-15T14:19:53.492+0000][6689.437s][info][gc,marking  ] GC(1415) Concurrent Preclean
[2024-08-15T14:19:53.494+0000][6689.439s][info][gc,marking  ] GC(1415) Concurrent Preclean 1.512ms
[2024-08-15T14:19:53.494+0000][6689.439s][info][gc,start    ] GC(1415) Pause Remark
[2024-08-15T14:19:53.518+0000][6689.462s][info][gc          ] GC(1415) Pause Remark 6336M->6336M(12288M) 23.653ms
[2024-08-15T14:19:53.518+0000][6689.462s][info][gc,cpu      ] GC(1415) User=0.10s Sys=0.00s Real=0.03s
[2024-08-15T14:19:53.518+0000][6689.463s][info][gc,marking  ] GC(1415) Concurrent Mark 2623.667ms
[2024-08-15T14:19:53.518+0000][6689.463s][info][gc,marking  ] GC(1415) Concurrent Rebuild Remembered Sets
[2024-08-15T14:19:55.058+0000][6691.003s][info][gc,marking  ] GC(1415) Concurrent Rebuild Remembered Sets 1539.974ms
[2024-08-15T14:19:55.058+0000][6691.003s][info][gc,start    ] GC(1415) Pause Cleanup
[2024-08-15T14:19:55.059+0000][6691.003s][info][gc          ] GC(1415) Pause Cleanup 8028M->8028M(12288M) 0.701ms
[2024-08-15T14:19:55.059+0000][6691.003s][info][gc,cpu      ] GC(1415) User=0.00s Sys=0.00s Real=0.00s
[2024-08-15T14:19:55.059+0000][6691.004s][info][gc,marking  ] GC(1415) Concurrent Cleanup for Next Mark
[2024-08-15T14:19:55.076+0000][6691.021s][info][gc,marking  ] GC(1415) Concurrent Cleanup for Next Mark 17.425ms
[2024-08-15T14:19:55.076+0000][6691.021s][info][gc          ] GC(1415) Concurrent Mark Cycle 4231.804ms
[2024-08-15T14:19:56.060+0000][6692.004s][info][gc,start    ] GC(1416) Pause Young (Prepare Mixed) (G1 Evacuation Pause)
[2024-08-15T14:19:56.060+0000][6692.004s][info][gc,task     ] GC(1416) Using 6 workers of 6 for evacuation
[2024-08-15T14:19:56.105+0000][6692.050s][info][gc,phases   ] GC(1416)   Pre Evacuate Collection Set: 0.2ms
[2024-08-15T14:19:56.105+0000][6692.050s][info][gc,phases   ] GC(1416)   Merge Heap Roots: 0.7ms
[2024-08-15T14:19:56.105+0000][6692.050s][info][gc,phases   ] GC(1416)   Evacuate Collection Set: 39.2ms
[2024-08-15T14:19:56.105+0000][6692.050s][info][gc,phases   ] GC(1416)   Post Evacuate Collection Set: 5.2ms
[2024-08-15T14:19:56.105+0000][6692.050s][info][gc,phases   ] GC(1416)   Other: 0.2ms
[2024-08-15T14:19:56.105+0000][6692.050s][info][gc,heap     ] GC(1416) Eden regions: 770->0(64)
[2024-08-15T14:19:56.105+0000][6692.050s][info][gc,heap     ] GC(1416) Survivor regions: 17->12(99)
[2024-08-15T14:19:56.105+0000][6692.050s][info][gc,heap     ] GC(1416) Old regions: 417->417
[2024-08-15T14:19:56.105+0000][6692.050s][info][gc,heap     ] GC(1416) Archive regions: 2->2
[2024-08-15T14:19:56.105+0000][6692.050s][info][gc,heap     ] GC(1416) Humongous regions: 5->5
[2024-08-15T14:19:56.105+0000][6692.050s][info][gc,metaspace] GC(1416) Metaspace: 441477K(447808K)->441477K(447808K) NonClass: 386479K(390080K)->386479K(390080K) Class: 54997K(57728K)->54997K(57728K)
[2024-08-15T14:19:56.105+0000][6692.050s][info][gc          ] GC(1416) Pause Young (Prepare Mixed) (G1 Evacuation Pause) 9676M->3476M(12288M) 45.543ms
[2024-08-15T14:19:56.105+0000][6692.050s][info][gc,cpu      ] GC(1416) User=0.26s Sys=0.00s Real=0.05s
[2024-08-15T14:19:56.438+0000][6692.383s][info][gc,start    ] GC(1417) Pause Young (Mixed) (G1 Evacuation Pause)
[2024-08-15T14:19:56.438+0000][6692.383s][info][gc,task     ] GC(1417) Using 6 workers of 6 for evacuation
[2024-08-15T14:19:56.505+0000][6692.450s][info][gc,phases   ] GC(1417)   Pre Evacuate Collection Set: 0.2ms
[2024-08-15T14:19:56.505+0000][6692.450s][info][gc,phases   ] GC(1417)   Merge Heap Roots: 0.4ms
[2024-08-15T14:19:56.505+0000][6692.450s][info][gc,phases   ] GC(1417)   Evacuate Collection Set: 65.3ms
[2024-08-15T14:19:56.505+0000][6692.450s][info][gc,phases   ] GC(1417)   Post Evacuate Collection Set: 1.2ms
[2024-08-15T14:19:56.505+0000][6692.450s][info][gc,phases   ] GC(1417)   Other: 0.2ms
[2024-08-15T14:19:56.505+0000][6692.450s][info][gc,heap     ] GC(1417) Eden regions: 64->0(790)
[2024-08-15T14:19:56.505+0000][6692.450s][info][gc,heap     ] GC(1417) Survivor regions: 12->6(10)
[2024-08-15T14:19:56.505+0000][6692.450s][info][gc,heap     ] GC(1417) Old regions: 417->410
[2024-08-15T14:19:56.506+0000][6692.450s][info][gc,heap     ] GC(1417) Archive regions: 2->2
[2024-08-15T14:19:56.506+0000][6692.450s][info][gc,heap     ] GC(1417) Humongous regions: 5->5
[2024-08-15T14:19:56.506+0000][6692.450s][info][gc,metaspace] GC(1417) Metaspace: 441477K(447808K)->441477K(447808K) NonClass: 386479K(390080K)->386479K(390080K) Class: 54997K(57728K)->54997K(57728K)
[2024-08-15T14:19:56.506+0000][6692.450s][info][gc          ] GC(1417) Pause Young (Mixed) (G1 Evacuation Pause) 3988M->3367M(12288M) 67.425ms
[2024-08-15T14:19:56.506+0000][6692.450s][info][gc,cpu      ] GC(1417) User=0.40s Sys=0.00s Real=0.07s
[2024-08-15T14:20:00.379+0000][6696.324s][info][gc,start    ] GC(1418) Pause Young (Normal) (G1 Evacuation Pause)
[2024-08-15T14:20:00.379+0000][6696.324s][info][gc,task     ] GC(1418) Using 6 workers of 6 for evacuation
[2024-08-15T14:20:00.398+0000][6696.342s][info][gc,phases   ] GC(1418)   Pre Evacuate Collection Set: 0.2ms
[2024-08-15T14:20:00.398+0000][6696.342s][info][gc,phases   ] GC(1418)   Merge Heap Roots: 0.2ms
[2024-08-15T14:20:00.398+0000][6696.342s][info][gc,phases   ] GC(1418)   Evacuate Collection Set: 16.4ms
[2024-08-15T14:20:00.398+0000][6696.342s][info][gc,phases   ] GC(1418)   Post Evacuate Collection Set: 1.8ms
[2024-08-15T14:20:00.398+0000][6696.342s][info][gc,phases   ] GC(1418)   Other: 0.2ms
[2024-08-15T14:20:00.398+0000][6696.342s][info][gc,heap     ] GC(1418) Eden regions: 790->0(791)
[2024-08-15T14:20:00.398+0000][6696.342s][info][gc,heap     ] GC(1418) Survivor regions: 6->7(100)
[2024-08-15T14:20:00.398+0000][6696.342s][info][gc,heap     ] GC(1418) Old regions: 410->410
[2024-08-15T14:20:00.398+0000][6696.342s][info][gc,heap     ] GC(1418) Archive regions: 2->2
[2024-08-15T14:20:00.398+0000][6696.342s][info][gc,heap     ] GC(1418) Humongous regions: 5->5
[2024-08-15T14:20:00.398+0000][6696.342s][info][gc,metaspace] GC(1418) Metaspace: 441482K(447808K)->441482K(447808K) NonClass: 386484K(390080K)->386484K(390080K) Class: 54997K(57728K)->54997K(57728K)
[2024-08-15T14:20:00.398+0000][6696.342s][info][gc          ] GC(1418) Pause Young (Normal) (G1 Evacuation Pause) 9687M->3376M(12288M) 18.944ms
[2024-08-15T14:20:00.398+0000][6696.343s][info][gc,cpu      ] GC(1418) User=0.11s Sys=0.00s Real=0.02s
[2024-08-15T14:20:04.183+0000][6700.128s][info][gc,start    ] GC(1419) Pause Young (Normal) (G1 Evacuation Pause)
[2024-08-15T14:20:04.183+0000][6700.128s][info][gc,task     ] GC(1419) Using 6 workers of 6 for evacuation
[2024-08-15T14:20:04.199+0000][6700.144s][info][gc,phases   ] GC(1419)   Pre Evacuate Collection Set: 0.2ms
[2024-08-15T14:20:04.199+0000][6700.144s][info][gc,phases   ] GC(1419)   Merge Heap Roots: 0.3ms
[2024-08-15T14:20:04.199+0000][6700.144s][info][gc,phases   ] GC(1419)   Evacuate Collection Set: 14.0ms
[2024-08-15T14:20:04.199+0000][6700.144s][info][gc,phases   ] GC(1419)   Post Evacuate Collection Set: 1.8ms
[2024-08-15T14:20:04.199+0000][6700.144s][info][gc,phases   ] GC(1419)   Other: 0.2ms
[2024-08-15T14:20:04.199+0000][6700.144s][info][gc,heap     ] GC(1419) Eden regions: 791->0(793)
[2024-08-15T14:20:04.199+0000][6700.144s][info][gc,heap     ] GC(1419) Survivor regions: 7->6(100)
[2024-08-15T14:20:04.199+0000][6700.144s][info][gc,heap     ] GC(1419) Old regions: 410->410
[2024-08-15T14:20:04.199+0000][6700.144s][info][gc,heap     ] GC(1419) Archive regions: 2->2
[2024-08-15T14:20:04.199+0000][6700.144s][info][gc,heap     ] GC(1419) Humongous regions: 5->5
[2024-08-15T14:20:04.199+0000][6700.144s][info][gc,metaspace] GC(1419) Metaspace: 441482K(447808K)->441482K(447808K) NonClass: 386484K(390080K)->386484K(390080K) Class: 54997K(57728K)->54997K(57728K)
[2024-08-15T14:20:04.199+0000][6700.144s][info][gc          ] GC(1419) Pause Young (Normal) (G1 Evacuation Pause) 9704M->3368M(12288M) 16.449ms
[2024-08-15T14:20:04.200+0000][6700.144s][info][gc,cpu      ] GC(1419) User=0.10s Sys=0.00s Real=0.02s
[2024-08-15T14:20:09.073+0000][6705.017s][info][gc,start    ] GC(1420) Pause Young (Concurrent Start) (G1 Evacuation Pause)
[2024-08-15T14:20:09.073+0000][6705.017s][info][gc,task     ] GC(1420) Using 6 workers of 6 for evacuation
[2024-08-15T14:20:09.094+0000][6705.038s][info][gc,phases   ] GC(1420)   Pre Evacuate Collection Set: 0.6ms
[2024-08-15T14:20:09.094+0000][6705.038s][info][gc,phases   ] GC(1420)   Merge Heap Roots: 0.2ms
[2024-08-15T14:20:09.094+0000][6705.038s][info][gc,phases   ] GC(1420)   Evacuate Collection Set: 18.2ms
[2024-08-15T14:20:09.094+0000][6705.038s][info][gc,phases   ] GC(1420)   Post Evacuate Collection Set: 1.7ms
[2024-08-15T14:20:09.094+0000][6705.038s][info][gc,phases   ] GC(1420)   Other: 0.3ms
[2024-08-15T14:20:09.094+0000][6705.038s][info][gc,heap     ] GC(1420) Eden regions: 793->0(792)
[2024-08-15T14:20:09.094+0000][6705.038s][info][gc,heap     ] GC(1420) Survivor regions: 6->8(100)
[2024-08-15T14:20:09.094+0000][6705.038s][info][gc,heap     ] GC(1420) Old regions: 410->410
[2024-08-15T14:20:09.094+0000][6705.038s][info][gc,heap     ] GC(1420) Archive regions: 2->2
[2024-08-15T14:20:09.094+0000][6705.038s][info][gc,heap     ] GC(1420) Humongous regions: 5->5
[2024-08-15T14:20:09.094+0000][6705.038s][info][gc,metaspace] GC(1420) Metaspace: 441482K(447808K)->441482K(447808K) NonClass: 386484K(390080K)->386484K(390080K) Class: 54997K(57728K)->54997K(57728K)
[2024-08-15T14:20:09.094+0000][6705.038s][info][gc          ] GC(1420) Pause Young (Concurrent Start) (G1 Evacuation Pause) 9712M->3383M(12288M) 21.064ms
[2024-08-15T14:20:09.094+0000][6705.038s][info][gc,cpu      ] GC(1420) User=0.12s Sys=0.00s Real=0.02s
[2024-08-15T14:20:09.094+0000][6705.039s][info][gc          ] GC(1421) Concurrent Mark Cycle
[2024-08-15T14:20:09.094+0000][6705.039s][info][gc,marking  ] GC(1421) Concurrent Clear Claimed Marks
[2024-08-15T14:20:09.094+0000][6705.039s][info][gc,marking  ] GC(1421) Concurrent Clear Claimed Marks 0.414ms
[2024-08-15T14:20:09.094+0000][6705.039s][info][gc,marking  ] GC(1421) Concurrent Scan Root Regions
[2024-08-15T14:20:09.111+0000][6705.056s][info][gc,marking  ] GC(1421) Concurrent Scan Root Regions 16.795ms
[2024-08-15T14:20:09.111+0000][6705.056s][info][gc,marking  ] GC(1421) Concurrent Mark
[2024-08-15T14:20:09.111+0000][6705.056s][info][gc,marking  ] GC(1421) Concurrent Mark From Roots
[2024-08-15T14:20:09.111+0000][6705.056s][info][gc,task     ] GC(1421) Using 2 workers of 2 for marking
[2024-08-15T14:20:11.778+0000][6707.722s][info][gc,marking  ] GC(1421) Concurrent Mark From Roots 2666.509ms
[2024-08-15T14:20:11.778+0000][6707.722s][info][gc,marking  ] GC(1421) Concurrent Preclean
[2024-08-15T14:20:11.779+0000][6707.724s][info][gc,marking  ] GC(1421) Concurrent Preclean 1.473ms
[2024-08-15T14:20:11.779+0000][6707.724s][info][gc,start    ] GC(1421) Pause Remark
[2024-08-15T14:20:11.802+0000][6707.747s][info][gc          ] GC(1421) Pause Remark 6403M->6403M(12288M) 22.997ms
[2024-08-15T14:20:11.802+0000][6707.747s][info][gc,cpu      ] GC(1421) User=0.09s Sys=0.00s Real=0.02s
[2024-08-15T14:20:11.803+0000][6707.747s][info][gc,marking  ] GC(1421) Concurrent Mark 2691.508ms
[2024-08-15T14:20:11.803+0000][6707.747s][info][gc,marking  ] GC(1421) Concurrent Rebuild Remembered Sets
[2024-08-15T14:20:13.325+0000][6709.270s][info][gc,marking  ] GC(1421) Concurrent Rebuild Remembered Sets 1522.697ms
[2024-08-15T14:20:13.326+0000][6709.270s][info][gc,start    ] GC(1421) Pause Cleanup
[2024-08-15T14:20:13.326+0000][6709.271s][info][gc          ] GC(1421) Pause Cleanup 9147M->9147M(12288M) 0.631ms
[2024-08-15T14:20:13.326+0000][6709.271s][info][gc,cpu      ] GC(1421) User=0.00s Sys=0.00s Real=0.00s
[2024-08-15T14:20:13.326+0000][6709.271s][info][gc,marking  ] GC(1421) Concurrent Cleanup for Next Mark
[2024-08-15T14:20:13.344+0000][6709.288s][info][gc,marking  ] GC(1421) Concurrent Cleanup for Next Mark 17.189ms
[2024-08-15T14:20:13.344+0000][6709.288s][info][gc          ] GC(1421) Concurrent Mark Cycle 4249.733ms
[2024-08-15T14:20:13.603+0000][6709.547s][info][gc,start    ] GC(1422) Pause Young (Prepare Mixed) (G1 Evacuation Pause)
[2024-08-15T14:20:13.603+0000][6709.547s][info][gc,task     ] GC(1422) Using 6 workers of 6 for evacuation
[2024-08-15T14:20:13.633+0000][6709.578s][info][gc,phases   ] GC(1422)   Pre Evacuate Collection Set: 0.2ms
[2024-08-15T14:20:13.633+0000][6709.578s][info][gc,phases   ] GC(1422)   Merge Heap Roots: 0.3ms
[2024-08-15T14:20:13.633+0000][6709.578s][info][gc,phases   ] GC(1422)   Evacuate Collection Set: 27.9ms
[2024-08-15T14:20:13.633+0000][6709.578s][info][gc,phases   ] GC(1422)   Post Evacuate Collection Set: 1.7ms
[2024-08-15T14:20:13.633+0000][6709.578s][info][gc,phases   ] GC(1422)   Other: 0.2ms
[2024-08-15T14:20:13.633+0000][6709.578s][info][gc,heap     ] GC(1422) Eden regions: 792->0(67)
[2024-08-15T14:20:13.633+0000][6709.578s][info][gc,heap     ] GC(1422) Survivor regions: 8->9(100)
[2024-08-15T14:20:13.633+0000][6709.578s][info][gc,heap     ] GC(1422) Old regions: 410->410
[2024-08-15T14:20:13.633+0000][6709.578s][info][gc,heap     ] GC(1422) Archive regions: 2->2
[2024-08-15T14:20:13.633+0000][6709.578s][info][gc,heap     ] GC(1422) Humongous regions: 5->5
[2024-08-15T14:20:13.633+0000][6709.578s][info][gc,metaspace] GC(1422) Metaspace: 441482K(447808K)->441482K(447808K) NonClass: 386484K(390080K)->386484K(390080K) Class: 54997K(57728K)->54997K(57728K)
[2024-08-15T14:20:13.633+0000][6709.578s][info][gc          ] GC(1422) Pause Young (Prepare Mixed) (G1 Evacuation Pause) 9719M->3393M(12288M) 30.432ms
[2024-08-15T14:20:13.633+0000][6709.578s][info][gc,cpu      ] GC(1422) User=0.18s Sys=0.00s Real=0.03s
[2024-08-15T14:20:13.973+0000][6709.918s][info][gc,start    ] GC(1423) Pause Young (Mixed) (G1 Evacuation Pause)
[2024-08-15T14:20:13.973+0000][6709.918s][info][gc,task     ] GC(1423) Using 6 workers of 6 for evacuation
[2024-08-15T14:20:14.043+0000][6709.988s][info][gc,phases   ] GC(1423)   Pre Evacuate Collection Set: 0.2ms
[2024-08-15T14:20:14.043+0000][6709.988s][info][gc,phases   ] GC(1423)   Merge Heap Roots: 0.4ms
[2024-08-15T14:20:14.043+0000][6709.988s][info][gc,phases   ] GC(1423)   Evacuate Collection Set: 67.9ms
[2024-08-15T14:20:14.043+0000][6709.988s][info][gc,phases   ] GC(1423)   Post Evacuate Collection Set: 1.3ms
[2024-08-15T14:20:14.043+0000][6709.988s][info][gc,phases   ] GC(1423)   Other: 0.2ms
[2024-08-15T14:20:14.043+0000][6709.988s][info][gc,heap     ] GC(1423) Eden regions: 67->0(801)
[2024-08-15T14:20:14.043+0000][6709.988s][info][gc,heap     ] GC(1423) Survivor regions: 9->5(10)
[2024-08-15T14:20:14.043+0000][6709.988s][info][gc,heap     ] GC(1423) Old regions: 410->404
[2024-08-15T14:20:14.043+0000][6709.988s][info][gc,heap     ] GC(1423) Archive regions: 2->2
[2024-08-15T14:20:14.043+0000][6709.988s][info][gc,heap     ] GC(1423) Humongous regions: 5->5
[2024-08-15T14:20:14.043+0000][6709.988s][info][gc,metaspace] GC(1423) Metaspace: 441482K(447808K)->441482K(447808K) NonClass: 386484K(390080K)->386484K(390080K) Class: 54997K(57728K)->54997K(57728K)
[2024-08-15T14:20:14.043+0000][6709.988s][info][gc          ] GC(1423) Pause Young (Mixed) (G1 Evacuation Pause) 3929M->3314M(12288M) 70.020ms
[2024-08-15T14:20:14.043+0000][6709.988s][info][gc,cpu      ] GC(1423) User=0.42s Sys=0.00s Real=0.08s
[2024-08-15T14:20:17.860+0000][6713.805s][info][gc,start    ] GC(1424) Pause Young (Normal) (G1 Evacuation Pause)
[2024-08-15T14:20:17.860+0000][6713.805s][info][gc,task     ] GC(1424) Using 6 workers of 6 for evacuation
[2024-08-15T14:20:17.877+0000][6713.821s][info][gc,phases   ] GC(1424)   Pre Evacuate Collection Set: 0.2ms
[2024-08-15T14:20:17.877+0000][6713.821s][info][gc,phases   ] GC(1424)   Merge Heap Roots: 0.2ms
[2024-08-15T14:20:17.877+0000][6713.821s][info][gc,phases   ] GC(1424)   Evacuate Collection Set: 14.3ms
[2024-08-15T14:20:17.877+0000][6713.821s][info][gc,phases   ] GC(1424)   Post Evacuate Collection Set: 1.7ms
[2024-08-15T14:20:17.877+0000][6713.821s][info][gc,phases   ] GC(1424)   Other: 0.2ms
[2024-08-15T14:20:17.877+0000][6713.821s][info][gc,heap     ] GC(1424) Eden regions: 801->0(800)
[2024-08-15T14:20:17.877+0000][6713.821s][info][gc,heap     ] GC(1424) Survivor regions: 5->7(101)
[2024-08-15T14:20:17.877+0000][6713.821s][info][gc,heap     ] GC(1424) Old regions: 404->404
[2024-08-15T14:20:17.877+0000][6713.821s][info][gc,heap     ] GC(1424) Archive regions: 2->2
[2024-08-15T14:20:17.877+0000][6713.821s][info][gc,heap     ] GC(1424) Humongous regions: 5->5
[2024-08-15T14:20:17.877+0000][6713.821s][info][gc,metaspace] GC(1424) Metaspace: 441482K(447808K)->441482K(447808K) NonClass: 386484K(390080K)->386484K(390080K) Class: 54997K(57728K)->54997K(57728K)
[2024-08-15T14:20:17.877+0000][6713.821s][info][gc          ] GC(1424) Pause Young (Normal) (G1 Evacuation Pause) 9722M->3325M(12288M) 16.654ms
[2024-08-15T14:20:17.877+0000][6713.822s][info][gc,cpu      ] GC(1424) User=0.10s Sys=0.00s Real=0.02s
[2024-08-15T14:20:22.768+0000][6718.712s][info][gc,start    ] GC(1425) Pause Young (Normal) (G1 Evacuation Pause)
[2024-08-15T14:20:22.768+0000][6718.712s][info][gc,task     ] GC(1425) Using 6 workers of 6 for evacuation
[2024-08-15T14:20:22.790+0000][6718.734s][info][gc,phases   ] GC(1425)   Pre Evacuate Collection Set: 0.2ms
[2024-08-15T14:20:22.790+0000][6718.734s][info][gc,phases   ] GC(1425)   Merge Heap Roots: 0.2ms
[2024-08-15T14:20:22.790+0000][6718.734s][info][gc,phases   ] GC(1425)   Evacuate Collection Set: 19.5ms
[2024-08-15T14:20:22.790+0000][6718.734s][info][gc,phases   ] GC(1425)   Post Evacuate Collection Set: 1.9ms
[2024-08-15T14:20:22.790+0000][6718.734s][info][gc,phases   ] GC(1425)   Other: 0.2ms
[2024-08-15T14:20:22.790+0000][6718.734s][info][gc,heap     ] GC(1425) Eden regions: 800->0(799)
[2024-08-15T14:20:22.790+0000][6718.734s][info][gc,heap     ] GC(1425) Survivor regions: 7->8(101)
[2024-08-15T14:20:22.790+0000][6718.734s][info][gc,heap     ] GC(1425) Old regions: 404->404
[2024-08-15T14:20:22.790+0000][6718.734s][info][gc,heap     ] GC(1425) Archive regions: 2->2
[2024-08-15T14:20:22.790+0000][6718.734s][info][gc,heap     ] GC(1425) Humongous regions: 5->5
[2024-08-15T14:20:22.790+0000][6718.734s][info][gc,metaspace] GC(1425) Metaspace: 441482K(447808K)->441482K(447808K) NonClass: 386484K(390080K)->386484K(390080K) Class: 54997K(57728K)->54997K(57728K)
[2024-08-15T14:20:22.790+0000][6718.734s][info][gc          ] GC(1425) Pause Young (Normal) (G1 Evacuation Pause) 9725M->3336M(12288M) 22.077ms
[2024-08-15T14:20:22.790+0000][6718.734s][info][gc,cpu      ] GC(1425) User=0.12s Sys=0.00s Real=0.02s
[2024-08-15T14:20:27.358+0000][6723.302s][info][gc,start    ] GC(1426) Pause Young (Concurrent Start) (G1 Evacuation Pause)
[2024-08-15T14:20:27.358+0000][6723.302s][info][gc,task     ] GC(1426) Using 6 workers of 6 for evacuation
[2024-08-15T14:20:27.386+0000][6723.331s][info][gc,phases   ] GC(1426)   Pre Evacuate Collection Set: 0.6ms
[2024-08-15T14:20:27.386+0000][6723.331s][info][gc,phases   ] GC(1426)   Merge Heap Roots: 0.3ms
[2024-08-15T14:20:27.386+0000][6723.331s][info][gc,phases   ] GC(1426)   Evacuate Collection Set: 25.7ms
[2024-08-15T14:20:27.386+0000][6723.331s][info][gc,phases   ] GC(1426)   Post Evacuate Collection Set: 1.8ms
[2024-08-15T14:20:27.386+0000][6723.331s][info][gc,phases   ] GC(1426)   Other: 0.3ms
[2024-08-15T14:20:27.386+0000][6723.331s][info][gc,heap     ] GC(1426) Eden regions: 799->0(797)
[2024-08-15T14:20:27.386+0000][6723.331s][info][gc,heap     ] GC(1426) Survivor regions: 8->10(101)
[2024-08-15T14:20:27.386+0000][6723.331s][info][gc,heap     ] GC(1426) Old regions: 404->404
[2024-08-15T14:20:27.386+0000][6723.331s][info][gc,heap     ] GC(1426) Archive regions: 2->2
[2024-08-15T14:20:27.386+0000][6723.331s][info][gc,heap     ] GC(1426) Humongous regions: 5->5
[2024-08-15T14:20:27.386+0000][6723.331s][info][gc,metaspace] GC(1426) Metaspace: 441482K(447808K)->441482K(447808K) NonClass: 386484K(390080K)->386484K(390080K) Class: 54997K(57728K)->54997K(57728K)
[2024-08-15T14:20:27.386+0000][6723.331s][info][gc          ] GC(1426) Pause Young (Concurrent Start) (G1 Evacuation Pause) 9728M->3351M(12288M) 28.684ms
[2024-08-15T14:20:27.386+0000][6723.331s][info][gc,cpu      ] GC(1426) User=0.16s Sys=0.00s Real=0.03s
[2024-08-15T14:20:27.386+0000][6723.331s][info][gc          ] GC(1427) Concurrent Mark Cycle
[2024-08-15T14:20:27.386+0000][6723.331s][info][gc,marking  ] GC(1427) Concurrent Clear Claimed Marks
[2024-08-15T14:20:27.387+0000][6723.332s][info][gc,marking  ] GC(1427) Concurrent Clear Claimed Marks 0.433ms
[2024-08-15T14:20:27.387+0000][6723.332s][info][gc,marking  ] GC(1427) Concurrent Scan Root Regions
[2024-08-15T14:20:27.403+0000][6723.347s][info][gc,marking  ] GC(1427) Concurrent Scan Root Regions 15.727ms
[2024-08-15T14:20:27.403+0000][6723.347s][info][gc,marking  ] GC(1427) Concurrent Mark
[2024-08-15T14:20:27.403+0000][6723.347s][info][gc,marking  ] GC(1427) Concurrent Mark From Roots
[2024-08-15T14:20:27.403+0000][6723.347s][info][gc,task     ] GC(1427) Using 2 workers of 2 for marking
[2024-08-15T14:20:30.005+0000][6725.950s][info][gc,marking  ] GC(1427) Concurrent Mark From Roots 2602.739ms
[2024-08-15T14:20:30.005+0000][6725.950s][info][gc,marking  ] GC(1427) Concurrent Preclean
[2024-08-15T14:20:30.007+0000][6725.951s][info][gc,marking  ] GC(1427) Concurrent Preclean 1.365ms
[2024-08-15T14:20:30.007+0000][6725.952s][info][gc,start    ] GC(1427) Pause Remark
[2024-08-15T14:20:30.030+0000][6725.975s][info][gc          ] GC(1427) Pause Remark 6871M->6871M(12288M) 23.434ms
[2024-08-15T14:20:30.031+0000][6725.975s][info][gc,cpu      ] GC(1427) User=0.10s Sys=0.00s Real=0.02s
[2024-08-15T14:20:30.031+0000][6725.975s][info][gc,marking  ] GC(1427) Concurrent Mark 2628.140ms
[2024-08-15T14:20:30.031+0000][6725.975s][info][gc,marking  ] GC(1427) Concurrent Rebuild Remembered Sets
[2024-08-15T14:20:31.622+0000][6727.567s][info][gc,marking  ] GC(1427) Concurrent Rebuild Remembered Sets 1591.653ms
[2024-08-15T14:20:31.623+0000][6727.567s][info][gc,start    ] GC(1427) Pause Cleanup
[2024-08-15T14:20:31.623+0000][6727.568s][info][gc          ] GC(1427) Pause Cleanup 9091M->9091M(12288M) 0.667ms
[2024-08-15T14:20:31.623+0000][6727.568s][info][gc,cpu      ] GC(1427) User=0.00s Sys=0.00s Real=0.01s
[2024-08-15T14:20:31.624+0000][6727.568s][info][gc,marking  ] GC(1427) Concurrent Cleanup for Next Mark
[2024-08-15T14:20:31.642+0000][6727.586s][info][gc,marking  ] GC(1427) Concurrent Cleanup for Next Mark 18.014ms
[2024-08-15T14:20:31.642+0000][6727.586s][info][gc          ] GC(1427) Concurrent Mark Cycle 4255.159ms
[2024-08-15T14:20:32.003+0000][6727.948s][info][gc,start    ] GC(1428) Pause Young (Prepare Mixed) (G1 Evacuation Pause)
[2024-08-15T14:20:32.003+0000][6727.948s][info][gc,task     ] GC(1428) Using 6 workers of 6 for evacuation
[2024-08-15T14:20:32.030+0000][6727.975s][info][gc,phases   ] GC(1428)   Pre Evacuate Collection Set: 0.2ms
[2024-08-15T14:20:32.030+0000][6727.975s][info][gc,phases   ] GC(1428)   Merge Heap Roots: 0.3ms
[2024-08-15T14:20:32.030+0000][6727.975s][info][gc,phases   ] GC(1428)   Evacuate Collection Set: 24.5ms
[2024-08-15T14:20:32.030+0000][6727.975s][info][gc,phases   ] GC(1428)   Post Evacuate Collection Set: 1.8ms
[2024-08-15T14:20:32.030+0000][6727.975s][info][gc,phases   ] GC(1428)   Other: 0.2ms
[2024-08-15T14:20:32.030+0000][6727.975s][info][gc,heap     ] GC(1428) Eden regions: 797->0(64)
[2024-08-15T14:20:32.030+0000][6727.975s][info][gc,heap     ] GC(1428) Survivor regions: 10->12(101)
[2024-08-15T14:20:32.030+0000][6727.975s][info][gc,heap     ] GC(1428) Old regions: 404->404
[2024-08-15T14:20:32.030+0000][6727.975s][info][gc,heap     ] GC(1428) Archive regions: 2->2
[2024-08-15T14:20:32.030+0000][6727.975s][info][gc,heap     ] GC(1428) Humongous regions: 5->5
[2024-08-15T14:20:32.030+0000][6727.975s][info][gc,metaspace] GC(1428) Metaspace: 441487K(447808K)->441487K(447808K) NonClass: 386489K(390080K)->386489K(390080K) Class: 54997K(57728K)->54997K(57728K)
[2024-08-15T14:20:32.030+0000][6727.975s][info][gc          ] GC(1428) Pause Young (Prepare Mixed) (G1 Evacuation Pause) 9727M->3364M(12288M) 26.985ms
[2024-08-15T14:20:32.030+0000][6727.975s][info][gc,cpu      ] GC(1428) User=0.16s Sys=0.00s Real=0.02s
[2024-08-15T14:20:32.336+0000][6728.281s][info][gc,start    ] GC(1429) Pause Young (Mixed) (G1 Evacuation Pause)
[2024-08-15T14:20:32.336+0000][6728.281s][info][gc,task     ] GC(1429) Using 6 workers of 6 for evacuation
[2024-08-15T14:20:32.411+0000][6728.355s][info][gc,phases   ] GC(1429)   Pre Evacuate Collection Set: 0.2ms
[2024-08-15T14:20:32.411+0000][6728.355s][info][gc,phases   ] GC(1429)   Merge Heap Roots: 0.4ms
[2024-08-15T14:20:32.411+0000][6728.355s][info][gc,phases   ] GC(1429)   Evacuate Collection Set: 72.5ms
[2024-08-15T14:20:32.411+0000][6728.355s][info][gc,phases   ] GC(1429)   Post Evacuate Collection Set: 1.3ms
[2024-08-15T14:20:32.411+0000][6728.355s][info][gc,phases   ] GC(1429)   Other: 0.2ms
[2024-08-15T14:20:32.411+0000][6728.355s][info][gc,heap     ] GC(1429) Eden regions: 64->0(803)
[2024-08-15T14:20:32.411+0000][6728.355s][info][gc,heap     ] GC(1429) Survivor regions: 12->5(10)
[2024-08-15T14:20:32.411+0000][6728.355s][info][gc,heap     ] GC(1429) Old regions: 404->403
[2024-08-15T14:20:32.411+0000][6728.355s][info][gc,heap     ] GC(1429) Archive regions: 2->2
[2024-08-15T14:20:32.411+0000][6728.355s][info][gc,heap     ] GC(1429) Humongous regions: 5->5
[2024-08-15T14:20:32.411+0000][6728.355s][info][gc,metaspace] GC(1429) Metaspace: 441487K(447808K)->441487K(447808K) NonClass: 386489K(390080K)->386489K(390080K) Class: 54997K(57728K)->54997K(57728K)
[2024-08-15T14:20:32.411+0000][6728.355s][info][gc          ] GC(1429) Pause Young (Mixed) (G1 Evacuation Pause) 3876M->3305M(12288M) 74.612ms
[2024-08-15T14:20:32.411+0000][6728.355s][info][gc,cpu      ] GC(1429) User=0.45s Sys=0.00s Real=0.07s
[2024-08-15T14:20:38.410+0000][6734.355s][info][gc,start    ] GC(1430) Pause Young (Normal) (G1 Evacuation Pause)
[2024-08-15T14:20:38.410+0000][6734.355s][info][gc,task     ] GC(1430) Using 6 workers of 6 for evacuation
[2024-08-15T14:20:38.429+0000][6734.374s][info][gc,phases   ] GC(1430)   Pre Evacuate Collection Set: 0.2ms
[2024-08-15T14:20:38.429+0000][6734.374s][info][gc,phases   ] GC(1430)   Merge Heap Roots: 0.3ms
[2024-08-15T14:20:38.429+0000][6734.374s][info][gc,phases   ] GC(1430)   Evacuate Collection Set: 17.0ms
[2024-08-15T14:20:38.429+0000][6734.374s][info][gc,phases   ] GC(1430)   Post Evacuate Collection Set: 1.7ms
[2024-08-15T14:20:38.429+0000][6734.374s][info][gc,phases   ] GC(1430)   Other: 0.2ms
[2024-08-15T14:20:38.429+0000][6734.374s][info][gc,heap     ] GC(1430) Eden regions: 803->0(798)
[2024-08-15T14:20:38.429+0000][6734.374s][info][gc,heap     ] GC(1430) Survivor regions: 5->8(101)
[2024-08-15T14:20:38.429+0000][6734.374s][info][gc,heap     ] GC(1430) Old regions: 403->403
[2024-08-15T14:20:38.429+0000][6734.374s][info][gc,heap     ] GC(1430) Archive regions: 2->2
[2024-08-15T14:20:38.429+0000][6734.374s][info][gc,heap     ] GC(1430) Humongous regions: 5->5
[2024-08-15T14:20:38.429+0000][6734.374s][info][gc,metaspace] GC(1430) Metaspace: 441487K(447808K)->441487K(447808K) NonClass: 386489K(390080K)->386489K(390080K) Class: 54997K(57728K)->54997K(57728K)
[2024-08-15T14:20:38.429+0000][6734.374s][info][gc          ] GC(1430) Pause Young (Normal) (G1 Evacuation Pause) 9729M->3330M(12288M) 19.424ms
[2024-08-15T14:20:38.429+0000][6734.374s][info][gc,cpu      ] GC(1430) User=0.12s Sys=0.00s Real=0.02s
[2024-08-15T14:20:46.581+0000][6742.526s][info][gc,start    ] GC(1431) Pause Young (Normal) (G1 Evacuation Pause)
[2024-08-15T14:20:46.581+0000][6742.526s][info][gc,task     ] GC(1431) Using 6 workers of 6 for evacuation
[2024-08-15T14:20:46.606+0000][6742.551s][info][gc,phases   ] GC(1431)   Pre Evacuate Collection Set: 0.2ms
[2024-08-15T14:20:46.606+0000][6742.551s][info][gc,phases   ] GC(1431)   Merge Heap Roots: 0.3ms
[2024-08-15T14:20:46.606+0000][6742.551s][info][gc,phases   ] GC(1431)   Evacuate Collection Set: 22.5ms
[2024-08-15T14:20:46.606+0000][6742.551s][info][gc,phases   ] GC(1431)   Post Evacuate Collection Set: 1.8ms
[2024-08-15T14:20:46.606+0000][6742.551s][info][gc,phases   ] GC(1431)   Other: 0.2ms
[2024-08-15T14:20:46.606+0000][6742.551s][info][gc,heap     ] GC(1431) Eden regions: 798->0(797)
[2024-08-15T14:20:46.606+0000][6742.551s][info][gc,heap     ] GC(1431) Survivor regions: 8->9(101)
[2024-08-15T14:20:46.606+0000][6742.551s][info][gc,heap     ] GC(1431) Old regions: 403->403
[2024-08-15T14:20:46.606+0000][6742.551s][info][gc,heap     ] GC(1431) Archive regions: 2->2
[2024-08-15T14:20:46.606+0000][6742.551s][info][gc,heap     ] GC(1431) Humongous regions: 5->5
[2024-08-15T14:20:46.606+0000][6742.551s][info][gc,metaspace] GC(1431) Metaspace: 441496K(447808K)->441496K(447808K) NonClass: 386498K(390080K)->386498K(390080K) Class: 54997K(57728K)->54997K(57728K)
[2024-08-15T14:20:46.606+0000][6742.551s][info][gc          ] GC(1431) Pause Young (Normal) (G1 Evacuation Pause) 9714M->3332M(12288M) 25.058ms
[2024-08-15T14:20:46.606+0000][6742.551s][info][gc,cpu      ] GC(1431) User=0.15s Sys=0.00s Real=0.03s
[2024-08-15T14:20:55.302+0000][6751.247s][info][gc,start    ] GC(1432) Pause Young (Concurrent Start) (G1 Evacuation Pause)
[2024-08-15T14:20:55.302+0000][6751.247s][info][gc,task     ] GC(1432) Using 6 workers of 6 for evacuation
[2024-08-15T14:20:55.332+0000][6751.277s][info][gc,phases   ] GC(1432)   Pre Evacuate Collection Set: 0.6ms
[2024-08-15T14:20:55.332+0000][6751.277s][info][gc,phases   ] GC(1432)   Merge Heap Roots: 0.3ms
[2024-08-15T14:20:55.332+0000][6751.277s][info][gc,phases   ] GC(1432)   Evacuate Collection Set: 27.1ms
[2024-08-15T14:20:55.332+0000][6751.277s][info][gc,phases   ] GC(1432)   Post Evacuate Collection Set: 1.7ms
[2024-08-15T14:20:55.332+0000][6751.277s][info][gc,phases   ] GC(1432)   Other: 0.3ms
[2024-08-15T14:20:55.332+0000][6751.277s][info][gc,heap     ] GC(1432) Eden regions: 797->0(794)
[2024-08-15T14:20:55.332+0000][6751.277s][info][gc,heap     ] GC(1432) Survivor regions: 9->12(101)
[2024-08-15T14:20:55.332+0000][6751.277s][info][gc,heap     ] GC(1432) Old regions: 403->403
[2024-08-15T14:20:55.332+0000][6751.277s][info][gc,heap     ] GC(1432) Archive regions: 2->2
[2024-08-15T14:20:55.332+0000][6751.277s][info][gc,heap     ] GC(1432) Humongous regions: 5->5
[2024-08-15T14:20:55.332+0000][6751.277s][info][gc,metaspace] GC(1432) Metaspace: 441496K(447808K)->441496K(447808K) NonClass: 386498K(390080K)->386498K(390080K) Class: 54997K(57728K)->54997K(57728K)
[2024-08-15T14:20:55.332+0000][6751.277s][info][gc          ] GC(1432) Pause Young (Concurrent Start) (G1 Evacuation Pause) 9708M->3359M(12288M) 30.092ms
[2024-08-15T14:20:55.332+0000][6751.277s][info][gc,cpu      ] GC(1432) User=0.17s Sys=0.00s Real=0.03s
[2024-08-15T14:20:55.332+0000][6751.277s][info][gc          ] GC(1433) Concurrent Mark Cycle
[2024-08-15T14:20:55.332+0000][6751.277s][info][gc,marking  ] GC(1433) Concurrent Clear Claimed Marks
[2024-08-15T14:20:55.333+0000][6751.277s][info][gc,marking  ] GC(1433) Concurrent Clear Claimed Marks 0.440ms
[2024-08-15T14:20:55.333+0000][6751.277s][info][gc,marking  ] GC(1433) Concurrent Scan Root Regions
[2024-08-15T14:20:55.364+0000][6751.308s][info][gc,marking  ] GC(1433) Concurrent Scan Root Regions 30.771ms
[2024-08-15T14:20:55.364+0000][6751.308s][info][gc,marking  ] GC(1433) Concurrent Mark
[2024-08-15T14:20:55.364+0000][6751.308s][info][gc,marking  ] GC(1433) Concurrent Mark From Roots
[2024-08-15T14:20:55.364+0000][6751.308s][info][gc,task     ] GC(1433) Using 2 workers of 2 for marking
[2024-08-15T14:20:57.845+0000][6753.789s][info][gc,marking  ] GC(1433) Concurrent Mark From Roots 2480.906ms
[2024-08-15T14:20:57.845+0000][6753.789s][info][gc,marking  ] GC(1433) Concurrent Preclean
[2024-08-15T14:20:57.846+0000][6753.790s][info][gc,marking  ] GC(1433) Concurrent Preclean 1.323ms
[2024-08-15T14:20:57.846+0000][6753.791s][info][gc,start    ] GC(1433) Pause Remark
[2024-08-15T14:20:57.869+0000][6753.813s][info][gc          ] GC(1433) Pause Remark 5039M->5039M(12288M) 22.511ms
[2024-08-15T14:20:57.869+0000][6753.813s][info][gc,cpu      ] GC(1433) User=0.09s Sys=0.00s Real=0.02s
[2024-08-15T14:20:57.869+0000][6753.813s][info][gc,marking  ] GC(1433) Concurrent Mark 2505.140ms
[2024-08-15T14:20:57.869+0000][6753.813s][info][gc,marking  ] GC(1433) Concurrent Rebuild Remembered Sets
[2024-08-15T14:20:59.317+0000][6755.261s][info][gc,marking  ] GC(1433) Concurrent Rebuild Remembered Sets 1447.726ms
[2024-08-15T14:20:59.317+0000][6755.261s][info][gc,start    ] GC(1433) Pause Cleanup
[2024-08-15T14:20:59.317+0000][6755.262s][info][gc          ] GC(1433) Pause Cleanup 6028M->6028M(12288M) 0.595ms
[2024-08-15T14:20:59.317+0000][6755.262s][info][gc,cpu      ] GC(1433) User=0.00s Sys=0.01s Real=0.00s
[2024-08-15T14:20:59.317+0000][6755.262s][info][gc,marking  ] GC(1433) Concurrent Cleanup for Next Mark
[2024-08-15T14:20:59.335+0000][6755.279s][info][gc,marking  ] GC(1433) Concurrent Cleanup for Next Mark 17.252ms
[2024-08-15T14:20:59.335+0000][6755.279s][info][gc          ] GC(1433) Concurrent Mark Cycle 4002.385ms
[2024-08-15T14:21:04.226+0000][6760.171s][info][gc,start    ] GC(1434) Pause Young (Prepare Mixed) (G1 Evacuation Pause)
[2024-08-15T14:21:04.226+0000][6760.171s][info][gc,task     ] GC(1434) Using 6 workers of 6 for evacuation
[2024-08-15T14:21:04.261+0000][6760.206s][info][gc,phases   ] GC(1434)   Pre Evacuate Collection Set: 0.2ms
[2024-08-15T14:21:04.261+0000][6760.206s][info][gc,phases   ] GC(1434)   Merge Heap Roots: 0.3ms
[2024-08-15T14:21:04.261+0000][6760.206s][info][gc,phases   ] GC(1434)   Evacuate Collection Set: 32.7ms
[2024-08-15T14:21:04.261+0000][6760.206s][info][gc,phases   ] GC(1434)   Post Evacuate Collection Set: 1.8ms
[2024-08-15T14:21:04.261+0000][6760.206s][info][gc,phases   ] GC(1434)   Other: 0.2ms
[2024-08-15T14:21:04.261+0000][6760.206s][info][gc,heap     ] GC(1434) Eden regions: 794->0(61)
[2024-08-15T14:21:04.261+0000][6760.206s][info][gc,heap     ] GC(1434) Survivor regions: 12->15(101)
[2024-08-15T14:21:04.261+0000][6760.206s][info][gc,heap     ] GC(1434) Old regions: 403->403
[2024-08-15T14:21:04.261+0000][6760.206s][info][gc,heap     ] GC(1434) Archive regions: 2->2
[2024-08-15T14:21:04.261+0000][6760.206s][info][gc,heap     ] GC(1434) Humongous regions: 5->5
[2024-08-15T14:21:04.261+0000][6760.206s][info][gc,metaspace] GC(1434) Metaspace: 441523K(447872K)->441523K(447872K) NonClass: 386525K(390144K)->386525K(390144K) Class: 54997K(57728K)->54997K(57728K)
[2024-08-15T14:21:04.261+0000][6760.206s][info][gc          ] GC(1434) Pause Young (Prepare Mixed) (G1 Evacuation Pause) 9711M->3387M(12288M) 35.266ms
[2024-08-15T14:21:04.262+0000][6760.206s][info][gc,cpu      ] GC(1434) User=0.20s Sys=0.00s Real=0.03s
[2024-08-15T14:21:04.946+0000][6760.890s][info][gc,start    ] GC(1435) Pause Young (Mixed) (G1 Evacuation Pause)
[2024-08-15T14:21:04.946+0000][6760.890s][info][gc,task     ] GC(1435) Using 6 workers of 6 for evacuation
[2024-08-15T14:21:05.024+0000][6760.969s][info][gc,phases   ] GC(1435)   Pre Evacuate Collection Set: 0.2ms
[2024-08-15T14:21:05.024+0000][6760.969s][info][gc,phases   ] GC(1435)   Merge Heap Roots: 0.4ms
[2024-08-15T14:21:05.024+0000][6760.969s][info][gc,phases   ] GC(1435)   Evacuate Collection Set: 76.6ms
[2024-08-15T14:21:05.024+0000][6760.969s][info][gc,phases   ] GC(1435)   Post Evacuate Collection Set: 1.3ms
[2024-08-15T14:21:05.024+0000][6760.969s][info][gc,phases   ] GC(1435)   Other: 0.2ms
[2024-08-15T14:21:05.024+0000][6760.969s][info][gc,heap     ] GC(1435) Eden regions: 61->0(798)
[2024-08-15T14:21:05.024+0000][6760.969s][info][gc,heap     ] GC(1435) Survivor regions: 15->5(10)
[2024-08-15T14:21:05.024+0000][6760.969s][info][gc,heap     ] GC(1435) Old regions: 403->405
[2024-08-15T14:21:05.024+0000][6760.969s][info][gc,heap     ] GC(1435) Archive regions: 2->2
[2024-08-15T14:21:05.024+0000][6760.969s][info][gc,heap     ] GC(1435) Humongous regions: 5->5
[2024-08-15T14:21:05.024+0000][6760.969s][info][gc,metaspace] GC(1435) Metaspace: 441523K(447872K)->441523K(447872K) NonClass: 386525K(390144K)->386525K(390144K) Class: 54997K(57728K)->54997K(57728K)
[2024-08-15T14:21:05.024+0000][6760.969s][info][gc          ] GC(1435) Pause Young (Mixed) (G1 Evacuation Pause) 3875M->3322M(12288M) 78.757ms
[2024-08-15T14:21:05.024+0000][6760.969s][info][gc,cpu      ] GC(1435) User=0.47s Sys=0.00s Real=0.08s
[2024-08-15T14:21:13.674+0000][6769.619s][info][gc,start    ] GC(1436) Pause Young (Normal) (G1 Evacuation Pause)
[2024-08-15T14:21:13.674+0000][6769.619s][info][gc,task     ] GC(1436) Using 6 workers of 6 for evacuation
[2024-08-15T14:21:13.695+0000][6769.640s][info][gc,phases   ] GC(1436)   Pre Evacuate Collection Set: 0.2ms
[2024-08-15T14:21:13.695+0000][6769.640s][info][gc,phases   ] GC(1436)   Merge Heap Roots: 0.2ms
[2024-08-15T14:21:13.695+0000][6769.640s][info][gc,phases   ] GC(1436)   Evacuate Collection Set: 18.7ms
[2024-08-15T14:21:13.695+0000][6769.640s][info][gc,phases   ] GC(1436)   Post Evacuate Collection Set: 1.7ms
[2024-08-15T14:21:13.695+0000][6769.640s][info][gc,phases   ] GC(1436)   Other: 0.2ms
[2024-08-15T14:21:13.695+0000][6769.640s][info][gc,heap     ] GC(1436) Eden regions: 798->0(794)
[2024-08-15T14:21:13.695+0000][6769.640s][info][gc,heap     ] GC(1436) Survivor regions: 5->9(101)
[2024-08-15T14:21:13.695+0000][6769.640s][info][gc,heap     ] GC(1436) Old regions: 405->405
[2024-08-15T14:21:13.695+0000][6769.640s][info][gc,heap     ] GC(1436) Archive regions: 2->2
[2024-08-15T14:21:13.695+0000][6769.640s][info][gc,heap     ] GC(1436) Humongous regions: 5->5
[2024-08-15T14:21:13.695+0000][6769.640s][info][gc,metaspace] GC(1436) Metaspace: 441523K(447872K)->441523K(447872K) NonClass: 386525K(390144K)->386525K(390144K) Class: 54997K(57728K)->54997K(57728K)
[2024-08-15T14:21:13.695+0000][6769.640s][info][gc          ] GC(1436) Pause Young (Normal) (G1 Evacuation Pause) 9706M->3347M(12288M) 21.199ms
[2024-08-15T14:21:13.695+0000][6769.640s][info][gc,cpu      ] GC(1436) User=0.13s Sys=0.00s Real=0.03s
[2024-08-15T14:21:22.209+0000][6778.154s][info][gc,start    ] GC(1437) Pause Young (Normal) (G1 Evacuation Pause)
[2024-08-15T14:21:22.209+0000][6778.154s][info][gc,task     ] GC(1437) Using 6 workers of 6 for evacuation
[2024-08-15T14:21:22.236+0000][6778.180s][info][gc,phases   ] GC(1437)   Pre Evacuate Collection Set: 0.2ms
[2024-08-15T14:21:22.236+0000][6778.180s][info][gc,phases   ] GC(1437)   Merge Heap Roots: 0.2ms
[2024-08-15T14:21:22.236+0000][6778.180s][info][gc,phases   ] GC(1437)   Evacuate Collection Set: 24.5ms
[2024-08-15T14:21:22.236+0000][6778.180s][info][gc,phases   ] GC(1437)   Post Evacuate Collection Set: 1.8ms
[2024-08-15T14:21:22.236+0000][6778.180s][info][gc,phases   ] GC(1437)   Other: 0.2ms
[2024-08-15T14:21:22.236+0000][6778.180s][info][gc,heap     ] GC(1437) Eden regions: 794->0(794)
[2024-08-15T14:21:22.236+0000][6778.181s][info][gc,heap     ] GC(1437) Survivor regions: 9->9(101)
[2024-08-15T14:21:22.236+0000][6778.181s][info][gc,heap     ] GC(1437) Old regions: 405->405
[2024-08-15T14:21:22.236+0000][6778.181s][info][gc,heap     ] GC(1437) Archive regions: 2->2
[2024-08-15T14:21:22.236+0000][6778.181s][info][gc,heap     ] GC(1437) Humongous regions: 5->5
[2024-08-15T14:21:22.236+0000][6778.181s][info][gc,metaspace] GC(1437) Metaspace: 441523K(447872K)->441523K(447872K) NonClass: 386525K(390144K)->386525K(390144K) Class: 54997K(57728K)->54997K(57728K)
[2024-08-15T14:21:22.236+0000][6778.181s][info][gc          ] GC(1437) Pause Young (Normal) (G1 Evacuation Pause) 9699M->3351M(12288M) 27.012ms
[2024-08-15T14:21:22.236+0000][6778.181s][info][gc,cpu      ] GC(1437) User=0.16s Sys=0.00s Real=0.03s
[2024-08-15T14:21:30.923+0000][6786.868s][info][gc,start    ] GC(1438) Pause Young (Concurrent Start) (G1 Evacuation Pause)
[2024-08-15T14:21:30.923+0000][6786.868s][info][gc,task     ] GC(1438) Using 6 workers of 6 for evacuation
[2024-08-15T14:21:30.956+0000][6786.900s][info][gc,phases   ] GC(1438)   Pre Evacuate Collection Set: 0.6ms
[2024-08-15T14:21:30.956+0000][6786.900s][info][gc,phases   ] GC(1438)   Merge Heap Roots: 0.2ms
[2024-08-15T14:21:30.956+0000][6786.900s][info][gc,phases   ] GC(1438)   Evacuate Collection Set: 29.5ms
[2024-08-15T14:21:30.956+0000][6786.900s][info][gc,phases   ] GC(1438)   Post Evacuate Collection Set: 1.8ms
[2024-08-15T14:21:30.956+0000][6786.900s][info][gc,phases   ] GC(1438)   Other: 0.3ms
[2024-08-15T14:21:30.956+0000][6786.900s][info][gc,heap     ] GC(1438) Eden regions: 794->0(790)
[2024-08-15T14:21:30.956+0000][6786.901s][info][gc,heap     ] GC(1438) Survivor regions: 9->13(101)
[2024-08-15T14:21:30.956+0000][6786.901s][info][gc,heap     ] GC(1438) Old regions: 405->405
[2024-08-15T14:21:30.956+0000][6786.901s][info][gc,heap     ] GC(1438) Archive regions: 2->2
[2024-08-15T14:21:30.956+0000][6786.901s][info][gc,heap     ] GC(1438) Humongous regions: 5->5
[2024-08-15T14:21:30.956+0000][6786.901s][info][gc,metaspace] GC(1438) Metaspace: 441523K(447872K)->441523K(447872K) NonClass: 386525K(390144K)->386525K(390144K) Class: 54997K(57728K)->54997K(57728K)
[2024-08-15T14:21:30.956+0000][6786.901s][info][gc          ] GC(1438) Pause Young (Concurrent Start) (G1 Evacuation Pause) 9703M->3379M(12288M) 32.506ms
[2024-08-15T14:21:30.956+0000][6786.901s][info][gc,cpu      ] GC(1438) User=0.19s Sys=0.00s Real=0.03s
[2024-08-15T14:21:30.956+0000][6786.901s][info][gc          ] GC(1439) Concurrent Mark Cycle
[2024-08-15T14:21:30.956+0000][6786.901s][info][gc,marking  ] GC(1439) Concurrent Clear Claimed Marks
[2024-08-15T14:21:30.956+0000][6786.901s][info][gc,marking  ] GC(1439) Concurrent Clear Claimed Marks 0.414ms
[2024-08-15T14:21:30.956+0000][6786.901s][info][gc,marking  ] GC(1439) Concurrent Scan Root Regions
[2024-08-15T14:21:30.996+0000][6786.941s][info][gc,marking  ] GC(1439) Concurrent Scan Root Regions 39.480ms
[2024-08-15T14:21:30.996+0000][6786.941s][info][gc,marking  ] GC(1439) Concurrent Mark
[2024-08-15T14:21:30.996+0000][6786.941s][info][gc,marking  ] GC(1439) Concurrent Mark From Roots
[2024-08-15T14:21:30.996+0000][6786.941s][info][gc,task     ] GC(1439) Using 2 workers of 2 for marking
[2024-08-15T14:21:33.435+0000][6789.380s][info][gc,marking  ] GC(1439) Concurrent Mark From Roots 2439.205ms
[2024-08-15T14:21:33.435+0000][6789.380s][info][gc,marking  ] GC(1439) Concurrent Preclean
[2024-08-15T14:21:33.437+0000][6789.381s][info][gc,marking  ] GC(1439) Concurrent Preclean 1.461ms
[2024-08-15T14:21:33.437+0000][6789.381s][info][gc,start    ] GC(1439) Pause Remark
[2024-08-15T14:21:33.460+0000][6789.405s][info][gc          ] GC(1439) Pause Remark 5275M->5275M(12288M) 23.319ms
[2024-08-15T14:21:33.460+0000][6789.405s][info][gc,cpu      ] GC(1439) User=0.10s Sys=0.00s Real=0.02s
[2024-08-15T14:21:33.460+0000][6789.405s][info][gc,marking  ] GC(1439) Concurrent Mark 2464.386ms
[2024-08-15T14:21:33.460+0000][6789.405s][info][gc,marking  ] GC(1439) Concurrent Rebuild Remembered Sets
[2024-08-15T14:21:34.897+0000][6790.842s][info][gc,marking  ] GC(1439) Concurrent Rebuild Remembered Sets 1436.535ms
[2024-08-15T14:21:34.897+0000][6790.842s][info][gc,start    ] GC(1439) Pause Cleanup
[2024-08-15T14:21:34.898+0000][6790.842s][info][gc          ] GC(1439) Pause Cleanup 6267M->6267M(12288M) 0.646ms
[2024-08-15T14:21:34.898+0000][6790.842s][info][gc,cpu      ] GC(1439) User=0.00s Sys=0.00s Real=0.00s
[2024-08-15T14:21:34.898+0000][6790.843s][info][gc,marking  ] GC(1439) Concurrent Cleanup for Next Mark
[2024-08-15T14:21:34.915+0000][6790.859s][info][gc,marking  ] GC(1439) Concurrent Cleanup for Next Mark 16.907ms
[2024-08-15T14:21:34.915+0000][6790.860s][info][gc          ] GC(1439) Concurrent Mark Cycle 3958.875ms
[2024-08-15T14:21:39.550+0000][6795.494s][info][gc,start    ] GC(1440) Pause Young (Prepare Mixed) (G1 Evacuation Pause)
[2024-08-15T14:21:39.550+0000][6795.494s][info][gc,task     ] GC(1440) Using 6 workers of 6 for evacuation
[2024-08-15T14:21:39.587+0000][6795.532s][info][gc,phases   ] GC(1440)   Pre Evacuate Collection Set: 0.2ms
[2024-08-15T14:21:39.587+0000][6795.532s][info][gc,phases   ] GC(1440)   Merge Heap Roots: 0.3ms
[2024-08-15T14:21:39.587+0000][6795.532s][info][gc,phases   ] GC(1440)   Evacuate Collection Set: 35.1ms
[2024-08-15T14:21:39.587+0000][6795.532s][info][gc,phases   ] GC(1440)   Post Evacuate Collection Set: 1.8ms
[2024-08-15T14:21:39.587+0000][6795.532s][info][gc,phases   ] GC(1440)   Other: 0.2ms
[2024-08-15T14:21:39.587+0000][6795.532s][info][gc,heap     ] GC(1440) Eden regions: 790->0(62)
[2024-08-15T14:21:39.587+0000][6795.532s][info][gc,heap     ] GC(1440) Survivor regions: 13->14(101)
[2024-08-15T14:21:39.587+0000][6795.532s][info][gc,heap     ] GC(1440) Old regions: 405->405
[2024-08-15T14:21:39.587+0000][6795.532s][info][gc,heap     ] GC(1440) Archive regions: 2->2
[2024-08-15T14:21:39.587+0000][6795.532s][info][gc,heap     ] GC(1440) Humongous regions: 5->5
[2024-08-15T14:21:39.587+0000][6795.532s][info][gc,metaspace] GC(1440) Metaspace: 441525K(447872K)->441525K(447872K) NonClass: 386527K(390144K)->386527K(390144K) Class: 54997K(57728K)->54997K(57728K)
[2024-08-15T14:21:39.587+0000][6795.532s][info][gc          ] GC(1440) Pause Young (Prepare Mixed) (G1 Evacuation Pause) 9699M->3394M(12288M) 37.627ms
[2024-08-15T14:21:39.587+0000][6795.532s][info][gc,cpu      ] GC(1440) User=0.22s Sys=0.00s Real=0.04s
[2024-08-15T14:21:40.250+0000][6796.195s][info][gc,start    ] GC(1441) Pause Young (Mixed) (G1 Evacuation Pause)
[2024-08-15T14:21:40.250+0000][6796.195s][info][gc,task     ] GC(1441) Using 6 workers of 6 for evacuation
[2024-08-15T14:21:40.326+0000][6796.271s][info][gc,phases   ] GC(1441)   Pre Evacuate Collection Set: 0.2ms
[2024-08-15T14:21:40.326+0000][6796.271s][info][gc,phases   ] GC(1441)   Merge Heap Roots: 0.4ms
[2024-08-15T14:21:40.326+0000][6796.271s][info][gc,phases   ] GC(1441)   Evacuate Collection Set: 74.1ms
[2024-08-15T14:21:40.326+0000][6796.271s][info][gc,phases   ] GC(1441)   Post Evacuate Collection Set: 1.3ms
[2024-08-15T14:21:40.326+0000][6796.271s][info][gc,phases   ] GC(1441)   Other: 0.2ms
[2024-08-15T14:21:40.326+0000][6796.271s][info][gc,heap     ] GC(1441) Eden regions: 62->0(796)
[2024-08-15T14:21:40.326+0000][6796.271s][info][gc,heap     ] GC(1441) Survivor regions: 14->6(10)
[2024-08-15T14:21:40.326+0000][6796.271s][info][gc,heap     ] GC(1441) Old regions: 405->405
[2024-08-15T14:21:40.326+0000][6796.271s][info][gc,heap     ] GC(1441) Archive regions: 2->2
[2024-08-15T14:21:40.326+0000][6796.271s][info][gc,heap     ] GC(1441) Humongous regions: 5->5
[2024-08-15T14:21:40.326+0000][6796.271s][info][gc,metaspace] GC(1441) Metaspace: 441525K(447872K)->441525K(447872K) NonClass: 386527K(390144K)->386527K(390144K) Class: 54997K(57728K)->54997K(57728K)
[2024-08-15T14:21:40.326+0000][6796.271s][info][gc          ] GC(1441) Pause Young (Mixed) (G1 Evacuation Pause) 3890M->3327M(12288M) 76.233ms
[2024-08-15T14:21:40.327+0000][6796.271s][info][gc,cpu      ] GC(1441) User=0.45s Sys=0.00s Real=0.08s
[2024-08-15T14:21:49.284+0000][6805.229s][info][gc,start    ] GC(1442) Pause Young (Normal) (G1 Evacuation Pause)
[2024-08-15T14:21:49.285+0000][6805.229s][info][gc,task     ] GC(1442) Using 6 workers of 6 for evacuation
[2024-08-15T14:21:49.307+0000][6805.252s][info][gc,phases   ] GC(1442)   Pre Evacuate Collection Set: 0.2ms
[2024-08-15T14:21:49.307+0000][6805.252s][info][gc,phases   ] GC(1442)   Merge Heap Roots: 0.2ms
[2024-08-15T14:21:49.307+0000][6805.252s][info][gc,phases   ] GC(1442)   Evacuate Collection Set: 20.2ms
[2024-08-15T14:21:49.307+0000][6805.252s][info][gc,phases   ] GC(1442)   Post Evacuate Collection Set: 1.8ms
[2024-08-15T14:21:49.307+0000][6805.252s][info][gc,phases   ] GC(1442)   Other: 0.2ms
[2024-08-15T14:21:49.307+0000][6805.252s][info][gc,heap     ] GC(1442) Eden regions: 796->0(794)
[2024-08-15T14:21:49.307+0000][6805.252s][info][gc,heap     ] GC(1442) Survivor regions: 6->8(101)
[2024-08-15T14:21:49.307+0000][6805.252s][info][gc,heap     ] GC(1442) Old regions: 405->405
[2024-08-15T14:21:49.307+0000][6805.252s][info][gc,heap     ] GC(1442) Archive regions: 2->2
[2024-08-15T14:21:49.307+0000][6805.252s][info][gc,heap     ] GC(1442) Humongous regions: 5->5
[2024-08-15T14:21:49.307+0000][6805.252s][info][gc,metaspace] GC(1442) Metaspace: 441525K(447872K)->441525K(447872K) NonClass: 386527K(390144K)->386527K(390144K) Class: 54997K(57728K)->54997K(57728K)
[2024-08-15T14:21:49.307+0000][6805.252s][info][gc          ] GC(1442) Pause Young (Normal) (G1 Evacuation Pause) 9695M->3348M(12288M) 22.651ms
[2024-08-15T14:21:49.307+0000][6805.252s][info][gc,cpu      ] GC(1442) User=0.13s Sys=0.01s Real=0.02s
[2024-08-15T14:21:58.053+0000][6813.998s][info][gc,start    ] GC(1443) Pause Young (Normal) (G1 Evacuation Pause)
[2024-08-15T14:21:58.053+0000][6813.998s][info][gc,task     ] GC(1443) Using 6 workers of 6 for evacuation
[2024-08-15T14:21:58.079+0000][6814.023s][info][gc,phases   ] GC(1443)   Pre Evacuate Collection Set: 0.2ms
[2024-08-15T14:21:58.079+0000][6814.023s][info][gc,phases   ] GC(1443)   Merge Heap Roots: 0.2ms
[2024-08-15T14:21:58.079+0000][6814.023s][info][gc,phases   ] GC(1443)   Evacuate Collection Set: 23.1ms
[2024-08-15T14:21:58.079+0000][6814.023s][info][gc,phases   ] GC(1443)   Post Evacuate Collection Set: 1.7ms
[2024-08-15T14:21:58.079+0000][6814.023s][info][gc,phases   ] GC(1443)   Other: 0.2ms
[2024-08-15T14:21:58.079+0000][6814.023s][info][gc,heap     ] GC(1443) Eden regions: 794->0(791)
[2024-08-15T14:21:58.079+0000][6814.023s][info][gc,heap     ] GC(1443) Survivor regions: 8->11(101)
[2024-08-15T14:21:58.079+0000][6814.023s][info][gc,heap     ] GC(1443) Old regions: 405->405
[2024-08-15T14:21:58.079+0000][6814.023s][info][gc,heap     ] GC(1443) Archive regions: 2->2
[2024-08-15T14:21:58.079+0000][6814.023s][info][gc,heap     ] GC(1443) Humongous regions: 5->5
[2024-08-15T14:21:58.079+0000][6814.023s][info][gc,metaspace] GC(1443) Metaspace: 441525K(447872K)->441525K(447872K) NonClass: 386527K(390144K)->386527K(390144K) Class: 54997K(57728K)->54997K(57728K)
[2024-08-15T14:21:58.079+0000][6814.023s][info][gc          ] GC(1443) Pause Young (Normal) (G1 Evacuation Pause) 9700M->3372M(12288M) 25.469ms
[2024-08-15T14:21:58.079+0000][6814.024s][info][gc,cpu      ] GC(1443) User=0.15s Sys=0.00s Real=0.03s
[2024-08-15T14:22:02.628+0000][6818.572s][info][gc,start    ] GC(1444) Pause Young (Concurrent Start) (G1 Evacuation Pause)
[2024-08-15T14:22:02.628+0000][6818.572s][info][gc,task     ] GC(1444) Using 6 workers of 6 for evacuation
[2024-08-15T14:22:02.686+0000][6818.631s][info][gc,phases   ] GC(1444)   Pre Evacuate Collection Set: 0.6ms
[2024-08-15T14:22:02.686+0000][6818.631s][info][gc,phases   ] GC(1444)   Merge Heap Roots: 0.2ms
[2024-08-15T14:22:02.686+0000][6818.631s][info][gc,phases   ] GC(1444)   Evacuate Collection Set: 46.2ms
[2024-08-15T14:22:02.686+0000][6818.631s][info][gc,phases   ] GC(1444)   Post Evacuate Collection Set: 11.1ms
[2024-08-15T14:22:02.686+0000][6818.631s][info][gc,phases   ] GC(1444)   Other: 0.3ms
[2024-08-15T14:22:02.686+0000][6818.631s][info][gc,heap     ] GC(1444) Eden regions: 791->0(789)
[2024-08-15T14:22:02.686+0000][6818.631s][info][gc,heap     ] GC(1444) Survivor regions: 11->13(101)
[2024-08-15T14:22:02.686+0000][6818.631s][info][gc,heap     ] GC(1444) Old regions: 405->405
[2024-08-15T14:22:02.686+0000][6818.631s][info][gc,heap     ] GC(1444) Archive regions: 2->2
[2024-08-15T14:22:02.686+0000][6818.631s][info][gc,heap     ] GC(1444) Humongous regions: 5->5
[2024-08-15T14:22:02.686+0000][6818.631s][info][gc,metaspace] GC(1444) Metaspace: 441525K(447872K)->441525K(447872K) NonClass: 386527K(390144K)->386527K(390144K) Class: 54997K(57728K)->54997K(57728K)
[2024-08-15T14:22:02.686+0000][6818.631s][info][gc          ] GC(1444) Pause Young (Concurrent Start) (G1 Evacuation Pause) 9700M->3385M(12288M) 58.531ms
[2024-08-15T14:22:02.686+0000][6818.631s][info][gc,cpu      ] GC(1444) User=0.34s Sys=0.00s Real=0.06s
[2024-08-15T14:22:02.686+0000][6818.631s][info][gc          ] GC(1445) Concurrent Mark Cycle
[2024-08-15T14:22:02.686+0000][6818.631s][info][gc,marking  ] GC(1445) Concurrent Clear Claimed Marks
[2024-08-15T14:22:02.687+0000][6818.631s][info][gc,marking  ] GC(1445) Concurrent Clear Claimed Marks 0.437ms
[2024-08-15T14:22:02.687+0000][6818.631s][info][gc,marking  ] GC(1445) Concurrent Scan Root Regions
[2024-08-15T14:22:02.725+0000][6818.669s][info][gc,marking  ] GC(1445) Concurrent Scan Root Regions 38.009ms
[2024-08-15T14:22:02.725+0000][6818.670s][info][gc,marking  ] GC(1445) Concurrent Mark
[2024-08-15T14:22:02.725+0000][6818.670s][info][gc,marking  ] GC(1445) Concurrent Mark From Roots
[2024-08-15T14:22:02.725+0000][6818.670s][info][gc,task     ] GC(1445) Using 2 workers of 2 for marking
[2024-08-15T14:22:05.335+0000][6821.280s][info][gc,marking  ] GC(1445) Concurrent Mark From Roots 2610.527ms
[2024-08-15T14:22:05.335+0000][6821.280s][info][gc,marking  ] GC(1445) Concurrent Preclean
[2024-08-15T14:22:05.337+0000][6821.281s][info][gc,marking  ] GC(1445) Concurrent Preclean 1.199ms
[2024-08-15T14:22:05.337+0000][6821.281s][info][gc,start    ] GC(1445) Pause Remark
[2024-08-15T14:22:05.361+0000][6821.306s][info][gc          ] GC(1445) Pause Remark 8957M->8957M(12288M) 24.329ms
[2024-08-15T14:22:05.361+0000][6821.306s][info][gc,cpu      ] GC(1445) User=0.11s Sys=0.00s Real=0.02s
[2024-08-15T14:22:05.361+0000][6821.306s][info][gc,marking  ] GC(1445) Concurrent Mark 2636.472ms
[2024-08-15T14:22:05.361+0000][6821.306s][info][gc,marking  ] GC(1445) Concurrent Rebuild Remembered Sets
[2024-08-15T14:22:05.701+0000][6821.646s][info][gc,start    ] GC(1446) Pause Young (Normal) (G1 Evacuation Pause)
[2024-08-15T14:22:05.701+0000][6821.646s][info][gc,task     ] GC(1446) Using 6 workers of 6 for evacuation
[2024-08-15T14:22:05.782+0000][6821.726s][info][gc,phases   ] GC(1446)   Pre Evacuate Collection Set: 0.2ms
[2024-08-15T14:22:05.782+0000][6821.727s][info][gc,phases   ] GC(1446)   Merge Heap Roots: 0.2ms
[2024-08-15T14:22:05.782+0000][6821.727s][info][gc,phases   ] GC(1446)   Evacuate Collection Set: 64.5ms
[2024-08-15T14:22:05.782+0000][6821.727s][info][gc,phases   ] GC(1446)   Post Evacuate Collection Set: 15.8ms
[2024-08-15T14:22:05.782+0000][6821.727s][info][gc,phases   ] GC(1446)   Other: 0.2ms
[2024-08-15T14:22:05.782+0000][6821.727s][info][gc,heap     ] GC(1446) Eden regions: 789->0(782)
[2024-08-15T14:22:05.782+0000][6821.727s][info][gc,heap     ] GC(1446) Survivor regions: 13->17(101)
[2024-08-15T14:22:05.782+0000][6821.727s][info][gc,heap     ] GC(1446) Old regions: 405->405
[2024-08-15T14:22:05.782+0000][6821.727s][info][gc,heap     ] GC(1446) Archive regions: 2->2
[2024-08-15T14:22:05.782+0000][6821.727s][info][gc,heap     ] GC(1446) Humongous regions: 5->5
[2024-08-15T14:22:05.782+0000][6821.727s][info][gc,metaspace] GC(1446) Metaspace: 441525K(447872K)->441525K(447872K) NonClass: 386527K(390144K)->386527K(390144K) Class: 54997K(57728K)->54997K(57728K)
[2024-08-15T14:22:05.782+0000][6821.727s][info][gc          ] GC(1446) Pause Young (Normal) (G1 Evacuation Pause) 9697M->3420M(12288M) 81.072ms
[2024-08-15T14:22:05.782+0000][6821.727s][info][gc,cpu      ] GC(1446) User=0.47s Sys=0.00s Real=0.08s
[2024-08-15T14:22:06.865+0000][6822.810s][info][gc,marking  ] GC(1445) Concurrent Rebuild Remembered Sets 1503.480ms
[2024-08-15T14:22:06.865+0000][6822.810s][info][gc,start    ] GC(1445) Pause Cleanup
[2024-08-15T14:22:06.866+0000][6822.810s][info][gc          ] GC(1445) Pause Cleanup 5892M->5892M(12288M) 0.614ms
[2024-08-15T14:22:06.866+0000][6822.810s][info][gc,cpu      ] GC(1445) User=0.00s Sys=0.00s Real=0.00s
[2024-08-15T14:22:06.866+0000][6822.810s][info][gc,marking  ] GC(1445) Concurrent Cleanup for Next Mark
[2024-08-15T14:22:06.883+0000][6822.827s][info][gc,marking  ] GC(1445) Concurrent Cleanup for Next Mark 17.082ms
[2024-08-15T14:22:06.883+0000][6822.828s][info][gc          ] GC(1445) Concurrent Mark Cycle 4196.503ms
[2024-08-15T14:22:08.489+0000][6824.433s][info][gc,start    ] GC(1447) Pause Young (Prepare Mixed) (G1 Evacuation Pause)
[2024-08-15T14:22:08.489+0000][6824.433s][info][gc,task     ] GC(1447) Using 6 workers of 6 for evacuation
[2024-08-15T14:22:08.590+0000][6824.534s][info][gc,phases   ] GC(1447)   Pre Evacuate Collection Set: 0.2ms
[2024-08-15T14:22:08.590+0000][6824.534s][info][gc,phases   ] GC(1447)   Merge Heap Roots: 0.2ms
[2024-08-15T14:22:08.590+0000][6824.534s][info][gc,phases   ] GC(1447)   Evacuate Collection Set: 83.2ms
[2024-08-15T14:22:08.590+0000][6824.534s][info][gc,phases   ] GC(1447)   Post Evacuate Collection Set: 17.2ms
[2024-08-15T14:22:08.590+0000][6824.534s][info][gc,phases   ] GC(1447)   Other: 0.2ms
[2024-08-15T14:22:08.590+0000][6824.534s][info][gc,heap     ] GC(1447) Eden regions: 782->0(53)
[2024-08-15T14:22:08.590+0000][6824.534s][info][gc,heap     ] GC(1447) Survivor regions: 17->23(100)
[2024-08-15T14:22:08.590+0000][6824.534s][info][gc,heap     ] GC(1447) Old regions: 405->405
[2024-08-15T14:22:08.590+0000][6824.534s][info][gc,heap     ] GC(1447) Archive regions: 2->2
[2024-08-15T14:22:08.590+0000][6824.534s][info][gc,heap     ] GC(1447) Humongous regions: 5->5
[2024-08-15T14:22:08.590+0000][6824.534s][info][gc,metaspace] GC(1447) Metaspace: 441525K(447872K)->441525K(447872K) NonClass: 386527K(390144K)->386527K(390144K) Class: 54997K(57728K)->54997K(57728K)
[2024-08-15T14:22:08.590+0000][6824.534s][info][gc          ] GC(1447) Pause Young (Prepare Mixed) (G1 Evacuation Pause) 9676M->3463M(12288M) 101.073ms
[2024-08-15T14:22:08.590+0000][6824.534s][info][gc,cpu      ] GC(1447) User=0.59s Sys=0.00s Real=0.10s
[2024-08-15T14:22:08.819+0000][6824.763s][info][gc,start    ] GC(1448) Pause Young (Mixed) (G1 Evacuation Pause)
[2024-08-15T14:22:08.819+0000][6824.763s][info][gc,task     ] GC(1448) Using 6 workers of 6 for evacuation
[2024-08-15T14:22:08.927+0000][6824.872s][info][gc,phases   ] GC(1448)   Pre Evacuate Collection Set: 0.2ms
[2024-08-15T14:22:08.927+0000][6824.872s][info][gc,phases   ] GC(1448)   Merge Heap Roots: 0.4ms
[2024-08-15T14:22:08.927+0000][6824.872s][info][gc,phases   ] GC(1448)   Evacuate Collection Set: 105.2ms
[2024-08-15T14:22:08.927+0000][6824.872s][info][gc,phases   ] GC(1448)   Post Evacuate Collection Set: 2.3ms
[2024-08-15T14:22:08.927+0000][6824.872s][info][gc,phases   ] GC(1448)   Other: 0.2ms
[2024-08-15T14:22:08.927+0000][6824.872s][info][gc,heap     ] GC(1448) Eden regions: 53->0(784)
[2024-08-15T14:22:08.927+0000][6824.872s][info][gc,heap     ] GC(1448) Survivor regions: 23->3(10)
[2024-08-15T14:22:08.927+0000][6824.872s][info][gc,heap     ] GC(1448) Old regions: 405->417
[2024-08-15T14:22:08.927+0000][6824.872s][info][gc,heap     ] GC(1448) Archive regions: 2->2
[2024-08-15T14:22:08.927+0000][6824.872s][info][gc,heap     ] GC(1448) Humongous regions: 5->5
[2024-08-15T14:22:08.927+0000][6824.872s][info][gc,metaspace] GC(1448) Metaspace: 441525K(447872K)->441525K(447872K) NonClass: 386527K(390144K)->386527K(390144K) Class: 54997K(57728K)->54997K(57728K)
[2024-08-15T14:22:08.927+0000][6824.872s][info][gc          ] GC(1448) Pause Young (Mixed) (G1 Evacuation Pause) 3887M->3403M(12288M) 108.220ms
[2024-08-15T14:22:08.927+0000][6824.872s][info][gc,cpu      ] GC(1448) User=0.64s Sys=0.01s Real=0.11s
[2024-08-15T14:22:11.296+0000][6827.240s][info][gc,start    ] GC(1449) Pause Young (Normal) (G1 Evacuation Pause)
[2024-08-15T14:22:11.296+0000][6827.240s][info][gc,task     ] GC(1449) Using 6 workers of 6 for evacuation
[2024-08-15T14:22:11.381+0000][6827.326s][info][gc,phases   ] GC(1449)   Pre Evacuate Collection Set: 0.2ms
[2024-08-15T14:22:11.381+0000][6827.326s][info][gc,phases   ] GC(1449)   Merge Heap Roots: 0.4ms
[2024-08-15T14:22:11.381+0000][6827.326s][info][gc,phases   ] GC(1449)   Evacuate Collection Set: 64.5ms
[2024-08-15T14:22:11.381+0000][6827.326s][info][gc,phases   ] GC(1449)   Post Evacuate Collection Set: 19.9ms
[2024-08-15T14:22:11.381+0000][6827.326s][info][gc,phases   ] GC(1449)   Other: 0.2ms
[2024-08-15T14:22:11.381+0000][6827.326s][info][gc,heap     ] GC(1449) Eden regions: 784->0(779)
[2024-08-15T14:22:11.381+0000][6827.326s][info][gc,heap     ] GC(1449) Survivor regions: 3->7(99)
[2024-08-15T14:22:11.381+0000][6827.326s][info][gc,heap     ] GC(1449) Old regions: 417->417
[2024-08-15T14:22:11.381+0000][6827.326s][info][gc,heap     ] GC(1449) Archive regions: 2->2
[2024-08-15T14:22:11.381+0000][6827.326s][info][gc,heap     ] GC(1449) Humongous regions: 5->5
[2024-08-15T14:22:11.381+0000][6827.326s][info][gc,metaspace] GC(1449) Metaspace: 441525K(447872K)->441525K(447872K) NonClass: 386527K(390144K)->386527K(390144K) Class: 54997K(57728K)->54997K(57728K)
[2024-08-15T14:22:11.381+0000][6827.326s][info][gc          ] GC(1449) Pause Young (Normal) (G1 Evacuation Pause) 9675M->3435M(12288M) 85.276ms
[2024-08-15T14:22:11.381+0000][6827.326s][info][gc,cpu      ] GC(1449) User=0.50s Sys=0.00s Real=0.08s
[2024-08-15T14:22:13.957+0000][6829.901s][info][gc,start    ] GC(1450) Pause Young (Normal) (G1 Evacuation Pause)
[2024-08-15T14:22:13.957+0000][6829.902s][info][gc,task     ] GC(1450) Using 6 workers of 6 for evacuation
[2024-08-15T14:22:14.047+0000][6829.992s][info][gc,phases   ] GC(1450)   Pre Evacuate Collection Set: 0.2ms
[2024-08-15T14:22:14.047+0000][6829.992s][info][gc,phases   ] GC(1450)   Merge Heap Roots: 0.3ms
[2024-08-15T14:22:14.047+0000][6829.992s][info][gc,phases   ] GC(1450)   Evacuate Collection Set: 69.2ms
[2024-08-15T14:22:14.047+0000][6829.992s][info][gc,phases   ] GC(1450)   Post Evacuate Collection Set: 20.4ms
[2024-08-15T14:22:14.047+0000][6829.992s][info][gc,phases   ] GC(1450)   Other: 0.2ms
[2024-08-15T14:22:14.047+0000][6829.992s][info][gc,heap     ] GC(1450) Eden regions: 779->0(773)
[2024-08-15T14:22:14.047+0000][6829.992s][info][gc,heap     ] GC(1450) Survivor regions: 7->13(99)
[2024-08-15T14:22:14.047+0000][6829.992s][info][gc,heap     ] GC(1450) Old regions: 417->417
[2024-08-15T14:22:14.047+0000][6829.992s][info][gc,heap     ] GC(1450) Archive regions: 2->2
[2024-08-15T14:22:14.047+0000][6829.992s][info][gc,heap     ] GC(1450) Humongous regions: 5->5
[2024-08-15T14:22:14.047+0000][6829.992s][info][gc,metaspace] GC(1450) Metaspace: 441525K(447872K)->441525K(447872K) NonClass: 386527K(390144K)->386527K(390144K) Class: 54997K(57728K)->54997K(57728K)
[2024-08-15T14:22:14.047+0000][6829.992s][info][gc          ] GC(1450) Pause Young (Normal) (G1 Evacuation Pause) 9667M->3476M(12288M) 90.401ms
[2024-08-15T14:22:14.047+0000][6829.992s][info][gc,cpu      ] GC(1450) User=0.51s Sys=0.01s Real=0.09s
[2024-08-15T14:22:16.524+0000][6832.469s][info][gc,start    ] GC(1451) Pause Young (Concurrent Start) (G1 Evacuation Pause)
[2024-08-15T14:22:16.524+0000][6832.469s][info][gc,task     ] GC(1451) Using 6 workers of 6 for evacuation
[2024-08-15T14:22:16.636+0000][6832.581s][info][gc,phases   ] GC(1451)   Pre Evacuate Collection Set: 0.6ms
[2024-08-15T14:22:16.636+0000][6832.581s][info][gc,phases   ] GC(1451)   Merge Heap Roots: 0.3ms
[2024-08-15T14:22:16.636+0000][6832.581s][info][gc,phases   ] GC(1451)   Evacuate Collection Set: 90.3ms
[2024-08-15T14:22:16.636+0000][6832.581s][info][gc,phases   ] GC(1451)   Post Evacuate Collection Set: 20.5ms
[2024-08-15T14:22:16.636+0000][6832.581s][info][gc,phases   ] GC(1451)   Other: 0.3ms
[2024-08-15T14:22:16.636+0000][6832.581s][info][gc,heap     ] GC(1451) Eden regions: 773->0(768)
[2024-08-15T14:22:16.636+0000][6832.581s][info][gc,heap     ] GC(1451) Survivor regions: 13->18(99)
[2024-08-15T14:22:16.636+0000][6832.581s][info][gc,heap     ] GC(1451) Old regions: 417->417
[2024-08-15T14:22:16.636+0000][6832.581s][info][gc,heap     ] GC(1451) Archive regions: 2->2
[2024-08-15T14:22:16.636+0000][6832.581s][info][gc,heap     ] GC(1451) Humongous regions: 5->5
[2024-08-15T14:22:16.636+0000][6832.581s][info][gc,metaspace] GC(1451) Metaspace: 441525K(447872K)->441525K(447872K) NonClass: 386527K(390144K)->386527K(390144K) Class: 54997K(57728K)->54997K(57728K)
[2024-08-15T14:22:16.636+0000][6832.581s][info][gc          ] GC(1451) Pause Young (Concurrent Start) (G1 Evacuation Pause) 9660M->3522M(12288M) 112.055ms
[2024-08-15T14:22:16.636+0000][6832.581s][info][gc,cpu      ] GC(1451) User=0.66s Sys=0.00s Real=0.11s
[2024-08-15T14:22:16.636+0000][6832.581s][info][gc          ] GC(1452) Concurrent Mark Cycle
[2024-08-15T14:22:16.636+0000][6832.581s][info][gc,marking  ] GC(1452) Concurrent Clear Claimed Marks
[2024-08-15T14:22:16.637+0000][6832.581s][info][gc,marking  ] GC(1452) Concurrent Clear Claimed Marks 0.445ms
[2024-08-15T14:22:16.637+0000][6832.581s][info][gc,marking  ] GC(1452) Concurrent Scan Root Regions
[2024-08-15T14:22:16.696+0000][6832.641s][info][gc,marking  ] GC(1452) Concurrent Scan Root Regions 59.600ms
[2024-08-15T14:22:16.696+0000][6832.641s][info][gc,marking  ] GC(1452) Concurrent Mark
[2024-08-15T14:22:16.697+0000][6832.641s][info][gc,marking  ] GC(1452) Concurrent Mark From Roots
[2024-08-15T14:22:16.697+0000][6832.641s][info][gc,task     ] GC(1452) Using 2 workers of 2 for marking
[2024-08-15T14:22:19.278+0000][6835.223s][info][gc,marking  ] GC(1452) Concurrent Mark From Roots 2581.780ms
[2024-08-15T14:22:19.278+0000][6835.223s][info][gc,marking  ] GC(1452) Concurrent Preclean
[2024-08-15T14:22:19.280+0000][6835.224s][info][gc,marking  ] GC(1452) Concurrent Preclean 1.324ms
[2024-08-15T14:22:19.280+0000][6835.224s][info][gc,start    ] GC(1452) Pause Remark
[2024-08-15T14:22:19.303+0000][6835.248s][info][gc          ] GC(1452) Pause Remark 8818M->8818M(12288M) 23.423ms
[2024-08-15T14:22:19.303+0000][6835.248s][info][gc,cpu      ] GC(1452) User=0.10s Sys=0.00s Real=0.03s
[2024-08-15T14:22:19.303+0000][6835.248s][info][gc,marking  ] GC(1452) Concurrent Mark 2606.958ms
[2024-08-15T14:22:19.303+0000][6835.248s][info][gc,marking  ] GC(1452) Concurrent Rebuild Remembered Sets
[2024-08-15T14:22:19.676+0000][6835.621s][info][gc,start    ] GC(1453) Pause Young (Normal) (G1 Evacuation Pause)
[2024-08-15T14:22:19.676+0000][6835.621s][info][gc,task     ] GC(1453) Using 6 workers of 6 for evacuation
[2024-08-15T14:22:19.786+0000][6835.731s][info][gc,phases   ] GC(1453)   Pre Evacuate Collection Set: 0.2ms
[2024-08-15T14:22:19.786+0000][6835.731s][info][gc,phases   ] GC(1453)   Merge Heap Roots: 0.4ms
[2024-08-15T14:22:19.786+0000][6835.731s][info][gc,phases   ] GC(1453)   Evacuate Collection Set: 90.5ms
[2024-08-15T14:22:19.786+0000][6835.731s][info][gc,phases   ] GC(1453)   Post Evacuate Collection Set: 18.9ms
[2024-08-15T14:22:19.786+0000][6835.731s][info][gc,phases   ] GC(1453)   Other: 0.2ms
[2024-08-15T14:22:19.786+0000][6835.731s][info][gc,heap     ] GC(1453) Eden regions: 768->0(760)
[2024-08-15T14:22:19.786+0000][6835.731s][info][gc,heap     ] GC(1453) Survivor regions: 18->22(99)
[2024-08-15T14:22:19.786+0000][6835.731s][info][gc,heap     ] GC(1453) Old regions: 417->417
[2024-08-15T14:22:19.786+0000][6835.731s][info][gc,heap     ] GC(1453) Archive regions: 2->2
[2024-08-15T14:22:19.786+0000][6835.731s][info][gc,heap     ] GC(1453) Humongous regions: 5->5
[2024-08-15T14:22:19.786+0000][6835.731s][info][gc,metaspace] GC(1453) Metaspace: 441525K(447872K)->441525K(447872K) NonClass: 386527K(390144K)->386527K(390144K) Class: 54997K(57728K)->54997K(57728K)
[2024-08-15T14:22:19.787+0000][6835.731s][info][gc          ] GC(1453) Pause Young (Normal) (G1 Evacuation Pause) 9666M->3550M(12288M) 110.290ms
[2024-08-15T14:22:19.787+0000][6835.731s][info][gc,cpu      ] GC(1453) User=0.64s Sys=0.00s Real=0.11s
[2024-08-15T14:22:21.052+0000][6836.996s][info][gc,marking  ] GC(1452) Concurrent Rebuild Remembered Sets 1748.015ms
[2024-08-15T14:22:21.052+0000][6836.996s][info][gc,start    ] GC(1452) Pause Cleanup
[2024-08-15T14:22:21.052+0000][6836.997s][info][gc          ] GC(1452) Pause Cleanup 6662M->6662M(12288M) 0.603ms
[2024-08-15T14:22:21.052+0000][6836.997s][info][gc,cpu      ] GC(1452) User=0.00s Sys=0.00s Real=0.00s
[2024-08-15T14:22:21.052+0000][6836.997s][info][gc,marking  ] GC(1452) Concurrent Cleanup for Next Mark
[2024-08-15T14:22:21.070+0000][6837.015s][info][gc,marking  ] GC(1452) Concurrent Cleanup for Next Mark 17.726ms
[2024-08-15T14:22:21.070+0000][6837.015s][info][gc          ] GC(1452) Concurrent Mark Cycle 4433.877ms
[2024-08-15T14:22:22.193+0000][6838.137s][info][gc,start    ] GC(1454) Pause Young (Prepare Mixed) (G1 Evacuation Pause)
[2024-08-15T14:22:22.193+0000][6838.137s][info][gc,task     ] GC(1454) Using 6 workers of 6 for evacuation
[2024-08-15T14:22:22.334+0000][6838.279s][info][gc,phases   ] GC(1454)   Pre Evacuate Collection Set: 0.2ms
[2024-08-15T14:22:22.334+0000][6838.279s][info][gc,phases   ] GC(1454)   Merge Heap Roots: 0.9ms
[2024-08-15T14:22:22.334+0000][6838.279s][info][gc,phases   ] GC(1454)   Evacuate Collection Set: 118.1ms
[2024-08-15T14:22:22.334+0000][6838.279s][info][gc,phases   ] GC(1454)   Post Evacuate Collection Set: 22.2ms
[2024-08-15T14:22:22.334+0000][6838.279s][info][gc,phases   ] GC(1454)   Other: 0.2ms
[2024-08-15T14:22:22.334+0000][6838.279s][info][gc,heap     ] GC(1454) Eden regions: 760->0(51)
[2024-08-15T14:22:22.334+0000][6838.279s][info][gc,heap     ] GC(1454) Survivor regions: 22->25(98)
[2024-08-15T14:22:22.334+0000][6838.279s][info][gc,heap     ] GC(1454) Old regions: 417->417
[2024-08-15T14:22:22.334+0000][6838.279s][info][gc,heap     ] GC(1454) Archive regions: 2->2
[2024-08-15T14:22:22.334+0000][6838.279s][info][gc,heap     ] GC(1454) Humongous regions: 5->5
[2024-08-15T14:22:22.334+0000][6838.279s][info][gc,metaspace] GC(1454) Metaspace: 441525K(447872K)->441525K(447872K) NonClass: 386527K(390144K)->386527K(390144K) Class: 54997K(57728K)->54997K(57728K)
[2024-08-15T14:22:22.334+0000][6838.279s][info][gc          ] GC(1454) Pause Young (Prepare Mixed) (G1 Evacuation Pause) 9630M->3579M(12288M) 141.665ms
[2024-08-15T14:22:22.334+0000][6838.279s][info][gc,cpu      ] GC(1454) User=0.83s Sys=0.00s Real=0.14s
[2024-08-15T14:22:22.499+0000][6838.444s][info][gc,start    ] GC(1455) Pause Young (Mixed) (G1 Evacuation Pause)
[2024-08-15T14:22:22.499+0000][6838.444s][info][gc,task     ] GC(1455) Using 6 workers of 6 for evacuation
[2024-08-15T14:22:22.629+0000][6838.574s][info][gc,phases   ] GC(1455)   Pre Evacuate Collection Set: 0.2ms
[2024-08-15T14:22:22.629+0000][6838.574s][info][gc,phases   ] GC(1455)   Merge Heap Roots: 0.5ms
[2024-08-15T14:22:22.629+0000][6838.574s][info][gc,phases   ] GC(1455)   Evacuate Collection Set: 126.0ms
[2024-08-15T14:22:22.629+0000][6838.574s][info][gc,phases   ] GC(1455)   Post Evacuate Collection Set: 2.6ms
[2024-08-15T14:22:22.629+0000][6838.574s][info][gc,phases   ] GC(1455)   Other: 0.2ms
[2024-08-15T14:22:22.629+0000][6838.574s][info][gc,heap     ] GC(1455) Eden regions: 51->0(771)
[2024-08-15T14:22:22.629+0000][6838.574s][info][gc,heap     ] GC(1455) Survivor regions: 25->3(10)
[2024-08-15T14:22:22.629+0000][6838.574s][info][gc,heap     ] GC(1455) Old regions: 417->429
[2024-08-15T14:22:22.629+0000][6838.574s][info][gc,heap     ] GC(1455) Archive regions: 2->2
[2024-08-15T14:22:22.629+0000][6838.574s][info][gc,heap     ] GC(1455) Humongous regions: 5->5
[2024-08-15T14:22:22.629+0000][6838.574s][info][gc,metaspace] GC(1455) Metaspace: 441525K(447872K)->441525K(447872K) NonClass: 386527K(390144K)->386527K(390144K) Class: 54997K(57728K)->54997K(57728K)
[2024-08-15T14:22:22.629+0000][6838.574s][info][gc          ] GC(1455) Pause Young (Mixed) (G1 Evacuation Pause) 3987M->3496M(12288M) 129.558ms
[2024-08-15T14:22:22.629+0000][6838.574s][info][gc,cpu      ] GC(1455) User=0.77s Sys=0.00s Real=0.13s
[2024-08-15T14:22:25.162+0000][6841.107s][info][gc,start    ] GC(1456) Pause Young (Normal) (G1 Evacuation Pause)
[2024-08-15T14:22:25.162+0000][6841.107s][info][gc,task     ] GC(1456) Using 6 workers of 6 for evacuation
[2024-08-15T14:22:25.227+0000][6841.172s][info][gc,phases   ] GC(1456)   Pre Evacuate Collection Set: 0.2ms
[2024-08-15T14:22:25.227+0000][6841.172s][info][gc,phases   ] GC(1456)   Merge Heap Roots: 0.3ms
[2024-08-15T14:22:25.227+0000][6841.172s][info][gc,phases   ] GC(1456)   Evacuate Collection Set: 48.6ms
[2024-08-15T14:22:25.227+0000][6841.172s][info][gc,phases   ] GC(1456)   Post Evacuate Collection Set: 16.0ms
[2024-08-15T14:22:25.227+0000][6841.172s][info][gc,phases   ] GC(1456)   Other: 0.3ms
[2024-08-15T14:22:25.227+0000][6841.172s][info][gc,heap     ] GC(1456) Eden regions: 771->0(769)
[2024-08-15T14:22:25.227+0000][6841.172s][info][gc,heap     ] GC(1456) Survivor regions: 3->6(97)
[2024-08-15T14:22:25.227+0000][6841.172s][info][gc,heap     ] GC(1456) Old regions: 429->429
[2024-08-15T14:22:25.227+0000][6841.172s][info][gc,heap     ] GC(1456) Archive regions: 2->2
[2024-08-15T14:22:25.227+0000][6841.172s][info][gc,heap     ] GC(1456) Humongous regions: 5->5
[2024-08-15T14:22:25.227+0000][6841.172s][info][gc,metaspace] GC(1456) Metaspace: 441525K(447872K)->441525K(447872K) NonClass: 386527K(390144K)->386527K(390144K) Class: 54997K(57728K)->54997K(57728K)
[2024-08-15T14:22:25.227+0000][6841.172s][info][gc          ] GC(1456) Pause Young (Normal) (G1 Evacuation Pause) 9664M->3516M(12288M) 65.278ms
[2024-08-15T14:22:25.227+0000][6841.172s][info][gc,cpu      ] GC(1456) User=0.38s Sys=0.00s Real=0.07s
[2024-08-15T14:22:27.751+0000][6843.696s][info][gc,start    ] GC(1457) Pause Young (Normal) (G1 Evacuation Pause)
[2024-08-15T14:22:27.751+0000][6843.696s][info][gc,task     ] GC(1457) Using 6 workers of 6 for evacuation
[2024-08-15T14:22:27.828+0000][6843.773s][info][gc,phases   ] GC(1457)   Pre Evacuate Collection Set: 0.2ms
[2024-08-15T14:22:27.828+0000][6843.773s][info][gc,phases   ] GC(1457)   Merge Heap Roots: 0.3ms
[2024-08-15T14:22:27.828+0000][6843.773s][info][gc,phases   ] GC(1457)   Evacuate Collection Set: 59.0ms
[2024-08-15T14:22:27.828+0000][6843.773s][info][gc,phases   ] GC(1457)   Post Evacuate Collection Set: 17.5ms
[2024-08-15T14:22:27.828+0000][6843.773s][info][gc,phases   ] GC(1457)   Other: 0.2ms
[2024-08-15T14:22:27.828+0000][6843.773s][info][gc,heap     ] GC(1457) Eden regions: 769->0(766)
[2024-08-15T14:22:27.828+0000][6843.773s][info][gc,heap     ] GC(1457) Survivor regions: 6->9(97)
[2024-08-15T14:22:27.828+0000][6843.773s][info][gc,heap     ] GC(1457) Old regions: 429->429
[2024-08-15T14:22:27.828+0000][6843.773s][info][gc,heap     ] GC(1457) Archive regions: 2->2
[2024-08-15T14:22:27.828+0000][6843.773s][info][gc,heap     ] GC(1457) Humongous regions: 5->5
[2024-08-15T14:22:27.828+0000][6843.773s][info][gc,metaspace] GC(1457) Metaspace: 441525K(447872K)->441525K(447872K) NonClass: 386527K(390144K)->386527K(390144K) Class: 54997K(57728K)->54997K(57728K)
[2024-08-15T14:22:27.828+0000][6843.773s][info][gc          ] GC(1457) Pause Young (Normal) (G1 Evacuation Pause) 9668M->3539M(12288M) 77.254ms
[2024-08-15T14:22:27.828+0000][6843.773s][info][gc,cpu      ] GC(1457) User=0.44s Sys=0.00s Real=0.08s
[2024-08-15T14:22:30.185+0000][6846.130s][info][gc,start    ] GC(1458) Pause Young (Concurrent Start) (G1 Evacuation Pause)
[2024-08-15T14:22:30.185+0000][6846.130s][info][gc,task     ] GC(1458) Using 6 workers of 6 for evacuation
[2024-08-15T14:22:30.269+0000][6846.214s][info][gc,phases   ] GC(1458)   Pre Evacuate Collection Set: 0.6ms
[2024-08-15T14:22:30.269+0000][6846.214s][info][gc,phases   ] GC(1458)   Merge Heap Roots: 0.3ms
[2024-08-15T14:22:30.269+0000][6846.214s][info][gc,phases   ] GC(1458)   Evacuate Collection Set: 65.8ms
[2024-08-15T14:22:30.269+0000][6846.214s][info][gc,phases   ] GC(1458)   Post Evacuate Collection Set: 17.1ms
[2024-08-15T14:22:30.269+0000][6846.214s][info][gc,phases   ] GC(1458)   Other: 0.3ms
[2024-08-15T14:22:30.269+0000][6846.214s][info][gc,heap     ] GC(1458) Eden regions: 766->0(764)
[2024-08-15T14:22:30.269+0000][6846.214s][info][gc,heap     ] GC(1458) Survivor regions: 9->12(97)
[2024-08-15T14:22:30.269+0000][6846.214s][info][gc,heap     ] GC(1458) Old regions: 429->429
[2024-08-15T14:22:30.269+0000][6846.214s][info][gc,heap     ] GC(1458) Archive regions: 2->2
[2024-08-15T14:22:30.269+0000][6846.214s][info][gc,heap     ] GC(1458) Humongous regions: 5->5
[2024-08-15T14:22:30.269+0000][6846.214s][info][gc,metaspace] GC(1458) Metaspace: 441525K(447872K)->441525K(447872K) NonClass: 386527K(390144K)->386527K(390144K) Class: 54997K(57728K)->54997K(57728K)
[2024-08-15T14:22:30.269+0000][6846.214s][info][gc          ] GC(1458) Pause Young (Concurrent Start) (G1 Evacuation Pause) 9667M->3562M(12288M) 84.120ms
[2024-08-15T14:22:30.269+0000][6846.214s][info][gc,cpu      ] GC(1458) User=0.49s Sys=0.00s Real=0.08s
[2024-08-15T14:22:30.270+0000][6846.214s][info][gc          ] GC(1459) Concurrent Mark Cycle
[2024-08-15T14:22:30.270+0000][6846.214s][info][gc,marking  ] GC(1459) Concurrent Clear Claimed Marks
[2024-08-15T14:22:30.270+0000][6846.215s][info][gc,marking  ] GC(1459) Concurrent Clear Claimed Marks 0.484ms
[2024-08-15T14:22:30.270+0000][6846.215s][info][gc,marking  ] GC(1459) Concurrent Scan Root Regions
[2024-08-15T14:22:30.304+0000][6846.248s][info][gc,marking  ] GC(1459) Concurrent Scan Root Regions 33.613ms
[2024-08-15T14:22:30.304+0000][6846.248s][info][gc,marking  ] GC(1459) Concurrent Mark
[2024-08-15T14:22:30.304+0000][6846.248s][info][gc,marking  ] GC(1459) Concurrent Mark From Roots
[2024-08-15T14:22:30.304+0000][6846.248s][info][gc,task     ] GC(1459) Using 2 workers of 2 for marking
[2024-08-15T14:22:32.975+0000][6848.920s][info][gc,marking  ] GC(1459) Concurrent Mark From Roots 2671.272ms
[2024-08-15T14:22:32.975+0000][6848.920s][info][gc,marking  ] GC(1459) Concurrent Preclean
[2024-08-15T14:22:32.976+0000][6848.921s][info][gc,marking  ] GC(1459) Concurrent Preclean 1.310ms
[2024-08-15T14:22:32.977+0000][6848.921s][info][gc,start    ] GC(1459) Pause Remark
[2024-08-15T14:22:33.000+0000][6848.944s][info][gc          ] GC(1459) Pause Remark 6030M->6030M(12288M) 23.130ms
[2024-08-15T14:22:33.000+0000][6848.944s][info][gc,cpu      ] GC(1459) User=0.10s Sys=0.00s Real=0.02s
[2024-08-15T14:22:33.000+0000][6848.945s][info][gc,marking  ] GC(1459) Concurrent Mark 2696.198ms
[2024-08-15T14:22:33.000+0000][6848.945s][info][gc,marking  ] GC(1459) Concurrent Rebuild Remembered Sets
[2024-08-15T14:22:34.542+0000][6850.486s][info][gc,marking  ] GC(1459) Concurrent Rebuild Remembered Sets 1541.724ms
[2024-08-15T14:22:34.542+0000][6850.486s][info][gc,start    ] GC(1459) Pause Cleanup
[2024-08-15T14:22:34.542+0000][6850.487s][info][gc          ] GC(1459) Pause Cleanup 7094M->7094M(12288M) 0.633ms
[2024-08-15T14:22:34.542+0000][6850.487s][info][gc,cpu      ] GC(1459) User=0.00s Sys=0.00s Real=0.00s
[2024-08-15T14:22:34.543+0000][6850.487s][info][gc,marking  ] GC(1459) Concurrent Cleanup for Next Mark
[2024-08-15T14:22:34.560+0000][6850.504s][info][gc,marking  ] GC(1459) Concurrent Cleanup for Next Mark 17.213ms
[2024-08-15T14:22:34.560+0000][6850.504s][info][gc          ] GC(1459) Concurrent Mark Cycle 4290.294ms
[2024-08-15T14:22:38.055+0000][6854.000s][info][gc,start    ] GC(1460) Pause Young (Prepare Mixed) (G1 Evacuation Pause)
[2024-08-15T14:22:38.055+0000][6854.000s][info][gc,task     ] GC(1460) Using 6 workers of 6 for evacuation
[2024-08-15T14:22:38.104+0000][6854.049s][info][gc,phases   ] GC(1460)   Pre Evacuate Collection Set: 0.2ms
[2024-08-15T14:22:38.104+0000][6854.049s][info][gc,phases   ] GC(1460)   Merge Heap Roots: 0.5ms
[2024-08-15T14:22:38.104+0000][6854.049s][info][gc,phases   ] GC(1460)   Evacuate Collection Set: 43.7ms
[2024-08-15T14:22:38.104+0000][6854.049s][info][gc,phases   ] GC(1460)   Post Evacuate Collection Set: 4.2ms
[2024-08-15T14:22:38.104+0000][6854.049s][info][gc,phases   ] GC(1460)   Other: 0.2ms
[2024-08-15T14:22:38.104+0000][6854.049s][info][gc,heap     ] GC(1460) Eden regions: 764->0(62)
[2024-08-15T14:22:38.104+0000][6854.049s][info][gc,heap     ] GC(1460) Survivor regions: 12->14(97)
[2024-08-15T14:22:38.104+0000][6854.049s][info][gc,heap     ] GC(1460) Old regions: 429->429
[2024-08-15T14:22:38.104+0000][6854.049s][info][gc,heap     ] GC(1460) Archive regions: 2->2
[2024-08-15T14:22:38.104+0000][6854.049s][info][gc,heap     ] GC(1460) Humongous regions: 5->5
[2024-08-15T14:22:38.104+0000][6854.049s][info][gc,metaspace] GC(1460) Metaspace: 441525K(447872K)->441525K(447872K) NonClass: 386528K(390144K)->386528K(390144K) Class: 54997K(57728K)->54997K(57728K)
[2024-08-15T14:22:38.104+0000][6854.049s][info][gc          ] GC(1460) Pause Young (Prepare Mixed) (G1 Evacuation Pause) 9674M->3584M(12288M) 48.776ms
[2024-08-15T14:22:38.104+0000][6854.049s][info][gc,cpu      ] GC(1460) User=0.28s Sys=0.00s Real=0.05s
[2024-08-15T14:22:38.759+0000][6854.704s][info][gc,start    ] GC(1461) Pause Young (Mixed) (G1 Evacuation Pause)
[2024-08-15T14:22:38.759+0000][6854.704s][info][gc,task     ] GC(1461) Using 6 workers of 6 for evacuation
[2024-08-15T14:22:38.839+0000][6854.784s][info][gc,phases   ] GC(1461)   Pre Evacuate Collection Set: 0.2ms
[2024-08-15T14:22:38.839+0000][6854.784s][info][gc,phases   ] GC(1461)   Merge Heap Roots: 0.5ms
[2024-08-15T14:22:38.839+0000][6854.784s][info][gc,phases   ] GC(1461)   Evacuate Collection Set: 77.8ms
[2024-08-15T14:22:38.839+0000][6854.784s][info][gc,phases   ] GC(1461)   Post Evacuate Collection Set: 1.3ms
[2024-08-15T14:22:38.839+0000][6854.784s][info][gc,phases   ] GC(1461)   Other: 0.2ms
[2024-08-15T14:22:38.839+0000][6854.784s][info][gc,heap     ] GC(1461) Eden regions: 62->0(774)
[2024-08-15T14:22:38.839+0000][6854.784s][info][gc,heap     ] GC(1461) Survivor regions: 14->6(10)
[2024-08-15T14:22:38.839+0000][6854.784s][info][gc,heap     ] GC(1461) Old regions: 429->426
[2024-08-15T14:22:38.839+0000][6854.784s][info][gc,heap     ] GC(1461) Archive regions: 2->2
[2024-08-15T14:22:38.839+0000][6854.784s][info][gc,heap     ] GC(1461) Humongous regions: 5->5
[2024-08-15T14:22:38.839+0000][6854.784s][info][gc,metaspace] GC(1461) Metaspace: 441527K(447872K)->441527K(447872K) NonClass: 386529K(390144K)->386529K(390144K) Class: 54997K(57728K)->54997K(57728K)
[2024-08-15T14:22:38.839+0000][6854.784s][info][gc          ] GC(1461) Pause Young (Mixed) (G1 Evacuation Pause) 4080M->3491M(12288M) 79.941ms
[2024-08-15T14:22:38.839+0000][6854.784s][info][gc,cpu      ] GC(1461) User=0.47s Sys=0.00s Real=0.08s
[2024-08-15T14:22:47.088+0000][6863.032s][info][gc,start    ] GC(1462) Pause Young (Normal) (G1 Evacuation Pause)
[2024-08-15T14:22:47.088+0000][6863.032s][info][gc,task     ] GC(1462) Using 6 workers of 6 for evacuation
[2024-08-15T14:22:47.111+0000][6863.055s][info][gc,phases   ] GC(1462)   Pre Evacuate Collection Set: 0.2ms
[2024-08-15T14:22:47.111+0000][6863.055s][info][gc,phases   ] GC(1462)   Merge Heap Roots: 0.3ms
[2024-08-15T14:22:47.111+0000][6863.055s][info][gc,phases   ] GC(1462)   Evacuate Collection Set: 20.7ms
[2024-08-15T14:22:47.111+0000][6863.055s][info][gc,phases   ] GC(1462)   Post Evacuate Collection Set: 1.8ms
[2024-08-15T14:22:47.111+0000][6863.055s][info][gc,phases   ] GC(1462)   Other: 0.2ms
[2024-08-15T14:22:47.111+0000][6863.055s][info][gc,heap     ] GC(1462) Eden regions: 774->0(773)
[2024-08-15T14:22:47.111+0000][6863.055s][info][gc,heap     ] GC(1462) Survivor regions: 6->7(98)
[2024-08-15T14:22:47.111+0000][6863.056s][info][gc,heap     ] GC(1462) Old regions: 426->426
[2024-08-15T14:22:47.111+0000][6863.056s][info][gc,heap     ] GC(1462) Archive regions: 2->2
[2024-08-15T14:22:47.111+0000][6863.056s][info][gc,heap     ] GC(1462) Humongous regions: 5->5
[2024-08-15T14:22:47.111+0000][6863.056s][info][gc,metaspace] GC(1462) Metaspace: 441527K(447872K)->441527K(447872K) NonClass: 386529K(390144K)->386529K(390144K) Class: 54997K(57728K)->54997K(57728K)
[2024-08-15T14:22:47.111+0000][6863.056s][info][gc          ] GC(1462) Pause Young (Normal) (G1 Evacuation Pause) 9683M->3499M(12288M) 23.274ms
[2024-08-15T14:22:47.111+0000][6863.056s][info][gc,cpu      ] GC(1462) User=0.13s Sys=0.00s Real=0.02s
[2024-08-15T14:22:55.375+0000][6871.320s][info][gc,start    ] GC(1463) Pause Young (Normal) (G1 Evacuation Pause)
[2024-08-15T14:22:55.375+0000][6871.320s][info][gc,task     ] GC(1463) Using 6 workers of 6 for evacuation
[2024-08-15T14:22:55.405+0000][6871.350s][info][gc,phases   ] GC(1463)   Pre Evacuate Collection Set: 0.2ms
[2024-08-15T14:22:55.405+0000][6871.350s][info][gc,phases   ] GC(1463)   Merge Heap Roots: 0.2ms
[2024-08-15T14:22:55.405+0000][6871.350s][info][gc,phases   ] GC(1463)   Evacuate Collection Set: 28.1ms
[2024-08-15T14:22:55.405+0000][6871.350s][info][gc,phases   ] GC(1463)   Post Evacuate Collection Set: 1.7ms
[2024-08-15T14:22:55.405+0000][6871.350s][info][gc,phases   ] GC(1463)   Other: 0.2ms
[2024-08-15T14:22:55.405+0000][6871.350s][info][gc,heap     ] GC(1463) Eden regions: 773->0(770)
[2024-08-15T14:22:55.405+0000][6871.350s][info][gc,heap     ] GC(1463) Survivor regions: 7->11(98)
[2024-08-15T14:22:55.405+0000][6871.350s][info][gc,heap     ] GC(1463) Old regions: 426->426
[2024-08-15T14:22:55.405+0000][6871.350s][info][gc,heap     ] GC(1463) Archive regions: 2->2
[2024-08-15T14:22:55.405+0000][6871.350s][info][gc,heap     ] GC(1463) Humongous regions: 5->5
[2024-08-15T14:22:55.406+0000][6871.350s][info][gc,metaspace] GC(1463) Metaspace: 441527K(447872K)->441527K(447872K) NonClass: 386529K(390144K)->386529K(390144K) Class: 54997K(57728K)->54997K(57728K)
[2024-08-15T14:22:55.406+0000][6871.350s][info][gc          ] GC(1463) Pause Young (Normal) (G1 Evacuation Pause) 9683M->3526M(12288M) 30.542ms
[2024-08-15T14:22:55.406+0000][6871.350s][info][gc,cpu      ] GC(1463) User=0.18s Sys=0.00s Real=0.04s
[2024-08-15T14:23:03.684+0000][6879.629s][info][gc,start    ] GC(1464) Pause Young (Concurrent Start) (G1 Evacuation Pause)
[2024-08-15T14:23:03.684+0000][6879.629s][info][gc,task     ] GC(1464) Using 6 workers of 6 for evacuation
[2024-08-15T14:23:03.720+0000][6879.664s][info][gc,phases   ] GC(1464)   Pre Evacuate Collection Set: 0.6ms
[2024-08-15T14:23:03.720+0000][6879.664s][info][gc,phases   ] GC(1464)   Merge Heap Roots: 0.2ms
[2024-08-15T14:23:03.720+0000][6879.664s][info][gc,phases   ] GC(1464)   Evacuate Collection Set: 32.6ms
[2024-08-15T14:23:03.720+0000][6879.665s][info][gc,phases   ] GC(1464)   Post Evacuate Collection Set: 1.7ms
[2024-08-15T14:23:03.720+0000][6879.665s][info][gc,phases   ] GC(1464)   Other: 0.3ms
[2024-08-15T14:23:03.720+0000][6879.665s][info][gc,heap     ] GC(1464) Eden regions: 770->0(768)
[2024-08-15T14:23:03.720+0000][6879.665s][info][gc,heap     ] GC(1464) Survivor regions: 11->13(98)
[2024-08-15T14:23:03.720+0000][6879.665s][info][gc,heap     ] GC(1464) Old regions: 426->426
[2024-08-15T14:23:03.720+0000][6879.665s][info][gc,heap     ] GC(1464) Archive regions: 2->2
[2024-08-15T14:23:03.720+0000][6879.665s][info][gc,heap     ] GC(1464) Humongous regions: 5->5
[2024-08-15T14:23:03.720+0000][6879.665s][info][gc,metaspace] GC(1464) Metaspace: 441530K(447872K)->441530K(447872K) NonClass: 386532K(390144K)->386532K(390144K) Class: 54997K(57728K)->54997K(57728K)
[2024-08-15T14:23:03.720+0000][6879.665s][info][gc          ] GC(1464) Pause Young (Concurrent Start) (G1 Evacuation Pause) 9686M->3549M(12288M) 35.602ms
[2024-08-15T14:23:03.720+0000][6879.665s][info][gc,cpu      ] GC(1464) User=0.21s Sys=0.00s Real=0.03s
[2024-08-15T14:23:03.720+0000][6879.665s][info][gc          ] GC(1465) Concurrent Mark Cycle
[2024-08-15T14:23:03.720+0000][6879.665s][info][gc,marking  ] GC(1465) Concurrent Clear Claimed Marks
[2024-08-15T14:23:03.720+0000][6879.665s][info][gc,marking  ] GC(1465) Concurrent Clear Claimed Marks 0.435ms
[2024-08-15T14:23:03.721+0000][6879.665s][info][gc,marking  ] GC(1465) Concurrent Scan Root Regions
[2024-08-15T14:23:03.748+0000][6879.692s][info][gc,marking  ] GC(1465) Concurrent Scan Root Regions 27.368ms
[2024-08-15T14:23:03.748+0000][6879.693s][info][gc,marking  ] GC(1465) Concurrent Mark
[2024-08-15T14:23:03.748+0000][6879.693s][info][gc,marking  ] GC(1465) Concurrent Mark From Roots
[2024-08-15T14:23:03.748+0000][6879.693s][info][gc,task     ] GC(1465) Using 2 workers of 2 for marking
[2024-08-15T14:23:06.496+0000][6882.441s][info][gc,marking  ] GC(1465) Concurrent Mark From Roots 2747.975ms
[2024-08-15T14:23:06.496+0000][6882.441s][info][gc,marking  ] GC(1465) Concurrent Preclean
[2024-08-15T14:23:06.497+0000][6882.442s][info][gc,marking  ] GC(1465) Concurrent Preclean 1.508ms
[2024-08-15T14:23:06.498+0000][6882.442s][info][gc,start    ] GC(1465) Pause Remark
[2024-08-15T14:23:06.521+0000][6882.465s][info][gc          ] GC(1465) Pause Remark 5461M->5461M(12288M) 23.227ms
[2024-08-15T14:23:06.521+0000][6882.465s][info][gc,cpu      ] GC(1465) User=0.10s Sys=0.00s Real=0.02s
[2024-08-15T14:23:06.521+0000][6882.466s][info][gc,marking  ] GC(1465) Concurrent Mark 2773.104ms
[2024-08-15T14:23:06.521+0000][6882.466s][info][gc,marking  ] GC(1465) Concurrent Rebuild Remembered Sets
[2024-08-15T14:23:08.047+0000][6883.992s][info][gc,marking  ] GC(1465) Concurrent Rebuild Remembered Sets 1526.176ms
[2024-08-15T14:23:08.047+0000][6883.992s][info][gc,start    ] GC(1465) Pause Cleanup
[2024-08-15T14:23:08.048+0000][6883.993s][info][gc          ] GC(1465) Pause Cleanup 6533M->6533M(12288M) 0.636ms
[2024-08-15T14:23:08.048+0000][6883.993s][info][gc,cpu      ] GC(1465) User=0.00s Sys=0.00s Real=0.00s
[2024-08-15T14:23:08.048+0000][6883.993s][info][gc,marking  ] GC(1465) Concurrent Cleanup for Next Mark
[2024-08-15T14:23:08.065+0000][6884.010s][info][gc,marking  ] GC(1465) Concurrent Cleanup for Next Mark 17.218ms
[2024-08-15T14:23:08.065+0000][6884.010s][info][gc          ] GC(1465) Concurrent Mark Cycle 4345.385ms
[2024-08-15T14:23:12.313+0000][6888.258s][info][gc,start    ] GC(1466) Pause Young (Prepare Mixed) (G1 Evacuation Pause)
[2024-08-15T14:23:12.313+0000][6888.258s][info][gc,task     ] GC(1466) Using 6 workers of 6 for evacuation
[2024-08-15T14:23:12.350+0000][6888.294s][info][gc,phases   ] GC(1466)   Pre Evacuate Collection Set: 0.2ms
[2024-08-15T14:23:12.350+0000][6888.294s][info][gc,phases   ] GC(1466)   Merge Heap Roots: 0.3ms
[2024-08-15T14:23:12.350+0000][6888.294s][info][gc,phases   ] GC(1466)   Evacuate Collection Set: 34.2ms
[2024-08-15T14:23:12.350+0000][6888.294s][info][gc,phases   ] GC(1466)   Post Evacuate Collection Set: 1.8ms
[2024-08-15T14:23:12.350+0000][6888.294s][info][gc,phases   ] GC(1466)   Other: 0.2ms
[2024-08-15T14:23:12.350+0000][6888.295s][info][gc,heap     ] GC(1466) Eden regions: 768->0(59)
[2024-08-15T14:23:12.350+0000][6888.295s][info][gc,heap     ] GC(1466) Survivor regions: 13->17(98)
[2024-08-15T14:23:12.350+0000][6888.295s][info][gc,heap     ] GC(1466) Old regions: 426->426
[2024-08-15T14:23:12.350+0000][6888.295s][info][gc,heap     ] GC(1466) Archive regions: 2->2
[2024-08-15T14:23:12.350+0000][6888.295s][info][gc,heap     ] GC(1466) Humongous regions: 5->5
[2024-08-15T14:23:12.350+0000][6888.295s][info][gc,metaspace] GC(1466) Metaspace: 441530K(447872K)->441530K(447872K) NonClass: 386532K(390144K)->386532K(390144K) Class: 54997K(57728K)->54997K(57728K)
[2024-08-15T14:23:12.350+0000][6888.295s][info][gc          ] GC(1466) Pause Young (Prepare Mixed) (G1 Evacuation Pause) 9693M->3576M(12288M) 36.813ms
[2024-08-15T14:23:12.350+0000][6888.295s][info][gc,cpu      ] GC(1466) User=0.22s Sys=0.00s Real=0.04s
[2024-08-15T14:23:12.996+0000][6888.940s][info][gc,start    ] GC(1467) Pause Young (Mixed) (G1 Evacuation Pause)
[2024-08-15T14:23:12.996+0000][6888.940s][info][gc,task     ] GC(1467) Using 6 workers of 6 for evacuation
[2024-08-15T14:23:13.075+0000][6889.020s][info][gc,phases   ] GC(1467)   Pre Evacuate Collection Set: 0.2ms
[2024-08-15T14:23:13.075+0000][6889.020s][info][gc,phases   ] GC(1467)   Merge Heap Roots: 0.4ms
[2024-08-15T14:23:13.075+0000][6889.020s][info][gc,phases   ] GC(1467)   Evacuate Collection Set: 77.7ms
[2024-08-15T14:23:13.075+0000][6889.020s][info][gc,phases   ] GC(1467)   Post Evacuate Collection Set: 1.3ms
[2024-08-15T14:23:13.075+0000][6889.020s][info][gc,phases   ] GC(1467)   Other: 0.2ms
[2024-08-15T14:23:13.075+0000][6889.020s][info][gc,heap     ] GC(1467) Eden regions: 59->0(775)
[2024-08-15T14:23:13.075+0000][6889.020s][info][gc,heap     ] GC(1467) Survivor regions: 17->6(10)
[2024-08-15T14:23:13.075+0000][6889.020s][info][gc,heap     ] GC(1467) Old regions: 426->426
[2024-08-15T14:23:13.075+0000][6889.020s][info][gc,heap     ] GC(1467) Archive regions: 2->2
[2024-08-15T14:23:13.075+0000][6889.020s][info][gc,heap     ] GC(1467) Humongous regions: 5->5
[2024-08-15T14:23:13.075+0000][6889.020s][info][gc,metaspace] GC(1467) Metaspace: 441530K(447872K)->441530K(447872K) NonClass: 386532K(390144K)->386532K(390144K) Class: 54997K(57728K)->54997K(57728K)
[2024-08-15T14:23:13.076+0000][6889.020s][info][gc          ] GC(1467) Pause Young (Mixed) (G1 Evacuation Pause) 4048M->3497M(12288M) 79.890ms
[2024-08-15T14:23:13.076+0000][6889.020s][info][gc,cpu      ] GC(1467) User=0.48s Sys=0.00s Real=0.08s
[2024-08-15T14:23:20.389+0000][6896.334s][info][gc,start    ] GC(1468) Pause Young (Normal) (G1 Evacuation Pause)
[2024-08-15T14:23:20.390+0000][6896.334s][info][gc,task     ] GC(1468) Using 6 workers of 6 for evacuation
[2024-08-15T14:23:20.409+0000][6896.354s][info][gc,phases   ] GC(1468)   Pre Evacuate Collection Set: 0.2ms
[2024-08-15T14:23:20.409+0000][6896.354s][info][gc,phases   ] GC(1468)   Merge Heap Roots: 0.3ms
[2024-08-15T14:23:20.410+0000][6896.354s][info][gc,phases   ] GC(1468)   Evacuate Collection Set: 17.7ms
[2024-08-15T14:23:20.410+0000][6896.354s][info][gc,phases   ] GC(1468)   Post Evacuate Collection Set: 1.7ms
[2024-08-15T14:23:20.410+0000][6896.354s][info][gc,phases   ] GC(1468)   Other: 0.2ms
[2024-08-15T14:23:20.410+0000][6896.354s][info][gc,heap     ] GC(1468) Eden regions: 775->0(775)
[2024-08-15T14:23:20.410+0000][6896.354s][info][gc,heap     ] GC(1468) Survivor regions: 6->7(98)
[2024-08-15T14:23:20.410+0000][6896.354s][info][gc,heap     ] GC(1468) Old regions: 426->426
[2024-08-15T14:23:20.410+0000][6896.354s][info][gc,heap     ] GC(1468) Archive regions: 2->2
[2024-08-15T14:23:20.410+0000][6896.354s][info][gc,heap     ] GC(1468) Humongous regions: 5->5
[2024-08-15T14:23:20.410+0000][6896.354s][info][gc,metaspace] GC(1468) Metaspace: 441533K(447872K)->441533K(447872K) NonClass: 386535K(390144K)->386535K(390144K) Class: 54997K(57728K)->54997K(57728K)
[2024-08-15T14:23:20.410+0000][6896.354s][info][gc          ] GC(1468) Pause Young (Normal) (G1 Evacuation Pause) 9697M->3501M(12288M) 20.105ms
[2024-08-15T14:23:20.410+0000][6896.354s][info][gc,cpu      ] GC(1468) User=0.12s Sys=0.00s Real=0.02s
[2024-08-15T14:23:26.388+0000][6902.332s][info][gc,start    ] GC(1469) Pause Young (Normal) (G1 Evacuation Pause)
[2024-08-15T14:23:26.388+0000][6902.332s][info][gc,task     ] GC(1469) Using 6 workers of 6 for evacuation
[2024-08-15T14:23:26.411+0000][6902.355s][info][gc,phases   ] GC(1469)   Pre Evacuate Collection Set: 0.2ms
[2024-08-15T14:23:26.411+0000][6902.355s][info][gc,phases   ] GC(1469)   Merge Heap Roots: 0.3ms
[2024-08-15T14:23:26.411+0000][6902.355s][info][gc,phases   ] GC(1469)   Evacuate Collection Set: 20.8ms
[2024-08-15T14:23:26.411+0000][6902.355s][info][gc,phases   ] GC(1469)   Post Evacuate Collection Set: 1.7ms
[2024-08-15T14:23:26.411+0000][6902.355s][info][gc,phases   ] GC(1469)   Other: 0.2ms
[2024-08-15T14:23:26.411+0000][6902.355s][info][gc,heap     ] GC(1469) Eden regions: 775->0(773)
[2024-08-15T14:23:26.411+0000][6902.355s][info][gc,heap     ] GC(1469) Survivor regions: 7->9(98)
[2024-08-15T14:23:26.411+0000][6902.355s][info][gc,heap     ] GC(1469) Old regions: 426->426
[2024-08-15T14:23:26.411+0000][6902.355s][info][gc,heap     ] GC(1469) Archive regions: 2->2
[2024-08-15T14:23:26.411+0000][6902.355s][info][gc,heap     ] GC(1469) Humongous regions: 5->5
[2024-08-15T14:23:26.411+0000][6902.355s][info][gc,metaspace] GC(1469) Metaspace: 441533K(447872K)->441533K(447872K) NonClass: 386535K(390144K)->386535K(390144K) Class: 54997K(57728K)->54997K(57728K)
[2024-08-15T14:23:26.411+0000][6902.356s][info][gc          ] GC(1469) Pause Young (Normal) (G1 Evacuation Pause) 9701M->3520M(12288M) 23.242ms
[2024-08-15T14:23:26.411+0000][6902.356s][info][gc,cpu      ] GC(1469) User=0.14s Sys=0.00s Real=0.02s
[2024-08-15T14:23:34.351+0000][6910.295s][info][gc,start    ] GC(1470) Pause Young (Concurrent Start) (G1 Evacuation Pause)
[2024-08-15T14:23:34.351+0000][6910.295s][info][gc,task     ] GC(1470) Using 6 workers of 6 for evacuation
[2024-08-15T14:23:34.381+0000][6910.325s][info][gc,phases   ] GC(1470)   Pre Evacuate Collection Set: 0.6ms
[2024-08-15T14:23:34.381+0000][6910.325s][info][gc,phases   ] GC(1470)   Merge Heap Roots: 0.3ms
[2024-08-15T14:23:34.381+0000][6910.325s][info][gc,phases   ] GC(1470)   Evacuate Collection Set: 27.0ms
[2024-08-15T14:23:34.381+0000][6910.325s][info][gc,phases   ] GC(1470)   Post Evacuate Collection Set: 1.8ms
[2024-08-15T14:23:34.381+0000][6910.325s][info][gc,phases   ] GC(1470)   Other: 0.3ms
[2024-08-15T14:23:34.381+0000][6910.325s][info][gc,heap     ] GC(1470) Eden regions: 773->0(771)
[2024-08-15T14:23:34.381+0000][6910.325s][info][gc,heap     ] GC(1470) Survivor regions: 9->11(98)
[2024-08-15T14:23:34.381+0000][6910.325s][info][gc,heap     ] GC(1470) Old regions: 426->426
[2024-08-15T14:23:34.381+0000][6910.325s][info][gc,heap     ] GC(1470) Archive regions: 2->2
[2024-08-15T14:23:34.381+0000][6910.325s][info][gc,heap     ] GC(1470) Humongous regions: 5->5
[2024-08-15T14:23:34.381+0000][6910.325s][info][gc,metaspace] GC(1470) Metaspace: 441568K(447936K)->441568K(447936K) NonClass: 386570K(390208K)->386570K(390208K) Class: 54997K(57728K)->54997K(57728K)
[2024-08-15T14:23:34.381+0000][6910.325s][info][gc          ] GC(1470) Pause Young (Concurrent Start) (G1 Evacuation Pause) 9704M->3535M(12288M) 30.037ms
[2024-08-15T14:23:34.381+0000][6910.325s][info][gc,cpu      ] GC(1470) User=0.18s Sys=0.00s Real=0.03s
[2024-08-15T14:23:34.381+0000][6910.325s][info][gc          ] GC(1471) Concurrent Mark Cycle
[2024-08-15T14:23:34.381+0000][6910.325s][info][gc,marking  ] GC(1471) Concurrent Clear Claimed Marks
[2024-08-15T14:23:34.381+0000][6910.326s][info][gc,marking  ] GC(1471) Concurrent Clear Claimed Marks 0.460ms
[2024-08-15T14:23:34.381+0000][6910.326s][info][gc,marking  ] GC(1471) Concurrent Scan Root Regions
[2024-08-15T14:23:34.406+0000][6910.350s][info][gc,marking  ] GC(1471) Concurrent Scan Root Regions 24.348ms
[2024-08-15T14:23:34.406+0000][6910.350s][info][gc,marking  ] GC(1471) Concurrent Mark
[2024-08-15T14:23:34.406+0000][6910.350s][info][gc,marking  ] GC(1471) Concurrent Mark From Roots
[2024-08-15T14:23:34.406+0000][6910.350s][info][gc,task     ] GC(1471) Using 2 workers of 2 for marking
[2024-08-15T14:23:37.034+0000][6912.979s][info][gc,marking  ] GC(1471) Concurrent Mark From Roots 2628.234ms
[2024-08-15T14:23:37.034+0000][6912.979s][info][gc,marking  ] GC(1471) Concurrent Preclean
[2024-08-15T14:23:37.035+0000][6912.980s][info][gc,marking  ] GC(1471) Concurrent Preclean 1.017ms
[2024-08-15T14:23:37.035+0000][6912.980s][info][gc,start    ] GC(1471) Pause Remark
[2024-08-15T14:23:37.059+0000][6913.004s][info][gc          ] GC(1471) Pause Remark 5324M->5319M(12288M) 23.795ms
[2024-08-15T14:23:37.059+0000][6913.004s][info][gc,cpu      ] GC(1471) User=0.10s Sys=0.00s Real=0.02s
[2024-08-15T14:23:37.059+0000][6913.004s][info][gc,marking  ] GC(1471) Concurrent Mark 2653.493ms
[2024-08-15T14:23:37.059+0000][6913.004s][info][gc,marking  ] GC(1471) Concurrent Rebuild Remembered Sets
[2024-08-15T14:23:38.604+0000][6914.549s][info][gc,marking  ] GC(1471) Concurrent Rebuild Remembered Sets 1545.135ms
[2024-08-15T14:23:38.605+0000][6914.549s][info][gc,start    ] GC(1471) Pause Cleanup
[2024-08-15T14:23:38.605+0000][6914.550s][info][gc          ] GC(1471) Pause Cleanup 6439M->6439M(12288M) 0.691ms
[2024-08-15T14:23:38.605+0000][6914.550s][info][gc,cpu      ] GC(1471) User=0.00s Sys=0.00s Real=0.00s
[2024-08-15T14:23:38.605+0000][6914.550s][info][gc,marking  ] GC(1471) Concurrent Cleanup for Next Mark
[2024-08-15T14:23:38.623+0000][6914.568s][info][gc,marking  ] GC(1471) Concurrent Cleanup for Next Mark 17.712ms
[2024-08-15T14:23:38.623+0000][6914.568s][info][gc          ] GC(1471) Concurrent Mark Cycle 4242.282ms
[2024-08-15T14:23:43.107+0000][6919.052s][info][gc,start    ] GC(1472) Pause Young (Prepare Mixed) (G1 Evacuation Pause)
[2024-08-15T14:23:43.107+0000][6919.052s][info][gc,task     ] GC(1472) Using 6 workers of 6 for evacuation
[2024-08-15T14:23:43.144+0000][6919.089s][info][gc,phases   ] GC(1472)   Pre Evacuate Collection Set: 0.2ms
[2024-08-15T14:23:43.144+0000][6919.089s][info][gc,phases   ] GC(1472)   Merge Heap Roots: 0.3ms
[2024-08-15T14:23:43.144+0000][6919.089s][info][gc,phases   ] GC(1472)   Evacuate Collection Set: 34.4ms
[2024-08-15T14:23:43.144+0000][6919.089s][info][gc,phases   ] GC(1472)   Post Evacuate Collection Set: 1.9ms
[2024-08-15T14:23:43.144+0000][6919.089s][info][gc,phases   ] GC(1472)   Other: 0.2ms
[2024-08-15T14:23:43.144+0000][6919.089s][info][gc,heap     ] GC(1472) Eden regions: 771->0(62)
[2024-08-15T14:23:43.144+0000][6919.089s][info][gc,heap     ] GC(1472) Survivor regions: 11->14(98)
[2024-08-15T14:23:43.144+0000][6919.089s][info][gc,heap     ] GC(1472) Old regions: 425->425
[2024-08-15T14:23:43.144+0000][6919.089s][info][gc,heap     ] GC(1472) Archive regions: 2->2
[2024-08-15T14:23:43.144+0000][6919.089s][info][gc,heap     ] GC(1472) Humongous regions: 5->5
[2024-08-15T14:23:43.144+0000][6919.089s][info][gc,metaspace] GC(1472) Metaspace: 441572K(447936K)->441572K(447936K) NonClass: 386574K(390208K)->386574K(390208K) Class: 54997K(57728K)->54997K(57728K)
[2024-08-15T14:23:43.144+0000][6919.089s][info][gc          ] GC(1472) Pause Young (Prepare Mixed) (G1 Evacuation Pause) 9699M->3554M(12288M) 37.211ms
[2024-08-15T14:23:43.144+0000][6919.089s][info][gc,cpu      ] GC(1472) User=0.22s Sys=0.00s Real=0.04s
[2024-08-15T14:23:43.807+0000][6919.752s][info][gc,start    ] GC(1473) Pause Young (Mixed) (G1 Evacuation Pause)
[2024-08-15T14:23:43.807+0000][6919.752s][info][gc,task     ] GC(1473) Using 6 workers of 6 for evacuation
[2024-08-15T14:23:43.890+0000][6919.835s][info][gc,phases   ] GC(1473)   Pre Evacuate Collection Set: 0.2ms
[2024-08-15T14:23:43.890+0000][6919.835s][info][gc,phases   ] GC(1473)   Merge Heap Roots: 0.5ms
[2024-08-15T14:23:43.890+0000][6919.835s][info][gc,phases   ] GC(1473)   Evacuate Collection Set: 80.7ms
[2024-08-15T14:23:43.890+0000][6919.835s][info][gc,phases   ] GC(1473)   Post Evacuate Collection Set: 1.6ms
[2024-08-15T14:23:43.890+0000][6919.835s][info][gc,phases   ] GC(1473)   Other: 0.2ms
[2024-08-15T14:23:43.890+0000][6919.835s][info][gc,heap     ] GC(1473) Eden regions: 62->0(776)
[2024-08-15T14:23:43.891+0000][6919.835s][info][gc,heap     ] GC(1473) Survivor regions: 14->6(10)
[2024-08-15T14:23:43.891+0000][6919.835s][info][gc,heap     ] GC(1473) Old regions: 425->426
[2024-08-15T14:23:43.891+0000][6919.835s][info][gc,heap     ] GC(1473) Archive regions: 2->2
[2024-08-15T14:23:43.891+0000][6919.835s][info][gc,heap     ] GC(1473) Humongous regions: 5->5
[2024-08-15T14:23:43.891+0000][6919.835s][info][gc,metaspace] GC(1473) Metaspace: 441572K(447936K)->441572K(447936K) NonClass: 386574K(390208K)->386574K(390208K) Class: 54997K(57728K)->54997K(57728K)
[2024-08-15T14:23:43.891+0000][6919.835s][info][gc          ] GC(1473) Pause Young (Mixed) (G1 Evacuation Pause) 4050M->3492M(12288M) 83.263ms
[2024-08-15T14:23:43.891+0000][6919.835s][info][gc,cpu      ] GC(1473) User=0.50s Sys=0.00s Real=0.08s
[2024-08-15T14:23:52.148+0000][6928.093s][info][gc,start    ] GC(1474) Pause Young (Normal) (G1 Evacuation Pause)
[2024-08-15T14:23:52.148+0000][6928.093s][info][gc,task     ] GC(1474) Using 6 workers of 6 for evacuation
[2024-08-15T14:23:52.170+0000][6928.115s][info][gc,phases   ] GC(1474)   Pre Evacuate Collection Set: 0.2ms
[2024-08-15T14:23:52.170+0000][6928.115s][info][gc,phases   ] GC(1474)   Merge Heap Roots: 0.2ms
[2024-08-15T14:23:52.170+0000][6928.115s][info][gc,phases   ] GC(1474)   Evacuate Collection Set: 19.3ms
[2024-08-15T14:23:52.170+0000][6928.115s][info][gc,phases   ] GC(1474)   Post Evacuate Collection Set: 1.7ms
[2024-08-15T14:23:52.170+0000][6928.115s][info][gc,phases   ] GC(1474)   Other: 0.2ms
[2024-08-15T14:23:52.170+0000][6928.115s][info][gc,heap     ] GC(1474) Eden regions: 776->0(777)
[2024-08-15T14:23:52.170+0000][6928.115s][info][gc,heap     ] GC(1474) Survivor regions: 6->6(98)
[2024-08-15T14:23:52.170+0000][6928.115s][info][gc,heap     ] GC(1474) Old regions: 426->426
[2024-08-15T14:23:52.170+0000][6928.115s][info][gc,heap     ] GC(1474) Archive regions: 2->2
[2024-08-15T14:23:52.170+0000][6928.115s][info][gc,heap     ] GC(1474) Humongous regions: 5->5
[2024-08-15T14:23:52.170+0000][6928.115s][info][gc,metaspace] GC(1474) Metaspace: 441572K(447936K)->441572K(447936K) NonClass: 386574K(390208K)->386574K(390208K) Class: 54997K(57728K)->54997K(57728K)
[2024-08-15T14:23:52.170+0000][6928.115s][info][gc          ] GC(1474) Pause Young (Normal) (G1 Evacuation Pause) 9700M->3497M(12288M) 21.721ms
[2024-08-15T14:23:52.170+0000][6928.115s][info][gc,cpu      ] GC(1474) User=0.13s Sys=0.00s Real=0.02s
[2024-08-15T14:24:00.616+0000][6936.561s][info][gc,start    ] GC(1475) Pause Young (Normal) (G1 Evacuation Pause)
[2024-08-15T14:24:00.616+0000][6936.561s][info][gc,task     ] GC(1475) Using 6 workers of 6 for evacuation
[2024-08-15T14:24:00.642+0000][6936.587s][info][gc,phases   ] GC(1475)   Pre Evacuate Collection Set: 0.2ms
[2024-08-15T14:24:00.643+0000][6936.587s][info][gc,phases   ] GC(1475)   Merge Heap Roots: 0.3ms
[2024-08-15T14:24:00.643+0000][6936.587s][info][gc,phases   ] GC(1475)   Evacuate Collection Set: 23.8ms
[2024-08-15T14:24:00.643+0000][6936.587s][info][gc,phases   ] GC(1475)   Post Evacuate Collection Set: 1.7ms
[2024-08-15T14:24:00.643+0000][6936.587s][info][gc,phases   ] GC(1475)   Other: 0.2ms
[2024-08-15T14:24:00.643+0000][6936.587s][info][gc,heap     ] GC(1475) Eden regions: 777->0(772)
[2024-08-15T14:24:00.643+0000][6936.587s][info][gc,heap     ] GC(1475) Survivor regions: 6->10(98)
[2024-08-15T14:24:00.643+0000][6936.587s][info][gc,heap     ] GC(1475) Old regions: 426->426
[2024-08-15T14:24:00.643+0000][6936.587s][info][gc,heap     ] GC(1475) Archive regions: 2->2
[2024-08-15T14:24:00.643+0000][6936.587s][info][gc,heap     ] GC(1475) Humongous regions: 5->5
[2024-08-15T14:24:00.643+0000][6936.587s][info][gc,metaspace] GC(1475) Metaspace: 441572K(447936K)->441572K(447936K) NonClass: 386574K(390208K)->386574K(390208K) Class: 54997K(57728K)->54997K(57728K)
[2024-08-15T14:24:00.643+0000][6936.587s][info][gc          ] GC(1475) Pause Young (Normal) (G1 Evacuation Pause) 9713M->3522M(12288M) 26.227ms
[2024-08-15T14:24:00.643+0000][6936.587s][info][gc,cpu      ] GC(1475) User=0.15s Sys=0.00s Real=0.02s
[2024-08-15T14:24:09.128+0000][6945.073s][info][gc,start    ] GC(1476) Pause Young (Concurrent Start) (G1 Evacuation Pause)
[2024-08-15T14:24:09.128+0000][6945.073s][info][gc,task     ] GC(1476) Using 6 workers of 6 for evacuation
[2024-08-15T14:24:09.166+0000][6945.110s][info][gc,phases   ] GC(1476)   Pre Evacuate Collection Set: 0.6ms
[2024-08-15T14:24:09.166+0000][6945.110s][info][gc,phases   ] GC(1476)   Merge Heap Roots: 0.3ms
[2024-08-15T14:24:09.166+0000][6945.110s][info][gc,phases   ] GC(1476)   Evacuate Collection Set: 35.0ms
[2024-08-15T14:24:09.166+0000][6945.110s][info][gc,phases   ] GC(1476)   Post Evacuate Collection Set: 1.8ms
[2024-08-15T14:24:09.166+0000][6945.110s][info][gc,phases   ] GC(1476)   Other: 0.3ms
[2024-08-15T14:24:09.166+0000][6945.110s][info][gc,heap     ] GC(1476) Eden regions: 772->0(769)
[2024-08-15T14:24:09.166+0000][6945.110s][info][gc,heap     ] GC(1476) Survivor regions: 10->13(98)
[2024-08-15T14:24:09.166+0000][6945.110s][info][gc,heap     ] GC(1476) Old regions: 426->426
[2024-08-15T14:24:09.166+0000][6945.110s][info][gc,heap     ] GC(1476) Archive regions: 2->2
[2024-08-15T14:24:09.166+0000][6945.110s][info][gc,heap     ] GC(1476) Humongous regions: 5->5
[2024-08-15T14:24:09.166+0000][6945.110s][info][gc,metaspace] GC(1476) Metaspace: 441572K(447936K)->441572K(447936K) NonClass: 386574K(390208K)->386574K(390208K) Class: 54997K(57728K)->54997K(57728K)
[2024-08-15T14:24:09.166+0000][6945.111s][info][gc          ] GC(1476) Pause Young (Concurrent Start) (G1 Evacuation Pause) 9698M->3549M(12288M) 37.985ms
[2024-08-15T14:24:09.166+0000][6945.111s][info][gc,cpu      ] GC(1476) User=0.23s Sys=0.00s Real=0.04s
[2024-08-15T14:24:09.166+0000][6945.111s][info][gc          ] GC(1477) Concurrent Mark Cycle
[2024-08-15T14:24:09.166+0000][6945.111s][info][gc,marking  ] GC(1477) Concurrent Clear Claimed Marks
[2024-08-15T14:24:09.166+0000][6945.111s][info][gc,marking  ] GC(1477) Concurrent Clear Claimed Marks 0.437ms
[2024-08-15T14:24:09.166+0000][6945.111s][info][gc,marking  ] GC(1477) Concurrent Scan Root Regions
[2024-08-15T14:24:09.195+0000][6945.140s][info][gc,marking  ] GC(1477) Concurrent Scan Root Regions 28.467ms
[2024-08-15T14:24:09.195+0000][6945.140s][info][gc,marking  ] GC(1477) Concurrent Mark
[2024-08-15T14:24:09.195+0000][6945.140s][info][gc,marking  ] GC(1477) Concurrent Mark From Roots
[2024-08-15T14:24:09.195+0000][6945.140s][info][gc,task     ] GC(1477) Using 2 workers of 2 for marking
[2024-08-15T14:24:11.778+0000][6947.722s][info][gc,marking  ] GC(1477) Concurrent Mark From Roots 2582.682ms
[2024-08-15T14:24:11.778+0000][6947.722s][info][gc,marking  ] GC(1477) Concurrent Preclean
[2024-08-15T14:24:11.779+0000][6947.724s][info][gc,marking  ] GC(1477) Concurrent Preclean 1.648ms
[2024-08-15T14:24:11.780+0000][6947.724s][info][gc,start    ] GC(1477) Pause Remark
[2024-08-15T14:24:11.803+0000][6947.748s][info][gc          ] GC(1477) Pause Remark 5321M->5321M(12288M) 23.720ms
[2024-08-15T14:24:11.803+0000][6947.748s][info][gc,cpu      ] GC(1477) User=0.10s Sys=0.01s Real=0.03s
[2024-08-15T14:24:11.803+0000][6947.748s][info][gc,marking  ] GC(1477) Concurrent Mark 2608.425ms
[2024-08-15T14:24:11.803+0000][6947.748s][info][gc,marking  ] GC(1477) Concurrent Rebuild Remembered Sets
[2024-08-15T14:24:13.358+0000][6949.302s][info][gc,marking  ] GC(1477) Concurrent Rebuild Remembered Sets 1554.124ms
[2024-08-15T14:24:13.358+0000][6949.302s][info][gc,start    ] GC(1477) Pause Cleanup
[2024-08-15T14:24:13.358+0000][6949.303s][info][gc          ] GC(1477) Pause Cleanup 6589M->6589M(12288M) 0.660ms
[2024-08-15T14:24:13.359+0000][6949.303s][info][gc,cpu      ] GC(1477) User=0.00s Sys=0.00s Real=0.00s
[2024-08-15T14:24:13.359+0000][6949.303s][info][gc,marking  ] GC(1477) Concurrent Cleanup for Next Mark
[2024-08-15T14:24:13.377+0000][6949.321s][info][gc,marking  ] GC(1477) Concurrent Cleanup for Next Mark 18.255ms
[2024-08-15T14:24:13.377+0000][6949.321s][info][gc          ] GC(1477) Concurrent Mark Cycle 4210.904ms
[2024-08-15T14:24:17.663+0000][6953.608s][info][gc,start    ] GC(1478) Pause Young (Prepare Mixed) (G1 Evacuation Pause)
[2024-08-15T14:24:17.663+0000][6953.608s][info][gc,task     ] GC(1478) Using 6 workers of 6 for evacuation
[2024-08-15T14:24:17.699+0000][6953.643s][info][gc,phases   ] GC(1478)   Pre Evacuate Collection Set: 0.2ms
[2024-08-15T14:24:17.699+0000][6953.643s][info][gc,phases   ] GC(1478)   Merge Heap Roots: 0.3ms
[2024-08-15T14:24:17.699+0000][6953.643s][info][gc,phases   ] GC(1478)   Evacuate Collection Set: 33.2ms
[2024-08-15T14:24:17.699+0000][6953.643s][info][gc,phases   ] GC(1478)   Post Evacuate Collection Set: 1.8ms
[2024-08-15T14:24:17.699+0000][6953.643s][info][gc,phases   ] GC(1478)   Other: 0.2ms
[2024-08-15T14:24:17.699+0000][6953.643s][info][gc,heap     ] GC(1478) Eden regions: 769->0(62)
[2024-08-15T14:24:17.699+0000][6953.643s][info][gc,heap     ] GC(1478) Survivor regions: 13->14(98)
[2024-08-15T14:24:17.699+0000][6953.643s][info][gc,heap     ] GC(1478) Old regions: 426->426
[2024-08-15T14:24:17.699+0000][6953.643s][info][gc,heap     ] GC(1478) Archive regions: 2->2
[2024-08-15T14:24:17.699+0000][6953.643s][info][gc,heap     ] GC(1478) Humongous regions: 5->5
[2024-08-15T14:24:17.699+0000][6953.643s][info][gc,metaspace] GC(1478) Metaspace: 441572K(447936K)->441572K(447936K) NonClass: 386574K(390208K)->386574K(390208K) Class: 54997K(57728K)->54997K(57728K)
[2024-08-15T14:24:17.699+0000][6953.643s][info][gc          ] GC(1478) Pause Young (Prepare Mixed) (G1 Evacuation Pause) 9701M->3561M(12288M) 35.821ms
[2024-08-15T14:24:17.699+0000][6953.643s][info][gc,cpu      ] GC(1478) User=0.20s Sys=0.00s Real=0.04s
[2024-08-15T14:24:18.345+0000][6954.290s][info][gc,start    ] GC(1479) Pause Young (Mixed) (G1 Evacuation Pause)
[2024-08-15T14:24:18.345+0000][6954.290s][info][gc,task     ] GC(1479) Using 6 workers of 6 for evacuation
[2024-08-15T14:24:18.428+0000][6954.373s][info][gc,phases   ] GC(1479)   Pre Evacuate Collection Set: 0.2ms
[2024-08-15T14:24:18.428+0000][6954.373s][info][gc,phases   ] GC(1479)   Merge Heap Roots: 0.4ms
[2024-08-15T14:24:18.428+0000][6954.373s][info][gc,phases   ] GC(1479)   Evacuate Collection Set: 81.1ms
[2024-08-15T14:24:18.428+0000][6954.373s][info][gc,phases   ] GC(1479)   Post Evacuate Collection Set: 1.3ms
[2024-08-15T14:24:18.428+0000][6954.373s][info][gc,phases   ] GC(1479)   Other: 0.2ms
[2024-08-15T14:24:18.428+0000][6954.373s][info][gc,heap     ] GC(1479) Eden regions: 62->0(774)
[2024-08-15T14:24:18.428+0000][6954.373s][info][gc,heap     ] GC(1479) Survivor regions: 14->6(10)
[2024-08-15T14:24:18.428+0000][6954.373s][info][gc,heap     ] GC(1479) Old regions: 426->428
[2024-08-15T14:24:18.428+0000][6954.373s][info][gc,heap     ] GC(1479) Archive regions: 2->2
[2024-08-15T14:24:18.428+0000][6954.373s][info][gc,heap     ] GC(1479) Humongous regions: 5->5
[2024-08-15T14:24:18.428+0000][6954.373s][info][gc,metaspace] GC(1479) Metaspace: 441572K(447936K)->441572K(447936K) NonClass: 386574K(390208K)->386574K(390208K) Class: 54997K(57728K)->54997K(57728K)
[2024-08-15T14:24:18.428+0000][6954.373s][info][gc          ] GC(1479) Pause Young (Mixed) (G1 Evacuation Pause) 4057M->3506M(12288M) 83.264ms
[2024-08-15T14:24:18.428+0000][6954.373s][info][gc,cpu      ] GC(1479) User=0.50s Sys=0.00s Real=0.08s
[2024-08-15T14:24:26.626+0000][6962.571s][info][gc,start    ] GC(1480) Pause Young (Normal) (G1 Evacuation Pause)
[2024-08-15T14:24:26.626+0000][6962.571s][info][gc,task     ] GC(1480) Using 6 workers of 6 for evacuation
[2024-08-15T14:24:26.648+0000][6962.593s][info][gc,phases   ] GC(1480)   Pre Evacuate Collection Set: 0.2ms
[2024-08-15T14:24:26.648+0000][6962.593s][info][gc,phases   ] GC(1480)   Merge Heap Roots: 0.2ms
[2024-08-15T14:24:26.648+0000][6962.593s][info][gc,phases   ] GC(1480)   Evacuate Collection Set: 19.5ms
[2024-08-15T14:24:26.648+0000][6962.593s][info][gc,phases   ] GC(1480)   Post Evacuate Collection Set: 1.8ms
[2024-08-15T14:24:26.648+0000][6962.593s][info][gc,phases   ] GC(1480)   Other: 0.2ms
[2024-08-15T14:24:26.648+0000][6962.593s][info][gc,heap     ] GC(1480) Eden regions: 774->0(775)
[2024-08-15T14:24:26.648+0000][6962.593s][info][gc,heap     ] GC(1480) Survivor regions: 6->6(98)
[2024-08-15T14:24:26.648+0000][6962.593s][info][gc,heap     ] GC(1480) Old regions: 428->428
[2024-08-15T14:24:26.648+0000][6962.593s][info][gc,heap     ] GC(1480) Archive regions: 2->2
[2024-08-15T14:24:26.648+0000][6962.593s][info][gc,heap     ] GC(1480) Humongous regions: 5->5
[2024-08-15T14:24:26.648+0000][6962.593s][info][gc,metaspace] GC(1480) Metaspace: 441572K(447936K)->441572K(447936K) NonClass: 386574K(390208K)->386574K(390208K) Class: 54997K(57728K)->54997K(57728K)
[2024-08-15T14:24:26.648+0000][6962.593s][info][gc          ] GC(1480) Pause Young (Normal) (G1 Evacuation Pause) 9698M->3509M(12288M) 21.934ms
[2024-08-15T14:24:26.648+0000][6962.593s][info][gc,cpu      ] GC(1480) User=0.13s Sys=0.00s Real=0.02s
[2024-08-15T14:24:35.119+0000][6971.064s][info][gc,start    ] GC(1481) Pause Young (Normal) (G1 Evacuation Pause)
[2024-08-15T14:24:35.119+0000][6971.064s][info][gc,task     ] GC(1481) Using 6 workers of 6 for evacuation
[2024-08-15T14:24:35.145+0000][6971.089s][info][gc,phases   ] GC(1481)   Pre Evacuate Collection Set: 0.2ms
[2024-08-15T14:24:35.145+0000][6971.089s][info][gc,phases   ] GC(1481)   Merge Heap Roots: 0.2ms
[2024-08-15T14:24:35.145+0000][6971.089s][info][gc,phases   ] GC(1481)   Evacuate Collection Set: 22.8ms
[2024-08-15T14:24:35.145+0000][6971.089s][info][gc,phases   ] GC(1481)   Post Evacuate Collection Set: 1.8ms
[2024-08-15T14:24:35.145+0000][6971.089s][info][gc,phases   ] GC(1481)   Other: 0.2ms
[2024-08-15T14:24:35.145+0000][6971.089s][info][gc,heap     ] GC(1481) Eden regions: 775->0(771)
[2024-08-15T14:24:35.145+0000][6971.089s][info][gc,heap     ] GC(1481) Survivor regions: 6->10(98)
[2024-08-15T14:24:35.145+0000][6971.089s][info][gc,heap     ] GC(1481) Old regions: 428->428
[2024-08-15T14:24:35.145+0000][6971.089s][info][gc,heap     ] GC(1481) Archive regions: 2->2
[2024-08-15T14:24:35.145+0000][6971.089s][info][gc,heap     ] GC(1481) Humongous regions: 5->5
[2024-08-15T14:24:35.145+0000][6971.089s][info][gc,metaspace] GC(1481) Metaspace: 441586K(447936K)->441586K(447936K) NonClass: 386588K(390208K)->386588K(390208K) Class: 54997K(57728K)->54997K(57728K)
[2024-08-15T14:24:35.145+0000][6971.089s][info][gc          ] GC(1481) Pause Young (Normal) (G1 Evacuation Pause) 9709M->3536M(12288M) 25.304ms
[2024-08-15T14:24:35.145+0000][6971.089s][info][gc,cpu      ] GC(1481) User=0.15s Sys=0.00s Real=0.03s
[2024-08-15T14:24:43.560+0000][6979.505s][info][gc,start    ] GC(1482) Pause Young (Concurrent Start) (G1 Evacuation Pause)
[2024-08-15T14:24:43.560+0000][6979.505s][info][gc,task     ] GC(1482) Using 6 workers of 6 for evacuation
[2024-08-15T14:24:43.592+0000][6979.536s][info][gc,phases   ] GC(1482)   Pre Evacuate Collection Set: 0.6ms
[2024-08-15T14:24:43.592+0000][6979.536s][info][gc,phases   ] GC(1482)   Merge Heap Roots: 0.2ms
[2024-08-15T14:24:43.592+0000][6979.536s][info][gc,phases   ] GC(1482)   Evacuate Collection Set: 28.8ms
[2024-08-15T14:24:43.592+0000][6979.536s][info][gc,phases   ] GC(1482)   Post Evacuate Collection Set: 1.8ms
[2024-08-15T14:24:43.592+0000][6979.536s][info][gc,phases   ] GC(1482)   Other: 0.3ms
[2024-08-15T14:24:43.592+0000][6979.536s][info][gc,heap     ] GC(1482) Eden regions: 771->0(767)
[2024-08-15T14:24:43.592+0000][6979.536s][info][gc,heap     ] GC(1482) Survivor regions: 10->13(98)
[2024-08-15T14:24:43.592+0000][6979.536s][info][gc,heap     ] GC(1482) Old regions: 428->428
[2024-08-15T14:24:43.592+0000][6979.536s][info][gc,heap     ] GC(1482) Archive regions: 2->2
[2024-08-15T14:24:43.592+0000][6979.536s][info][gc,heap     ] GC(1482) Humongous regions: 5->5
[2024-08-15T14:24:43.592+0000][6979.536s][info][gc,metaspace] GC(1482) Metaspace: 441586K(447936K)->441586K(447936K) NonClass: 386589K(390208K)->386589K(390208K) Class: 54997K(57728K)->54997K(57728K)
[2024-08-15T14:24:43.592+0000][6979.536s][info][gc          ] GC(1482) Pause Young (Concurrent Start) (G1 Evacuation Pause) 9704M->3561M(12288M) 31.730ms
[2024-08-15T14:24:43.592+0000][6979.537s][info][gc,cpu      ] GC(1482) User=0.19s Sys=0.00s Real=0.03s
[2024-08-15T14:24:43.592+0000][6979.537s][info][gc          ] GC(1483) Concurrent Mark Cycle
[2024-08-15T14:24:43.592+0000][6979.537s][info][gc,marking  ] GC(1483) Concurrent Clear Claimed Marks
[2024-08-15T14:24:43.592+0000][6979.537s][info][gc,marking  ] GC(1483) Concurrent Clear Claimed Marks 0.415ms
[2024-08-15T14:24:43.592+0000][6979.537s][info][gc,marking  ] GC(1483) Concurrent Scan Root Regions
[2024-08-15T14:24:43.632+0000][6979.577s][info][gc,marking  ] GC(1483) Concurrent Scan Root Regions 39.679ms
[2024-08-15T14:24:43.632+0000][6979.577s][info][gc,marking  ] GC(1483) Concurrent Mark
[2024-08-15T14:24:43.632+0000][6979.577s][info][gc,marking  ] GC(1483) Concurrent Mark From Roots
[2024-08-15T14:24:43.632+0000][6979.577s][info][gc,task     ] GC(1483) Using 2 workers of 2 for marking
[2024-08-15T14:24:46.256+0000][6982.201s][info][gc,marking  ] GC(1483) Concurrent Mark From Roots 2624.194ms
[2024-08-15T14:24:46.256+0000][6982.201s][info][gc,marking  ] GC(1483) Concurrent Preclean
[2024-08-15T14:24:46.258+0000][6982.202s][info][gc,marking  ] GC(1483) Concurrent Preclean 1.339ms
[2024-08-15T14:24:46.258+0000][6982.203s][info][gc,start    ] GC(1483) Pause Remark
[2024-08-15T14:24:46.280+0000][6982.225s][info][gc          ] GC(1483) Pause Remark 5326M->5326M(12288M) 22.535ms
[2024-08-15T14:24:46.281+0000][6982.225s][info][gc,cpu      ] GC(1483) User=0.09s Sys=0.00s Real=0.02s
[2024-08-15T14:24:46.281+0000][6982.225s][info][gc,marking  ] GC(1483) Concurrent Mark 2648.567ms
[2024-08-15T14:24:46.281+0000][6982.225s][info][gc,marking  ] GC(1483) Concurrent Rebuild Remembered Sets
[2024-08-15T14:24:47.823+0000][6983.768s][info][gc,marking  ] GC(1483) Concurrent Rebuild Remembered Sets 1542.762ms
[2024-08-15T14:24:47.824+0000][6983.768s][info][gc,start    ] GC(1483) Pause Cleanup
[2024-08-15T14:24:47.824+0000][6983.769s][info][gc          ] GC(1483) Pause Cleanup 6391M->6391M(12288M) 0.647ms
[2024-08-15T14:24:47.824+0000][6983.769s][info][gc,cpu      ] GC(1483) User=0.00s Sys=0.00s Real=0.00s
[2024-08-15T14:24:47.824+0000][6983.769s][info][gc,marking  ] GC(1483) Concurrent Cleanup for Next Mark
[2024-08-15T14:24:47.841+0000][6983.786s][info][gc,marking  ] GC(1483) Concurrent Cleanup for Next Mark 16.937ms
[2024-08-15T14:24:47.841+0000][6983.786s][info][gc          ] GC(1483) Concurrent Mark Cycle 4249.492ms
[2024-08-15T14:24:52.123+0000][6988.067s][info][gc,start    ] GC(1484) Pause Young (Prepare Mixed) (G1 Evacuation Pause)
[2024-08-15T14:24:52.123+0000][6988.067s][info][gc,task     ] GC(1484) Using 6 workers of 6 for evacuation
[2024-08-15T14:24:52.168+0000][6988.112s][info][gc,phases   ] GC(1484)   Pre Evacuate Collection Set: 0.2ms
[2024-08-15T14:24:52.168+0000][6988.112s][info][gc,phases   ] GC(1484)   Merge Heap Roots: 0.4ms
[2024-08-15T14:24:52.168+0000][6988.112s][info][gc,phases   ] GC(1484)   Evacuate Collection Set: 41.7ms
[2024-08-15T14:24:52.168+0000][6988.112s][info][gc,phases   ] GC(1484)   Post Evacuate Collection Set: 2.4ms
[2024-08-15T14:24:52.168+0000][6988.112s][info][gc,phases   ] GC(1484)   Other: 0.2ms
[2024-08-15T14:24:52.168+0000][6988.112s][info][gc,heap     ] GC(1484) Eden regions: 767->0(58)
[2024-08-15T14:24:52.168+0000][6988.112s][info][gc,heap     ] GC(1484) Survivor regions: 13->18(98)
[2024-08-15T14:24:52.168+0000][6988.112s][info][gc,heap     ] GC(1484) Old regions: 428->428
[2024-08-15T14:24:52.168+0000][6988.112s][info][gc,heap     ] GC(1484) Archive regions: 2->2
[2024-08-15T14:24:52.168+0000][6988.112s][info][gc,heap     ] GC(1484) Humongous regions: 5->5
[2024-08-15T14:24:52.168+0000][6988.112s][info][gc,metaspace] GC(1484) Metaspace: 441588K(447936K)->441588K(447936K) NonClass: 386591K(390208K)->386591K(390208K) Class: 54997K(57728K)->54997K(57728K)
[2024-08-15T14:24:52.168+0000][6988.112s][info][gc          ] GC(1484) Pause Young (Prepare Mixed) (G1 Evacuation Pause) 9697M->3601M(12288M) 44.985ms
[2024-08-15T14:24:52.168+0000][6988.112s][info][gc,cpu      ] GC(1484) User=0.27s Sys=0.00s Real=0.05s
[2024-08-15T14:24:52.334+0000][6988.278s][info][gc,start    ] GC(1485) Pause Young (Mixed) (G1 Evacuation Pause)
[2024-08-15T14:24:52.334+0000][6988.278s][info][gc,task     ] GC(1485) Using 6 workers of 6 for evacuation
[2024-08-15T14:24:52.427+0000][6988.371s][info][gc,phases   ] GC(1485)   Pre Evacuate Collection Set: 0.2ms
[2024-08-15T14:24:52.427+0000][6988.371s][info][gc,phases   ] GC(1485)   Merge Heap Roots: 0.4ms
[2024-08-15T14:24:52.427+0000][6988.371s][info][gc,phases   ] GC(1485)   Evacuate Collection Set: 89.0ms
[2024-08-15T14:24:52.427+0000][6988.371s][info][gc,phases   ] GC(1485)   Post Evacuate Collection Set: 3.3ms
[2024-08-15T14:24:52.427+0000][6988.371s][info][gc,phases   ] GC(1485)   Other: 0.2ms
[2024-08-15T14:24:52.427+0000][6988.371s][info][gc,heap     ] GC(1485) Eden regions: 58->0(767)
[2024-08-15T14:24:52.427+0000][6988.371s][info][gc,heap     ] GC(1485) Survivor regions: 18->3(10)
[2024-08-15T14:24:52.427+0000][6988.371s][info][gc,heap     ] GC(1485) Old regions: 428->436
[2024-08-15T14:24:52.427+0000][6988.371s][info][gc,heap     ] GC(1485) Archive regions: 2->2
[2024-08-15T14:24:52.427+0000][6988.371s][info][gc,heap     ] GC(1485) Humongous regions: 5->5
[2024-08-15T14:24:52.427+0000][6988.371s][info][gc,metaspace] GC(1485) Metaspace: 441588K(447936K)->441588K(447936K) NonClass: 386591K(390208K)->386591K(390208K) Class: 54997K(57728K)->54997K(57728K)
[2024-08-15T14:24:52.427+0000][6988.371s][info][gc          ] GC(1485) Pause Young (Mixed) (G1 Evacuation Pause) 4065M->3556M(12288M) 93.074ms
[2024-08-15T14:24:52.427+0000][6988.371s][info][gc,cpu      ] GC(1485) User=0.55s Sys=0.00s Real=0.10s
[2024-08-15T14:24:54.767+0000][6990.712s][info][gc,start    ] GC(1486) Pause Young (Normal) (G1 Evacuation Pause)
[2024-08-15T14:24:54.767+0000][6990.712s][info][gc,task     ] GC(1486) Using 6 workers of 6 for evacuation
[2024-08-15T14:24:54.841+0000][6990.785s][info][gc,phases   ] GC(1486)   Pre Evacuate Collection Set: 0.2ms
[2024-08-15T14:24:54.841+0000][6990.785s][info][gc,phases   ] GC(1486)   Merge Heap Roots: 0.2ms
[2024-08-15T14:24:54.841+0000][6990.785s][info][gc,phases   ] GC(1486)   Evacuate Collection Set: 53.9ms
[2024-08-15T14:24:54.841+0000][6990.785s][info][gc,phases   ] GC(1486)   Post Evacuate Collection Set: 19.2ms
[2024-08-15T14:24:54.841+0000][6990.785s][info][gc,phases   ] GC(1486)   Other: 0.2ms
[2024-08-15T14:24:54.841+0000][6990.785s][info][gc,heap     ] GC(1486) Eden regions: 767->0(759)
[2024-08-15T14:24:54.841+0000][6990.785s][info][gc,heap     ] GC(1486) Survivor regions: 3->8(97)
[2024-08-15T14:24:54.841+0000][6990.785s][info][gc,heap     ] GC(1486) Old regions: 436->436
[2024-08-15T14:24:54.841+0000][6990.785s][info][gc,heap     ] GC(1486) Archive regions: 2->2
[2024-08-15T14:24:54.841+0000][6990.785s][info][gc,heap     ] GC(1486) Humongous regions: 5->5
[2024-08-15T14:24:54.841+0000][6990.785s][info][gc,metaspace] GC(1486) Metaspace: 441590K(447936K)->441590K(447936K) NonClass: 386593K(390208K)->386593K(390208K) Class: 54997K(57728K)->54997K(57728K)
[2024-08-15T14:24:54.841+0000][6990.785s][info][gc          ] GC(1486) Pause Young (Normal) (G1 Evacuation Pause) 9692M->3595M(12288M) 73.682ms
[2024-08-15T14:24:54.841+0000][6990.785s][info][gc,cpu      ] GC(1486) User=0.42s Sys=0.00s Real=0.07s
[2024-08-15T14:24:57.226+0000][6993.170s][info][gc,start    ] GC(1487) Pause Young (Normal) (G1 Evacuation Pause)
[2024-08-15T14:24:57.226+0000][6993.170s][info][gc,task     ] GC(1487) Using 6 workers of 6 for evacuation
[2024-08-15T14:24:57.295+0000][6993.240s][info][gc,phases   ] GC(1487)   Pre Evacuate Collection Set: 0.2ms
[2024-08-15T14:24:57.295+0000][6993.240s][info][gc,phases   ] GC(1487)   Merge Heap Roots: 0.2ms
[2024-08-15T14:24:57.295+0000][6993.240s][info][gc,phases   ] GC(1487)   Evacuate Collection Set: 55.4ms
[2024-08-15T14:24:57.295+0000][6993.240s][info][gc,phases   ] GC(1487)   Post Evacuate Collection Set: 13.8ms
[2024-08-15T14:24:57.295+0000][6993.240s][info][gc,phases   ] GC(1487)   Other: 0.2ms
[2024-08-15T14:24:57.295+0000][6993.240s][info][gc,heap     ] GC(1487) Eden regions: 759->0(754)
[2024-08-15T14:24:57.295+0000][6993.240s][info][gc,heap     ] GC(1487) Survivor regions: 8->13(96)
[2024-08-15T14:24:57.295+0000][6993.240s][info][gc,heap     ] GC(1487) Old regions: 436->436
[2024-08-15T14:24:57.295+0000][6993.240s][info][gc,heap     ] GC(1487) Archive regions: 2->2
[2024-08-15T14:24:57.295+0000][6993.240s][info][gc,heap     ] GC(1487) Humongous regions: 5->5
[2024-08-15T14:24:57.295+0000][6993.240s][info][gc,metaspace] GC(1487) Metaspace: 441590K(447936K)->441590K(447936K) NonClass: 386593K(390208K)->386593K(390208K) Class: 54997K(57728K)->54997K(57728K)
[2024-08-15T14:24:57.295+0000][6993.240s][info][gc          ] GC(1487) Pause Young (Normal) (G1 Evacuation Pause) 9667M->3634M(12288M) 69.856ms
[2024-08-15T14:24:57.296+0000][6993.240s][info][gc,cpu      ] GC(1487) User=0.41s Sys=0.00s Real=0.07s
[2024-08-15T14:24:59.713+0000][6995.657s][info][gc,start    ] GC(1488) Pause Young (Concurrent Start) (G1 Evacuation Pause)
[2024-08-15T14:24:59.713+0000][6995.657s][info][gc,task     ] GC(1488) Using 6 workers of 6 for evacuation
[2024-08-15T14:24:59.805+0000][6995.750s][info][gc,phases   ] GC(1488)   Pre Evacuate Collection Set: 0.6ms
[2024-08-15T14:24:59.805+0000][6995.750s][info][gc,phases   ] GC(1488)   Merge Heap Roots: 0.3ms
[2024-08-15T14:24:59.805+0000][6995.750s][info][gc,phases   ] GC(1488)   Evacuate Collection Set: 73.3ms
[2024-08-15T14:24:59.805+0000][6995.750s][info][gc,phases   ] GC(1488)   Post Evacuate Collection Set: 17.9ms
[2024-08-15T14:24:59.805+0000][6995.750s][info][gc,phases   ] GC(1488)   Other: 0.3ms
[2024-08-15T14:24:59.805+0000][6995.750s][info][gc,heap     ] GC(1488) Eden regions: 754->0(749)
[2024-08-15T14:24:59.805+0000][6995.750s][info][gc,heap     ] GC(1488) Survivor regions: 13->18(96)
[2024-08-15T14:24:59.805+0000][6995.750s][info][gc,heap     ] GC(1488) Old regions: 436->436
[2024-08-15T14:24:59.805+0000][6995.750s][info][gc,heap     ] GC(1488) Archive regions: 2->2
[2024-08-15T14:24:59.805+0000][6995.750s][info][gc,heap     ] GC(1488) Humongous regions: 5->5
[2024-08-15T14:24:59.805+0000][6995.750s][info][gc,metaspace] GC(1488) Metaspace: 441590K(447936K)->441590K(447936K) NonClass: 386593K(390208K)->386593K(390208K) Class: 54997K(57728K)->54997K(57728K)
[2024-08-15T14:24:59.805+0000][6995.750s][info][gc          ] GC(1488) Pause Young (Concurrent Start) (G1 Evacuation Pause) 9666M->3673M(12288M) 92.484ms
[2024-08-15T14:24:59.805+0000][6995.750s][info][gc,cpu      ] GC(1488) User=0.54s Sys=0.00s Real=0.10s
[2024-08-15T14:24:59.805+0000][6995.750s][info][gc          ] GC(1489) Concurrent Mark Cycle
[2024-08-15T14:24:59.805+0000][6995.750s][info][gc,marking  ] GC(1489) Concurrent Clear Claimed Marks
[2024-08-15T14:24:59.806+0000][6995.751s][info][gc,marking  ] GC(1489) Concurrent Clear Claimed Marks 0.455ms
[2024-08-15T14:24:59.806+0000][6995.751s][info][gc,marking  ] GC(1489) Concurrent Scan Root Regions
[2024-08-15T14:24:59.878+0000][6995.823s][info][gc,marking  ] GC(1489) Concurrent Scan Root Regions 71.990ms
[2024-08-15T14:24:59.878+0000][6995.823s][info][gc,marking  ] GC(1489) Concurrent Mark
[2024-08-15T14:24:59.878+0000][6995.823s][info][gc,marking  ] GC(1489) Concurrent Mark From Roots
[2024-08-15T14:24:59.878+0000][6995.823s][info][gc,task     ] GC(1489) Using 2 workers of 2 for marking
[2024-08-15T14:25:02.521+0000][6998.465s][info][gc,marking  ] GC(1489) Concurrent Mark From Roots 2642.750ms
[2024-08-15T14:25:02.521+0000][6998.465s][info][gc,marking  ] GC(1489) Concurrent Preclean
[2024-08-15T14:25:02.522+0000][6998.467s][info][gc,marking  ] GC(1489) Concurrent Preclean 1.243ms
[2024-08-15T14:25:02.522+0000][6998.467s][info][gc,start    ] GC(1489) Pause Remark
[2024-08-15T14:25:02.545+0000][6998.490s][info][gc          ] GC(1489) Pause Remark 9621M->9621M(12288M) 22.876ms
[2024-08-15T14:25:02.545+0000][6998.490s][info][gc,cpu      ] GC(1489) User=0.09s Sys=0.00s Real=0.03s
[2024-08-15T14:25:02.545+0000][6998.490s][info][gc,marking  ] GC(1489) Concurrent Mark 2667.261ms
[2024-08-15T14:25:02.545+0000][6998.490s][info][gc,marking  ] GC(1489) Concurrent Rebuild Remembered Sets
[2024-08-15T14:25:02.566+0000][6998.511s][info][gc,start    ] GC(1490) Pause Young (Normal) (G1 Evacuation Pause)
[2024-08-15T14:25:02.566+0000][6998.511s][info][gc,task     ] GC(1490) Using 6 workers of 6 for evacuation
[2024-08-15T14:25:02.676+0000][6998.621s][info][gc,phases   ] GC(1490)   Pre Evacuate Collection Set: 0.2ms
[2024-08-15T14:25:02.676+0000][6998.621s][info][gc,phases   ] GC(1490)   Merge Heap Roots: 0.3ms
[2024-08-15T14:25:02.676+0000][6998.621s][info][gc,phases   ] GC(1490)   Evacuate Collection Set: 91.4ms
[2024-08-15T14:25:02.676+0000][6998.621s][info][gc,phases   ] GC(1490)   Post Evacuate Collection Set: 18.3ms
[2024-08-15T14:25:02.676+0000][6998.621s][info][gc,phases   ] GC(1490)   Other: 0.2ms
[2024-08-15T14:25:02.676+0000][6998.621s][info][gc,heap     ] GC(1490) Eden regions: 749->0(743)
[2024-08-15T14:25:02.676+0000][6998.621s][info][gc,heap     ] GC(1490) Survivor regions: 18->21(96)
[2024-08-15T14:25:02.676+0000][6998.621s][info][gc,heap     ] GC(1490) Old regions: 436->436
[2024-08-15T14:25:02.676+0000][6998.621s][info][gc,heap     ] GC(1490) Archive regions: 2->2
[2024-08-15T14:25:02.676+0000][6998.621s][info][gc,heap     ] GC(1490) Humongous regions: 5->5
[2024-08-15T14:25:02.676+0000][6998.621s][info][gc,metaspace] GC(1490) Metaspace: 441592K(447936K)->441592K(447936K) NonClass: 386594K(390208K)->386594K(390208K) Class: 54997K(57728K)->54997K(57728K)
[2024-08-15T14:25:02.676+0000][6998.621s][info][gc          ] GC(1490) Pause Young (Normal) (G1 Evacuation Pause) 9665M->3699M(12288M) 110.429ms
[2024-08-15T14:25:02.676+0000][6998.621s][info][gc,cpu      ] GC(1490) User=0.64s Sys=0.00s Real=0.11s
[2024-08-15T14:25:04.132+0000][7000.077s][info][gc,marking  ] GC(1489) Concurrent Rebuild Remembered Sets 1586.807ms
[2024-08-15T14:25:04.132+0000][7000.077s][info][gc,start    ] GC(1489) Pause Cleanup
[2024-08-15T14:25:04.133+0000][7000.077s][info][gc          ] GC(1489) Pause Cleanup 7211M->7211M(12288M) 0.594ms
[2024-08-15T14:25:04.133+0000][7000.077s][info][gc,cpu      ] GC(1489) User=0.00s Sys=0.00s Real=0.00s
[2024-08-15T14:25:04.133+0000][7000.078s][info][gc,marking  ] GC(1489) Concurrent Cleanup for Next Mark
[2024-08-15T14:25:04.149+0000][7000.094s][info][gc,marking  ] GC(1489) Concurrent Cleanup for Next Mark 16.157ms
[2024-08-15T14:25:04.149+0000][7000.094s][info][gc          ] GC(1489) Concurrent Mark Cycle 4343.731ms
[2024-08-15T14:25:05.032+0000][7000.977s][info][gc,start    ] GC(1491) Pause Young (Prepare Mixed) (G1 Evacuation Pause)
[2024-08-15T14:25:05.032+0000][7000.977s][info][gc,task     ] GC(1491) Using 6 workers of 6 for evacuation
[2024-08-15T14:25:05.176+0000][7001.120s][info][gc,phases   ] GC(1491)   Pre Evacuate Collection Set: 0.2ms
[2024-08-15T14:25:05.176+0000][7001.120s][info][gc,phases   ] GC(1491)   Merge Heap Roots: 1.1ms
[2024-08-15T14:25:05.176+0000][7001.120s][info][gc,phases   ] GC(1491)   Evacuate Collection Set: 118.5ms
[2024-08-15T14:25:05.176+0000][7001.120s][info][gc,phases   ] GC(1491)   Post Evacuate Collection Set: 23.8ms
[2024-08-15T14:25:05.176+0000][7001.120s][info][gc,phases   ] GC(1491)   Other: 0.2ms
[2024-08-15T14:25:05.176+0000][7001.120s][info][gc,heap     ] GC(1491) Eden regions: 743->0(52)
[2024-08-15T14:25:05.176+0000][7001.120s][info][gc,heap     ] GC(1491) Survivor regions: 21->24(96)
[2024-08-15T14:25:05.176+0000][7001.120s][info][gc,heap     ] GC(1491) Old regions: 436->436
[2024-08-15T14:25:05.176+0000][7001.120s][info][gc,heap     ] GC(1491) Archive regions: 2->2
[2024-08-15T14:25:05.176+0000][7001.120s][info][gc,heap     ] GC(1491) Humongous regions: 5->5
[2024-08-15T14:25:05.176+0000][7001.120s][info][gc,metaspace] GC(1491) Metaspace: 441592K(447936K)->441592K(447936K) NonClass: 386594K(390208K)->386594K(390208K) Class: 54997K(57728K)->54997K(57728K)
[2024-08-15T14:25:05.176+0000][7001.120s][info][gc          ] GC(1491) Pause Young (Prepare Mixed) (G1 Evacuation Pause) 9643M->3724M(12288M) 143.861ms
[2024-08-15T14:25:05.176+0000][7001.120s][info][gc,cpu      ] GC(1491) User=0.83s Sys=0.00s Real=0.15s
[2024-08-15T14:25:05.362+0000][7001.307s][info][gc,start    ] GC(1492) Pause Young (Mixed) (G1 Evacuation Pause)
[2024-08-15T14:25:05.362+0000][7001.307s][info][gc,task     ] GC(1492) Using 6 workers of 6 for evacuation
[2024-08-15T14:25:05.483+0000][7001.427s][info][gc,phases   ] GC(1492)   Pre Evacuate Collection Set: 0.2ms
[2024-08-15T14:25:05.483+0000][7001.428s][info][gc,phases   ] GC(1492)   Merge Heap Roots: 0.4ms
[2024-08-15T14:25:05.483+0000][7001.428s][info][gc,phases   ] GC(1492)   Evacuate Collection Set: 117.5ms
[2024-08-15T14:25:05.483+0000][7001.428s][info][gc,phases   ] GC(1492)   Post Evacuate Collection Set: 2.7ms
[2024-08-15T14:25:05.483+0000][7001.428s][info][gc,phases   ] GC(1492)   Other: 0.2ms
[2024-08-15T14:25:05.483+0000][7001.428s][info][gc,heap     ] GC(1492) Eden regions: 52->0(753)
[2024-08-15T14:25:05.483+0000][7001.428s][info][gc,heap     ] GC(1492) Survivor regions: 24->3(10)
[2024-08-15T14:25:05.483+0000][7001.428s][info][gc,heap     ] GC(1492) Old regions: 436->448
[2024-08-15T14:25:05.483+0000][7001.428s][info][gc,heap     ] GC(1492) Archive regions: 2->2
[2024-08-15T14:25:05.483+0000][7001.428s][info][gc,heap     ] GC(1492) Humongous regions: 5->5
[2024-08-15T14:25:05.483+0000][7001.428s][info][gc,metaspace] GC(1492) Metaspace: 441592K(447936K)->441592K(447936K) NonClass: 386594K(390208K)->386594K(390208K) Class: 54997K(57728K)->54997K(57728K)
[2024-08-15T14:25:05.483+0000][7001.428s][info][gc          ] GC(1492) Pause Young (Mixed) (G1 Evacuation Pause) 4140M->3652M(12288M) 121.007ms
[2024-08-15T14:25:05.483+0000][7001.428s][info][gc,cpu      ] GC(1492) User=0.72s Sys=0.00s Real=0.12s
[2024-08-15T14:25:07.713+0000][7003.657s][info][gc,start    ] GC(1493) Pause Young (Normal) (G1 Evacuation Pause)
[2024-08-15T14:25:07.713+0000][7003.657s][info][gc,task     ] GC(1493) Using 6 workers of 6 for evacuation
[2024-08-15T14:25:07.785+0000][7003.729s][info][gc,phases   ] GC(1493)   Pre Evacuate Collection Set: 0.2ms
[2024-08-15T14:25:07.785+0000][7003.729s][info][gc,phases   ] GC(1493)   Merge Heap Roots: 0.3ms
[2024-08-15T14:25:07.785+0000][7003.729s][info][gc,phases   ] GC(1493)   Evacuate Collection Set: 54.1ms
[2024-08-15T14:25:07.785+0000][7003.729s][info][gc,phases   ] GC(1493)   Post Evacuate Collection Set: 17.3ms
[2024-08-15T14:25:07.785+0000][7003.729s][info][gc,phases   ] GC(1493)   Other: 0.2ms
[2024-08-15T14:25:07.785+0000][7003.729s][info][gc,heap     ] GC(1493) Eden regions: 753->0(751)
[2024-08-15T14:25:07.785+0000][7003.729s][info][gc,heap     ] GC(1493) Survivor regions: 3->6(95)
[2024-08-15T14:25:07.785+0000][7003.729s][info][gc,heap     ] GC(1493) Old regions: 448->448
[2024-08-15T14:25:07.785+0000][7003.729s][info][gc,heap     ] GC(1493) Archive regions: 2->2
[2024-08-15T14:25:07.785+0000][7003.729s][info][gc,heap     ] GC(1493) Humongous regions: 5->5
[2024-08-15T14:25:07.785+0000][7003.729s][info][gc,metaspace] GC(1493) Metaspace: 441592K(447936K)->441592K(447936K) NonClass: 386594K(390208K)->386594K(390208K) Class: 54997K(57728K)->54997K(57728K)
[2024-08-15T14:25:07.785+0000][7003.730s][info][gc          ] GC(1493) Pause Young (Normal) (G1 Evacuation Pause) 9676M->3674M(12288M) 72.160ms
[2024-08-15T14:25:07.785+0000][7003.730s][info][gc,cpu      ] GC(1493) User=0.42s Sys=0.00s Real=0.08s
[2024-08-15T14:25:10.124+0000][7006.069s][info][gc,start    ] GC(1494) Pause Young (Normal) (G1 Evacuation Pause)
[2024-08-15T14:25:10.125+0000][7006.069s][info][gc,task     ] GC(1494) Using 6 workers of 6 for evacuation
[2024-08-15T14:25:10.213+0000][7006.157s][info][gc,phases   ] GC(1494)   Pre Evacuate Collection Set: 0.2ms
[2024-08-15T14:25:10.213+0000][7006.157s][info][gc,phases   ] GC(1494)   Merge Heap Roots: 0.4ms
[2024-08-15T14:25:10.213+0000][7006.157s][info][gc,phases   ] GC(1494)   Evacuate Collection Set: 68.9ms
[2024-08-15T14:25:10.213+0000][7006.157s][info][gc,phases   ] GC(1494)   Post Evacuate Collection Set: 18.6ms
[2024-08-15T14:25:10.213+0000][7006.157s][info][gc,phases   ] GC(1494)   Other: 0.2ms
[2024-08-15T14:25:10.213+0000][7006.157s][info][gc,heap     ] GC(1494) Eden regions: 751->0(747)
[2024-08-15T14:25:10.213+0000][7006.157s][info][gc,heap     ] GC(1494) Survivor regions: 6->10(95)
[2024-08-15T14:25:10.213+0000][7006.157s][info][gc,heap     ] GC(1494) Old regions: 448->448
[2024-08-15T14:25:10.213+0000][7006.157s][info][gc,heap     ] GC(1494) Archive regions: 2->2
[2024-08-15T14:25:10.213+0000][7006.157s][info][gc,heap     ] GC(1494) Humongous regions: 5->5
[2024-08-15T14:25:10.213+0000][7006.157s][info][gc,metaspace] GC(1494) Metaspace: 441595K(447936K)->441595K(447936K) NonClass: 386597K(390208K)->386597K(390208K) Class: 54997K(57728K)->54997K(57728K)
[2024-08-15T14:25:10.213+0000][7006.157s][info][gc          ] GC(1494) Pause Young (Normal) (G1 Evacuation Pause) 9682M->3706M(12288M) 88.360ms
[2024-08-15T14:25:10.213+0000][7006.158s][info][gc,cpu      ] GC(1494) User=0.51s Sys=0.00s Real=0.08s
[2024-08-15T14:25:12.592+0000][7008.537s][info][gc,start    ] GC(1495) Pause Young (Concurrent Start) (G1 Evacuation Pause)
[2024-08-15T14:25:12.592+0000][7008.537s][info][gc,task     ] GC(1495) Using 6 workers of 6 for evacuation
[2024-08-15T14:25:12.697+0000][7008.641s][info][gc,phases   ] GC(1495)   Pre Evacuate Collection Set: 0.6ms
[2024-08-15T14:25:12.697+0000][7008.641s][info][gc,phases   ] GC(1495)   Merge Heap Roots: 0.4ms
[2024-08-15T14:25:12.697+0000][7008.641s][info][gc,phases   ] GC(1495)   Evacuate Collection Set: 81.7ms
[2024-08-15T14:25:12.697+0000][7008.641s][info][gc,phases   ] GC(1495)   Post Evacuate Collection Set: 21.6ms
[2024-08-15T14:25:12.697+0000][7008.641s][info][gc,phases   ] GC(1495)   Other: 0.3ms
[2024-08-15T14:25:12.697+0000][7008.641s][info][gc,heap     ] GC(1495) Eden regions: 747->0(743)
[2024-08-15T14:25:12.697+0000][7008.641s][info][gc,heap     ] GC(1495) Survivor regions: 10->14(95)
[2024-08-15T14:25:12.697+0000][7008.641s][info][gc,heap     ] GC(1495) Old regions: 448->448
[2024-08-15T14:25:12.697+0000][7008.641s][info][gc,heap     ] GC(1495) Archive regions: 2->2
[2024-08-15T14:25:12.697+0000][7008.641s][info][gc,heap     ] GC(1495) Humongous regions: 5->5
[2024-08-15T14:25:12.697+0000][7008.641s][info][gc,metaspace] GC(1495) Metaspace: 441595K(447936K)->441595K(447936K) NonClass: 386597K(390208K)->386597K(390208K) Class: 54997K(57728K)->54997K(57728K)
[2024-08-15T14:25:12.697+0000][7008.641s][info][gc          ] GC(1495) Pause Young (Concurrent Start) (G1 Evacuation Pause) 9682M->3740M(12288M) 104.723ms
[2024-08-15T14:25:12.697+0000][7008.641s][info][gc,cpu      ] GC(1495) User=0.60s Sys=0.00s Real=0.11s
[2024-08-15T14:25:12.697+0000][7008.641s][info][gc          ] GC(1496) Concurrent Mark Cycle
[2024-08-15T14:25:12.697+0000][7008.641s][info][gc,marking  ] GC(1496) Concurrent Clear Claimed Marks
[2024-08-15T14:25:12.697+0000][7008.642s][info][gc,marking  ] GC(1496) Concurrent Clear Claimed Marks 0.457ms
[2024-08-15T14:25:12.697+0000][7008.642s][info][gc,marking  ] GC(1496) Concurrent Scan Root Regions
[2024-08-15T14:25:12.742+0000][7008.687s][info][gc,marking  ] GC(1496) Concurrent Scan Root Regions 44.997ms
[2024-08-15T14:25:12.742+0000][7008.687s][info][gc,marking  ] GC(1496) Concurrent Mark
[2024-08-15T14:25:12.742+0000][7008.687s][info][gc,marking  ] GC(1496) Concurrent Mark From Roots
[2024-08-15T14:25:12.742+0000][7008.687s][info][gc,task     ] GC(1496) Using 2 workers of 2 for marking
[2024-08-15T14:25:15.460+0000][7011.404s][info][gc,marking  ] GC(1496) Concurrent Mark From Roots 2717.250ms
[2024-08-15T14:25:15.460+0000][7011.404s][info][gc,marking  ] GC(1496) Concurrent Preclean
[2024-08-15T14:25:15.461+0000][7011.406s][info][gc,marking  ] GC(1496) Concurrent Preclean 1.576ms
[2024-08-15T14:25:15.461+0000][7011.406s][info][gc,start    ] GC(1496) Pause Remark
[2024-08-15T14:25:15.485+0000][7011.430s][info][gc          ] GC(1496) Pause Remark 9560M->9560M(12288M) 23.825ms
[2024-08-15T14:25:15.485+0000][7011.430s][info][gc,cpu      ] GC(1496) User=0.10s Sys=0.00s Real=0.03s
[2024-08-15T14:25:15.485+0000][7011.430s][info][gc,marking  ] GC(1496) Concurrent Mark 2743.042ms
[2024-08-15T14:25:15.485+0000][7011.430s][info][gc,marking  ] GC(1496) Concurrent Rebuild Remembered Sets
[2024-08-15T14:25:15.559+0000][7011.504s][info][gc,start    ] GC(1497) Pause Young (Normal) (G1 Evacuation Pause)
[2024-08-15T14:25:15.559+0000][7011.504s][info][gc,task     ] GC(1497) Using 6 workers of 6 for evacuation
[2024-08-15T14:25:15.672+0000][7011.617s][info][gc,phases   ] GC(1497)   Pre Evacuate Collection Set: 0.2ms
[2024-08-15T14:25:15.672+0000][7011.617s][info][gc,phases   ] GC(1497)   Merge Heap Roots: 0.5ms
[2024-08-15T14:25:15.672+0000][7011.617s][info][gc,phases   ] GC(1497)   Evacuate Collection Set: 92.2ms
[2024-08-15T14:25:15.672+0000][7011.617s][info][gc,phases   ] GC(1497)   Post Evacuate Collection Set: 19.5ms
[2024-08-15T14:25:15.672+0000][7011.617s][info][gc,phases   ] GC(1497)   Other: 0.2ms
[2024-08-15T14:25:15.672+0000][7011.617s][info][gc,heap     ] GC(1497) Eden regions: 743->0(737)
[2024-08-15T14:25:15.672+0000][7011.617s][info][gc,heap     ] GC(1497) Survivor regions: 14->18(95)
[2024-08-15T14:25:15.672+0000][7011.617s][info][gc,heap     ] GC(1497) Old regions: 448->448
[2024-08-15T14:25:15.672+0000][7011.617s][info][gc,heap     ] GC(1497) Archive regions: 2->2
[2024-08-15T14:25:15.672+0000][7011.617s][info][gc,heap     ] GC(1497) Humongous regions: 5->5
[2024-08-15T14:25:15.672+0000][7011.617s][info][gc,metaspace] GC(1497) Metaspace: 441595K(447936K)->441595K(447936K) NonClass: 386597K(390208K)->386597K(390208K) Class: 54997K(57728K)->54997K(57728K)
[2024-08-15T14:25:15.672+0000][7011.617s][info][gc          ] GC(1497) Pause Young (Normal) (G1 Evacuation Pause) 9684M->3772M(12288M) 112.643ms
[2024-08-15T14:25:15.672+0000][7011.617s][info][gc,cpu      ] GC(1497) User=0.66s Sys=0.00s Real=0.11s
[2024-08-15T14:25:17.016+0000][7012.961s][info][gc,marking  ] GC(1496) Concurrent Rebuild Remembered Sets 1531.086ms
[2024-08-15T14:25:17.017+0000][7012.961s][info][gc,start    ] GC(1496) Pause Cleanup
[2024-08-15T14:25:17.017+0000][7012.962s][info][gc          ] GC(1496) Pause Cleanup 6844M->6844M(12288M) 0.683ms
[2024-08-15T14:25:17.017+0000][7012.962s][info][gc,cpu      ] GC(1496) User=0.00s Sys=0.00s Real=0.00s
[2024-08-15T14:25:17.017+0000][7012.962s][info][gc,marking  ] GC(1496) Concurrent Cleanup for Next Mark
[2024-08-15T14:25:17.034+0000][7012.978s][info][gc,marking  ] GC(1496) Concurrent Cleanup for Next Mark 16.488ms
[2024-08-15T14:25:17.034+0000][7012.979s][info][gc          ] GC(1496) Concurrent Mark Cycle 4337.170ms
[2024-08-15T14:25:18.230+0000][7014.174s][info][gc,start    ] GC(1498) Pause Young (Prepare Mixed) (G1 Evacuation Pause)
[2024-08-15T14:25:18.230+0000][7014.174s][info][gc,task     ] GC(1498) Using 6 workers of 6 for evacuation
[2024-08-15T14:25:18.355+0000][7014.300s][info][gc,phases   ] GC(1498)   Pre Evacuate Collection Set: 0.2ms
[2024-08-15T14:25:18.355+0000][7014.300s][info][gc,phases   ] GC(1498)   Merge Heap Roots: 0.7ms
[2024-08-15T14:25:18.355+0000][7014.300s][info][gc,phases   ] GC(1498)   Evacuate Collection Set: 106.8ms
[2024-08-15T14:25:18.355+0000][7014.300s][info][gc,phases   ] GC(1498)   Post Evacuate Collection Set: 17.8ms
[2024-08-15T14:25:18.355+0000][7014.300s][info][gc,phases   ] GC(1498)   Other: 0.2ms
[2024-08-15T14:25:18.355+0000][7014.300s][info][gc,heap     ] GC(1498) Eden regions: 737->0(52)
[2024-08-15T14:25:18.355+0000][7014.300s][info][gc,heap     ] GC(1498) Survivor regions: 18->24(95)
[2024-08-15T14:25:18.355+0000][7014.300s][info][gc,heap     ] GC(1498) Old regions: 448->448
[2024-08-15T14:25:18.355+0000][7014.300s][info][gc,heap     ] GC(1498) Archive regions: 2->2
[2024-08-15T14:25:18.355+0000][7014.300s][info][gc,heap     ] GC(1498) Humongous regions: 5->5
[2024-08-15T14:25:18.355+0000][7014.300s][info][gc,metaspace] GC(1498) Metaspace: 441595K(447936K)->441595K(447936K) NonClass: 386597K(390208K)->386597K(390208K) Class: 54997K(57728K)->54997K(57728K)
[2024-08-15T14:25:18.356+0000][7014.300s][info][gc          ] GC(1498) Pause Young (Prepare Mixed) (G1 Evacuation Pause) 9668M->3816M(12288M) 125.697ms
[2024-08-15T14:25:18.356+0000][7014.300s][info][gc,cpu      ] GC(1498) User=0.73s Sys=0.00s Real=0.13s
[2024-08-15T14:25:18.532+0000][7014.476s][info][gc,start    ] GC(1499) Pause Young (Mixed) (G1 Evacuation Pause)
[2024-08-15T14:25:18.532+0000][7014.476s][info][gc,task     ] GC(1499) Using 6 workers of 6 for evacuation
[2024-08-15T14:25:18.635+0000][7014.579s][info][gc,phases   ] GC(1499)   Pre Evacuate Collection Set: 0.2ms
[2024-08-15T14:25:18.635+0000][7014.579s][info][gc,phases   ] GC(1499)   Merge Heap Roots: 0.4ms
[2024-08-15T14:25:18.635+0000][7014.579s][info][gc,phases   ] GC(1499)   Evacuate Collection Set: 99.7ms
[2024-08-15T14:25:18.635+0000][7014.579s][info][gc,phases   ] GC(1499)   Post Evacuate Collection Set: 2.6ms
[2024-08-15T14:25:18.635+0000][7014.580s][info][gc,phases   ] GC(1499)   Other: 0.2ms
[2024-08-15T14:25:18.635+0000][7014.580s][info][gc,heap     ] GC(1499) Eden regions: 52->0(753)
[2024-08-15T14:25:18.635+0000][7014.580s][info][gc,heap     ] GC(1499) Survivor regions: 24->3(10)
[2024-08-15T14:25:18.635+0000][7014.580s][info][gc,heap     ] GC(1499) Old regions: 448->450
[2024-08-15T14:25:18.635+0000][7014.580s][info][gc,heap     ] GC(1499) Archive regions: 2->2
[2024-08-15T14:25:18.635+0000][7014.580s][info][gc,heap     ] GC(1499) Humongous regions: 5->5
[2024-08-15T14:25:18.635+0000][7014.580s][info][gc,metaspace] GC(1499) Metaspace: 441595K(447936K)->441595K(447936K) NonClass: 386597K(390208K)->386597K(390208K) Class: 54997K(57728K)->54997K(57728K)
[2024-08-15T14:25:18.635+0000][7014.580s][info][gc          ] GC(1499) Pause Young (Mixed) (G1 Evacuation Pause) 4232M->3667M(12288M) 103.134ms
[2024-08-15T14:25:18.635+0000][7014.580s][info][gc,cpu      ] GC(1499) User=0.61s Sys=0.00s Real=0.10s
[2024-08-15T14:25:22.570+0000][7018.515s][info][gc,start    ] GC(1500) Pause Young (Normal) (G1 Evacuation Pause)
[2024-08-15T14:25:22.570+0000][7018.515s][info][gc,task     ] GC(1500) Using 6 workers of 6 for evacuation
[2024-08-15T14:25:22.607+0000][7018.552s][info][gc,phases   ] GC(1500)   Pre Evacuate Collection Set: 0.2ms
[2024-08-15T14:25:22.607+0000][7018.552s][info][gc,phases   ] GC(1500)   Merge Heap Roots: 0.6ms
[2024-08-15T14:25:22.607+0000][7018.552s][info][gc,phases   ] GC(1500)   Evacuate Collection Set: 30.0ms
[2024-08-15T14:25:22.607+0000][7018.552s][info][gc,phases   ] GC(1500)   Post Evacuate Collection Set: 6.2ms
[2024-08-15T14:25:22.607+0000][7018.552s][info][gc,phases   ] GC(1500)   Other: 0.2ms
[2024-08-15T14:25:22.607+0000][7018.552s][info][gc,heap     ] GC(1500) Eden regions: 753->0(753)
[2024-08-15T14:25:22.607+0000][7018.552s][info][gc,heap     ] GC(1500) Survivor regions: 3->4(95)
[2024-08-15T14:25:22.607+0000][7018.552s][info][gc,heap     ] GC(1500) Old regions: 450->450
[2024-08-15T14:25:22.607+0000][7018.552s][info][gc,heap     ] GC(1500) Archive regions: 2->2
[2024-08-15T14:25:22.607+0000][7018.552s][info][gc,heap     ] GC(1500) Humongous regions: 5->5
[2024-08-15T14:25:22.607+0000][7018.552s][info][gc,metaspace] GC(1500) Metaspace: 441595K(447936K)->441595K(447936K) NonClass: 386597K(390208K)->386597K(390208K) Class: 54997K(57728K)->54997K(57728K)
[2024-08-15T14:25:22.607+0000][7018.552s][info][gc          ] GC(1500) Pause Young (Normal) (G1 Evacuation Pause) 9691M->3674M(12288M) 37.202ms
[2024-08-15T14:25:22.607+0000][7018.552s][info][gc,cpu      ] GC(1500) User=0.22s Sys=0.00s Real=0.04s
[2024-08-15T14:25:29.033+0000][7024.978s][info][gc,start    ] GC(1501) Pause Young (Normal) (G1 Evacuation Pause)
[2024-08-15T14:25:29.033+0000][7024.978s][info][gc,task     ] GC(1501) Using 6 workers of 6 for evacuation
[2024-08-15T14:25:29.051+0000][7024.995s][info][gc,phases   ] GC(1501)   Pre Evacuate Collection Set: 0.2ms
[2024-08-15T14:25:29.051+0000][7024.995s][info][gc,phases   ] GC(1501)   Merge Heap Roots: 0.3ms
[2024-08-15T14:25:29.051+0000][7024.995s][info][gc,phases   ] GC(1501)   Evacuate Collection Set: 14.9ms
[2024-08-15T14:25:29.051+0000][7024.995s][info][gc,phases   ] GC(1501)   Post Evacuate Collection Set: 1.7ms
[2024-08-15T14:25:29.051+0000][7024.995s][info][gc,phases   ] GC(1501)   Other: 0.2ms
[2024-08-15T14:25:29.051+0000][7024.995s][info][gc,heap     ] GC(1501) Eden regions: 753->0(751)
[2024-08-15T14:25:29.051+0000][7024.995s][info][gc,heap     ] GC(1501) Survivor regions: 4->6(95)
[2024-08-15T14:25:29.051+0000][7024.995s][info][gc,heap     ] GC(1501) Old regions: 450->450
[2024-08-15T14:25:29.051+0000][7024.995s][info][gc,heap     ] GC(1501) Archive regions: 2->2
[2024-08-15T14:25:29.051+0000][7024.995s][info][gc,heap     ] GC(1501) Humongous regions: 5->5
[2024-08-15T14:25:29.051+0000][7024.995s][info][gc,metaspace] GC(1501) Metaspace: 441595K(447936K)->441595K(447936K) NonClass: 386597K(390208K)->386597K(390208K) Class: 54997K(57728K)->54997K(57728K)
[2024-08-15T14:25:29.051+0000][7024.995s][info][gc          ] GC(1501) Pause Young (Normal) (G1 Evacuation Pause) 9698M->3687M(12288M) 17.420ms
[2024-08-15T14:25:29.051+0000][7024.995s][info][gc,cpu      ] GC(1501) User=0.10s Sys=0.00s Real=0.02s
[2024-08-15T14:25:37.219+0000][7033.163s][info][gc,start    ] GC(1502) Pause Young (Concurrent Start) (G1 Evacuation Pause)
[2024-08-15T14:25:37.219+0000][7033.164s][info][gc,task     ] GC(1502) Using 6 workers of 6 for evacuation
[2024-08-15T14:25:37.244+0000][7033.189s][info][gc,phases   ] GC(1502)   Pre Evacuate Collection Set: 0.6ms
[2024-08-15T14:25:37.244+0000][7033.189s][info][gc,phases   ] GC(1502)   Merge Heap Roots: 0.2ms
[2024-08-15T14:25:37.244+0000][7033.189s][info][gc,phases   ] GC(1502)   Evacuate Collection Set: 22.4ms
[2024-08-15T14:25:37.244+0000][7033.189s][info][gc,phases   ] GC(1502)   Post Evacuate Collection Set: 1.8ms
[2024-08-15T14:25:37.244+0000][7033.189s][info][gc,phases   ] GC(1502)   Other: 0.3ms
[2024-08-15T14:25:37.244+0000][7033.189s][info][gc,heap     ] GC(1502) Eden regions: 751->0(748)
[2024-08-15T14:25:37.244+0000][7033.189s][info][gc,heap     ] GC(1502) Survivor regions: 6->9(95)
[2024-08-15T14:25:37.244+0000][7033.189s][info][gc,heap     ] GC(1502) Old regions: 450->450
[2024-08-15T14:25:37.244+0000][7033.189s][info][gc,heap     ] GC(1502) Archive regions: 2->2
[2024-08-15T14:25:37.244+0000][7033.189s][info][gc,heap     ] GC(1502) Humongous regions: 5->5
[2024-08-15T14:25:37.244+0000][7033.189s][info][gc,metaspace] GC(1502) Metaspace: 441595K(447936K)->441595K(447936K) NonClass: 386597K(390208K)->386597K(390208K) Class: 54997K(57728K)->54997K(57728K)
[2024-08-15T14:25:37.244+0000][7033.189s][info][gc          ] GC(1502) Pause Young (Concurrent Start) (G1 Evacuation Pause) 9695M->3713M(12288M) 25.363ms
[2024-08-15T14:25:37.244+0000][7033.189s][info][gc,cpu      ] GC(1502) User=0.15s Sys=0.01s Real=0.03s
[2024-08-15T14:25:37.244+0000][7033.189s][info][gc          ] GC(1503) Concurrent Mark Cycle
[2024-08-15T14:25:37.244+0000][7033.189s][info][gc,marking  ] GC(1503) Concurrent Clear Claimed Marks
[2024-08-15T14:25:37.245+0000][7033.189s][info][gc,marking  ] GC(1503) Concurrent Clear Claimed Marks 0.429ms
[2024-08-15T14:25:37.245+0000][7033.189s][info][gc,marking  ] GC(1503) Concurrent Scan Root Regions
[2024-08-15T14:25:37.261+0000][7033.205s][info][gc,marking  ] GC(1503) Concurrent Scan Root Regions 16.040ms
[2024-08-15T14:25:37.261+0000][7033.205s][info][gc,marking  ] GC(1503) Concurrent Mark
[2024-08-15T14:25:37.261+0000][7033.205s][info][gc,marking  ] GC(1503) Concurrent Mark From Roots
[2024-08-15T14:25:37.261+0000][7033.205s][info][gc,task     ] GC(1503) Using 2 workers of 2 for marking
[2024-08-15T14:25:40.163+0000][7036.108s][info][gc,marking  ] GC(1503) Concurrent Mark From Roots 2902.031ms
[2024-08-15T14:25:40.163+0000][7036.108s][info][gc,marking  ] GC(1503) Concurrent Preclean
[2024-08-15T14:25:40.164+0000][7036.109s][info][gc,marking  ] GC(1503) Concurrent Preclean 1.515ms
[2024-08-15T14:25:40.165+0000][7036.109s][info][gc,start    ] GC(1503) Pause Remark
[2024-08-15T14:25:40.190+0000][7036.134s][info][gc          ] GC(1503) Pause Remark 5857M->5857M(12288M) 24.877ms
[2024-08-15T14:25:40.190+0000][7036.134s][info][gc,cpu      ] GC(1503) User=0.10s Sys=0.00s Real=0.02s
[2024-08-15T14:25:40.190+0000][7036.134s][info][gc,marking  ] GC(1503) Concurrent Mark 2928.883ms
[2024-08-15T14:25:40.190+0000][7036.134s][info][gc,marking  ] GC(1503) Concurrent Rebuild Remembered Sets
[2024-08-15T14:25:41.725+0000][7037.670s][info][gc,marking  ] GC(1503) Concurrent Rebuild Remembered Sets 1535.539ms
[2024-08-15T14:25:41.725+0000][7037.670s][info][gc,start    ] GC(1503) Pause Cleanup
[2024-08-15T14:25:41.726+0000][7037.671s][info][gc          ] GC(1503) Pause Cleanup 6965M->6965M(12288M) 0.737ms
[2024-08-15T14:25:41.726+0000][7037.671s][info][gc,cpu      ] GC(1503) User=0.00s Sys=0.00s Real=0.00s
[2024-08-15T14:25:41.726+0000][7037.671s][info][gc,marking  ] GC(1503) Concurrent Cleanup for Next Mark
[2024-08-15T14:25:41.744+0000][7037.689s][info][gc,marking  ] GC(1503) Concurrent Cleanup for Next Mark 17.573ms
[2024-08-15T14:25:41.744+0000][7037.689s][info][gc          ] GC(1503) Concurrent Mark Cycle 4499.689ms
[2024-08-15T14:25:45.548+0000][7041.492s][info][gc,start    ] GC(1504) Pause Young (Prepare Mixed) (G1 Evacuation Pause)
[2024-08-15T14:25:45.548+0000][7041.492s][info][gc,task     ] GC(1504) Using 6 workers of 6 for evacuation
[2024-08-15T14:25:45.576+0000][7041.521s][info][gc,phases   ] GC(1504)   Pre Evacuate Collection Set: 0.2ms
[2024-08-15T14:25:45.576+0000][7041.521s][info][gc,phases   ] GC(1504)   Merge Heap Roots: 0.3ms
[2024-08-15T14:25:45.576+0000][7041.521s][info][gc,phases   ] GC(1504)   Evacuate Collection Set: 26.1ms
[2024-08-15T14:25:45.576+0000][7041.521s][info][gc,phases   ] GC(1504)   Post Evacuate Collection Set: 1.9ms
[2024-08-15T14:25:45.576+0000][7041.521s][info][gc,phases   ] GC(1504)   Other: 0.2ms
[2024-08-15T14:25:45.576+0000][7041.521s][info][gc,heap     ] GC(1504) Eden regions: 748->0(66)
[2024-08-15T14:25:45.576+0000][7041.521s][info][gc,heap     ] GC(1504) Survivor regions: 9->10(95)
[2024-08-15T14:25:45.576+0000][7041.521s][info][gc,heap     ] GC(1504) Old regions: 450->450
[2024-08-15T14:25:45.576+0000][7041.521s][info][gc,heap     ] GC(1504) Archive regions: 2->2
[2024-08-15T14:25:45.576+0000][7041.521s][info][gc,heap     ] GC(1504) Humongous regions: 5->5
[2024-08-15T14:25:45.576+0000][7041.521s][info][gc,metaspace] GC(1504) Metaspace: 441597K(448000K)->441597K(448000K) NonClass: 386599K(390272K)->386599K(390272K) Class: 54997K(57728K)->54997K(57728K)
[2024-08-15T14:25:45.576+0000][7041.521s][info][gc          ] GC(1504) Pause Young (Prepare Mixed) (G1 Evacuation Pause) 9697M->3723M(12288M) 28.789ms
[2024-08-15T14:25:45.576+0000][7041.521s][info][gc,cpu      ] GC(1504) User=0.17s Sys=0.00s Real=0.03s
[2024-08-15T14:25:46.277+0000][7042.221s][info][gc,start    ] GC(1505) Pause Young (Mixed) (G1 Evacuation Pause)
[2024-08-15T14:25:46.277+0000][7042.222s][info][gc,task     ] GC(1505) Using 6 workers of 6 for evacuation
[2024-08-15T14:25:46.347+0000][7042.291s][info][gc,phases   ] GC(1505)   Pre Evacuate Collection Set: 0.2ms
[2024-08-15T14:25:46.347+0000][7042.291s][info][gc,phases   ] GC(1505)   Merge Heap Roots: 0.4ms
[2024-08-15T14:25:46.347+0000][7042.291s][info][gc,phases   ] GC(1505)   Evacuate Collection Set: 67.7ms
[2024-08-15T14:25:46.347+0000][7042.291s][info][gc,phases   ] GC(1505)   Post Evacuate Collection Set: 1.4ms
[2024-08-15T14:25:46.347+0000][7042.291s][info][gc,phases   ] GC(1505)   Other: 0.2ms
[2024-08-15T14:25:46.347+0000][7042.291s][info][gc,heap     ] GC(1505) Eden regions: 66->0(761)
[2024-08-15T14:25:46.347+0000][7042.291s][info][gc,heap     ] GC(1505) Survivor regions: 10->5(10)
[2024-08-15T14:25:46.347+0000][7042.291s][info][gc,heap     ] GC(1505) Old regions: 450->441
[2024-08-15T14:25:46.347+0000][7042.291s][info][gc,heap     ] GC(1505) Archive regions: 2->2
[2024-08-15T14:25:46.347+0000][7042.291s][info][gc,heap     ] GC(1505) Humongous regions: 5->5
[2024-08-15T14:25:46.347+0000][7042.291s][info][gc,metaspace] GC(1505) Metaspace: 441597K(448000K)->441597K(448000K) NonClass: 386599K(390272K)->386599K(390272K) Class: 54997K(57728K)->54997K(57728K)
[2024-08-15T14:25:46.347+0000][7042.291s][info][gc          ] GC(1505) Pause Young (Mixed) (G1 Evacuation Pause) 4251M->3601M(12288M) 69.877ms
[2024-08-15T14:25:46.347+0000][7042.291s][info][gc,cpu      ] GC(1505) User=0.42s Sys=0.00s Real=0.07s
[2024-08-15T14:25:54.478+0000][7050.423s][info][gc,start    ] GC(1506) Pause Young (Normal) (G1 Evacuation Pause)
[2024-08-15T14:25:54.478+0000][7050.423s][info][gc,task     ] GC(1506) Using 6 workers of 6 for evacuation
[2024-08-15T14:25:54.500+0000][7050.445s][info][gc,phases   ] GC(1506)   Pre Evacuate Collection Set: 0.2ms
[2024-08-15T14:25:54.500+0000][7050.445s][info][gc,phases   ] GC(1506)   Merge Heap Roots: 0.2ms
[2024-08-15T14:25:54.500+0000][7050.445s][info][gc,phases   ] GC(1506)   Evacuate Collection Set: 19.9ms
[2024-08-15T14:25:54.500+0000][7050.445s][info][gc,phases   ] GC(1506)   Post Evacuate Collection Set: 1.6ms
[2024-08-15T14:25:54.500+0000][7050.445s][info][gc,phases   ] GC(1506)   Other: 0.2ms
[2024-08-15T14:25:54.500+0000][7050.445s][info][gc,heap     ] GC(1506) Eden regions: 761->0(759)
[2024-08-15T14:25:54.500+0000][7050.445s][info][gc,heap     ] GC(1506) Survivor regions: 5->7(96)
[2024-08-15T14:25:54.500+0000][7050.445s][info][gc,heap     ] GC(1506) Old regions: 441->441
[2024-08-15T14:25:54.500+0000][7050.445s][info][gc,heap     ] GC(1506) Archive regions: 2->2
[2024-08-15T14:25:54.500+0000][7050.445s][info][gc,heap     ] GC(1506) Humongous regions: 5->5
[2024-08-15T14:25:54.500+0000][7050.445s][info][gc,metaspace] GC(1506) Metaspace: 441597K(448000K)->441597K(448000K) NonClass: 386599K(390272K)->386599K(390272K) Class: 54997K(57728K)->54997K(57728K)
[2024-08-15T14:25:54.500+0000][7050.445s][info][gc          ] GC(1506) Pause Young (Normal) (G1 Evacuation Pause) 9689M->3623M(12288M) 22.224ms
[2024-08-15T14:25:54.500+0000][7050.445s][info][gc,cpu      ] GC(1506) User=0.13s Sys=0.00s Real=0.02s
[2024-08-15T14:26:02.718+0000][7058.662s][info][gc,start    ] GC(1507) Pause Young (Normal) (G1 Evacuation Pause)
[2024-08-15T14:26:02.718+0000][7058.662s][info][gc,task     ] GC(1507) Using 6 workers of 6 for evacuation
[2024-08-15T14:26:02.745+0000][7058.690s][info][gc,phases   ] GC(1507)   Pre Evacuate Collection Set: 0.2ms
[2024-08-15T14:26:02.745+0000][7058.690s][info][gc,phases   ] GC(1507)   Merge Heap Roots: 0.2ms
[2024-08-15T14:26:02.745+0000][7058.690s][info][gc,phases   ] GC(1507)   Evacuate Collection Set: 25.4ms
[2024-08-15T14:26:02.745+0000][7058.690s][info][gc,phases   ] GC(1507)   Post Evacuate Collection Set: 1.6ms
[2024-08-15T14:26:02.745+0000][7058.690s][info][gc,phases   ] GC(1507)   Other: 0.2ms
[2024-08-15T14:26:02.745+0000][7058.690s][info][gc,heap     ] GC(1507) Eden regions: 759->0(755)
[2024-08-15T14:26:02.745+0000][7058.690s][info][gc,heap     ] GC(1507) Survivor regions: 7->11(96)
[2024-08-15T14:26:02.745+0000][7058.690s][info][gc,heap     ] GC(1507) Old regions: 441->441
[2024-08-15T14:26:02.745+0000][7058.690s][info][gc,heap     ] GC(1507) Archive regions: 2->2
[2024-08-15T14:26:02.745+0000][7058.690s][info][gc,heap     ] GC(1507) Humongous regions: 5->5
[2024-08-15T14:26:02.745+0000][7058.690s][info][gc,metaspace] GC(1507) Metaspace: 441598K(448000K)->441598K(448000K) NonClass: 386600K(390272K)->386600K(390272K) Class: 54997K(57728K)->54997K(57728K)
[2024-08-15T14:26:02.745+0000][7058.690s][info][gc          ] GC(1507) Pause Young (Normal) (G1 Evacuation Pause) 9695M->3650M(12288M) 27.651ms
[2024-08-15T14:26:02.745+0000][7058.690s][info][gc,cpu      ] GC(1507) User=0.16s Sys=0.00s Real=0.03s
[2024-08-15T14:26:10.696+0000][7066.640s][info][gc,start    ] GC(1508) Pause Young (Concurrent Start) (G1 Evacuation Pause)
[2024-08-15T14:26:10.696+0000][7066.640s][info][gc,task     ] GC(1508) Using 6 workers of 6 for evacuation
[2024-08-15T14:26:10.726+0000][7066.671s][info][gc,phases   ] GC(1508)   Pre Evacuate Collection Set: 0.6ms
[2024-08-15T14:26:10.726+0000][7066.671s][info][gc,phases   ] GC(1508)   Merge Heap Roots: 0.2ms
[2024-08-15T14:26:10.726+0000][7066.671s][info][gc,phases   ] GC(1508)   Evacuate Collection Set: 27.6ms
[2024-08-15T14:26:10.726+0000][7066.671s][info][gc,phases   ] GC(1508)   Post Evacuate Collection Set: 1.7ms
[2024-08-15T14:26:10.726+0000][7066.671s][info][gc,phases   ] GC(1508)   Other: 0.3ms
[2024-08-15T14:26:10.726+0000][7066.671s][info][gc,heap     ] GC(1508) Eden regions: 755->0(752)
[2024-08-15T14:26:10.726+0000][7066.671s][info][gc,heap     ] GC(1508) Survivor regions: 11->14(96)
[2024-08-15T14:26:10.726+0000][7066.671s][info][gc,heap     ] GC(1508) Old regions: 441->441
[2024-08-15T14:26:10.726+0000][7066.671s][info][gc,heap     ] GC(1508) Archive regions: 2->2
[2024-08-15T14:26:10.726+0000][7066.671s][info][gc,heap     ] GC(1508) Humongous regions: 5->5
[2024-08-15T14:26:10.726+0000][7066.671s][info][gc,metaspace] GC(1508) Metaspace: 441598K(448000K)->441598K(448000K) NonClass: 386600K(390272K)->386600K(390272K) Class: 54997K(57728K)->54997K(57728K)
[2024-08-15T14:26:10.726+0000][7066.671s][info][gc          ] GC(1508) Pause Young (Concurrent Start) (G1 Evacuation Pause) 9690M->3675M(12288M) 30.589ms
[2024-08-15T14:26:10.726+0000][7066.671s][info][gc,cpu      ] GC(1508) User=0.17s Sys=0.00s Real=0.03s
[2024-08-15T14:26:10.726+0000][7066.671s][info][gc          ] GC(1509) Concurrent Mark Cycle
[2024-08-15T14:26:10.726+0000][7066.671s][info][gc,marking  ] GC(1509) Concurrent Clear Claimed Marks
[2024-08-15T14:26:10.727+0000][7066.671s][info][gc,marking  ] GC(1509) Concurrent Clear Claimed Marks 0.431ms
[2024-08-15T14:26:10.727+0000][7066.671s][info][gc,marking  ] GC(1509) Concurrent Scan Root Regions
[2024-08-15T14:26:10.749+0000][7066.693s][info][gc,marking  ] GC(1509) Concurrent Scan Root Regions 22.021ms
[2024-08-15T14:26:10.749+0000][7066.693s][info][gc,marking  ] GC(1509) Concurrent Mark
[2024-08-15T14:26:10.749+0000][7066.693s][info][gc,marking  ] GC(1509) Concurrent Mark From Roots
[2024-08-15T14:26:10.749+0000][7066.693s][info][gc,task     ] GC(1509) Using 2 workers of 2 for marking
[2024-08-15T14:26:13.693+0000][7069.638s][info][gc,marking  ] GC(1509) Concurrent Mark From Roots 2944.136ms
[2024-08-15T14:26:13.693+0000][7069.638s][info][gc,marking  ] GC(1509) Concurrent Preclean
[2024-08-15T14:26:13.695+0000][7069.639s][info][gc,marking  ] GC(1509) Concurrent Preclean 1.750ms
[2024-08-15T14:26:13.695+0000][7069.639s][info][gc,start    ] GC(1509) Pause Remark
[2024-08-15T14:26:13.718+0000][7069.663s][info][gc          ] GC(1509) Pause Remark 5643M->5643M(12288M) 23.569ms
[2024-08-15T14:26:13.718+0000][7069.663s][info][gc,cpu      ] GC(1509) User=0.10s Sys=0.00s Real=0.03s
[2024-08-15T14:26:13.719+0000][7069.663s][info][gc,marking  ] GC(1509) Concurrent Mark 2969.844ms
[2024-08-15T14:26:13.719+0000][7069.663s][info][gc,marking  ] GC(1509) Concurrent Rebuild Remembered Sets
[2024-08-15T14:26:15.247+0000][7071.192s][info][gc,marking  ] GC(1509) Concurrent Rebuild Remembered Sets 1528.457ms
[2024-08-15T14:26:15.247+0000][7071.192s][info][gc,start    ] GC(1509) Pause Cleanup
[2024-08-15T14:26:15.248+0000][7071.193s][info][gc          ] GC(1509) Pause Cleanup 6723M->6723M(12288M) 0.734ms
[2024-08-15T14:26:15.248+0000][7071.193s][info][gc,cpu      ] GC(1509) User=0.00s Sys=0.00s Real=0.00s
[2024-08-15T14:26:15.248+0000][7071.193s][info][gc,marking  ] GC(1509) Concurrent Cleanup for Next Mark
[2024-08-15T14:26:15.266+0000][7071.211s][info][gc,marking  ] GC(1509) Concurrent Cleanup for Next Mark 18.067ms
[2024-08-15T14:26:15.266+0000][7071.211s][info][gc          ] GC(1509) Concurrent Mark Cycle 4540.100ms
[2024-08-15T14:26:19.299+0000][7075.243s][info][gc,start    ] GC(1510) Pause Young (Prepare Mixed) (G1 Evacuation Pause)
[2024-08-15T14:26:19.299+0000][7075.243s][info][gc,task     ] GC(1510) Using 6 workers of 6 for evacuation
[2024-08-15T14:26:19.341+0000][7075.285s][info][gc,phases   ] GC(1510)   Pre Evacuate Collection Set: 0.2ms
[2024-08-15T14:26:19.341+0000][7075.285s][info][gc,phases   ] GC(1510)   Merge Heap Roots: 0.4ms
[2024-08-15T14:26:19.341+0000][7075.285s][info][gc,phases   ] GC(1510)   Evacuate Collection Set: 39.4ms
[2024-08-15T14:26:19.341+0000][7075.285s][info][gc,phases   ] GC(1510)   Post Evacuate Collection Set: 1.9ms
[2024-08-15T14:26:19.341+0000][7075.285s][info][gc,phases   ] GC(1510)   Other: 0.2ms
[2024-08-15T14:26:19.341+0000][7075.285s][info][gc,heap     ] GC(1510) Eden regions: 752->0(61)
[2024-08-15T14:26:19.341+0000][7075.285s][info][gc,heap     ] GC(1510) Survivor regions: 14->15(96)
[2024-08-15T14:26:19.341+0000][7075.285s][info][gc,heap     ] GC(1510) Old regions: 441->441
[2024-08-15T14:26:19.341+0000][7075.285s][info][gc,heap     ] GC(1510) Archive regions: 2->2
[2024-08-15T14:26:19.341+0000][7075.285s][info][gc,heap     ] GC(1510) Humongous regions: 5->5
[2024-08-15T14:26:19.341+0000][7075.285s][info][gc,metaspace] GC(1510) Metaspace: 441598K(448000K)->441598K(448000K) NonClass: 386600K(390272K)->386600K(390272K) Class: 54997K(57728K)->54997K(57728K)
[2024-08-15T14:26:19.341+0000][7075.285s][info][gc          ] GC(1510) Pause Young (Prepare Mixed) (G1 Evacuation Pause) 9691M->3682M(12288M) 42.106ms
[2024-08-15T14:26:19.341+0000][7075.285s][info][gc,cpu      ] GC(1510) User=0.25s Sys=0.00s Real=0.04s
[2024-08-15T14:26:20.012+0000][7075.957s][info][gc,start    ] GC(1511) Pause Young (Mixed) (G1 Evacuation Pause)
[2024-08-15T14:26:20.012+0000][7075.957s][info][gc,task     ] GC(1511) Using 6 workers of 6 for evacuation
[2024-08-15T14:26:20.100+0000][7076.045s][info][gc,phases   ] GC(1511)   Pre Evacuate Collection Set: 0.2ms
[2024-08-15T14:26:20.100+0000][7076.045s][info][gc,phases   ] GC(1511)   Merge Heap Roots: 0.4ms
[2024-08-15T14:26:20.100+0000][7076.045s][info][gc,phases   ] GC(1511)   Evacuate Collection Set: 85.5ms
[2024-08-15T14:26:20.100+0000][7076.045s][info][gc,phases   ] GC(1511)   Post Evacuate Collection Set: 1.3ms
[2024-08-15T14:26:20.100+0000][7076.045s][info][gc,phases   ] GC(1511)   Other: 0.2ms
[2024-08-15T14:26:20.100+0000][7076.045s][info][gc,heap     ] GC(1511) Eden regions: 61->0(765)
[2024-08-15T14:26:20.100+0000][7076.045s][info][gc,heap     ] GC(1511) Survivor regions: 15->5(10)
[2024-08-15T14:26:20.100+0000][7076.045s][info][gc,heap     ] GC(1511) Old regions: 441->437
[2024-08-15T14:26:20.100+0000][7076.045s][info][gc,heap     ] GC(1511) Archive regions: 2->2
[2024-08-15T14:26:20.100+0000][7076.045s][info][gc,heap     ] GC(1511) Humongous regions: 5->5
[2024-08-15T14:26:20.100+0000][7076.045s][info][gc,metaspace] GC(1511) Metaspace: 441598K(448000K)->441598K(448000K) NonClass: 386600K(390272K)->386600K(390272K) Class: 54997K(57728K)->54997K(57728K)
[2024-08-15T14:26:20.100+0000][7076.045s][info][gc          ] GC(1511) Pause Young (Mixed) (G1 Evacuation Pause) 4170M->3575M(12288M) 87.693ms
[2024-08-15T14:26:20.100+0000][7076.045s][info][gc,cpu      ] GC(1511) User=0.53s Sys=0.00s Real=0.09s
[2024-08-15T14:26:28.273+0000][7084.217s][info][gc,start    ] GC(1512) Pause Young (Normal) (G1 Evacuation Pause)
[2024-08-15T14:26:28.273+0000][7084.218s][info][gc,task     ] GC(1512) Using 6 workers of 6 for evacuation
[2024-08-15T14:26:28.294+0000][7084.239s][info][gc,phases   ] GC(1512)   Pre Evacuate Collection Set: 0.2ms
[2024-08-15T14:26:28.294+0000][7084.239s][info][gc,phases   ] GC(1512)   Merge Heap Roots: 0.2ms
[2024-08-15T14:26:28.294+0000][7084.239s][info][gc,phases   ] GC(1512)   Evacuate Collection Set: 19.2ms
[2024-08-15T14:26:28.294+0000][7084.239s][info][gc,phases   ] GC(1512)   Post Evacuate Collection Set: 1.7ms
[2024-08-15T14:26:28.294+0000][7084.239s][info][gc,phases   ] GC(1512)   Other: 0.2ms
[2024-08-15T14:26:28.294+0000][7084.239s][info][gc,heap     ] GC(1512) Eden regions: 765->0(760)
[2024-08-15T14:26:28.294+0000][7084.239s][info][gc,heap     ] GC(1512) Survivor regions: 5->9(97)
[2024-08-15T14:26:28.294+0000][7084.239s][info][gc,heap     ] GC(1512) Old regions: 437->437
[2024-08-15T14:26:28.294+0000][7084.239s][info][gc,heap     ] GC(1512) Archive regions: 2->2
[2024-08-15T14:26:28.294+0000][7084.239s][info][gc,heap     ] GC(1512) Humongous regions: 5->5
[2024-08-15T14:26:28.294+0000][7084.239s][info][gc,metaspace] GC(1512) Metaspace: 441598K(448000K)->441598K(448000K) NonClass: 386600K(390272K)->386600K(390272K) Class: 54997K(57728K)->54997K(57728K)
[2024-08-15T14:26:28.294+0000][7084.239s][info][gc          ] GC(1512) Pause Young (Normal) (G1 Evacuation Pause) 9695M->3603M(12288M) 21.618ms
[2024-08-15T14:26:28.295+0000][7084.239s][info][gc,cpu      ] GC(1512) User=0.13s Sys=0.00s Real=0.02s
[2024-08-15T14:26:36.139+0000][7092.084s][info][gc,start    ] GC(1513) Pause Young (Normal) (G1 Evacuation Pause)
[2024-08-15T14:26:36.139+0000][7092.084s][info][gc,task     ] GC(1513) Using 6 workers of 6 for evacuation
[2024-08-15T14:26:36.164+0000][7092.109s][info][gc,phases   ] GC(1513)   Pre Evacuate Collection Set: 0.2ms
[2024-08-15T14:26:36.164+0000][7092.109s][info][gc,phases   ] GC(1513)   Merge Heap Roots: 0.2ms
[2024-08-15T14:26:36.164+0000][7092.109s][info][gc,phases   ] GC(1513)   Evacuate Collection Set: 22.5ms
[2024-08-15T14:26:36.164+0000][7092.109s][info][gc,phases   ] GC(1513)   Post Evacuate Collection Set: 1.7ms
[2024-08-15T14:26:36.164+0000][7092.109s][info][gc,phases   ] GC(1513)   Other: 0.2ms
[2024-08-15T14:26:36.164+0000][7092.109s][info][gc,heap     ] GC(1513) Eden regions: 760->0(760)
[2024-08-15T14:26:36.164+0000][7092.109s][info][gc,heap     ] GC(1513) Survivor regions: 9->10(97)
[2024-08-15T14:26:36.164+0000][7092.109s][info][gc,heap     ] GC(1513) Old regions: 437->437
[2024-08-15T14:26:36.164+0000][7092.109s][info][gc,heap     ] GC(1513) Archive regions: 2->2
[2024-08-15T14:26:36.164+0000][7092.109s][info][gc,heap     ] GC(1513) Humongous regions: 5->5
[2024-08-15T14:26:36.164+0000][7092.109s][info][gc,metaspace] GC(1513) Metaspace: 441600K(448000K)->441600K(448000K) NonClass: 386602K(390272K)->386602K(390272K) Class: 54997K(57728K)->54997K(57728K)
[2024-08-15T14:26:36.164+0000][7092.109s][info][gc          ] GC(1513) Pause Young (Normal) (G1 Evacuation Pause) 9683M->3615M(12288M) 24.923ms
[2024-08-15T14:26:36.164+0000][7092.109s][info][gc,cpu      ] GC(1513) User=0.15s Sys=0.00s Real=0.03s
[2024-08-15T14:26:44.345+0000][7100.290s][info][gc,start    ] GC(1514) Pause Young (Concurrent Start) (G1 Evacuation Pause)
[2024-08-15T14:26:44.345+0000][7100.290s][info][gc,task     ] GC(1514) Using 6 workers of 6 for evacuation
[2024-08-15T14:26:44.376+0000][7100.321s][info][gc,phases   ] GC(1514)   Pre Evacuate Collection Set: 0.6ms
[2024-08-15T14:26:44.376+0000][7100.321s][info][gc,phases   ] GC(1514)   Merge Heap Roots: 0.2ms
[2024-08-15T14:26:44.376+0000][7100.321s][info][gc,phases   ] GC(1514)   Evacuate Collection Set: 27.6ms
[2024-08-15T14:26:44.376+0000][7100.321s][info][gc,phases   ] GC(1514)   Post Evacuate Collection Set: 1.9ms
[2024-08-15T14:26:44.376+0000][7100.321s][info][gc,phases   ] GC(1514)   Other: 0.3ms
[2024-08-15T14:26:44.376+0000][7100.321s][info][gc,heap     ] GC(1514) Eden regions: 760->0(760)
[2024-08-15T14:26:44.376+0000][7100.321s][info][gc,heap     ] GC(1514) Survivor regions: 10->11(97)
[2024-08-15T14:26:44.376+0000][7100.321s][info][gc,heap     ] GC(1514) Old regions: 437->437
[2024-08-15T14:26:44.376+0000][7100.321s][info][gc,heap     ] GC(1514) Archive regions: 2->2
[2024-08-15T14:26:44.376+0000][7100.321s][info][gc,heap     ] GC(1514) Humongous regions: 5->5
[2024-08-15T14:26:44.376+0000][7100.321s][info][gc,metaspace] GC(1514) Metaspace: 441600K(448000K)->441600K(448000K) NonClass: 386602K(390272K)->386602K(390272K) Class: 54997K(57728K)->54997K(57728K)
[2024-08-15T14:26:44.376+0000][7100.321s][info][gc          ] GC(1514) Pause Young (Concurrent Start) (G1 Evacuation Pause) 9695M->3623M(12288M) 30.691ms
[2024-08-15T14:26:44.376+0000][7100.321s][info][gc,cpu      ] GC(1514) User=0.17s Sys=0.00s Real=0.03s
[2024-08-15T14:26:44.376+0000][7100.321s][info][gc          ] GC(1515) Concurrent Mark Cycle
[2024-08-15T14:26:44.376+0000][7100.321s][info][gc,marking  ] GC(1515) Concurrent Clear Claimed Marks
[2024-08-15T14:26:44.377+0000][7100.321s][info][gc,marking  ] GC(1515) Concurrent Clear Claimed Marks 0.440ms
[2024-08-15T14:26:44.377+0000][7100.321s][info][gc,marking  ] GC(1515) Concurrent Scan Root Regions
[2024-08-15T14:26:44.407+0000][7100.352s][info][gc,marking  ] GC(1515) Concurrent Scan Root Regions 30.319ms
[2024-08-15T14:26:44.407+0000][7100.352s][info][gc,marking  ] GC(1515) Concurrent Mark
[2024-08-15T14:26:44.407+0000][7100.352s][info][gc,marking  ] GC(1515) Concurrent Mark From Roots
[2024-08-15T14:26:44.407+0000][7100.352s][info][gc,task     ] GC(1515) Using 2 workers of 2 for marking
[2024-08-15T14:26:47.237+0000][7103.181s][info][gc,marking  ] GC(1515) Concurrent Mark From Roots 2829.555ms
[2024-08-15T14:26:47.237+0000][7103.181s][info][gc,marking  ] GC(1515) Concurrent Preclean
[2024-08-15T14:26:47.238+0000][7103.183s][info][gc,marking  ] GC(1515) Concurrent Preclean 1.532ms
[2024-08-15T14:26:47.238+0000][7103.183s][info][gc,start    ] GC(1515) Pause Remark
[2024-08-15T14:26:47.263+0000][7103.207s][info][gc          ] GC(1515) Pause Remark 5539M->5539M(12288M) 24.480ms
[2024-08-15T14:26:47.263+0000][7103.207s][info][gc,cpu      ] GC(1515) User=0.11s Sys=0.00s Real=0.02s
[2024-08-15T14:26:47.263+0000][7103.208s][info][gc,marking  ] GC(1515) Concurrent Mark 2855.986ms
[2024-08-15T14:26:47.263+0000][7103.208s][info][gc,marking  ] GC(1515) Concurrent Rebuild Remembered Sets
[2024-08-15T14:26:48.793+0000][7104.738s][info][gc,marking  ] GC(1515) Concurrent Rebuild Remembered Sets 1529.936ms
[2024-08-15T14:26:48.793+0000][7104.738s][info][gc,start    ] GC(1515) Pause Cleanup
[2024-08-15T14:26:48.794+0000][7104.738s][info][gc          ] GC(1515) Pause Cleanup 6595M->6595M(12288M) 0.716ms
[2024-08-15T14:26:48.794+0000][7104.738s][info][gc,cpu      ] GC(1515) User=0.00s Sys=0.00s Real=0.00s
[2024-08-15T14:26:48.794+0000][7104.739s][info][gc,marking  ] GC(1515) Concurrent Cleanup for Next Mark
[2024-08-15T14:26:48.811+0000][7104.756s][info][gc,marking  ] GC(1515) Concurrent Cleanup for Next Mark 17.561ms
[2024-08-15T14:26:48.812+0000][7104.756s][info][gc          ] GC(1515) Concurrent Mark Cycle 4435.419ms
[2024-08-15T14:26:52.987+0000][7108.931s][info][gc,start    ] GC(1516) Pause Young (Prepare Mixed) (G1 Evacuation Pause)
[2024-08-15T14:26:52.987+0000][7108.931s][info][gc,task     ] GC(1516) Using 6 workers of 6 for evacuation
[2024-08-15T14:26:53.022+0000][7108.966s][info][gc,phases   ] GC(1516)   Pre Evacuate Collection Set: 0.2ms
[2024-08-15T14:26:53.022+0000][7108.966s][info][gc,phases   ] GC(1516)   Merge Heap Roots: 0.3ms
[2024-08-15T14:26:53.022+0000][7108.966s][info][gc,phases   ] GC(1516)   Evacuate Collection Set: 32.7ms
[2024-08-15T14:26:53.022+0000][7108.966s][info][gc,phases   ] GC(1516)   Post Evacuate Collection Set: 1.6ms
[2024-08-15T14:26:53.022+0000][7108.966s][info][gc,phases   ] GC(1516)   Other: 0.2ms
[2024-08-15T14:26:53.022+0000][7108.966s][info][gc,heap     ] GC(1516) Eden regions: 760->0(62)
[2024-08-15T14:26:53.022+0000][7108.966s][info][gc,heap     ] GC(1516) Survivor regions: 11->14(97)
[2024-08-15T14:26:53.022+0000][7108.966s][info][gc,heap     ] GC(1516) Old regions: 437->437
[2024-08-15T14:26:53.022+0000][7108.966s][info][gc,heap     ] GC(1516) Archive regions: 2->2
[2024-08-15T14:26:53.022+0000][7108.966s][info][gc,heap     ] GC(1516) Humongous regions: 5->5
[2024-08-15T14:26:53.022+0000][7108.966s][info][gc,metaspace] GC(1516) Metaspace: 441600K(448000K)->441600K(448000K) NonClass: 386602K(390272K)->386602K(390272K) Class: 54997K(57728K)->54997K(57728K)
[2024-08-15T14:26:53.022+0000][7108.966s][info][gc          ] GC(1516) Pause Young (Prepare Mixed) (G1 Evacuation Pause) 9703M->3645M(12288M) 35.124ms
[2024-08-15T14:26:53.022+0000][7108.966s][info][gc,cpu      ] GC(1516) User=0.21s Sys=0.00s Real=0.03s
[2024-08-15T14:26:53.672+0000][7109.616s][info][gc,start    ] GC(1517) Pause Young (Mixed) (G1 Evacuation Pause)
[2024-08-15T14:26:53.672+0000][7109.616s][info][gc,task     ] GC(1517) Using 6 workers of 6 for evacuation
[2024-08-15T14:26:53.755+0000][7109.699s][info][gc,phases   ] GC(1517)   Pre Evacuate Collection Set: 0.2ms
[2024-08-15T14:26:53.755+0000][7109.699s][info][gc,phases   ] GC(1517)   Merge Heap Roots: 0.5ms
[2024-08-15T14:26:53.755+0000][7109.699s][info][gc,phases   ] GC(1517)   Evacuate Collection Set: 81.0ms
[2024-08-15T14:26:53.755+0000][7109.699s][info][gc,phases   ] GC(1517)   Post Evacuate Collection Set: 1.3ms
[2024-08-15T14:26:53.755+0000][7109.699s][info][gc,phases   ] GC(1517)   Other: 0.2ms
[2024-08-15T14:26:53.755+0000][7109.699s][info][gc,heap     ] GC(1517) Eden regions: 62->0(768)
[2024-08-15T14:26:53.755+0000][7109.699s][info][gc,heap     ] GC(1517) Survivor regions: 14->6(10)
[2024-08-15T14:26:53.755+0000][7109.699s][info][gc,heap     ] GC(1517) Old regions: 437->434
[2024-08-15T14:26:53.755+0000][7109.699s][info][gc,heap     ] GC(1517) Archive regions: 2->2
[2024-08-15T14:26:53.755+0000][7109.699s][info][gc,heap     ] GC(1517) Humongous regions: 5->5
[2024-08-15T14:26:53.755+0000][7109.699s][info][gc,metaspace] GC(1517) Metaspace: 441600K(448000K)->441600K(448000K) NonClass: 386602K(390272K)->386602K(390272K) Class: 54997K(57728K)->54997K(57728K)
[2024-08-15T14:26:53.755+0000][7109.699s][info][gc          ] GC(1517) Pause Young (Mixed) (G1 Evacuation Pause) 4141M->3561M(12288M) 83.201ms
[2024-08-15T14:26:53.755+0000][7109.699s][info][gc,cpu      ] GC(1517) User=0.49s Sys=0.00s Real=0.08s
[2024-08-15T14:27:02.061+0000][7118.006s][info][gc,start    ] GC(1518) Pause Young (Normal) (G1 Evacuation Pause)
[2024-08-15T14:27:02.061+0000][7118.006s][info][gc,task     ] GC(1518) Using 6 workers of 6 for evacuation
[2024-08-15T14:27:02.084+0000][7118.029s][info][gc,phases   ] GC(1518)   Pre Evacuate Collection Set: 0.2ms
[2024-08-15T14:27:02.084+0000][7118.029s][info][gc,phases   ] GC(1518)   Merge Heap Roots: 0.2ms
[2024-08-15T14:27:02.084+0000][7118.029s][info][gc,phases   ] GC(1518)   Evacuate Collection Set: 20.6ms
[2024-08-15T14:27:02.084+0000][7118.029s][info][gc,phases   ] GC(1518)   Post Evacuate Collection Set: 1.7ms
[2024-08-15T14:27:02.084+0000][7118.029s][info][gc,phases   ] GC(1518)   Other: 0.2ms
[2024-08-15T14:27:02.084+0000][7118.029s][info][gc,heap     ] GC(1518) Eden regions: 768->0(766)
[2024-08-15T14:27:02.084+0000][7118.029s][info][gc,heap     ] GC(1518) Survivor regions: 6->8(97)
[2024-08-15T14:27:02.084+0000][7118.029s][info][gc,heap     ] GC(1518) Old regions: 434->434
[2024-08-15T14:27:02.084+0000][7118.029s][info][gc,heap     ] GC(1518) Archive regions: 2->2
[2024-08-15T14:27:02.084+0000][7118.029s][info][gc,heap     ] GC(1518) Humongous regions: 5->5
[2024-08-15T14:27:02.084+0000][7118.029s][info][gc,metaspace] GC(1518) Metaspace: 441600K(448000K)->441600K(448000K) NonClass: 386602K(390272K)->386602K(390272K) Class: 54997K(57728K)->54997K(57728K)
[2024-08-15T14:27:02.084+0000][7118.029s][info][gc          ] GC(1518) Pause Young (Normal) (G1 Evacuation Pause) 9705M->3577M(12288M) 22.989ms
[2024-08-15T14:27:02.084+0000][7118.029s][info][gc,cpu      ] GC(1518) User=0.13s Sys=0.00s Real=0.03s
[2024-08-15T14:27:10.391+0000][7126.335s][info][gc,start    ] GC(1519) Pause Young (Normal) (G1 Evacuation Pause)
[2024-08-15T14:27:10.391+0000][7126.335s][info][gc,task     ] GC(1519) Using 6 workers of 6 for evacuation
[2024-08-15T14:27:10.422+0000][7126.367s][info][gc,phases   ] GC(1519)   Pre Evacuate Collection Set: 0.2ms
[2024-08-15T14:27:10.422+0000][7126.367s][info][gc,phases   ] GC(1519)   Merge Heap Roots: 0.2ms
[2024-08-15T14:27:10.422+0000][7126.367s][info][gc,phases   ] GC(1519)   Evacuate Collection Set: 29.0ms
[2024-08-15T14:27:10.422+0000][7126.367s][info][gc,phases   ] GC(1519)   Post Evacuate Collection Set: 1.8ms
[2024-08-15T14:27:10.422+0000][7126.367s][info][gc,phases   ] GC(1519)   Other: 0.2ms
[2024-08-15T14:27:10.422+0000][7126.367s][info][gc,heap     ] GC(1519) Eden regions: 766->0(762)
[2024-08-15T14:27:10.422+0000][7126.367s][info][gc,heap     ] GC(1519) Survivor regions: 8->11(97)
[2024-08-15T14:27:10.422+0000][7126.367s][info][gc,heap     ] GC(1519) Old regions: 434->434
[2024-08-15T14:27:10.422+0000][7126.367s][info][gc,heap     ] GC(1519) Archive regions: 2->2
[2024-08-15T14:27:10.422+0000][7126.367s][info][gc,heap     ] GC(1519) Humongous regions: 5->5
[2024-08-15T14:27:10.422+0000][7126.367s][info][gc,metaspace] GC(1519) Metaspace: 441600K(448000K)->441600K(448000K) NonClass: 386602K(390272K)->386602K(390272K) Class: 54997K(57728K)->54997K(57728K)
[2024-08-15T14:27:10.422+0000][7126.367s][info][gc          ] GC(1519) Pause Young (Normal) (G1 Evacuation Pause) 9705M->3602M(12288M) 31.483ms
[2024-08-15T14:27:10.422+0000][7126.367s][info][gc,cpu      ] GC(1519) User=0.18s Sys=0.01s Real=0.03s
[2024-08-15T14:27:18.420+0000][7134.365s][info][gc,start    ] GC(1520) Pause Young (Concurrent Start) (G1 Evacuation Pause)
[2024-08-15T14:27:18.420+0000][7134.365s][info][gc,task     ] GC(1520) Using 6 workers of 6 for evacuation
[2024-08-15T14:27:18.459+0000][7134.404s][info][gc,phases   ] GC(1520)   Pre Evacuate Collection Set: 0.6ms
[2024-08-15T14:27:18.459+0000][7134.404s][info][gc,phases   ] GC(1520)   Merge Heap Roots: 0.2ms
[2024-08-15T14:27:18.459+0000][7134.404s][info][gc,phases   ] GC(1520)   Evacuate Collection Set: 36.4ms
[2024-08-15T14:27:18.459+0000][7134.404s][info][gc,phases   ] GC(1520)   Post Evacuate Collection Set: 1.8ms
[2024-08-15T14:27:18.459+0000][7134.404s][info][gc,phases   ] GC(1520)   Other: 0.3ms
[2024-08-15T14:27:18.459+0000][7134.404s][info][gc,heap     ] GC(1520) Eden regions: 762->0(762)
[2024-08-15T14:27:18.459+0000][7134.404s][info][gc,heap     ] GC(1520) Survivor regions: 11->12(97)
[2024-08-15T14:27:18.459+0000][7134.404s][info][gc,heap     ] GC(1520) Old regions: 434->434
[2024-08-15T14:27:18.459+0000][7134.404s][info][gc,heap     ] GC(1520) Archive regions: 2->2
[2024-08-15T14:27:18.459+0000][7134.404s][info][gc,heap     ] GC(1520) Humongous regions: 5->5
[2024-08-15T14:27:18.459+0000][7134.404s][info][gc,metaspace] GC(1520) Metaspace: 441600K(448000K)->441600K(448000K) NonClass: 386602K(390272K)->386602K(390272K) Class: 54997K(57728K)->54997K(57728K)
[2024-08-15T14:27:18.459+0000][7134.404s][info][gc          ] GC(1520) Pause Young (Concurrent Start) (G1 Evacuation Pause) 9698M->3608M(12288M) 39.418ms
[2024-08-15T14:27:18.459+0000][7134.404s][info][gc,cpu      ] GC(1520) User=0.23s Sys=0.00s Real=0.04s
[2024-08-15T14:27:18.459+0000][7134.404s][info][gc          ] GC(1521) Concurrent Mark Cycle
[2024-08-15T14:27:18.459+0000][7134.404s][info][gc,marking  ] GC(1521) Concurrent Clear Claimed Marks
[2024-08-15T14:27:18.460+0000][7134.405s][info][gc,marking  ] GC(1521) Concurrent Clear Claimed Marks 0.428ms
[2024-08-15T14:27:18.460+0000][7134.405s][info][gc,marking  ] GC(1521) Concurrent Scan Root Regions
[2024-08-15T14:27:18.481+0000][7134.426s][info][gc,marking  ] GC(1521) Concurrent Scan Root Regions 21.355ms
[2024-08-15T14:27:18.481+0000][7134.426s][info][gc,marking  ] GC(1521) Concurrent Mark
[2024-08-15T14:27:18.481+0000][7134.426s][info][gc,marking  ] GC(1521) Concurrent Mark From Roots
[2024-08-15T14:27:18.481+0000][7134.426s][info][gc,task     ] GC(1521) Using 2 workers of 2 for marking
[2024-08-15T14:27:21.151+0000][7137.096s][info][gc,marking  ] GC(1521) Concurrent Mark From Roots 2669.837ms
[2024-08-15T14:27:21.151+0000][7137.096s][info][gc,marking  ] GC(1521) Concurrent Preclean
[2024-08-15T14:27:21.153+0000][7137.097s][info][gc,marking  ] GC(1521) Concurrent Preclean 1.450ms
[2024-08-15T14:27:21.153+0000][7137.097s][info][gc,start    ] GC(1521) Pause Remark
[2024-08-15T14:27:21.176+0000][7137.121s][info][gc          ] GC(1521) Pause Remark 5464M->5464M(12288M) 23.264ms
[2024-08-15T14:27:21.176+0000][7137.121s][info][gc,cpu      ] GC(1521) User=0.10s Sys=0.01s Real=0.03s
[2024-08-15T14:27:21.176+0000][7137.121s][info][gc,marking  ] GC(1521) Concurrent Mark 2694.966ms
[2024-08-15T14:27:21.176+0000][7137.121s][info][gc,marking  ] GC(1521) Concurrent Rebuild Remembered Sets
[2024-08-15T14:27:22.729+0000][7138.673s][info][gc,marking  ] GC(1521) Concurrent Rebuild Remembered Sets 1552.475ms
[2024-08-15T14:27:22.729+0000][7138.674s][info][gc,start    ] GC(1521) Pause Cleanup
[2024-08-15T14:27:22.730+0000][7138.674s][info][gc          ] GC(1521) Pause Cleanup 6560M->6560M(12288M) 0.752ms
[2024-08-15T14:27:22.730+0000][7138.674s][info][gc,cpu      ] GC(1521) User=0.00s Sys=0.01s Real=0.00s
[2024-08-15T14:27:22.730+0000][7138.674s][info][gc,marking  ] GC(1521) Concurrent Cleanup for Next Mark
[2024-08-15T14:27:22.759+0000][7138.704s][info][gc,marking  ] GC(1521) Concurrent Cleanup for Next Mark 29.338ms
[2024-08-15T14:27:22.759+0000][7138.704s][info][gc          ] GC(1521) Concurrent Mark Cycle 4299.731ms
[2024-08-15T14:27:26.697+0000][7142.642s][info][gc,start    ] GC(1522) Pause Young (Prepare Mixed) (G1 Evacuation Pause)
[2024-08-15T14:27:26.697+0000][7142.642s][info][gc,task     ] GC(1522) Using 6 workers of 6 for evacuation
[2024-08-15T14:27:26.732+0000][7142.676s][info][gc,phases   ] GC(1522)   Pre Evacuate Collection Set: 0.2ms
[2024-08-15T14:27:26.732+0000][7142.676s][info][gc,phases   ] GC(1522)   Merge Heap Roots: 0.3ms
[2024-08-15T14:27:26.732+0000][7142.676s][info][gc,phases   ] GC(1522)   Evacuate Collection Set: 31.9ms
[2024-08-15T14:27:26.732+0000][7142.676s][info][gc,phases   ] GC(1522)   Post Evacuate Collection Set: 1.8ms
[2024-08-15T14:27:26.732+0000][7142.676s][info][gc,phases   ] GC(1522)   Other: 0.2ms
[2024-08-15T14:27:26.732+0000][7142.677s][info][gc,heap     ] GC(1522) Eden regions: 762->0(63)
[2024-08-15T14:27:26.732+0000][7142.677s][info][gc,heap     ] GC(1522) Survivor regions: 12->13(97)
[2024-08-15T14:27:26.732+0000][7142.677s][info][gc,heap     ] GC(1522) Old regions: 434->434
[2024-08-15T14:27:26.732+0000][7142.677s][info][gc,heap     ] GC(1522) Archive regions: 2->2
[2024-08-15T14:27:26.732+0000][7142.677s][info][gc,heap     ] GC(1522) Humongous regions: 5->5
[2024-08-15T14:27:26.732+0000][7142.677s][info][gc,metaspace] GC(1522) Metaspace: 441600K(448000K)->441600K(448000K) NonClass: 386602K(390272K)->386602K(390272K) Class: 54997K(57728K)->54997K(57728K)
[2024-08-15T14:27:26.732+0000][7142.677s][info][gc          ] GC(1522) Pause Young (Prepare Mixed) (G1 Evacuation Pause) 9704M->3618M(12288M) 34.541ms
[2024-08-15T14:27:26.732+0000][7142.677s][info][gc,cpu      ] GC(1522) User=0.20s Sys=0.00s Real=0.03s
[2024-08-15T14:27:27.401+0000][7143.346s][info][gc,start    ] GC(1523) Pause Young (Mixed) (G1 Evacuation Pause)
[2024-08-15T14:27:27.401+0000][7143.346s][info][gc,task     ] GC(1523) Using 6 workers of 6 for evacuation
[2024-08-15T14:27:27.498+0000][7143.442s][info][gc,phases   ] GC(1523)   Pre Evacuate Collection Set: 0.2ms
[2024-08-15T14:27:27.498+0000][7143.442s][info][gc,phases   ] GC(1523)   Merge Heap Roots: 0.5ms
[2024-08-15T14:27:27.498+0000][7143.442s][info][gc,phases   ] GC(1523)   Evacuate Collection Set: 94.4ms
[2024-08-15T14:27:27.498+0000][7143.442s][info][gc,phases   ] GC(1523)   Post Evacuate Collection Set: 1.2ms
[2024-08-15T14:27:27.498+0000][7143.442s][info][gc,phases   ] GC(1523)   Other: 0.2ms
[2024-08-15T14:27:27.498+0000][7143.442s][info][gc,heap     ] GC(1523) Eden regions: 63->0(770)
[2024-08-15T14:27:27.498+0000][7143.442s][info][gc,heap     ] GC(1523) Survivor regions: 13->5(10)
[2024-08-15T14:27:27.498+0000][7143.442s][info][gc,heap     ] GC(1523) Old regions: 434->433
[2024-08-15T14:27:27.498+0000][7143.442s][info][gc,heap     ] GC(1523) Archive regions: 2->2
[2024-08-15T14:27:27.498+0000][7143.442s][info][gc,heap     ] GC(1523) Humongous regions: 5->5
[2024-08-15T14:27:27.498+0000][7143.442s][info][gc,metaspace] GC(1523) Metaspace: 441600K(448000K)->441600K(448000K) NonClass: 386602K(390272K)->386602K(390272K) Class: 54997K(57728K)->54997K(57728K)
[2024-08-15T14:27:27.498+0000][7143.443s][info][gc          ] GC(1523) Pause Young (Mixed) (G1 Evacuation Pause) 4122M->3545M(12288M) 96.528ms
[2024-08-15T14:27:27.498+0000][7143.443s][info][gc,cpu      ] GC(1523) User=0.58s Sys=0.00s Real=0.10s
[2024-08-15T14:27:35.849+0000][7151.793s][info][gc,start    ] GC(1524) Pause Young (Normal) (G1 Evacuation Pause)
[2024-08-15T14:27:35.849+0000][7151.793s][info][gc,task     ] GC(1524) Using 6 workers of 6 for evacuation
[2024-08-15T14:27:35.871+0000][7151.816s][info][gc,phases   ] GC(1524)   Pre Evacuate Collection Set: 0.2ms
[2024-08-15T14:27:35.871+0000][7151.816s][info][gc,phases   ] GC(1524)   Merge Heap Roots: 0.3ms
[2024-08-15T14:27:35.871+0000][7151.816s][info][gc,phases   ] GC(1524)   Evacuate Collection Set: 19.9ms
[2024-08-15T14:27:35.871+0000][7151.816s][info][gc,phases   ] GC(1524)   Post Evacuate Collection Set: 1.8ms
[2024-08-15T14:27:35.871+0000][7151.816s][info][gc,phases   ] GC(1524)   Other: 0.2ms
[2024-08-15T14:27:35.871+0000][7151.816s][info][gc,heap     ] GC(1524) Eden regions: 770->0(767)
[2024-08-15T14:27:35.871+0000][7151.816s][info][gc,heap     ] GC(1524) Survivor regions: 5->8(97)
[2024-08-15T14:27:35.871+0000][7151.816s][info][gc,heap     ] GC(1524) Old regions: 433->433
[2024-08-15T14:27:35.871+0000][7151.816s][info][gc,heap     ] GC(1524) Archive regions: 2->2
[2024-08-15T14:27:35.871+0000][7151.816s][info][gc,heap     ] GC(1524) Humongous regions: 5->5
[2024-08-15T14:27:35.871+0000][7151.816s][info][gc,metaspace] GC(1524) Metaspace: 441601K(448000K)->441601K(448000K) NonClass: 386603K(390272K)->386603K(390272K) Class: 54997K(57728K)->54997K(57728K)
[2024-08-15T14:27:35.871+0000][7151.816s][info][gc          ] GC(1524) Pause Young (Normal) (G1 Evacuation Pause) 9705M->3568M(12288M) 22.451ms
[2024-08-15T14:27:35.871+0000][7151.816s][info][gc,cpu      ] GC(1524) User=0.13s Sys=0.00s Real=0.02s
[2024-08-15T14:27:44.170+0000][7160.115s][info][gc,start    ] GC(1525) Pause Young (Normal) (G1 Evacuation Pause)
[2024-08-15T14:27:44.170+0000][7160.115s][info][gc,task     ] GC(1525) Using 6 workers of 6 for evacuation
[2024-08-15T14:27:44.196+0000][7160.140s][info][gc,phases   ] GC(1525)   Pre Evacuate Collection Set: 0.2ms
[2024-08-15T14:27:44.196+0000][7160.141s][info][gc,phases   ] GC(1525)   Merge Heap Roots: 0.3ms
[2024-08-15T14:27:44.196+0000][7160.141s][info][gc,phases   ] GC(1525)   Evacuate Collection Set: 23.2ms
[2024-08-15T14:27:44.196+0000][7160.141s][info][gc,phases   ] GC(1525)   Post Evacuate Collection Set: 1.8ms
[2024-08-15T14:27:44.196+0000][7160.141s][info][gc,phases   ] GC(1525)   Other: 0.2ms
[2024-08-15T14:27:44.196+0000][7160.141s][info][gc,heap     ] GC(1525) Eden regions: 767->0(765)
[2024-08-15T14:27:44.196+0000][7160.141s][info][gc,heap     ] GC(1525) Survivor regions: 8->10(97)
[2024-08-15T14:27:44.196+0000][7160.141s][info][gc,heap     ] GC(1525) Old regions: 433->433
[2024-08-15T14:27:44.196+0000][7160.141s][info][gc,heap     ] GC(1525) Archive regions: 2->2
[2024-08-15T14:27:44.196+0000][7160.141s][info][gc,heap     ] GC(1525) Humongous regions: 5->5
[2024-08-15T14:27:44.196+0000][7160.141s][info][gc,metaspace] GC(1525) Metaspace: 441602K(448000K)->441602K(448000K) NonClass: 386604K(390272K)->386604K(390272K) Class: 54997K(57728K)->54997K(57728K)
[2024-08-15T14:27:44.196+0000][7160.141s][info][gc          ] GC(1525) Pause Young (Normal) (G1 Evacuation Pause) 9704M->3581M(12288M) 25.821ms
[2024-08-15T14:27:44.196+0000][7160.141s][info][gc,cpu      ] GC(1525) User=0.15s Sys=0.00s Real=0.03s
[2024-08-15T14:27:52.585+0000][7168.530s][info][gc,start    ] GC(1526) Pause Young (Concurrent Start) (G1 Evacuation Pause)
[2024-08-15T14:27:52.585+0000][7168.530s][info][gc,task     ] GC(1526) Using 6 workers of 6 for evacuation
[2024-08-15T14:27:52.617+0000][7168.561s][info][gc,phases   ] GC(1526)   Pre Evacuate Collection Set: 0.6ms
[2024-08-15T14:27:52.617+0000][7168.561s][info][gc,phases   ] GC(1526)   Merge Heap Roots: 0.2ms
[2024-08-15T14:27:52.617+0000][7168.561s][info][gc,phases   ] GC(1526)   Evacuate Collection Set: 28.9ms
[2024-08-15T14:27:52.617+0000][7168.561s][info][gc,phases   ] GC(1526)   Post Evacuate Collection Set: 1.7ms
[2024-08-15T14:27:52.617+0000][7168.561s][info][gc,phases   ] GC(1526)   Other: 0.3ms
[2024-08-15T14:27:52.617+0000][7168.562s][info][gc,heap     ] GC(1526) Eden regions: 765->0(763)
[2024-08-15T14:27:52.617+0000][7168.562s][info][gc,heap     ] GC(1526) Survivor regions: 10->12(97)
[2024-08-15T14:27:52.617+0000][7168.562s][info][gc,heap     ] GC(1526) Old regions: 433->433
[2024-08-15T14:27:52.617+0000][7168.562s][info][gc,heap     ] GC(1526) Archive regions: 2->2
[2024-08-15T14:27:52.617+0000][7168.562s][info][gc,heap     ] GC(1526) Humongous regions: 5->5
[2024-08-15T14:27:52.617+0000][7168.562s][info][gc,metaspace] GC(1526) Metaspace: 441602K(448000K)->441602K(448000K) NonClass: 386604K(390272K)->386604K(390272K) Class: 54997K(57728K)->54997K(57728K)
[2024-08-15T14:27:52.617+0000][7168.562s][info][gc          ] GC(1526) Pause Young (Concurrent Start) (G1 Evacuation Pause) 9701M->3601M(12288M) 31.865ms
[2024-08-15T14:27:52.617+0000][7168.562s][info][gc,cpu      ] GC(1526) User=0.18s Sys=0.00s Real=0.03s
[2024-08-15T14:27:52.617+0000][7168.562s][info][gc          ] GC(1527) Concurrent Mark Cycle
[2024-08-15T14:27:52.617+0000][7168.562s][info][gc,marking  ] GC(1527) Concurrent Clear Claimed Marks
[2024-08-15T14:27:52.618+0000][7168.562s][info][gc,marking  ] GC(1527) Concurrent Clear Claimed Marks 0.447ms
[2024-08-15T14:27:52.618+0000][7168.562s][info][gc,marking  ] GC(1527) Concurrent Scan Root Regions
[2024-08-15T14:27:52.655+0000][7168.600s][info][gc,marking  ] GC(1527) Concurrent Scan Root Regions 37.808ms
[2024-08-15T14:27:52.655+0000][7168.600s][info][gc,marking  ] GC(1527) Concurrent Mark
[2024-08-15T14:27:52.655+0000][7168.600s][info][gc,marking  ] GC(1527) Concurrent Mark From Roots
[2024-08-15T14:27:52.655+0000][7168.600s][info][gc,task     ] GC(1527) Using 2 workers of 2 for marking
[2024-08-15T14:27:55.301+0000][7171.245s][info][gc,marking  ] GC(1527) Concurrent Mark From Roots 2645.306ms
[2024-08-15T14:27:55.301+0000][7171.245s][info][gc,marking  ] GC(1527) Concurrent Preclean
[2024-08-15T14:27:55.302+0000][7171.247s][info][gc,marking  ] GC(1527) Concurrent Preclean 1.344ms
[2024-08-15T14:27:55.302+0000][7171.247s][info][gc,start    ] GC(1527) Pause Remark
[2024-08-15T14:27:55.326+0000][7171.270s][info][gc          ] GC(1527) Pause Remark 5457M->5457M(12288M) 23.293ms
[2024-08-15T14:27:55.326+0000][7171.270s][info][gc,cpu      ] GC(1527) User=0.09s Sys=0.00s Real=0.03s
[2024-08-15T14:27:55.326+0000][7171.270s][info][gc,marking  ] GC(1527) Concurrent Mark 2670.399ms
[2024-08-15T14:27:55.326+0000][7171.270s][info][gc,marking  ] GC(1527) Concurrent Rebuild Remembered Sets
[2024-08-15T14:27:56.879+0000][7172.824s][info][gc,marking  ] GC(1527) Concurrent Rebuild Remembered Sets 1553.472ms
[2024-08-15T14:27:56.880+0000][7172.824s][info][gc,start    ] GC(1527) Pause Cleanup
[2024-08-15T14:27:56.880+0000][7172.825s][info][gc          ] GC(1527) Pause Cleanup 6573M->6573M(12288M) 0.676ms
[2024-08-15T14:27:56.880+0000][7172.825s][info][gc,cpu      ] GC(1527) User=0.00s Sys=0.00s Real=0.00s
[2024-08-15T14:27:56.880+0000][7172.825s][info][gc,marking  ] GC(1527) Concurrent Cleanup for Next Mark
[2024-08-15T14:27:56.898+0000][7172.842s][info][gc,marking  ] GC(1527) Concurrent Cleanup for Next Mark 17.405ms
[2024-08-15T14:27:56.898+0000][7172.842s][info][gc          ] GC(1527) Concurrent Mark Cycle 4280.727ms
[2024-08-15T14:28:01.182+0000][7177.127s][info][gc,start    ] GC(1528) Pause Young (Prepare Mixed) (G1 Evacuation Pause)
[2024-08-15T14:28:01.182+0000][7177.127s][info][gc,task     ] GC(1528) Using 6 workers of 6 for evacuation
[2024-08-15T14:28:01.219+0000][7177.164s][info][gc,phases   ] GC(1528)   Pre Evacuate Collection Set: 0.2ms
[2024-08-15T14:28:01.219+0000][7177.164s][info][gc,phases   ] GC(1528)   Merge Heap Roots: 0.3ms
[2024-08-15T14:28:01.219+0000][7177.164s][info][gc,phases   ] GC(1528)   Evacuate Collection Set: 34.4ms
[2024-08-15T14:28:01.219+0000][7177.164s][info][gc,phases   ] GC(1528)   Post Evacuate Collection Set: 1.8ms
[2024-08-15T14:28:01.219+0000][7177.164s][info][gc,phases   ] GC(1528)   Other: 0.2ms
[2024-08-15T14:28:01.219+0000][7177.164s][info][gc,heap     ] GC(1528) Eden regions: 763->0(60)
[2024-08-15T14:28:01.219+0000][7177.164s][info][gc,heap     ] GC(1528) Survivor regions: 12->16(97)
[2024-08-15T14:28:01.219+0000][7177.164s][info][gc,heap     ] GC(1528) Old regions: 433->433
[2024-08-15T14:28:01.219+0000][7177.164s][info][gc,heap     ] GC(1528) Archive regions: 2->2
[2024-08-15T14:28:01.219+0000][7177.164s][info][gc,heap     ] GC(1528) Humongous regions: 5->5
[2024-08-15T14:28:01.219+0000][7177.164s][info][gc,metaspace] GC(1528) Metaspace: 441602K(448000K)->441602K(448000K) NonClass: 386604K(390272K)->386604K(390272K) Class: 54997K(57728K)->54997K(57728K)
[2024-08-15T14:28:01.219+0000][7177.164s][info][gc          ] GC(1528) Pause Young (Prepare Mixed) (G1 Evacuation Pause) 9705M->3630M(12288M) 37.041ms
[2024-08-15T14:28:01.219+0000][7177.164s][info][gc,cpu      ] GC(1528) User=0.21s Sys=0.00s Real=0.04s
[2024-08-15T14:28:01.925+0000][7177.870s][info][gc,start    ] GC(1529) Pause Young (Mixed) (G1 Evacuation Pause)
[2024-08-15T14:28:01.925+0000][7177.870s][info][gc,task     ] GC(1529) Using 6 workers of 6 for evacuation
[2024-08-15T14:28:02.014+0000][7177.958s][info][gc,phases   ] GC(1529)   Pre Evacuate Collection Set: 0.2ms
[2024-08-15T14:28:02.014+0000][7177.958s][info][gc,phases   ] GC(1529)   Merge Heap Roots: 0.5ms
[2024-08-15T14:28:02.014+0000][7177.958s][info][gc,phases   ] GC(1529)   Evacuate Collection Set: 86.3ms
[2024-08-15T14:28:02.014+0000][7177.958s][info][gc,phases   ] GC(1529)   Post Evacuate Collection Set: 1.3ms
[2024-08-15T14:28:02.014+0000][7177.958s][info][gc,phases   ] GC(1529)   Other: 0.2ms
[2024-08-15T14:28:02.014+0000][7177.958s][info][gc,heap     ] GC(1529) Eden regions: 60->0(768)
[2024-08-15T14:28:02.014+0000][7177.958s][info][gc,heap     ] GC(1529) Survivor regions: 16->5(10)
[2024-08-15T14:28:02.014+0000][7177.958s][info][gc,heap     ] GC(1529) Old regions: 433->435
[2024-08-15T14:28:02.014+0000][7177.958s][info][gc,heap     ] GC(1529) Archive regions: 2->2
[2024-08-15T14:28:02.014+0000][7177.958s][info][gc,heap     ] GC(1529) Humongous regions: 5->5
[2024-08-15T14:28:02.014+0000][7177.958s][info][gc,metaspace] GC(1529) Metaspace: 441602K(448000K)->441602K(448000K) NonClass: 386604K(390272K)->386604K(390272K) Class: 54997K(57728K)->54997K(57728K)
[2024-08-15T14:28:02.014+0000][7177.958s][info][gc          ] GC(1529) Pause Young (Mixed) (G1 Evacuation Pause) 4110M->3560M(12288M) 88.495ms
[2024-08-15T14:28:02.014+0000][7177.958s][info][gc,cpu      ] GC(1529) User=0.53s Sys=0.00s Real=0.08s
[2024-08-15T14:28:10.378+0000][7186.322s][info][gc,start    ] GC(1530) Pause Young (Normal) (G1 Evacuation Pause)
[2024-08-15T14:28:10.378+0000][7186.322s][info][gc,task     ] GC(1530) Using 6 workers of 6 for evacuation
[2024-08-15T14:28:10.398+0000][7186.343s][info][gc,phases   ] GC(1530)   Pre Evacuate Collection Set: 0.2ms
[2024-08-15T14:28:10.398+0000][7186.343s][info][gc,phases   ] GC(1530)   Merge Heap Roots: 0.3ms
[2024-08-15T14:28:10.398+0000][7186.343s][info][gc,phases   ] GC(1530)   Evacuate Collection Set: 18.3ms
[2024-08-15T14:28:10.398+0000][7186.343s][info][gc,phases   ] GC(1530)   Post Evacuate Collection Set: 1.7ms
[2024-08-15T14:28:10.398+0000][7186.343s][info][gc,phases   ] GC(1530)   Other: 0.2ms
[2024-08-15T14:28:10.398+0000][7186.343s][info][gc,heap     ] GC(1530) Eden regions: 768->0(764)
[2024-08-15T14:28:10.398+0000][7186.343s][info][gc,heap     ] GC(1530) Survivor regions: 5->9(97)
[2024-08-15T14:28:10.398+0000][7186.343s][info][gc,heap     ] GC(1530) Old regions: 435->435
[2024-08-15T14:28:10.398+0000][7186.343s][info][gc,heap     ] GC(1530) Archive regions: 2->2
[2024-08-15T14:28:10.398+0000][7186.343s][info][gc,heap     ] GC(1530) Humongous regions: 5->5
[2024-08-15T14:28:10.398+0000][7186.343s][info][gc,metaspace] GC(1530) Metaspace: 441602K(448000K)->441602K(448000K) NonClass: 386604K(390272K)->386604K(390272K) Class: 54997K(57728K)->54997K(57728K)
[2024-08-15T14:28:10.398+0000][7186.343s][info][gc          ] GC(1530) Pause Young (Normal) (G1 Evacuation Pause) 9704M->3587M(12288M) 20.694ms
[2024-08-15T14:28:10.399+0000][7186.343s][info][gc,cpu      ] GC(1530) User=0.12s Sys=0.00s Real=0.02s
[2024-08-15T14:28:16.028+0000][7191.973s][info][gc,start    ] GC(1531) Pause Young (Normal) (G1 Evacuation Pause)
[2024-08-15T14:28:16.028+0000][7191.973s][info][gc,task     ] GC(1531) Using 6 workers of 6 for evacuation
[2024-08-15T14:28:16.052+0000][7191.997s][info][gc,phases   ] GC(1531)   Pre Evacuate Collection Set: 0.2ms
[2024-08-15T14:28:16.052+0000][7191.997s][info][gc,phases   ] GC(1531)   Merge Heap Roots: 0.2ms
[2024-08-15T14:28:16.052+0000][7191.997s][info][gc,phases   ] GC(1531)   Evacuate Collection Set: 21.7ms
[2024-08-15T14:28:16.052+0000][7191.997s][info][gc,phases   ] GC(1531)   Post Evacuate Collection Set: 1.8ms
[2024-08-15T14:28:16.052+0000][7191.997s][info][gc,phases   ] GC(1531)   Other: 0.2ms
[2024-08-15T14:28:16.052+0000][7191.997s][info][gc,heap     ] GC(1531) Eden regions: 764->0(764)
[2024-08-15T14:28:16.052+0000][7191.997s][info][gc,heap     ] GC(1531) Survivor regions: 9->9(97)
[2024-08-15T14:28:16.052+0000][7191.997s][info][gc,heap     ] GC(1531) Old regions: 435->435
[2024-08-15T14:28:16.052+0000][7191.997s][info][gc,heap     ] GC(1531) Archive regions: 2->2
[2024-08-15T14:28:16.052+0000][7191.997s][info][gc,heap     ] GC(1531) Humongous regions: 5->5
[2024-08-15T14:28:16.052+0000][7191.997s][info][gc,metaspace] GC(1531) Metaspace: 441602K(448000K)->441602K(448000K) NonClass: 386604K(390272K)->386604K(390272K) Class: 54997K(57728K)->54997K(57728K)
[2024-08-15T14:28:16.053+0000][7191.997s][info][gc          ] GC(1531) Pause Young (Normal) (G1 Evacuation Pause) 9699M->3591M(12288M) 24.117ms
[2024-08-15T14:28:16.053+0000][7191.997s][info][gc,cpu      ] GC(1531) User=0.14s Sys=0.00s Real=0.02s
[2024-08-15T14:28:23.868+0000][7199.813s][info][gc,start    ] GC(1532) Pause Young (Concurrent Start) (G1 Evacuation Pause)
[2024-08-15T14:28:23.868+0000][7199.813s][info][gc,task     ] GC(1532) Using 6 workers of 6 for evacuation
[2024-08-15T14:28:23.897+0000][7199.841s][info][gc,phases   ] GC(1532)   Pre Evacuate Collection Set: 0.6ms
[2024-08-15T14:28:23.897+0000][7199.841s][info][gc,phases   ] GC(1532)   Merge Heap Roots: 0.3ms
[2024-08-15T14:28:23.897+0000][7199.841s][info][gc,phases   ] GC(1532)   Evacuate Collection Set: 25.6ms
[2024-08-15T14:28:23.897+0000][7199.841s][info][gc,phases   ] GC(1532)   Post Evacuate Collection Set: 1.7ms
[2024-08-15T14:28:23.897+0000][7199.841s][info][gc,phases   ] GC(1532)   Other: 0.3ms
[2024-08-15T14:28:23.897+0000][7199.841s][info][gc,heap     ] GC(1532) Eden regions: 764->0(761)
[2024-08-15T14:28:23.897+0000][7199.841s][info][gc,heap     ] GC(1532) Survivor regions: 9->12(97)
[2024-08-15T14:28:23.897+0000][7199.841s][info][gc,heap     ] GC(1532) Old regions: 435->435
[2024-08-15T14:28:23.897+0000][7199.841s][info][gc,heap     ] GC(1532) Archive regions: 2->2
[2024-08-15T14:28:23.897+0000][7199.841s][info][gc,heap     ] GC(1532) Humongous regions: 5->5
[2024-08-15T14:28:23.897+0000][7199.841s][info][gc,metaspace] GC(1532) Metaspace: 441602K(448000K)->441602K(448000K) NonClass: 386604K(390272K)->386604K(390272K) Class: 54997K(57728K)->54997K(57728K)
[2024-08-15T14:28:23.897+0000][7199.841s][info][gc          ] GC(1532) Pause Young (Concurrent Start) (G1 Evacuation Pause) 9703M->3613M(12288M) 28.536ms
[2024-08-15T14:28:23.897+0000][7199.841s][info][gc,cpu      ] GC(1532) User=0.16s Sys=0.00s Real=0.03s
[2024-08-15T14:28:23.897+0000][7199.841s][info][gc          ] GC(1533) Concurrent Mark Cycle
[2024-08-15T14:28:23.897+0000][7199.842s][info][gc,marking  ] GC(1533) Concurrent Clear Claimed Marks
[2024-08-15T14:28:23.897+0000][7199.842s][info][gc,marking  ] GC(1533) Concurrent Clear Claimed Marks 0.428ms
[2024-08-15T14:28:23.897+0000][7199.842s][info][gc,marking  ] GC(1533) Concurrent Scan Root Regions
[2024-08-15T14:28:23.932+0000][7199.877s][info][gc,marking  ] GC(1533) Concurrent Scan Root Regions 35.063ms
[2024-08-15T14:28:23.932+0000][7199.877s][info][gc,marking  ] GC(1533) Concurrent Mark
[2024-08-15T14:28:23.932+0000][7199.877s][info][gc,marking  ] GC(1533) Concurrent Mark From Roots
[2024-08-15T14:28:23.932+0000][7199.877s][info][gc,task     ] GC(1533) Using 2 workers of 2 for marking
[2024-08-15T14:28:26.678+0000][7202.623s][info][gc,marking  ] GC(1533) Concurrent Mark From Roots 2745.688ms
[2024-08-15T14:28:26.678+0000][7202.623s][info][gc,marking  ] GC(1533) Concurrent Preclean
[2024-08-15T14:28:26.679+0000][7202.624s][info][gc,marking  ] GC(1533) Concurrent Preclean 1.211ms
[2024-08-15T14:28:26.680+0000][7202.624s][info][gc,start    ] GC(1533) Pause Remark
[2024-08-15T14:28:26.703+0000][7202.647s][info][gc          ] GC(1533) Pause Remark 8629M->8629M(12288M) 23.177ms
[2024-08-15T14:28:26.703+0000][7202.647s][info][gc,cpu      ] GC(1533) User=0.09s Sys=0.01s Real=0.02s
[2024-08-15T14:28:26.703+0000][7202.648s][info][gc,marking  ] GC(1533) Concurrent Mark 2770.481ms
[2024-08-15T14:28:26.703+0000][7202.648s][info][gc,marking  ] GC(1533) Concurrent Rebuild Remembered Sets
[2024-08-15T14:28:27.218+0000][7203.163s][info][gc,start    ] GC(1534) Pause Young (Normal) (G1 Evacuation Pause)
[2024-08-15T14:28:27.218+0000][7203.163s][info][gc,task     ] GC(1534) Using 6 workers of 6 for evacuation
[2024-08-15T14:28:27.293+0000][7203.238s][info][gc,phases   ] GC(1534)   Pre Evacuate Collection Set: 0.2ms
[2024-08-15T14:28:27.293+0000][7203.238s][info][gc,phases   ] GC(1534)   Merge Heap Roots: 0.3ms
[2024-08-15T14:28:27.293+0000][7203.238s][info][gc,phases   ] GC(1534)   Evacuate Collection Set: 59.3ms
[2024-08-15T14:28:27.293+0000][7203.238s][info][gc,phases   ] GC(1534)   Post Evacuate Collection Set: 15.0ms
[2024-08-15T14:28:27.293+0000][7203.238s][info][gc,phases   ] GC(1534)   Other: 0.2ms
[2024-08-15T14:28:27.293+0000][7203.238s][info][gc,heap     ] GC(1534) Eden regions: 761->0(756)
[2024-08-15T14:28:27.293+0000][7203.238s][info][gc,heap     ] GC(1534) Survivor regions: 12->15(97)
[2024-08-15T14:28:27.293+0000][7203.238s][info][gc,heap     ] GC(1534) Old regions: 435->435
[2024-08-15T14:28:27.293+0000][7203.238s][info][gc,heap     ] GC(1534) Archive regions: 2->2
[2024-08-15T14:28:27.293+0000][7203.238s][info][gc,heap     ] GC(1534) Humongous regions: 5->5
[2024-08-15T14:28:27.293+0000][7203.238s][info][gc,metaspace] GC(1534) Metaspace: 441602K(448000K)->441602K(448000K) NonClass: 386604K(390272K)->386604K(390272K) Class: 54997K(57728K)->54997K(57728K)
[2024-08-15T14:28:27.293+0000][7203.238s][info][gc          ] GC(1534) Pause Young (Normal) (G1 Evacuation Pause) 9701M->3641M(12288M) 75.004ms
[2024-08-15T14:28:27.293+0000][7203.238s][info][gc,cpu      ] GC(1534) User=0.43s Sys=0.00s Real=0.07s
[2024-08-15T14:28:28.298+0000][7204.243s][info][gc,marking  ] GC(1533) Concurrent Rebuild Remembered Sets 1595.478ms
[2024-08-15T14:28:28.299+0000][7204.243s][info][gc,start    ] GC(1533) Pause Cleanup
[2024-08-15T14:28:28.299+0000][7204.244s][info][gc          ] GC(1533) Pause Cleanup 5881M->5881M(12288M) 0.693ms
[2024-08-15T14:28:28.299+0000][7204.244s][info][gc,cpu      ] GC(1533) User=0.00s Sys=0.00s Real=0.00s
[2024-08-15T14:28:28.299+0000][7204.244s][info][gc,marking  ] GC(1533) Concurrent Cleanup for Next Mark
[2024-08-15T14:28:28.317+0000][7204.261s][info][gc,marking  ] GC(1533) Concurrent Cleanup for Next Mark 17.285ms
[2024-08-15T14:28:28.317+0000][7204.261s][info][gc          ] GC(1533) Concurrent Mark Cycle 4419.856ms
[2024-08-15T14:28:29.893+0000][7205.838s][info][gc,start    ] GC(1535) Pause Young (Prepare Mixed) (G1 Evacuation Pause)
[2024-08-15T14:28:29.893+0000][7205.838s][info][gc,task     ] GC(1535) Using 6 workers of 6 for evacuation
[2024-08-15T14:28:29.982+0000][7205.927s][info][gc,phases   ] GC(1535)   Pre Evacuate Collection Set: 0.2ms
[2024-08-15T14:28:29.982+0000][7205.927s][info][gc,phases   ] GC(1535)   Merge Heap Roots: 0.3ms
[2024-08-15T14:28:29.982+0000][7205.927s][info][gc,phases   ] GC(1535)   Evacuate Collection Set: 73.0ms
[2024-08-15T14:28:29.982+0000][7205.927s][info][gc,phases   ] GC(1535)   Post Evacuate Collection Set: 15.1ms
[2024-08-15T14:28:29.982+0000][7205.927s][info][gc,phases   ] GC(1535)   Other: 0.2ms
[2024-08-15T14:28:29.982+0000][7205.927s][info][gc,heap     ] GC(1535) Eden regions: 756->0(56)
[2024-08-15T14:28:29.982+0000][7205.927s][info][gc,heap     ] GC(1535) Survivor regions: 15->20(97)
[2024-08-15T14:28:29.982+0000][7205.927s][info][gc,heap     ] GC(1535) Old regions: 435->435
[2024-08-15T14:28:29.982+0000][7205.927s][info][gc,heap     ] GC(1535) Archive regions: 2->2
[2024-08-15T14:28:29.982+0000][7205.927s][info][gc,heap     ] GC(1535) Humongous regions: 5->5
[2024-08-15T14:28:29.982+0000][7205.927s][info][gc,metaspace] GC(1535) Metaspace: 441602K(448000K)->441602K(448000K) NonClass: 386604K(390272K)->386604K(390272K) Class: 54997K(57728K)->54997K(57728K)
[2024-08-15T14:28:29.982+0000][7205.927s][info][gc          ] GC(1535) Pause Young (Prepare Mixed) (G1 Evacuation Pause) 9689M->3680M(12288M) 88.871ms
[2024-08-15T14:28:29.982+0000][7205.927s][info][gc,cpu      ] GC(1535) User=0.52s Sys=0.00s Real=0.09s
[2024-08-15T14:28:30.184+0000][7206.128s][info][gc,start    ] GC(1536) Pause Young (Mixed) (G1 Evacuation Pause)
[2024-08-15T14:28:30.184+0000][7206.128s][info][gc,task     ] GC(1536) Using 6 workers of 6 for evacuation
[2024-08-15T14:28:30.291+0000][7206.235s][info][gc,phases   ] GC(1536)   Pre Evacuate Collection Set: 0.2ms
[2024-08-15T14:28:30.291+0000][7206.235s][info][gc,phases   ] GC(1536)   Merge Heap Roots: 0.4ms
[2024-08-15T14:28:30.291+0000][7206.235s][info][gc,phases   ] GC(1536)   Evacuate Collection Set: 103.9ms
[2024-08-15T14:28:30.291+0000][7206.235s][info][gc,phases   ] GC(1536)   Post Evacuate Collection Set: 2.1ms
[2024-08-15T14:28:30.291+0000][7206.235s][info][gc,phases   ] GC(1536)   Other: 0.2ms
[2024-08-15T14:28:30.291+0000][7206.235s][info][gc,heap     ] GC(1536) Eden regions: 56->0(757)
[2024-08-15T14:28:30.291+0000][7206.235s][info][gc,heap     ] GC(1536) Survivor regions: 20->3(10)
[2024-08-15T14:28:30.291+0000][7206.235s][info][gc,heap     ] GC(1536) Old regions: 435->445
[2024-08-15T14:28:30.291+0000][7206.235s][info][gc,heap     ] GC(1536) Archive regions: 2->2
[2024-08-15T14:28:30.291+0000][7206.235s][info][gc,heap     ] GC(1536) Humongous regions: 5->5
[2024-08-15T14:28:30.291+0000][7206.235s][info][gc,metaspace] GC(1536) Metaspace: 441602K(448000K)->441602K(448000K) NonClass: 386604K(390272K)->386604K(390272K) Class: 54997K(57728K)->54997K(57728K)
[2024-08-15T14:28:30.291+0000][7206.235s][info][gc          ] GC(1536) Pause Young (Mixed) (G1 Evacuation Pause) 4128M->3627M(12288M) 106.915ms
[2024-08-15T14:28:30.291+0000][7206.235s][info][gc,cpu      ] GC(1536) User=0.63s Sys=0.00s Real=0.10s
[2024-08-15T14:28:32.682+0000][7208.627s][info][gc,start    ] GC(1537) Pause Young (Normal) (G1 Evacuation Pause)
[2024-08-15T14:28:32.683+0000][7208.627s][info][gc,task     ] GC(1537) Using 6 workers of 6 for evacuation
[2024-08-15T14:28:32.756+0000][7208.700s][info][gc,phases   ] GC(1537)   Pre Evacuate Collection Set: 0.2ms
[2024-08-15T14:28:32.756+0000][7208.700s][info][gc,phases   ] GC(1537)   Merge Heap Roots: 0.3ms
[2024-08-15T14:28:32.756+0000][7208.700s][info][gc,phases   ] GC(1537)   Evacuate Collection Set: 53.6ms
[2024-08-15T14:28:32.756+0000][7208.700s][info][gc,phases   ] GC(1537)   Post Evacuate Collection Set: 19.0ms
[2024-08-15T14:28:32.756+0000][7208.700s][info][gc,phases   ] GC(1537)   Other: 0.2ms
[2024-08-15T14:28:32.756+0000][7208.700s][info][gc,heap     ] GC(1537) Eden regions: 757->0(753)
[2024-08-15T14:28:32.756+0000][7208.700s][info][gc,heap     ] GC(1537) Survivor regions: 3->7(95)
[2024-08-15T14:28:32.756+0000][7208.700s][info][gc,heap     ] GC(1537) Old regions: 445->445
[2024-08-15T14:28:32.756+0000][7208.700s][info][gc,heap     ] GC(1537) Archive regions: 2->2
[2024-08-15T14:28:32.756+0000][7208.700s][info][gc,heap     ] GC(1537) Humongous regions: 5->5
[2024-08-15T14:28:32.756+0000][7208.700s][info][gc,metaspace] GC(1537) Metaspace: 441602K(448000K)->441602K(448000K) NonClass: 386605K(390272K)->386605K(390272K) Class: 54997K(57728K)->54997K(57728K)
[2024-08-15T14:28:32.756+0000][7208.700s][info][gc          ] GC(1537) Pause Young (Normal) (G1 Evacuation Pause) 9683M->3653M(12288M) 73.319ms
[2024-08-15T14:28:32.756+0000][7208.700s][info][gc,cpu      ] GC(1537) User=0.43s Sys=0.00s Real=0.08s
[2024-08-15T14:28:35.395+0000][7211.339s][info][gc,start    ] GC(1538) Pause Young (Normal) (G1 Evacuation Pause)
[2024-08-15T14:28:35.395+0000][7211.339s][info][gc,task     ] GC(1538) Using 6 workers of 6 for evacuation
[2024-08-15T14:28:35.471+0000][7211.416s][info][gc,phases   ] GC(1538)   Pre Evacuate Collection Set: 0.2ms
[2024-08-15T14:28:35.471+0000][7211.416s][info][gc,phases   ] GC(1538)   Merge Heap Roots: 0.4ms
[2024-08-15T14:28:35.471+0000][7211.416s][info][gc,phases   ] GC(1538)   Evacuate Collection Set: 59.5ms
[2024-08-15T14:28:35.471+0000][7211.416s][info][gc,phases   ] GC(1538)   Post Evacuate Collection Set: 16.4ms
[2024-08-15T14:28:35.471+0000][7211.416s][info][gc,phases   ] GC(1538)   Other: 0.2ms
[2024-08-15T14:28:35.471+0000][7211.416s][info][gc,heap     ] GC(1538) Eden regions: 753->0(750)
[2024-08-15T14:28:35.471+0000][7211.416s][info][gc,heap     ] GC(1538) Survivor regions: 7->10(95)
[2024-08-15T14:28:35.471+0000][7211.416s][info][gc,heap     ] GC(1538) Old regions: 445->445
[2024-08-15T14:28:35.471+0000][7211.416s][info][gc,heap     ] GC(1538) Archive regions: 2->2
[2024-08-15T14:28:35.471+0000][7211.416s][info][gc,heap     ] GC(1538) Humongous regions: 5->5
[2024-08-15T14:28:35.471+0000][7211.416s][info][gc,metaspace] GC(1538) Metaspace: 441602K(448000K)->441602K(448000K) NonClass: 386605K(390272K)->386605K(390272K) Class: 54997K(57728K)->54997K(57728K)
[2024-08-15T14:28:35.471+0000][7211.416s][info][gc          ] GC(1538) Pause Young (Normal) (G1 Evacuation Pause) 9677M->3681M(12288M) 76.717ms
[2024-08-15T14:28:35.471+0000][7211.416s][info][gc,cpu      ] GC(1538) User=0.44s Sys=0.00s Real=0.08s
[2024-08-15T14:28:37.809+0000][7213.754s][info][gc,start    ] GC(1539) Pause Young (Concurrent Start) (G1 Evacuation Pause)
[2024-08-15T14:28:37.809+0000][7213.754s][info][gc,task     ] GC(1539) Using 6 workers of 6 for evacuation
[2024-08-15T14:28:37.871+0000][7213.815s][info][gc,phases   ] GC(1539)   Pre Evacuate Collection Set: 0.6ms
[2024-08-15T14:28:37.871+0000][7213.815s][info][gc,phases   ] GC(1539)   Merge Heap Roots: 0.3ms
[2024-08-15T14:28:37.871+0000][7213.815s][info][gc,phases   ] GC(1539)   Evacuate Collection Set: 50.3ms
[2024-08-15T14:28:37.871+0000][7213.815s][info][gc,phases   ] GC(1539)   Post Evacuate Collection Set: 9.9ms
[2024-08-15T14:28:37.871+0000][7213.815s][info][gc,phases   ] GC(1539)   Other: 0.3ms
[2024-08-15T14:28:37.871+0000][7213.815s][info][gc,heap     ] GC(1539) Eden regions: 750->0(749)
[2024-08-15T14:28:37.871+0000][7213.815s][info][gc,heap     ] GC(1539) Survivor regions: 10->12(95)
[2024-08-15T14:28:37.871+0000][7213.815s][info][gc,heap     ] GC(1539) Old regions: 445->445
[2024-08-15T14:28:37.871+0000][7213.815s][info][gc,heap     ] GC(1539) Archive regions: 2->2
[2024-08-15T14:28:37.871+0000][7213.815s][info][gc,heap     ] GC(1539) Humongous regions: 5->5
[2024-08-15T14:28:37.871+0000][7213.815s][info][gc,metaspace] GC(1539) Metaspace: 441602K(448000K)->441602K(448000K) NonClass: 386605K(390272K)->386605K(390272K) Class: 54997K(57728K)->54997K(57728K)
[2024-08-15T14:28:37.871+0000][7213.816s][info][gc          ] GC(1539) Pause Young (Concurrent Start) (G1 Evacuation Pause) 9681M->3693M(12288M) 61.432ms
[2024-08-15T14:28:37.871+0000][7213.816s][info][gc,cpu      ] GC(1539) User=0.36s Sys=0.00s Real=0.06s
[2024-08-15T14:28:37.871+0000][7213.816s][info][gc          ] GC(1540) Concurrent Mark Cycle
[2024-08-15T14:28:37.871+0000][7213.816s][info][gc,marking  ] GC(1540) Concurrent Clear Claimed Marks
[2024-08-15T14:28:37.871+0000][7213.816s][info][gc,marking  ] GC(1540) Concurrent Clear Claimed Marks 0.486ms
[2024-08-15T14:28:37.872+0000][7213.816s][info][gc,marking  ] GC(1540) Concurrent Scan Root Regions
[2024-08-15T14:28:37.903+0000][7213.848s][info][gc,marking  ] GC(1540) Concurrent Scan Root Regions 31.732ms
[2024-08-15T14:28:37.903+0000][7213.848s][info][gc,marking  ] GC(1540) Concurrent Mark
[2024-08-15T14:28:37.903+0000][7213.848s][info][gc,marking  ] GC(1540) Concurrent Mark From Roots
[2024-08-15T14:28:37.903+0000][7213.848s][info][gc,task     ] GC(1540) Using 2 workers of 2 for marking
[2024-08-15T14:28:40.679+0000][7216.623s][info][gc,start    ] GC(1541) Pause Young (Normal) (G1 Evacuation Pause)
[2024-08-15T14:28:40.679+0000][7216.623s][info][gc,task     ] GC(1541) Using 6 workers of 6 for evacuation
[2024-08-15T14:28:40.781+0000][7216.725s][info][gc,phases   ] GC(1541)   Pre Evacuate Collection Set: 0.2ms
[2024-08-15T14:28:40.781+0000][7216.725s][info][gc,phases   ] GC(1541)   Merge Heap Roots: 0.5ms
[2024-08-15T14:28:40.781+0000][7216.725s][info][gc,phases   ] GC(1541)   Evacuate Collection Set: 81.7ms
[2024-08-15T14:28:40.781+0000][7216.725s][info][gc,phases   ] GC(1541)   Post Evacuate Collection Set: 19.7ms
[2024-08-15T14:28:40.781+0000][7216.725s][info][gc,phases   ] GC(1541)   Other: 0.2ms
[2024-08-15T14:28:40.781+0000][7216.725s][info][gc,heap     ] GC(1541) Eden regions: 749->0(744)
[2024-08-15T14:28:40.781+0000][7216.725s][info][gc,heap     ] GC(1541) Survivor regions: 12->16(96)
[2024-08-15T14:28:40.781+0000][7216.725s][info][gc,heap     ] GC(1541) Old regions: 445->445
[2024-08-15T14:28:40.781+0000][7216.725s][info][gc,heap     ] GC(1541) Archive regions: 2->2
[2024-08-15T14:28:40.781+0000][7216.725s][info][gc,heap     ] GC(1541) Humongous regions: 5->5
[2024-08-15T14:28:40.781+0000][7216.725s][info][gc,metaspace] GC(1541) Metaspace: 441603K(448000K)->441603K(448000K) NonClass: 386605K(390272K)->386605K(390272K) Class: 54997K(57728K)->54997K(57728K)
[2024-08-15T14:28:40.781+0000][7216.725s][info][gc          ] GC(1541) Pause Young (Normal) (G1 Evacuation Pause) 9685M->3726M(12288M) 102.370ms
[2024-08-15T14:28:40.781+0000][7216.726s][info][gc,cpu      ] GC(1541) User=0.59s Sys=0.00s Real=0.10s
[2024-08-15T14:28:40.893+0000][7216.837s][info][gc,marking  ] GC(1540) Concurrent Mark From Roots 2989.252ms
[2024-08-15T14:28:40.893+0000][7216.837s][info][gc,marking  ] GC(1540) Concurrent Preclean
[2024-08-15T14:28:40.894+0000][7216.838s][info][gc,marking  ] GC(1540) Concurrent Preclean 1.231ms
[2024-08-15T14:28:40.894+0000][7216.839s][info][gc,start    ] GC(1540) Pause Remark
[2024-08-15T14:28:40.917+0000][7216.862s][info][gc          ] GC(1540) Pause Remark 3906M->3906M(12288M) 23.457ms
[2024-08-15T14:28:40.918+0000][7216.862s][info][gc,cpu      ] GC(1540) User=0.10s Sys=0.00s Real=0.03s
[2024-08-15T14:28:40.918+0000][7216.862s][info][gc,marking  ] GC(1540) Concurrent Mark 3014.344ms
[2024-08-15T14:28:40.918+0000][7216.862s][info][gc,marking  ] GC(1540) Concurrent Rebuild Remembered Sets
[2024-08-15T14:28:42.466+0000][7218.410s][info][gc,marking  ] GC(1540) Concurrent Rebuild Remembered Sets 1548.126ms
[2024-08-15T14:28:42.466+0000][7218.411s][info][gc,start    ] GC(1540) Pause Cleanup
[2024-08-15T14:28:42.467+0000][7218.411s][info][gc          ] GC(1540) Pause Cleanup 7354M->7354M(12288M) 0.650ms
[2024-08-15T14:28:42.467+0000][7218.411s][info][gc,cpu      ] GC(1540) User=0.00s Sys=0.00s Real=0.00s
[2024-08-15T14:28:42.467+0000][7218.411s][info][gc,marking  ] GC(1540) Concurrent Cleanup for Next Mark
[2024-08-15T14:28:42.484+0000][7218.429s][info][gc,marking  ] GC(1540) Concurrent Cleanup for Next Mark 17.196ms
[2024-08-15T14:28:42.484+0000][7218.429s][info][gc          ] GC(1540) Concurrent Mark Cycle 4612.989ms
[2024-08-15T14:28:43.351+0000][7219.296s][info][gc,start    ] GC(1542) Pause Young (Prepare Mixed) (G1 Evacuation Pause)
[2024-08-15T14:28:43.351+0000][7219.296s][info][gc,task     ] GC(1542) Using 6 workers of 6 for evacuation
[2024-08-15T14:28:43.453+0000][7219.398s][info][gc,phases   ] GC(1542)   Pre Evacuate Collection Set: 0.2ms
[2024-08-15T14:28:43.453+0000][7219.398s][info][gc,phases   ] GC(1542)   Merge Heap Roots: 0.7ms
[2024-08-15T14:28:43.453+0000][7219.398s][info][gc,phases   ] GC(1542)   Evacuate Collection Set: 85.3ms
[2024-08-15T14:28:43.453+0000][7219.398s][info][gc,phases   ] GC(1542)   Post Evacuate Collection Set: 15.8ms
[2024-08-15T14:28:43.453+0000][7219.398s][info][gc,phases   ] GC(1542)   Other: 0.2ms
[2024-08-15T14:28:43.453+0000][7219.398s][info][gc,heap     ] GC(1542) Eden regions: 744->0(58)
[2024-08-15T14:28:43.453+0000][7219.398s][info][gc,heap     ] GC(1542) Survivor regions: 16->18(95)
[2024-08-15T14:28:43.453+0000][7219.398s][info][gc,heap     ] GC(1542) Old regions: 445->445
[2024-08-15T14:28:43.453+0000][7219.398s][info][gc,heap     ] GC(1542) Archive regions: 2->2
[2024-08-15T14:28:43.453+0000][7219.398s][info][gc,heap     ] GC(1542) Humongous regions: 5->5
[2024-08-15T14:28:43.453+0000][7219.398s][info][gc,metaspace] GC(1542) Metaspace: 441603K(448000K)->441603K(448000K) NonClass: 386605K(390272K)->386605K(390272K) Class: 54997K(57728K)->54997K(57728K)
[2024-08-15T14:28:43.453+0000][7219.398s][info][gc          ] GC(1542) Pause Young (Prepare Mixed) (G1 Evacuation Pause) 9678M->3747M(12288M) 102.153ms
[2024-08-15T14:28:43.453+0000][7219.398s][info][gc,cpu      ] GC(1542) User=0.59s Sys=0.00s Real=0.10s
[2024-08-15T14:28:43.640+0000][7219.585s][info][gc,start    ] GC(1543) Pause Young (Mixed) (G1 Evacuation Pause)
[2024-08-15T14:28:43.640+0000][7219.585s][info][gc,task     ] GC(1543) Using 6 workers of 6 for evacuation
[2024-08-15T14:28:43.740+0000][7219.685s][info][gc,phases   ] GC(1543)   Pre Evacuate Collection Set: 0.2ms
[2024-08-15T14:28:43.741+0000][7219.685s][info][gc,phases   ] GC(1543)   Merge Heap Roots: 0.4ms
[2024-08-15T14:28:43.741+0000][7219.685s][info][gc,phases   ] GC(1543)   Evacuate Collection Set: 96.7ms
[2024-08-15T14:28:43.741+0000][7219.685s][info][gc,phases   ] GC(1543)   Post Evacuate Collection Set: 2.7ms
[2024-08-15T14:28:43.741+0000][7219.685s][info][gc,phases   ] GC(1543)   Other: 0.2ms
[2024-08-15T14:28:43.741+0000][7219.685s][info][gc,heap     ] GC(1543) Eden regions: 58->0(755)
[2024-08-15T14:28:43.741+0000][7219.685s][info][gc,heap     ] GC(1543) Survivor regions: 18->6(10)
[2024-08-15T14:28:43.741+0000][7219.685s][info][gc,heap     ] GC(1543) Old regions: 445->444
[2024-08-15T14:28:43.741+0000][7219.685s][info][gc,heap     ] GC(1543) Archive regions: 2->2
[2024-08-15T14:28:43.741+0000][7219.685s][info][gc,heap     ] GC(1543) Humongous regions: 5->5
[2024-08-15T14:28:43.741+0000][7219.685s][info][gc,metaspace] GC(1543) Metaspace: 441603K(448000K)->441603K(448000K) NonClass: 386605K(390272K)->386605K(390272K) Class: 54997K(57728K)->54997K(57728K)
[2024-08-15T14:28:43.741+0000][7219.685s][info][gc          ] GC(1543) Pause Young (Mixed) (G1 Evacuation Pause) 4211M->3644M(12288M) 100.292ms
[2024-08-15T14:28:43.741+0000][7219.685s][info][gc,cpu      ] GC(1543) User=0.59s Sys=0.00s Real=0.10s
[2024-08-15T14:28:45.979+0000][7221.923s][info][gc,start    ] GC(1544) Pause Young (Normal) (G1 Evacuation Pause)
[2024-08-15T14:28:45.979+0000][7221.923s][info][gc,task     ] GC(1544) Using 6 workers of 6 for evacuation
[2024-08-15T14:28:46.071+0000][7222.015s][info][gc,phases   ] GC(1544)   Pre Evacuate Collection Set: 0.2ms
[2024-08-15T14:28:46.071+0000][7222.015s][info][gc,phases   ] GC(1544)   Merge Heap Roots: 0.4ms
[2024-08-15T14:28:46.071+0000][7222.015s][info][gc,phases   ] GC(1544)   Evacuate Collection Set: 71.2ms
[2024-08-15T14:28:46.071+0000][7222.015s][info][gc,phases   ] GC(1544)   Post Evacuate Collection Set: 20.3ms
[2024-08-15T14:28:46.071+0000][7222.015s][info][gc,phases   ] GC(1544)   Other: 0.2ms
[2024-08-15T14:28:46.071+0000][7222.015s][info][gc,heap     ] GC(1544) Eden regions: 755->0(750)
[2024-08-15T14:28:46.071+0000][7222.015s][info][gc,heap     ] GC(1544) Survivor regions: 6->11(96)
[2024-08-15T14:28:46.071+0000][7222.016s][info][gc,heap     ] GC(1544) Old regions: 444->444
[2024-08-15T14:28:46.071+0000][7222.016s][info][gc,heap     ] GC(1544) Archive regions: 2->2
[2024-08-15T14:28:46.071+0000][7222.016s][info][gc,heap     ] GC(1544) Humongous regions: 5->5
[2024-08-15T14:28:46.071+0000][7222.016s][info][gc,metaspace] GC(1544) Metaspace: 441603K(448000K)->441603K(448000K) NonClass: 386605K(390272K)->386605K(390272K) Class: 54997K(57728K)->54997K(57728K)
[2024-08-15T14:28:46.071+0000][7222.016s][info][gc          ] GC(1544) Pause Young (Normal) (G1 Evacuation Pause) 9684M->3682M(12288M) 92.253ms
[2024-08-15T14:28:46.071+0000][7222.016s][info][gc,cpu      ] GC(1544) User=0.54s Sys=0.00s Real=0.09s
[2024-08-15T14:28:48.601+0000][7224.546s][info][gc,start    ] GC(1545) Pause Young (Normal) (G1 Evacuation Pause)
[2024-08-15T14:28:48.601+0000][7224.546s][info][gc,task     ] GC(1545) Using 6 workers of 6 for evacuation
[2024-08-15T14:28:48.695+0000][7224.639s][info][gc,phases   ] GC(1545)   Pre Evacuate Collection Set: 0.2ms
[2024-08-15T14:28:48.695+0000][7224.639s][info][gc,phases   ] GC(1545)   Merge Heap Roots: 0.4ms
[2024-08-15T14:28:48.695+0000][7224.639s][info][gc,phases   ] GC(1545)   Evacuate Collection Set: 76.9ms
[2024-08-15T14:28:48.695+0000][7224.639s][info][gc,phases   ] GC(1545)   Post Evacuate Collection Set: 15.6ms
[2024-08-15T14:28:48.695+0000][7224.639s][info][gc,phases   ] GC(1545)   Other: 0.3ms
[2024-08-15T14:28:48.695+0000][7224.639s][info][gc,heap     ] GC(1545) Eden regions: 750->0(746)
[2024-08-15T14:28:48.695+0000][7224.639s][info][gc,heap     ] GC(1545) Survivor regions: 11->15(96)
[2024-08-15T14:28:48.695+0000][7224.639s][info][gc,heap     ] GC(1545) Old regions: 444->444
[2024-08-15T14:28:48.695+0000][7224.639s][info][gc,heap     ] GC(1545) Archive regions: 2->2
[2024-08-15T14:28:48.695+0000][7224.639s][info][gc,heap     ] GC(1545) Humongous regions: 5->5
[2024-08-15T14:28:48.695+0000][7224.639s][info][gc,metaspace] GC(1545) Metaspace: 441603K(448000K)->441603K(448000K) NonClass: 386605K(390272K)->386605K(390272K) Class: 54997K(57728K)->54997K(57728K)
[2024-08-15T14:28:48.695+0000][7224.639s][info][gc          ] GC(1545) Pause Young (Normal) (G1 Evacuation Pause) 9682M->3715M(12288M) 93.357ms
[2024-08-15T14:28:48.695+0000][7224.639s][info][gc,cpu      ] GC(1545) User=0.54s Sys=0.00s Real=0.09s
[2024-08-15T14:28:51.028+0000][7226.972s][info][gc,start    ] GC(1546) Pause Young (Concurrent Start) (G1 Evacuation Pause)
[2024-08-15T14:28:51.028+0000][7226.972s][info][gc,task     ] GC(1546) Using 6 workers of 6 for evacuation
[2024-08-15T14:28:51.138+0000][7227.082s][info][gc,phases   ] GC(1546)   Pre Evacuate Collection Set: 0.6ms
[2024-08-15T14:28:51.138+0000][7227.082s][info][gc,phases   ] GC(1546)   Merge Heap Roots: 0.4ms
[2024-08-15T14:28:51.138+0000][7227.082s][info][gc,phases   ] GC(1546)   Evacuate Collection Set: 92.7ms
[2024-08-15T14:28:51.138+0000][7227.082s][info][gc,phases   ] GC(1546)   Post Evacuate Collection Set: 16.2ms
[2024-08-15T14:28:51.138+0000][7227.082s][info][gc,phases   ] GC(1546)   Other: 0.3ms
[2024-08-15T14:28:51.138+0000][7227.082s][info][gc,heap     ] GC(1546) Eden regions: 746->0(737)
[2024-08-15T14:28:51.138+0000][7227.082s][info][gc,heap     ] GC(1546) Survivor regions: 15->20(96)
[2024-08-15T14:28:51.138+0000][7227.082s][info][gc,heap     ] GC(1546) Old regions: 444->444
[2024-08-15T14:28:51.138+0000][7227.082s][info][gc,heap     ] GC(1546) Archive regions: 2->2
[2024-08-15T14:28:51.138+0000][7227.082s][info][gc,heap     ] GC(1546) Humongous regions: 5->5
[2024-08-15T14:28:51.138+0000][7227.082s][info][gc,metaspace] GC(1546) Metaspace: 441603K(448000K)->441603K(448000K) NonClass: 386605K(390272K)->386605K(390272K) Class: 54997K(57728K)->54997K(57728K)
[2024-08-15T14:28:51.138+0000][7227.082s][info][gc          ] GC(1546) Pause Young (Concurrent Start) (G1 Evacuation Pause) 9683M->3754M(12288M) 110.261ms
[2024-08-15T14:28:51.138+0000][7227.083s][info][gc,cpu      ] GC(1546) User=0.64s Sys=0.00s Real=0.11s
[2024-08-15T14:28:51.138+0000][7227.083s][info][gc          ] GC(1547) Concurrent Mark Cycle
[2024-08-15T14:28:51.138+0000][7227.083s][info][gc,marking  ] GC(1547) Concurrent Clear Claimed Marks
[2024-08-15T14:28:51.138+0000][7227.083s][info][gc,marking  ] GC(1547) Concurrent Clear Claimed Marks 0.445ms
[2024-08-15T14:28:51.138+0000][7227.083s][info][gc,marking  ] GC(1547) Concurrent Scan Root Regions
[2024-08-15T14:28:51.206+0000][7227.151s][info][gc,marking  ] GC(1547) Concurrent Scan Root Regions 67.867ms
[2024-08-15T14:28:51.206+0000][7227.151s][info][gc,marking  ] GC(1547) Concurrent Mark
[2024-08-15T14:28:51.206+0000][7227.151s][info][gc,marking  ] GC(1547) Concurrent Mark From Roots
[2024-08-15T14:28:51.206+0000][7227.151s][info][gc,task     ] GC(1547) Using 2 workers of 2 for marking
[2024-08-15T14:28:53.904+0000][7229.849s][info][gc,marking  ] GC(1547) Concurrent Mark From Roots 2698.022ms
[2024-08-15T14:28:53.904+0000][7229.849s][info][gc,marking  ] GC(1547) Concurrent Preclean
[2024-08-15T14:28:53.906+0000][7229.851s][info][gc,marking  ] GC(1547) Concurrent Preclean 1.630ms
[2024-08-15T14:28:53.906+0000][7229.851s][info][gc,start    ] GC(1547) Pause Remark
[2024-08-15T14:28:53.931+0000][7229.875s][info][gc          ] GC(1547) Pause Remark 9458M->9458M(12288M) 24.485ms
[2024-08-15T14:28:53.931+0000][7229.875s][info][gc,cpu      ] GC(1547) User=0.11s Sys=0.00s Real=0.02s
[2024-08-15T14:28:53.931+0000][7229.876s][info][gc,marking  ] GC(1547) Concurrent Mark 2724.585ms
[2024-08-15T14:28:53.931+0000][7229.876s][info][gc,marking  ] GC(1547) Concurrent Rebuild Remembered Sets
[2024-08-15T14:28:54.016+0000][7229.961s][info][gc,start    ] GC(1548) Pause Young (Normal) (G1 Evacuation Pause)
[2024-08-15T14:28:54.016+0000][7229.961s][info][gc,task     ] GC(1548) Using 6 workers of 6 for evacuation
[2024-08-15T14:28:54.137+0000][7230.081s][info][gc,phases   ] GC(1548)   Pre Evacuate Collection Set: 0.2ms
[2024-08-15T14:28:54.137+0000][7230.081s][info][gc,phases   ] GC(1548)   Merge Heap Roots: 0.4ms
[2024-08-15T14:28:54.137+0000][7230.081s][info][gc,phases   ] GC(1548)   Evacuate Collection Set: 101.8ms
[2024-08-15T14:28:54.137+0000][7230.081s][info][gc,phases   ] GC(1548)   Post Evacuate Collection Set: 17.7ms
[2024-08-15T14:28:54.137+0000][7230.081s][info][gc,phases   ] GC(1548)   Other: 0.2ms
[2024-08-15T14:28:54.137+0000][7230.081s][info][gc,heap     ] GC(1548) Eden regions: 737->0(727)
[2024-08-15T14:28:54.137+0000][7230.081s][info][gc,heap     ] GC(1548) Survivor regions: 20->25(95)
[2024-08-15T14:28:54.137+0000][7230.081s][info][gc,heap     ] GC(1548) Old regions: 444->444
[2024-08-15T14:28:54.137+0000][7230.081s][info][gc,heap     ] GC(1548) Archive regions: 2->2
[2024-08-15T14:28:54.137+0000][7230.081s][info][gc,heap     ] GC(1548) Humongous regions: 5->5
[2024-08-15T14:28:54.137+0000][7230.081s][info][gc,metaspace] GC(1548) Metaspace: 441603K(448000K)->441603K(448000K) NonClass: 386605K(390272K)->386605K(390272K) Class: 54997K(57728K)->54997K(57728K)
[2024-08-15T14:28:54.137+0000][7230.081s][info][gc          ] GC(1548) Pause Young (Normal) (G1 Evacuation Pause) 9650M->3796M(12288M) 120.320ms
[2024-08-15T14:28:54.137+0000][7230.081s][info][gc,cpu      ] GC(1548) User=0.70s Sys=0.00s Real=0.12s
[2024-08-15T14:28:55.578+0000][7231.523s][info][gc,marking  ] GC(1547) Concurrent Rebuild Remembered Sets 1647.382ms
[2024-08-15T14:28:55.579+0000][7231.523s][info][gc,start    ] GC(1547) Pause Cleanup
[2024-08-15T14:28:55.579+0000][7231.524s][info][gc          ] GC(1547) Pause Cleanup 5008M->5008M(12288M) 0.699ms
[2024-08-15T14:28:55.579+0000][7231.524s][info][gc,cpu      ] GC(1547) User=0.01s Sys=0.00s Real=0.00s
[2024-08-15T14:28:55.580+0000][7231.524s][info][gc,marking  ] GC(1547) Concurrent Cleanup for Next Mark
[2024-08-15T14:28:55.608+0000][7231.553s][info][gc,marking  ] GC(1547) Concurrent Cleanup for Next Mark 28.745ms
[2024-08-15T14:28:55.608+0000][7231.553s][info][gc          ] GC(1547) Concurrent Mark Cycle 4470.397ms
[2024-08-15T14:29:01.764+0000][7237.708s][info][gc,start    ] GC(1549) Pause Young (Prepare Mixed) (G1 Evacuation Pause)
[2024-08-15T14:29:01.764+0000][7237.708s][info][gc,task     ] GC(1549) Using 6 workers of 6 for evacuation
[2024-08-15T14:29:01.848+0000][7237.793s][info][gc,phases   ] GC(1549)   Pre Evacuate Collection Set: 0.2ms
[2024-08-15T14:29:01.848+0000][7237.793s][info][gc,phases   ] GC(1549)   Merge Heap Roots: 0.5ms
[2024-08-15T14:29:01.848+0000][7237.793s][info][gc,phases   ] GC(1549)   Evacuate Collection Set: 81.2ms
[2024-08-15T14:29:01.848+0000][7237.793s][info][gc,phases   ] GC(1549)   Post Evacuate Collection Set: 2.4ms
[2024-08-15T14:29:01.848+0000][7237.793s][info][gc,phases   ] GC(1549)   Other: 0.2ms
[2024-08-15T14:29:01.848+0000][7237.793s][info][gc,heap     ] GC(1549) Eden regions: 727->0(49)
[2024-08-15T14:29:01.848+0000][7237.793s][info][gc,heap     ] GC(1549) Survivor regions: 25->27(94)
[2024-08-15T14:29:01.848+0000][7237.793s][info][gc,heap     ] GC(1549) Old regions: 444->444
[2024-08-15T14:29:01.848+0000][7237.793s][info][gc,heap     ] GC(1549) Archive regions: 2->2
[2024-08-15T14:29:01.848+0000][7237.793s][info][gc,heap     ] GC(1549) Humongous regions: 5->5
[2024-08-15T14:29:01.848+0000][7237.793s][info][gc,metaspace] GC(1549) Metaspace: 441603K(448000K)->441603K(448000K) NonClass: 386605K(390272K)->386605K(390272K) Class: 54997K(57728K)->54997K(57728K)
[2024-08-15T14:29:01.848+0000][7237.793s][info][gc          ] GC(1549) Pause Young (Prepare Mixed) (G1 Evacuation Pause) 9612M->3812M(12288M) 84.522ms
[2024-08-15T14:29:01.848+0000][7237.793s][info][gc,cpu      ] GC(1549) User=0.50s Sys=0.00s Real=0.08s
[2024-08-15T14:29:02.368+0000][7238.313s][info][gc,start    ] GC(1550) Pause Young (Mixed) (G1 Evacuation Pause)
[2024-08-15T14:29:02.368+0000][7238.313s][info][gc,task     ] GC(1550) Using 6 workers of 6 for evacuation
[2024-08-15T14:29:02.488+0000][7238.432s][info][gc,phases   ] GC(1550)   Pre Evacuate Collection Set: 0.2ms
[2024-08-15T14:29:02.488+0000][7238.432s][info][gc,phases   ] GC(1550)   Merge Heap Roots: 0.5ms
[2024-08-15T14:29:02.488+0000][7238.432s][info][gc,phases   ] GC(1550)   Evacuate Collection Set: 117.1ms
[2024-08-15T14:29:02.488+0000][7238.432s][info][gc,phases   ] GC(1550)   Post Evacuate Collection Set: 1.3ms
[2024-08-15T14:29:02.488+0000][7238.432s][info][gc,phases   ] GC(1550)   Other: 0.2ms
[2024-08-15T14:29:02.488+0000][7238.432s][info][gc,heap     ] GC(1550) Eden regions: 49->0(750)
[2024-08-15T14:29:02.488+0000][7238.432s][info][gc,heap     ] GC(1550) Survivor regions: 27->6(10)
[2024-08-15T14:29:02.488+0000][7238.432s][info][gc,heap     ] GC(1550) Old regions: 444->450
[2024-08-15T14:29:02.488+0000][7238.432s][info][gc,heap     ] GC(1550) Archive regions: 2->2
[2024-08-15T14:29:02.488+0000][7238.432s][info][gc,heap     ] GC(1550) Humongous regions: 5->5
[2024-08-15T14:29:02.488+0000][7238.432s][info][gc,metaspace] GC(1550) Metaspace: 441603K(448000K)->441603K(448000K) NonClass: 386605K(390272K)->386605K(390272K) Class: 54997K(57728K)->54997K(57728K)
[2024-08-15T14:29:02.488+0000][7238.432s][info][gc          ] GC(1550) Pause Young (Mixed) (G1 Evacuation Pause) 4204M->3687M(12288M) 119.349ms
[2024-08-15T14:29:02.488+0000][7238.432s][info][gc,cpu      ] GC(1550) User=0.70s Sys=0.01s Real=0.12s
[2024-08-15T14:29:10.664+0000][7246.609s][info][gc,start    ] GC(1551) Pause Young (Normal) (G1 Evacuation Pause)
[2024-08-15T14:29:10.664+0000][7246.609s][info][gc,task     ] GC(1551) Using 6 workers of 6 for evacuation
[2024-08-15T14:29:10.684+0000][7246.628s][info][gc,phases   ] GC(1551)   Pre Evacuate Collection Set: 0.2ms
[2024-08-15T14:29:10.684+0000][7246.628s][info][gc,phases   ] GC(1551)   Merge Heap Roots: 0.3ms
[2024-08-15T14:29:10.684+0000][7246.628s][info][gc,phases   ] GC(1551)   Evacuate Collection Set: 17.0ms
[2024-08-15T14:29:10.684+0000][7246.628s][info][gc,phases   ] GC(1551)   Post Evacuate Collection Set: 1.7ms
[2024-08-15T14:29:10.684+0000][7246.628s][info][gc,phases   ] GC(1551)   Other: 0.2ms
[2024-08-15T14:29:10.684+0000][7246.628s][info][gc,heap     ] GC(1551) Eden regions: 750->0(749)
[2024-08-15T14:29:10.684+0000][7246.628s][info][gc,heap     ] GC(1551) Survivor regions: 6->8(95)
[2024-08-15T14:29:10.684+0000][7246.628s][info][gc,heap     ] GC(1551) Old regions: 450->450
[2024-08-15T14:29:10.684+0000][7246.628s][info][gc,heap     ] GC(1551) Archive regions: 2->2
[2024-08-15T14:29:10.684+0000][7246.628s][info][gc,heap     ] GC(1551) Humongous regions: 5->5
[2024-08-15T14:29:10.684+0000][7246.628s][info][gc,metaspace] GC(1551) Metaspace: 441603K(448000K)->441603K(448000K) NonClass: 386605K(390272K)->386605K(390272K) Class: 54997K(57728K)->54997K(57728K)
[2024-08-15T14:29:10.684+0000][7246.628s][info][gc          ] GC(1551) Pause Young (Normal) (G1 Evacuation Pause) 9687M->3706M(12288M) 19.451ms
[2024-08-15T14:29:10.684+0000][7246.628s][info][gc,cpu      ] GC(1551) User=0.12s Sys=0.00s Real=0.02s
[2024-08-15T14:29:18.588+0000][7254.533s][info][gc,start    ] GC(1552) Pause Young (Normal) (G1 Evacuation Pause)
[2024-08-15T14:29:18.588+0000][7254.533s][info][gc,task     ] GC(1552) Using 6 workers of 6 for evacuation
[2024-08-15T14:29:18.612+0000][7254.557s][info][gc,phases   ] GC(1552)   Pre Evacuate Collection Set: 0.2ms
[2024-08-15T14:29:18.612+0000][7254.557s][info][gc,phases   ] GC(1552)   Merge Heap Roots: 0.3ms
[2024-08-15T14:29:18.612+0000][7254.557s][info][gc,phases   ] GC(1552)   Evacuate Collection Set: 21.3ms
[2024-08-15T14:29:18.612+0000][7254.557s][info][gc,phases   ] GC(1552)   Post Evacuate Collection Set: 1.7ms
[2024-08-15T14:29:18.612+0000][7254.557s][info][gc,phases   ] GC(1552)   Other: 0.2ms
[2024-08-15T14:29:18.612+0000][7254.557s][info][gc,heap     ] GC(1552) Eden regions: 749->0(747)
[2024-08-15T14:29:18.612+0000][7254.557s][info][gc,heap     ] GC(1552) Survivor regions: 8->10(95)
[2024-08-15T14:29:18.612+0000][7254.557s][info][gc,heap     ] GC(1552) Old regions: 450->450
[2024-08-15T14:29:18.612+0000][7254.557s][info][gc,heap     ] GC(1552) Archive regions: 2->2
[2024-08-15T14:29:18.612+0000][7254.557s][info][gc,heap     ] GC(1552) Humongous regions: 5->5
[2024-08-15T14:29:18.612+0000][7254.557s][info][gc,metaspace] GC(1552) Metaspace: 441603K(448000K)->441603K(448000K) NonClass: 386605K(390272K)->386605K(390272K) Class: 54997K(57728K)->54997K(57728K)
[2024-08-15T14:29:18.612+0000][7254.557s][info][gc          ] GC(1552) Pause Young (Normal) (G1 Evacuation Pause) 9698M->3717M(12288M) 23.765ms
[2024-08-15T14:29:18.612+0000][7254.557s][info][gc,cpu      ] GC(1552) User=0.14s Sys=0.00s Real=0.02s
[2024-08-15T14:29:26.776+0000][7262.721s][info][gc,start    ] GC(1553) Pause Young (Concurrent Start) (G1 Evacuation Pause)
[2024-08-15T14:29:26.776+0000][7262.721s][info][gc,task     ] GC(1553) Using 6 workers of 6 for evacuation
[2024-08-15T14:29:26.806+0000][7262.751s][info][gc,phases   ] GC(1553)   Pre Evacuate Collection Set: 0.6ms
[2024-08-15T14:29:26.807+0000][7262.751s][info][gc,phases   ] GC(1553)   Merge Heap Roots: 0.2ms
[2024-08-15T14:29:26.807+0000][7262.751s][info][gc,phases   ] GC(1553)   Evacuate Collection Set: 27.3ms
[2024-08-15T14:29:26.807+0000][7262.751s][info][gc,phases   ] GC(1553)   Post Evacuate Collection Set: 1.7ms
[2024-08-15T14:29:26.807+0000][7262.751s][info][gc,phases   ] GC(1553)   Other: 0.3ms
[2024-08-15T14:29:26.807+0000][7262.751s][info][gc,heap     ] GC(1553) Eden regions: 747->0(744)
[2024-08-15T14:29:26.807+0000][7262.751s][info][gc,heap     ] GC(1553) Survivor regions: 10->13(95)
[2024-08-15T14:29:26.807+0000][7262.751s][info][gc,heap     ] GC(1553) Old regions: 450->450
[2024-08-15T14:29:26.807+0000][7262.751s][info][gc,heap     ] GC(1553) Archive regions: 2->2
[2024-08-15T14:29:26.807+0000][7262.751s][info][gc,heap     ] GC(1553) Humongous regions: 5->5
[2024-08-15T14:29:26.807+0000][7262.751s][info][gc,metaspace] GC(1553) Metaspace: 441603K(448000K)->441603K(448000K) NonClass: 386605K(390272K)->386605K(390272K) Class: 54997K(57728K)->54997K(57728K)
[2024-08-15T14:29:26.807+0000][7262.751s][info][gc          ] GC(1553) Pause Young (Concurrent Start) (G1 Evacuation Pause) 9693M->3743M(12288M) 30.208ms
[2024-08-15T14:29:26.807+0000][7262.751s][info][gc,cpu      ] GC(1553) User=0.17s Sys=0.00s Real=0.03s
[2024-08-15T14:29:26.807+0000][7262.751s][info][gc          ] GC(1554) Concurrent Mark Cycle
[2024-08-15T14:29:26.807+0000][7262.751s][info][gc,marking  ] GC(1554) Concurrent Clear Claimed Marks
[2024-08-15T14:29:26.807+0000][7262.752s][info][gc,marking  ] GC(1554) Concurrent Clear Claimed Marks 0.421ms
[2024-08-15T14:29:26.807+0000][7262.752s][info][gc,marking  ] GC(1554) Concurrent Scan Root Regions
[2024-08-15T14:29:26.828+0000][7262.773s][info][gc,marking  ] GC(1554) Concurrent Scan Root Regions 21.226ms
[2024-08-15T14:29:26.828+0000][7262.773s][info][gc,marking  ] GC(1554) Concurrent Mark
[2024-08-15T14:29:26.828+0000][7262.773s][info][gc,marking  ] GC(1554) Concurrent Mark From Roots
[2024-08-15T14:29:26.828+0000][7262.773s][info][gc,task     ] GC(1554) Using 2 workers of 2 for marking
[2024-08-15T14:29:29.545+0000][7265.489s][info][gc,marking  ] GC(1554) Concurrent Mark From Roots 2716.411ms
[2024-08-15T14:29:29.545+0000][7265.489s][info][gc,marking  ] GC(1554) Concurrent Preclean
[2024-08-15T14:29:29.546+0000][7265.491s][info][gc,marking  ] GC(1554) Concurrent Preclean 1.057ms
[2024-08-15T14:29:29.546+0000][7265.491s][info][gc,start    ] GC(1554) Pause Remark
[2024-08-15T14:29:29.569+0000][7265.513s][info][gc          ] GC(1554) Pause Remark 5599M->5599M(12288M) 22.747ms
[2024-08-15T14:29:29.569+0000][7265.514s][info][gc,cpu      ] GC(1554) User=0.10s Sys=0.00s Real=0.02s
[2024-08-15T14:29:29.569+0000][7265.514s][info][gc,marking  ] GC(1554) Concurrent Mark 2740.611ms
[2024-08-15T14:29:29.569+0000][7265.514s][info][gc,marking  ] GC(1554) Concurrent Rebuild Remembered Sets
[2024-08-15T14:29:31.130+0000][7267.075s][info][gc,marking  ] GC(1554) Concurrent Rebuild Remembered Sets 1561.431ms
[2024-08-15T14:29:31.131+0000][7267.075s][info][gc,start    ] GC(1554) Pause Cleanup
[2024-08-15T14:29:31.131+0000][7267.076s][info][gc          ] GC(1554) Pause Cleanup 6715M->6715M(12288M) 0.697ms
[2024-08-15T14:29:31.131+0000][7267.076s][info][gc,cpu      ] GC(1554) User=0.00s Sys=0.00s Real=0.00s
[2024-08-15T14:29:31.131+0000][7267.076s][info][gc,marking  ] GC(1554) Concurrent Cleanup for Next Mark
[2024-08-15T14:29:31.149+0000][7267.094s][info][gc,marking  ] GC(1554) Concurrent Cleanup for Next Mark 17.493ms
[2024-08-15T14:29:31.149+0000][7267.094s][info][gc          ] GC(1554) Concurrent Mark Cycle 4342.335ms
[2024-08-15T14:29:35.102+0000][7271.047s][info][gc,start    ] GC(1555) Pause Young (Prepare Mixed) (G1 Evacuation Pause)
[2024-08-15T14:29:35.102+0000][7271.047s][info][gc,task     ] GC(1555) Using 6 workers of 6 for evacuation
[2024-08-15T14:29:35.143+0000][7271.087s][info][gc,phases   ] GC(1555)   Pre Evacuate Collection Set: 0.2ms
[2024-08-15T14:29:35.143+0000][7271.087s][info][gc,phases   ] GC(1555)   Merge Heap Roots: 0.4ms
[2024-08-15T14:29:35.143+0000][7271.087s][info][gc,phases   ] GC(1555)   Evacuate Collection Set: 37.8ms
[2024-08-15T14:29:35.143+0000][7271.087s][info][gc,phases   ] GC(1555)   Post Evacuate Collection Set: 2.1ms
[2024-08-15T14:29:35.143+0000][7271.087s][info][gc,phases   ] GC(1555)   Other: 0.2ms
[2024-08-15T14:29:35.143+0000][7271.087s][info][gc,heap     ] GC(1555) Eden regions: 744->0(60)
[2024-08-15T14:29:35.143+0000][7271.087s][info][gc,heap     ] GC(1555) Survivor regions: 13->16(95)
[2024-08-15T14:29:35.143+0000][7271.087s][info][gc,heap     ] GC(1555) Old regions: 450->450
[2024-08-15T14:29:35.143+0000][7271.087s][info][gc,heap     ] GC(1555) Archive regions: 2->2
[2024-08-15T14:29:35.143+0000][7271.087s][info][gc,heap     ] GC(1555) Humongous regions: 5->5
[2024-08-15T14:29:35.143+0000][7271.087s][info][gc,metaspace] GC(1555) Metaspace: 441618K(448000K)->441618K(448000K) NonClass: 386621K(390272K)->386621K(390272K) Class: 54997K(57728K)->54997K(57728K)
[2024-08-15T14:29:35.143+0000][7271.087s][info][gc          ] GC(1555) Pause Young (Prepare Mixed) (G1 Evacuation Pause) 9695M->3769M(12288M) 40.696ms
[2024-08-15T14:29:35.143+0000][7271.087s][info][gc,cpu      ] GC(1555) User=0.24s Sys=0.00s Real=0.04s
[2024-08-15T14:29:35.787+0000][7271.732s][info][gc,start    ] GC(1556) Pause Young (Mixed) (G1 Evacuation Pause)
[2024-08-15T14:29:35.787+0000][7271.732s][info][gc,task     ] GC(1556) Using 6 workers of 6 for evacuation
[2024-08-15T14:29:35.876+0000][7271.820s][info][gc,phases   ] GC(1556)   Pre Evacuate Collection Set: 0.2ms
[2024-08-15T14:29:35.876+0000][7271.820s][info][gc,phases   ] GC(1556)   Merge Heap Roots: 0.4ms
[2024-08-15T14:29:35.876+0000][7271.820s][info][gc,phases   ] GC(1556)   Evacuate Collection Set: 86.2ms
[2024-08-15T14:29:35.876+0000][7271.820s][info][gc,phases   ] GC(1556)   Post Evacuate Collection Set: 1.3ms
[2024-08-15T14:29:35.876+0000][7271.820s][info][gc,phases   ] GC(1556)   Other: 0.2ms
[2024-08-15T14:29:35.876+0000][7271.820s][info][gc,heap     ] GC(1556) Eden regions: 60->0(752)
[2024-08-15T14:29:35.876+0000][7271.820s][info][gc,heap     ] GC(1556) Survivor regions: 16->5(10)
[2024-08-15T14:29:35.876+0000][7271.820s][info][gc,heap     ] GC(1556) Old regions: 450->450
[2024-08-15T14:29:35.876+0000][7271.820s][info][gc,heap     ] GC(1556) Archive regions: 2->2
[2024-08-15T14:29:35.876+0000][7271.820s][info][gc,heap     ] GC(1556) Humongous regions: 5->5
[2024-08-15T14:29:35.876+0000][7271.820s][info][gc,metaspace] GC(1556) Metaspace: 441618K(448000K)->441618K(448000K) NonClass: 386621K(390272K)->386621K(390272K) Class: 54997K(57728K)->54997K(57728K)
[2024-08-15T14:29:35.876+0000][7271.820s][info][gc          ] GC(1556) Pause Young (Mixed) (G1 Evacuation Pause) 4248M->3680M(12288M) 88.320ms
[2024-08-15T14:29:35.876+0000][7271.820s][info][gc,cpu      ] GC(1556) User=0.53s Sys=0.00s Real=0.09s
[2024-08-15T14:29:43.957+0000][7279.902s][info][gc,start    ] GC(1557) Pause Young (Normal) (G1 Evacuation Pause)
[2024-08-15T14:29:43.957+0000][7279.902s][info][gc,task     ] GC(1557) Using 6 workers of 6 for evacuation
[2024-08-15T14:29:43.979+0000][7279.923s][info][gc,phases   ] GC(1557)   Pre Evacuate Collection Set: 0.2ms
[2024-08-15T14:29:43.979+0000][7279.923s][info][gc,phases   ] GC(1557)   Merge Heap Roots: 0.3ms
[2024-08-15T14:29:43.979+0000][7279.923s][info][gc,phases   ] GC(1557)   Evacuate Collection Set: 19.4ms
[2024-08-15T14:29:43.979+0000][7279.923s][info][gc,phases   ] GC(1557)   Post Evacuate Collection Set: 1.8ms
[2024-08-15T14:29:43.979+0000][7279.923s][info][gc,phases   ] GC(1557)   Other: 0.2ms
[2024-08-15T14:29:43.979+0000][7279.923s][info][gc,heap     ] GC(1557) Eden regions: 752->0(750)
[2024-08-15T14:29:43.979+0000][7279.923s][info][gc,heap     ] GC(1557) Survivor regions: 5->7(95)
[2024-08-15T14:29:43.979+0000][7279.923s][info][gc,heap     ] GC(1557) Old regions: 450->450
[2024-08-15T14:29:43.979+0000][7279.924s][info][gc,heap     ] GC(1557) Archive regions: 2->2
[2024-08-15T14:29:43.979+0000][7279.924s][info][gc,heap     ] GC(1557) Humongous regions: 5->5
[2024-08-15T14:29:43.979+0000][7279.924s][info][gc,metaspace] GC(1557) Metaspace: 441619K(448000K)->441619K(448000K) NonClass: 386621K(390272K)->386621K(390272K) Class: 54997K(57728K)->54997K(57728K)
[2024-08-15T14:29:43.979+0000][7279.924s][info][gc          ] GC(1557) Pause Young (Normal) (G1 Evacuation Pause) 9696M->3694M(12288M) 21.979ms
[2024-08-15T14:29:43.979+0000][7279.924s][info][gc,cpu      ] GC(1557) User=0.12s Sys=0.00s Real=0.02s
[2024-08-15T14:29:52.184+0000][7288.129s][info][gc,start    ] GC(1558) Pause Young (Normal) (G1 Evacuation Pause)
[2024-08-15T14:29:52.184+0000][7288.129s][info][gc,task     ] GC(1558) Using 6 workers of 6 for evacuation
[2024-08-15T14:29:52.211+0000][7288.155s][info][gc,phases   ] GC(1558)   Pre Evacuate Collection Set: 0.2ms
[2024-08-15T14:29:52.211+0000][7288.155s][info][gc,phases   ] GC(1558)   Merge Heap Roots: 0.3ms
[2024-08-15T14:29:52.211+0000][7288.155s][info][gc,phases   ] GC(1558)   Evacuate Collection Set: 24.3ms
[2024-08-15T14:29:52.211+0000][7288.155s][info][gc,phases   ] GC(1558)   Post Evacuate Collection Set: 1.7ms
[2024-08-15T14:29:52.211+0000][7288.155s][info][gc,phases   ] GC(1558)   Other: 0.2ms
[2024-08-15T14:29:52.211+0000][7288.155s][info][gc,heap     ] GC(1558) Eden regions: 750->0(747)
[2024-08-15T14:29:52.211+0000][7288.155s][info][gc,heap     ] GC(1558) Survivor regions: 7->10(95)
[2024-08-15T14:29:52.211+0000][7288.155s][info][gc,heap     ] GC(1558) Old regions: 450->450
[2024-08-15T14:29:52.211+0000][7288.155s][info][gc,heap     ] GC(1558) Archive regions: 2->2
[2024-08-15T14:29:52.211+0000][7288.155s][info][gc,heap     ] GC(1558) Humongous regions: 5->5
[2024-08-15T14:29:52.211+0000][7288.155s][info][gc,metaspace] GC(1558) Metaspace: 441619K(448000K)->441619K(448000K) NonClass: 386621K(390272K)->386621K(390272K) Class: 54997K(57728K)->54997K(57728K)
[2024-08-15T14:29:52.211+0000][7288.155s][info][gc          ] GC(1558) Pause Young (Normal) (G1 Evacuation Pause) 9694M->3720M(12288M) 26.681ms
[2024-08-15T14:29:52.211+0000][7288.155s][info][gc,cpu      ] GC(1558) User=0.16s Sys=0.00s Real=0.02s
[2024-08-15T14:29:59.803+0000][7295.748s][info][gc,start    ] GC(1559) Pause Young (Concurrent Start) (G1 Evacuation Pause)
[2024-08-15T14:29:59.803+0000][7295.748s][info][gc,task     ] GC(1559) Using 6 workers of 6 for evacuation
[2024-08-15T14:29:59.833+0000][7295.778s][info][gc,phases   ] GC(1559)   Pre Evacuate Collection Set: 0.6ms
[2024-08-15T14:29:59.833+0000][7295.778s][info][gc,phases   ] GC(1559)   Merge Heap Roots: 0.3ms
[2024-08-15T14:29:59.833+0000][7295.778s][info][gc,phases   ] GC(1559)   Evacuate Collection Set: 27.3ms
[2024-08-15T14:29:59.833+0000][7295.778s][info][gc,phases   ] GC(1559)   Post Evacuate Collection Set: 1.7ms
[2024-08-15T14:29:59.833+0000][7295.778s][info][gc,phases   ] GC(1559)   Other: 0.3ms
[2024-08-15T14:29:59.833+0000][7295.778s][info][gc,heap     ] GC(1559) Eden regions: 747->0(745)
[2024-08-15T14:29:59.833+0000][7295.778s][info][gc,heap     ] GC(1559) Survivor regions: 10->12(95)
[2024-08-15T14:29:59.833+0000][7295.778s][info][gc,heap     ] GC(1559) Old regions: 450->450
[2024-08-15T14:29:59.833+0000][7295.778s][info][gc,heap     ] GC(1559) Archive regions: 2->2
[2024-08-15T14:29:59.833+0000][7295.778s][info][gc,heap     ] GC(1559) Humongous regions: 5->5
[2024-08-15T14:29:59.833+0000][7295.778s][info][gc,metaspace] GC(1559) Metaspace: 441619K(448000K)->441619K(448000K) NonClass: 386621K(390272K)->386621K(390272K) Class: 54997K(57728K)->54997K(57728K)
[2024-08-15T14:29:59.833+0000][7295.778s][info][gc          ] GC(1559) Pause Young (Concurrent Start) (G1 Evacuation Pause) 9696M->3735M(12288M) 30.190ms
[2024-08-15T14:29:59.833+0000][7295.778s][info][gc,cpu      ] GC(1559) User=0.18s Sys=0.00s Real=0.03s
[2024-08-15T14:29:59.833+0000][7295.778s][info][gc          ] GC(1560) Concurrent Mark Cycle
[2024-08-15T14:29:59.833+0000][7295.778s][info][gc,marking  ] GC(1560) Concurrent Clear Claimed Marks
[2024-08-15T14:29:59.834+0000][7295.778s][info][gc,marking  ] GC(1560) Concurrent Clear Claimed Marks 0.427ms
[2024-08-15T14:29:59.834+0000][7295.778s][info][gc,marking  ] GC(1560) Concurrent Scan Root Regions
[2024-08-15T14:29:59.865+0000][7295.810s][info][gc,marking  ] GC(1560) Concurrent Scan Root Regions 31.557ms
[2024-08-15T14:29:59.865+0000][7295.810s][info][gc,marking  ] GC(1560) Concurrent Mark
[2024-08-15T14:29:59.865+0000][7295.810s][info][gc,marking  ] GC(1560) Concurrent Mark From Roots
[2024-08-15T14:29:59.865+0000][7295.810s][info][gc,task     ] GC(1560) Using 2 workers of 2 for marking
[2024-08-15T14:30:02.632+0000][7298.576s][info][gc,marking  ] GC(1560) Concurrent Mark From Roots 2766.584ms
[2024-08-15T14:30:02.632+0000][7298.577s][info][gc,marking  ] GC(1560) Concurrent Preclean
[2024-08-15T14:30:02.633+0000][7298.578s][info][gc,marking  ] GC(1560) Concurrent Preclean 1.024ms
[2024-08-15T14:30:02.633+0000][7298.578s][info][gc,start    ] GC(1560) Pause Remark
[2024-08-15T14:30:02.656+0000][7298.601s][info][gc          ] GC(1560) Pause Remark 5567M->5567M(12288M) 23.281ms
[2024-08-15T14:30:02.656+0000][7298.601s][info][gc,cpu      ] GC(1560) User=0.10s Sys=0.00s Real=0.03s
[2024-08-15T14:30:02.657+0000][7298.601s][info][gc,marking  ] GC(1560) Concurrent Mark 2791.231ms
[2024-08-15T14:30:02.657+0000][7298.601s][info][gc,marking  ] GC(1560) Concurrent Rebuild Remembered Sets
[2024-08-15T14:30:04.209+0000][7300.154s][info][gc,marking  ] GC(1560) Concurrent Rebuild Remembered Sets 1552.426ms
[2024-08-15T14:30:04.209+0000][7300.154s][info][gc,start    ] GC(1560) Pause Cleanup
[2024-08-15T14:30:04.210+0000][7300.154s][info][gc          ] GC(1560) Pause Cleanup 6631M->6631M(12288M) 0.636ms
[2024-08-15T14:30:04.210+0000][7300.154s][info][gc,cpu      ] GC(1560) User=0.01s Sys=0.00s Real=0.00s
[2024-08-15T14:30:04.210+0000][7300.154s][info][gc,marking  ] GC(1560) Concurrent Cleanup for Next Mark
[2024-08-15T14:30:04.227+0000][7300.172s][info][gc,marking  ] GC(1560) Concurrent Cleanup for Next Mark 17.451ms
[2024-08-15T14:30:04.227+0000][7300.172s][info][gc          ] GC(1560) Concurrent Mark Cycle 4394.159ms
[2024-08-15T14:30:08.297+0000][7304.241s][info][gc,start    ] GC(1561) Pause Young (Prepare Mixed) (G1 Evacuation Pause)
[2024-08-15T14:30:08.297+0000][7304.241s][info][gc,task     ] GC(1561) Using 6 workers of 6 for evacuation
[2024-08-15T14:30:08.340+0000][7304.284s][info][gc,phases   ] GC(1561)   Pre Evacuate Collection Set: 0.2ms
[2024-08-15T14:30:08.340+0000][7304.284s][info][gc,phases   ] GC(1561)   Merge Heap Roots: 0.4ms
[2024-08-15T14:30:08.340+0000][7304.284s][info][gc,phases   ] GC(1561)   Evacuate Collection Set: 40.5ms
[2024-08-15T14:30:08.340+0000][7304.284s][info][gc,phases   ] GC(1561)   Post Evacuate Collection Set: 2.0ms
[2024-08-15T14:30:08.340+0000][7304.284s][info][gc,phases   ] GC(1561)   Other: 0.2ms
[2024-08-15T14:30:08.340+0000][7304.284s][info][gc,heap     ] GC(1561) Eden regions: 745->0(61)
[2024-08-15T14:30:08.340+0000][7304.284s][info][gc,heap     ] GC(1561) Survivor regions: 12->15(95)
[2024-08-15T14:30:08.340+0000][7304.284s][info][gc,heap     ] GC(1561) Old regions: 450->450
[2024-08-15T14:30:08.340+0000][7304.285s][info][gc,heap     ] GC(1561) Archive regions: 2->2
[2024-08-15T14:30:08.340+0000][7304.285s][info][gc,heap     ] GC(1561) Humongous regions: 5->5
[2024-08-15T14:30:08.340+0000][7304.285s][info][gc,metaspace] GC(1561) Metaspace: 441622K(448000K)->441622K(448000K) NonClass: 386623K(390272K)->386623K(390272K) Class: 54998K(57728K)->54998K(57728K)
[2024-08-15T14:30:08.340+0000][7304.285s][info][gc          ] GC(1561) Pause Young (Prepare Mixed) (G1 Evacuation Pause) 9695M->3755M(12288M) 43.262ms
[2024-08-15T14:30:08.340+0000][7304.285s][info][gc,cpu      ] GC(1561) User=0.26s Sys=0.00s Real=0.04s
[2024-08-15T14:30:08.864+0000][7304.809s][info][gc,start    ] GC(1562) Pause Young (Mixed) (G1 Evacuation Pause)
[2024-08-15T14:30:08.864+0000][7304.809s][info][gc,task     ] GC(1562) Using 6 workers of 6 for evacuation
[2024-08-15T14:30:08.952+0000][7304.897s][info][gc,phases   ] GC(1562)   Pre Evacuate Collection Set: 0.2ms
[2024-08-15T14:30:08.952+0000][7304.897s][info][gc,phases   ] GC(1562)   Merge Heap Roots: 0.5ms
[2024-08-15T14:30:08.952+0000][7304.897s][info][gc,phases   ] GC(1562)   Evacuate Collection Set: 86.0ms
[2024-08-15T14:30:08.952+0000][7304.897s][info][gc,phases   ] GC(1562)   Post Evacuate Collection Set: 1.3ms
[2024-08-15T14:30:08.952+0000][7304.897s][info][gc,phases   ] GC(1562)   Other: 0.2ms
[2024-08-15T14:30:08.952+0000][7304.897s][info][gc,heap     ] GC(1562) Eden regions: 61->0(756)
[2024-08-15T14:30:08.952+0000][7304.897s][info][gc,heap     ] GC(1562) Survivor regions: 15->4(10)
[2024-08-15T14:30:08.952+0000][7304.897s][info][gc,heap     ] GC(1562) Old regions: 450->448
[2024-08-15T14:30:08.952+0000][7304.897s][info][gc,heap     ] GC(1562) Archive regions: 2->2
[2024-08-15T14:30:08.952+0000][7304.897s][info][gc,heap     ] GC(1562) Humongous regions: 5->5
[2024-08-15T14:30:08.952+0000][7304.897s][info][gc,metaspace] GC(1562) Metaspace: 441622K(448000K)->441622K(448000K) NonClass: 386623K(390272K)->386623K(390272K) Class: 54998K(57728K)->54998K(57728K)
[2024-08-15T14:30:08.952+0000][7304.897s][info][gc          ] GC(1562) Pause Young (Mixed) (G1 Evacuation Pause) 4243M->3658M(12288M) 88.203ms
[2024-08-15T14:30:08.952+0000][7304.897s][info][gc,cpu      ] GC(1562) User=0.53s Sys=0.00s Real=0.08s
[2024-08-15T14:30:17.110+0000][7313.055s][info][gc,start    ] GC(1563) Pause Young (Normal) (G1 Evacuation Pause)
[2024-08-15T14:30:17.111+0000][7313.055s][info][gc,task     ] GC(1563) Using 6 workers of 6 for evacuation
[2024-08-15T14:30:17.131+0000][7313.076s][info][gc,phases   ] GC(1563)   Pre Evacuate Collection Set: 0.2ms
[2024-08-15T14:30:17.131+0000][7313.076s][info][gc,phases   ] GC(1563)   Merge Heap Roots: 0.3ms
[2024-08-15T14:30:17.131+0000][7313.076s][info][gc,phases   ] GC(1563)   Evacuate Collection Set: 18.3ms
[2024-08-15T14:30:17.131+0000][7313.076s][info][gc,phases   ] GC(1563)   Post Evacuate Collection Set: 1.7ms
[2024-08-15T14:30:17.131+0000][7313.076s][info][gc,phases   ] GC(1563)   Other: 0.2ms
[2024-08-15T14:30:17.131+0000][7313.076s][info][gc,heap     ] GC(1563) Eden regions: 756->0(753)
[2024-08-15T14:30:17.131+0000][7313.076s][info][gc,heap     ] GC(1563) Survivor regions: 4->7(95)
[2024-08-15T14:30:17.131+0000][7313.076s][info][gc,heap     ] GC(1563) Old regions: 448->448
[2024-08-15T14:30:17.131+0000][7313.076s][info][gc,heap     ] GC(1563) Archive regions: 2->2
[2024-08-15T14:30:17.131+0000][7313.076s][info][gc,heap     ] GC(1563) Humongous regions: 5->5
[2024-08-15T14:30:17.131+0000][7313.076s][info][gc,metaspace] GC(1563) Metaspace: 441622K(448000K)->441622K(448000K) NonClass: 386623K(390272K)->386623K(390272K) Class: 54998K(57728K)->54998K(57728K)
[2024-08-15T14:30:17.131+0000][7313.076s][info][gc          ] GC(1563) Pause Young (Normal) (G1 Evacuation Pause) 9706M->3681M(12288M) 20.710ms
[2024-08-15T14:30:17.131+0000][7313.076s][info][gc,cpu      ] GC(1563) User=0.12s Sys=0.00s Real=0.02s
[2024-08-15T14:30:25.401+0000][7321.346s][info][gc,start    ] GC(1564) Pause Young (Normal) (G1 Evacuation Pause)
[2024-08-15T14:30:25.401+0000][7321.346s][info][gc,task     ] GC(1564) Using 6 workers of 6 for evacuation
[2024-08-15T14:30:25.430+0000][7321.375s][info][gc,phases   ] GC(1564)   Pre Evacuate Collection Set: 0.2ms
[2024-08-15T14:30:25.430+0000][7321.375s][info][gc,phases   ] GC(1564)   Merge Heap Roots: 0.3ms
[2024-08-15T14:30:25.430+0000][7321.375s][info][gc,phases   ] GC(1564)   Evacuate Collection Set: 26.8ms
[2024-08-15T14:30:25.430+0000][7321.375s][info][gc,phases   ] GC(1564)   Post Evacuate Collection Set: 1.8ms
[2024-08-15T14:30:25.430+0000][7321.375s][info][gc,phases   ] GC(1564)   Other: 0.2ms
[2024-08-15T14:30:25.430+0000][7321.375s][info][gc,heap     ] GC(1564) Eden regions: 753->0(750)
[2024-08-15T14:30:25.430+0000][7321.375s][info][gc,heap     ] GC(1564) Survivor regions: 7->10(95)
[2024-08-15T14:30:25.430+0000][7321.375s][info][gc,heap     ] GC(1564) Old regions: 448->448
[2024-08-15T14:30:25.430+0000][7321.375s][info][gc,heap     ] GC(1564) Archive regions: 2->2
[2024-08-15T14:30:25.430+0000][7321.375s][info][gc,heap     ] GC(1564) Humongous regions: 5->5
[2024-08-15T14:30:25.430+0000][7321.375s][info][gc,metaspace] GC(1564) Metaspace: 441622K(448000K)->441622K(448000K) NonClass: 386623K(390272K)->386623K(390272K) Class: 54998K(57728K)->54998K(57728K)
[2024-08-15T14:30:25.430+0000][7321.375s][info][gc          ] GC(1564) Pause Young (Normal) (G1 Evacuation Pause) 9705M->3706M(12288M) 29.283ms
[2024-08-15T14:30:25.430+0000][7321.375s][info][gc,cpu      ] GC(1564) User=0.17s Sys=0.00s Real=0.03s
[2024-08-15T14:30:33.290+0000][7329.234s][info][gc,start    ] GC(1565) Pause Young (Concurrent Start) (G1 Evacuation Pause)
[2024-08-15T14:30:33.290+0000][7329.234s][info][gc,task     ] GC(1565) Using 6 workers of 6 for evacuation
[2024-08-15T14:30:33.325+0000][7329.269s][info][gc,phases   ] GC(1565)   Pre Evacuate Collection Set: 0.6ms
[2024-08-15T14:30:33.325+0000][7329.269s][info][gc,phases   ] GC(1565)   Merge Heap Roots: 0.3ms
[2024-08-15T14:30:33.325+0000][7329.269s][info][gc,phases   ] GC(1565)   Evacuate Collection Set: 31.7ms
[2024-08-15T14:30:33.325+0000][7329.269s][info][gc,phases   ] GC(1565)   Post Evacuate Collection Set: 2.1ms
[2024-08-15T14:30:33.325+0000][7329.269s][info][gc,phases   ] GC(1565)   Other: 0.3ms
[2024-08-15T14:30:33.325+0000][7329.269s][info][gc,heap     ] GC(1565) Eden regions: 750->0(743)
[2024-08-15T14:30:33.325+0000][7329.269s][info][gc,heap     ] GC(1565) Survivor regions: 10->15(95)
[2024-08-15T14:30:33.325+0000][7329.269s][info][gc,heap     ] GC(1565) Old regions: 448->448
[2024-08-15T14:30:33.325+0000][7329.269s][info][gc,heap     ] GC(1565) Archive regions: 2->2
[2024-08-15T14:30:33.325+0000][7329.269s][info][gc,heap     ] GC(1565) Humongous regions: 5->5
[2024-08-15T14:30:33.325+0000][7329.269s][info][gc,metaspace] GC(1565) Metaspace: 441652K(448000K)->441652K(448000K) NonClass: 386653K(390272K)->386653K(390272K) Class: 54999K(57728K)->54999K(57728K)
[2024-08-15T14:30:33.325+0000][7329.270s][info][gc          ] GC(1565) Pause Young (Concurrent Start) (G1 Evacuation Pause) 9706M->3745M(12288M) 35.083ms
[2024-08-15T14:30:33.325+0000][7329.270s][info][gc,cpu      ] GC(1565) User=0.21s Sys=0.00s Real=0.04s
[2024-08-15T14:30:33.325+0000][7329.270s][info][gc          ] GC(1566) Concurrent Mark Cycle
[2024-08-15T14:30:33.325+0000][7329.270s][info][gc,marking  ] GC(1566) Concurrent Clear Claimed Marks
[2024-08-15T14:30:33.326+0000][7329.270s][info][gc,marking  ] GC(1566) Concurrent Clear Claimed Marks 0.499ms
[2024-08-15T14:30:33.326+0000][7329.270s][info][gc,marking  ] GC(1566) Concurrent Scan Root Regions
[2024-08-15T14:30:33.352+0000][7329.297s][info][gc,marking  ] GC(1566) Concurrent Scan Root Regions 26.871ms
[2024-08-15T14:30:33.352+0000][7329.297s][info][gc,marking  ] GC(1566) Concurrent Mark
[2024-08-15T14:30:33.352+0000][7329.297s][info][gc,marking  ] GC(1566) Concurrent Mark From Roots
[2024-08-15T14:30:33.352+0000][7329.297s][info][gc,task     ] GC(1566) Using 2 workers of 2 for marking
[2024-08-15T14:30:36.338+0000][7332.282s][info][gc,marking  ] GC(1566) Concurrent Mark From Roots 2985.400ms
[2024-08-15T14:30:36.338+0000][7332.282s][info][gc,marking  ] GC(1566) Concurrent Preclean
[2024-08-15T14:30:36.339+0000][7332.284s][info][gc,marking  ] GC(1566) Concurrent Preclean 1.152ms
[2024-08-15T14:30:36.339+0000][7332.284s][info][gc,start    ] GC(1566) Pause Remark
[2024-08-15T14:30:36.362+0000][7332.307s][info][gc          ] GC(1566) Pause Remark 6033M->6033M(12288M) 23.019ms
[2024-08-15T14:30:36.362+0000][7332.307s][info][gc,cpu      ] GC(1566) User=0.09s Sys=0.01s Real=0.02s
[2024-08-15T14:30:36.362+0000][7332.307s][info][gc,marking  ] GC(1566) Concurrent Mark 3010.037ms
[2024-08-15T14:30:36.362+0000][7332.307s][info][gc,marking  ] GC(1566) Concurrent Rebuild Remembered Sets
[2024-08-15T14:30:37.970+0000][7333.914s][info][gc,marking  ] GC(1566) Concurrent Rebuild Remembered Sets 1607.218ms
[2024-08-15T14:30:37.970+0000][7333.915s][info][gc,start    ] GC(1566) Pause Cleanup
[2024-08-15T14:30:37.971+0000][7333.915s][info][gc          ] GC(1566) Pause Cleanup 7169M->7169M(12288M) 0.624ms
[2024-08-15T14:30:37.971+0000][7333.915s][info][gc,cpu      ] GC(1566) User=0.00s Sys=0.00s Real=0.00s
[2024-08-15T14:30:37.971+0000][7333.915s][info][gc,marking  ] GC(1566) Concurrent Cleanup for Next Mark
[2024-08-15T14:30:37.987+0000][7333.932s][info][gc,marking  ] GC(1566) Concurrent Cleanup for Next Mark 16.650ms
[2024-08-15T14:30:37.987+0000][7333.932s][info][gc          ] GC(1566) Concurrent Mark Cycle 4662.389ms
[2024-08-15T14:30:41.409+0000][7337.354s][info][gc,start    ] GC(1567) Pause Young (Prepare Mixed) (G1 Evacuation Pause)
[2024-08-15T14:30:41.409+0000][7337.354s][info][gc,task     ] GC(1567) Using 6 workers of 6 for evacuation
[2024-08-15T14:30:41.446+0000][7337.391s][info][gc,phases   ] GC(1567)   Pre Evacuate Collection Set: 0.2ms
[2024-08-15T14:30:41.446+0000][7337.391s][info][gc,phases   ] GC(1567)   Merge Heap Roots: 0.4ms
[2024-08-15T14:30:41.446+0000][7337.391s][info][gc,phases   ] GC(1567)   Evacuate Collection Set: 34.7ms
[2024-08-15T14:30:41.446+0000][7337.391s][info][gc,phases   ] GC(1567)   Post Evacuate Collection Set: 1.9ms
[2024-08-15T14:30:41.446+0000][7337.391s][info][gc,phases   ] GC(1567)   Other: 0.2ms
[2024-08-15T14:30:41.446+0000][7337.391s][info][gc,heap     ] GC(1567) Eden regions: 743->0(62)
[2024-08-15T14:30:41.446+0000][7337.391s][info][gc,heap     ] GC(1567) Survivor regions: 15->14(95)
[2024-08-15T14:30:41.446+0000][7337.391s][info][gc,heap     ] GC(1567) Old regions: 448->448
[2024-08-15T14:30:41.446+0000][7337.391s][info][gc,heap     ] GC(1567) Archive regions: 2->2
[2024-08-15T14:30:41.446+0000][7337.391s][info][gc,heap     ] GC(1567) Humongous regions: 5->5
[2024-08-15T14:30:41.446+0000][7337.391s][info][gc,metaspace] GC(1567) Metaspace: 441655K(448000K)->441655K(448000K) NonClass: 386655K(390272K)->386655K(390272K) Class: 54999K(57728K)->54999K(57728K)
[2024-08-15T14:30:41.446+0000][7337.391s][info][gc          ] GC(1567) Pause Young (Prepare Mixed) (G1 Evacuation Pause) 9689M->3733M(12288M) 37.303ms
[2024-08-15T14:30:41.446+0000][7337.391s][info][gc,cpu      ] GC(1567) User=0.22s Sys=0.00s Real=0.04s
[2024-08-15T14:30:42.109+0000][7338.054s][info][gc,start    ] GC(1568) Pause Young (Mixed) (G1 Evacuation Pause)
[2024-08-15T14:30:42.109+0000][7338.054s][info][gc,task     ] GC(1568) Using 6 workers of 6 for evacuation
[2024-08-15T14:30:42.196+0000][7338.141s][info][gc,phases   ] GC(1568)   Pre Evacuate Collection Set: 0.2ms
[2024-08-15T14:30:42.196+0000][7338.141s][info][gc,phases   ] GC(1568)   Merge Heap Roots: 0.5ms
[2024-08-15T14:30:42.196+0000][7338.141s][info][gc,phases   ] GC(1568)   Evacuate Collection Set: 85.0ms
[2024-08-15T14:30:42.196+0000][7338.141s][info][gc,phases   ] GC(1568)   Post Evacuate Collection Set: 1.3ms
[2024-08-15T14:30:42.196+0000][7338.141s][info][gc,phases   ] GC(1568)   Other: 0.2ms
[2024-08-15T14:30:42.196+0000][7338.141s][info][gc,heap     ] GC(1568) Eden regions: 62->0(751)
[2024-08-15T14:30:42.196+0000][7338.141s][info][gc,heap     ] GC(1568) Survivor regions: 14->5(10)
[2024-08-15T14:30:42.196+0000][7338.141s][info][gc,heap     ] GC(1568) Old regions: 448->450
[2024-08-15T14:30:42.196+0000][7338.141s][info][gc,heap     ] GC(1568) Archive regions: 2->2
[2024-08-15T14:30:42.196+0000][7338.141s][info][gc,heap     ] GC(1568) Humongous regions: 5->5
[2024-08-15T14:30:42.196+0000][7338.141s][info][gc,metaspace] GC(1568) Metaspace: 441655K(448000K)->441655K(448000K) NonClass: 386655K(390272K)->386655K(390272K) Class: 54999K(57728K)->54999K(57728K)
[2024-08-15T14:30:42.196+0000][7338.141s][info][gc          ] GC(1568) Pause Young (Mixed) (G1 Evacuation Pause) 4229M->3679M(12288M) 87.163ms
[2024-08-15T14:30:42.197+0000][7338.141s][info][gc,cpu      ] GC(1568) User=0.51s Sys=0.00s Real=0.09s
[2024-08-15T14:30:50.667+0000][7346.611s][info][gc,start    ] GC(1569) Pause Young (Normal) (G1 Evacuation Pause)
[2024-08-15T14:30:50.667+0000][7346.611s][info][gc,task     ] GC(1569) Using 6 workers of 6 for evacuation
[2024-08-15T14:30:50.690+0000][7346.634s][info][gc,phases   ] GC(1569)   Pre Evacuate Collection Set: 0.2ms
[2024-08-15T14:30:50.690+0000][7346.635s][info][gc,phases   ] GC(1569)   Merge Heap Roots: 0.3ms
[2024-08-15T14:30:50.690+0000][7346.635s][info][gc,phases   ] GC(1569)   Evacuate Collection Set: 21.0ms
[2024-08-15T14:30:50.690+0000][7346.635s][info][gc,phases   ] GC(1569)   Post Evacuate Collection Set: 1.7ms
[2024-08-15T14:30:50.690+0000][7346.635s][info][gc,phases   ] GC(1569)   Other: 0.2ms
[2024-08-15T14:30:50.690+0000][7346.635s][info][gc,heap     ] GC(1569) Eden regions: 751->0(748)
[2024-08-15T14:30:50.690+0000][7346.635s][info][gc,heap     ] GC(1569) Survivor regions: 5->8(95)
[2024-08-15T14:30:50.690+0000][7346.635s][info][gc,heap     ] GC(1569) Old regions: 450->450
[2024-08-15T14:30:50.690+0000][7346.635s][info][gc,heap     ] GC(1569) Archive regions: 2->2
[2024-08-15T14:30:50.690+0000][7346.635s][info][gc,heap     ] GC(1569) Humongous regions: 5->5
[2024-08-15T14:30:50.690+0000][7346.635s][info][gc,metaspace] GC(1569) Metaspace: 441655K(448000K)->441655K(448000K) NonClass: 386656K(390272K)->386656K(390272K) Class: 54999K(57728K)->54999K(57728K)
[2024-08-15T14:30:50.690+0000][7346.635s][info][gc          ] GC(1569) Pause Young (Normal) (G1 Evacuation Pause) 9687M->3704M(12288M) 23.441ms
[2024-08-15T14:30:50.690+0000][7346.635s][info][gc,cpu      ] GC(1569) User=0.14s Sys=0.00s Real=0.02s
[2024-08-15T14:30:58.691+0000][7354.636s][info][gc,start    ] GC(1570) Pause Young (Normal) (G1 Evacuation Pause)
[2024-08-15T14:30:58.691+0000][7354.636s][info][gc,task     ] GC(1570) Using 6 workers of 6 for evacuation
[2024-08-15T14:30:58.717+0000][7354.661s][info][gc,phases   ] GC(1570)   Pre Evacuate Collection Set: 0.2ms
[2024-08-15T14:30:58.717+0000][7354.661s][info][gc,phases   ] GC(1570)   Merge Heap Roots: 0.3ms
[2024-08-15T14:30:58.717+0000][7354.661s][info][gc,phases   ] GC(1570)   Evacuate Collection Set: 23.5ms
[2024-08-15T14:30:58.717+0000][7354.661s][info][gc,phases   ] GC(1570)   Post Evacuate Collection Set: 1.7ms
[2024-08-15T14:30:58.717+0000][7354.661s][info][gc,phases   ] GC(1570)   Other: 0.2ms
[2024-08-15T14:30:58.717+0000][7354.661s][info][gc,heap     ] GC(1570) Eden regions: 748->0(746)
[2024-08-15T14:30:58.717+0000][7354.661s][info][gc,heap     ] GC(1570) Survivor regions: 8->10(95)
[2024-08-15T14:30:58.717+0000][7354.661s][info][gc,heap     ] GC(1570) Old regions: 450->450
[2024-08-15T14:30:58.717+0000][7354.661s][info][gc,heap     ] GC(1570) Archive regions: 2->2
[2024-08-15T14:30:58.717+0000][7354.662s][info][gc,heap     ] GC(1570) Humongous regions: 5->5
[2024-08-15T14:30:58.717+0000][7354.662s][info][gc,metaspace] GC(1570) Metaspace: 441655K(448000K)->441655K(448000K) NonClass: 386656K(390272K)->386656K(390272K) Class: 54999K(57728K)->54999K(57728K)
[2024-08-15T14:30:58.717+0000][7354.662s][info][gc          ] GC(1570) Pause Young (Normal) (G1 Evacuation Pause) 9688M->3724M(12288M) 26.018ms
[2024-08-15T14:30:58.717+0000][7354.662s][info][gc,cpu      ] GC(1570) User=0.14s Sys=0.01s Real=0.03s
[2024-08-15T14:31:06.747+0000][7362.692s][info][gc,start    ] GC(1571) Pause Young (Concurrent Start) (G1 Evacuation Pause)
[2024-08-15T14:31:06.747+0000][7362.692s][info][gc,task     ] GC(1571) Using 6 workers of 6 for evacuation
[2024-08-15T14:31:06.779+0000][7362.723s][info][gc,phases   ] GC(1571)   Pre Evacuate Collection Set: 0.6ms
[2024-08-15T14:31:06.779+0000][7362.723s][info][gc,phases   ] GC(1571)   Merge Heap Roots: 0.3ms
[2024-08-15T14:31:06.779+0000][7362.723s][info][gc,phases   ] GC(1571)   Evacuate Collection Set: 28.4ms
[2024-08-15T14:31:06.779+0000][7362.723s][info][gc,phases   ] GC(1571)   Post Evacuate Collection Set: 1.8ms
[2024-08-15T14:31:06.779+0000][7362.723s][info][gc,phases   ] GC(1571)   Other: 0.3ms
[2024-08-15T14:31:06.779+0000][7362.723s][info][gc,heap     ] GC(1571) Eden regions: 746->0(746)
[2024-08-15T14:31:06.779+0000][7362.723s][info][gc,heap     ] GC(1571) Survivor regions: 10->11(95)
[2024-08-15T14:31:06.779+0000][7362.723s][info][gc,heap     ] GC(1571) Old regions: 450->450
[2024-08-15T14:31:06.779+0000][7362.723s][info][gc,heap     ] GC(1571) Archive regions: 2->2
[2024-08-15T14:31:06.779+0000][7362.723s][info][gc,heap     ] GC(1571) Humongous regions: 5->5
[2024-08-15T14:31:06.779+0000][7362.723s][info][gc,metaspace] GC(1571) Metaspace: 441656K(448000K)->441656K(448000K) NonClass: 386656K(390272K)->386656K(390272K) Class: 54999K(57728K)->54999K(57728K)
[2024-08-15T14:31:06.779+0000][7362.723s][info][gc          ] GC(1571) Pause Young (Concurrent Start) (G1 Evacuation Pause) 9692M->3730M(12288M) 31.333ms
[2024-08-15T14:31:06.779+0000][7362.723s][info][gc,cpu      ] GC(1571) User=0.18s Sys=0.00s Real=0.03s
[2024-08-15T14:31:06.779+0000][7362.723s][info][gc          ] GC(1572) Concurrent Mark Cycle
[2024-08-15T14:31:06.779+0000][7362.723s][info][gc,marking  ] GC(1572) Concurrent Clear Claimed Marks
[2024-08-15T14:31:06.779+0000][7362.724s][info][gc,marking  ] GC(1572) Concurrent Clear Claimed Marks 0.470ms
[2024-08-15T14:31:06.779+0000][7362.724s][info][gc,marking  ] GC(1572) Concurrent Scan Root Regions
[2024-08-15T14:31:06.809+0000][7362.754s][info][gc,marking  ] GC(1572) Concurrent Scan Root Regions 30.042ms
[2024-08-15T14:31:06.809+0000][7362.754s][info][gc,marking  ] GC(1572) Concurrent Mark
[2024-08-15T14:31:06.809+0000][7362.754s][info][gc,marking  ] GC(1572) Concurrent Mark From Roots
[2024-08-15T14:31:06.809+0000][7362.754s][info][gc,task     ] GC(1572) Using 2 workers of 2 for marking
[2024-08-15T14:31:09.575+0000][7365.519s][info][gc,marking  ] GC(1572) Concurrent Mark From Roots 2765.346ms
[2024-08-15T14:31:09.575+0000][7365.519s][info][gc,marking  ] GC(1572) Concurrent Preclean
[2024-08-15T14:31:09.576+0000][7365.521s][info][gc,marking  ] GC(1572) Concurrent Preclean 1.461ms
[2024-08-15T14:31:09.576+0000][7365.521s][info][gc,start    ] GC(1572) Pause Remark
[2024-08-15T14:31:09.600+0000][7365.545s][info][gc          ] GC(1572) Pause Remark 5642M->5642M(12288M) 23.597ms
[2024-08-15T14:31:09.600+0000][7365.545s][info][gc,cpu      ] GC(1572) User=0.10s Sys=0.00s Real=0.02s
[2024-08-15T14:31:09.600+0000][7365.545s][info][gc,marking  ] GC(1572) Concurrent Mark 2790.765ms
[2024-08-15T14:31:09.600+0000][7365.545s][info][gc,marking  ] GC(1572) Concurrent Rebuild Remembered Sets
[2024-08-15T14:31:11.208+0000][7367.153s][info][gc,marking  ] GC(1572) Concurrent Rebuild Remembered Sets 1608.236ms
[2024-08-15T14:31:11.208+0000][7367.153s][info][gc,start    ] GC(1572) Pause Cleanup
[2024-08-15T14:31:11.209+0000][7367.154s][info][gc          ] GC(1572) Pause Cleanup 6774M->6774M(12288M) 0.640ms
[2024-08-15T14:31:11.209+0000][7367.154s][info][gc,cpu      ] GC(1572) User=0.00s Sys=0.00s Real=0.00s
[2024-08-15T14:31:11.209+0000][7367.154s][info][gc,marking  ] GC(1572) Concurrent Cleanup for Next Mark
[2024-08-15T14:31:11.226+0000][7367.171s][info][gc,marking  ] GC(1572) Concurrent Cleanup for Next Mark 17.121ms
[2024-08-15T14:31:11.226+0000][7367.171s][info][gc          ] GC(1572) Concurrent Mark Cycle 4447.753ms
[2024-08-15T14:31:15.355+0000][7371.300s][info][gc,start    ] GC(1573) Pause Young (Prepare Mixed) (G1 Evacuation Pause)
[2024-08-15T14:31:15.355+0000][7371.300s][info][gc,task     ] GC(1573) Using 6 workers of 6 for evacuation
[2024-08-15T14:31:15.390+0000][7371.335s][info][gc,phases   ] GC(1573)   Pre Evacuate Collection Set: 0.2ms
[2024-08-15T14:31:15.390+0000][7371.335s][info][gc,phases   ] GC(1573)   Merge Heap Roots: 0.3ms
[2024-08-15T14:31:15.390+0000][7371.335s][info][gc,phases   ] GC(1573)   Evacuate Collection Set: 33.0ms
[2024-08-15T14:31:15.390+0000][7371.335s][info][gc,phases   ] GC(1573)   Post Evacuate Collection Set: 1.7ms
[2024-08-15T14:31:15.390+0000][7371.335s][info][gc,phases   ] GC(1573)   Other: 0.2ms
[2024-08-15T14:31:15.390+0000][7371.335s][info][gc,heap     ] GC(1573) Eden regions: 746->0(62)
[2024-08-15T14:31:15.390+0000][7371.335s][info][gc,heap     ] GC(1573) Survivor regions: 11->14(95)
[2024-08-15T14:31:15.390+0000][7371.335s][info][gc,heap     ] GC(1573) Old regions: 450->450
[2024-08-15T14:31:15.390+0000][7371.335s][info][gc,heap     ] GC(1573) Archive regions: 2->2
[2024-08-15T14:31:15.391+0000][7371.335s][info][gc,heap     ] GC(1573) Humongous regions: 5->5
[2024-08-15T14:31:15.391+0000][7371.335s][info][gc,metaspace] GC(1573) Metaspace: 441672K(448000K)->441672K(448000K) NonClass: 386672K(390272K)->386672K(390272K) Class: 54999K(57728K)->54999K(57728K)
[2024-08-15T14:31:15.391+0000][7371.335s][info][gc          ] GC(1573) Pause Young (Prepare Mixed) (G1 Evacuation Pause) 9698M->3752M(12288M) 35.591ms
[2024-08-15T14:31:15.391+0000][7371.335s][info][gc,cpu      ] GC(1573) User=0.21s Sys=0.00s Real=0.04s
[2024-08-15T14:31:16.062+0000][7372.007s][info][gc,start    ] GC(1574) Pause Young (Mixed) (G1 Evacuation Pause)
[2024-08-15T14:31:16.062+0000][7372.007s][info][gc,task     ] GC(1574) Using 6 workers of 6 for evacuation
[2024-08-15T14:31:16.147+0000][7372.092s][info][gc,phases   ] GC(1574)   Pre Evacuate Collection Set: 0.2ms
[2024-08-15T14:31:16.147+0000][7372.092s][info][gc,phases   ] GC(1574)   Merge Heap Roots: 0.4ms
[2024-08-15T14:31:16.147+0000][7372.092s][info][gc,phases   ] GC(1574)   Evacuate Collection Set: 82.5ms
[2024-08-15T14:31:16.147+0000][7372.092s][info][gc,phases   ] GC(1574)   Post Evacuate Collection Set: 1.3ms
[2024-08-15T14:31:16.147+0000][7372.092s][info][gc,phases   ] GC(1574)   Other: 0.2ms
[2024-08-15T14:31:16.147+0000][7372.092s][info][gc,heap     ] GC(1574) Eden regions: 62->0(751)
[2024-08-15T14:31:16.147+0000][7372.092s][info][gc,heap     ] GC(1574) Survivor regions: 14->5(10)
[2024-08-15T14:31:16.147+0000][7372.092s][info][gc,heap     ] GC(1574) Old regions: 450->452
[2024-08-15T14:31:16.147+0000][7372.092s][info][gc,heap     ] GC(1574) Archive regions: 2->2
[2024-08-15T14:31:16.147+0000][7372.092s][info][gc,heap     ] GC(1574) Humongous regions: 5->5
[2024-08-15T14:31:16.147+0000][7372.092s][info][gc,metaspace] GC(1574) Metaspace: 441672K(448000K)->441672K(448000K) NonClass: 386672K(390272K)->386672K(390272K) Class: 54999K(57728K)->54999K(57728K)
[2024-08-15T14:31:16.147+0000][7372.092s][info][gc          ] GC(1574) Pause Young (Mixed) (G1 Evacuation Pause) 4248M->3692M(12288M) 84.617ms
[2024-08-15T14:31:16.147+0000][7372.092s][info][gc,cpu      ] GC(1574) User=0.50s Sys=0.01s Real=0.09s
[2024-08-15T14:31:24.521+0000][7380.465s][info][gc,start    ] GC(1575) Pause Young (Normal) (G1 Evacuation Pause)
[2024-08-15T14:31:24.521+0000][7380.465s][info][gc,task     ] GC(1575) Using 6 workers of 6 for evacuation
[2024-08-15T14:31:24.541+0000][7380.486s][info][gc,phases   ] GC(1575)   Pre Evacuate Collection Set: 0.2ms
[2024-08-15T14:31:24.541+0000][7380.486s][info][gc,phases   ] GC(1575)   Merge Heap Roots: 0.3ms
[2024-08-15T14:31:24.541+0000][7380.486s][info][gc,phases   ] GC(1575)   Evacuate Collection Set: 18.2ms
[2024-08-15T14:31:24.541+0000][7380.486s][info][gc,phases   ] GC(1575)   Post Evacuate Collection Set: 1.7ms
[2024-08-15T14:31:24.541+0000][7380.486s][info][gc,phases   ] GC(1575)   Other: 0.2ms
[2024-08-15T14:31:24.541+0000][7380.486s][info][gc,heap     ] GC(1575) Eden regions: 751->0(748)
[2024-08-15T14:31:24.541+0000][7380.486s][info][gc,heap     ] GC(1575) Survivor regions: 5->8(95)
[2024-08-15T14:31:24.541+0000][7380.486s][info][gc,heap     ] GC(1575) Old regions: 452->452
[2024-08-15T14:31:24.541+0000][7380.486s][info][gc,heap     ] GC(1575) Archive regions: 2->2
[2024-08-15T14:31:24.541+0000][7380.486s][info][gc,heap     ] GC(1575) Humongous regions: 5->5
[2024-08-15T14:31:24.541+0000][7380.486s][info][gc,metaspace] GC(1575) Metaspace: 441672K(448000K)->441672K(448000K) NonClass: 386672K(390272K)->386672K(390272K) Class: 54999K(57728K)->54999K(57728K)
[2024-08-15T14:31:24.541+0000][7380.486s][info][gc          ] GC(1575) Pause Young (Normal) (G1 Evacuation Pause) 9700M->3716M(12288M) 20.586ms
[2024-08-15T14:31:24.541+0000][7380.486s][info][gc,cpu      ] GC(1575) User=0.12s Sys=0.00s Real=0.02s
[2024-08-15T14:31:32.692+0000][7388.637s][info][gc,start    ] GC(1576) Pause Young (Normal) (G1 Evacuation Pause)
[2024-08-15T14:31:32.692+0000][7388.637s][info][gc,task     ] GC(1576) Using 6 workers of 6 for evacuation
[2024-08-15T14:31:32.721+0000][7388.665s][info][gc,phases   ] GC(1576)   Pre Evacuate Collection Set: 0.2ms
[2024-08-15T14:31:32.721+0000][7388.665s][info][gc,phases   ] GC(1576)   Merge Heap Roots: 0.2ms
[2024-08-15T14:31:32.721+0000][7388.665s][info][gc,phases   ] GC(1576)   Evacuate Collection Set: 26.4ms
[2024-08-15T14:31:32.721+0000][7388.665s][info][gc,phases   ] GC(1576)   Post Evacuate Collection Set: 1.6ms
[2024-08-15T14:31:32.721+0000][7388.665s][info][gc,phases   ] GC(1576)   Other: 0.3ms
[2024-08-15T14:31:32.721+0000][7388.665s][info][gc,heap     ] GC(1576) Eden regions: 748->0(747)
[2024-08-15T14:31:32.721+0000][7388.665s][info][gc,heap     ] GC(1576) Survivor regions: 8->9(95)
[2024-08-15T14:31:32.721+0000][7388.665s][info][gc,heap     ] GC(1576) Old regions: 452->452
[2024-08-15T14:31:32.721+0000][7388.665s][info][gc,heap     ] GC(1576) Archive regions: 2->2
[2024-08-15T14:31:32.721+0000][7388.665s][info][gc,heap     ] GC(1576) Humongous regions: 5->5
[2024-08-15T14:31:32.721+0000][7388.665s][info][gc,metaspace] GC(1576) Metaspace: 441672K(448000K)->441672K(448000K) NonClass: 386672K(390272K)->386672K(390272K) Class: 54999K(57728K)->54999K(57728K)
[2024-08-15T14:31:32.721+0000][7388.665s][info][gc          ] GC(1576) Pause Young (Normal) (G1 Evacuation Pause) 9700M->3725M(12288M) 28.697ms
[2024-08-15T14:31:32.721+0000][7388.665s][info][gc,cpu      ] GC(1576) User=0.17s Sys=0.00s Real=0.03s
[2024-08-15T14:31:40.965+0000][7396.910s][info][gc,start    ] GC(1577) Pause Young (Concurrent Start) (G1 Evacuation Pause)
[2024-08-15T14:31:40.965+0000][7396.910s][info][gc,task     ] GC(1577) Using 6 workers of 6 for evacuation
[2024-08-15T14:31:41.000+0000][7396.944s][info][gc,phases   ] GC(1577)   Pre Evacuate Collection Set: 0.6ms
[2024-08-15T14:31:41.000+0000][7396.944s][info][gc,phases   ] GC(1577)   Merge Heap Roots: 0.3ms
[2024-08-15T14:31:41.000+0000][7396.944s][info][gc,phases   ] GC(1577)   Evacuate Collection Set: 31.8ms
[2024-08-15T14:31:41.000+0000][7396.944s][info][gc,phases   ] GC(1577)   Post Evacuate Collection Set: 1.9ms
[2024-08-15T14:31:41.000+0000][7396.945s][info][gc,phases   ] GC(1577)   Other: 0.3ms
[2024-08-15T14:31:41.000+0000][7396.945s][info][gc,heap     ] GC(1577) Eden regions: 747->0(744)
[2024-08-15T14:31:41.000+0000][7396.945s][info][gc,heap     ] GC(1577) Survivor regions: 9->12(95)
[2024-08-15T14:31:41.000+0000][7396.945s][info][gc,heap     ] GC(1577) Old regions: 452->452
[2024-08-15T14:31:41.000+0000][7396.945s][info][gc,heap     ] GC(1577) Archive regions: 2->2
[2024-08-15T14:31:41.000+0000][7396.945s][info][gc,heap     ] GC(1577) Humongous regions: 5->5
[2024-08-15T14:31:41.000+0000][7396.945s][info][gc,metaspace] GC(1577) Metaspace: 441682K(448064K)->441682K(448064K) NonClass: 386683K(390336K)->386683K(390336K) Class: 54999K(57728K)->54999K(57728K)
[2024-08-15T14:31:41.000+0000][7396.945s][info][gc          ] GC(1577) Pause Young (Concurrent Start) (G1 Evacuation Pause) 9701M->3747M(12288M) 34.930ms
[2024-08-15T14:31:41.000+0000][7396.945s][info][gc,cpu      ] GC(1577) User=0.20s Sys=0.00s Real=0.03s
[2024-08-15T14:31:41.000+0000][7396.945s][info][gc          ] GC(1578) Concurrent Mark Cycle
[2024-08-15T14:31:41.000+0000][7396.945s][info][gc,marking  ] GC(1578) Concurrent Clear Claimed Marks
[2024-08-15T14:31:41.000+0000][7396.945s][info][gc,marking  ] GC(1578) Concurrent Clear Claimed Marks 0.424ms
[2024-08-15T14:31:41.001+0000][7396.945s][info][gc,marking  ] GC(1578) Concurrent Scan Root Regions
[2024-08-15T14:31:41.042+0000][7396.986s][info][gc,marking  ] GC(1578) Concurrent Scan Root Regions 41.273ms
[2024-08-15T14:31:41.042+0000][7396.986s][info][gc,marking  ] GC(1578) Concurrent Mark
[2024-08-15T14:31:41.042+0000][7396.986s][info][gc,marking  ] GC(1578) Concurrent Mark From Roots
[2024-08-15T14:31:41.042+0000][7396.986s][info][gc,task     ] GC(1578) Using 2 workers of 2 for marking
[2024-08-15T14:31:43.715+0000][7399.660s][info][gc,marking  ] GC(1578) Concurrent Mark From Roots 2673.218ms
[2024-08-15T14:31:43.715+0000][7399.660s][info][gc,marking  ] GC(1578) Concurrent Preclean
[2024-08-15T14:31:43.717+0000][7399.661s][info][gc,marking  ] GC(1578) Concurrent Preclean 1.511ms
[2024-08-15T14:31:43.717+0000][7399.661s][info][gc,start    ] GC(1578) Pause Remark
[2024-08-15T14:31:43.742+0000][7399.687s][info][gc          ] GC(1578) Pause Remark 5555M->5555M(12288M) 25.245ms
[2024-08-15T14:31:43.742+0000][7399.687s][info][gc,cpu      ] GC(1578) User=0.10s Sys=0.00s Real=0.02s
[2024-08-15T14:31:43.742+0000][7399.687s][info][gc,marking  ] GC(1578) Concurrent Mark 2700.389ms
[2024-08-15T14:31:43.742+0000][7399.687s][info][gc,marking  ] GC(1578) Concurrent Rebuild Remembered Sets
[2024-08-15T14:31:45.346+0000][7401.291s][info][gc,marking  ] GC(1578) Concurrent Rebuild Remembered Sets 1603.627ms
[2024-08-15T14:31:45.346+0000][7401.291s][info][gc,start    ] GC(1578) Pause Cleanup
[2024-08-15T14:31:45.347+0000][7401.291s][info][gc          ] GC(1578) Pause Cleanup 6679M->6679M(12288M) 0.641ms
[2024-08-15T14:31:45.347+0000][7401.291s][info][gc,cpu      ] GC(1578) User=0.00s Sys=0.00s Real=0.00s
[2024-08-15T14:31:45.347+0000][7401.291s][info][gc,marking  ] GC(1578) Concurrent Cleanup for Next Mark
[2024-08-15T14:31:45.364+0000][7401.308s][info][gc,marking  ] GC(1578) Concurrent Cleanup for Next Mark 17.029ms
[2024-08-15T14:31:45.364+0000][7401.309s][info][gc          ] GC(1578) Concurrent Mark Cycle 4363.837ms
[2024-08-15T14:31:49.454+0000][7405.399s][info][gc,start    ] GC(1579) Pause Young (Prepare Mixed) (G1 Evacuation Pause)
[2024-08-15T14:31:49.454+0000][7405.399s][info][gc,task     ] GC(1579) Using 6 workers of 6 for evacuation
[2024-08-15T14:31:49.495+0000][7405.439s][info][gc,phases   ] GC(1579)   Pre Evacuate Collection Set: 0.2ms
[2024-08-15T14:31:49.495+0000][7405.440s][info][gc,phases   ] GC(1579)   Merge Heap Roots: 0.3ms
[2024-08-15T14:31:49.495+0000][7405.440s][info][gc,phases   ] GC(1579)   Evacuate Collection Set: 38.3ms
[2024-08-15T14:31:49.495+0000][7405.440s][info][gc,phases   ] GC(1579)   Post Evacuate Collection Set: 1.8ms
[2024-08-15T14:31:49.495+0000][7405.440s][info][gc,phases   ] GC(1579)   Other: 0.2ms
[2024-08-15T14:31:49.495+0000][7405.440s][info][gc,heap     ] GC(1579) Eden regions: 744->0(61)
[2024-08-15T14:31:49.495+0000][7405.440s][info][gc,heap     ] GC(1579) Survivor regions: 12->15(95)
[2024-08-15T14:31:49.495+0000][7405.440s][info][gc,heap     ] GC(1579) Old regions: 452->452
[2024-08-15T14:31:49.495+0000][7405.440s][info][gc,heap     ] GC(1579) Archive regions: 2->2
[2024-08-15T14:31:49.495+0000][7405.440s][info][gc,heap     ] GC(1579) Humongous regions: 5->5
[2024-08-15T14:31:49.495+0000][7405.440s][info][gc,metaspace] GC(1579) Metaspace: 441682K(448064K)->441682K(448064K) NonClass: 386683K(390336K)->386683K(390336K) Class: 54999K(57728K)->54999K(57728K)
[2024-08-15T14:31:49.495+0000][7405.440s][info][gc          ] GC(1579) Pause Young (Prepare Mixed) (G1 Evacuation Pause) 9699M->3774M(12288M) 40.803ms
[2024-08-15T14:31:49.495+0000][7405.440s][info][gc,cpu      ] GC(1579) User=0.24s Sys=0.00s Real=0.04s
[2024-08-15T14:31:50.142+0000][7406.087s][info][gc,start    ] GC(1580) Pause Young (Mixed) (G1 Evacuation Pause)
[2024-08-15T14:31:50.142+0000][7406.087s][info][gc,task     ] GC(1580) Using 6 workers of 6 for evacuation
[2024-08-15T14:31:50.232+0000][7406.177s][info][gc,phases   ] GC(1580)   Pre Evacuate Collection Set: 0.2ms
[2024-08-15T14:31:50.232+0000][7406.177s][info][gc,phases   ] GC(1580)   Merge Heap Roots: 0.5ms
[2024-08-15T14:31:50.232+0000][7406.177s][info][gc,phases   ] GC(1580)   Evacuate Collection Set: 87.3ms
[2024-08-15T14:31:50.232+0000][7406.177s][info][gc,phases   ] GC(1580)   Post Evacuate Collection Set: 1.5ms
[2024-08-15T14:31:50.232+0000][7406.177s][info][gc,phases   ] GC(1580)   Other: 0.3ms
[2024-08-15T14:31:50.232+0000][7406.177s][info][gc,heap     ] GC(1580) Eden regions: 61->0(747)
[2024-08-15T14:31:50.232+0000][7406.177s][info][gc,heap     ] GC(1580) Survivor regions: 15->5(10)
[2024-08-15T14:31:50.232+0000][7406.177s][info][gc,heap     ] GC(1580) Old regions: 452->455
[2024-08-15T14:31:50.232+0000][7406.177s][info][gc,heap     ] GC(1580) Archive regions: 2->2
[2024-08-15T14:31:50.232+0000][7406.177s][info][gc,heap     ] GC(1580) Humongous regions: 5->5
[2024-08-15T14:31:50.232+0000][7406.177s][info][gc,metaspace] GC(1580) Metaspace: 441682K(448064K)->441682K(448064K) NonClass: 386683K(390336K)->386683K(390336K) Class: 54999K(57728K)->54999K(57728K)
[2024-08-15T14:31:50.232+0000][7406.177s][info][gc          ] GC(1580) Pause Young (Mixed) (G1 Evacuation Pause) 4262M->3718M(12288M) 89.770ms
[2024-08-15T14:31:50.232+0000][7406.177s][info][gc,cpu      ] GC(1580) User=0.53s Sys=0.00s Real=0.09s
[2024-08-15T14:31:57.788+0000][7413.733s][info][gc,start    ] GC(1581) Pause Young (Normal) (G1 Evacuation Pause)
[2024-08-15T14:31:57.788+0000][7413.733s][info][gc,task     ] GC(1581) Using 6 workers of 6 for evacuation
[2024-08-15T14:31:57.806+0000][7413.750s][info][gc,phases   ] GC(1581)   Pre Evacuate Collection Set: 0.2ms
[2024-08-15T14:31:57.806+0000][7413.750s][info][gc,phases   ] GC(1581)   Merge Heap Roots: 0.2ms
[2024-08-15T14:31:57.806+0000][7413.750s][info][gc,phases   ] GC(1581)   Evacuate Collection Set: 15.2ms
[2024-08-15T14:31:57.806+0000][7413.750s][info][gc,phases   ] GC(1581)   Post Evacuate Collection Set: 1.7ms
[2024-08-15T14:31:57.806+0000][7413.750s][info][gc,phases   ] GC(1581)   Other: 0.2ms
[2024-08-15T14:31:57.806+0000][7413.751s][info][gc,heap     ] GC(1581) Eden regions: 747->0(747)
[2024-08-15T14:31:57.806+0000][7413.751s][info][gc,heap     ] GC(1581) Survivor regions: 5->6(94)
[2024-08-15T14:31:57.806+0000][7413.751s][info][gc,heap     ] GC(1581) Old regions: 455->455
[2024-08-15T14:31:57.806+0000][7413.751s][info][gc,heap     ] GC(1581) Archive regions: 2->2
[2024-08-15T14:31:57.806+0000][7413.751s][info][gc,heap     ] GC(1581) Humongous regions: 5->5
[2024-08-15T14:31:57.806+0000][7413.751s][info][gc,metaspace] GC(1581) Metaspace: 441698K(448064K)->441698K(448064K) NonClass: 386698K(390336K)->386698K(390336K) Class: 54999K(57728K)->54999K(57728K)
[2024-08-15T14:31:57.806+0000][7413.751s][info][gc          ] GC(1581) Pause Young (Normal) (G1 Evacuation Pause) 9694M->3723M(12288M) 17.565ms
[2024-08-15T14:31:57.806+0000][7413.751s][info][gc,cpu      ] GC(1581) User=0.10s Sys=0.00s Real=0.02s
[2024-08-15T14:32:05.904+0000][7421.848s][info][gc,start    ] GC(1582) Pause Young (Normal) (G1 Evacuation Pause)
[2024-08-15T14:32:05.904+0000][7421.848s][info][gc,task     ] GC(1582) Using 6 workers of 6 for evacuation
[2024-08-15T14:32:05.928+0000][7421.873s][info][gc,phases   ] GC(1582)   Pre Evacuate Collection Set: 0.2ms
[2024-08-15T14:32:05.929+0000][7421.873s][info][gc,phases   ] GC(1582)   Merge Heap Roots: 0.2ms
[2024-08-15T14:32:05.929+0000][7421.873s][info][gc,phases   ] GC(1582)   Evacuate Collection Set: 22.4ms
[2024-08-15T14:32:05.929+0000][7421.873s][info][gc,phases   ] GC(1582)   Post Evacuate Collection Set: 1.8ms
[2024-08-15T14:32:05.929+0000][7421.873s][info][gc,phases   ] GC(1582)   Other: 0.2ms
[2024-08-15T14:32:05.929+0000][7421.873s][info][gc,heap     ] GC(1582) Eden regions: 747->0(744)
[2024-08-15T14:32:05.929+0000][7421.873s][info][gc,heap     ] GC(1582) Survivor regions: 6->9(95)
[2024-08-15T14:32:05.929+0000][7421.873s][info][gc,heap     ] GC(1582) Old regions: 455->455
[2024-08-15T14:32:05.929+0000][7421.873s][info][gc,heap     ] GC(1582) Archive regions: 2->2
[2024-08-15T14:32:05.929+0000][7421.873s][info][gc,heap     ] GC(1582) Humongous regions: 5->5
[2024-08-15T14:32:05.929+0000][7421.873s][info][gc,metaspace] GC(1582) Metaspace: 441698K(448064K)->441698K(448064K) NonClass: 386698K(390336K)->386698K(390336K) Class: 54999K(57728K)->54999K(57728K)
[2024-08-15T14:32:05.929+0000][7421.873s][info][gc          ] GC(1582) Pause Young (Normal) (G1 Evacuation Pause) 9699M->3745M(12288M) 24.854ms
[2024-08-15T14:32:05.929+0000][7421.873s][info][gc,cpu      ] GC(1582) User=0.15s Sys=0.00s Real=0.02s
[2024-08-15T14:32:13.922+0000][7429.867s][info][gc,start    ] GC(1583) Pause Young (Concurrent Start) (G1 Evacuation Pause)
[2024-08-15T14:32:13.922+0000][7429.867s][info][gc,task     ] GC(1583) Using 6 workers of 6 for evacuation
[2024-08-15T14:32:13.952+0000][7429.897s][info][gc,phases   ] GC(1583)   Pre Evacuate Collection Set: 0.6ms
[2024-08-15T14:32:13.952+0000][7429.897s][info][gc,phases   ] GC(1583)   Merge Heap Roots: 0.2ms
[2024-08-15T14:32:13.952+0000][7429.897s][info][gc,phases   ] GC(1583)   Evacuate Collection Set: 27.3ms
[2024-08-15T14:32:13.952+0000][7429.897s][info][gc,phases   ] GC(1583)   Post Evacuate Collection Set: 1.7ms
[2024-08-15T14:32:13.952+0000][7429.897s][info][gc,phases   ] GC(1583)   Other: 0.3ms
[2024-08-15T14:32:13.952+0000][7429.897s][info][gc,heap     ] GC(1583) Eden regions: 744->0(741)
[2024-08-15T14:32:13.952+0000][7429.897s][info][gc,heap     ] GC(1583) Survivor regions: 9->12(95)
[2024-08-15T14:32:13.952+0000][7429.897s][info][gc,heap     ] GC(1583) Old regions: 455->455
[2024-08-15T14:32:13.952+0000][7429.897s][info][gc,heap     ] GC(1583) Archive regions: 2->2
[2024-08-15T14:32:13.952+0000][7429.897s][info][gc,heap     ] GC(1583) Humongous regions: 5->5
[2024-08-15T14:32:13.952+0000][7429.897s][info][gc,metaspace] GC(1583) Metaspace: 441698K(448064K)->441698K(448064K) NonClass: 386698K(390336K)->386698K(390336K) Class: 54999K(57728K)->54999K(57728K)
[2024-08-15T14:32:13.953+0000][7429.897s][info][gc          ] GC(1583) Pause Young (Concurrent Start) (G1 Evacuation Pause) 9697M->3770M(12288M) 30.206ms
[2024-08-15T14:32:13.953+0000][7429.897s][info][gc,cpu      ] GC(1583) User=0.17s Sys=0.00s Real=0.03s
[2024-08-15T14:32:13.953+0000][7429.897s][info][gc          ] GC(1584) Concurrent Mark Cycle
[2024-08-15T14:32:13.953+0000][7429.897s][info][gc,marking  ] GC(1584) Concurrent Clear Claimed Marks
[2024-08-15T14:32:13.953+0000][7429.898s][info][gc,marking  ] GC(1584) Concurrent Clear Claimed Marks 0.451ms
[2024-08-15T14:32:13.953+0000][7429.898s][info][gc,marking  ] GC(1584) Concurrent Scan Root Regions
[2024-08-15T14:32:13.978+0000][7429.923s][info][gc,marking  ] GC(1584) Concurrent Scan Root Regions 24.824ms
[2024-08-15T14:32:13.978+0000][7429.923s][info][gc,marking  ] GC(1584) Concurrent Mark
[2024-08-15T14:32:13.978+0000][7429.923s][info][gc,marking  ] GC(1584) Concurrent Mark From Roots
[2024-08-15T14:32:13.978+0000][7429.923s][info][gc,task     ] GC(1584) Using 2 workers of 2 for marking
[2024-08-15T14:32:16.748+0000][7432.692s][info][gc,marking  ] GC(1584) Concurrent Mark From Roots 2769.541ms
[2024-08-15T14:32:16.748+0000][7432.692s][info][gc,marking  ] GC(1584) Concurrent Preclean
[2024-08-15T14:32:16.749+0000][7432.693s][info][gc,marking  ] GC(1584) Concurrent Preclean 1.274ms
[2024-08-15T14:32:16.749+0000][7432.694s][info][gc,start    ] GC(1584) Pause Remark
[2024-08-15T14:32:16.773+0000][7432.718s][info][gc          ] GC(1584) Pause Remark 5698M->5698M(12288M) 24.449ms
[2024-08-15T14:32:16.773+0000][7432.718s][info][gc,cpu      ] GC(1584) User=0.10s Sys=0.00s Real=0.02s
[2024-08-15T14:32:16.774+0000][7432.718s][info][gc,marking  ] GC(1584) Concurrent Mark 2795.622ms
[2024-08-15T14:32:16.774+0000][7432.718s][info][gc,marking  ] GC(1584) Concurrent Rebuild Remembered Sets
[2024-08-15T14:32:18.367+0000][7434.312s][info][gc,marking  ] GC(1584) Concurrent Rebuild Remembered Sets 1593.613ms
[2024-08-15T14:32:18.367+0000][7434.312s][info][gc,start    ] GC(1584) Pause Cleanup
[2024-08-15T14:32:18.368+0000][7434.313s][info][gc          ] GC(1584) Pause Cleanup 6834M->6834M(12288M) 0.663ms
[2024-08-15T14:32:18.368+0000][7434.313s][info][gc,cpu      ] GC(1584) User=0.00s Sys=0.00s Real=0.00s
[2024-08-15T14:32:18.368+0000][7434.313s][info][gc,marking  ] GC(1584) Concurrent Cleanup for Next Mark
[2024-08-15T14:32:18.386+0000][7434.331s][info][gc,marking  ] GC(1584) Concurrent Cleanup for Next Mark 17.901ms
[2024-08-15T14:32:18.386+0000][7434.331s][info][gc          ] GC(1584) Concurrent Mark Cycle 4433.510ms
[2024-08-15T14:32:21.688+0000][7437.633s][info][gc,start    ] GC(1585) Pause Young (Prepare Mixed) (G1 Evacuation Pause)
[2024-08-15T14:32:21.688+0000][7437.633s][info][gc,task     ] GC(1585) Using 6 workers of 6 for evacuation
[2024-08-15T14:32:21.720+0000][7437.664s][info][gc,phases   ] GC(1585)   Pre Evacuate Collection Set: 0.2ms
[2024-08-15T14:32:21.720+0000][7437.664s][info][gc,phases   ] GC(1585)   Merge Heap Roots: 0.3ms
[2024-08-15T14:32:21.720+0000][7437.664s][info][gc,phases   ] GC(1585)   Evacuate Collection Set: 29.1ms
[2024-08-15T14:32:21.720+0000][7437.664s][info][gc,phases   ] GC(1585)   Post Evacuate Collection Set: 1.8ms
[2024-08-15T14:32:21.720+0000][7437.664s][info][gc,phases   ] GC(1585)   Other: 0.2ms
[2024-08-15T14:32:21.720+0000][7437.664s][info][gc,heap     ] GC(1585) Eden regions: 741->0(63)
[2024-08-15T14:32:21.720+0000][7437.664s][info][gc,heap     ] GC(1585) Survivor regions: 12->13(95)
[2024-08-15T14:32:21.720+0000][7437.664s][info][gc,heap     ] GC(1585) Old regions: 455->455
[2024-08-15T14:32:21.720+0000][7437.664s][info][gc,heap     ] GC(1585) Archive regions: 2->2
[2024-08-15T14:32:21.720+0000][7437.664s][info][gc,heap     ] GC(1585) Humongous regions: 5->5
[2024-08-15T14:32:21.720+0000][7437.664s][info][gc,metaspace] GC(1585) Metaspace: 441698K(448064K)->441698K(448064K) NonClass: 386698K(390336K)->386698K(390336K) Class: 54999K(57728K)->54999K(57728K)
[2024-08-15T14:32:21.720+0000][7437.665s][info][gc          ] GC(1585) Pause Young (Prepare Mixed) (G1 Evacuation Pause) 9698M->3777M(12288M) 31.725ms
[2024-08-15T14:32:21.720+0000][7437.665s][info][gc,cpu      ] GC(1585) User=0.19s Sys=0.00s Real=0.03s
[2024-08-15T14:32:22.236+0000][7438.180s][info][gc,start    ] GC(1586) Pause Young (Mixed) (G1 Evacuation Pause)
[2024-08-15T14:32:22.236+0000][7438.180s][info][gc,task     ] GC(1586) Using 6 workers of 6 for evacuation
[2024-08-15T14:32:22.312+0000][7438.256s][info][gc,phases   ] GC(1586)   Pre Evacuate Collection Set: 0.2ms
[2024-08-15T14:32:22.312+0000][7438.256s][info][gc,phases   ] GC(1586)   Merge Heap Roots: 0.4ms
[2024-08-15T14:32:22.312+0000][7438.256s][info][gc,phases   ] GC(1586)   Evacuate Collection Set: 74.2ms
[2024-08-15T14:32:22.312+0000][7438.256s][info][gc,phases   ] GC(1586)   Post Evacuate Collection Set: 1.3ms
[2024-08-15T14:32:22.312+0000][7438.256s][info][gc,phases   ] GC(1586)   Other: 0.2ms
[2024-08-15T14:32:22.312+0000][7438.256s][info][gc,heap     ] GC(1586) Eden regions: 63->0(750)
[2024-08-15T14:32:22.312+0000][7438.256s][info][gc,heap     ] GC(1586) Survivor regions: 13->4(10)
[2024-08-15T14:32:22.312+0000][7438.256s][info][gc,heap     ] GC(1586) Old regions: 455->455
[2024-08-15T14:32:22.312+0000][7438.256s][info][gc,heap     ] GC(1586) Archive regions: 2->2
[2024-08-15T14:32:22.312+0000][7438.256s][info][gc,heap     ] GC(1586) Humongous regions: 5->5
[2024-08-15T14:32:22.312+0000][7438.257s][info][gc,metaspace] GC(1586) Metaspace: 441698K(448064K)->441698K(448064K) NonClass: 386698K(390336K)->386698K(390336K) Class: 54999K(57728K)->54999K(57728K)
[2024-08-15T14:32:22.312+0000][7438.257s][info][gc          ] GC(1586) Pause Young (Mixed) (G1 Evacuation Pause) 4281M->3711M(12288M) 76.348ms
[2024-08-15T14:32:22.312+0000][7438.257s][info][gc,cpu      ] GC(1586) User=0.45s Sys=0.00s Real=0.07s
[2024-08-15T14:32:28.604+0000][7444.548s][info][gc,start    ] GC(1587) Pause Young (Normal) (G1 Evacuation Pause)
[2024-08-15T14:32:28.604+0000][7444.548s][info][gc,task     ] GC(1587) Using 6 workers of 6 for evacuation
[2024-08-15T14:32:28.623+0000][7444.567s][info][gc,phases   ] GC(1587)   Pre Evacuate Collection Set: 0.2ms
[2024-08-15T14:32:28.623+0000][7444.568s][info][gc,phases   ] GC(1587)   Merge Heap Roots: 0.2ms
[2024-08-15T14:32:28.623+0000][7444.568s][info][gc,phases   ] GC(1587)   Evacuate Collection Set: 16.9ms
[2024-08-15T14:32:28.623+0000][7444.568s][info][gc,phases   ] GC(1587)   Post Evacuate Collection Set: 1.8ms
[2024-08-15T14:32:28.623+0000][7444.568s][info][gc,phases   ] GC(1587)   Other: 0.2ms
[2024-08-15T14:32:28.623+0000][7444.568s][info][gc,heap     ] GC(1587) Eden regions: 750->0(748)
[2024-08-15T14:32:28.623+0000][7444.568s][info][gc,heap     ] GC(1587) Survivor regions: 4->6(95)
[2024-08-15T14:32:28.623+0000][7444.568s][info][gc,heap     ] GC(1587) Old regions: 455->455
[2024-08-15T14:32:28.623+0000][7444.568s][info][gc,heap     ] GC(1587) Archive regions: 2->2
[2024-08-15T14:32:28.623+0000][7444.568s][info][gc,heap     ] GC(1587) Humongous regions: 5->5
[2024-08-15T14:32:28.623+0000][7444.568s][info][gc,metaspace] GC(1587) Metaspace: 441698K(448064K)->441698K(448064K) NonClass: 386698K(390336K)->386698K(390336K) Class: 54999K(57728K)->54999K(57728K)
[2024-08-15T14:32:28.623+0000][7444.568s][info][gc          ] GC(1587) Pause Young (Normal) (G1 Evacuation Pause) 9711M->3726M(12288M) 19.345ms
[2024-08-15T14:32:28.623+0000][7444.568s][info][gc,cpu      ] GC(1587) User=0.11s Sys=0.00s Real=0.01s
[2024-08-15T14:32:36.715+0000][7452.659s][info][gc,start    ] GC(1588) Pause Young (Normal) (G1 Evacuation Pause)
[2024-08-15T14:32:36.715+0000][7452.659s][info][gc,task     ] GC(1588) Using 6 workers of 6 for evacuation
[2024-08-15T14:32:36.743+0000][7452.687s][info][gc,phases   ] GC(1588)   Pre Evacuate Collection Set: 0.2ms
[2024-08-15T14:32:36.743+0000][7452.687s][info][gc,phases   ] GC(1588)   Merge Heap Roots: 0.2ms
[2024-08-15T14:32:36.743+0000][7452.687s][info][gc,phases   ] GC(1588)   Evacuate Collection Set: 25.6ms
[2024-08-15T14:32:36.743+0000][7452.687s][info][gc,phases   ] GC(1588)   Post Evacuate Collection Set: 1.8ms
[2024-08-15T14:32:36.743+0000][7452.687s][info][gc,phases   ] GC(1588)   Other: 0.2ms
[2024-08-15T14:32:36.743+0000][7452.687s][info][gc,heap     ] GC(1588) Eden regions: 748->0(745)
[2024-08-15T14:32:36.743+0000][7452.687s][info][gc,heap     ] GC(1588) Survivor regions: 6->9(95)
[2024-08-15T14:32:36.743+0000][7452.687s][info][gc,heap     ] GC(1588) Old regions: 455->455
[2024-08-15T14:32:36.743+0000][7452.687s][info][gc,heap     ] GC(1588) Archive regions: 2->2
[2024-08-15T14:32:36.743+0000][7452.687s][info][gc,heap     ] GC(1588) Humongous regions: 5->5
[2024-08-15T14:32:36.743+0000][7452.687s][info][gc,metaspace] GC(1588) Metaspace: 441707K(448064K)->441707K(448064K) NonClass: 386708K(390336K)->386708K(390336K) Class: 54999K(57728K)->54999K(57728K)
[2024-08-15T14:32:36.743+0000][7452.688s][info][gc          ] GC(1588) Pause Young (Normal) (G1 Evacuation Pause) 9710M->3751M(12288M) 28.098ms
[2024-08-15T14:32:36.743+0000][7452.688s][info][gc,cpu      ] GC(1588) User=0.16s Sys=0.00s Real=0.03s
[2024-08-15T14:32:39.729+0000][7455.674s][info][gc,start    ] GC(1589) Pause Young (Concurrent Start) (G1 Evacuation Pause)
[2024-08-15T14:32:39.729+0000][7455.674s][info][gc,task     ] GC(1589) Using 6 workers of 6 for evacuation
[2024-08-15T14:32:39.798+0000][7455.743s][info][gc,phases   ] GC(1589)   Pre Evacuate Collection Set: 0.6ms
[2024-08-15T14:32:39.798+0000][7455.743s][info][gc,phases   ] GC(1589)   Merge Heap Roots: 0.2ms
[2024-08-15T14:32:39.798+0000][7455.743s][info][gc,phases   ] GC(1589)   Evacuate Collection Set: 54.0ms
[2024-08-15T14:32:39.798+0000][7455.743s][info][gc,phases   ] GC(1589)   Post Evacuate Collection Set: 13.7ms
[2024-08-15T14:32:39.798+0000][7455.743s][info][gc,phases   ] GC(1589)   Other: 0.3ms
[2024-08-15T14:32:39.798+0000][7455.743s][info][gc,heap     ] GC(1589) Eden regions: 745->0(740)
[2024-08-15T14:32:39.798+0000][7455.743s][info][gc,heap     ] GC(1589) Survivor regions: 9->13(95)
[2024-08-15T14:32:39.798+0000][7455.743s][info][gc,heap     ] GC(1589) Old regions: 455->455
[2024-08-15T14:32:39.798+0000][7455.743s][info][gc,heap     ] GC(1589) Archive regions: 2->2
[2024-08-15T14:32:39.798+0000][7455.743s][info][gc,heap     ] GC(1589) Humongous regions: 5->5
[2024-08-15T14:32:39.798+0000][7455.743s][info][gc,metaspace] GC(1589) Metaspace: 441708K(448064K)->441708K(448064K) NonClass: 386708K(390336K)->386708K(390336K) Class: 54999K(57728K)->54999K(57728K)
[2024-08-15T14:32:39.798+0000][7455.743s][info][gc          ] GC(1589) Pause Young (Concurrent Start) (G1 Evacuation Pause) 9711M->3783M(12288M) 68.987ms
[2024-08-15T14:32:39.798+0000][7455.743s][info][gc,cpu      ] GC(1589) User=0.40s Sys=0.00s Real=0.07s
[2024-08-15T14:32:39.798+0000][7455.743s][info][gc          ] GC(1590) Concurrent Mark Cycle
[2024-08-15T14:32:39.798+0000][7455.743s][info][gc,marking  ] GC(1590) Concurrent Clear Claimed Marks
[2024-08-15T14:32:39.799+0000][7455.743s][info][gc,marking  ] GC(1590) Concurrent Clear Claimed Marks 0.464ms
[2024-08-15T14:32:39.799+0000][7455.743s][info][gc,marking  ] GC(1590) Concurrent Scan Root Regions
[2024-08-15T14:32:39.836+0000][7455.781s][info][gc,marking  ] GC(1590) Concurrent Scan Root Regions 37.652ms
[2024-08-15T14:32:39.836+0000][7455.781s][info][gc,marking  ] GC(1590) Concurrent Mark
[2024-08-15T14:32:39.836+0000][7455.781s][info][gc,marking  ] GC(1590) Concurrent Mark From Roots
[2024-08-15T14:32:39.836+0000][7455.781s][info][gc,task     ] GC(1590) Using 2 workers of 2 for marking
[2024-08-15T14:32:42.682+0000][7458.627s][info][gc,marking  ] GC(1590) Concurrent Mark From Roots 2845.905ms
[2024-08-15T14:32:42.682+0000][7458.627s][info][gc,marking  ] GC(1590) Concurrent Preclean
[2024-08-15T14:32:42.684+0000][7458.629s][info][gc,marking  ] GC(1590) Concurrent Preclean 1.673ms
[2024-08-15T14:32:42.684+0000][7458.629s][info][gc,start    ] GC(1590) Pause Remark
[2024-08-15T14:32:42.708+0000][7458.653s][info][gc          ] GC(1590) Pause Remark 9511M->9511M(12288M) 24.220ms
[2024-08-15T14:32:42.708+0000][7458.653s][info][gc,cpu      ] GC(1590) User=0.10s Sys=0.00s Real=0.02s
[2024-08-15T14:32:42.709+0000][7458.653s][info][gc,marking  ] GC(1590) Concurrent Mark 2872.187ms
[2024-08-15T14:32:42.709+0000][7458.653s][info][gc,marking  ] GC(1590) Concurrent Rebuild Remembered Sets
[2024-08-15T14:32:42.795+0000][7458.740s][info][gc,start    ] GC(1591) Pause Young (Normal) (G1 Evacuation Pause)
[2024-08-15T14:32:42.795+0000][7458.740s][info][gc,task     ] GC(1591) Using 6 workers of 6 for evacuation
[2024-08-15T14:32:42.880+0000][7458.825s][info][gc,phases   ] GC(1591)   Pre Evacuate Collection Set: 0.2ms
[2024-08-15T14:32:42.880+0000][7458.825s][info][gc,phases   ] GC(1591)   Merge Heap Roots: 0.3ms
[2024-08-15T14:32:42.880+0000][7458.825s][info][gc,phases   ] GC(1591)   Evacuate Collection Set: 67.4ms
[2024-08-15T14:32:42.880+0000][7458.825s][info][gc,phases   ] GC(1591)   Post Evacuate Collection Set: 17.0ms
[2024-08-15T14:32:42.880+0000][7458.825s][info][gc,phases   ] GC(1591)   Other: 0.2ms
[2024-08-15T14:32:42.880+0000][7458.825s][info][gc,heap     ] GC(1591) Eden regions: 740->0(732)
[2024-08-15T14:32:42.880+0000][7458.825s][info][gc,heap     ] GC(1591) Survivor regions: 13->17(95)
[2024-08-15T14:32:42.880+0000][7458.825s][info][gc,heap     ] GC(1591) Old regions: 455->455
[2024-08-15T14:32:42.880+0000][7458.825s][info][gc,heap     ] GC(1591) Archive regions: 2->2
[2024-08-15T14:32:42.880+0000][7458.825s][info][gc,heap     ] GC(1591) Humongous regions: 5->5
[2024-08-15T14:32:42.880+0000][7458.825s][info][gc,metaspace] GC(1591) Metaspace: 441708K(448064K)->441708K(448064K) NonClass: 386709K(390336K)->386709K(390336K) Class: 54999K(57728K)->54999K(57728K)
[2024-08-15T14:32:42.880+0000][7458.825s][info][gc          ] GC(1591) Pause Young (Normal) (G1 Evacuation Pause) 9703M->3815M(12288M) 85.117ms
[2024-08-15T14:32:42.880+0000][7458.825s][info][gc,cpu      ] GC(1591) User=0.50s Sys=0.00s Real=0.08s
[2024-08-15T14:32:44.481+0000][7460.425s][info][gc,marking  ] GC(1590) Concurrent Rebuild Remembered Sets 1772.169ms
[2024-08-15T14:32:44.481+0000][7460.425s][info][gc,start    ] GC(1590) Pause Cleanup
[2024-08-15T14:32:44.481+0000][7460.426s][info][gc          ] GC(1590) Pause Cleanup 7260M->7260M(12288M) 0.637ms
[2024-08-15T14:32:44.482+0000][7460.426s][info][gc,cpu      ] GC(1590) User=0.00s Sys=0.00s Real=0.00s
[2024-08-15T14:32:44.482+0000][7460.426s][info][gc,marking  ] GC(1590) Concurrent Cleanup for Next Mark
[2024-08-15T14:32:44.499+0000][7460.444s][info][gc,marking  ] GC(1590) Concurrent Cleanup for Next Mark 17.566ms
[2024-08-15T14:32:44.499+0000][7460.444s][info][gc          ] GC(1590) Concurrent Mark Cycle 4701.142ms
[2024-08-15T14:32:45.497+0000][7461.441s][info][gc,start    ] GC(1592) Pause Young (Prepare Mixed) (G1 Evacuation Pause)
[2024-08-15T14:32:45.497+0000][7461.441s][info][gc,task     ] GC(1592) Using 6 workers of 6 for evacuation
[2024-08-15T14:32:45.595+0000][7461.540s][info][gc,phases   ] GC(1592)   Pre Evacuate Collection Set: 0.2ms
[2024-08-15T14:32:45.595+0000][7461.540s][info][gc,phases   ] GC(1592)   Merge Heap Roots: 0.3ms
[2024-08-15T14:32:45.595+0000][7461.540s][info][gc,phases   ] GC(1592)   Evacuate Collection Set: 80.1ms
[2024-08-15T14:32:45.595+0000][7461.540s][info][gc,phases   ] GC(1592)   Post Evacuate Collection Set: 17.5ms
[2024-08-15T14:32:45.595+0000][7461.540s][info][gc,phases   ] GC(1592)   Other: 0.2ms
[2024-08-15T14:32:45.595+0000][7461.540s][info][gc,heap     ] GC(1592) Eden regions: 732->0(55)
[2024-08-15T14:32:45.595+0000][7461.540s][info][gc,heap     ] GC(1592) Survivor regions: 17->21(94)
[2024-08-15T14:32:45.595+0000][7461.540s][info][gc,heap     ] GC(1592) Old regions: 455->455
[2024-08-15T14:32:45.595+0000][7461.540s][info][gc,heap     ] GC(1592) Archive regions: 2->2
[2024-08-15T14:32:45.595+0000][7461.540s][info][gc,heap     ] GC(1592) Humongous regions: 5->5
[2024-08-15T14:32:45.595+0000][7461.540s][info][gc,metaspace] GC(1592) Metaspace: 441708K(448064K)->441708K(448064K) NonClass: 386709K(390336K)->386709K(390336K) Class: 54999K(57728K)->54999K(57728K)
[2024-08-15T14:32:45.595+0000][7461.540s][info][gc          ] GC(1592) Pause Young (Prepare Mixed) (G1 Evacuation Pause) 9671M->3847M(12288M) 98.411ms
[2024-08-15T14:32:45.595+0000][7461.540s][info][gc,cpu      ] GC(1592) User=0.58s Sys=0.00s Real=0.10s
[2024-08-15T14:32:45.843+0000][7461.788s][info][gc,start    ] GC(1593) Pause Young (Mixed) (G1 Evacuation Pause)
[2024-08-15T14:32:45.843+0000][7461.788s][info][gc,task     ] GC(1593) Using 6 workers of 6 for evacuation
[2024-08-15T14:32:45.958+0000][7461.902s][info][gc,phases   ] GC(1593)   Pre Evacuate Collection Set: 0.2ms
[2024-08-15T14:32:45.958+0000][7461.902s][info][gc,phases   ] GC(1593)   Merge Heap Roots: 0.5ms
[2024-08-15T14:32:45.958+0000][7461.902s][info][gc,phases   ] GC(1593)   Evacuate Collection Set: 110.9ms
[2024-08-15T14:32:45.958+0000][7461.902s][info][gc,phases   ] GC(1593)   Post Evacuate Collection Set: 2.6ms
[2024-08-15T14:32:45.958+0000][7461.902s][info][gc,phases   ] GC(1593)   Other: 0.2ms
[2024-08-15T14:32:45.958+0000][7461.902s][info][gc,heap     ] GC(1593) Eden regions: 55->0(736)
[2024-08-15T14:32:45.958+0000][7461.902s][info][gc,heap     ] GC(1593) Survivor regions: 21->3(10)
[2024-08-15T14:32:45.958+0000][7461.902s][info][gc,heap     ] GC(1593) Old regions: 455->466
[2024-08-15T14:32:45.958+0000][7461.902s][info][gc,heap     ] GC(1593) Archive regions: 2->2
[2024-08-15T14:32:45.958+0000][7461.902s][info][gc,heap     ] GC(1593) Humongous regions: 5->5
[2024-08-15T14:32:45.958+0000][7461.902s][info][gc,metaspace] GC(1593) Metaspace: 441708K(448064K)->441708K(448064K) NonClass: 386709K(390336K)->386709K(390336K) Class: 54999K(57728K)->54999K(57728K)
[2024-08-15T14:32:45.958+0000][7461.902s][info][gc          ] GC(1593) Pause Young (Mixed) (G1 Evacuation Pause) 4287M->3790M(12288M) 114.431ms
[2024-08-15T14:32:45.958+0000][7461.902s][info][gc,cpu      ] GC(1593) User=0.68s Sys=0.00s Real=0.11s
[2024-08-15T14:32:48.052+0000][7463.996s][info][gc,start    ] GC(1594) Pause Young (Normal) (G1 Evacuation Pause)
[2024-08-15T14:32:48.052+0000][7463.997s][info][gc,task     ] GC(1594) Using 6 workers of 6 for evacuation
[2024-08-15T14:32:48.114+0000][7464.058s][info][gc,phases   ] GC(1594)   Pre Evacuate Collection Set: 0.2ms
[2024-08-15T14:32:48.114+0000][7464.058s][info][gc,phases   ] GC(1594)   Merge Heap Roots: 0.2ms
[2024-08-15T14:32:48.114+0000][7464.058s][info][gc,phases   ] GC(1594)   Evacuate Collection Set: 45.8ms
[2024-08-15T14:32:48.114+0000][7464.058s][info][gc,phases   ] GC(1594)   Post Evacuate Collection Set: 15.4ms
[2024-08-15T14:32:48.114+0000][7464.058s][info][gc,phases   ] GC(1594)   Other: 0.2ms
[2024-08-15T14:32:48.114+0000][7464.058s][info][gc,heap     ] GC(1594) Eden regions: 736->0(733)
[2024-08-15T14:32:48.114+0000][7464.058s][info][gc,heap     ] GC(1594) Survivor regions: 3->6(93)
[2024-08-15T14:32:48.114+0000][7464.058s][info][gc,heap     ] GC(1594) Old regions: 466->466
[2024-08-15T14:32:48.114+0000][7464.058s][info][gc,heap     ] GC(1594) Archive regions: 2->2
[2024-08-15T14:32:48.114+0000][7464.058s][info][gc,heap     ] GC(1594) Humongous regions: 5->5
[2024-08-15T14:32:48.114+0000][7464.058s][info][gc,metaspace] GC(1594) Metaspace: 441708K(448064K)->441708K(448064K) NonClass: 386709K(390336K)->386709K(390336K) Class: 54999K(57728K)->54999K(57728K)
[2024-08-15T14:32:48.114+0000][7464.058s][info][gc          ] GC(1594) Pause Young (Normal) (G1 Evacuation Pause) 9678M->3812M(12288M) 61.857ms
[2024-08-15T14:32:48.114+0000][7464.058s][info][gc,cpu      ] GC(1594) User=0.36s Sys=0.00s Real=0.06s
[2024-08-15T14:32:50.463+0000][7466.407s][info][gc,start    ] GC(1595) Pause Young (Normal) (G1 Evacuation Pause)
[2024-08-15T14:32:50.463+0000][7466.407s][info][gc,task     ] GC(1595) Using 6 workers of 6 for evacuation
[2024-08-15T14:32:50.540+0000][7466.485s][info][gc,phases   ] GC(1595)   Pre Evacuate Collection Set: 0.2ms
[2024-08-15T14:32:50.540+0000][7466.485s][info][gc,phases   ] GC(1595)   Merge Heap Roots: 0.4ms
[2024-08-15T14:32:50.540+0000][7466.485s][info][gc,phases   ] GC(1595)   Evacuate Collection Set: 58.8ms
[2024-08-15T14:32:50.540+0000][7466.485s][info][gc,phases   ] GC(1595)   Post Evacuate Collection Set: 18.1ms
[2024-08-15T14:32:50.540+0000][7466.485s][info][gc,phases   ] GC(1595)   Other: 0.2ms
[2024-08-15T14:32:50.540+0000][7466.485s][info][gc,heap     ] GC(1595) Eden regions: 733->0(731)
[2024-08-15T14:32:50.540+0000][7466.485s][info][gc,heap     ] GC(1595) Survivor regions: 6->9(93)
[2024-08-15T14:32:50.540+0000][7466.485s][info][gc,heap     ] GC(1595) Old regions: 466->466
[2024-08-15T14:32:50.540+0000][7466.485s][info][gc,heap     ] GC(1595) Archive regions: 2->2
[2024-08-15T14:32:50.540+0000][7466.485s][info][gc,heap     ] GC(1595) Humongous regions: 5->5
[2024-08-15T14:32:50.540+0000][7466.485s][info][gc,metaspace] GC(1595) Metaspace: 441708K(448064K)->441708K(448064K) NonClass: 386709K(390336K)->386709K(390336K) Class: 54999K(57728K)->54999K(57728K)
[2024-08-15T14:32:50.540+0000][7466.485s][info][gc          ] GC(1595) Pause Young (Normal) (G1 Evacuation Pause) 9676M->3838M(12288M) 77.763ms
[2024-08-15T14:32:50.540+0000][7466.485s][info][gc,cpu      ] GC(1595) User=0.45s Sys=0.00s Real=0.08s
[2024-08-15T14:32:52.696+0000][7468.641s][info][gc,start    ] GC(1596) Pause Young (Concurrent Start) (G1 Evacuation Pause)
[2024-08-15T14:32:52.696+0000][7468.641s][info][gc,task     ] GC(1596) Using 6 workers of 6 for evacuation
[2024-08-15T14:32:52.802+0000][7468.747s][info][gc,phases   ] GC(1596)   Pre Evacuate Collection Set: 0.6ms
[2024-08-15T14:32:52.802+0000][7468.747s][info][gc,phases   ] GC(1596)   Merge Heap Roots: 0.3ms
[2024-08-15T14:32:52.802+0000][7468.747s][info][gc,phases   ] GC(1596)   Evacuate Collection Set: 83.9ms
[2024-08-15T14:32:52.802+0000][7468.747s][info][gc,phases   ] GC(1596)   Post Evacuate Collection Set: 21.1ms
[2024-08-15T14:32:52.802+0000][7468.747s][info][gc,phases   ] GC(1596)   Other: 0.3ms
[2024-08-15T14:32:52.802+0000][7468.747s][info][gc,heap     ] GC(1596) Eden regions: 731->0(724)
[2024-08-15T14:32:52.802+0000][7468.747s][info][gc,heap     ] GC(1596) Survivor regions: 9->15(93)
[2024-08-15T14:32:52.802+0000][7468.747s][info][gc,heap     ] GC(1596) Old regions: 466->466
[2024-08-15T14:32:52.802+0000][7468.747s][info][gc,heap     ] GC(1596) Archive regions: 2->2
[2024-08-15T14:32:52.802+0000][7468.747s][info][gc,heap     ] GC(1596) Humongous regions: 5->5
[2024-08-15T14:32:52.802+0000][7468.747s][info][gc,metaspace] GC(1596) Metaspace: 441708K(448064K)->441708K(448064K) NonClass: 386709K(390336K)->386709K(390336K) Class: 54999K(57728K)->54999K(57728K)
[2024-08-15T14:32:52.802+0000][7468.747s][info][gc          ] GC(1596) Pause Young (Concurrent Start) (G1 Evacuation Pause) 9686M->3884M(12288M) 106.330ms
[2024-08-15T14:32:52.803+0000][7468.747s][info][gc,cpu      ] GC(1596) User=0.63s Sys=0.00s Real=0.10s
[2024-08-15T14:32:52.803+0000][7468.747s][info][gc          ] GC(1597) Concurrent Mark Cycle
[2024-08-15T14:32:52.803+0000][7468.747s][info][gc,marking  ] GC(1597) Concurrent Clear Claimed Marks
[2024-08-15T14:32:52.803+0000][7468.748s][info][gc,marking  ] GC(1597) Concurrent Clear Claimed Marks 0.442ms
[2024-08-15T14:32:52.803+0000][7468.748s][info][gc,marking  ] GC(1597) Concurrent Scan Root Regions
[2024-08-15T14:32:52.847+0000][7468.792s][info][gc,marking  ] GC(1597) Concurrent Scan Root Regions 44.354ms
[2024-08-15T14:32:52.847+0000][7468.792s][info][gc,marking  ] GC(1597) Concurrent Mark
[2024-08-15T14:32:52.847+0000][7468.792s][info][gc,marking  ] GC(1597) Concurrent Mark From Roots
[2024-08-15T14:32:52.847+0000][7468.792s][info][gc,task     ] GC(1597) Using 2 workers of 2 for marking
[2024-08-15T14:32:55.737+0000][7471.682s][info][gc,marking  ] GC(1597) Concurrent Mark From Roots 2889.484ms
[2024-08-15T14:32:55.737+0000][7471.682s][info][gc,marking  ] GC(1597) Concurrent Preclean
[2024-08-15T14:32:55.738+0000][7471.683s][info][gc,marking  ] GC(1597) Concurrent Preclean 1.212ms
[2024-08-15T14:32:55.738+0000][7471.683s][info][gc,start    ] GC(1597) Pause Remark
[2024-08-15T14:32:55.763+0000][7471.707s][info][gc          ] GC(1597) Pause Remark 9592M->9592M(12288M) 24.512ms
[2024-08-15T14:32:55.763+0000][7471.708s][info][gc,cpu      ] GC(1597) User=0.10s Sys=0.01s Real=0.02s
[2024-08-15T14:32:55.763+0000][7471.708s][info][gc,marking  ] GC(1597) Concurrent Mark 2915.561ms
[2024-08-15T14:32:55.763+0000][7471.708s][info][gc,marking  ] GC(1597) Concurrent Rebuild Remembered Sets
[2024-08-15T14:32:55.812+0000][7471.756s][info][gc,start    ] GC(1598) Pause Young (Normal) (G1 Evacuation Pause)
[2024-08-15T14:32:55.812+0000][7471.756s][info][gc,task     ] GC(1598) Using 6 workers of 6 for evacuation
[2024-08-15T14:32:55.915+0000][7471.860s][info][gc,phases   ] GC(1598)   Pre Evacuate Collection Set: 0.2ms
[2024-08-15T14:32:55.915+0000][7471.860s][info][gc,phases   ] GC(1598)   Merge Heap Roots: 0.3ms
[2024-08-15T14:32:55.915+0000][7471.860s][info][gc,phases   ] GC(1598)   Evacuate Collection Set: 84.9ms
[2024-08-15T14:32:55.915+0000][7471.860s][info][gc,phases   ] GC(1598)   Post Evacuate Collection Set: 18.1ms
[2024-08-15T14:32:55.915+0000][7471.860s][info][gc,phases   ] GC(1598)   Other: 0.2ms
[2024-08-15T14:32:55.915+0000][7471.860s][info][gc,heap     ] GC(1598) Eden regions: 724->0(717)
[2024-08-15T14:32:55.915+0000][7471.860s][info][gc,heap     ] GC(1598) Survivor regions: 15->19(93)
[2024-08-15T14:32:55.915+0000][7471.860s][info][gc,heap     ] GC(1598) Old regions: 466->466
[2024-08-15T14:32:55.915+0000][7471.860s][info][gc,heap     ] GC(1598) Archive regions: 2->2
[2024-08-15T14:32:55.915+0000][7471.860s][info][gc,heap     ] GC(1598) Humongous regions: 5->5
[2024-08-15T14:32:55.915+0000][7471.860s][info][gc,metaspace] GC(1598) Metaspace: 441709K(448064K)->441709K(448064K) NonClass: 386709K(390336K)->386709K(390336K) Class: 55000K(57728K)->55000K(57728K)
[2024-08-15T14:32:55.915+0000][7471.860s][info][gc          ] GC(1598) Pause Young (Normal) (G1 Evacuation Pause) 9676M->3916M(12288M) 103.709ms
[2024-08-15T14:32:55.915+0000][7471.860s][info][gc,cpu      ] GC(1598) User=0.60s Sys=0.01s Real=0.11s
[2024-08-15T14:32:57.575+0000][7473.519s][info][gc,marking  ] GC(1597) Concurrent Rebuild Remembered Sets 1811.594ms
[2024-08-15T14:32:57.575+0000][7473.519s][info][gc,start    ] GC(1597) Pause Cleanup
[2024-08-15T14:32:57.575+0000][7473.520s][info][gc          ] GC(1597) Pause Cleanup 7796M->7796M(12288M) 0.704ms
[2024-08-15T14:32:57.576+0000][7473.520s][info][gc,cpu      ] GC(1597) User=0.00s Sys=0.00s Real=0.01s
[2024-08-15T14:32:57.576+0000][7473.520s][info][gc,marking  ] GC(1597) Concurrent Cleanup for Next Mark
[2024-08-15T14:32:57.593+0000][7473.537s][info][gc,marking  ] GC(1597) Concurrent Cleanup for Next Mark 17.047ms
[2024-08-15T14:32:57.593+0000][7473.537s][info][gc          ] GC(1597) Concurrent Mark Cycle 4790.203ms
[2024-08-15T14:32:58.257+0000][7474.202s][info][gc,start    ] GC(1599) Pause Young (Prepare Mixed) (G1 Evacuation Pause)
[2024-08-15T14:32:58.257+0000][7474.202s][info][gc,task     ] GC(1599) Using 6 workers of 6 for evacuation
[2024-08-15T14:32:58.338+0000][7474.282s][info][gc,phases   ] GC(1599)   Pre Evacuate Collection Set: 0.2ms
[2024-08-15T14:32:58.338+0000][7474.283s][info][gc,phases   ] GC(1599)   Merge Heap Roots: 0.4ms
[2024-08-15T14:32:58.338+0000][7474.283s][info][gc,phases   ] GC(1599)   Evacuate Collection Set: 71.4ms
[2024-08-15T14:32:58.338+0000][7474.283s][info][gc,phases   ] GC(1599)   Post Evacuate Collection Set: 8.8ms
[2024-08-15T14:32:58.338+0000][7474.283s][info][gc,phases   ] GC(1599)   Other: 0.2ms
[2024-08-15T14:32:58.338+0000][7474.283s][info][gc,heap     ] GC(1599) Eden regions: 717->0(56)
[2024-08-15T14:32:58.338+0000][7474.283s][info][gc,heap     ] GC(1599) Survivor regions: 19->20(92)
[2024-08-15T14:32:58.338+0000][7474.283s][info][gc,heap     ] GC(1599) Old regions: 466->466
[2024-08-15T14:32:58.338+0000][7474.283s][info][gc,heap     ] GC(1599) Archive regions: 2->2
[2024-08-15T14:32:58.338+0000][7474.283s][info][gc,heap     ] GC(1599) Humongous regions: 5->5
[2024-08-15T14:32:58.338+0000][7474.283s][info][gc,metaspace] GC(1599) Metaspace: 441709K(448064K)->441709K(448064K) NonClass: 386709K(390336K)->386709K(390336K) Class: 55000K(57728K)->55000K(57728K)
[2024-08-15T14:32:58.338+0000][7474.283s][info][gc          ] GC(1599) Pause Young (Prepare Mixed) (G1 Evacuation Pause) 9652M->3922M(12288M) 81.014ms
[2024-08-15T14:32:58.338+0000][7474.283s][info][gc,cpu      ] GC(1599) User=0.48s Sys=0.00s Real=0.08s
[2024-08-15T14:32:58.570+0000][7474.514s][info][gc,start    ] GC(1600) Pause Young (Mixed) (G1 Evacuation Pause)
[2024-08-15T14:32:58.570+0000][7474.514s][info][gc,task     ] GC(1600) Using 6 workers of 6 for evacuation
[2024-08-15T14:32:58.667+0000][7474.612s][info][gc,phases   ] GC(1600)   Pre Evacuate Collection Set: 0.2ms
[2024-08-15T14:32:58.667+0000][7474.612s][info][gc,phases   ] GC(1600)   Merge Heap Roots: 0.4ms
[2024-08-15T14:32:58.667+0000][7474.612s][info][gc,phases   ] GC(1600)   Evacuate Collection Set: 94.5ms
[2024-08-15T14:32:58.667+0000][7474.612s][info][gc,phases   ] GC(1600)   Post Evacuate Collection Set: 2.5ms
[2024-08-15T14:32:58.667+0000][7474.612s][info][gc,phases   ] GC(1600)   Other: 0.2ms
[2024-08-15T14:32:58.667+0000][7474.612s][info][gc,heap     ] GC(1600) Eden regions: 56->0(733)
[2024-08-15T14:32:58.667+0000][7474.612s][info][gc,heap     ] GC(1600) Survivor regions: 20->4(10)
[2024-08-15T14:32:58.667+0000][7474.612s][info][gc,heap     ] GC(1600) Old regions: 466->469
[2024-08-15T14:32:58.667+0000][7474.612s][info][gc,heap     ] GC(1600) Archive regions: 2->2
[2024-08-15T14:32:58.667+0000][7474.612s][info][gc,heap     ] GC(1600) Humongous regions: 5->5
[2024-08-15T14:32:58.667+0000][7474.612s][info][gc,metaspace] GC(1600) Metaspace: 441709K(448064K)->441709K(448064K) NonClass: 386709K(390336K)->386709K(390336K) Class: 55000K(57728K)->55000K(57728K)
[2024-08-15T14:32:58.667+0000][7474.612s][info][gc          ] GC(1600) Pause Young (Mixed) (G1 Evacuation Pause) 4370M->3823M(12288M) 97.811ms
[2024-08-15T14:32:58.667+0000][7474.612s][info][gc,cpu      ] GC(1600) User=0.58s Sys=0.00s Real=0.10s
[2024-08-15T14:33:00.892+0000][7476.837s][info][gc,start    ] GC(1601) Pause Young (Normal) (G1 Evacuation Pause)
[2024-08-15T14:33:00.892+0000][7476.837s][info][gc,task     ] GC(1601) Using 6 workers of 6 for evacuation
[2024-08-15T14:33:00.978+0000][7476.922s][info][gc,phases   ] GC(1601)   Pre Evacuate Collection Set: 0.2ms
[2024-08-15T14:33:00.978+0000][7476.922s][info][gc,phases   ] GC(1601)   Merge Heap Roots: 0.4ms
[2024-08-15T14:33:00.978+0000][7476.922s][info][gc,phases   ] GC(1601)   Evacuate Collection Set: 63.9ms
[2024-08-15T14:33:00.978+0000][7476.922s][info][gc,phases   ] GC(1601)   Post Evacuate Collection Set: 20.7ms
[2024-08-15T14:33:00.978+0000][7476.922s][info][gc,phases   ] GC(1601)   Other: 0.2ms
[2024-08-15T14:33:00.978+0000][7476.922s][info][gc,heap     ] GC(1601) Eden regions: 733->0(728)
[2024-08-15T14:33:00.978+0000][7476.922s][info][gc,heap     ] GC(1601) Survivor regions: 4->8(93)
[2024-08-15T14:33:00.978+0000][7476.922s][info][gc,heap     ] GC(1601) Old regions: 469->469
[2024-08-15T14:33:00.978+0000][7476.922s][info][gc,heap     ] GC(1601) Archive regions: 2->2
[2024-08-15T14:33:00.978+0000][7476.922s][info][gc,heap     ] GC(1601) Humongous regions: 5->5
[2024-08-15T14:33:00.978+0000][7476.922s][info][gc,metaspace] GC(1601) Metaspace: 441711K(448064K)->441711K(448064K) NonClass: 386711K(390336K)->386711K(390336K) Class: 55000K(57728K)->55000K(57728K)
[2024-08-15T14:33:00.978+0000][7476.922s][info][gc          ] GC(1601) Pause Young (Normal) (G1 Evacuation Pause) 9687M->3859M(12288M) 85.370ms
[2024-08-15T14:33:00.978+0000][7476.922s][info][gc,cpu      ] GC(1601) User=0.50s Sys=0.00s Real=0.09s
[2024-08-15T14:33:03.255+0000][7479.200s][info][gc,start    ] GC(1602) Pause Young (Normal) (G1 Evacuation Pause)
[2024-08-15T14:33:03.255+0000][7479.200s][info][gc,task     ] GC(1602) Using 6 workers of 6 for evacuation
[2024-08-15T14:33:03.342+0000][7479.286s][info][gc,phases   ] GC(1602)   Pre Evacuate Collection Set: 0.2ms
[2024-08-15T14:33:03.342+0000][7479.286s][info][gc,phases   ] GC(1602)   Merge Heap Roots: 0.4ms
[2024-08-15T14:33:03.342+0000][7479.286s][info][gc,phases   ] GC(1602)   Evacuate Collection Set: 68.7ms
[2024-08-15T14:33:03.342+0000][7479.286s][info][gc,phases   ] GC(1602)   Post Evacuate Collection Set: 17.0ms
[2024-08-15T14:33:03.342+0000][7479.286s][info][gc,phases   ] GC(1602)   Other: 0.2ms
[2024-08-15T14:33:03.342+0000][7479.286s][info][gc,heap     ] GC(1602) Eden regions: 728->0(725)
[2024-08-15T14:33:03.342+0000][7479.286s][info][gc,heap     ] GC(1602) Survivor regions: 8->11(92)
[2024-08-15T14:33:03.342+0000][7479.286s][info][gc,heap     ] GC(1602) Old regions: 469->469
[2024-08-15T14:33:03.342+0000][7479.286s][info][gc,heap     ] GC(1602) Archive regions: 2->2
[2024-08-15T14:33:03.342+0000][7479.286s][info][gc,heap     ] GC(1602) Humongous regions: 5->5
[2024-08-15T14:33:03.342+0000][7479.286s][info][gc,metaspace] GC(1602) Metaspace: 441711K(448064K)->441711K(448064K) NonClass: 386711K(390336K)->386711K(390336K) Class: 55000K(57728K)->55000K(57728K)
[2024-08-15T14:33:03.342+0000][7479.286s][info][gc          ] GC(1602) Pause Young (Normal) (G1 Evacuation Pause) 9683M->3883M(12288M) 86.545ms
[2024-08-15T14:33:03.342+0000][7479.286s][info][gc,cpu      ] GC(1602) User=0.50s Sys=0.01s Real=0.08s
[2024-08-15T14:33:05.663+0000][7481.608s][info][gc,start    ] GC(1603) Pause Young (Concurrent Start) (G1 Evacuation Pause)
[2024-08-15T14:33:05.663+0000][7481.608s][info][gc,task     ] GC(1603) Using 6 workers of 6 for evacuation
[2024-08-15T14:33:05.762+0000][7481.706s][info][gc,phases   ] GC(1603)   Pre Evacuate Collection Set: 0.6ms
[2024-08-15T14:33:05.762+0000][7481.706s][info][gc,phases   ] GC(1603)   Merge Heap Roots: 0.4ms
[2024-08-15T14:33:05.762+0000][7481.706s][info][gc,phases   ] GC(1603)   Evacuate Collection Set: 79.3ms
[2024-08-15T14:33:05.762+0000][7481.706s][info][gc,phases   ] GC(1603)   Post Evacuate Collection Set: 17.8ms
[2024-08-15T14:33:05.762+0000][7481.706s][info][gc,phases   ] GC(1603)   Other: 0.3ms
[2024-08-15T14:33:05.762+0000][7481.706s][info][gc,heap     ] GC(1603) Eden regions: 725->0(721)
[2024-08-15T14:33:05.762+0000][7481.706s][info][gc,heap     ] GC(1603) Survivor regions: 11->15(92)
[2024-08-15T14:33:05.762+0000][7481.706s][info][gc,heap     ] GC(1603) Old regions: 469->469
[2024-08-15T14:33:05.762+0000][7481.706s][info][gc,heap     ] GC(1603) Archive regions: 2->2
[2024-08-15T14:33:05.762+0000][7481.706s][info][gc,heap     ] GC(1603) Humongous regions: 5->5
[2024-08-15T14:33:05.762+0000][7481.706s][info][gc,metaspace] GC(1603) Metaspace: 441711K(448064K)->441711K(448064K) NonClass: 386711K(390336K)->386711K(390336K) Class: 55000K(57728K)->55000K(57728K)
[2024-08-15T14:33:05.762+0000][7481.707s][info][gc          ] GC(1603) Pause Young (Concurrent Start) (G1 Evacuation Pause) 9683M->3912M(12288M) 98.452ms
[2024-08-15T14:33:05.762+0000][7481.707s][info][gc,cpu      ] GC(1603) User=0.58s Sys=0.00s Real=0.09s
[2024-08-15T14:33:05.762+0000][7481.707s][info][gc          ] GC(1604) Concurrent Mark Cycle
[2024-08-15T14:33:05.762+0000][7481.707s][info][gc,marking  ] GC(1604) Concurrent Clear Claimed Marks
[2024-08-15T14:33:05.762+0000][7481.707s][info][gc,marking  ] GC(1604) Concurrent Clear Claimed Marks 0.459ms
[2024-08-15T14:33:05.762+0000][7481.707s][info][gc,marking  ] GC(1604) Concurrent Scan Root Regions
[2024-08-15T14:33:05.816+0000][7481.761s][info][gc,marking  ] GC(1604) Concurrent Scan Root Regions 53.676ms
[2024-08-15T14:33:05.816+0000][7481.761s][info][gc,marking  ] GC(1604) Concurrent Mark
[2024-08-15T14:33:05.816+0000][7481.761s][info][gc,marking  ] GC(1604) Concurrent Mark From Roots
[2024-08-15T14:33:05.816+0000][7481.761s][info][gc,task     ] GC(1604) Using 2 workers of 2 for marking
[2024-08-15T14:33:08.590+0000][7484.535s][info][gc,start    ] GC(1605) Pause Young (Normal) (G1 Evacuation Pause)
[2024-08-15T14:33:08.590+0000][7484.535s][info][gc,task     ] GC(1605) Using 6 workers of 6 for evacuation
[2024-08-15T14:33:08.691+0000][7484.636s][info][gc,phases   ] GC(1605)   Pre Evacuate Collection Set: 0.2ms
[2024-08-15T14:33:08.691+0000][7484.636s][info][gc,phases   ] GC(1605)   Merge Heap Roots: 0.4ms
[2024-08-15T14:33:08.691+0000][7484.636s][info][gc,phases   ] GC(1605)   Evacuate Collection Set: 82.6ms
[2024-08-15T14:33:08.691+0000][7484.636s][info][gc,phases   ] GC(1605)   Post Evacuate Collection Set: 17.7ms
[2024-08-15T14:33:08.691+0000][7484.636s][info][gc,phases   ] GC(1605)   Other: 0.2ms
[2024-08-15T14:33:08.691+0000][7484.636s][info][gc,heap     ] GC(1605) Eden regions: 721->0(716)
[2024-08-15T14:33:08.691+0000][7484.636s][info][gc,heap     ] GC(1605) Survivor regions: 15->18(92)
[2024-08-15T14:33:08.691+0000][7484.636s][info][gc,heap     ] GC(1605) Old regions: 469->469
[2024-08-15T14:33:08.691+0000][7484.636s][info][gc,heap     ] GC(1605) Archive regions: 2->2
[2024-08-15T14:33:08.691+0000][7484.636s][info][gc,heap     ] GC(1605) Humongous regions: 5->5
[2024-08-15T14:33:08.691+0000][7484.636s][info][gc,metaspace] GC(1605) Metaspace: 441711K(448064K)->441711K(448064K) NonClass: 386711K(390336K)->386711K(390336K) Class: 55000K(57728K)->55000K(57728K)
[2024-08-15T14:33:08.691+0000][7484.636s][info][gc          ] GC(1605) Pause Young (Normal) (G1 Evacuation Pause) 9680M->3939M(12288M) 101.207ms
[2024-08-15T14:33:08.691+0000][7484.636s][info][gc,cpu      ] GC(1605) User=0.59s Sys=0.00s Real=0.10s
[2024-08-15T14:33:08.737+0000][7484.682s][info][gc,marking  ] GC(1604) Concurrent Mark From Roots 2920.820ms
[2024-08-15T14:33:08.737+0000][7484.682s][info][gc,marking  ] GC(1604) Concurrent Preclean
[2024-08-15T14:33:08.739+0000][7484.683s][info][gc,marking  ] GC(1604) Concurrent Preclean 1.526ms
[2024-08-15T14:33:08.739+0000][7484.683s][info][gc,start    ] GC(1604) Pause Remark
[2024-08-15T14:33:08.762+0000][7484.707s][info][gc          ] GC(1604) Pause Remark 4023M->4023M(12288M) 23.621ms
[2024-08-15T14:33:08.762+0000][7484.707s][info][gc,cpu      ] GC(1604) User=0.10s Sys=0.00s Real=0.02s
[2024-08-15T14:33:08.763+0000][7484.707s][info][gc,marking  ] GC(1604) Concurrent Mark 2946.352ms
[2024-08-15T14:33:08.763+0000][7484.707s][info][gc,marking  ] GC(1604) Concurrent Rebuild Remembered Sets
[2024-08-15T14:33:10.444+0000][7486.389s][info][gc,marking  ] GC(1604) Concurrent Rebuild Remembered Sets 1681.395ms
[2024-08-15T14:33:10.444+0000][7486.389s][info][gc,start    ] GC(1604) Pause Cleanup
[2024-08-15T14:33:10.445+0000][7486.390s][info][gc          ] GC(1604) Pause Cleanup 7747M->7747M(12288M) 0.732ms
[2024-08-15T14:33:10.445+0000][7486.390s][info][gc,cpu      ] GC(1604) User=0.00s Sys=0.00s Real=0.00s
[2024-08-15T14:33:10.445+0000][7486.390s][info][gc,marking  ] GC(1604) Concurrent Cleanup for Next Mark
[2024-08-15T14:33:10.462+0000][7486.407s][info][gc,marking  ] GC(1604) Concurrent Cleanup for Next Mark 17.268ms
[2024-08-15T14:33:10.462+0000][7486.407s][info][gc          ] GC(1604) Concurrent Mark Cycle 4700.417ms
[2024-08-15T14:33:11.251+0000][7487.196s][info][gc,start    ] GC(1606) Pause Young (Prepare Mixed) (G1 Evacuation Pause)
[2024-08-15T14:33:11.251+0000][7487.196s][info][gc,task     ] GC(1606) Using 6 workers of 6 for evacuation
[2024-08-15T14:33:11.364+0000][7487.308s][info][gc,phases   ] GC(1606)   Pre Evacuate Collection Set: 0.2ms
[2024-08-15T14:33:11.364+0000][7487.308s][info][gc,phases   ] GC(1606)   Merge Heap Roots: 0.6ms
[2024-08-15T14:33:11.364+0000][7487.308s][info][gc,phases   ] GC(1606)   Evacuate Collection Set: 96.1ms
[2024-08-15T14:33:11.364+0000][7487.308s][info][gc,phases   ] GC(1606)   Post Evacuate Collection Set: 15.5ms
[2024-08-15T14:33:11.364+0000][7487.308s][info][gc,phases   ] GC(1606)   Other: 0.2ms
[2024-08-15T14:33:11.364+0000][7487.308s][info][gc,heap     ] GC(1606) Eden regions: 716->0(53)
[2024-08-15T14:33:11.364+0000][7487.308s][info][gc,heap     ] GC(1606) Survivor regions: 18->23(92)
[2024-08-15T14:33:11.364+0000][7487.308s][info][gc,heap     ] GC(1606) Old regions: 469->469
[2024-08-15T14:33:11.364+0000][7487.308s][info][gc,heap     ] GC(1606) Archive regions: 2->2
[2024-08-15T14:33:11.364+0000][7487.308s][info][gc,heap     ] GC(1606) Humongous regions: 5->5
[2024-08-15T14:33:11.364+0000][7487.308s][info][gc,metaspace] GC(1606) Metaspace: 441711K(448064K)->441711K(448064K) NonClass: 386711K(390336K)->386711K(390336K) Class: 55000K(57728K)->55000K(57728K)
[2024-08-15T14:33:11.364+0000][7487.308s][info][gc          ] GC(1606) Pause Young (Prepare Mixed) (G1 Evacuation Pause) 9667M->3979M(12288M) 112.607ms
[2024-08-15T14:33:11.364+0000][7487.308s][info][gc,cpu      ] GC(1606) User=0.66s Sys=0.00s Real=0.12s
[2024-08-15T14:33:11.603+0000][7487.548s][info][gc,start    ] GC(1607) Pause Young (Mixed) (G1 Evacuation Pause)
[2024-08-15T14:33:11.603+0000][7487.548s][info][gc,task     ] GC(1607) Using 6 workers of 6 for evacuation
[2024-08-15T14:33:11.724+0000][7487.669s][info][gc,phases   ] GC(1607)   Pre Evacuate Collection Set: 0.2ms
[2024-08-15T14:33:11.724+0000][7487.669s][info][gc,phases   ] GC(1607)   Merge Heap Roots: 0.5ms
[2024-08-15T14:33:11.724+0000][7487.669s][info][gc,phases   ] GC(1607)   Evacuate Collection Set: 117.5ms
[2024-08-15T14:33:11.724+0000][7487.669s][info][gc,phases   ] GC(1607)   Post Evacuate Collection Set: 2.4ms
[2024-08-15T14:33:11.724+0000][7487.669s][info][gc,phases   ] GC(1607)   Other: 0.2ms
[2024-08-15T14:33:11.724+0000][7487.669s][info][gc,heap     ] GC(1607) Eden regions: 53->0(725)
[2024-08-15T14:33:11.724+0000][7487.669s][info][gc,heap     ] GC(1607) Survivor regions: 23->3(10)
[2024-08-15T14:33:11.724+0000][7487.669s][info][gc,heap     ] GC(1607) Old regions: 469->477
[2024-08-15T14:33:11.724+0000][7487.669s][info][gc,heap     ] GC(1607) Archive regions: 2->2
[2024-08-15T14:33:11.724+0000][7487.669s][info][gc,heap     ] GC(1607) Humongous regions: 5->5
[2024-08-15T14:33:11.724+0000][7487.669s][info][gc,metaspace] GC(1607) Metaspace: 441711K(448064K)->441711K(448064K) NonClass: 386711K(390336K)->386711K(390336K) Class: 55000K(57728K)->55000K(57728K)
[2024-08-15T14:33:11.724+0000][7487.669s][info][gc          ] GC(1607) Pause Young (Mixed) (G1 Evacuation Pause) 4403M->3881M(12288M) 120.837ms
[2024-08-15T14:33:11.724+0000][7487.669s][info][gc,cpu      ] GC(1607) User=0.72s Sys=0.00s Real=0.12s
[2024-08-15T14:33:13.926+0000][7489.871s][info][gc,start    ] GC(1608) Pause Young (Normal) (G1 Evacuation Pause)
[2024-08-15T14:33:13.927+0000][7489.871s][info][gc,task     ] GC(1608) Using 6 workers of 6 for evacuation
[2024-08-15T14:33:13.991+0000][7489.936s][info][gc,phases   ] GC(1608)   Pre Evacuate Collection Set: 0.2ms
[2024-08-15T14:33:13.991+0000][7489.936s][info][gc,phases   ] GC(1608)   Merge Heap Roots: 0.4ms
[2024-08-15T14:33:13.991+0000][7489.936s][info][gc,phases   ] GC(1608)   Evacuate Collection Set: 48.2ms
[2024-08-15T14:33:13.991+0000][7489.936s][info][gc,phases   ] GC(1608)   Post Evacuate Collection Set: 15.8ms
[2024-08-15T14:33:13.991+0000][7489.936s][info][gc,phases   ] GC(1608)   Other: 0.2ms
[2024-08-15T14:33:13.991+0000][7489.936s][info][gc,heap     ] GC(1608) Eden regions: 725->0(723)
[2024-08-15T14:33:13.991+0000][7489.936s][info][gc,heap     ] GC(1608) Survivor regions: 3->6(91)
[2024-08-15T14:33:13.991+0000][7489.936s][info][gc,heap     ] GC(1608) Old regions: 477->477
[2024-08-15T14:33:13.991+0000][7489.936s][info][gc,heap     ] GC(1608) Archive regions: 2->2
[2024-08-15T14:33:13.991+0000][7489.936s][info][gc,heap     ] GC(1608) Humongous regions: 5->5
[2024-08-15T14:33:13.991+0000][7489.936s][info][gc,metaspace] GC(1608) Metaspace: 441711K(448064K)->441711K(448064K) NonClass: 386711K(390336K)->386711K(390336K) Class: 55000K(57728K)->55000K(57728K)
[2024-08-15T14:33:13.991+0000][7489.936s][info][gc          ] GC(1608) Pause Young (Normal) (G1 Evacuation Pause) 9681M->3898M(12288M) 64.826ms
[2024-08-15T14:33:13.991+0000][7489.936s][info][gc,cpu      ] GC(1608) User=0.37s Sys=0.01s Real=0.06s
[2024-08-15T14:33:16.242+0000][7492.187s][info][gc,start    ] GC(1609) Pause Young (Normal) (G1 Evacuation Pause)
[2024-08-15T14:33:16.242+0000][7492.187s][info][gc,task     ] GC(1609) Using 6 workers of 6 for evacuation
[2024-08-15T14:33:16.317+0000][7492.262s][info][gc,phases   ] GC(1609)   Pre Evacuate Collection Set: 0.2ms
[2024-08-15T14:33:16.317+0000][7492.262s][info][gc,phases   ] GC(1609)   Merge Heap Roots: 0.4ms
[2024-08-15T14:33:16.317+0000][7492.262s][info][gc,phases   ] GC(1609)   Evacuate Collection Set: 58.3ms
[2024-08-15T14:33:16.317+0000][7492.262s][info][gc,phases   ] GC(1609)   Post Evacuate Collection Set: 16.0ms
[2024-08-15T14:33:16.317+0000][7492.262s][info][gc,phases   ] GC(1609)   Other: 0.2ms
[2024-08-15T14:33:16.317+0000][7492.262s][info][gc,heap     ] GC(1609) Eden regions: 723->0(721)
[2024-08-15T14:33:16.317+0000][7492.262s][info][gc,heap     ] GC(1609) Survivor regions: 6->9(92)
[2024-08-15T14:33:16.317+0000][7492.262s][info][gc,heap     ] GC(1609) Old regions: 477->477
[2024-08-15T14:33:16.317+0000][7492.262s][info][gc,heap     ] GC(1609) Archive regions: 2->2
[2024-08-15T14:33:16.317+0000][7492.262s][info][gc,heap     ] GC(1609) Humongous regions: 5->5
[2024-08-15T14:33:16.317+0000][7492.262s][info][gc,metaspace] GC(1609) Metaspace: 441711K(448064K)->441711K(448064K) NonClass: 386711K(390336K)->386711K(390336K) Class: 55000K(57728K)->55000K(57728K)
[2024-08-15T14:33:16.317+0000][7492.262s][info][gc          ] GC(1609) Pause Young (Normal) (G1 Evacuation Pause) 9682M->3924M(12288M) 75.035ms
[2024-08-15T14:33:16.318+0000][7492.262s][info][gc,cpu      ] GC(1609) User=0.43s Sys=0.01s Real=0.08s
[2024-08-15T14:33:19.437+0000][7495.381s][info][gc,start    ] GC(1610) Pause Young (Concurrent Start) (G1 Evacuation Pause)
[2024-08-15T14:33:19.437+0000][7495.381s][info][gc,task     ] GC(1610) Using 6 workers of 6 for evacuation
[2024-08-15T14:33:19.542+0000][7495.486s][info][gc,phases   ] GC(1610)   Pre Evacuate Collection Set: 0.6ms
[2024-08-15T14:33:19.542+0000][7495.486s][info][gc,phases   ] GC(1610)   Merge Heap Roots: 1.3ms
[2024-08-15T14:33:19.542+0000][7495.486s][info][gc,phases   ] GC(1610)   Evacuate Collection Set: 84.4ms
[2024-08-15T14:33:19.542+0000][7495.486s][info][gc,phases   ] GC(1610)   Post Evacuate Collection Set: 18.2ms
[2024-08-15T14:33:19.542+0000][7495.486s][info][gc,phases   ] GC(1610)   Other: 0.3ms
[2024-08-15T14:33:19.542+0000][7495.486s][info][gc,heap     ] GC(1610) Eden regions: 721->0(717)
[2024-08-15T14:33:19.542+0000][7495.486s][info][gc,heap     ] GC(1610) Survivor regions: 9->13(92)
[2024-08-15T14:33:19.542+0000][7495.486s][info][gc,heap     ] GC(1610) Old regions: 477->477
[2024-08-15T14:33:19.542+0000][7495.486s][info][gc,heap     ] GC(1610) Archive regions: 2->2
[2024-08-15T14:33:19.542+0000][7495.486s][info][gc,heap     ] GC(1610) Humongous regions: 5->5
[2024-08-15T14:33:19.542+0000][7495.486s][info][gc,metaspace] GC(1610) Metaspace: 441714K(448064K)->441714K(448064K) NonClass: 386714K(390336K)->386714K(390336K) Class: 55000K(57728K)->55000K(57728K)
[2024-08-15T14:33:19.542+0000][7495.486s][info][gc          ] GC(1610) Pause Young (Concurrent Start) (G1 Evacuation Pause) 9692M->3959M(12288M) 104.943ms
[2024-08-15T14:33:19.542+0000][7495.486s][info][gc,cpu      ] GC(1610) User=0.60s Sys=0.00s Real=0.10s
[2024-08-15T14:33:19.542+0000][7495.486s][info][gc          ] GC(1611) Concurrent Mark Cycle
[2024-08-15T14:33:19.542+0000][7495.486s][info][gc,marking  ] GC(1611) Concurrent Clear Claimed Marks
[2024-08-15T14:33:19.542+0000][7495.487s][info][gc,marking  ] GC(1611) Concurrent Clear Claimed Marks 0.454ms
[2024-08-15T14:33:19.542+0000][7495.487s][info][gc,marking  ] GC(1611) Concurrent Scan Root Regions
[2024-08-15T14:33:19.590+0000][7495.535s][info][gc,marking  ] GC(1611) Concurrent Scan Root Regions 48.128ms
[2024-08-15T14:33:19.590+0000][7495.535s][info][gc,marking  ] GC(1611) Concurrent Mark
[2024-08-15T14:33:19.590+0000][7495.535s][info][gc,marking  ] GC(1611) Concurrent Mark From Roots
[2024-08-15T14:33:19.591+0000][7495.535s][info][gc,task     ] GC(1611) Using 2 workers of 2 for marking
[2024-08-15T14:33:22.290+0000][7498.235s][info][gc,marking  ] GC(1611) Concurrent Mark From Roots 2699.642ms
[2024-08-15T14:33:22.290+0000][7498.235s][info][gc,marking  ] GC(1611) Concurrent Preclean
[2024-08-15T14:33:22.292+0000][7498.236s][info][gc,marking  ] GC(1611) Concurrent Preclean 1.337ms
[2024-08-15T14:33:22.292+0000][7498.236s][info][gc,start    ] GC(1611) Pause Remark
[2024-08-15T14:33:22.316+0000][7498.260s][info][gc          ] GC(1611) Pause Remark 5953M->5953M(12288M) 23.829ms
[2024-08-15T14:33:22.316+0000][7498.260s][info][gc,cpu      ] GC(1611) User=0.10s Sys=0.00s Real=0.03s
[2024-08-15T14:33:22.316+0000][7498.260s][info][gc,marking  ] GC(1611) Concurrent Mark 2725.205ms
[2024-08-15T14:33:22.316+0000][7498.260s][info][gc,marking  ] GC(1611) Concurrent Rebuild Remembered Sets
[2024-08-15T14:33:23.902+0000][7499.847s][info][gc,marking  ] GC(1611) Concurrent Rebuild Remembered Sets 1586.444ms
[2024-08-15T14:33:23.902+0000][7499.847s][info][gc,start    ] GC(1611) Pause Cleanup
[2024-08-15T14:33:23.903+0000][7499.848s][info][gc          ] GC(1611) Pause Cleanup 7063M->7063M(12288M) 0.793ms
[2024-08-15T14:33:23.903+0000][7499.848s][info][gc,cpu      ] GC(1611) User=0.01s Sys=0.00s Real=0.01s
[2024-08-15T14:33:23.903+0000][7499.848s][info][gc,marking  ] GC(1611) Concurrent Cleanup for Next Mark
[2024-08-15T14:33:23.920+0000][7499.865s][info][gc,marking  ] GC(1611) Concurrent Cleanup for Next Mark 17.069ms
[2024-08-15T14:33:23.920+0000][7499.865s][info][gc          ] GC(1611) Concurrent Mark Cycle 4378.535ms
[2024-08-15T14:33:27.524+0000][7503.469s][info][gc,start    ] GC(1612) Pause Young (Prepare Mixed) (G1 Evacuation Pause)
[2024-08-15T14:33:27.524+0000][7503.469s][info][gc,task     ] GC(1612) Using 6 workers of 6 for evacuation
[2024-08-15T14:33:27.575+0000][7503.519s][info][gc,phases   ] GC(1612)   Pre Evacuate Collection Set: 0.2ms
[2024-08-15T14:33:27.575+0000][7503.519s][info][gc,phases   ] GC(1612)   Merge Heap Roots: 0.4ms
[2024-08-15T14:33:27.575+0000][7503.519s][info][gc,phases   ] GC(1612)   Evacuate Collection Set: 48.0ms
[2024-08-15T14:33:27.575+0000][7503.519s][info][gc,phases   ] GC(1612)   Post Evacuate Collection Set: 1.8ms
[2024-08-15T14:33:27.575+0000][7503.519s][info][gc,phases   ] GC(1612)   Other: 0.2ms
[2024-08-15T14:33:27.575+0000][7503.519s][info][gc,heap     ] GC(1612) Eden regions: 717->0(61)
[2024-08-15T14:33:27.575+0000][7503.519s][info][gc,heap     ] GC(1612) Survivor regions: 13->15(92)
[2024-08-15T14:33:27.575+0000][7503.519s][info][gc,heap     ] GC(1612) Old regions: 477->477
[2024-08-15T14:33:27.575+0000][7503.519s][info][gc,heap     ] GC(1612) Archive regions: 2->2
[2024-08-15T14:33:27.575+0000][7503.519s][info][gc,heap     ] GC(1612) Humongous regions: 5->5
[2024-08-15T14:33:27.575+0000][7503.519s][info][gc,metaspace] GC(1612) Metaspace: 441714K(448064K)->441714K(448064K) NonClass: 386714K(390336K)->386714K(390336K) Class: 55000K(57728K)->55000K(57728K)
[2024-08-15T14:33:27.575+0000][7503.519s][info][gc          ] GC(1612) Pause Young (Prepare Mixed) (G1 Evacuation Pause) 9695M->3977M(12288M) 50.651ms
[2024-08-15T14:33:27.575+0000][7503.519s][info][gc,cpu      ] GC(1612) User=0.30s Sys=0.00s Real=0.04s
[2024-08-15T14:33:28.273+0000][7504.217s][info][gc,start    ] GC(1613) Pause Young (Mixed) (G1 Evacuation Pause)
[2024-08-15T14:33:28.273+0000][7504.217s][info][gc,task     ] GC(1613) Using 6 workers of 6 for evacuation
[2024-08-15T14:33:28.358+0000][7504.303s][info][gc,phases   ] GC(1613)   Pre Evacuate Collection Set: 0.2ms
[2024-08-15T14:33:28.358+0000][7504.303s][info][gc,phases   ] GC(1613)   Merge Heap Roots: 0.4ms
[2024-08-15T14:33:28.358+0000][7504.303s][info][gc,phases   ] GC(1613)   Evacuate Collection Set: 83.3ms
[2024-08-15T14:33:28.358+0000][7504.303s][info][gc,phases   ] GC(1613)   Post Evacuate Collection Set: 1.3ms
[2024-08-15T14:33:28.358+0000][7504.303s][info][gc,phases   ] GC(1613)   Other: 0.2ms
[2024-08-15T14:33:28.358+0000][7504.303s][info][gc,heap     ] GC(1613) Eden regions: 61->0(735)
[2024-08-15T14:33:28.358+0000][7504.303s][info][gc,heap     ] GC(1613) Survivor regions: 15->4(10)
[2024-08-15T14:33:28.358+0000][7504.303s][info][gc,heap     ] GC(1613) Old regions: 477->468
[2024-08-15T14:33:28.358+0000][7504.303s][info][gc,heap     ] GC(1613) Archive regions: 2->2
[2024-08-15T14:33:28.358+0000][7504.303s][info][gc,heap     ] GC(1613) Humongous regions: 5->5
[2024-08-15T14:33:28.358+0000][7504.303s][info][gc,metaspace] GC(1613) Metaspace: 441714K(448064K)->441714K(448064K) NonClass: 386714K(390336K)->386714K(390336K) Class: 55000K(57728K)->55000K(57728K)
[2024-08-15T14:33:28.358+0000][7504.303s][info][gc          ] GC(1613) Pause Young (Mixed) (G1 Evacuation Pause) 4465M->3816M(12288M) 85.433ms
[2024-08-15T14:33:28.358+0000][7504.303s][info][gc,cpu      ] GC(1613) User=0.50s Sys=0.00s Real=0.09s
[2024-08-15T14:33:36.320+0000][7512.265s][info][gc,start    ] GC(1614) Pause Young (Normal) (G1 Evacuation Pause)
[2024-08-15T14:33:36.320+0000][7512.265s][info][gc,task     ] GC(1614) Using 6 workers of 6 for evacuation
[2024-08-15T14:33:36.341+0000][7512.285s][info][gc,phases   ] GC(1614)   Pre Evacuate Collection Set: 0.2ms
[2024-08-15T14:33:36.341+0000][7512.286s][info][gc,phases   ] GC(1614)   Merge Heap Roots: 0.2ms
[2024-08-15T14:33:36.341+0000][7512.286s][info][gc,phases   ] GC(1614)   Evacuate Collection Set: 18.2ms
[2024-08-15T14:33:36.341+0000][7512.286s][info][gc,phases   ] GC(1614)   Post Evacuate Collection Set: 1.7ms
[2024-08-15T14:33:36.341+0000][7512.286s][info][gc,phases   ] GC(1614)   Other: 0.2ms
[2024-08-15T14:33:36.341+0000][7512.286s][info][gc,heap     ] GC(1614) Eden regions: 735->0(733)
[2024-08-15T14:33:36.341+0000][7512.286s][info][gc,heap     ] GC(1614) Survivor regions: 4->7(93)
[2024-08-15T14:33:36.341+0000][7512.286s][info][gc,heap     ] GC(1614) Old regions: 468->468
[2024-08-15T14:33:36.341+0000][7512.286s][info][gc,heap     ] GC(1614) Archive regions: 2->2
[2024-08-15T14:33:36.341+0000][7512.286s][info][gc,heap     ] GC(1614) Humongous regions: 5->5
[2024-08-15T14:33:36.341+0000][7512.286s][info][gc,metaspace] GC(1614) Metaspace: 441732K(448064K)->441732K(448064K) NonClass: 386732K(390336K)->386732K(390336K) Class: 55000K(57728K)->55000K(57728K)
[2024-08-15T14:33:36.341+0000][7512.286s][info][gc          ] GC(1614) Pause Young (Normal) (G1 Evacuation Pause) 9696M->3838M(12288M) 20.652ms
[2024-08-15T14:33:36.341+0000][7512.286s][info][gc,cpu      ] GC(1614) User=0.12s Sys=0.01s Real=0.02s
[2024-08-15T14:33:44.371+0000][7520.315s][info][gc,start    ] GC(1615) Pause Young (Normal) (G1 Evacuation Pause)
[2024-08-15T14:33:44.371+0000][7520.315s][info][gc,task     ] GC(1615) Using 6 workers of 6 for evacuation
[2024-08-15T14:33:44.400+0000][7520.345s][info][gc,phases   ] GC(1615)   Pre Evacuate Collection Set: 0.2ms
[2024-08-15T14:33:44.400+0000][7520.345s][info][gc,phases   ] GC(1615)   Merge Heap Roots: 0.2ms
[2024-08-15T14:33:44.400+0000][7520.345s][info][gc,phases   ] GC(1615)   Evacuate Collection Set: 27.2ms
[2024-08-15T14:33:44.400+0000][7520.345s][info][gc,phases   ] GC(1615)   Post Evacuate Collection Set: 1.8ms
[2024-08-15T14:33:44.400+0000][7520.345s][info][gc,phases   ] GC(1615)   Other: 0.2ms
[2024-08-15T14:33:44.400+0000][7520.345s][info][gc,heap     ] GC(1615) Eden regions: 733->0(730)
[2024-08-15T14:33:44.400+0000][7520.345s][info][gc,heap     ] GC(1615) Survivor regions: 7->10(93)
[2024-08-15T14:33:44.400+0000][7520.345s][info][gc,heap     ] GC(1615) Old regions: 468->468
[2024-08-15T14:33:44.400+0000][7520.345s][info][gc,heap     ] GC(1615) Archive regions: 2->2
[2024-08-15T14:33:44.400+0000][7520.345s][info][gc,heap     ] GC(1615) Humongous regions: 5->5
[2024-08-15T14:33:44.400+0000][7520.345s][info][gc,metaspace] GC(1615) Metaspace: 441738K(448064K)->441738K(448064K) NonClass: 386738K(390336K)->386738K(390336K) Class: 55000K(57728K)->55000K(57728K)
[2024-08-15T14:33:44.400+0000][7520.345s][info][gc          ] GC(1615) Pause Young (Normal) (G1 Evacuation Pause) 9702M->3864M(12288M) 29.640ms
[2024-08-15T14:33:44.400+0000][7520.345s][info][gc,cpu      ] GC(1615) User=0.17s Sys=0.00s Real=0.03s
[2024-08-15T14:33:52.422+0000][7528.366s][info][gc,start    ] GC(1616) Pause Young (Concurrent Start) (G1 Evacuation Pause)
[2024-08-15T14:33:52.422+0000][7528.366s][info][gc,task     ] GC(1616) Using 6 workers of 6 for evacuation
[2024-08-15T14:33:52.452+0000][7528.396s][info][gc,phases   ] GC(1616)   Pre Evacuate Collection Set: 0.6ms
[2024-08-15T14:33:52.452+0000][7528.396s][info][gc,phases   ] GC(1616)   Merge Heap Roots: 0.2ms
[2024-08-15T14:33:52.452+0000][7528.396s][info][gc,phases   ] GC(1616)   Evacuate Collection Set: 26.9ms
[2024-08-15T14:33:52.452+0000][7528.396s][info][gc,phases   ] GC(1616)   Post Evacuate Collection Set: 1.7ms
[2024-08-15T14:33:52.452+0000][7528.396s][info][gc,phases   ] GC(1616)   Other: 0.3ms
[2024-08-15T14:33:52.452+0000][7528.396s][info][gc,heap     ] GC(1616) Eden regions: 730->0(725)
[2024-08-15T14:33:52.452+0000][7528.396s][info][gc,heap     ] GC(1616) Survivor regions: 10->14(93)
[2024-08-15T14:33:52.452+0000][7528.396s][info][gc,heap     ] GC(1616) Old regions: 468->468
[2024-08-15T14:33:52.452+0000][7528.396s][info][gc,heap     ] GC(1616) Archive regions: 2->2
[2024-08-15T14:33:52.452+0000][7528.396s][info][gc,heap     ] GC(1616) Humongous regions: 5->5
[2024-08-15T14:33:52.452+0000][7528.396s][info][gc,metaspace] GC(1616) Metaspace: 441738K(448064K)->441738K(448064K) NonClass: 386738K(390336K)->386738K(390336K) Class: 55000K(57728K)->55000K(57728K)
[2024-08-15T14:33:52.452+0000][7528.396s][info][gc          ] GC(1616) Pause Young (Concurrent Start) (G1 Evacuation Pause) 9704M->3890M(12288M) 29.851ms
[2024-08-15T14:33:52.452+0000][7528.396s][info][gc,cpu      ] GC(1616) User=0.17s Sys=0.00s Real=0.03s
[2024-08-15T14:33:52.452+0000][7528.396s][info][gc          ] GC(1617) Concurrent Mark Cycle
[2024-08-15T14:33:52.452+0000][7528.396s][info][gc,marking  ] GC(1617) Concurrent Clear Claimed Marks
[2024-08-15T14:33:52.452+0000][7528.397s][info][gc,marking  ] GC(1617) Concurrent Clear Claimed Marks 0.472ms
[2024-08-15T14:33:52.452+0000][7528.397s][info][gc,marking  ] GC(1617) Concurrent Scan Root Regions
[2024-08-15T14:33:52.471+0000][7528.416s][info][gc,marking  ] GC(1617) Concurrent Scan Root Regions 19.232ms
[2024-08-15T14:33:52.471+0000][7528.416s][info][gc,marking  ] GC(1617) Concurrent Mark
[2024-08-15T14:33:52.471+0000][7528.416s][info][gc,marking  ] GC(1617) Concurrent Mark From Roots
[2024-08-15T14:33:52.471+0000][7528.416s][info][gc,task     ] GC(1617) Using 2 workers of 2 for marking
[2024-08-15T14:33:55.251+0000][7531.195s][info][gc,marking  ] GC(1617) Concurrent Mark From Roots 2779.115ms
[2024-08-15T14:33:55.251+0000][7531.195s][info][gc,marking  ] GC(1617) Concurrent Preclean
[2024-08-15T14:33:55.252+0000][7531.197s][info][gc,marking  ] GC(1617) Concurrent Preclean 1.452ms
[2024-08-15T14:33:55.252+0000][7531.197s][info][gc,start    ] GC(1617) Pause Remark
[2024-08-15T14:33:55.276+0000][7531.220s][info][gc          ] GC(1617) Pause Remark 5818M->5818M(12288M) 23.311ms
[2024-08-15T14:33:55.276+0000][7531.220s][info][gc,cpu      ] GC(1617) User=0.10s Sys=0.00s Real=0.03s
[2024-08-15T14:33:55.276+0000][7531.220s][info][gc,marking  ] GC(1617) Concurrent Mark 2804.299ms
[2024-08-15T14:33:55.276+0000][7531.220s][info][gc,marking  ] GC(1617) Concurrent Rebuild Remembered Sets
[2024-08-15T14:33:57.075+0000][7533.020s][info][gc,marking  ] GC(1617) Concurrent Rebuild Remembered Sets 1799.110ms
[2024-08-15T14:33:57.075+0000][7533.020s][info][gc,start    ] GC(1617) Pause Cleanup
[2024-08-15T14:33:57.076+0000][7533.020s][info][gc          ] GC(1617) Pause Cleanup 7106M->7106M(12288M) 0.721ms
[2024-08-15T14:33:57.076+0000][7533.021s][info][gc,cpu      ] GC(1617) User=0.00s Sys=0.00s Real=0.00s
[2024-08-15T14:33:57.076+0000][7533.021s][info][gc,marking  ] GC(1617) Concurrent Cleanup for Next Mark
[2024-08-15T14:33:57.094+0000][7533.038s][info][gc,marking  ] GC(1617) Concurrent Cleanup for Next Mark 17.806ms
[2024-08-15T14:33:57.094+0000][7533.038s][info][gc          ] GC(1617) Concurrent Mark Cycle 4642.156ms
[2024-08-15T14:34:00.607+0000][7536.552s][info][gc,start    ] GC(1618) Pause Young (Prepare Mixed) (G1 Evacuation Pause)
[2024-08-15T14:34:00.607+0000][7536.552s][info][gc,task     ] GC(1618) Using 6 workers of 6 for evacuation
[2024-08-15T14:34:00.642+0000][7536.586s][info][gc,phases   ] GC(1618)   Pre Evacuate Collection Set: 0.2ms
[2024-08-15T14:34:00.642+0000][7536.586s][info][gc,phases   ] GC(1618)   Merge Heap Roots: 0.3ms
[2024-08-15T14:34:00.642+0000][7536.586s][info][gc,phases   ] GC(1618)   Evacuate Collection Set: 32.3ms
[2024-08-15T14:34:00.642+0000][7536.586s][info][gc,phases   ] GC(1618)   Post Evacuate Collection Set: 1.8ms
[2024-08-15T14:34:00.642+0000][7536.586s][info][gc,phases   ] GC(1618)   Other: 0.2ms
[2024-08-15T14:34:00.642+0000][7536.586s][info][gc,heap     ] GC(1618) Eden regions: 725->0(60)
[2024-08-15T14:34:00.642+0000][7536.586s][info][gc,heap     ] GC(1618) Survivor regions: 14->16(93)
[2024-08-15T14:34:00.642+0000][7536.586s][info][gc,heap     ] GC(1618) Old regions: 468->468
[2024-08-15T14:34:00.642+0000][7536.586s][info][gc,heap     ] GC(1618) Archive regions: 2->2
[2024-08-15T14:34:00.642+0000][7536.586s][info][gc,heap     ] GC(1618) Humongous regions: 5->5
[2024-08-15T14:34:00.642+0000][7536.586s][info][gc,metaspace] GC(1618) Metaspace: 441738K(448064K)->441738K(448064K) NonClass: 386738K(390336K)->386738K(390336K) Class: 55000K(57728K)->55000K(57728K)
[2024-08-15T14:34:00.642+0000][7536.586s][info][gc          ] GC(1618) Pause Young (Prepare Mixed) (G1 Evacuation Pause) 9690M->3912M(12288M) 34.921ms
[2024-08-15T14:34:00.642+0000][7536.587s][info][gc,cpu      ] GC(1618) User=0.21s Sys=0.01s Real=0.03s
[2024-08-15T14:34:01.293+0000][7537.238s][info][gc,start    ] GC(1619) Pause Young (Mixed) (G1 Evacuation Pause)
[2024-08-15T14:34:01.293+0000][7537.238s][info][gc,task     ] GC(1619) Using 6 workers of 6 for evacuation
[2024-08-15T14:34:01.373+0000][7537.318s][info][gc,phases   ] GC(1619)   Pre Evacuate Collection Set: 0.2ms
[2024-08-15T14:34:01.373+0000][7537.318s][info][gc,phases   ] GC(1619)   Merge Heap Roots: 0.4ms
[2024-08-15T14:34:01.373+0000][7537.318s][info][gc,phases   ] GC(1619)   Evacuate Collection Set: 78.3ms
[2024-08-15T14:34:01.373+0000][7537.318s][info][gc,phases   ] GC(1619)   Post Evacuate Collection Set: 1.3ms
[2024-08-15T14:34:01.373+0000][7537.318s][info][gc,phases   ] GC(1619)   Other: 0.2ms
[2024-08-15T14:34:01.373+0000][7537.318s][info][gc,heap     ] GC(1619) Eden regions: 60->0(738)
[2024-08-15T14:34:01.373+0000][7537.318s][info][gc,heap     ] GC(1619) Survivor regions: 16->5(10)
[2024-08-15T14:34:01.373+0000][7537.318s][info][gc,heap     ] GC(1619) Old regions: 468->464
[2024-08-15T14:34:01.373+0000][7537.318s][info][gc,heap     ] GC(1619) Archive regions: 2->2
[2024-08-15T14:34:01.373+0000][7537.318s][info][gc,heap     ] GC(1619) Humongous regions: 5->5
[2024-08-15T14:34:01.373+0000][7537.318s][info][gc,metaspace] GC(1619) Metaspace: 441738K(448064K)->441738K(448064K) NonClass: 386738K(390336K)->386738K(390336K) Class: 55000K(57728K)->55000K(57728K)
[2024-08-15T14:34:01.373+0000][7537.318s][info][gc          ] GC(1619) Pause Young (Mixed) (G1 Evacuation Pause) 4392M->3793M(12288M) 80.400ms
[2024-08-15T14:34:01.374+0000][7537.318s][info][gc,cpu      ] GC(1619) User=0.48s Sys=0.00s Real=0.08s
[2024-08-15T14:34:09.074+0000][7545.019s][info][gc,start    ] GC(1620) Pause Young (Normal) (G1 Evacuation Pause)
[2024-08-15T14:34:09.074+0000][7545.019s][info][gc,task     ] GC(1620) Using 6 workers of 6 for evacuation
[2024-08-15T14:34:09.097+0000][7545.041s][info][gc,phases   ] GC(1620)   Pre Evacuate Collection Set: 0.2ms
[2024-08-15T14:34:09.097+0000][7545.041s][info][gc,phases   ] GC(1620)   Merge Heap Roots: 0.3ms
[2024-08-15T14:34:09.097+0000][7545.041s][info][gc,phases   ] GC(1620)   Evacuate Collection Set: 20.4ms
[2024-08-15T14:34:09.097+0000][7545.041s][info][gc,phases   ] GC(1620)   Post Evacuate Collection Set: 1.8ms
[2024-08-15T14:34:09.097+0000][7545.041s][info][gc,phases   ] GC(1620)   Other: 0.2ms
[2024-08-15T14:34:09.097+0000][7545.041s][info][gc,heap     ] GC(1620) Eden regions: 738->0(738)
[2024-08-15T14:34:09.097+0000][7545.041s][info][gc,heap     ] GC(1620) Survivor regions: 5->6(93)
[2024-08-15T14:34:09.097+0000][7545.041s][info][gc,heap     ] GC(1620) Old regions: 464->464
[2024-08-15T14:34:09.097+0000][7545.041s][info][gc,heap     ] GC(1620) Archive regions: 2->2
[2024-08-15T14:34:09.097+0000][7545.041s][info][gc,heap     ] GC(1620) Humongous regions: 5->5
[2024-08-15T14:34:09.097+0000][7545.041s][info][gc,metaspace] GC(1620) Metaspace: 441738K(448064K)->441738K(448064K) NonClass: 386738K(390336K)->386738K(390336K) Class: 55000K(57728K)->55000K(57728K)
[2024-08-15T14:34:09.097+0000][7545.041s][info][gc          ] GC(1620) Pause Young (Normal) (G1 Evacuation Pause) 9697M->3801M(12288M) 22.897ms
[2024-08-15T14:34:09.097+0000][7545.041s][info][gc,cpu      ] GC(1620) User=0.13s Sys=0.00s Real=0.03s
[2024-08-15T14:34:17.114+0000][7553.059s][info][gc,start    ] GC(1621) Pause Young (Normal) (G1 Evacuation Pause)
[2024-08-15T14:34:17.114+0000][7553.059s][info][gc,task     ] GC(1621) Using 6 workers of 6 for evacuation
[2024-08-15T14:34:17.142+0000][7553.087s][info][gc,phases   ] GC(1621)   Pre Evacuate Collection Set: 0.2ms
[2024-08-15T14:34:17.142+0000][7553.087s][info][gc,phases   ] GC(1621)   Merge Heap Roots: 0.3ms
[2024-08-15T14:34:17.142+0000][7553.087s][info][gc,phases   ] GC(1621)   Evacuate Collection Set: 25.5ms
[2024-08-15T14:34:17.142+0000][7553.087s][info][gc,phases   ] GC(1621)   Post Evacuate Collection Set: 1.7ms
[2024-08-15T14:34:17.142+0000][7553.087s][info][gc,phases   ] GC(1621)   Other: 0.2ms
[2024-08-15T14:34:17.142+0000][7553.087s][info][gc,heap     ] GC(1621) Eden regions: 738->0(734)
[2024-08-15T14:34:17.142+0000][7553.087s][info][gc,heap     ] GC(1621) Survivor regions: 6->10(93)
[2024-08-15T14:34:17.142+0000][7553.087s][info][gc,heap     ] GC(1621) Old regions: 464->464
[2024-08-15T14:34:17.142+0000][7553.087s][info][gc,heap     ] GC(1621) Archive regions: 2->2
[2024-08-15T14:34:17.142+0000][7553.087s][info][gc,heap     ] GC(1621) Humongous regions: 5->5
[2024-08-15T14:34:17.142+0000][7553.087s][info][gc,metaspace] GC(1621) Metaspace: 441738K(448064K)->441738K(448064K) NonClass: 386738K(390336K)->386738K(390336K) Class: 55000K(57728K)->55000K(57728K)
[2024-08-15T14:34:17.142+0000][7553.087s][info][gc          ] GC(1621) Pause Young (Normal) (G1 Evacuation Pause) 9705M->3827M(12288M) 27.980ms
[2024-08-15T14:34:17.142+0000][7553.087s][info][gc,cpu      ] GC(1621) User=0.16s Sys=0.00s Real=0.03s
[2024-08-15T14:34:24.632+0000][7560.577s][info][gc,start    ] GC(1622) Pause Young (Concurrent Start) (G1 Evacuation Pause)
[2024-08-15T14:34:24.632+0000][7560.577s][info][gc,task     ] GC(1622) Using 6 workers of 6 for evacuation
[2024-08-15T14:34:24.663+0000][7560.608s][info][gc,phases   ] GC(1622)   Pre Evacuate Collection Set: 0.6ms
[2024-08-15T14:34:24.663+0000][7560.608s][info][gc,phases   ] GC(1622)   Merge Heap Roots: 0.3ms
[2024-08-15T14:34:24.663+0000][7560.608s][info][gc,phases   ] GC(1622)   Evacuate Collection Set: 28.0ms
[2024-08-15T14:34:24.663+0000][7560.608s][info][gc,phases   ] GC(1622)   Post Evacuate Collection Set: 1.7ms
[2024-08-15T14:34:24.663+0000][7560.608s][info][gc,phases   ] GC(1622)   Other: 0.3ms
[2024-08-15T14:34:24.663+0000][7560.608s][info][gc,heap     ] GC(1622) Eden regions: 734->0(733)
[2024-08-15T14:34:24.663+0000][7560.608s][info][gc,heap     ] GC(1622) Survivor regions: 10->11(93)
[2024-08-15T14:34:24.663+0000][7560.608s][info][gc,heap     ] GC(1622) Old regions: 464->464
[2024-08-15T14:34:24.663+0000][7560.608s][info][gc,heap     ] GC(1622) Archive regions: 2->2
[2024-08-15T14:34:24.663+0000][7560.608s][info][gc,heap     ] GC(1622) Humongous regions: 5->5
[2024-08-15T14:34:24.663+0000][7560.608s][info][gc,metaspace] GC(1622) Metaspace: 441738K(448064K)->441738K(448064K) NonClass: 386738K(390336K)->386738K(390336K) Class: 55000K(57728K)->55000K(57728K)
[2024-08-15T14:34:24.663+0000][7560.608s][info][gc          ] GC(1622) Pause Young (Concurrent Start) (G1 Evacuation Pause) 9699M->3839M(12288M) 30.919ms
[2024-08-15T14:34:24.663+0000][7560.608s][info][gc,cpu      ] GC(1622) User=0.18s Sys=0.00s Real=0.03s
[2024-08-15T14:34:24.663+0000][7560.608s][info][gc          ] GC(1623) Concurrent Mark Cycle
[2024-08-15T14:34:24.663+0000][7560.608s][info][gc,marking  ] GC(1623) Concurrent Clear Claimed Marks
[2024-08-15T14:34:24.664+0000][7560.608s][info][gc,marking  ] GC(1623) Concurrent Clear Claimed Marks 0.428ms
[2024-08-15T14:34:24.664+0000][7560.608s][info][gc,marking  ] GC(1623) Concurrent Scan Root Regions
[2024-08-15T14:34:24.699+0000][7560.643s][info][gc,marking  ] GC(1623) Concurrent Scan Root Regions 35.100ms
[2024-08-15T14:34:24.699+0000][7560.643s][info][gc,marking  ] GC(1623) Concurrent Mark
[2024-08-15T14:34:24.699+0000][7560.643s][info][gc,marking  ] GC(1623) Concurrent Mark From Roots
[2024-08-15T14:34:24.699+0000][7560.643s][info][gc,task     ] GC(1623) Using 2 workers of 2 for marking
[2024-08-15T14:34:27.416+0000][7563.361s][info][gc,marking  ] GC(1623) Concurrent Mark From Roots 2717.489ms
[2024-08-15T14:34:27.416+0000][7563.361s][info][gc,marking  ] GC(1623) Concurrent Preclean
[2024-08-15T14:34:27.418+0000][7563.362s][info][gc,marking  ] GC(1623) Concurrent Preclean 1.433ms
[2024-08-15T14:34:27.418+0000][7563.362s][info][gc,start    ] GC(1623) Pause Remark
[2024-08-15T14:34:27.441+0000][7563.386s][info][gc          ] GC(1623) Pause Remark 5735M->5735M(12288M) 23.125ms
[2024-08-15T14:34:27.441+0000][7563.386s][info][gc,cpu      ] GC(1623) User=0.10s Sys=0.00s Real=0.02s
[2024-08-15T14:34:27.441+0000][7563.386s][info][gc,marking  ] GC(1623) Concurrent Mark 2742.449ms
[2024-08-15T14:34:27.441+0000][7563.386s][info][gc,marking  ] GC(1623) Concurrent Rebuild Remembered Sets
[2024-08-15T14:34:29.077+0000][7565.021s][info][gc,marking  ] GC(1623) Concurrent Rebuild Remembered Sets 1635.278ms
[2024-08-15T14:34:29.077+0000][7565.021s][info][gc,start    ] GC(1623) Pause Cleanup
[2024-08-15T14:34:29.077+0000][7565.022s][info][gc          ] GC(1623) Pause Cleanup 6879M->6879M(12288M) 0.693ms
[2024-08-15T14:34:29.077+0000][7565.022s][info][gc,cpu      ] GC(1623) User=0.00s Sys=0.00s Real=0.00s
[2024-08-15T14:34:29.078+0000][7565.022s][info][gc,marking  ] GC(1623) Concurrent Cleanup for Next Mark
[2024-08-15T14:34:29.096+0000][7565.041s][info][gc,marking  ] GC(1623) Concurrent Cleanup for Next Mark 18.507ms
[2024-08-15T14:34:29.096+0000][7565.041s][info][gc          ] GC(1623) Concurrent Mark Cycle 4432.995ms
[2024-08-15T14:34:32.893+0000][7568.837s][info][gc,start    ] GC(1624) Pause Young (Prepare Mixed) (G1 Evacuation Pause)
[2024-08-15T14:34:32.893+0000][7568.837s][info][gc,task     ] GC(1624) Using 6 workers of 6 for evacuation
[2024-08-15T14:34:32.927+0000][7568.872s][info][gc,phases   ] GC(1624)   Pre Evacuate Collection Set: 0.2ms
[2024-08-15T14:34:32.928+0000][7568.872s][info][gc,phases   ] GC(1624)   Merge Heap Roots: 0.3ms
[2024-08-15T14:34:32.928+0000][7568.872s][info][gc,phases   ] GC(1624)   Evacuate Collection Set: 32.6ms
[2024-08-15T14:34:32.928+0000][7568.872s][info][gc,phases   ] GC(1624)   Post Evacuate Collection Set: 1.7ms
[2024-08-15T14:34:32.928+0000][7568.872s][info][gc,phases   ] GC(1624)   Other: 0.2ms
[2024-08-15T14:34:32.928+0000][7568.872s][info][gc,heap     ] GC(1624) Eden regions: 733->0(62)
[2024-08-15T14:34:32.928+0000][7568.872s][info][gc,heap     ] GC(1624) Survivor regions: 11->14(93)
[2024-08-15T14:34:32.928+0000][7568.872s][info][gc,heap     ] GC(1624) Old regions: 464->464
[2024-08-15T14:34:32.928+0000][7568.872s][info][gc,heap     ] GC(1624) Archive regions: 2->2
[2024-08-15T14:34:32.928+0000][7568.872s][info][gc,heap     ] GC(1624) Humongous regions: 5->5
[2024-08-15T14:34:32.928+0000][7568.872s][info][gc,metaspace] GC(1624) Metaspace: 441747K(448064K)->441747K(448064K) NonClass: 386747K(390336K)->386747K(390336K) Class: 55000K(57728K)->55000K(57728K)
[2024-08-15T14:34:32.928+0000][7568.872s][info][gc          ] GC(1624) Pause Young (Prepare Mixed) (G1 Evacuation Pause) 9703M->3862M(12288M) 35.072ms
[2024-08-15T14:34:32.928+0000][7568.872s][info][gc,cpu      ] GC(1624) User=0.20s Sys=0.00s Real=0.04s
[2024-08-15T14:34:33.624+0000][7569.568s][info][gc,start    ] GC(1625) Pause Young (Mixed) (G1 Evacuation Pause)
[2024-08-15T14:34:33.624+0000][7569.568s][info][gc,task     ] GC(1625) Using 6 workers of 6 for evacuation
[2024-08-15T14:34:33.711+0000][7569.655s][info][gc,phases   ] GC(1625)   Pre Evacuate Collection Set: 0.2ms
[2024-08-15T14:34:33.711+0000][7569.655s][info][gc,phases   ] GC(1625)   Merge Heap Roots: 0.5ms
[2024-08-15T14:34:33.711+0000][7569.655s][info][gc,phases   ] GC(1625)   Evacuate Collection Set: 85.0ms
[2024-08-15T14:34:33.711+0000][7569.655s][info][gc,phases   ] GC(1625)   Post Evacuate Collection Set: 1.3ms
[2024-08-15T14:34:33.711+0000][7569.655s][info][gc,phases   ] GC(1625)   Other: 0.2ms
[2024-08-15T14:34:33.711+0000][7569.655s][info][gc,heap     ] GC(1625) Eden regions: 62->0(742)
[2024-08-15T14:34:33.711+0000][7569.655s][info][gc,heap     ] GC(1625) Survivor regions: 14->5(10)
[2024-08-15T14:34:33.711+0000][7569.655s][info][gc,heap     ] GC(1625) Old regions: 464->461
[2024-08-15T14:34:33.711+0000][7569.655s][info][gc,heap     ] GC(1625) Archive regions: 2->2
[2024-08-15T14:34:33.711+0000][7569.655s][info][gc,heap     ] GC(1625) Humongous regions: 5->5
[2024-08-15T14:34:33.711+0000][7569.655s][info][gc,metaspace] GC(1625) Metaspace: 441747K(448064K)->441747K(448064K) NonClass: 386747K(390336K)->386747K(390336K) Class: 55000K(57728K)->55000K(57728K)
[2024-08-15T14:34:33.711+0000][7569.655s][info][gc          ] GC(1625) Pause Young (Mixed) (G1 Evacuation Pause) 4358M->3767M(12288M) 87.219ms
[2024-08-15T14:34:33.711+0000][7569.655s][info][gc,cpu      ] GC(1625) User=0.51s Sys=0.00s Real=0.08s
[2024-08-15T14:34:41.721+0000][7577.666s][info][gc,start    ] GC(1626) Pause Young (Normal) (G1 Evacuation Pause)
[2024-08-15T14:34:41.721+0000][7577.666s][info][gc,task     ] GC(1626) Using 6 workers of 6 for evacuation
[2024-08-15T14:34:41.742+0000][7577.686s][info][gc,phases   ] GC(1626)   Pre Evacuate Collection Set: 0.2ms
[2024-08-15T14:34:41.742+0000][7577.686s][info][gc,phases   ] GC(1626)   Merge Heap Roots: 0.2ms
[2024-08-15T14:34:41.742+0000][7577.686s][info][gc,phases   ] GC(1626)   Evacuate Collection Set: 18.1ms
[2024-08-15T14:34:41.742+0000][7577.686s][info][gc,phases   ] GC(1626)   Post Evacuate Collection Set: 1.8ms
[2024-08-15T14:34:41.742+0000][7577.686s][info][gc,phases   ] GC(1626)   Other: 0.2ms
[2024-08-15T14:34:41.742+0000][7577.686s][info][gc,heap     ] GC(1626) Eden regions: 742->0(739)
[2024-08-15T14:34:41.742+0000][7577.686s][info][gc,heap     ] GC(1626) Survivor regions: 5->8(94)
[2024-08-15T14:34:41.742+0000][7577.686s][info][gc,heap     ] GC(1626) Old regions: 461->461
[2024-08-15T14:34:41.742+0000][7577.686s][info][gc,heap     ] GC(1626) Archive regions: 2->2
[2024-08-15T14:34:41.742+0000][7577.686s][info][gc,heap     ] GC(1626) Humongous regions: 5->5
[2024-08-15T14:34:41.742+0000][7577.686s][info][gc,metaspace] GC(1626) Metaspace: 441786K(448128K)->441786K(448128K) NonClass: 386786K(390400K)->386786K(390400K) Class: 55000K(57728K)->55000K(57728K)
[2024-08-15T14:34:41.742+0000][7577.686s][info][gc          ] GC(1626) Pause Young (Normal) (G1 Evacuation Pause) 9703M->3791M(12288M) 20.574ms
[2024-08-15T14:34:41.742+0000][7577.686s][info][gc,cpu      ] GC(1626) User=0.12s Sys=0.00s Real=0.02s
[2024-08-15T14:34:49.852+0000][7585.796s][info][gc,start    ] GC(1627) Pause Young (Normal) (G1 Evacuation Pause)
[2024-08-15T14:34:49.852+0000][7585.796s][info][gc,task     ] GC(1627) Using 6 workers of 6 for evacuation
[2024-08-15T14:34:49.877+0000][7585.821s][info][gc,phases   ] GC(1627)   Pre Evacuate Collection Set: 0.2ms
[2024-08-15T14:34:49.877+0000][7585.821s][info][gc,phases   ] GC(1627)   Merge Heap Roots: 0.2ms
[2024-08-15T14:34:49.877+0000][7585.821s][info][gc,phases   ] GC(1627)   Evacuate Collection Set: 22.9ms
[2024-08-15T14:34:49.877+0000][7585.821s][info][gc,phases   ] GC(1627)   Post Evacuate Collection Set: 1.7ms
[2024-08-15T14:34:49.877+0000][7585.821s][info][gc,phases   ] GC(1627)   Other: 0.2ms
[2024-08-15T14:34:49.877+0000][7585.821s][info][gc,heap     ] GC(1627) Eden regions: 739->0(736)
[2024-08-15T14:34:49.877+0000][7585.821s][info][gc,heap     ] GC(1627) Survivor regions: 8->11(94)
[2024-08-15T14:34:49.877+0000][7585.821s][info][gc,heap     ] GC(1627) Old regions: 461->461
[2024-08-15T14:34:49.877+0000][7585.821s][info][gc,heap     ] GC(1627) Archive regions: 2->2
[2024-08-15T14:34:49.877+0000][7585.821s][info][gc,heap     ] GC(1627) Humongous regions: 5->5
[2024-08-15T14:34:49.877+0000][7585.821s][info][gc,metaspace] GC(1627) Metaspace: 441786K(448128K)->441786K(448128K) NonClass: 386786K(390400K)->386786K(390400K) Class: 55000K(57728K)->55000K(57728K)
[2024-08-15T14:34:49.877+0000][7585.821s][info][gc          ] GC(1627) Pause Young (Normal) (G1 Evacuation Pause) 9703M->3812M(12288M) 25.277ms
[2024-08-15T14:34:49.877+0000][7585.821s][info][gc,cpu      ] GC(1627) User=0.14s Sys=0.00s Real=0.03s
[2024-08-15T14:34:57.429+0000][7593.374s][info][gc,start    ] GC(1628) Pause Young (Concurrent Start) (G1 Evacuation Pause)
[2024-08-15T14:34:57.429+0000][7593.374s][info][gc,task     ] GC(1628) Using 6 workers of 6 for evacuation
[2024-08-15T14:34:57.460+0000][7593.405s][info][gc,phases   ] GC(1628)   Pre Evacuate Collection Set: 0.7ms
[2024-08-15T14:34:57.460+0000][7593.405s][info][gc,phases   ] GC(1628)   Merge Heap Roots: 0.2ms
[2024-08-15T14:34:57.460+0000][7593.405s][info][gc,phases   ] GC(1628)   Evacuate Collection Set: 28.0ms
[2024-08-15T14:34:57.460+0000][7593.405s][info][gc,phases   ] GC(1628)   Post Evacuate Collection Set: 1.7ms
[2024-08-15T14:34:57.460+0000][7593.405s][info][gc,phases   ] GC(1628)   Other: 0.3ms
[2024-08-15T14:34:57.460+0000][7593.405s][info][gc,heap     ] GC(1628) Eden regions: 736->0(736)
[2024-08-15T14:34:57.460+0000][7593.405s][info][gc,heap     ] GC(1628) Survivor regions: 11->11(94)
[2024-08-15T14:34:57.460+0000][7593.405s][info][gc,heap     ] GC(1628) Old regions: 461->461
[2024-08-15T14:34:57.460+0000][7593.405s][info][gc,heap     ] GC(1628) Archive regions: 2->2
[2024-08-15T14:34:57.460+0000][7593.405s][info][gc,heap     ] GC(1628) Humongous regions: 5->5
[2024-08-15T14:34:57.460+0000][7593.405s][info][gc,metaspace] GC(1628) Metaspace: 441786K(448128K)->441786K(448128K) NonClass: 386786K(390400K)->386786K(390400K) Class: 55000K(57728K)->55000K(57728K)
[2024-08-15T14:34:57.460+0000][7593.405s][info][gc          ] GC(1628) Pause Young (Concurrent Start) (G1 Evacuation Pause) 9700M->3816M(12288M) 31.042ms
[2024-08-15T14:34:57.460+0000][7593.405s][info][gc,cpu      ] GC(1628) User=0.18s Sys=0.00s Real=0.03s
[2024-08-15T14:34:57.460+0000][7593.405s][info][gc          ] GC(1629) Concurrent Mark Cycle
[2024-08-15T14:34:57.460+0000][7593.405s][info][gc,marking  ] GC(1629) Concurrent Clear Claimed Marks
[2024-08-15T14:34:57.461+0000][7593.405s][info][gc,marking  ] GC(1629) Concurrent Clear Claimed Marks 0.451ms
[2024-08-15T14:34:57.461+0000][7593.405s][info][gc,marking  ] GC(1629) Concurrent Scan Root Regions
[2024-08-15T14:34:57.481+0000][7593.425s][info][gc,marking  ] GC(1629) Concurrent Scan Root Regions 20.207ms
[2024-08-15T14:34:57.481+0000][7593.426s][info][gc,marking  ] GC(1629) Concurrent Mark
[2024-08-15T14:34:57.481+0000][7593.426s][info][gc,marking  ] GC(1629) Concurrent Mark From Roots
[2024-08-15T14:34:57.481+0000][7593.426s][info][gc,task     ] GC(1629) Using 2 workers of 2 for marking
[2024-08-15T14:35:00.227+0000][7596.172s][info][gc,marking  ] GC(1629) Concurrent Mark From Roots 2746.393ms
[2024-08-15T14:35:00.227+0000][7596.172s][info][gc,marking  ] GC(1629) Concurrent Preclean
[2024-08-15T14:35:00.229+0000][7596.173s][info][gc,marking  ] GC(1629) Concurrent Preclean 1.241ms
[2024-08-15T14:35:00.229+0000][7596.173s][info][gc,start    ] GC(1629) Pause Remark
[2024-08-15T14:35:00.252+0000][7596.197s][info][gc          ] GC(1629) Pause Remark 5716M->5716M(12288M) 23.207ms
[2024-08-15T14:35:00.252+0000][7596.197s][info][gc,cpu      ] GC(1629) User=0.09s Sys=0.01s Real=0.02s
[2024-08-15T14:35:00.252+0000][7596.197s][info][gc,marking  ] GC(1629) Concurrent Mark 2771.368ms
[2024-08-15T14:35:00.252+0000][7596.197s][info][gc,marking  ] GC(1629) Concurrent Rebuild Remembered Sets
[2024-08-15T14:35:01.865+0000][7597.810s][info][gc,marking  ] GC(1629) Concurrent Rebuild Remembered Sets 1612.680ms
[2024-08-15T14:35:01.865+0000][7597.810s][info][gc,start    ] GC(1629) Pause Cleanup
[2024-08-15T14:35:01.866+0000][7597.810s][info][gc          ] GC(1629) Pause Cleanup 6860M->6860M(12288M) 0.705ms
[2024-08-15T14:35:01.866+0000][7597.811s][info][gc,cpu      ] GC(1629) User=0.00s Sys=0.00s Real=0.00s
[2024-08-15T14:35:01.866+0000][7597.811s][info][gc,marking  ] GC(1629) Concurrent Cleanup for Next Mark
[2024-08-15T14:35:01.884+0000][7597.829s][info][gc,marking  ] GC(1629) Concurrent Cleanup for Next Mark 18.022ms
[2024-08-15T14:35:01.884+0000][7597.829s][info][gc          ] GC(1629) Concurrent Mark Cycle 4423.915ms
[2024-08-15T14:35:05.663+0000][7601.608s][info][gc,start    ] GC(1630) Pause Young (Prepare Mixed) (G1 Evacuation Pause)
[2024-08-15T14:35:05.663+0000][7601.608s][info][gc,task     ] GC(1630) Using 6 workers of 6 for evacuation
[2024-08-15T14:35:05.699+0000][7601.643s][info][gc,phases   ] GC(1630)   Pre Evacuate Collection Set: 0.2ms
[2024-08-15T14:35:05.699+0000][7601.643s][info][gc,phases   ] GC(1630)   Merge Heap Roots: 0.4ms
[2024-08-15T14:35:05.699+0000][7601.643s][info][gc,phases   ] GC(1630)   Evacuate Collection Set: 32.6ms
[2024-08-15T14:35:05.699+0000][7601.643s][info][gc,phases   ] GC(1630)   Post Evacuate Collection Set: 1.9ms
[2024-08-15T14:35:05.699+0000][7601.643s][info][gc,phases   ] GC(1630)   Other: 0.2ms
[2024-08-15T14:35:05.699+0000][7601.643s][info][gc,heap     ] GC(1630) Eden regions: 736->0(62)
[2024-08-15T14:35:05.699+0000][7601.643s][info][gc,heap     ] GC(1630) Survivor regions: 11->14(94)
[2024-08-15T14:35:05.699+0000][7601.643s][info][gc,heap     ] GC(1630) Old regions: 461->461
[2024-08-15T14:35:05.699+0000][7601.643s][info][gc,heap     ] GC(1630) Archive regions: 2->2
[2024-08-15T14:35:05.699+0000][7601.643s][info][gc,heap     ] GC(1630) Humongous regions: 5->5
[2024-08-15T14:35:05.699+0000][7601.643s][info][gc,metaspace] GC(1630) Metaspace: 441788K(448128K)->441788K(448128K) NonClass: 386788K(390400K)->386788K(390400K) Class: 55000K(57728K)->55000K(57728K)
[2024-08-15T14:35:05.699+0000][7601.643s][info][gc          ] GC(1630) Pause Young (Prepare Mixed) (G1 Evacuation Pause) 9704M->3841M(12288M) 35.271ms
[2024-08-15T14:35:05.699+0000][7601.643s][info][gc,cpu      ] GC(1630) User=0.21s Sys=0.00s Real=0.03s
[2024-08-15T14:35:06.375+0000][7602.320s][info][gc,start    ] GC(1631) Pause Young (Mixed) (G1 Evacuation Pause)
[2024-08-15T14:35:06.375+0000][7602.320s][info][gc,task     ] GC(1631) Using 6 workers of 6 for evacuation
[2024-08-15T14:35:06.462+0000][7602.407s][info][gc,phases   ] GC(1631)   Pre Evacuate Collection Set: 0.2ms
[2024-08-15T14:35:06.462+0000][7602.407s][info][gc,phases   ] GC(1631)   Merge Heap Roots: 0.5ms
[2024-08-15T14:35:06.462+0000][7602.407s][info][gc,phases   ] GC(1631)   Evacuate Collection Set: 85.1ms
[2024-08-15T14:35:06.462+0000][7602.407s][info][gc,phases   ] GC(1631)   Post Evacuate Collection Set: 1.3ms
[2024-08-15T14:35:06.462+0000][7602.407s][info][gc,phases   ] GC(1631)   Other: 0.2ms
[2024-08-15T14:35:06.462+0000][7602.407s][info][gc,heap     ] GC(1631) Eden regions: 62->0(742)
[2024-08-15T14:35:06.462+0000][7602.407s][info][gc,heap     ] GC(1631) Survivor regions: 14->5(10)
[2024-08-15T14:35:06.462+0000][7602.407s][info][gc,heap     ] GC(1631) Old regions: 461->461
[2024-08-15T14:35:06.462+0000][7602.407s][info][gc,heap     ] GC(1631) Archive regions: 2->2
[2024-08-15T14:35:06.462+0000][7602.407s][info][gc,heap     ] GC(1631) Humongous regions: 5->5
[2024-08-15T14:35:06.462+0000][7602.407s][info][gc,metaspace] GC(1631) Metaspace: 441788K(448128K)->441788K(448128K) NonClass: 386788K(390400K)->386788K(390400K) Class: 55000K(57728K)->55000K(57728K)
[2024-08-15T14:35:06.462+0000][7602.407s][info][gc          ] GC(1631) Pause Young (Mixed) (G1 Evacuation Pause) 4337M->3764M(12288M) 87.305ms
[2024-08-15T14:35:06.462+0000][7602.407s][info][gc,cpu      ] GC(1631) User=0.52s Sys=0.00s Real=0.09s
[2024-08-15T14:35:14.226+0000][7610.171s][info][gc,start    ] GC(1632) Pause Young (Normal) (G1 Evacuation Pause)
[2024-08-15T14:35:14.226+0000][7610.171s][info][gc,task     ] GC(1632) Using 6 workers of 6 for evacuation
[2024-08-15T14:35:14.250+0000][7610.195s][info][gc,phases   ] GC(1632)   Pre Evacuate Collection Set: 0.2ms
[2024-08-15T14:35:14.250+0000][7610.195s][info][gc,phases   ] GC(1632)   Merge Heap Roots: 0.3ms
[2024-08-15T14:35:14.250+0000][7610.195s][info][gc,phases   ] GC(1632)   Evacuate Collection Set: 21.6ms
[2024-08-15T14:35:14.250+0000][7610.195s][info][gc,phases   ] GC(1632)   Post Evacuate Collection Set: 1.7ms
[2024-08-15T14:35:14.250+0000][7610.195s][info][gc,phases   ] GC(1632)   Other: 0.2ms
[2024-08-15T14:35:14.250+0000][7610.195s][info][gc,heap     ] GC(1632) Eden regions: 742->0(739)
[2024-08-15T14:35:14.250+0000][7610.195s][info][gc,heap     ] GC(1632) Survivor regions: 5->8(94)
[2024-08-15T14:35:14.250+0000][7610.195s][info][gc,heap     ] GC(1632) Old regions: 461->461
[2024-08-15T14:35:14.250+0000][7610.195s][info][gc,heap     ] GC(1632) Archive regions: 2->2
[2024-08-15T14:35:14.250+0000][7610.195s][info][gc,heap     ] GC(1632) Humongous regions: 5->5
[2024-08-15T14:35:14.250+0000][7610.195s][info][gc,metaspace] GC(1632) Metaspace: 441801K(448128K)->441801K(448128K) NonClass: 386801K(390400K)->386801K(390400K) Class: 55000K(57728K)->55000K(57728K)
[2024-08-15T14:35:14.250+0000][7610.195s][info][gc          ] GC(1632) Pause Young (Normal) (G1 Evacuation Pause) 9700M->3788M(12288M) 24.005ms
[2024-08-15T14:35:14.250+0000][7610.195s][info][gc,cpu      ] GC(1632) User=0.13s Sys=0.00s Real=0.02s
[2024-08-15T14:35:21.871+0000][7617.816s][info][gc,start    ] GC(1633) Pause Young (Normal) (G1 Evacuation Pause)
[2024-08-15T14:35:21.871+0000][7617.816s][info][gc,task     ] GC(1633) Using 6 workers of 6 for evacuation
[2024-08-15T14:35:21.897+0000][7617.841s][info][gc,phases   ] GC(1633)   Pre Evacuate Collection Set: 0.2ms
[2024-08-15T14:35:21.897+0000][7617.841s][info][gc,phases   ] GC(1633)   Merge Heap Roots: 0.2ms
[2024-08-15T14:35:21.897+0000][7617.841s][info][gc,phases   ] GC(1633)   Evacuate Collection Set: 22.9ms
[2024-08-15T14:35:21.897+0000][7617.841s][info][gc,phases   ] GC(1633)   Post Evacuate Collection Set: 1.7ms
[2024-08-15T14:35:21.897+0000][7617.841s][info][gc,phases   ] GC(1633)   Other: 0.2ms
[2024-08-15T14:35:21.897+0000][7617.841s][info][gc,heap     ] GC(1633) Eden regions: 739->0(734)
[2024-08-15T14:35:21.897+0000][7617.841s][info][gc,heap     ] GC(1633) Survivor regions: 8->12(94)
[2024-08-15T14:35:21.897+0000][7617.841s][info][gc,heap     ] GC(1633) Old regions: 461->461
[2024-08-15T14:35:21.897+0000][7617.841s][info][gc,heap     ] GC(1633) Archive regions: 2->2
[2024-08-15T14:35:21.897+0000][7617.841s][info][gc,heap     ] GC(1633) Humongous regions: 5->5
[2024-08-15T14:35:21.897+0000][7617.841s][info][gc,metaspace] GC(1633) Metaspace: 441801K(448128K)->441801K(448128K) NonClass: 386801K(390400K)->386801K(390400K) Class: 55000K(57728K)->55000K(57728K)
[2024-08-15T14:35:21.897+0000][7617.841s][info][gc          ] GC(1633) Pause Young (Normal) (G1 Evacuation Pause) 9700M->3816M(12288M) 25.355ms
[2024-08-15T14:35:21.897+0000][7617.841s][info][gc,cpu      ] GC(1633) User=0.15s Sys=0.00s Real=0.03s
[2024-08-15T14:35:29.560+0000][7625.505s][info][gc,start    ] GC(1634) Pause Young (Concurrent Start) (G1 Evacuation Pause)
[2024-08-15T14:35:29.560+0000][7625.505s][info][gc,task     ] GC(1634) Using 6 workers of 6 for evacuation
[2024-08-15T14:35:29.596+0000][7625.541s][info][gc,phases   ] GC(1634)   Pre Evacuate Collection Set: 0.6ms
[2024-08-15T14:35:29.596+0000][7625.541s][info][gc,phases   ] GC(1634)   Merge Heap Roots: 0.3ms
[2024-08-15T14:35:29.596+0000][7625.541s][info][gc,phases   ] GC(1634)   Evacuate Collection Set: 33.4ms
[2024-08-15T14:35:29.596+0000][7625.541s][info][gc,phases   ] GC(1634)   Post Evacuate Collection Set: 1.8ms
[2024-08-15T14:35:29.596+0000][7625.541s][info][gc,phases   ] GC(1634)   Other: 0.3ms
[2024-08-15T14:35:29.597+0000][7625.541s][info][gc,heap     ] GC(1634) Eden regions: 734->0(730)
[2024-08-15T14:35:29.597+0000][7625.541s][info][gc,heap     ] GC(1634) Survivor regions: 12->15(94)
[2024-08-15T14:35:29.597+0000][7625.541s][info][gc,heap     ] GC(1634) Old regions: 461->461
[2024-08-15T14:35:29.597+0000][7625.541s][info][gc,heap     ] GC(1634) Archive regions: 2->2
[2024-08-15T14:35:29.597+0000][7625.541s][info][gc,heap     ] GC(1634) Humongous regions: 5->5
[2024-08-15T14:35:29.597+0000][7625.541s][info][gc,metaspace] GC(1634) Metaspace: 441801K(448128K)->441801K(448128K) NonClass: 386801K(390400K)->386801K(390400K) Class: 55000K(57728K)->55000K(57728K)
[2024-08-15T14:35:29.597+0000][7625.541s][info][gc          ] GC(1634) Pause Young (Concurrent Start) (G1 Evacuation Pause) 9688M->3845M(12288M) 36.373ms
[2024-08-15T14:35:29.597+0000][7625.541s][info][gc,cpu      ] GC(1634) User=0.21s Sys=0.00s Real=0.04s
[2024-08-15T14:35:29.597+0000][7625.541s][info][gc          ] GC(1635) Concurrent Mark Cycle
[2024-08-15T14:35:29.597+0000][7625.541s][info][gc,marking  ] GC(1635) Concurrent Clear Claimed Marks
[2024-08-15T14:35:29.597+0000][7625.542s][info][gc,marking  ] GC(1635) Concurrent Clear Claimed Marks 0.492ms
[2024-08-15T14:35:29.597+0000][7625.542s][info][gc,marking  ] GC(1635) Concurrent Scan Root Regions
[2024-08-15T14:35:29.638+0000][7625.583s][info][gc,marking  ] GC(1635) Concurrent Scan Root Regions 41.097ms
[2024-08-15T14:35:29.638+0000][7625.583s][info][gc,marking  ] GC(1635) Concurrent Mark
[2024-08-15T14:35:29.638+0000][7625.583s][info][gc,marking  ] GC(1635) Concurrent Mark From Roots
[2024-08-15T14:35:29.638+0000][7625.583s][info][gc,task     ] GC(1635) Using 2 workers of 2 for marking
[2024-08-15T14:35:31.990+0000][7627.934s][info][gc,marking  ] GC(1635) Concurrent Mark From Roots 2351.391ms
[2024-08-15T14:35:31.990+0000][7627.934s][info][gc,marking  ] GC(1635) Concurrent Preclean
[2024-08-15T14:35:31.991+0000][7627.935s][info][gc,marking  ] GC(1635) Concurrent Preclean 1.105ms
[2024-08-15T14:35:31.991+0000][7627.936s][info][gc,start    ] GC(1635) Pause Remark
[2024-08-15T14:35:32.015+0000][7627.959s][info][gc          ] GC(1635) Pause Remark 7289M->7289M(12288M) 23.604ms
[2024-08-15T14:35:32.015+0000][7627.959s][info][gc,cpu      ] GC(1635) User=0.10s Sys=0.00s Real=0.02s
[2024-08-15T14:35:32.015+0000][7627.959s][info][gc,marking  ] GC(1635) Concurrent Mark 2376.464ms
[2024-08-15T14:35:32.015+0000][7627.959s][info][gc,marking  ] GC(1635) Concurrent Rebuild Remembered Sets
[2024-08-15T14:35:33.073+0000][7629.018s][info][gc,start    ] GC(1636) Pause Young (Normal) (G1 Evacuation Pause)
[2024-08-15T14:35:33.073+0000][7629.018s][info][gc,task     ] GC(1636) Using 6 workers of 6 for evacuation
[2024-08-15T14:35:33.258+0000][7629.203s][info][gc,phases   ] GC(1636)   Pre Evacuate Collection Set: 0.2ms
[2024-08-15T14:35:33.258+0000][7629.203s][info][gc,phases   ] GC(1636)   Merge Heap Roots: 1.1ms
[2024-08-15T14:35:33.258+0000][7629.203s][info][gc,phases   ] GC(1636)   Evacuate Collection Set: 151.9ms
[2024-08-15T14:35:33.258+0000][7629.203s][info][gc,phases   ] GC(1636)   Post Evacuate Collection Set: 31.9ms
[2024-08-15T14:35:33.258+0000][7629.203s][info][gc,phases   ] GC(1636)   Other: 0.2ms
[2024-08-15T14:35:33.258+0000][7629.203s][info][gc,heap     ] GC(1636) Eden regions: 730->0(700)
[2024-08-15T14:35:33.258+0000][7629.203s][info][gc,heap     ] GC(1636) Survivor regions: 15->26(94)
[2024-08-15T14:35:33.258+0000][7629.203s][info][gc,heap     ] GC(1636) Old regions: 461->461
[2024-08-15T14:35:33.258+0000][7629.203s][info][gc,heap     ] GC(1636) Archive regions: 2->2
[2024-08-15T14:35:33.258+0000][7629.203s][info][gc,heap     ] GC(1636) Humongous regions: 13->13
[2024-08-15T14:35:33.258+0000][7629.203s][info][gc,metaspace] GC(1636) Metaspace: 441802K(448128K)->441802K(448128K) NonClass: 386802K(390400K)->386802K(390400K) Class: 55000K(57728K)->55000K(57728K)
[2024-08-15T14:35:33.258+0000][7629.203s][info][gc          ] GC(1636) Pause Young (Normal) (G1 Evacuation Pause) 9749M->3998M(12288M) 185.368ms
[2024-08-15T14:35:33.258+0000][7629.203s][info][gc,cpu      ] GC(1636) User=1.09s Sys=0.00s Real=0.19s
[2024-08-15T14:35:33.411+0000][7629.356s][info][gc,marking  ] GC(1635) Concurrent Rebuild Remembered Sets 1396.650ms
[2024-08-15T14:35:33.412+0000][7629.356s][info][gc,start    ] GC(1635) Pause Cleanup
[2024-08-15T14:35:33.412+0000][7629.357s][info][gc          ] GC(1635) Pause Cleanup 4002M->4002M(12288M) 0.617ms
[2024-08-15T14:35:33.412+0000][7629.357s][info][gc,cpu      ] GC(1635) User=0.00s Sys=0.00s Real=0.00s
[2024-08-15T14:35:33.412+0000][7629.357s][info][gc,marking  ] GC(1635) Concurrent Cleanup for Next Mark
[2024-08-15T14:35:33.428+0000][7629.372s][info][gc,marking  ] GC(1635) Concurrent Cleanup for Next Mark 15.201ms
[2024-08-15T14:35:33.428+0000][7629.372s][info][gc          ] GC(1635) Concurrent Mark Cycle 3830.901ms
[2024-08-15T14:35:35.793+0000][7631.737s][info][gc,start    ] GC(1637) Pause Young (Prepare Mixed) (G1 Evacuation Pause)
[2024-08-15T14:35:35.793+0000][7631.737s][info][gc,task     ] GC(1637) Using 6 workers of 6 for evacuation
[2024-08-15T14:35:35.923+0000][7631.867s][info][gc,phases   ] GC(1637)   Pre Evacuate Collection Set: 0.2ms
[2024-08-15T14:35:35.923+0000][7631.867s][info][gc,phases   ] GC(1637)   Merge Heap Roots: 0.5ms
[2024-08-15T14:35:35.923+0000][7631.867s][info][gc,phases   ] GC(1637)   Evacuate Collection Set: 106.5ms
[2024-08-15T14:35:35.923+0000][7631.867s][info][gc,phases   ] GC(1637)   Post Evacuate Collection Set: 22.6ms
[2024-08-15T14:35:35.923+0000][7631.867s][info][gc,phases   ] GC(1637)   Other: 0.2ms
[2024-08-15T14:35:35.923+0000][7631.867s][info][gc,heap     ] GC(1637) Eden regions: 700->0(51)
[2024-08-15T14:35:35.923+0000][7631.867s][info][gc,heap     ] GC(1637) Survivor regions: 26->25(91)
[2024-08-15T14:35:35.923+0000][7631.867s][info][gc,heap     ] GC(1637) Old regions: 461->461
[2024-08-15T14:35:35.923+0000][7631.867s][info][gc,heap     ] GC(1637) Archive regions: 2->2
[2024-08-15T14:35:35.923+0000][7631.867s][info][gc,heap     ] GC(1637) Humongous regions: 13->13
[2024-08-15T14:35:35.923+0000][7631.867s][info][gc,metaspace] GC(1637) Metaspace: 441802K(448128K)->441802K(448128K) NonClass: 386802K(390400K)->386802K(390400K) Class: 55000K(57728K)->55000K(57728K)
[2024-08-15T14:35:35.923+0000][7631.867s][info][gc          ] GC(1637) Pause Young (Prepare Mixed) (G1 Evacuation Pause) 9598M->3986M(12288M) 130.102ms
[2024-08-15T14:35:35.923+0000][7631.867s][info][gc,cpu      ] GC(1637) User=0.76s Sys=0.00s Real=0.13s
[2024-08-15T14:35:36.091+0000][7632.035s][info][gc,start    ] GC(1638) Pause Young (Mixed) (G1 Evacuation Pause)
[2024-08-15T14:35:36.091+0000][7632.035s][info][gc,task     ] GC(1638) Using 6 workers of 6 for evacuation
[2024-08-15T14:35:36.234+0000][7632.179s][info][gc,phases   ] GC(1638)   Pre Evacuate Collection Set: 0.2ms
[2024-08-15T14:35:36.234+0000][7632.179s][info][gc,phases   ] GC(1638)   Merge Heap Roots: 0.7ms
[2024-08-15T14:35:36.234+0000][7632.179s][info][gc,phases   ] GC(1638)   Evacuate Collection Set: 140.0ms
[2024-08-15T14:35:36.234+0000][7632.179s][info][gc,phases   ] GC(1638)   Post Evacuate Collection Set: 2.6ms
[2024-08-15T14:35:36.234+0000][7632.179s][info][gc,phases   ] GC(1638)   Other: 0.2ms
[2024-08-15T14:35:36.234+0000][7632.179s][info][gc,heap     ] GC(1638) Eden regions: 51->0(711)
[2024-08-15T14:35:36.234+0000][7632.179s][info][gc,heap     ] GC(1638) Survivor regions: 25->3(10)
[2024-08-15T14:35:36.234+0000][7632.179s][info][gc,heap     ] GC(1638) Old regions: 461->476
[2024-08-15T14:35:36.234+0000][7632.179s][info][gc,heap     ] GC(1638) Archive regions: 2->2
[2024-08-15T14:35:36.234+0000][7632.179s][info][gc,heap     ] GC(1638) Humongous regions: 13->13
[2024-08-15T14:35:36.234+0000][7632.179s][info][gc,metaspace] GC(1638) Metaspace: 441802K(448128K)->441802K(448128K) NonClass: 386802K(390400K)->386802K(390400K) Class: 55000K(57728K)->55000K(57728K)
[2024-08-15T14:35:36.234+0000][7632.179s][info][gc          ] GC(1638) Pause Young (Mixed) (G1 Evacuation Pause) 4394M->3937M(12288M) 143.637ms
[2024-08-15T14:35:36.234+0000][7632.179s][info][gc,cpu      ] GC(1638) User=0.86s Sys=0.00s Real=0.14s
[2024-08-15T14:35:38.663+0000][7634.607s][info][gc,start    ] GC(1639) Pause Young (Normal) (G1 Evacuation Pause)
[2024-08-15T14:35:38.663+0000][7634.607s][info][gc,task     ] GC(1639) Using 6 workers of 6 for evacuation
[2024-08-15T14:35:38.746+0000][7634.691s][info][gc,phases   ] GC(1639)   Pre Evacuate Collection Set: 0.2ms
[2024-08-15T14:35:38.746+0000][7634.691s][info][gc,phases   ] GC(1639)   Merge Heap Roots: 0.3ms
[2024-08-15T14:35:38.746+0000][7634.691s][info][gc,phases   ] GC(1639)   Evacuate Collection Set: 60.3ms
[2024-08-15T14:35:38.746+0000][7634.691s][info][gc,phases   ] GC(1639)   Post Evacuate Collection Set: 22.3ms
[2024-08-15T14:35:38.746+0000][7634.691s][info][gc,phases   ] GC(1639)   Other: 0.2ms
[2024-08-15T14:35:38.746+0000][7634.691s][info][gc,heap     ] GC(1639) Eden regions: 711->0(708)
[2024-08-15T14:35:38.746+0000][7634.691s][info][gc,heap     ] GC(1639) Survivor regions: 3->7(90)
[2024-08-15T14:35:38.746+0000][7634.691s][info][gc,heap     ] GC(1639) Old regions: 476->476
[2024-08-15T14:35:38.746+0000][7634.691s][info][gc,heap     ] GC(1639) Archive regions: 2->2
[2024-08-15T14:35:38.746+0000][7634.691s][info][gc,heap     ] GC(1639) Humongous regions: 13->13
[2024-08-15T14:35:38.746+0000][7634.691s][info][gc,metaspace] GC(1639) Metaspace: 441814K(448128K)->441814K(448128K) NonClass: 386814K(390400K)->386814K(390400K) Class: 55000K(57728K)->55000K(57728K)
[2024-08-15T14:35:38.746+0000][7634.691s][info][gc          ] GC(1639) Pause Young (Normal) (G1 Evacuation Pause) 9625M->3965M(12288M) 83.355ms
[2024-08-15T14:35:38.746+0000][7634.691s][info][gc,cpu      ] GC(1639) User=0.49s Sys=0.00s Real=0.09s
[2024-08-15T14:35:41.132+0000][7637.076s][info][gc,start    ] GC(1640) Pause Young (Normal) (G1 Evacuation Pause)
[2024-08-15T14:35:41.132+0000][7637.076s][info][gc,task     ] GC(1640) Using 6 workers of 6 for evacuation
[2024-08-15T14:35:41.228+0000][7637.173s][info][gc,phases   ] GC(1640)   Pre Evacuate Collection Set: 0.2ms
[2024-08-15T14:35:41.228+0000][7637.173s][info][gc,phases   ] GC(1640)   Merge Heap Roots: 0.3ms
[2024-08-15T14:35:41.228+0000][7637.173s][info][gc,phases   ] GC(1640)   Evacuate Collection Set: 74.1ms
[2024-08-15T14:35:41.228+0000][7637.173s][info][gc,phases   ] GC(1640)   Post Evacuate Collection Set: 21.4ms
[2024-08-15T14:35:41.228+0000][7637.173s][info][gc,phases   ] GC(1640)   Other: 0.2ms
[2024-08-15T14:35:41.228+0000][7637.173s][info][gc,heap     ] GC(1640) Eden regions: 708->0(706)
[2024-08-15T14:35:41.228+0000][7637.173s][info][gc,heap     ] GC(1640) Survivor regions: 7->11(90)
[2024-08-15T14:35:41.228+0000][7637.173s][info][gc,heap     ] GC(1640) Old regions: 476->476
[2024-08-15T14:35:41.228+0000][7637.173s][info][gc,heap     ] GC(1640) Archive regions: 2->2
[2024-08-15T14:35:41.228+0000][7637.173s][info][gc,heap     ] GC(1640) Humongous regions: 13->13
[2024-08-15T14:35:41.228+0000][7637.173s][info][gc,metaspace] GC(1640) Metaspace: 441820K(448128K)->441820K(448128K) NonClass: 386820K(390400K)->386820K(390400K) Class: 55000K(57728K)->55000K(57728K)
[2024-08-15T14:35:41.228+0000][7637.173s][info][gc          ] GC(1640) Pause Young (Normal) (G1 Evacuation Pause) 9629M->4000M(12288M) 96.331ms
[2024-08-15T14:35:41.228+0000][7637.173s][info][gc,cpu      ] GC(1640) User=0.56s Sys=0.00s Real=0.10s
[2024-08-15T14:35:43.552+0000][7639.497s][info][gc,start    ] GC(1641) Pause Young (Concurrent Start) (G1 Evacuation Pause)
[2024-08-15T14:35:43.552+0000][7639.497s][info][gc,task     ] GC(1641) Using 6 workers of 6 for evacuation
[2024-08-15T14:35:43.666+0000][7639.610s][info][gc,phases   ] GC(1641)   Pre Evacuate Collection Set: 0.6ms
[2024-08-15T14:35:43.666+0000][7639.610s][info][gc,phases   ] GC(1641)   Merge Heap Roots: 0.4ms
[2024-08-15T14:35:43.666+0000][7639.610s][info][gc,phases   ] GC(1641)   Evacuate Collection Set: 88.7ms
[2024-08-15T14:35:43.666+0000][7639.610s][info][gc,phases   ] GC(1641)   Post Evacuate Collection Set: 23.7ms
[2024-08-15T14:35:43.666+0000][7639.610s][info][gc,phases   ] GC(1641)   Other: 0.3ms
[2024-08-15T14:35:43.666+0000][7639.610s][info][gc,heap     ] GC(1641) Eden regions: 706->0(703)
[2024-08-15T14:35:43.666+0000][7639.610s][info][gc,heap     ] GC(1641) Survivor regions: 11->15(90)
[2024-08-15T14:35:43.666+0000][7639.610s][info][gc,heap     ] GC(1641) Old regions: 476->476
[2024-08-15T14:35:43.666+0000][7639.610s][info][gc,heap     ] GC(1641) Archive regions: 2->2
[2024-08-15T14:35:43.666+0000][7639.610s][info][gc,heap     ] GC(1641) Humongous regions: 13->13
[2024-08-15T14:35:43.666+0000][7639.610s][info][gc,metaspace] GC(1641) Metaspace: 441820K(448128K)->441820K(448128K) NonClass: 386820K(390400K)->386820K(390400K) Class: 55000K(57728K)->55000K(57728K)
[2024-08-15T14:35:43.666+0000][7639.610s][info][gc          ] GC(1641) Pause Young (Concurrent Start) (G1 Evacuation Pause) 9648M->4029M(12288M) 113.726ms
[2024-08-15T14:35:43.666+0000][7639.610s][info][gc,cpu      ] GC(1641) User=0.65s Sys=0.00s Real=0.12s
[2024-08-15T14:35:43.666+0000][7639.610s][info][gc          ] GC(1642) Concurrent Mark Cycle
[2024-08-15T14:35:43.666+0000][7639.610s][info][gc,marking  ] GC(1642) Concurrent Clear Claimed Marks
[2024-08-15T14:35:43.666+0000][7639.611s][info][gc,marking  ] GC(1642) Concurrent Clear Claimed Marks 0.447ms
[2024-08-15T14:35:43.666+0000][7639.611s][info][gc,marking  ] GC(1642) Concurrent Scan Root Regions
[2024-08-15T14:35:43.703+0000][7639.648s][info][gc,marking  ] GC(1642) Concurrent Scan Root Regions 36.870ms
[2024-08-15T14:35:43.703+0000][7639.648s][info][gc,marking  ] GC(1642) Concurrent Mark
[2024-08-15T14:35:43.703+0000][7639.648s][info][gc,marking  ] GC(1642) Concurrent Mark From Roots
[2024-08-15T14:35:43.703+0000][7639.648s][info][gc,task     ] GC(1642) Using 2 workers of 2 for marking
[2024-08-15T14:35:45.761+0000][7641.705s][info][gc,marking  ] GC(1642) Concurrent Mark From Roots 2057.595ms
[2024-08-15T14:35:45.761+0000][7641.705s][info][gc,marking  ] GC(1642) Concurrent Preclean
[2024-08-15T14:35:45.762+0000][7641.707s][info][gc,marking  ] GC(1642) Concurrent Preclean 1.134ms
[2024-08-15T14:35:45.762+0000][7641.707s][info][gc,start    ] GC(1642) Pause Remark
[2024-08-15T14:35:45.785+0000][7641.730s][info][gc          ] GC(1642) Pause Remark 8921M->8889M(12288M) 23.104ms
[2024-08-15T14:35:45.785+0000][7641.730s][info][gc,cpu      ] GC(1642) User=0.10s Sys=0.00s Real=0.03s
[2024-08-15T14:35:45.785+0000][7641.730s][info][gc,marking  ] GC(1642) Concurrent Mark 2082.180ms
[2024-08-15T14:35:45.785+0000][7641.730s][info][gc,marking  ] GC(1642) Concurrent Rebuild Remembered Sets
[2024-08-15T14:35:46.093+0000][7642.037s][info][gc,start    ] GC(1643) Pause Young (Normal) (G1 Evacuation Pause)
[2024-08-15T14:35:46.093+0000][7642.037s][info][gc,task     ] GC(1643) Using 6 workers of 6 for evacuation
[2024-08-15T14:35:46.200+0000][7642.145s][info][gc,phases   ] GC(1643)   Pre Evacuate Collection Set: 0.2ms
[2024-08-15T14:35:46.200+0000][7642.145s][info][gc,phases   ] GC(1643)   Merge Heap Roots: 0.5ms
[2024-08-15T14:35:46.200+0000][7642.145s][info][gc,phases   ] GC(1643)   Evacuate Collection Set: 88.2ms
[2024-08-15T14:35:46.200+0000][7642.145s][info][gc,phases   ] GC(1643)   Post Evacuate Collection Set: 18.2ms
[2024-08-15T14:35:46.200+0000][7642.145s][info][gc,phases   ] GC(1643)   Other: 0.2ms
[2024-08-15T14:35:46.200+0000][7642.145s][info][gc,heap     ] GC(1643) Eden regions: 703->0(705)
[2024-08-15T14:35:46.200+0000][7642.145s][info][gc,heap     ] GC(1643) Survivor regions: 15->18(90)
[2024-08-15T14:35:46.200+0000][7642.145s][info][gc,heap     ] GC(1643) Old regions: 476->476
[2024-08-15T14:35:46.200+0000][7642.145s][info][gc,heap     ] GC(1643) Archive regions: 2->2
[2024-08-15T14:35:46.200+0000][7642.145s][info][gc,heap     ] GC(1643) Humongous regions: 9->9
[2024-08-15T14:35:46.200+0000][7642.145s][info][gc,metaspace] GC(1643) Metaspace: 441820K(448128K)->441820K(448128K) NonClass: 386820K(390400K)->386820K(390400K) Class: 55000K(57728K)->55000K(57728K)
[2024-08-15T14:35:46.200+0000][7642.145s][info][gc          ] GC(1643) Pause Young (Normal) (G1 Evacuation Pause) 9621M->4025M(12288M) 107.332ms
[2024-08-15T14:35:46.200+0000][7642.145s][info][gc,cpu      ] GC(1643) User=0.63s Sys=0.00s Real=0.11s
[2024-08-15T14:35:47.094+0000][7643.038s][info][gc,marking  ] GC(1642) Concurrent Rebuild Remembered Sets 1308.435ms
[2024-08-15T14:35:47.094+0000][7643.039s][info][gc,start    ] GC(1642) Pause Cleanup
[2024-08-15T14:35:47.095+0000][7643.039s][info][gc          ] GC(1642) Pause Cleanup 6197M->6197M(12288M) 0.642ms
[2024-08-15T14:35:47.095+0000][7643.039s][info][gc,cpu      ] GC(1642) User=0.00s Sys=0.00s Real=0.00s
[2024-08-15T14:35:47.095+0000][7643.039s][info][gc,marking  ] GC(1642) Concurrent Cleanup for Next Mark
[2024-08-15T14:35:47.110+0000][7643.055s][info][gc,marking  ] GC(1642) Concurrent Cleanup for Next Mark 15.253ms
[2024-08-15T14:35:47.110+0000][7643.055s][info][gc          ] GC(1642) Concurrent Mark Cycle 3444.229ms
[2024-08-15T14:35:48.633+0000][7644.577s][info][gc,start    ] GC(1644) Pause Young (Prepare Mixed) (G1 Evacuation Pause)
[2024-08-15T14:35:48.633+0000][7644.577s][info][gc,task     ] GC(1644) Using 6 workers of 6 for evacuation
[2024-08-15T14:35:48.772+0000][7644.717s][info][gc,phases   ] GC(1644)   Pre Evacuate Collection Set: 0.2ms
[2024-08-15T14:35:48.772+0000][7644.717s][info][gc,phases   ] GC(1644)   Merge Heap Roots: 0.6ms
[2024-08-15T14:35:48.772+0000][7644.717s][info][gc,phases   ] GC(1644)   Evacuate Collection Set: 116.3ms
[2024-08-15T14:35:48.772+0000][7644.717s][info][gc,phases   ] GC(1644)   Post Evacuate Collection Set: 22.4ms
[2024-08-15T14:35:48.772+0000][7644.717s][info][gc,phases   ] GC(1644)   Other: 0.2ms
[2024-08-15T14:35:48.772+0000][7644.717s][info][gc,heap     ] GC(1644) Eden regions: 705->0(52)
[2024-08-15T14:35:48.772+0000][7644.717s][info][gc,heap     ] GC(1644) Survivor regions: 18->24(91)
[2024-08-15T14:35:48.772+0000][7644.717s][info][gc,heap     ] GC(1644) Old regions: 476->476
[2024-08-15T14:35:48.772+0000][7644.717s][info][gc,heap     ] GC(1644) Archive regions: 2->2
[2024-08-15T14:35:48.772+0000][7644.717s][info][gc,heap     ] GC(1644) Humongous regions: 9->9
[2024-08-15T14:35:48.772+0000][7644.717s][info][gc,metaspace] GC(1644) Metaspace: 441820K(448128K)->441820K(448128K) NonClass: 386820K(390400K)->386820K(390400K) Class: 55000K(57728K)->55000K(57728K)
[2024-08-15T14:35:48.772+0000][7644.717s][info][gc          ] GC(1644) Pause Young (Prepare Mixed) (G1 Evacuation Pause) 9665M->4069M(12288M) 139.748ms
[2024-08-15T14:35:48.772+0000][7644.717s][info][gc,cpu      ] GC(1644) User=0.82s Sys=0.00s Real=0.14s
[2024-08-15T14:35:48.978+0000][7644.922s][info][gc,start    ] GC(1645) Pause Young (Mixed) (G1 Evacuation Pause)
[2024-08-15T14:35:48.978+0000][7644.922s][info][gc,task     ] GC(1645) Using 6 workers of 6 for evacuation
[2024-08-15T14:35:49.106+0000][7645.050s][info][gc,phases   ] GC(1645)   Pre Evacuate Collection Set: 0.2ms
[2024-08-15T14:35:49.106+0000][7645.050s][info][gc,phases   ] GC(1645)   Merge Heap Roots: 0.6ms
[2024-08-15T14:35:49.106+0000][7645.051s][info][gc,phases   ] GC(1645)   Evacuate Collection Set: 124.2ms
[2024-08-15T14:35:49.106+0000][7645.051s][info][gc,phases   ] GC(1645)   Post Evacuate Collection Set: 3.1ms
[2024-08-15T14:35:49.106+0000][7645.051s][info][gc,phases   ] GC(1645)   Other: 0.2ms
[2024-08-15T14:35:49.106+0000][7645.051s][info][gc,heap     ] GC(1645) Eden regions: 52->0(715)
[2024-08-15T14:35:49.106+0000][7645.051s][info][gc,heap     ] GC(1645) Survivor regions: 24->3(10)
[2024-08-15T14:35:49.106+0000][7645.051s][info][gc,heap     ] GC(1645) Old regions: 476->482
[2024-08-15T14:35:49.106+0000][7645.051s][info][gc,heap     ] GC(1645) Archive regions: 2->2
[2024-08-15T14:35:49.106+0000][7645.051s][info][gc,heap     ] GC(1645) Humongous regions: 9->9
[2024-08-15T14:35:49.106+0000][7645.051s][info][gc,metaspace] GC(1645) Metaspace: 441820K(448128K)->441820K(448128K) NonClass: 386820K(390400K)->386820K(390400K) Class: 55000K(57728K)->55000K(57728K)
[2024-08-15T14:35:49.106+0000][7645.051s][info][gc          ] GC(1645) Pause Young (Mixed) (G1 Evacuation Pause) 4485M->3953M(12288M) 128.260ms
[2024-08-15T14:35:49.106+0000][7645.051s][info][gc,cpu      ] GC(1645) User=0.76s Sys=0.00s Real=0.13s
[2024-08-15T14:35:51.406+0000][7647.351s][info][gc,start    ] GC(1646) Pause Young (Normal) (G1 Evacuation Pause)
[2024-08-15T14:35:51.406+0000][7647.351s][info][gc,task     ] GC(1646) Using 6 workers of 6 for evacuation
[2024-08-15T14:35:51.483+0000][7647.427s][info][gc,phases   ] GC(1646)   Pre Evacuate Collection Set: 0.2ms
[2024-08-15T14:35:51.483+0000][7647.427s][info][gc,phases   ] GC(1646)   Merge Heap Roots: 0.3ms
[2024-08-15T14:35:51.483+0000][7647.427s][info][gc,phases   ] GC(1646)   Evacuate Collection Set: 56.0ms
[2024-08-15T14:35:51.483+0000][7647.427s][info][gc,phases   ] GC(1646)   Post Evacuate Collection Set: 20.0ms
[2024-08-15T14:35:51.483+0000][7647.427s][info][gc,phases   ] GC(1646)   Other: 0.2ms
[2024-08-15T14:35:51.483+0000][7647.427s][info][gc,heap     ] GC(1646) Eden regions: 715->0(713)
[2024-08-15T14:35:51.483+0000][7647.427s][info][gc,heap     ] GC(1646) Survivor regions: 3->6(90)
[2024-08-15T14:35:51.483+0000][7647.427s][info][gc,heap     ] GC(1646) Old regions: 482->482
[2024-08-15T14:35:51.483+0000][7647.427s][info][gc,heap     ] GC(1646) Archive regions: 2->2
[2024-08-15T14:35:51.483+0000][7647.427s][info][gc,heap     ] GC(1646) Humongous regions: 9->9
[2024-08-15T14:35:51.483+0000][7647.427s][info][gc,metaspace] GC(1646) Metaspace: 441820K(448128K)->441820K(448128K) NonClass: 386820K(390400K)->386820K(390400K) Class: 55000K(57728K)->55000K(57728K)
[2024-08-15T14:35:51.483+0000][7647.428s][info][gc          ] GC(1646) Pause Young (Normal) (G1 Evacuation Pause) 9673M->3970M(12288M) 76.778ms
[2024-08-15T14:35:51.483+0000][7647.428s][info][gc,cpu      ] GC(1646) User=0.45s Sys=0.00s Real=0.07s
[2024-08-15T14:35:57.050+0000][7652.995s][info][gc,start    ] GC(1647) Pause Young (Normal) (G1 Evacuation Pause)
[2024-08-15T14:35:57.050+0000][7652.995s][info][gc,task     ] GC(1647) Using 6 workers of 6 for evacuation
[2024-08-15T14:35:57.102+0000][7653.047s][info][gc,phases   ] GC(1647)   Pre Evacuate Collection Set: 0.2ms
[2024-08-15T14:35:57.102+0000][7653.047s][info][gc,phases   ] GC(1647)   Merge Heap Roots: 0.3ms
[2024-08-15T14:35:57.102+0000][7653.047s][info][gc,phases   ] GC(1647)   Evacuate Collection Set: 43.8ms
[2024-08-15T14:35:57.102+0000][7653.047s][info][gc,phases   ] GC(1647)   Post Evacuate Collection Set: 7.3ms
[2024-08-15T14:35:57.102+0000][7653.047s][info][gc,phases   ] GC(1647)   Other: 0.2ms
[2024-08-15T14:35:57.102+0000][7653.047s][info][gc,heap     ] GC(1647) Eden regions: 713->0(711)
[2024-08-15T14:35:57.102+0000][7653.047s][info][gc,heap     ] GC(1647) Survivor regions: 6->9(90)
[2024-08-15T14:35:57.102+0000][7653.047s][info][gc,heap     ] GC(1647) Old regions: 482->482
[2024-08-15T14:35:57.102+0000][7653.047s][info][gc,heap     ] GC(1647) Archive regions: 2->2
[2024-08-15T14:35:57.102+0000][7653.047s][info][gc,heap     ] GC(1647) Humongous regions: 9->9
[2024-08-15T14:35:57.102+0000][7653.047s][info][gc,metaspace] GC(1647) Metaspace: 441820K(448128K)->441820K(448128K) NonClass: 386820K(390400K)->386820K(390400K) Class: 55000K(57728K)->55000K(57728K)
[2024-08-15T14:35:57.102+0000][7653.047s][info][gc          ] GC(1647) Pause Young (Normal) (G1 Evacuation Pause) 9674M->3994M(12288M) 51.879ms
[2024-08-15T14:35:57.102+0000][7653.047s][info][gc,cpu      ] GC(1647) User=0.30s Sys=0.00s Real=0.05s
[2024-08-15T14:36:04.400+0000][7660.344s][info][gc,start    ] GC(1648) Pause Young (Concurrent Start) (G1 Evacuation Pause)
[2024-08-15T14:36:04.400+0000][7660.344s][info][gc,task     ] GC(1648) Using 6 workers of 6 for evacuation
[2024-08-15T14:36:04.432+0000][7660.377s][info][gc,phases   ] GC(1648)   Pre Evacuate Collection Set: 0.6ms
[2024-08-15T14:36:04.432+0000][7660.377s][info][gc,phases   ] GC(1648)   Merge Heap Roots: 0.3ms
[2024-08-15T14:36:04.432+0000][7660.377s][info][gc,phases   ] GC(1648)   Evacuate Collection Set: 29.9ms
[2024-08-15T14:36:04.432+0000][7660.377s][info][gc,phases   ] GC(1648)   Post Evacuate Collection Set: 1.7ms
[2024-08-15T14:36:04.432+0000][7660.377s][info][gc,phases   ] GC(1648)   Other: 0.3ms
[2024-08-15T14:36:04.432+0000][7660.377s][info][gc,heap     ] GC(1648) Eden regions: 711->0(710)
[2024-08-15T14:36:04.432+0000][7660.377s][info][gc,heap     ] GC(1648) Survivor regions: 9->11(90)
[2024-08-15T14:36:04.432+0000][7660.377s][info][gc,heap     ] GC(1648) Old regions: 482->482
[2024-08-15T14:36:04.432+0000][7660.377s][info][gc,heap     ] GC(1648) Archive regions: 2->2
[2024-08-15T14:36:04.432+0000][7660.377s][info][gc,heap     ] GC(1648) Humongous regions: 9->9
[2024-08-15T14:36:04.432+0000][7660.377s][info][gc,metaspace] GC(1648) Metaspace: 441825K(448128K)->441825K(448128K) NonClass: 386825K(390400K)->386825K(390400K) Class: 55000K(57728K)->55000K(57728K)
[2024-08-15T14:36:04.432+0000][7660.377s][info][gc          ] GC(1648) Pause Young (Concurrent Start) (G1 Evacuation Pause) 9682M->4011M(12288M) 32.808ms
[2024-08-15T14:36:04.432+0000][7660.377s][info][gc,cpu      ] GC(1648) User=0.19s Sys=0.00s Real=0.03s
[2024-08-15T14:36:04.432+0000][7660.377s][info][gc          ] GC(1649) Concurrent Mark Cycle
[2024-08-15T14:36:04.432+0000][7660.377s][info][gc,marking  ] GC(1649) Concurrent Clear Claimed Marks
[2024-08-15T14:36:04.433+0000][7660.377s][info][gc,marking  ] GC(1649) Concurrent Clear Claimed Marks 0.418ms
[2024-08-15T14:36:04.433+0000][7660.377s][info][gc,marking  ] GC(1649) Concurrent Scan Root Regions
[2024-08-15T14:36:04.458+0000][7660.402s][info][gc,marking  ] GC(1649) Concurrent Scan Root Regions 24.808ms
[2024-08-15T14:36:04.458+0000][7660.402s][info][gc,marking  ] GC(1649) Concurrent Mark
[2024-08-15T14:36:04.458+0000][7660.402s][info][gc,marking  ] GC(1649) Concurrent Mark From Roots
[2024-08-15T14:36:04.458+0000][7660.402s][info][gc,task     ] GC(1649) Using 2 workers of 2 for marking
[2024-08-15T14:36:07.221+0000][7663.166s][info][gc,marking  ] GC(1649) Concurrent Mark From Roots 2763.276ms
[2024-08-15T14:36:07.221+0000][7663.166s][info][gc,marking  ] GC(1649) Concurrent Preclean
[2024-08-15T14:36:07.222+0000][7663.167s][info][gc,marking  ] GC(1649) Concurrent Preclean 1.271ms
[2024-08-15T14:36:07.222+0000][7663.167s][info][gc,start    ] GC(1649) Pause Remark
[2024-08-15T14:36:07.246+0000][7663.190s][info][gc          ] GC(1649) Pause Remark 5959M->5943M(12288M) 23.115ms
[2024-08-15T14:36:07.246+0000][7663.190s][info][gc,cpu      ] GC(1649) User=0.10s Sys=0.00s Real=0.03s
[2024-08-15T14:36:07.246+0000][7663.190s][info][gc,marking  ] GC(1649) Concurrent Mark 2788.019ms
[2024-08-15T14:36:07.246+0000][7663.190s][info][gc,marking  ] GC(1649) Concurrent Rebuild Remembered Sets
[2024-08-15T14:36:08.860+0000][7664.804s][info][gc,marking  ] GC(1649) Concurrent Rebuild Remembered Sets 1614.055ms
[2024-08-15T14:36:08.860+0000][7664.805s][info][gc,start    ] GC(1649) Pause Cleanup
[2024-08-15T14:36:08.861+0000][7664.805s][info][gc          ] GC(1649) Pause Cleanup 7099M->7099M(12288M) 0.724ms
[2024-08-15T14:36:08.861+0000][7664.805s][info][gc,cpu      ] GC(1649) User=0.00s Sys=0.00s Real=0.00s
[2024-08-15T14:36:08.861+0000][7664.805s][info][gc,marking  ] GC(1649) Concurrent Cleanup for Next Mark
[2024-08-15T14:36:08.878+0000][7664.823s][info][gc,marking  ] GC(1649) Concurrent Cleanup for Next Mark 17.442ms
[2024-08-15T14:36:08.878+0000][7664.823s][info][gc          ] GC(1649) Concurrent Mark Cycle 4445.987ms
[2024-08-15T14:36:12.196+0000][7668.140s][info][gc,start    ] GC(1650) Pause Young (Prepare Mixed) (G1 Evacuation Pause)
[2024-08-15T14:36:12.196+0000][7668.140s][info][gc,task     ] GC(1650) Using 6 workers of 6 for evacuation
[2024-08-15T14:36:12.234+0000][7668.179s][info][gc,phases   ] GC(1650)   Pre Evacuate Collection Set: 0.2ms
[2024-08-15T14:36:12.234+0000][7668.179s][info][gc,phases   ] GC(1650)   Merge Heap Roots: 0.3ms
[2024-08-15T14:36:12.234+0000][7668.179s][info][gc,phases   ] GC(1650)   Evacuate Collection Set: 36.1ms
[2024-08-15T14:36:12.234+0000][7668.179s][info][gc,phases   ] GC(1650)   Post Evacuate Collection Set: 1.8ms
[2024-08-15T14:36:12.234+0000][7668.179s][info][gc,phases   ] GC(1650)   Other: 0.2ms
[2024-08-15T14:36:12.234+0000][7668.179s][info][gc,heap     ] GC(1650) Eden regions: 710->0(62)
[2024-08-15T14:36:12.234+0000][7668.179s][info][gc,heap     ] GC(1650) Survivor regions: 11->14(91)
[2024-08-15T14:36:12.234+0000][7668.179s][info][gc,heap     ] GC(1650) Old regions: 482->482
[2024-08-15T14:36:12.234+0000][7668.179s][info][gc,heap     ] GC(1650) Archive regions: 2->2
[2024-08-15T14:36:12.234+0000][7668.179s][info][gc,heap     ] GC(1650) Humongous regions: 7->7
[2024-08-15T14:36:12.234+0000][7668.179s][info][gc,metaspace] GC(1650) Metaspace: 441832K(448192K)->441832K(448192K) NonClass: 386832K(390464K)->386832K(390464K) Class: 55000K(57728K)->55000K(57728K)
[2024-08-15T14:36:12.234+0000][7668.179s][info][gc          ] GC(1650) Pause Young (Prepare Mixed) (G1 Evacuation Pause) 9675M->4019M(12288M) 38.656ms
[2024-08-15T14:36:12.234+0000][7668.179s][info][gc,cpu      ] GC(1650) User=0.22s Sys=0.00s Real=0.03s
[2024-08-15T14:36:12.993+0000][7668.938s][info][gc,start    ] GC(1651) Pause Young (Mixed) (G1 Evacuation Pause)
[2024-08-15T14:36:12.993+0000][7668.938s][info][gc,task     ] GC(1651) Using 6 workers of 6 for evacuation
[2024-08-15T14:36:13.058+0000][7669.002s][info][gc,phases   ] GC(1651)   Pre Evacuate Collection Set: 0.2ms
[2024-08-15T14:36:13.058+0000][7669.002s][info][gc,phases   ] GC(1651)   Merge Heap Roots: 0.4ms
[2024-08-15T14:36:13.058+0000][7669.002s][info][gc,phases   ] GC(1651)   Evacuate Collection Set: 62.4ms
[2024-08-15T14:36:13.058+0000][7669.002s][info][gc,phases   ] GC(1651)   Post Evacuate Collection Set: 1.3ms
[2024-08-15T14:36:13.058+0000][7669.002s][info][gc,phases   ] GC(1651)   Other: 0.2ms
[2024-08-15T14:36:13.058+0000][7669.002s][info][gc,heap     ] GC(1651) Eden regions: 62->0(729)
[2024-08-15T14:36:13.058+0000][7669.002s][info][gc,heap     ] GC(1651) Survivor regions: 14->5(10)
[2024-08-15T14:36:13.058+0000][7669.002s][info][gc,heap     ] GC(1651) Old regions: 482->471
[2024-08-15T14:36:13.058+0000][7669.002s][info][gc,heap     ] GC(1651) Archive regions: 2->2
[2024-08-15T14:36:13.058+0000][7669.002s][info][gc,heap     ] GC(1651) Humongous regions: 7->7
[2024-08-15T14:36:13.058+0000][7669.002s][info][gc,metaspace] GC(1651) Metaspace: 441832K(448192K)->441832K(448192K) NonClass: 386832K(390464K)->386832K(390464K) Class: 55000K(57728K)->55000K(57728K)
[2024-08-15T14:36:13.058+0000][7669.002s][info][gc          ] GC(1651) Pause Young (Mixed) (G1 Evacuation Pause) 4515M->3862M(12288M) 64.534ms
[2024-08-15T14:36:13.058+0000][7669.002s][info][gc,cpu      ] GC(1651) User=0.38s Sys=0.00s Real=0.07s
[2024-08-15T14:36:20.607+0000][7676.552s][info][gc,start    ] GC(1652) Pause Young (Normal) (G1 Evacuation Pause)
[2024-08-15T14:36:20.607+0000][7676.552s][info][gc,task     ] GC(1652) Using 6 workers of 6 for evacuation
[2024-08-15T14:36:20.626+0000][7676.571s][info][gc,phases   ] GC(1652)   Pre Evacuate Collection Set: 0.2ms
[2024-08-15T14:36:20.626+0000][7676.571s][info][gc,phases   ] GC(1652)   Merge Heap Roots: 0.2ms
[2024-08-15T14:36:20.626+0000][7676.571s][info][gc,phases   ] GC(1652)   Evacuate Collection Set: 16.9ms
[2024-08-15T14:36:20.626+0000][7676.571s][info][gc,phases   ] GC(1652)   Post Evacuate Collection Set: 1.7ms
[2024-08-15T14:36:20.626+0000][7676.571s][info][gc,phases   ] GC(1652)   Other: 0.2ms
[2024-08-15T14:36:20.626+0000][7676.571s][info][gc,heap     ] GC(1652) Eden regions: 729->0(726)
[2024-08-15T14:36:20.626+0000][7676.571s][info][gc,heap     ] GC(1652) Survivor regions: 5->8(92)
[2024-08-15T14:36:20.626+0000][7676.571s][info][gc,heap     ] GC(1652) Old regions: 471->471
[2024-08-15T14:36:20.626+0000][7676.571s][info][gc,heap     ] GC(1652) Archive regions: 2->2
[2024-08-15T14:36:20.626+0000][7676.571s][info][gc,heap     ] GC(1652) Humongous regions: 7->7
[2024-08-15T14:36:20.626+0000][7676.571s][info][gc,metaspace] GC(1652) Metaspace: 441836K(448192K)->441836K(448192K) NonClass: 386836K(390464K)->386836K(390464K) Class: 55000K(57728K)->55000K(57728K)
[2024-08-15T14:36:20.626+0000][7676.571s][info][gc          ] GC(1652) Pause Young (Normal) (G1 Evacuation Pause) 9694M->3883M(12288M) 19.162ms
[2024-08-15T14:36:20.627+0000][7676.571s][info][gc,cpu      ] GC(1652) User=0.11s Sys=0.00s Real=0.02s
[2024-08-15T14:36:28.425+0000][7684.370s][info][gc,start    ] GC(1653) Pause Young (Normal) (G1 Evacuation Pause)
[2024-08-15T14:36:28.425+0000][7684.370s][info][gc,task     ] GC(1653) Using 6 workers of 6 for evacuation
[2024-08-15T14:36:28.448+0000][7684.392s][info][gc,phases   ] GC(1653)   Pre Evacuate Collection Set: 0.2ms
[2024-08-15T14:36:28.448+0000][7684.392s][info][gc,phases   ] GC(1653)   Merge Heap Roots: 0.2ms
[2024-08-15T14:36:28.448+0000][7684.392s][info][gc,phases   ] GC(1653)   Evacuate Collection Set: 20.6ms
[2024-08-15T14:36:28.448+0000][7684.392s][info][gc,phases   ] GC(1653)   Post Evacuate Collection Set: 1.6ms
[2024-08-15T14:36:28.448+0000][7684.392s][info][gc,phases   ] GC(1653)   Other: 0.2ms
[2024-08-15T14:36:28.448+0000][7684.392s][info][gc,heap     ] GC(1653) Eden regions: 726->0(723)
[2024-08-15T14:36:28.448+0000][7684.392s][info][gc,heap     ] GC(1653) Survivor regions: 8->11(92)
[2024-08-15T14:36:28.448+0000][7684.392s][info][gc,heap     ] GC(1653) Old regions: 471->471
[2024-08-15T14:36:28.448+0000][7684.392s][info][gc,heap     ] GC(1653) Archive regions: 2->2
[2024-08-15T14:36:28.448+0000][7684.392s][info][gc,heap     ] GC(1653) Humongous regions: 7->7
[2024-08-15T14:36:28.448+0000][7684.392s][info][gc,metaspace] GC(1653) Metaspace: 441836K(448192K)->441836K(448192K) NonClass: 386836K(390464K)->386836K(390464K) Class: 55000K(57728K)->55000K(57728K)
[2024-08-15T14:36:28.448+0000][7684.393s][info][gc          ] GC(1653) Pause Young (Normal) (G1 Evacuation Pause) 9691M->3904M(12288M) 22.916ms
[2024-08-15T14:36:28.448+0000][7684.393s][info][gc,cpu      ] GC(1653) User=0.13s Sys=0.00s Real=0.02s
[2024-08-15T14:36:35.900+0000][7691.844s][info][gc,start    ] GC(1654) Pause Young (Concurrent Start) (G1 Evacuation Pause)
[2024-08-15T14:36:35.900+0000][7691.844s][info][gc,task     ] GC(1654) Using 6 workers of 6 for evacuation
[2024-08-15T14:36:35.930+0000][7691.875s][info][gc,phases   ] GC(1654)   Pre Evacuate Collection Set: 0.6ms
[2024-08-15T14:36:35.930+0000][7691.875s][info][gc,phases   ] GC(1654)   Merge Heap Roots: 0.2ms
[2024-08-15T14:36:35.930+0000][7691.875s][info][gc,phases   ] GC(1654)   Evacuate Collection Set: 27.8ms
[2024-08-15T14:36:35.930+0000][7691.875s][info][gc,phases   ] GC(1654)   Post Evacuate Collection Set: 1.7ms
[2024-08-15T14:36:35.930+0000][7691.875s][info][gc,phases   ] GC(1654)   Other: 0.3ms
[2024-08-15T14:36:35.930+0000][7691.875s][info][gc,heap     ] GC(1654) Eden regions: 723->0(720)
[2024-08-15T14:36:35.930+0000][7691.875s][info][gc,heap     ] GC(1654) Survivor regions: 11->14(92)
[2024-08-15T14:36:35.930+0000][7691.875s][info][gc,heap     ] GC(1654) Old regions: 471->471
[2024-08-15T14:36:35.930+0000][7691.875s][info][gc,heap     ] GC(1654) Archive regions: 2->2
[2024-08-15T14:36:35.930+0000][7691.875s][info][gc,heap     ] GC(1654) Humongous regions: 7->7
[2024-08-15T14:36:35.930+0000][7691.875s][info][gc,metaspace] GC(1654) Metaspace: 441844K(448192K)->441844K(448192K) NonClass: 386844K(390464K)->386844K(390464K) Class: 55000K(57728K)->55000K(57728K)
[2024-08-15T14:36:35.930+0000][7691.875s][info][gc          ] GC(1654) Pause Young (Concurrent Start) (G1 Evacuation Pause) 9688M->3933M(12288M) 30.630ms
[2024-08-15T14:36:35.930+0000][7691.875s][info][gc,cpu      ] GC(1654) User=0.17s Sys=0.00s Real=0.03s
[2024-08-15T14:36:35.930+0000][7691.875s][info][gc          ] GC(1655) Concurrent Mark Cycle
[2024-08-15T14:36:35.930+0000][7691.875s][info][gc,marking  ] GC(1655) Concurrent Clear Claimed Marks
[2024-08-15T14:36:35.931+0000][7691.875s][info][gc,marking  ] GC(1655) Concurrent Clear Claimed Marks 0.460ms
[2024-08-15T14:36:35.931+0000][7691.875s][info][gc,marking  ] GC(1655) Concurrent Scan Root Regions
[2024-08-15T14:36:35.952+0000][7691.897s][info][gc,marking  ] GC(1655) Concurrent Scan Root Regions 21.456ms
[2024-08-15T14:36:35.952+0000][7691.897s][info][gc,marking  ] GC(1655) Concurrent Mark
[2024-08-15T14:36:35.952+0000][7691.897s][info][gc,marking  ] GC(1655) Concurrent Mark From Roots
[2024-08-15T14:36:35.952+0000][7691.897s][info][gc,task     ] GC(1655) Using 2 workers of 2 for marking
[2024-08-15T14:36:38.793+0000][7694.738s][info][gc,marking  ] GC(1655) Concurrent Mark From Roots 2841.038ms
[2024-08-15T14:36:38.793+0000][7694.738s][info][gc,marking  ] GC(1655) Concurrent Preclean
[2024-08-15T14:36:38.795+0000][7694.739s][info][gc,marking  ] GC(1655) Concurrent Preclean 1.476ms
[2024-08-15T14:36:38.795+0000][7694.740s][info][gc,start    ] GC(1655) Pause Remark
[2024-08-15T14:36:38.818+0000][7694.763s][info][gc          ] GC(1655) Pause Remark 6137M->6137M(12288M) 23.450ms
[2024-08-15T14:36:38.819+0000][7694.763s][info][gc,cpu      ] GC(1655) User=0.10s Sys=0.01s Real=0.03s
[2024-08-15T14:36:38.819+0000][7694.763s][info][gc,marking  ] GC(1655) Concurrent Mark 2866.337ms
[2024-08-15T14:36:38.819+0000][7694.763s][info][gc,marking  ] GC(1655) Concurrent Rebuild Remembered Sets
[2024-08-15T14:36:40.508+0000][7696.453s][info][gc,marking  ] GC(1655) Concurrent Rebuild Remembered Sets 1689.724ms
[2024-08-15T14:36:40.509+0000][7696.453s][info][gc,start    ] GC(1655) Pause Cleanup
[2024-08-15T14:36:40.509+0000][7696.454s][info][gc          ] GC(1655) Pause Cleanup 7381M->7381M(12288M) 0.683ms
[2024-08-15T14:36:40.509+0000][7696.454s][info][gc,cpu      ] GC(1655) User=0.00s Sys=0.00s Real=0.00s
[2024-08-15T14:36:40.509+0000][7696.454s][info][gc,marking  ] GC(1655) Concurrent Cleanup for Next Mark
[2024-08-15T14:36:40.527+0000][7696.471s][info][gc,marking  ] GC(1655) Concurrent Cleanup for Next Mark 17.150ms
[2024-08-15T14:36:40.527+0000][7696.471s][info][gc          ] GC(1655) Concurrent Mark Cycle 4596.258ms
[2024-08-15T14:36:43.625+0000][7699.570s][info][gc,start    ] GC(1656) Pause Young (Prepare Mixed) (G1 Evacuation Pause)
[2024-08-15T14:36:43.625+0000][7699.570s][info][gc,task     ] GC(1656) Using 6 workers of 6 for evacuation
[2024-08-15T14:36:43.657+0000][7699.601s][info][gc,phases   ] GC(1656)   Pre Evacuate Collection Set: 0.2ms
[2024-08-15T14:36:43.657+0000][7699.602s][info][gc,phases   ] GC(1656)   Merge Heap Roots: 0.3ms
[2024-08-15T14:36:43.657+0000][7699.602s][info][gc,phases   ] GC(1656)   Evacuate Collection Set: 29.1ms
[2024-08-15T14:36:43.657+0000][7699.602s][info][gc,phases   ] GC(1656)   Post Evacuate Collection Set: 1.9ms
[2024-08-15T14:36:43.657+0000][7699.602s][info][gc,phases   ] GC(1656)   Other: 0.2ms
[2024-08-15T14:36:43.657+0000][7699.602s][info][gc,heap     ] GC(1656) Eden regions: 720->0(62)
[2024-08-15T14:36:43.657+0000][7699.602s][info][gc,heap     ] GC(1656) Survivor regions: 14->14(92)
[2024-08-15T14:36:43.657+0000][7699.602s][info][gc,heap     ] GC(1656) Old regions: 471->471
[2024-08-15T14:36:43.657+0000][7699.602s][info][gc,heap     ] GC(1656) Archive regions: 2->2
[2024-08-15T14:36:43.657+0000][7699.602s][info][gc,heap     ] GC(1656) Humongous regions: 7->7
[2024-08-15T14:36:43.657+0000][7699.602s][info][gc,metaspace] GC(1656) Metaspace: 441873K(448192K)->441873K(448192K) NonClass: 386873K(390464K)->386873K(390464K) Class: 55000K(57728K)->55000K(57728K)
[2024-08-15T14:36:43.657+0000][7699.602s][info][gc          ] GC(1656) Pause Young (Prepare Mixed) (G1 Evacuation Pause) 9693M->3932M(12288M) 31.692ms
[2024-08-15T14:36:43.657+0000][7699.602s][info][gc,cpu      ] GC(1656) User=0.17s Sys=0.01s Real=0.03s
[2024-08-15T14:36:44.301+0000][7700.245s][info][gc,start    ] GC(1657) Pause Young (Mixed) (G1 Evacuation Pause)
[2024-08-15T14:36:44.301+0000][7700.245s][info][gc,task     ] GC(1657) Using 6 workers of 6 for evacuation
[2024-08-15T14:36:44.381+0000][7700.325s][info][gc,phases   ] GC(1657)   Pre Evacuate Collection Set: 0.2ms
[2024-08-15T14:36:44.381+0000][7700.325s][info][gc,phases   ] GC(1657)   Merge Heap Roots: 0.4ms
[2024-08-15T14:36:44.381+0000][7700.325s][info][gc,phases   ] GC(1657)   Evacuate Collection Set: 78.1ms
[2024-08-15T14:36:44.381+0000][7700.325s][info][gc,phases   ] GC(1657)   Post Evacuate Collection Set: 1.3ms
[2024-08-15T14:36:44.381+0000][7700.325s][info][gc,phases   ] GC(1657)   Other: 0.2ms
[2024-08-15T14:36:44.381+0000][7700.325s][info][gc,heap     ] GC(1657) Eden regions: 62->0(732)
[2024-08-15T14:36:44.381+0000][7700.325s][info][gc,heap     ] GC(1657) Survivor regions: 14->5(10)
[2024-08-15T14:36:44.381+0000][7700.325s][info][gc,heap     ] GC(1657) Old regions: 471->468
[2024-08-15T14:36:44.381+0000][7700.325s][info][gc,heap     ] GC(1657) Archive regions: 2->2
[2024-08-15T14:36:44.381+0000][7700.325s][info][gc,heap     ] GC(1657) Humongous regions: 7->7
[2024-08-15T14:36:44.381+0000][7700.325s][info][gc,metaspace] GC(1657) Metaspace: 441873K(448192K)->441873K(448192K) NonClass: 386873K(390464K)->386873K(390464K) Class: 55000K(57728K)->55000K(57728K)
[2024-08-15T14:36:44.381+0000][7700.325s][info][gc          ] GC(1657) Pause Young (Mixed) (G1 Evacuation Pause) 4428M->3838M(12288M) 80.216ms
[2024-08-15T14:36:44.381+0000][7700.325s][info][gc,cpu      ] GC(1657) User=0.47s Sys=0.00s Real=0.08s
[2024-08-15T14:36:51.925+0000][7707.869s][info][gc,start    ] GC(1658) Pause Young (Normal) (G1 Evacuation Pause)
[2024-08-15T14:36:51.925+0000][7707.869s][info][gc,task     ] GC(1658) Using 6 workers of 6 for evacuation
[2024-08-15T14:36:51.946+0000][7707.890s][info][gc,phases   ] GC(1658)   Pre Evacuate Collection Set: 0.2ms
[2024-08-15T14:36:51.946+0000][7707.890s][info][gc,phases   ] GC(1658)   Merge Heap Roots: 0.3ms
[2024-08-15T14:36:51.946+0000][7707.890s][info][gc,phases   ] GC(1658)   Evacuate Collection Set: 18.4ms
[2024-08-15T14:36:51.946+0000][7707.890s][info][gc,phases   ] GC(1658)   Post Evacuate Collection Set: 1.7ms
[2024-08-15T14:36:51.946+0000][7707.890s][info][gc,phases   ] GC(1658)   Other: 0.2ms
[2024-08-15T14:36:51.946+0000][7707.890s][info][gc,heap     ] GC(1658) Eden regions: 732->0(729)
[2024-08-15T14:36:51.946+0000][7707.890s][info][gc,heap     ] GC(1658) Survivor regions: 5->8(93)
[2024-08-15T14:36:51.946+0000][7707.890s][info][gc,heap     ] GC(1658) Old regions: 468->468
[2024-08-15T14:36:51.946+0000][7707.890s][info][gc,heap     ] GC(1658) Archive regions: 2->2
[2024-08-15T14:36:51.946+0000][7707.890s][info][gc,heap     ] GC(1658) Humongous regions: 7->7
[2024-08-15T14:36:51.946+0000][7707.890s][info][gc,metaspace] GC(1658) Metaspace: 441874K(448192K)->441874K(448192K) NonClass: 386874K(390464K)->386874K(390464K) Class: 55000K(57728K)->55000K(57728K)
[2024-08-15T14:36:51.946+0000][7707.890s][info][gc          ] GC(1658) Pause Young (Normal) (G1 Evacuation Pause) 9694M->3864M(12288M) 20.847ms
[2024-08-15T14:36:51.946+0000][7707.890s][info][gc,cpu      ] GC(1658) User=0.12s Sys=0.00s Real=0.02s
[2024-08-15T14:36:59.474+0000][7715.418s][info][gc,start    ] GC(1659) Pause Young (Normal) (G1 Evacuation Pause)
[2024-08-15T14:36:59.474+0000][7715.418s][info][gc,task     ] GC(1659) Using 6 workers of 6 for evacuation
[2024-08-15T14:36:59.498+0000][7715.443s][info][gc,phases   ] GC(1659)   Pre Evacuate Collection Set: 0.2ms
[2024-08-15T14:36:59.498+0000][7715.443s][info][gc,phases   ] GC(1659)   Merge Heap Roots: 0.3ms
[2024-08-15T14:36:59.498+0000][7715.443s][info][gc,phases   ] GC(1659)   Evacuate Collection Set: 22.4ms
[2024-08-15T14:36:59.498+0000][7715.443s][info][gc,phases   ] GC(1659)   Post Evacuate Collection Set: 1.6ms
[2024-08-15T14:36:59.498+0000][7715.443s][info][gc,phases   ] GC(1659)   Other: 0.2ms
[2024-08-15T14:36:59.498+0000][7715.443s][info][gc,heap     ] GC(1659) Eden regions: 729->0(726)
[2024-08-15T14:36:59.498+0000][7715.443s][info][gc,heap     ] GC(1659) Survivor regions: 8->11(93)
[2024-08-15T14:36:59.498+0000][7715.443s][info][gc,heap     ] GC(1659) Old regions: 468->468
[2024-08-15T14:36:59.498+0000][7715.443s][info][gc,heap     ] GC(1659) Archive regions: 2->2
[2024-08-15T14:36:59.498+0000][7715.443s][info][gc,heap     ] GC(1659) Humongous regions: 7->7
[2024-08-15T14:36:59.498+0000][7715.443s][info][gc,metaspace] GC(1659) Metaspace: 441876K(448192K)->441876K(448192K) NonClass: 386876K(390464K)->386876K(390464K) Class: 55000K(57728K)->55000K(57728K)
[2024-08-15T14:36:59.498+0000][7715.443s][info][gc          ] GC(1659) Pause Young (Normal) (G1 Evacuation Pause) 9696M->3890M(12288M) 24.758ms
[2024-08-15T14:36:59.498+0000][7715.443s][info][gc,cpu      ] GC(1659) User=0.15s Sys=0.00s Real=0.03s
[2024-08-15T14:36:59.927+0000][7715.872s][info][gc,start    ] GC(1660) Pause Young (Concurrent Start) (G1 Humongous Allocation)
[2024-08-15T14:36:59.927+0000][7715.872s][info][gc,task     ] GC(1660) Using 6 workers of 6 for evacuation
[2024-08-15T14:36:59.958+0000][7715.902s][info][gc,phases   ] GC(1660)   Pre Evacuate Collection Set: 0.6ms
[2024-08-15T14:36:59.958+0000][7715.902s][info][gc,phases   ] GC(1660)   Merge Heap Roots: 0.2ms
[2024-08-15T14:36:59.958+0000][7715.902s][info][gc,phases   ] GC(1660)   Evacuate Collection Set: 28.2ms
[2024-08-15T14:36:59.958+0000][7715.902s][info][gc,phases   ] GC(1660)   Post Evacuate Collection Set: 1.2ms
[2024-08-15T14:36:59.958+0000][7715.902s][info][gc,phases   ] GC(1660)   Other: 0.3ms
[2024-08-15T14:36:59.958+0000][7715.902s][info][gc,heap     ] GC(1660) Eden regions: 44->0(723)
[2024-08-15T14:36:59.958+0000][7715.902s][info][gc,heap     ] GC(1660) Survivor regions: 11->13(93)
[2024-08-15T14:36:59.958+0000][7715.902s][info][gc,heap     ] GC(1660) Old regions: 468->468
[2024-08-15T14:36:59.958+0000][7715.902s][info][gc,heap     ] GC(1660) Archive regions: 2->2
[2024-08-15T14:36:59.958+0000][7715.902s][info][gc,heap     ] GC(1660) Humongous regions: 7->7
[2024-08-15T14:36:59.958+0000][7715.902s][info][gc,metaspace] GC(1660) Metaspace: 441876K(448192K)->441876K(448192K) NonClass: 386876K(390464K)->386876K(390464K) Class: 55000K(57728K)->55000K(57728K)
[2024-08-15T14:36:59.958+0000][7715.902s][info][gc          ] GC(1660) Pause Young (Concurrent Start) (G1 Humongous Allocation) 4238M->3901M(12288M) 30.418ms
[2024-08-15T14:36:59.958+0000][7715.902s][info][gc,cpu      ] GC(1660) User=0.17s Sys=0.00s Real=0.03s
[2024-08-15T14:36:59.958+0000][7715.903s][info][gc          ] GC(1661) Concurrent Mark Cycle
[2024-08-15T14:36:59.958+0000][7715.903s][info][gc,marking  ] GC(1661) Concurrent Clear Claimed Marks
[2024-08-15T14:36:59.958+0000][7715.903s][info][gc,marking  ] GC(1661) Concurrent Clear Claimed Marks 0.436ms
[2024-08-15T14:36:59.958+0000][7715.903s][info][gc,marking  ] GC(1661) Concurrent Scan Root Regions
[2024-08-15T14:37:00.014+0000][7715.959s][info][gc,marking  ] GC(1661) Concurrent Scan Root Regions 55.583ms
[2024-08-15T14:37:00.014+0000][7715.959s][info][gc,marking  ] GC(1661) Concurrent Mark
[2024-08-15T14:37:00.014+0000][7715.959s][info][gc,marking  ] GC(1661) Concurrent Mark From Roots
[2024-08-15T14:37:00.014+0000][7715.959s][info][gc,task     ] GC(1661) Using 2 workers of 2 for marking
[2024-08-15T14:37:02.377+0000][7718.322s][info][gc,marking  ] GC(1661) Concurrent Mark From Roots 2363.305ms
[2024-08-15T14:37:02.377+0000][7718.322s][info][gc,marking  ] GC(1661) Concurrent Preclean
[2024-08-15T14:37:02.379+0000][7718.323s][info][gc,marking  ] GC(1661) Concurrent Preclean 1.149ms
[2024-08-15T14:37:02.379+0000][7718.323s][info][gc,start    ] GC(1661) Pause Remark
[2024-08-15T14:37:02.404+0000][7718.349s][info][gc          ] GC(1661) Pause Remark 7465M->7465M(12288M) 25.498ms
[2024-08-15T14:37:02.404+0000][7718.349s][info][gc,cpu      ] GC(1661) User=0.11s Sys=0.00s Real=0.03s
[2024-08-15T14:37:02.404+0000][7718.349s][info][gc,marking  ] GC(1661) Concurrent Mark 2390.338ms
[2024-08-15T14:37:02.404+0000][7718.349s][info][gc,marking  ] GC(1661) Concurrent Rebuild Remembered Sets
[2024-08-15T14:37:03.406+0000][7719.351s][info][gc,start    ] GC(1662) Pause Young (Normal) (G1 Evacuation Pause)
[2024-08-15T14:37:03.406+0000][7719.351s][info][gc,task     ] GC(1662) Using 6 workers of 6 for evacuation
[2024-08-15T14:37:03.625+0000][7719.570s][info][gc,mmu      ] GC(1662) MMU target violated: 201.0ms (200.0ms/201.0ms)
[2024-08-15T14:37:03.625+0000][7719.570s][info][gc,phases   ] GC(1662)   Pre Evacuate Collection Set: 0.2ms
[2024-08-15T14:37:03.625+0000][7719.570s][info][gc,phases   ] GC(1662)   Merge Heap Roots: 1.3ms
[2024-08-15T14:37:03.625+0000][7719.570s][info][gc,phases   ] GC(1662)   Evacuate Collection Set: 184.9ms
[2024-08-15T14:37:03.625+0000][7719.570s][info][gc,phases   ] GC(1662)   Post Evacuate Collection Set: 32.1ms
[2024-08-15T14:37:03.625+0000][7719.570s][info][gc,phases   ] GC(1662)   Other: 0.2ms
[2024-08-15T14:37:03.625+0000][7719.570s][info][gc,heap     ] GC(1662) Eden regions: 723->0(660)
[2024-08-15T14:37:03.625+0000][7719.570s][info][gc,heap     ] GC(1662) Survivor regions: 13->28(92)
[2024-08-15T14:37:03.625+0000][7719.570s][info][gc,heap     ] GC(1662) Old regions: 468->468
[2024-08-15T14:37:03.625+0000][7719.570s][info][gc,heap     ] GC(1662) Archive regions: 2->2
[2024-08-15T14:37:03.625+0000][7719.570s][info][gc,heap     ] GC(1662) Humongous regions: 20->20
[2024-08-15T14:37:03.625+0000][7719.570s][info][gc,metaspace] GC(1662) Metaspace: 441880K(448192K)->441880K(448192K) NonClass: 386880K(390464K)->386880K(390464K) Class: 55000K(57728K)->55000K(57728K)
[2024-08-15T14:37:03.625+0000][7719.570s][info][gc          ] GC(1662) Pause Young (Normal) (G1 Evacuation Pause) 9789M->4129M(12288M) 218.707ms
[2024-08-15T14:37:03.625+0000][7719.570s][info][gc,cpu      ] GC(1662) User=1.29s Sys=0.00s Real=0.22s
[2024-08-15T14:37:03.891+0000][7719.836s][info][gc,marking  ] GC(1661) Concurrent Rebuild Remembered Sets 1486.526ms
[2024-08-15T14:37:03.891+0000][7719.836s][info][gc,start    ] GC(1661) Pause Cleanup
[2024-08-15T14:37:03.892+0000][7719.836s][info][gc          ] GC(1661) Pause Cleanup 4133M->4133M(12288M) 0.628ms
[2024-08-15T14:37:03.892+0000][7719.836s][info][gc,cpu      ] GC(1661) User=0.00s Sys=0.00s Real=0.00s
[2024-08-15T14:37:03.892+0000][7719.836s][info][gc,marking  ] GC(1661) Concurrent Cleanup for Next Mark
[2024-08-15T14:37:03.907+0000][7719.852s][info][gc,marking  ] GC(1661) Concurrent Cleanup for Next Mark 15.347ms
[2024-08-15T14:37:03.907+0000][7719.852s][info][gc          ] GC(1661) Concurrent Mark Cycle 3949.299ms
[2024-08-15T14:37:05.760+0000][7721.705s][info][gc,start    ] GC(1663) Pause Young (Prepare Mixed) (G1 Evacuation Pause)
[2024-08-15T14:37:05.760+0000][7721.705s][info][gc,task     ] GC(1663) Using 6 workers of 6 for evacuation
[2024-08-15T14:37:05.965+0000][7721.910s][info][gc,mmu      ] GC(1663) MMU target violated: 201.0ms (200.0ms/201.0ms)
[2024-08-15T14:37:05.966+0000][7721.910s][info][gc,phases   ] GC(1663)   Pre Evacuate Collection Set: 0.2ms
[2024-08-15T14:37:05.966+0000][7721.910s][info][gc,phases   ] GC(1663)   Merge Heap Roots: 0.6ms
[2024-08-15T14:37:05.966+0000][7721.910s][info][gc,phases   ] GC(1663)   Evacuate Collection Set: 166.7ms
[2024-08-15T14:37:05.966+0000][7721.910s][info][gc,phases   ] GC(1663)   Post Evacuate Collection Set: 37.9ms
[2024-08-15T14:37:05.966+0000][7721.910s][info][gc,phases   ] GC(1663)   Other: 0.3ms
[2024-08-15T14:37:05.966+0000][7721.910s][info][gc,heap     ] GC(1663) Eden regions: 660->0(46)
[2024-08-15T14:37:05.966+0000][7721.910s][info][gc,heap     ] GC(1663) Survivor regions: 28->30(86)
[2024-08-15T14:37:05.966+0000][7721.910s][info][gc,heap     ] GC(1663) Old regions: 468->468
[2024-08-15T14:37:05.966+0000][7721.910s][info][gc,heap     ] GC(1663) Archive regions: 2->2
[2024-08-15T14:37:05.966+0000][7721.910s][info][gc,heap     ] GC(1663) Humongous regions: 20->20
[2024-08-15T14:37:05.966+0000][7721.910s][info][gc,metaspace] GC(1663) Metaspace: 441880K(448192K)->441880K(448192K) NonClass: 386880K(390464K)->386880K(390464K) Class: 55000K(57728K)->55000K(57728K)
[2024-08-15T14:37:05.966+0000][7721.910s][info][gc          ] GC(1663) Pause Young (Prepare Mixed) (G1 Evacuation Pause) 9409M->4147M(12288M) 205.674ms
[2024-08-15T14:37:05.966+0000][7721.910s][info][gc,cpu      ] GC(1663) User=1.21s Sys=0.00s Real=0.21s
[2024-08-15T14:37:06.425+0000][7722.370s][info][gc,start    ] GC(1664) Pause Young (Mixed) (G1 Evacuation Pause)
[2024-08-15T14:37:06.425+0000][7722.370s][info][gc,task     ] GC(1664) Using 6 workers of 6 for evacuation
[2024-08-15T14:37:06.591+0000][7722.536s][info][gc,phases   ] GC(1664)   Pre Evacuate Collection Set: 0.2ms
[2024-08-15T14:37:06.591+0000][7722.536s][info][gc,phases   ] GC(1664)   Merge Heap Roots: 1.0ms
[2024-08-15T14:37:06.591+0000][7722.536s][info][gc,phases   ] GC(1664)   Evacuate Collection Set: 159.9ms
[2024-08-15T14:37:06.591+0000][7722.536s][info][gc,phases   ] GC(1664)   Post Evacuate Collection Set: 4.5ms
[2024-08-15T14:37:06.591+0000][7722.536s][info][gc,phases   ] GC(1664)   Other: 0.2ms
[2024-08-15T14:37:06.591+0000][7722.536s][info][gc,heap     ] GC(1664) Eden regions: 46->0(697)
[2024-08-15T14:37:06.591+0000][7722.536s][info][gc,heap     ] GC(1664) Survivor regions: 30->3(10)
[2024-08-15T14:37:06.591+0000][7722.536s][info][gc,heap     ] GC(1664) Old regions: 468->479
[2024-08-15T14:37:06.591+0000][7722.536s][info][gc,heap     ] GC(1664) Archive regions: 2->2
[2024-08-15T14:37:06.591+0000][7722.536s][info][gc,heap     ] GC(1664) Humongous regions: 20->20
[2024-08-15T14:37:06.591+0000][7722.536s][info][gc,metaspace] GC(1664) Metaspace: 441880K(448192K)->441880K(448192K) NonClass: 386880K(390464K)->386880K(390464K) Class: 55000K(57728K)->55000K(57728K)
[2024-08-15T14:37:06.591+0000][7722.536s][info][gc          ] GC(1664) Pause Young (Mixed) (G1 Evacuation Pause) 4515M->4018M(12288M) 165.898ms
[2024-08-15T14:37:06.591+0000][7722.536s][info][gc,cpu      ] GC(1664) User=0.96s Sys=0.00s Real=0.16s
[2024-08-15T14:37:08.869+0000][7724.814s][info][gc,start    ] GC(1665) Pause Young (Normal) (G1 Evacuation Pause)
[2024-08-15T14:37:08.869+0000][7724.814s][info][gc,task     ] GC(1665) Using 6 workers of 6 for evacuation
[2024-08-15T14:37:08.972+0000][7724.917s][info][gc,phases   ] GC(1665)   Pre Evacuate Collection Set: 0.2ms
[2024-08-15T14:37:08.972+0000][7724.917s][info][gc,phases   ] GC(1665)   Merge Heap Roots: 0.4ms
[2024-08-15T14:37:08.972+0000][7724.917s][info][gc,phases   ] GC(1665)   Evacuate Collection Set: 73.3ms
[2024-08-15T14:37:08.972+0000][7724.917s][info][gc,phases   ] GC(1665)   Post Evacuate Collection Set: 29.4ms
[2024-08-15T14:37:08.972+0000][7724.917s][info][gc,phases   ] GC(1665)   Other: 0.2ms
[2024-08-15T14:37:08.972+0000][7724.917s][info][gc,heap     ] GC(1665) Eden regions: 697->0(693)
[2024-08-15T14:37:08.972+0000][7724.917s][info][gc,heap     ] GC(1665) Survivor regions: 3->9(88)
[2024-08-15T14:37:08.972+0000][7724.917s][info][gc,heap     ] GC(1665) Old regions: 479->479
[2024-08-15T14:37:08.972+0000][7724.917s][info][gc,heap     ] GC(1665) Archive regions: 2->2
[2024-08-15T14:37:08.972+0000][7724.917s][info][gc,heap     ] GC(1665) Humongous regions: 20->20
[2024-08-15T14:37:08.972+0000][7724.917s][info][gc,metaspace] GC(1665) Metaspace: 441884K(448192K)->441884K(448192K) NonClass: 386884K(390464K)->386884K(390464K) Class: 55000K(57728K)->55000K(57728K)
[2024-08-15T14:37:08.972+0000][7724.917s][info][gc          ] GC(1665) Pause Young (Normal) (G1 Evacuation Pause) 9594M->4060M(12288M) 103.506ms
[2024-08-15T14:37:08.973+0000][7724.917s][info][gc,cpu      ] GC(1665) User=0.59s Sys=0.00s Real=0.10s
[2024-08-15T14:37:11.298+0000][7727.243s][info][gc,start    ] GC(1666) Pause Young (Normal) (G1 Evacuation Pause)
[2024-08-15T14:37:11.298+0000][7727.243s][info][gc,task     ] GC(1666) Using 6 workers of 6 for evacuation
[2024-08-15T14:37:11.409+0000][7727.353s][info][gc,phases   ] GC(1666)   Pre Evacuate Collection Set: 0.2ms
[2024-08-15T14:37:11.409+0000][7727.353s][info][gc,phases   ] GC(1666)   Merge Heap Roots: 0.7ms
[2024-08-15T14:37:11.409+0000][7727.353s][info][gc,phases   ] GC(1666)   Evacuate Collection Set: 88.9ms
[2024-08-15T14:37:11.409+0000][7727.353s][info][gc,phases   ] GC(1666)   Post Evacuate Collection Set: 20.5ms
[2024-08-15T14:37:11.409+0000][7727.353s][info][gc,phases   ] GC(1666)   Other: 0.2ms
[2024-08-15T14:37:11.409+0000][7727.353s][info][gc,heap     ] GC(1666) Eden regions: 693->0(692)
[2024-08-15T14:37:11.409+0000][7727.353s][info][gc,heap     ] GC(1666) Survivor regions: 9->13(88)
[2024-08-15T14:37:11.409+0000][7727.353s][info][gc,heap     ] GC(1666) Old regions: 479->479
[2024-08-15T14:37:11.409+0000][7727.353s][info][gc,heap     ] GC(1666) Archive regions: 2->2
[2024-08-15T14:37:11.409+0000][7727.353s][info][gc,heap     ] GC(1666) Humongous regions: 20->20
[2024-08-15T14:37:11.409+0000][7727.353s][info][gc,metaspace] GC(1666) Metaspace: 441900K(448256K)->441900K(448256K) NonClass: 386900K(390528K)->386900K(390528K) Class: 55000K(57728K)->55000K(57728K)
[2024-08-15T14:37:11.409+0000][7727.353s][info][gc          ] GC(1666) Pause Young (Normal) (G1 Evacuation Pause) 9604M->4096M(12288M) 110.553ms
[2024-08-15T14:37:11.409+0000][7727.353s][info][gc,cpu      ] GC(1666) User=0.64s Sys=0.00s Real=0.11s
[2024-08-15T14:37:13.666+0000][7729.611s][info][gc,start    ] GC(1667) Pause Young (Concurrent Start) (G1 Evacuation Pause)
[2024-08-15T14:37:13.666+0000][7729.611s][info][gc,task     ] GC(1667) Using 6 workers of 6 for evacuation
[2024-08-15T14:37:13.781+0000][7729.726s][info][gc,phases   ] GC(1667)   Pre Evacuate Collection Set: 0.7ms
[2024-08-15T14:37:13.781+0000][7729.726s][info][gc,phases   ] GC(1667)   Merge Heap Roots: 0.6ms
[2024-08-15T14:37:13.781+0000][7729.726s][info][gc,phases   ] GC(1667)   Evacuate Collection Set: 93.4ms
[2024-08-15T14:37:13.781+0000][7729.726s][info][gc,phases   ] GC(1667)   Post Evacuate Collection Set: 20.0ms
[2024-08-15T14:37:13.781+0000][7729.726s][info][gc,phases   ] GC(1667)   Other: 0.3ms
[2024-08-15T14:37:13.781+0000][7729.726s][info][gc,heap     ] GC(1667) Eden regions: 692->0(690)
[2024-08-15T14:37:13.781+0000][7729.726s][info][gc,heap     ] GC(1667) Survivor regions: 13->17(89)
[2024-08-15T14:37:13.781+0000][7729.726s][info][gc,heap     ] GC(1667) Old regions: 479->479
[2024-08-15T14:37:13.781+0000][7729.726s][info][gc,heap     ] GC(1667) Archive regions: 2->2
[2024-08-15T14:37:13.781+0000][7729.726s][info][gc,heap     ] GC(1667) Humongous regions: 20->20
[2024-08-15T14:37:13.781+0000][7729.726s][info][gc,metaspace] GC(1667) Metaspace: 441900K(448256K)->441900K(448256K) NonClass: 386900K(390528K)->386900K(390528K) Class: 55000K(57728K)->55000K(57728K)
[2024-08-15T14:37:13.781+0000][7729.726s][info][gc          ] GC(1667) Pause Young (Concurrent Start) (G1 Evacuation Pause) 9632M->4128M(12288M) 114.934ms
[2024-08-15T14:37:13.781+0000][7729.726s][info][gc,cpu      ] GC(1667) User=0.66s Sys=0.00s Real=0.11s
[2024-08-15T14:37:13.781+0000][7729.726s][info][gc          ] GC(1668) Concurrent Mark Cycle
[2024-08-15T14:37:13.781+0000][7729.726s][info][gc,marking  ] GC(1668) Concurrent Clear Claimed Marks
[2024-08-15T14:37:13.782+0000][7729.727s][info][gc,marking  ] GC(1668) Concurrent Clear Claimed Marks 0.462ms
[2024-08-15T14:37:13.782+0000][7729.727s][info][gc,marking  ] GC(1668) Concurrent Scan Root Regions
[2024-08-15T14:37:13.829+0000][7729.774s][info][gc,marking  ] GC(1668) Concurrent Scan Root Regions 47.115ms
[2024-08-15T14:37:13.829+0000][7729.774s][info][gc,marking  ] GC(1668) Concurrent Mark
[2024-08-15T14:37:13.829+0000][7729.774s][info][gc,marking  ] GC(1668) Concurrent Mark From Roots
[2024-08-15T14:37:13.829+0000][7729.774s][info][gc,task     ] GC(1668) Using 2 workers of 2 for marking
[2024-08-15T14:37:15.826+0000][7731.771s][info][gc,marking  ] GC(1668) Concurrent Mark From Roots 1997.314ms
[2024-08-15T14:37:15.826+0000][7731.771s][info][gc,marking  ] GC(1668) Concurrent Preclean
[2024-08-15T14:37:15.828+0000][7731.772s][info][gc,marking  ] GC(1668) Concurrent Preclean 1.370ms
[2024-08-15T14:37:15.828+0000][7731.773s][info][gc,start    ] GC(1668) Pause Remark
[2024-08-15T14:37:15.852+0000][7731.796s][info][gc          ] GC(1668) Pause Remark 8568M->8512M(12288M) 23.772ms
[2024-08-15T14:37:15.852+0000][7731.796s][info][gc,cpu      ] GC(1668) User=0.10s Sys=0.00s Real=0.02s
[2024-08-15T14:37:15.852+0000][7731.796s][info][gc,marking  ] GC(1668) Concurrent Mark 2022.802ms
[2024-08-15T14:37:15.852+0000][7731.797s][info][gc,marking  ] GC(1668) Concurrent Rebuild Remembered Sets
[2024-08-15T14:37:16.310+0000][7732.255s][info][gc,start    ] GC(1669) Pause Young (Normal) (G1 Evacuation Pause)
[2024-08-15T14:37:16.310+0000][7732.255s][info][gc,task     ] GC(1669) Using 6 workers of 6 for evacuation
[2024-08-15T14:37:16.451+0000][7732.396s][info][gc,phases   ] GC(1669)   Pre Evacuate Collection Set: 0.2ms
[2024-08-15T14:37:16.451+0000][7732.396s][info][gc,phases   ] GC(1669)   Merge Heap Roots: 0.9ms
[2024-08-15T14:37:16.451+0000][7732.396s][info][gc,phases   ] GC(1669)   Evacuate Collection Set: 116.7ms
[2024-08-15T14:37:16.451+0000][7732.396s][info][gc,phases   ] GC(1669)   Post Evacuate Collection Set: 23.0ms
[2024-08-15T14:37:16.451+0000][7732.396s][info][gc,phases   ] GC(1669)   Other: 0.2ms
[2024-08-15T14:37:16.451+0000][7732.396s][info][gc,heap     ] GC(1669) Eden regions: 690->0(690)
[2024-08-15T14:37:16.451+0000][7732.396s][info][gc,heap     ] GC(1669) Survivor regions: 17->22(89)
[2024-08-15T14:37:16.451+0000][7732.396s][info][gc,heap     ] GC(1669) Old regions: 479->479
[2024-08-15T14:37:16.451+0000][7732.396s][info][gc,heap     ] GC(1669) Archive regions: 2->2
[2024-08-15T14:37:16.451+0000][7732.396s][info][gc,heap     ] GC(1669) Humongous regions: 13->13
[2024-08-15T14:37:16.451+0000][7732.396s][info][gc,metaspace] GC(1669) Metaspace: 441900K(448256K)->441900K(448256K) NonClass: 386900K(390528K)->386900K(390528K) Class: 55000K(57728K)->55000K(57728K)
[2024-08-15T14:37:16.451+0000][7732.396s][info][gc          ] GC(1669) Pause Young (Normal) (G1 Evacuation Pause) 9592M->4114M(12288M) 141.084ms
[2024-08-15T14:37:16.451+0000][7732.396s][info][gc,cpu      ] GC(1669) User=0.83s Sys=0.00s Real=0.14s
[2024-08-15T14:37:17.336+0000][7733.280s][info][gc,marking  ] GC(1668) Concurrent Rebuild Remembered Sets 1483.843ms
[2024-08-15T14:37:17.336+0000][7733.281s][info][gc,start    ] GC(1668) Pause Cleanup
[2024-08-15T14:37:17.337+0000][7733.281s][info][gc          ] GC(1668) Pause Cleanup 5034M->5034M(12288M) 0.890ms
[2024-08-15T14:37:17.337+0000][7733.281s][info][gc,cpu      ] GC(1668) User=0.01s Sys=0.00s Real=0.00s
[2024-08-15T14:37:17.337+0000][7733.282s][info][gc,marking  ] GC(1668) Concurrent Cleanup for Next Mark
[2024-08-15T14:37:17.354+0000][7733.299s][info][gc,marking  ] GC(1668) Concurrent Cleanup for Next Mark 17.056ms
[2024-08-15T14:37:17.354+0000][7733.299s][info][gc          ] GC(1668) Concurrent Mark Cycle 3572.623ms
[2024-08-15T14:37:20.382+0000][7736.327s][info][gc,start    ] GC(1670) Pause Young (Prepare Mixed) (G1 Evacuation Pause)
[2024-08-15T14:37:20.382+0000][7736.327s][info][gc,task     ] GC(1670) Using 6 workers of 6 for evacuation
[2024-08-15T14:37:20.452+0000][7736.397s][info][gc,phases   ] GC(1670)   Pre Evacuate Collection Set: 0.2ms
[2024-08-15T14:37:20.452+0000][7736.397s][info][gc,phases   ] GC(1670)   Merge Heap Roots: 0.7ms
[2024-08-15T14:37:20.452+0000][7736.397s][info][gc,phases   ] GC(1670)   Evacuate Collection Set: 65.3ms
[2024-08-15T14:37:20.452+0000][7736.397s][info][gc,phases   ] GC(1670)   Post Evacuate Collection Set: 3.3ms
[2024-08-15T14:37:20.452+0000][7736.397s][info][gc,phases   ] GC(1670)   Other: 0.2ms
[2024-08-15T14:37:20.452+0000][7736.397s][info][gc,heap     ] GC(1670) Eden regions: 690->0(58)
[2024-08-15T14:37:20.452+0000][7736.397s][info][gc,heap     ] GC(1670) Survivor regions: 22->18(89)
[2024-08-15T14:37:20.452+0000][7736.397s][info][gc,heap     ] GC(1670) Old regions: 479->479
[2024-08-15T14:37:20.452+0000][7736.397s][info][gc,heap     ] GC(1670) Archive regions: 2->2
[2024-08-15T14:37:20.452+0000][7736.397s][info][gc,heap     ] GC(1670) Humongous regions: 13->13
[2024-08-15T14:37:20.452+0000][7736.397s][info][gc,metaspace] GC(1670) Metaspace: 441902K(448256K)->441902K(448256K) NonClass: 386902K(390528K)->386902K(390528K) Class: 55000K(57728K)->55000K(57728K)
[2024-08-15T14:37:20.452+0000][7736.397s][info][gc          ] GC(1670) Pause Young (Prepare Mixed) (G1 Evacuation Pause) 9634M->4078M(12288M) 69.731ms
[2024-08-15T14:37:20.452+0000][7736.397s][info][gc,cpu      ] GC(1670) User=0.41s Sys=0.00s Real=0.07s
[2024-08-15T14:37:20.727+0000][7736.672s][info][gc,start    ] GC(1671) Pause Young (Mixed) (G1 Evacuation Pause)
[2024-08-15T14:37:20.727+0000][7736.672s][info][gc,task     ] GC(1671) Using 6 workers of 6 for evacuation
[2024-08-15T14:37:20.811+0000][7736.756s][info][gc,phases   ] GC(1671)   Pre Evacuate Collection Set: 0.2ms
[2024-08-15T14:37:20.811+0000][7736.756s][info][gc,phases   ] GC(1671)   Merge Heap Roots: 0.5ms
[2024-08-15T14:37:20.811+0000][7736.756s][info][gc,phases   ] GC(1671)   Evacuate Collection Set: 82.2ms
[2024-08-15T14:37:20.811+0000][7736.756s][info][gc,phases   ] GC(1671)   Post Evacuate Collection Set: 1.3ms
[2024-08-15T14:37:20.811+0000][7736.756s][info][gc,phases   ] GC(1671)   Other: 0.2ms
[2024-08-15T14:37:20.811+0000][7736.756s][info][gc,heap     ] GC(1671) Eden regions: 58->0(724)
[2024-08-15T14:37:20.811+0000][7736.756s][info][gc,heap     ] GC(1671) Survivor regions: 18->5(10)
[2024-08-15T14:37:20.812+0000][7736.756s][info][gc,heap     ] GC(1671) Old regions: 479->466
[2024-08-15T14:37:20.812+0000][7736.756s][info][gc,heap     ] GC(1671) Archive regions: 2->2
[2024-08-15T14:37:20.812+0000][7736.756s][info][gc,heap     ] GC(1671) Humongous regions: 13->13
[2024-08-15T14:37:20.812+0000][7736.756s][info][gc,metaspace] GC(1671) Metaspace: 441902K(448256K)->441902K(448256K) NonClass: 386902K(390528K)->386902K(390528K) Class: 55000K(57728K)->55000K(57728K)
[2024-08-15T14:37:20.812+0000][7736.756s][info][gc          ] GC(1671) Pause Young (Mixed) (G1 Evacuation Pause) 4542M->3872M(12288M) 84.401ms
[2024-08-15T14:37:20.812+0000][7736.756s][info][gc,cpu      ] GC(1671) User=0.51s Sys=0.00s Real=0.08s
[2024-08-15T14:37:26.152+0000][7742.097s][info][gc,start    ] GC(1672) Pause Young (Normal) (G1 Evacuation Pause)
[2024-08-15T14:37:26.152+0000][7742.097s][info][gc,task     ] GC(1672) Using 6 workers of 6 for evacuation
[2024-08-15T14:37:26.167+0000][7742.112s][info][gc,phases   ] GC(1672)   Pre Evacuate Collection Set: 0.2ms
[2024-08-15T14:37:26.167+0000][7742.112s][info][gc,phases   ] GC(1672)   Merge Heap Roots: 0.2ms
[2024-08-15T14:37:26.167+0000][7742.112s][info][gc,phases   ] GC(1672)   Evacuate Collection Set: 12.5ms
[2024-08-15T14:37:26.167+0000][7742.112s][info][gc,phases   ] GC(1672)   Post Evacuate Collection Set: 1.8ms
[2024-08-15T14:37:26.167+0000][7742.112s][info][gc,phases   ] GC(1672)   Other: 0.2ms
[2024-08-15T14:37:26.167+0000][7742.112s][info][gc,heap     ] GC(1672) Eden regions: 724->0(725)
[2024-08-15T14:37:26.167+0000][7742.112s][info][gc,heap     ] GC(1672) Survivor regions: 5->6(92)
[2024-08-15T14:37:26.167+0000][7742.112s][info][gc,heap     ] GC(1672) Old regions: 466->466
[2024-08-15T14:37:26.167+0000][7742.112s][info][gc,heap     ] GC(1672) Archive regions: 2->2
[2024-08-15T14:37:26.167+0000][7742.112s][info][gc,heap     ] GC(1672) Humongous regions: 13->13
[2024-08-15T14:37:26.167+0000][7742.112s][info][gc,metaspace] GC(1672) Metaspace: 441902K(448256K)->441902K(448256K) NonClass: 386902K(390528K)->386902K(390528K) Class: 55000K(57728K)->55000K(57728K)
[2024-08-15T14:37:26.167+0000][7742.112s][info][gc          ] GC(1672) Pause Young (Normal) (G1 Evacuation Pause) 9664M->3880M(12288M) 14.962ms
[2024-08-15T14:37:26.167+0000][7742.112s][info][gc,cpu      ] GC(1672) User=0.09s Sys=0.00s Real=0.02s
[2024-08-15T14:37:33.468+0000][7749.412s][info][gc,start    ] GC(1673) Pause Young (Normal) (G1 Evacuation Pause)
[2024-08-15T14:37:33.468+0000][7749.412s][info][gc,task     ] GC(1673) Using 6 workers of 6 for evacuation
[2024-08-15T14:37:33.489+0000][7749.433s][info][gc,phases   ] GC(1673)   Pre Evacuate Collection Set: 0.2ms
[2024-08-15T14:37:33.489+0000][7749.433s][info][gc,phases   ] GC(1673)   Merge Heap Roots: 0.2ms
[2024-08-15T14:37:33.489+0000][7749.433s][info][gc,phases   ] GC(1673)   Evacuate Collection Set: 18.9ms
[2024-08-15T14:37:33.489+0000][7749.433s][info][gc,phases   ] GC(1673)   Post Evacuate Collection Set: 1.8ms
[2024-08-15T14:37:33.489+0000][7749.433s][info][gc,phases   ] GC(1673)   Other: 0.2ms
[2024-08-15T14:37:33.489+0000][7749.433s][info][gc,heap     ] GC(1673) Eden regions: 725->0(725)
[2024-08-15T14:37:33.489+0000][7749.433s][info][gc,heap     ] GC(1673) Survivor regions: 6->7(92)
[2024-08-15T14:37:33.489+0000][7749.433s][info][gc,heap     ] GC(1673) Old regions: 466->466
[2024-08-15T14:37:33.489+0000][7749.434s][info][gc,heap     ] GC(1673) Archive regions: 2->2
[2024-08-15T14:37:33.489+0000][7749.434s][info][gc,heap     ] GC(1673) Humongous regions: 13->13
[2024-08-15T14:37:33.489+0000][7749.434s][info][gc,metaspace] GC(1673) Metaspace: 441907K(448256K)->441907K(448256K) NonClass: 386907K(390528K)->386907K(390528K) Class: 55000K(57728K)->55000K(57728K)
[2024-08-15T14:37:33.489+0000][7749.434s][info][gc          ] GC(1673) Pause Young (Normal) (G1 Evacuation Pause) 9680M->3890M(12288M) 21.380ms
[2024-08-15T14:37:33.489+0000][7749.434s][info][gc,cpu      ] GC(1673) User=0.12s Sys=0.00s Real=0.02s
[2024-08-15T14:37:40.905+0000][7756.849s][info][gc,start    ] GC(1674) Pause Young (Concurrent Start) (G1 Evacuation Pause)
[2024-08-15T14:37:40.905+0000][7756.849s][info][gc,task     ] GC(1674) Using 6 workers of 6 for evacuation
[2024-08-15T14:37:40.930+0000][7756.874s][info][gc,phases   ] GC(1674)   Pre Evacuate Collection Set: 0.6ms
[2024-08-15T14:37:40.930+0000][7756.874s][info][gc,phases   ] GC(1674)   Merge Heap Roots: 0.2ms
[2024-08-15T14:37:40.930+0000][7756.874s][info][gc,phases   ] GC(1674)   Evacuate Collection Set: 22.3ms
[2024-08-15T14:37:40.930+0000][7756.874s][info][gc,phases   ] GC(1674)   Post Evacuate Collection Set: 1.8ms
[2024-08-15T14:37:40.930+0000][7756.874s][info][gc,phases   ] GC(1674)   Other: 0.3ms
[2024-08-15T14:37:40.930+0000][7756.874s][info][gc,heap     ] GC(1674) Eden regions: 725->0(723)
[2024-08-15T14:37:40.930+0000][7756.874s][info][gc,heap     ] GC(1674) Survivor regions: 7->10(92)
[2024-08-15T14:37:40.930+0000][7756.874s][info][gc,heap     ] GC(1674) Old regions: 466->466
[2024-08-15T14:37:40.930+0000][7756.874s][info][gc,heap     ] GC(1674) Archive regions: 2->2
[2024-08-15T14:37:40.930+0000][7756.874s][info][gc,heap     ] GC(1674) Humongous regions: 13->13
[2024-08-15T14:37:40.930+0000][7756.874s][info][gc,metaspace] GC(1674) Metaspace: 441912K(448256K)->441912K(448256K) NonClass: 386912K(390528K)->386912K(390528K) Class: 55000K(57728K)->55000K(57728K)
[2024-08-15T14:37:40.930+0000][7756.875s][info][gc          ] GC(1674) Pause Young (Concurrent Start) (G1 Evacuation Pause) 9690M->3913M(12288M) 25.345ms
[2024-08-15T14:37:40.930+0000][7756.875s][info][gc,cpu      ] GC(1674) User=0.14s Sys=0.00s Real=0.02s
[2024-08-15T14:37:40.930+0000][7756.875s][info][gc          ] GC(1675) Concurrent Mark Cycle
[2024-08-15T14:37:40.930+0000][7756.875s][info][gc,marking  ] GC(1675) Concurrent Clear Claimed Marks
[2024-08-15T14:37:40.930+0000][7756.875s][info][gc,marking  ] GC(1675) Concurrent Clear Claimed Marks 0.431ms
[2024-08-15T14:37:40.930+0000][7756.875s][info][gc,marking  ] GC(1675) Concurrent Scan Root Regions
[2024-08-15T14:37:40.948+0000][7756.893s][info][gc,marking  ] GC(1675) Concurrent Scan Root Regions 17.890ms
[2024-08-15T14:37:40.948+0000][7756.893s][info][gc,marking  ] GC(1675) Concurrent Mark
[2024-08-15T14:37:40.948+0000][7756.893s][info][gc,marking  ] GC(1675) Concurrent Mark From Roots
[2024-08-15T14:37:40.948+0000][7756.893s][info][gc,task     ] GC(1675) Using 2 workers of 2 for marking
[2024-08-15T14:37:43.058+0000][7759.003s][info][gc,marking  ] GC(1675) Concurrent Mark From Roots 2109.518ms
[2024-08-15T14:37:43.058+0000][7759.003s][info][gc,marking  ] GC(1675) Concurrent Preclean
[2024-08-15T14:37:43.059+0000][7759.004s][info][gc,marking  ] GC(1675) Concurrent Preclean 1.243ms
[2024-08-15T14:37:43.059+0000][7759.004s][info][gc,start    ] GC(1675) Pause Remark
[2024-08-15T14:37:43.083+0000][7759.028s][info][gc          ] GC(1675) Pause Remark 5401M->5369M(12288M) 23.596ms
[2024-08-15T14:37:43.083+0000][7759.028s][info][gc,cpu      ] GC(1675) User=0.10s Sys=0.00s Real=0.02s
[2024-08-15T14:37:43.083+0000][7759.028s][info][gc,marking  ] GC(1675) Concurrent Mark 2134.732ms
[2024-08-15T14:37:43.083+0000][7759.028s][info][gc,marking  ] GC(1675) Concurrent Rebuild Remembered Sets
[2024-08-15T14:37:44.338+0000][7760.282s][info][gc,marking  ] GC(1675) Concurrent Rebuild Remembered Sets 1254.422ms
[2024-08-15T14:37:44.338+0000][7760.282s][info][gc,start    ] GC(1675) Pause Cleanup
[2024-08-15T14:37:44.338+0000][7760.283s][info][gc          ] GC(1675) Pause Cleanup 6285M->6285M(12288M) 0.704ms
[2024-08-15T14:37:44.339+0000][7760.283s][info][gc,cpu      ] GC(1675) User=0.00s Sys=0.00s Real=0.00s
[2024-08-15T14:37:44.339+0000][7760.283s][info][gc,marking  ] GC(1675) Concurrent Cleanup for Next Mark
[2024-08-15T14:37:44.356+0000][7760.300s][info][gc,marking  ] GC(1675) Concurrent Cleanup for Next Mark 17.060ms
[2024-08-15T14:37:44.356+0000][7760.300s][info][gc          ] GC(1675) Concurrent Mark Cycle 3425.729ms
[2024-08-15T14:37:48.735+0000][7764.679s][info][gc,start    ] GC(1676) Pause Young (Prepare Mixed) (G1 Evacuation Pause)
[2024-08-15T14:37:48.735+0000][7764.679s][info][gc,task     ] GC(1676) Using 6 workers of 6 for evacuation
[2024-08-15T14:37:48.764+0000][7764.709s][info][gc,phases   ] GC(1676)   Pre Evacuate Collection Set: 0.2ms
[2024-08-15T14:37:48.764+0000][7764.709s][info][gc,phases   ] GC(1676)   Merge Heap Roots: 0.3ms
[2024-08-15T14:37:48.764+0000][7764.709s][info][gc,phases   ] GC(1676)   Evacuate Collection Set: 27.1ms
[2024-08-15T14:37:48.764+0000][7764.709s][info][gc,phases   ] GC(1676)   Post Evacuate Collection Set: 1.8ms
[2024-08-15T14:37:48.764+0000][7764.709s][info][gc,phases   ] GC(1676)   Other: 0.2ms
[2024-08-15T14:37:48.764+0000][7764.709s][info][gc,heap     ] GC(1676) Eden regions: 723->0(63)
[2024-08-15T14:37:48.764+0000][7764.709s][info][gc,heap     ] GC(1676) Survivor regions: 10->13(92)
[2024-08-15T14:37:48.764+0000][7764.709s][info][gc,heap     ] GC(1676) Old regions: 466->466
[2024-08-15T14:37:48.764+0000][7764.709s][info][gc,heap     ] GC(1676) Archive regions: 2->2
[2024-08-15T14:37:48.765+0000][7764.709s][info][gc,heap     ] GC(1676) Humongous regions: 9->9
[2024-08-15T14:37:48.765+0000][7764.709s][info][gc,metaspace] GC(1676) Metaspace: 441912K(448256K)->441912K(448256K) NonClass: 386912K(390528K)->386912K(390528K) Class: 55000K(57728K)->55000K(57728K)
[2024-08-15T14:37:48.765+0000][7764.709s][info][gc          ] GC(1676) Pause Young (Prepare Mixed) (G1 Evacuation Pause) 9665M->3905M(12288M) 29.699ms
[2024-08-15T14:37:48.765+0000][7764.709s][info][gc,cpu      ] GC(1676) User=0.17s Sys=0.00s Real=0.04s
[2024-08-15T14:37:49.404+0000][7765.349s][info][gc,start    ] GC(1677) Pause Young (Mixed) (G1 Evacuation Pause)
[2024-08-15T14:37:49.404+0000][7765.349s][info][gc,task     ] GC(1677) Using 6 workers of 6 for evacuation
[2024-08-15T14:37:49.516+0000][7765.461s][info][gc,phases   ] GC(1677)   Pre Evacuate Collection Set: 0.2ms
[2024-08-15T14:37:49.516+0000][7765.461s][info][gc,phases   ] GC(1677)   Merge Heap Roots: 0.6ms
[2024-08-15T14:37:49.516+0000][7765.461s][info][gc,phases   ] GC(1677)   Evacuate Collection Set: 109.2ms
[2024-08-15T14:37:49.516+0000][7765.461s][info][gc,phases   ] GC(1677)   Post Evacuate Collection Set: 1.7ms
[2024-08-15T14:37:49.516+0000][7765.461s][info][gc,phases   ] GC(1677)   Other: 0.2ms
[2024-08-15T14:37:49.516+0000][7765.461s][info][gc,heap     ] GC(1677) Eden regions: 63->0(826)
[2024-08-15T14:37:49.516+0000][7765.461s][info][gc,heap     ] GC(1677) Survivor regions: 13->5(10)
[2024-08-15T14:37:49.516+0000][7765.461s][info][gc,heap     ] GC(1677) Old regions: 466->371
[2024-08-15T14:37:49.516+0000][7765.461s][info][gc,heap     ] GC(1677) Archive regions: 2->2
[2024-08-15T14:37:49.516+0000][7765.461s][info][gc,heap     ] GC(1677) Humongous regions: 9->9
[2024-08-15T14:37:49.516+0000][7765.461s][info][gc,metaspace] GC(1677) Metaspace: 441912K(448256K)->441912K(448256K) NonClass: 386912K(390528K)->386912K(390528K) Class: 55000K(57728K)->55000K(57728K)
[2024-08-15T14:37:49.516+0000][7765.461s][info][gc          ] GC(1677) Pause Young (Mixed) (G1 Evacuation Pause) 4409M->3083M(12288M) 112.027ms
[2024-08-15T14:37:49.516+0000][7765.461s][info][gc,cpu      ] GC(1677) User=0.66s Sys=0.00s Real=0.11s
[2024-08-15T14:37:58.042+0000][7773.987s][info][gc,start    ] GC(1678) Pause Young (Normal) (G1 Evacuation Pause)
[2024-08-15T14:37:58.042+0000][7773.987s][info][gc,task     ] GC(1678) Using 6 workers of 6 for evacuation
[2024-08-15T14:37:58.065+0000][7774.009s][info][gc,phases   ] GC(1678)   Pre Evacuate Collection Set: 0.2ms
[2024-08-15T14:37:58.065+0000][7774.009s][info][gc,phases   ] GC(1678)   Merge Heap Roots: 0.2ms
[2024-08-15T14:37:58.065+0000][7774.009s][info][gc,phases   ] GC(1678)   Evacuate Collection Set: 19.9ms
[2024-08-15T14:37:58.065+0000][7774.009s][info][gc,phases   ] GC(1678)   Post Evacuate Collection Set: 1.8ms
[2024-08-15T14:37:58.065+0000][7774.009s][info][gc,phases   ] GC(1678)   Other: 0.2ms
[2024-08-15T14:37:58.065+0000][7774.009s][info][gc,heap     ] GC(1678) Eden regions: 826->0(823)
[2024-08-15T14:37:58.065+0000][7774.009s][info][gc,heap     ] GC(1678) Survivor regions: 5->8(104)
[2024-08-15T14:37:58.065+0000][7774.009s][info][gc,heap     ] GC(1678) Old regions: 371->371
[2024-08-15T14:37:58.065+0000][7774.009s][info][gc,heap     ] GC(1678) Archive regions: 2->2
[2024-08-15T14:37:58.065+0000][7774.009s][info][gc,heap     ] GC(1678) Humongous regions: 9->9
[2024-08-15T14:37:58.065+0000][7774.009s][info][gc,metaspace] GC(1678) Metaspace: 441912K(448256K)->441912K(448256K) NonClass: 386912K(390528K)->386912K(390528K) Class: 55000K(57728K)->55000K(57728K)
[2024-08-15T14:37:58.065+0000][7774.009s][info][gc          ] GC(1678) Pause Young (Normal) (G1 Evacuation Pause) 9691M->3107M(12288M) 22.354ms
[2024-08-15T14:37:58.065+0000][7774.009s][info][gc,cpu      ] GC(1678) User=0.13s Sys=0.00s Real=0.03s
[2024-08-15T14:38:06.476+0000][7782.421s][info][gc,start    ] GC(1679) Pause Young (Normal) (G1 Evacuation Pause)
[2024-08-15T14:38:06.476+0000][7782.421s][info][gc,task     ] GC(1679) Using 6 workers of 6 for evacuation
[2024-08-15T14:38:06.501+0000][7782.446s][info][gc,phases   ] GC(1679)   Pre Evacuate Collection Set: 0.2ms
[2024-08-15T14:38:06.501+0000][7782.446s][info][gc,phases   ] GC(1679)   Merge Heap Roots: 0.2ms
[2024-08-15T14:38:06.501+0000][7782.446s][info][gc,phases   ] GC(1679)   Evacuate Collection Set: 22.9ms
[2024-08-15T14:38:06.501+0000][7782.446s][info][gc,phases   ] GC(1679)   Post Evacuate Collection Set: 1.8ms
[2024-08-15T14:38:06.501+0000][7782.446s][info][gc,phases   ] GC(1679)   Other: 0.2ms
[2024-08-15T14:38:06.502+0000][7782.446s][info][gc,heap     ] GC(1679) Eden regions: 823->0(819)
[2024-08-15T14:38:06.502+0000][7782.446s][info][gc,heap     ] GC(1679) Survivor regions: 8->12(104)
[2024-08-15T14:38:06.502+0000][7782.446s][info][gc,heap     ] GC(1679) Old regions: 371->371
[2024-08-15T14:38:06.502+0000][7782.446s][info][gc,heap     ] GC(1679) Archive regions: 2->2
[2024-08-15T14:38:06.502+0000][7782.446s][info][gc,heap     ] GC(1679) Humongous regions: 9->9
[2024-08-15T14:38:06.502+0000][7782.446s][info][gc,metaspace] GC(1679) Metaspace: 441915K(448256K)->441915K(448256K) NonClass: 386915K(390528K)->386915K(390528K) Class: 55000K(57728K)->55000K(57728K)
[2024-08-15T14:38:06.502+0000][7782.446s][info][gc          ] GC(1679) Pause Young (Normal) (G1 Evacuation Pause) 9691M->3133M(12288M) 25.396ms
[2024-08-15T14:38:06.502+0000][7782.446s][info][gc,cpu      ] GC(1679) User=0.14s Sys=0.00s Real=0.02s
[2024-08-15T14:38:14.818+0000][7790.763s][info][gc,start    ] GC(1680) Pause Young (Concurrent Start) (G1 Evacuation Pause)
[2024-08-15T14:38:14.818+0000][7790.763s][info][gc,task     ] GC(1680) Using 6 workers of 6 for evacuation
[2024-08-15T14:38:14.849+0000][7790.794s][info][gc,phases   ] GC(1680)   Pre Evacuate Collection Set: 0.6ms
[2024-08-15T14:38:14.849+0000][7790.794s][info][gc,phases   ] GC(1680)   Merge Heap Roots: 0.2ms
[2024-08-15T14:38:14.849+0000][7790.794s][info][gc,phases   ] GC(1680)   Evacuate Collection Set: 28.1ms
[2024-08-15T14:38:14.849+0000][7790.794s][info][gc,phases   ] GC(1680)   Post Evacuate Collection Set: 1.8ms
[2024-08-15T14:38:14.849+0000][7790.794s][info][gc,phases   ] GC(1680)   Other: 0.3ms
[2024-08-15T14:38:14.849+0000][7790.794s][info][gc,heap     ] GC(1680) Eden regions: 819->0(818)
[2024-08-15T14:38:14.849+0000][7790.794s][info][gc,heap     ] GC(1680) Survivor regions: 12->13(104)
[2024-08-15T14:38:14.849+0000][7790.794s][info][gc,heap     ] GC(1680) Old regions: 371->371
[2024-08-15T14:38:14.849+0000][7790.794s][info][gc,heap     ] GC(1680) Archive regions: 2->2
[2024-08-15T14:38:14.849+0000][7790.794s][info][gc,heap     ] GC(1680) Humongous regions: 9->9
[2024-08-15T14:38:14.849+0000][7790.794s][info][gc,metaspace] GC(1680) Metaspace: 441915K(448256K)->441915K(448256K) NonClass: 386915K(390528K)->386915K(390528K) Class: 55000K(57728K)->55000K(57728K)
[2024-08-15T14:38:14.849+0000][7790.794s][info][gc          ] GC(1680) Pause Young (Concurrent Start) (G1 Evacuation Pause) 9685M->3147M(12288M) 31.090ms
[2024-08-15T14:38:14.849+0000][7790.794s][info][gc,cpu      ] GC(1680) User=0.18s Sys=0.00s Real=0.03s
[2024-08-15T14:38:14.849+0000][7790.794s][info][gc          ] GC(1681) Concurrent Mark Cycle
[2024-08-15T14:38:14.849+0000][7790.794s][info][gc,marking  ] GC(1681) Concurrent Clear Claimed Marks
[2024-08-15T14:38:14.850+0000][7790.794s][info][gc,marking  ] GC(1681) Concurrent Clear Claimed Marks 0.465ms
[2024-08-15T14:38:14.850+0000][7790.794s][info][gc,marking  ] GC(1681) Concurrent Scan Root Regions
[2024-08-15T14:38:14.872+0000][7790.817s][info][gc,marking  ] GC(1681) Concurrent Scan Root Regions 22.679ms
[2024-08-15T14:38:14.872+0000][7790.817s][info][gc,marking  ] GC(1681) Concurrent Mark
[2024-08-15T14:38:14.872+0000][7790.817s][info][gc,marking  ] GC(1681) Concurrent Mark From Roots
[2024-08-15T14:38:14.872+0000][7790.817s][info][gc,task     ] GC(1681) Using 2 workers of 2 for marking
[2024-08-15T14:38:16.971+0000][7792.915s][info][gc,marking  ] GC(1681) Concurrent Mark From Roots 2098.192ms
[2024-08-15T14:38:16.971+0000][7792.915s][info][gc,marking  ] GC(1681) Concurrent Preclean
[2024-08-15T14:38:16.972+0000][7792.917s][info][gc,marking  ] GC(1681) Concurrent Preclean 1.542ms
[2024-08-15T14:38:16.972+0000][7792.917s][info][gc,start    ] GC(1681) Pause Remark
[2024-08-15T14:38:16.996+0000][7792.941s][info][gc          ] GC(1681) Pause Remark 4659M->4659M(12288M) 24.021ms
[2024-08-15T14:38:16.996+0000][7792.941s][info][gc,cpu      ] GC(1681) User=0.11s Sys=0.00s Real=0.03s
[2024-08-15T14:38:16.997+0000][7792.941s][info][gc,marking  ] GC(1681) Concurrent Mark 2124.248ms
[2024-08-15T14:38:16.997+0000][7792.941s][info][gc,marking  ] GC(1681) Concurrent Rebuild Remembered Sets
[2024-08-15T14:38:18.248+0000][7794.192s][info][gc,marking  ] GC(1681) Concurrent Rebuild Remembered Sets 1251.075ms
[2024-08-15T14:38:18.248+0000][7794.192s][info][gc,start    ] GC(1681) Pause Cleanup
[2024-08-15T14:38:18.248+0000][7794.193s][info][gc          ] GC(1681) Pause Cleanup 5591M->5591M(12288M) 0.653ms
[2024-08-15T14:38:18.248+0000][7794.193s][info][gc,cpu      ] GC(1681) User=0.01s Sys=0.00s Real=0.00s
[2024-08-15T14:38:18.249+0000][7794.193s][info][gc,marking  ] GC(1681) Concurrent Cleanup for Next Mark
[2024-08-15T14:38:18.266+0000][7794.210s][info][gc,marking  ] GC(1681) Concurrent Cleanup for Next Mark 17.198ms
[2024-08-15T14:38:18.266+0000][7794.210s][info][gc          ] GC(1681) Concurrent Mark Cycle 3416.777ms
[2024-08-15T14:38:23.599+0000][7799.544s][info][gc,start    ] GC(1682) Pause Young (Prepare Mixed) (G1 Evacuation Pause)
[2024-08-15T14:38:23.599+0000][7799.544s][info][gc,task     ] GC(1682) Using 6 workers of 6 for evacuation
[2024-08-15T14:38:23.636+0000][7799.580s][info][gc,phases   ] GC(1682)   Pre Evacuate Collection Set: 0.2ms
[2024-08-15T14:38:23.636+0000][7799.580s][info][gc,phases   ] GC(1682)   Merge Heap Roots: 0.3ms
[2024-08-15T14:38:23.636+0000][7799.580s][info][gc,phases   ] GC(1682)   Evacuate Collection Set: 34.0ms
[2024-08-15T14:38:23.636+0000][7799.580s][info][gc,phases   ] GC(1682)   Post Evacuate Collection Set: 1.8ms
[2024-08-15T14:38:23.636+0000][7799.580s][info][gc,phases   ] GC(1682)   Other: 0.2ms
[2024-08-15T14:38:23.636+0000][7799.580s][info][gc,heap     ] GC(1682) Eden regions: 818->0(60)
[2024-08-15T14:38:23.636+0000][7799.580s][info][gc,heap     ] GC(1682) Survivor regions: 13->16(104)
[2024-08-15T14:38:23.636+0000][7799.580s][info][gc,heap     ] GC(1682) Old regions: 371->371
[2024-08-15T14:38:23.636+0000][7799.580s][info][gc,heap     ] GC(1682) Archive regions: 2->2
[2024-08-15T14:38:23.636+0000][7799.580s][info][gc,heap     ] GC(1682) Humongous regions: 9->9
[2024-08-15T14:38:23.636+0000][7799.580s][info][gc,metaspace] GC(1682) Metaspace: 441915K(448256K)->441915K(448256K) NonClass: 386915K(390528K)->386915K(390528K) Class: 55000K(57728K)->55000K(57728K)
[2024-08-15T14:38:23.636+0000][7799.580s][info][gc          ] GC(1682) Pause Young (Prepare Mixed) (G1 Evacuation Pause) 9691M->3166M(12288M) 36.578ms
[2024-08-15T14:38:23.636+0000][7799.581s][info][gc,cpu      ] GC(1682) User=0.21s Sys=0.00s Real=0.04s
[2024-08-15T14:38:24.252+0000][7800.197s][info][gc,start    ] GC(1683) Pause Young (Mixed) (G1 Evacuation Pause)
[2024-08-15T14:38:24.252+0000][7800.197s][info][gc,task     ] GC(1683) Using 6 workers of 6 for evacuation
[2024-08-15T14:38:24.308+0000][7800.253s][info][gc,phases   ] GC(1683)   Pre Evacuate Collection Set: 0.2ms
[2024-08-15T14:38:24.308+0000][7800.253s][info][gc,phases   ] GC(1683)   Merge Heap Roots: 0.3ms
[2024-08-15T14:38:24.308+0000][7800.253s][info][gc,phases   ] GC(1683)   Evacuate Collection Set: 53.9ms
[2024-08-15T14:38:24.308+0000][7800.253s][info][gc,phases   ] GC(1683)   Post Evacuate Collection Set: 1.3ms
[2024-08-15T14:38:24.308+0000][7800.253s][info][gc,phases   ] GC(1683)   Other: 0.2ms
[2024-08-15T14:38:24.308+0000][7800.253s][info][gc,heap     ] GC(1683) Eden regions: 60->0(834)
[2024-08-15T14:38:24.308+0000][7800.253s][info][gc,heap     ] GC(1683) Survivor regions: 16->6(10)
[2024-08-15T14:38:24.308+0000][7800.253s][info][gc,heap     ] GC(1683) Old regions: 371->362
[2024-08-15T14:38:24.308+0000][7800.253s][info][gc,heap     ] GC(1683) Archive regions: 2->2
[2024-08-15T14:38:24.308+0000][7800.253s][info][gc,heap     ] GC(1683) Humongous regions: 9->9
[2024-08-15T14:38:24.308+0000][7800.253s][info][gc,metaspace] GC(1683) Metaspace: 441915K(448256K)->441915K(448256K) NonClass: 386915K(390528K)->386915K(390528K) Class: 55000K(57728K)->55000K(57728K)
[2024-08-15T14:38:24.308+0000][7800.253s][info][gc          ] GC(1683) Pause Young (Mixed) (G1 Evacuation Pause) 3646M->3020M(12288M) 55.923ms
[2024-08-15T14:38:24.308+0000][7800.253s][info][gc,cpu      ] GC(1683) User=0.33s Sys=0.00s Real=0.06s
[2024-08-15T14:38:32.904+0000][7808.849s][info][gc,start    ] GC(1684) Pause Young (Normal) (G1 Evacuation Pause)
[2024-08-15T14:38:32.904+0000][7808.849s][info][gc,task     ] GC(1684) Using 6 workers of 6 for evacuation
[2024-08-15T14:38:32.927+0000][7808.871s][info][gc,phases   ] GC(1684)   Pre Evacuate Collection Set: 0.2ms
[2024-08-15T14:38:32.927+0000][7808.871s][info][gc,phases   ] GC(1684)   Merge Heap Roots: 0.3ms
[2024-08-15T14:38:32.927+0000][7808.871s][info][gc,phases   ] GC(1684)   Evacuate Collection Set: 20.0ms
[2024-08-15T14:38:32.927+0000][7808.871s][info][gc,phases   ] GC(1684)   Post Evacuate Collection Set: 1.8ms
[2024-08-15T14:38:32.927+0000][7808.871s][info][gc,phases   ] GC(1684)   Other: 0.2ms
[2024-08-15T14:38:32.927+0000][7808.871s][info][gc,heap     ] GC(1684) Eden regions: 834->0(831)
[2024-08-15T14:38:32.927+0000][7808.871s][info][gc,heap     ] GC(1684) Survivor regions: 6->9(105)
[2024-08-15T14:38:32.927+0000][7808.871s][info][gc,heap     ] GC(1684) Old regions: 362->362
[2024-08-15T14:38:32.927+0000][7808.871s][info][gc,heap     ] GC(1684) Archive regions: 2->2
[2024-08-15T14:38:32.927+0000][7808.871s][info][gc,heap     ] GC(1684) Humongous regions: 9->9
[2024-08-15T14:38:32.927+0000][7808.871s][info][gc,metaspace] GC(1684) Metaspace: 441916K(448256K)->441916K(448256K) NonClass: 386916K(390528K)->386916K(390528K) Class: 55000K(57728K)->55000K(57728K)
[2024-08-15T14:38:32.927+0000][7808.871s][info][gc          ] GC(1684) Pause Young (Normal) (G1 Evacuation Pause) 9692M->3040M(12288M) 22.544ms
[2024-08-15T14:38:32.927+0000][7808.871s][info][gc,cpu      ] GC(1684) User=0.13s Sys=0.00s Real=0.02s
[2024-08-15T14:38:41.027+0000][7816.972s][info][gc,start    ] GC(1685) Pause Young (Normal) (G1 Evacuation Pause)
[2024-08-15T14:38:41.028+0000][7816.972s][info][gc,task     ] GC(1685) Using 6 workers of 6 for evacuation
[2024-08-15T14:38:41.054+0000][7816.998s][info][gc,phases   ] GC(1685)   Pre Evacuate Collection Set: 0.2ms
[2024-08-15T14:38:41.054+0000][7816.998s][info][gc,phases   ] GC(1685)   Merge Heap Roots: 0.3ms
[2024-08-15T14:38:41.054+0000][7816.998s][info][gc,phases   ] GC(1685)   Evacuate Collection Set: 23.6ms
[2024-08-15T14:38:41.054+0000][7816.998s][info][gc,phases   ] GC(1685)   Post Evacuate Collection Set: 1.8ms
[2024-08-15T14:38:41.054+0000][7816.998s][info][gc,phases   ] GC(1685)   Other: 0.2ms
[2024-08-15T14:38:41.054+0000][7816.998s][info][gc,heap     ] GC(1685) Eden regions: 831->0(828)
[2024-08-15T14:38:41.054+0000][7816.998s][info][gc,heap     ] GC(1685) Survivor regions: 9->12(105)
[2024-08-15T14:38:41.054+0000][7816.998s][info][gc,heap     ] GC(1685) Old regions: 362->362
[2024-08-15T14:38:41.054+0000][7816.998s][info][gc,heap     ] GC(1685) Archive regions: 2->2
[2024-08-15T14:38:41.054+0000][7816.998s][info][gc,heap     ] GC(1685) Humongous regions: 9->9
[2024-08-15T14:38:41.054+0000][7816.998s][info][gc,metaspace] GC(1685) Metaspace: 441928K(448256K)->441928K(448256K) NonClass: 386928K(390528K)->386928K(390528K) Class: 55000K(57728K)->55000K(57728K)
[2024-08-15T14:38:41.054+0000][7816.998s][info][gc          ] GC(1685) Pause Young (Normal) (G1 Evacuation Pause) 9688M->3061M(12288M) 26.121ms
[2024-08-15T14:38:41.054+0000][7816.998s][info][gc,cpu      ] GC(1685) User=0.15s Sys=0.00s Real=0.02s
[2024-08-15T14:38:47.316+0000][7823.260s][info][gc,start    ] GC(1686) Pause Young (Concurrent Start) (G1 Evacuation Pause)
[2024-08-15T14:38:47.316+0000][7823.261s][info][gc,task     ] GC(1686) Using 6 workers of 6 for evacuation
[2024-08-15T14:38:47.347+0000][7823.292s][info][gc,phases   ] GC(1686)   Pre Evacuate Collection Set: 0.6ms
[2024-08-15T14:38:47.347+0000][7823.292s][info][gc,phases   ] GC(1686)   Merge Heap Roots: 0.3ms
[2024-08-15T14:38:47.347+0000][7823.292s][info][gc,phases   ] GC(1686)   Evacuate Collection Set: 28.6ms
[2024-08-15T14:38:47.347+0000][7823.292s][info][gc,phases   ] GC(1686)   Post Evacuate Collection Set: 1.8ms
[2024-08-15T14:38:47.347+0000][7823.292s][info][gc,phases   ] GC(1686)   Other: 0.3ms
[2024-08-15T14:38:47.347+0000][7823.292s][info][gc,heap     ] GC(1686) Eden regions: 828->0(828)
[2024-08-15T14:38:47.347+0000][7823.292s][info][gc,heap     ] GC(1686) Survivor regions: 12->12(105)
[2024-08-15T14:38:47.347+0000][7823.292s][info][gc,heap     ] GC(1686) Old regions: 362->362
[2024-08-15T14:38:47.347+0000][7823.292s][info][gc,heap     ] GC(1686) Archive regions: 2->2
[2024-08-15T14:38:47.347+0000][7823.292s][info][gc,heap     ] GC(1686) Humongous regions: 9->9
[2024-08-15T14:38:47.347+0000][7823.292s][info][gc,metaspace] GC(1686) Metaspace: 441928K(448256K)->441928K(448256K) NonClass: 386928K(390528K)->386928K(390528K) Class: 55000K(57728K)->55000K(57728K)
[2024-08-15T14:38:47.348+0000][7823.292s][info][gc          ] GC(1686) Pause Young (Concurrent Start) (G1 Evacuation Pause) 9685M->3068M(12288M) 31.660ms
[2024-08-15T14:38:47.348+0000][7823.292s][info][gc,cpu      ] GC(1686) User=0.18s Sys=0.00s Real=0.03s
[2024-08-15T14:38:47.348+0000][7823.292s][info][gc          ] GC(1687) Concurrent Mark Cycle
[2024-08-15T14:38:47.348+0000][7823.292s][info][gc,marking  ] GC(1687) Concurrent Clear Claimed Marks
[2024-08-15T14:38:47.348+0000][7823.293s][info][gc,marking  ] GC(1687) Concurrent Clear Claimed Marks 0.441ms
[2024-08-15T14:38:47.348+0000][7823.293s][info][gc,marking  ] GC(1687) Concurrent Scan Root Regions
[2024-08-15T14:38:47.382+0000][7823.327s][info][gc,marking  ] GC(1687) Concurrent Scan Root Regions 33.856ms
[2024-08-15T14:38:47.382+0000][7823.327s][info][gc,marking  ] GC(1687) Concurrent Mark
[2024-08-15T14:38:47.382+0000][7823.327s][info][gc,marking  ] GC(1687) Concurrent Mark From Roots
[2024-08-15T14:38:47.382+0000][7823.327s][info][gc,task     ] GC(1687) Using 2 workers of 2 for marking
[2024-08-15T14:38:49.587+0000][7825.532s][info][gc,marking  ] GC(1687) Concurrent Mark From Roots 2205.287ms
[2024-08-15T14:38:49.587+0000][7825.532s][info][gc,marking  ] GC(1687) Concurrent Preclean
[2024-08-15T14:38:49.589+0000][7825.533s][info][gc,marking  ] GC(1687) Concurrent Preclean 1.352ms
[2024-08-15T14:38:49.589+0000][7825.533s][info][gc,start    ] GC(1687) Pause Remark
[2024-08-15T14:38:49.612+0000][7825.557s][info][gc          ] GC(1687) Pause Remark 5660M->5660M(12288M) 23.079ms
[2024-08-15T14:38:49.612+0000][7825.557s][info][gc,cpu      ] GC(1687) User=0.10s Sys=0.01s Real=0.02s
[2024-08-15T14:38:49.612+0000][7825.557s][info][gc,marking  ] GC(1687) Concurrent Mark 2230.243ms
[2024-08-15T14:38:49.612+0000][7825.557s][info][gc,marking  ] GC(1687) Concurrent Rebuild Remembered Sets
[2024-08-15T14:38:50.872+0000][7826.817s][info][gc,marking  ] GC(1687) Concurrent Rebuild Remembered Sets 1260.046ms
[2024-08-15T14:38:50.872+0000][7826.817s][info][gc,start    ] GC(1687) Pause Cleanup
[2024-08-15T14:38:50.873+0000][7826.818s][info][gc          ] GC(1687) Pause Cleanup 6612M->6612M(12288M) 0.598ms
[2024-08-15T14:38:50.873+0000][7826.818s][info][gc,cpu      ] GC(1687) User=0.00s Sys=0.00s Real=0.00s
[2024-08-15T14:38:50.873+0000][7826.818s][info][gc,marking  ] GC(1687) Concurrent Cleanup for Next Mark
[2024-08-15T14:38:50.902+0000][7826.847s][info][gc,marking  ] GC(1687) Concurrent Cleanup for Next Mark 28.839ms
[2024-08-15T14:38:50.902+0000][7826.847s][info][gc          ] GC(1687) Concurrent Mark Cycle 3554.470ms
[2024-08-15T14:38:54.855+0000][7830.800s][info][gc,start    ] GC(1688) Pause Young (Prepare Mixed) (G1 Evacuation Pause)
[2024-08-15T14:38:54.855+0000][7830.800s][info][gc,task     ] GC(1688) Using 6 workers of 6 for evacuation
[2024-08-15T14:38:54.888+0000][7830.833s][info][gc,phases   ] GC(1688)   Pre Evacuate Collection Set: 0.2ms
[2024-08-15T14:38:54.888+0000][7830.833s][info][gc,phases   ] GC(1688)   Merge Heap Roots: 0.3ms
[2024-08-15T14:38:54.888+0000][7830.833s][info][gc,phases   ] GC(1688)   Evacuate Collection Set: 30.8ms
[2024-08-15T14:38:54.888+0000][7830.833s][info][gc,phases   ] GC(1688)   Post Evacuate Collection Set: 1.8ms
[2024-08-15T14:38:54.888+0000][7830.833s][info][gc,phases   ] GC(1688)   Other: 0.2ms
[2024-08-15T14:38:54.888+0000][7830.833s][info][gc,heap     ] GC(1688) Eden regions: 828->0(62)
[2024-08-15T14:38:54.888+0000][7830.833s][info][gc,heap     ] GC(1688) Survivor regions: 12->14(105)
[2024-08-15T14:38:54.888+0000][7830.833s][info][gc,heap     ] GC(1688) Old regions: 362->362
[2024-08-15T14:38:54.888+0000][7830.833s][info][gc,heap     ] GC(1688) Archive regions: 2->2
[2024-08-15T14:38:54.889+0000][7830.833s][info][gc,heap     ] GC(1688) Humongous regions: 9->9
[2024-08-15T14:38:54.889+0000][7830.833s][info][gc,metaspace] GC(1688) Metaspace: 441928K(448256K)->441928K(448256K) NonClass: 386928K(390528K)->386928K(390528K) Class: 55000K(57728K)->55000K(57728K)
[2024-08-15T14:38:54.889+0000][7830.833s][info][gc          ] GC(1688) Pause Young (Prepare Mixed) (G1 Evacuation Pause) 9692M->3079M(12288M) 33.279ms
[2024-08-15T14:38:54.889+0000][7830.833s][info][gc,cpu      ] GC(1688) User=0.20s Sys=0.00s Real=0.03s
[2024-08-15T14:38:55.545+0000][7831.490s][info][gc,start    ] GC(1689) Pause Young (Mixed) (G1 Evacuation Pause)
[2024-08-15T14:38:55.545+0000][7831.490s][info][gc,task     ] GC(1689) Using 6 workers of 6 for evacuation
[2024-08-15T14:38:55.606+0000][7831.551s][info][gc,phases   ] GC(1689)   Pre Evacuate Collection Set: 0.2ms
[2024-08-15T14:38:55.606+0000][7831.551s][info][gc,phases   ] GC(1689)   Merge Heap Roots: 0.3ms
[2024-08-15T14:38:55.606+0000][7831.551s][info][gc,phases   ] GC(1689)   Evacuate Collection Set: 59.1ms
[2024-08-15T14:38:55.606+0000][7831.551s][info][gc,phases   ] GC(1689)   Post Evacuate Collection Set: 1.3ms
[2024-08-15T14:38:55.606+0000][7831.551s][info][gc,phases   ] GC(1689)   Other: 0.2ms
[2024-08-15T14:38:55.606+0000][7831.551s][info][gc,heap     ] GC(1689) Eden regions: 62->0(842)
[2024-08-15T14:38:55.606+0000][7831.551s][info][gc,heap     ] GC(1689) Survivor regions: 14->5(10)
[2024-08-15T14:38:55.606+0000][7831.551s][info][gc,heap     ] GC(1689) Old regions: 362->356
[2024-08-15T14:38:55.606+0000][7831.551s][info][gc,heap     ] GC(1689) Archive regions: 2->2
[2024-08-15T14:38:55.606+0000][7831.551s][info][gc,heap     ] GC(1689) Humongous regions: 9->9
[2024-08-15T14:38:55.606+0000][7831.551s][info][gc,metaspace] GC(1689) Metaspace: 441928K(448256K)->441928K(448256K) NonClass: 386928K(390528K)->386928K(390528K) Class: 55000K(57728K)->55000K(57728K)
[2024-08-15T14:38:55.606+0000][7831.551s][info][gc          ] GC(1689) Pause Young (Mixed) (G1 Evacuation Pause) 3575M->2957M(12288M) 61.091ms
[2024-08-15T14:38:55.606+0000][7831.551s][info][gc,cpu      ] GC(1689) User=0.36s Sys=0.00s Real=0.06s
[2024-08-15T14:39:04.315+0000][7840.260s][info][gc,start    ] GC(1690) Pause Young (Normal) (G1 Evacuation Pause)
[2024-08-15T14:39:04.315+0000][7840.260s][info][gc,task     ] GC(1690) Using 6 workers of 6 for evacuation
[2024-08-15T14:39:04.336+0000][7840.281s][info][gc,phases   ] GC(1690)   Pre Evacuate Collection Set: 0.2ms
[2024-08-15T14:39:04.336+0000][7840.281s][info][gc,phases   ] GC(1690)   Merge Heap Roots: 0.3ms
[2024-08-15T14:39:04.336+0000][7840.281s][info][gc,phases   ] GC(1690)   Evacuate Collection Set: 18.3ms
[2024-08-15T14:39:04.336+0000][7840.281s][info][gc,phases   ] GC(1690)   Post Evacuate Collection Set: 1.7ms
[2024-08-15T14:39:04.336+0000][7840.281s][info][gc,phases   ] GC(1690)   Other: 0.2ms
[2024-08-15T14:39:04.336+0000][7840.281s][info][gc,heap     ] GC(1690) Eden regions: 842->0(839)
[2024-08-15T14:39:04.336+0000][7840.281s][info][gc,heap     ] GC(1690) Survivor regions: 5->8(106)
[2024-08-15T14:39:04.336+0000][7840.281s][info][gc,heap     ] GC(1690) Old regions: 356->356
[2024-08-15T14:39:04.336+0000][7840.281s][info][gc,heap     ] GC(1690) Archive regions: 2->2
[2024-08-15T14:39:04.336+0000][7840.281s][info][gc,heap     ] GC(1690) Humongous regions: 9->9
[2024-08-15T14:39:04.336+0000][7840.281s][info][gc,metaspace] GC(1690) Metaspace: 441929K(448256K)->441929K(448256K) NonClass: 386929K(390528K)->386929K(390528K) Class: 55000K(57728K)->55000K(57728K)
[2024-08-15T14:39:04.336+0000][7840.281s][info][gc          ] GC(1690) Pause Young (Normal) (G1 Evacuation Pause) 9693M->2979M(12288M) 20.770ms
[2024-08-15T14:39:04.336+0000][7840.281s][info][gc,cpu      ] GC(1690) User=0.12s Sys=0.00s Real=0.02s
[2024-08-15T14:39:12.657+0000][7848.601s][info][gc,start    ] GC(1691) Pause Young (Normal) (G1 Evacuation Pause)
[2024-08-15T14:39:12.657+0000][7848.601s][info][gc,task     ] GC(1691) Using 6 workers of 6 for evacuation
[2024-08-15T14:39:12.681+0000][7848.625s][info][gc,phases   ] GC(1691)   Pre Evacuate Collection Set: 0.2ms
[2024-08-15T14:39:12.681+0000][7848.625s][info][gc,phases   ] GC(1691)   Merge Heap Roots: 0.2ms
[2024-08-15T14:39:12.681+0000][7848.625s][info][gc,phases   ] GC(1691)   Evacuate Collection Set: 21.7ms
[2024-08-15T14:39:12.681+0000][7848.626s][info][gc,phases   ] GC(1691)   Post Evacuate Collection Set: 1.7ms
[2024-08-15T14:39:12.681+0000][7848.626s][info][gc,phases   ] GC(1691)   Other: 0.2ms
[2024-08-15T14:39:12.681+0000][7848.626s][info][gc,heap     ] GC(1691) Eden regions: 839->0(837)
[2024-08-15T14:39:12.681+0000][7848.626s][info][gc,heap     ] GC(1691) Survivor regions: 8->10(106)
[2024-08-15T14:39:12.681+0000][7848.626s][info][gc,heap     ] GC(1691) Old regions: 356->356
[2024-08-15T14:39:12.681+0000][7848.626s][info][gc,heap     ] GC(1691) Archive regions: 2->2
[2024-08-15T14:39:12.681+0000][7848.626s][info][gc,heap     ] GC(1691) Humongous regions: 9->9
[2024-08-15T14:39:12.681+0000][7848.626s][info][gc,metaspace] GC(1691) Metaspace: 441929K(448256K)->441929K(448256K) NonClass: 386929K(390528K)->386929K(390528K) Class: 55000K(57728K)->55000K(57728K)
[2024-08-15T14:39:12.681+0000][7848.626s][info][gc          ] GC(1691) Pause Young (Normal) (G1 Evacuation Pause) 9691M->2996M(12288M) 24.144ms
[2024-08-15T14:39:12.681+0000][7848.626s][info][gc,cpu      ] GC(1691) User=0.14s Sys=0.01s Real=0.02s
[2024-08-15T14:39:21.321+0000][7857.265s][info][gc,start    ] GC(1692) Pause Young (Concurrent Start) (G1 Evacuation Pause)
[2024-08-15T14:39:21.321+0000][7857.265s][info][gc,task     ] GC(1692) Using 6 workers of 6 for evacuation
[2024-08-15T14:39:21.354+0000][7857.299s][info][gc,phases   ] GC(1692)   Pre Evacuate Collection Set: 0.6ms
[2024-08-15T14:39:21.355+0000][7857.299s][info][gc,phases   ] GC(1692)   Merge Heap Roots: 0.2ms
[2024-08-15T14:39:21.355+0000][7857.299s][info][gc,phases   ] GC(1692)   Evacuate Collection Set: 30.9ms
[2024-08-15T14:39:21.355+0000][7857.299s][info][gc,phases   ] GC(1692)   Post Evacuate Collection Set: 1.7ms
[2024-08-15T14:39:21.355+0000][7857.299s][info][gc,phases   ] GC(1692)   Other: 0.3ms
[2024-08-15T14:39:21.355+0000][7857.299s][info][gc,heap     ] GC(1692) Eden regions: 837->0(836)
[2024-08-15T14:39:21.355+0000][7857.299s][info][gc,heap     ] GC(1692) Survivor regions: 10->11(106)
[2024-08-15T14:39:21.355+0000][7857.299s][info][gc,heap     ] GC(1692) Old regions: 356->356
[2024-08-15T14:39:21.355+0000][7857.299s][info][gc,heap     ] GC(1692) Archive regions: 2->2
[2024-08-15T14:39:21.355+0000][7857.299s][info][gc,heap     ] GC(1692) Humongous regions: 9->9
[2024-08-15T14:39:21.355+0000][7857.299s][info][gc,metaspace] GC(1692) Metaspace: 441929K(448256K)->441929K(448256K) NonClass: 386929K(390528K)->386929K(390528K) Class: 55000K(57728K)->55000K(57728K)
[2024-08-15T14:39:21.355+0000][7857.299s][info][gc          ] GC(1692) Pause Young (Concurrent Start) (G1 Evacuation Pause) 9692M->3005M(12288M) 33.784ms
[2024-08-15T14:39:21.355+0000][7857.299s][info][gc,cpu      ] GC(1692) User=0.20s Sys=0.00s Real=0.03s
[2024-08-15T14:39:21.355+0000][7857.299s][info][gc          ] GC(1693) Concurrent Mark Cycle
[2024-08-15T14:39:21.355+0000][7857.299s][info][gc,marking  ] GC(1693) Concurrent Clear Claimed Marks
[2024-08-15T14:39:21.355+0000][7857.300s][info][gc,marking  ] GC(1693) Concurrent Clear Claimed Marks 0.440ms
[2024-08-15T14:39:21.355+0000][7857.300s][info][gc,marking  ] GC(1693) Concurrent Scan Root Regions
[2024-08-15T14:39:21.378+0000][7857.323s][info][gc,marking  ] GC(1693) Concurrent Scan Root Regions 23.147ms
[2024-08-15T14:39:21.378+0000][7857.323s][info][gc,marking  ] GC(1693) Concurrent Mark
[2024-08-15T14:39:21.378+0000][7857.323s][info][gc,marking  ] GC(1693) Concurrent Mark From Roots
[2024-08-15T14:39:21.378+0000][7857.323s][info][gc,task     ] GC(1693) Using 2 workers of 2 for marking
[2024-08-15T14:39:23.437+0000][7859.381s][info][gc,marking  ] GC(1693) Concurrent Mark From Roots 2058.210ms
[2024-08-15T14:39:23.437+0000][7859.381s][info][gc,marking  ] GC(1693) Concurrent Preclean
[2024-08-15T14:39:23.438+0000][7859.382s][info][gc,marking  ] GC(1693) Concurrent Preclean 1.099ms
[2024-08-15T14:39:23.438+0000][7859.383s][info][gc,start    ] GC(1693) Pause Remark
[2024-08-15T14:39:23.461+0000][7859.405s][info][gc          ] GC(1693) Pause Remark 4477M->4477M(12288M) 22.971ms
[2024-08-15T14:39:23.461+0000][7859.406s][info][gc,cpu      ] GC(1693) User=0.10s Sys=0.00s Real=0.02s
[2024-08-15T14:39:23.461+0000][7859.406s][info][gc,marking  ] GC(1693) Concurrent Mark 2082.786ms
[2024-08-15T14:39:23.461+0000][7859.406s][info][gc,marking  ] GC(1693) Concurrent Rebuild Remembered Sets
[2024-08-15T14:39:24.722+0000][7860.667s][info][gc,marking  ] GC(1693) Concurrent Rebuild Remembered Sets 1261.202ms
[2024-08-15T14:39:24.722+0000][7860.667s][info][gc,start    ] GC(1693) Pause Cleanup
[2024-08-15T14:39:24.723+0000][7860.668s][info][gc          ] GC(1693) Pause Cleanup 5377M->5377M(12288M) 0.615ms
[2024-08-15T14:39:24.723+0000][7860.668s][info][gc,cpu      ] GC(1693) User=0.01s Sys=0.00s Real=0.01s
[2024-08-15T14:39:24.723+0000][7860.668s][info][gc,marking  ] GC(1693) Concurrent Cleanup for Next Mark
[2024-08-15T14:39:24.752+0000][7860.697s][info][gc,marking  ] GC(1693) Concurrent Cleanup for Next Mark 28.972ms
[2024-08-15T14:39:24.752+0000][7860.697s][info][gc          ] GC(1693) Concurrent Mark Cycle 3397.615ms
[2024-08-15T14:39:30.358+0000][7866.303s][info][gc,start    ] GC(1694) Pause Young (Prepare Mixed) (G1 Evacuation Pause)
[2024-08-15T14:39:30.358+0000][7866.303s][info][gc,task     ] GC(1694) Using 6 workers of 6 for evacuation
[2024-08-15T14:39:30.393+0000][7866.338s][info][gc,phases   ] GC(1694)   Pre Evacuate Collection Set: 0.2ms
[2024-08-15T14:39:30.393+0000][7866.338s][info][gc,phases   ] GC(1694)   Merge Heap Roots: 0.3ms
[2024-08-15T14:39:30.393+0000][7866.338s][info][gc,phases   ] GC(1694)   Evacuate Collection Set: 32.7ms
[2024-08-15T14:39:30.393+0000][7866.338s][info][gc,phases   ] GC(1694)   Post Evacuate Collection Set: 1.7ms
[2024-08-15T14:39:30.393+0000][7866.338s][info][gc,phases   ] GC(1694)   Other: 0.2ms
[2024-08-15T14:39:30.393+0000][7866.338s][info][gc,heap     ] GC(1694) Eden regions: 836->0(62)
[2024-08-15T14:39:30.393+0000][7866.338s][info][gc,heap     ] GC(1694) Survivor regions: 11->14(106)
[2024-08-15T14:39:30.393+0000][7866.338s][info][gc,heap     ] GC(1694) Old regions: 356->356
[2024-08-15T14:39:30.393+0000][7866.338s][info][gc,heap     ] GC(1694) Archive regions: 2->2
[2024-08-15T14:39:30.393+0000][7866.338s][info][gc,heap     ] GC(1694) Humongous regions: 9->9
[2024-08-15T14:39:30.394+0000][7866.338s][info][gc,metaspace] GC(1694) Metaspace: 441929K(448256K)->441929K(448256K) NonClass: 386929K(390528K)->386929K(390528K) Class: 55000K(57728K)->55000K(57728K)
[2024-08-15T14:39:30.394+0000][7866.338s][info][gc          ] GC(1694) Pause Young (Prepare Mixed) (G1 Evacuation Pause) 9693M->3029M(12288M) 35.196ms
[2024-08-15T14:39:30.394+0000][7866.338s][info][gc,cpu      ] GC(1694) User=0.21s Sys=0.00s Real=0.03s
[2024-08-15T14:39:31.042+0000][7866.986s][info][gc,start    ] GC(1695) Pause Young (Mixed) (G1 Evacuation Pause)
[2024-08-15T14:39:31.042+0000][7866.986s][info][gc,task     ] GC(1695) Using 6 workers of 6 for evacuation
[2024-08-15T14:39:31.107+0000][7867.052s][info][gc,phases   ] GC(1695)   Pre Evacuate Collection Set: 0.2ms
[2024-08-15T14:39:31.107+0000][7867.052s][info][gc,phases   ] GC(1695)   Merge Heap Roots: 0.3ms
[2024-08-15T14:39:31.107+0000][7867.052s][info][gc,phases   ] GC(1695)   Evacuate Collection Set: 63.3ms
[2024-08-15T14:39:31.107+0000][7867.052s][info][gc,phases   ] GC(1695)   Post Evacuate Collection Set: 1.3ms
[2024-08-15T14:39:31.107+0000][7867.052s][info][gc,phases   ] GC(1695)   Other: 0.2ms
[2024-08-15T14:39:31.107+0000][7867.052s][info][gc,heap     ] GC(1695) Eden regions: 62->0(848)
[2024-08-15T14:39:31.107+0000][7867.052s][info][gc,heap     ] GC(1695) Survivor regions: 14->5(10)
[2024-08-15T14:39:31.107+0000][7867.052s][info][gc,heap     ] GC(1695) Old regions: 356->350
[2024-08-15T14:39:31.107+0000][7867.052s][info][gc,heap     ] GC(1695) Archive regions: 2->2
[2024-08-15T14:39:31.107+0000][7867.052s][info][gc,heap     ] GC(1695) Humongous regions: 9->9
[2024-08-15T14:39:31.107+0000][7867.052s][info][gc,metaspace] GC(1695) Metaspace: 441929K(448256K)->441929K(448256K) NonClass: 386929K(390528K)->386929K(390528K) Class: 55000K(57728K)->55000K(57728K)
[2024-08-15T14:39:31.107+0000][7867.052s][info][gc          ] GC(1695) Pause Young (Mixed) (G1 Evacuation Pause) 3525M->2915M(12288M) 65.233ms
[2024-08-15T14:39:31.107+0000][7867.052s][info][gc,cpu      ] GC(1695) User=0.39s Sys=0.00s Real=0.07s
[2024-08-15T14:39:39.977+0000][7875.922s][info][gc,start    ] GC(1696) Pause Young (Normal) (G1 Evacuation Pause)
[2024-08-15T14:39:39.977+0000][7875.922s][info][gc,task     ] GC(1696) Using 6 workers of 6 for evacuation
[2024-08-15T14:39:39.998+0000][7875.942s][info][gc,phases   ] GC(1696)   Pre Evacuate Collection Set: 0.2ms
[2024-08-15T14:39:39.998+0000][7875.942s][info][gc,phases   ] GC(1696)   Merge Heap Roots: 0.2ms
[2024-08-15T14:39:39.998+0000][7875.942s][info][gc,phases   ] GC(1696)   Evacuate Collection Set: 18.4ms
[2024-08-15T14:39:39.998+0000][7875.942s][info][gc,phases   ] GC(1696)   Post Evacuate Collection Set: 1.8ms
[2024-08-15T14:39:39.998+0000][7875.942s][info][gc,phases   ] GC(1696)   Other: 0.2ms
[2024-08-15T14:39:39.998+0000][7875.942s][info][gc,heap     ] GC(1696) Eden regions: 848->0(844)
[2024-08-15T14:39:39.998+0000][7875.942s][info][gc,heap     ] GC(1696) Survivor regions: 5->9(107)
[2024-08-15T14:39:39.998+0000][7875.943s][info][gc,heap     ] GC(1696) Old regions: 350->350
[2024-08-15T14:39:39.998+0000][7875.943s][info][gc,heap     ] GC(1696) Archive regions: 2->2
[2024-08-15T14:39:39.998+0000][7875.943s][info][gc,heap     ] GC(1696) Humongous regions: 9->9
[2024-08-15T14:39:39.998+0000][7875.943s][info][gc,metaspace] GC(1696) Metaspace: 441929K(448256K)->441929K(448256K) NonClass: 386929K(390528K)->386929K(390528K) Class: 55000K(57728K)->55000K(57728K)
[2024-08-15T14:39:39.998+0000][7875.943s][info][gc          ] GC(1696) Pause Young (Normal) (G1 Evacuation Pause) 9699M->2940M(12288M) 20.880ms
[2024-08-15T14:39:39.998+0000][7875.943s][info][gc,cpu      ] GC(1696) User=0.12s Sys=0.00s Real=0.02s
[2024-08-15T14:39:48.753+0000][7884.697s][info][gc,start    ] GC(1697) Pause Young (Normal) (G1 Evacuation Pause)
[2024-08-15T14:39:48.753+0000][7884.697s][info][gc,task     ] GC(1697) Using 6 workers of 6 for evacuation
[2024-08-15T14:39:48.778+0000][7884.722s][info][gc,phases   ] GC(1697)   Pre Evacuate Collection Set: 0.2ms
[2024-08-15T14:39:48.778+0000][7884.722s][info][gc,phases   ] GC(1697)   Merge Heap Roots: 0.2ms
[2024-08-15T14:39:48.778+0000][7884.722s][info][gc,phases   ] GC(1697)   Evacuate Collection Set: 22.7ms
[2024-08-15T14:39:48.778+0000][7884.722s][info][gc,phases   ] GC(1697)   Post Evacuate Collection Set: 1.7ms
[2024-08-15T14:39:48.778+0000][7884.722s][info][gc,phases   ] GC(1697)   Other: 0.2ms
[2024-08-15T14:39:48.778+0000][7884.722s][info][gc,heap     ] GC(1697) Eden regions: 844->0(844)
[2024-08-15T14:39:48.778+0000][7884.722s][info][gc,heap     ] GC(1697) Survivor regions: 9->9(107)
[2024-08-15T14:39:48.778+0000][7884.722s][info][gc,heap     ] GC(1697) Old regions: 350->350
[2024-08-15T14:39:48.778+0000][7884.722s][info][gc,heap     ] GC(1697) Archive regions: 2->2
[2024-08-15T14:39:48.778+0000][7884.722s][info][gc,heap     ] GC(1697) Humongous regions: 9->9
[2024-08-15T14:39:48.778+0000][7884.722s][info][gc,metaspace] GC(1697) Metaspace: 441929K(448256K)->441929K(448256K) NonClass: 386929K(390528K)->386929K(390528K) Class: 55000K(57728K)->55000K(57728K)
[2024-08-15T14:39:48.778+0000][7884.722s][info][gc          ] GC(1697) Pause Young (Normal) (G1 Evacuation Pause) 9692M->2945M(12288M) 25.140ms
[2024-08-15T14:39:48.778+0000][7884.722s][info][gc,cpu      ] GC(1697) User=0.15s Sys=0.00s Real=0.03s
[2024-08-15T14:39:57.572+0000][7893.517s][info][gc,start    ] GC(1698) Pause Young (Concurrent Start) (G1 Evacuation Pause)
[2024-08-15T14:39:57.572+0000][7893.517s][info][gc,task     ] GC(1698) Using 6 workers of 6 for evacuation
[2024-08-15T14:39:57.603+0000][7893.547s][info][gc,phases   ] GC(1698)   Pre Evacuate Collection Set: 0.6ms
[2024-08-15T14:39:57.603+0000][7893.547s][info][gc,phases   ] GC(1698)   Merge Heap Roots: 0.2ms
[2024-08-15T14:39:57.603+0000][7893.547s][info][gc,phases   ] GC(1698)   Evacuate Collection Set: 27.6ms
[2024-08-15T14:39:57.603+0000][7893.547s][info][gc,phases   ] GC(1698)   Post Evacuate Collection Set: 1.7ms
[2024-08-15T14:39:57.603+0000][7893.547s][info][gc,phases   ] GC(1698)   Other: 0.3ms
[2024-08-15T14:39:57.603+0000][7893.547s][info][gc,heap     ] GC(1698) Eden regions: 844->0(842)
[2024-08-15T14:39:57.603+0000][7893.547s][info][gc,heap     ] GC(1698) Survivor regions: 9->12(107)
[2024-08-15T14:39:57.603+0000][7893.547s][info][gc,heap     ] GC(1698) Old regions: 350->350
[2024-08-15T14:39:57.603+0000][7893.547s][info][gc,heap     ] GC(1698) Archive regions: 2->2
[2024-08-15T14:39:57.603+0000][7893.547s][info][gc,heap     ] GC(1698) Humongous regions: 9->9
[2024-08-15T14:39:57.603+0000][7893.547s][info][gc,metaspace] GC(1698) Metaspace: 441929K(448256K)->441929K(448256K) NonClass: 386929K(390528K)->386929K(390528K) Class: 55000K(57728K)->55000K(57728K)
[2024-08-15T14:39:57.603+0000][7893.547s][info][gc          ] GC(1698) Pause Young (Concurrent Start) (G1 Evacuation Pause) 9697M->2967M(12288M) 30.468ms
[2024-08-15T14:39:57.603+0000][7893.548s][info][gc,cpu      ] GC(1698) User=0.17s Sys=0.00s Real=0.03s
[2024-08-15T14:39:57.603+0000][7893.548s][info][gc          ] GC(1699) Concurrent Mark Cycle
[2024-08-15T14:39:57.603+0000][7893.548s][info][gc,marking  ] GC(1699) Concurrent Clear Claimed Marks
[2024-08-15T14:39:57.603+0000][7893.548s][info][gc,marking  ] GC(1699) Concurrent Clear Claimed Marks 0.503ms
[2024-08-15T14:39:57.603+0000][7893.548s][info][gc,marking  ] GC(1699) Concurrent Scan Root Regions
[2024-08-15T14:39:57.634+0000][7893.579s][info][gc,marking  ] GC(1699) Concurrent Scan Root Regions 30.995ms
[2024-08-15T14:39:57.635+0000][7893.579s][info][gc,marking  ] GC(1699) Concurrent Mark
[2024-08-15T14:39:57.635+0000][7893.579s][info][gc,marking  ] GC(1699) Concurrent Mark From Roots
[2024-08-15T14:39:57.635+0000][7893.579s][info][gc,task     ] GC(1699) Using 2 workers of 2 for marking
[2024-08-15T14:39:59.712+0000][7895.656s][info][gc,marking  ] GC(1699) Concurrent Mark From Roots 2077.078ms
[2024-08-15T14:39:59.712+0000][7895.656s][info][gc,marking  ] GC(1699) Concurrent Preclean
[2024-08-15T14:39:59.713+0000][7895.658s][info][gc,marking  ] GC(1699) Concurrent Preclean 1.352ms
[2024-08-15T14:39:59.713+0000][7895.658s][info][gc,start    ] GC(1699) Pause Remark
[2024-08-15T14:39:59.737+0000][7895.681s][info][gc          ] GC(1699) Pause Remark 4455M->4455M(12288M) 23.392ms
[2024-08-15T14:39:59.737+0000][7895.681s][info][gc,cpu      ] GC(1699) User=0.10s Sys=0.00s Real=0.03s
[2024-08-15T14:39:59.737+0000][7895.681s][info][gc,marking  ] GC(1699) Concurrent Mark 2102.232ms
[2024-08-15T14:39:59.737+0000][7895.681s][info][gc,marking  ] GC(1699) Concurrent Rebuild Remembered Sets
[2024-08-15T14:40:01.035+0000][7896.980s][info][gc,marking  ] GC(1699) Concurrent Rebuild Remembered Sets 1298.446ms
[2024-08-15T14:40:01.035+0000][7896.980s][info][gc,start    ] GC(1699) Pause Cleanup
[2024-08-15T14:40:01.036+0000][7896.981s][info][gc          ] GC(1699) Pause Cleanup 5423M->5423M(12288M) 0.621ms
[2024-08-15T14:40:01.036+0000][7896.981s][info][gc,cpu      ] GC(1699) User=0.00s Sys=0.00s Real=0.00s
[2024-08-15T14:40:01.036+0000][7896.981s][info][gc,marking  ] GC(1699) Concurrent Cleanup for Next Mark
[2024-08-15T14:40:01.061+0000][7897.006s][info][gc,marking  ] GC(1699) Concurrent Cleanup for Next Mark 24.982ms
[2024-08-15T14:40:01.061+0000][7897.006s][info][gc          ] GC(1699) Concurrent Mark Cycle 3458.265ms
[2024-08-15T14:40:06.717+0000][7902.662s][info][gc,start    ] GC(1700) Pause Young (Prepare Mixed) (G1 Evacuation Pause)
[2024-08-15T14:40:06.717+0000][7902.662s][info][gc,task     ] GC(1700) Using 6 workers of 6 for evacuation
[2024-08-15T14:40:06.753+0000][7902.697s][info][gc,phases   ] GC(1700)   Pre Evacuate Collection Set: 0.2ms
[2024-08-15T14:40:06.753+0000][7902.697s][info][gc,phases   ] GC(1700)   Merge Heap Roots: 0.3ms
[2024-08-15T14:40:06.753+0000][7902.697s][info][gc,phases   ] GC(1700)   Evacuate Collection Set: 32.6ms
[2024-08-15T14:40:06.753+0000][7902.697s][info][gc,phases   ] GC(1700)   Post Evacuate Collection Set: 1.9ms
[2024-08-15T14:40:06.753+0000][7902.697s][info][gc,phases   ] GC(1700)   Other: 0.2ms
[2024-08-15T14:40:06.753+0000][7902.697s][info][gc,heap     ] GC(1700) Eden regions: 842->0(62)
[2024-08-15T14:40:06.753+0000][7902.697s][info][gc,heap     ] GC(1700) Survivor regions: 12->14(107)
[2024-08-15T14:40:06.753+0000][7902.697s][info][gc,heap     ] GC(1700) Old regions: 350->350
[2024-08-15T14:40:06.753+0000][7902.697s][info][gc,heap     ] GC(1700) Archive regions: 2->2
[2024-08-15T14:40:06.753+0000][7902.697s][info][gc,heap     ] GC(1700) Humongous regions: 9->9
[2024-08-15T14:40:06.753+0000][7902.697s][info][gc,metaspace] GC(1700) Metaspace: 441931K(448256K)->441931K(448256K) NonClass: 386930K(390528K)->386930K(390528K) Class: 55000K(57728K)->55000K(57728K)
[2024-08-15T14:40:06.753+0000][7902.697s][info][gc          ] GC(1700) Pause Young (Prepare Mixed) (G1 Evacuation Pause) 9703M->2987M(12288M) 35.302ms
[2024-08-15T14:40:06.753+0000][7902.697s][info][gc,cpu      ] GC(1700) User=0.21s Sys=0.00s Real=0.03s
[2024-08-15T14:40:07.386+0000][7903.331s][info][gc,start    ] GC(1701) Pause Young (Mixed) (G1 Evacuation Pause)
[2024-08-15T14:40:07.386+0000][7903.331s][info][gc,task     ] GC(1701) Using 6 workers of 6 for evacuation
[2024-08-15T14:40:07.461+0000][7903.406s][info][gc,phases   ] GC(1701)   Pre Evacuate Collection Set: 0.2ms
[2024-08-15T14:40:07.461+0000][7903.406s][info][gc,phases   ] GC(1701)   Merge Heap Roots: 0.6ms
[2024-08-15T14:40:07.461+0000][7903.406s][info][gc,phases   ] GC(1701)   Evacuate Collection Set: 72.7ms
[2024-08-15T14:40:07.461+0000][7903.406s][info][gc,phases   ] GC(1701)   Post Evacuate Collection Set: 1.4ms
[2024-08-15T14:40:07.461+0000][7903.406s][info][gc,phases   ] GC(1701)   Other: 0.2ms
[2024-08-15T14:40:07.461+0000][7903.406s][info][gc,heap     ] GC(1701) Eden regions: 62->0(852)
[2024-08-15T14:40:07.461+0000][7903.406s][info][gc,heap     ] GC(1701) Survivor regions: 14->5(10)
[2024-08-15T14:40:07.461+0000][7903.406s][info][gc,heap     ] GC(1701) Old regions: 350->347
[2024-08-15T14:40:07.461+0000][7903.406s][info][gc,heap     ] GC(1701) Archive regions: 2->2
[2024-08-15T14:40:07.461+0000][7903.406s][info][gc,heap     ] GC(1701) Humongous regions: 9->9
[2024-08-15T14:40:07.461+0000][7903.406s][info][gc,metaspace] GC(1701) Metaspace: 441931K(448256K)->441931K(448256K) NonClass: 386930K(390528K)->386930K(390528K) Class: 55000K(57728K)->55000K(57728K)
[2024-08-15T14:40:07.461+0000][7903.406s][info][gc          ] GC(1701) Pause Young (Mixed) (G1 Evacuation Pause) 3483M->2889M(12288M) 75.065ms
[2024-08-15T14:40:07.462+0000][7903.406s][info][gc,cpu      ] GC(1701) User=0.45s Sys=0.00s Real=0.07s
[2024-08-15T14:40:16.061+0000][7912.005s][info][gc,start    ] GC(1702) Pause Young (Normal) (G1 Evacuation Pause)
[2024-08-15T14:40:16.061+0000][7912.005s][info][gc,task     ] GC(1702) Using 6 workers of 6 for evacuation
[2024-08-15T14:40:16.090+0000][7912.035s][info][gc,phases   ] GC(1702)   Pre Evacuate Collection Set: 0.2ms
[2024-08-15T14:40:16.090+0000][7912.035s][info][gc,phases   ] GC(1702)   Merge Heap Roots: 0.3ms
[2024-08-15T14:40:16.090+0000][7912.035s][info][gc,phases   ] GC(1702)   Evacuate Collection Set: 25.5ms
[2024-08-15T14:40:16.090+0000][7912.035s][info][gc,phases   ] GC(1702)   Post Evacuate Collection Set: 3.3ms
[2024-08-15T14:40:16.090+0000][7912.035s][info][gc,phases   ] GC(1702)   Other: 0.2ms
[2024-08-15T14:40:16.090+0000][7912.035s][info][gc,heap     ] GC(1702) Eden regions: 852->0(845)
[2024-08-15T14:40:16.090+0000][7912.035s][info][gc,heap     ] GC(1702) Survivor regions: 5->10(108)
[2024-08-15T14:40:16.090+0000][7912.035s][info][gc,heap     ] GC(1702) Old regions: 347->347
[2024-08-15T14:40:16.090+0000][7912.035s][info][gc,heap     ] GC(1702) Archive regions: 2->2
[2024-08-15T14:40:16.090+0000][7912.035s][info][gc,heap     ] GC(1702) Humongous regions: 9->9
[2024-08-15T14:40:16.090+0000][7912.035s][info][gc,metaspace] GC(1702) Metaspace: 441931K(448256K)->441931K(448256K) NonClass: 386930K(390528K)->386930K(390528K) Class: 55000K(57728K)->55000K(57728K)
[2024-08-15T14:40:16.090+0000][7912.035s][info][gc          ] GC(1702) Pause Young (Normal) (G1 Evacuation Pause) 9705M->2929M(12288M) 29.468ms
[2024-08-15T14:40:16.090+0000][7912.035s][info][gc,cpu      ] GC(1702) User=0.17s Sys=0.00s Real=0.03s
[2024-08-15T14:40:18.887+0000][7914.832s][info][gc,start    ] GC(1703) Pause Young (Normal) (G1 Evacuation Pause)
[2024-08-15T14:40:18.887+0000][7914.832s][info][gc,task     ] GC(1703) Using 6 workers of 6 for evacuation
[2024-08-15T14:40:18.979+0000][7914.923s][info][gc,phases   ] GC(1703)   Pre Evacuate Collection Set: 0.2ms
[2024-08-15T14:40:18.979+0000][7914.923s][info][gc,phases   ] GC(1703)   Merge Heap Roots: 0.2ms
[2024-08-15T14:40:18.979+0000][7914.923s][info][gc,phases   ] GC(1703)   Evacuate Collection Set: 71.6ms
[2024-08-15T14:40:18.979+0000][7914.923s][info][gc,phases   ] GC(1703)   Post Evacuate Collection Set: 19.1ms
[2024-08-15T14:40:18.979+0000][7914.923s][info][gc,phases   ] GC(1703)   Other: 0.2ms
[2024-08-15T14:40:18.979+0000][7914.923s][info][gc,heap     ] GC(1703) Eden regions: 845->0(836)
[2024-08-15T14:40:18.979+0000][7914.923s][info][gc,heap     ] GC(1703) Survivor regions: 10->16(107)
[2024-08-15T14:40:18.979+0000][7914.923s][info][gc,heap     ] GC(1703) Old regions: 347->347
[2024-08-15T14:40:18.979+0000][7914.923s][info][gc,heap     ] GC(1703) Archive regions: 2->2
[2024-08-15T14:40:18.979+0000][7914.923s][info][gc,heap     ] GC(1703) Humongous regions: 9->9
[2024-08-15T14:40:18.979+0000][7914.923s][info][gc,metaspace] GC(1703) Metaspace: 441931K(448256K)->441931K(448256K) NonClass: 386930K(390528K)->386930K(390528K) Class: 55000K(57728K)->55000K(57728K)
[2024-08-15T14:40:18.979+0000][7914.923s][info][gc          ] GC(1703) Pause Young (Normal) (G1 Evacuation Pause) 9689M->2975M(12288M) 91.358ms
[2024-08-15T14:40:18.979+0000][7914.923s][info][gc,cpu      ] GC(1703) User=0.53s Sys=0.00s Real=0.09s
[2024-08-15T14:40:21.588+0000][7917.532s][info][gc,start    ] GC(1704) Pause Young (Concurrent Start) (G1 Evacuation Pause)
[2024-08-15T14:40:21.588+0000][7917.532s][info][gc,task     ] GC(1704) Using 6 workers of 6 for evacuation
[2024-08-15T14:40:21.677+0000][7917.622s][info][gc,phases   ] GC(1704)   Pre Evacuate Collection Set: 0.6ms
[2024-08-15T14:40:21.678+0000][7917.622s][info][gc,phases   ] GC(1704)   Merge Heap Roots: 0.2ms
[2024-08-15T14:40:21.678+0000][7917.622s][info][gc,phases   ] GC(1704)   Evacuate Collection Set: 73.1ms
[2024-08-15T14:40:21.678+0000][7917.622s][info][gc,phases   ] GC(1704)   Post Evacuate Collection Set: 15.7ms
[2024-08-15T14:40:21.678+0000][7917.622s][info][gc,phases   ] GC(1704)   Other: 0.3ms
[2024-08-15T14:40:21.678+0000][7917.622s][info][gc,heap     ] GC(1704) Eden regions: 836->0(828)
[2024-08-15T14:40:21.678+0000][7917.622s][info][gc,heap     ] GC(1704) Survivor regions: 16->21(107)
[2024-08-15T14:40:21.678+0000][7917.622s][info][gc,heap     ] GC(1704) Old regions: 347->347
[2024-08-15T14:40:21.678+0000][7917.622s][info][gc,heap     ] GC(1704) Archive regions: 2->2
[2024-08-15T14:40:21.678+0000][7917.622s][info][gc,heap     ] GC(1704) Humongous regions: 9->9
[2024-08-15T14:40:21.678+0000][7917.622s][info][gc,metaspace] GC(1704) Metaspace: 441931K(448256K)->441931K(448256K) NonClass: 386930K(390528K)->386930K(390528K) Class: 55000K(57728K)->55000K(57728K)
[2024-08-15T14:40:21.678+0000][7917.622s][info][gc          ] GC(1704) Pause Young (Concurrent Start) (G1 Evacuation Pause) 9663M->3017M(12288M) 90.047ms
[2024-08-15T14:40:21.678+0000][7917.622s][info][gc,cpu      ] GC(1704) User=0.52s Sys=0.00s Real=0.09s
[2024-08-15T14:40:21.678+0000][7917.622s][info][gc          ] GC(1705) Concurrent Mark Cycle
[2024-08-15T14:40:21.678+0000][7917.622s][info][gc,marking  ] GC(1705) Concurrent Clear Claimed Marks
[2024-08-15T14:40:21.678+0000][7917.623s][info][gc,marking  ] GC(1705) Concurrent Clear Claimed Marks 0.474ms
[2024-08-15T14:40:21.678+0000][7917.623s][info][gc,marking  ] GC(1705) Concurrent Scan Root Regions
[2024-08-15T14:40:21.763+0000][7917.707s][info][gc,marking  ] GC(1705) Concurrent Scan Root Regions 84.528ms
[2024-08-15T14:40:21.763+0000][7917.707s][info][gc,marking  ] GC(1705) Concurrent Mark
[2024-08-15T14:40:21.763+0000][7917.707s][info][gc,marking  ] GC(1705) Concurrent Mark From Roots
[2024-08-15T14:40:21.763+0000][7917.707s][info][gc,task     ] GC(1705) Using 2 workers of 2 for marking
[2024-08-15T14:40:23.897+0000][7919.842s][info][gc,marking  ] GC(1705) Concurrent Mark From Roots 2134.319ms
[2024-08-15T14:40:23.897+0000][7919.842s][info][gc,marking  ] GC(1705) Concurrent Preclean
[2024-08-15T14:40:23.898+0000][7919.843s][info][gc,marking  ] GC(1705) Concurrent Preclean 1.335ms
[2024-08-15T14:40:23.899+0000][7919.843s][info][gc,start    ] GC(1705) Pause Remark
[2024-08-15T14:40:23.922+0000][7919.867s][info][gc          ] GC(1705) Pause Remark 8017M->8017M(12288M) 23.587ms
[2024-08-15T14:40:23.922+0000][7919.867s][info][gc,cpu      ] GC(1705) User=0.09s Sys=0.00s Real=0.02s
[2024-08-15T14:40:23.923+0000][7919.867s][info][gc,marking  ] GC(1705) Concurrent Mark 2159.744ms
[2024-08-15T14:40:23.923+0000][7919.867s][info][gc,marking  ] GC(1705) Concurrent Rebuild Remembered Sets
[2024-08-15T14:40:24.730+0000][7920.675s][info][gc,start    ] GC(1706) Pause Young (Normal) (G1 Evacuation Pause)
[2024-08-15T14:40:24.730+0000][7920.675s][info][gc,task     ] GC(1706) Using 6 workers of 6 for evacuation
[2024-08-15T14:40:24.849+0000][7920.793s][info][gc,phases   ] GC(1706)   Pre Evacuate Collection Set: 0.2ms
[2024-08-15T14:40:24.849+0000][7920.793s][info][gc,phases   ] GC(1706)   Merge Heap Roots: 0.3ms
[2024-08-15T14:40:24.849+0000][7920.793s][info][gc,phases   ] GC(1706)   Evacuate Collection Set: 95.1ms
[2024-08-15T14:40:24.849+0000][7920.793s][info][gc,phases   ] GC(1706)   Post Evacuate Collection Set: 23.0ms
[2024-08-15T14:40:24.849+0000][7920.793s][info][gc,phases   ] GC(1706)   Other: 0.2ms
[2024-08-15T14:40:24.849+0000][7920.793s][info][gc,heap     ] GC(1706) Eden regions: 828->0(820)
[2024-08-15T14:40:24.849+0000][7920.793s][info][gc,heap     ] GC(1706) Survivor regions: 21->25(107)
[2024-08-15T14:40:24.849+0000][7920.793s][info][gc,heap     ] GC(1706) Old regions: 347->347
[2024-08-15T14:40:24.849+0000][7920.793s][info][gc,heap     ] GC(1706) Archive regions: 2->2
[2024-08-15T14:40:24.849+0000][7920.793s][info][gc,heap     ] GC(1706) Humongous regions: 9->9
[2024-08-15T14:40:24.849+0000][7920.793s][info][gc,metaspace] GC(1706) Metaspace: 441931K(448256K)->441931K(448256K) NonClass: 386930K(390528K)->386930K(390528K) Class: 55000K(57728K)->55000K(57728K)
[2024-08-15T14:40:24.849+0000][7920.793s][info][gc          ] GC(1706) Pause Young (Normal) (G1 Evacuation Pause) 9641M->3045M(12288M) 118.797ms
[2024-08-15T14:40:24.849+0000][7920.793s][info][gc,cpu      ] GC(1706) User=0.70s Sys=0.00s Real=0.12s
[2024-08-15T14:40:25.317+0000][7921.262s][info][gc,marking  ] GC(1705) Concurrent Rebuild Remembered Sets 1394.620ms
[2024-08-15T14:40:25.317+0000][7921.262s][info][gc,start    ] GC(1705) Pause Cleanup
[2024-08-15T14:40:25.318+0000][7921.263s][info][gc          ] GC(1705) Pause Cleanup 4057M->4057M(12288M) 0.605ms
[2024-08-15T14:40:25.318+0000][7921.263s][info][gc,cpu      ] GC(1705) User=0.00s Sys=0.00s Real=0.00s
[2024-08-15T14:40:25.318+0000][7921.263s][info][gc,marking  ] GC(1705) Concurrent Cleanup for Next Mark
[2024-08-15T14:40:25.335+0000][7921.280s][info][gc,marking  ] GC(1705) Concurrent Cleanup for Next Mark 17.055ms
[2024-08-15T14:40:25.335+0000][7921.280s][info][gc          ] GC(1705) Concurrent Mark Cycle 3657.593ms
[2024-08-15T14:40:27.489+0000][7923.434s][info][gc,start    ] GC(1707) Pause Young (Prepare Mixed) (G1 Evacuation Pause)
[2024-08-15T14:40:27.489+0000][7923.434s][info][gc,task     ] GC(1707) Using 6 workers of 6 for evacuation
[2024-08-15T14:40:27.658+0000][7923.603s][info][gc,phases   ] GC(1707)   Pre Evacuate Collection Set: 0.2ms
[2024-08-15T14:40:27.658+0000][7923.603s][info][gc,phases   ] GC(1707)   Merge Heap Roots: 0.4ms
[2024-08-15T14:40:27.658+0000][7923.603s][info][gc,phases   ] GC(1707)   Evacuate Collection Set: 135.6ms
[2024-08-15T14:40:27.658+0000][7923.603s][info][gc,phases   ] GC(1707)   Post Evacuate Collection Set: 32.9ms
[2024-08-15T14:40:27.658+0000][7923.603s][info][gc,phases   ] GC(1707)   Other: 0.2ms
[2024-08-15T14:40:27.658+0000][7923.603s][info][gc,heap     ] GC(1707) Eden regions: 820->0(44)
[2024-08-15T14:40:27.658+0000][7923.603s][info][gc,heap     ] GC(1707) Survivor regions: 25->32(106)
[2024-08-15T14:40:27.658+0000][7923.603s][info][gc,heap     ] GC(1707) Old regions: 347->347
[2024-08-15T14:40:27.658+0000][7923.603s][info][gc,heap     ] GC(1707) Archive regions: 2->2
[2024-08-15T14:40:27.658+0000][7923.603s][info][gc,heap     ] GC(1707) Humongous regions: 9->9
[2024-08-15T14:40:27.658+0000][7923.603s][info][gc,metaspace] GC(1707) Metaspace: 441931K(448256K)->441931K(448256K) NonClass: 386930K(390528K)->386930K(390528K) Class: 55000K(57728K)->55000K(57728K)
[2024-08-15T14:40:27.658+0000][7923.603s][info][gc          ] GC(1707) Pause Young (Prepare Mixed) (G1 Evacuation Pause) 9605M->3101M(12288M) 169.346ms
[2024-08-15T14:40:27.658+0000][7923.603s][info][gc,cpu      ] GC(1707) User=0.97s Sys=0.00s Real=0.17s
[2024-08-15T14:40:27.823+0000][7923.767s][info][gc,start    ] GC(1708) Pause Young (Mixed) (G1 Evacuation Pause)
[2024-08-15T14:40:27.823+0000][7923.767s][info][gc,task     ] GC(1708) Using 6 workers of 6 for evacuation
[2024-08-15T14:40:27.974+0000][7923.918s][info][gc,phases   ] GC(1708)   Pre Evacuate Collection Set: 0.2ms
[2024-08-15T14:40:27.974+0000][7923.918s][info][gc,phases   ] GC(1708)   Merge Heap Roots: 0.6ms
[2024-08-15T14:40:27.974+0000][7923.918s][info][gc,phases   ] GC(1708)   Evacuate Collection Set: 147.4ms
[2024-08-15T14:40:27.974+0000][7923.918s][info][gc,phases   ] GC(1708)   Post Evacuate Collection Set: 2.7ms
[2024-08-15T14:40:27.974+0000][7923.918s][info][gc,phases   ] GC(1708)   Other: 0.2ms
[2024-08-15T14:40:27.974+0000][7923.918s][info][gc,heap     ] GC(1708) Eden regions: 44->0(825)
[2024-08-15T14:40:27.974+0000][7923.918s][info][gc,heap     ] GC(1708) Survivor regions: 32->3(10)
[2024-08-15T14:40:27.974+0000][7923.918s][info][gc,heap     ] GC(1708) Old regions: 347->367
[2024-08-15T14:40:27.974+0000][7923.918s][info][gc,heap     ] GC(1708) Archive regions: 2->2
[2024-08-15T14:40:27.974+0000][7923.918s][info][gc,heap     ] GC(1708) Humongous regions: 9->9
[2024-08-15T14:40:27.974+0000][7923.918s][info][gc,metaspace] GC(1708) Metaspace: 441931K(448256K)->441931K(448256K) NonClass: 386930K(390528K)->386930K(390528K) Class: 55000K(57728K)->55000K(57728K)
[2024-08-15T14:40:27.974+0000][7923.918s][info][gc          ] GC(1708) Pause Young (Mixed) (G1 Evacuation Pause) 3453M->3032M(12288M) 151.202ms
[2024-08-15T14:40:27.974+0000][7923.919s][info][gc,cpu      ] GC(1708) User=0.90s Sys=0.00s Real=0.15s
[2024-08-15T14:40:30.690+0000][7926.634s][info][gc,start    ] GC(1709) Pause Young (Normal) (G1 Evacuation Pause)
[2024-08-15T14:40:30.690+0000][7926.634s][info][gc,task     ] GC(1709) Using 6 workers of 6 for evacuation
[2024-08-15T14:40:30.769+0000][7926.714s][info][gc,phases   ] GC(1709)   Pre Evacuate Collection Set: 0.2ms
[2024-08-15T14:40:30.769+0000][7926.714s][info][gc,phases   ] GC(1709)   Merge Heap Roots: 0.3ms
[2024-08-15T14:40:30.769+0000][7926.714s][info][gc,phases   ] GC(1709)   Evacuate Collection Set: 59.3ms
[2024-08-15T14:40:30.769+0000][7926.714s][info][gc,phases   ] GC(1709)   Post Evacuate Collection Set: 19.7ms
[2024-08-15T14:40:30.769+0000][7926.714s][info][gc,phases   ] GC(1709)   Other: 0.2ms
[2024-08-15T14:40:30.770+0000][7926.714s][info][gc,heap     ] GC(1709) Eden regions: 825->0(822)
[2024-08-15T14:40:30.770+0000][7926.714s][info][gc,heap     ] GC(1709) Survivor regions: 3->7(104)
[2024-08-15T14:40:30.770+0000][7926.714s][info][gc,heap     ] GC(1709) Old regions: 367->367
[2024-08-15T14:40:30.770+0000][7926.714s][info][gc,heap     ] GC(1709) Archive regions: 2->2
[2024-08-15T14:40:30.770+0000][7926.714s][info][gc,heap     ] GC(1709) Humongous regions: 9->9
[2024-08-15T14:40:30.770+0000][7926.714s][info][gc,metaspace] GC(1709) Metaspace: 441931K(448256K)->441931K(448256K) NonClass: 386930K(390528K)->386930K(390528K) Class: 55000K(57728K)->55000K(57728K)
[2024-08-15T14:40:30.770+0000][7926.714s][info][gc          ] GC(1709) Pause Young (Normal) (G1 Evacuation Pause) 9632M->3064M(12288M) 79.830ms
[2024-08-15T14:40:30.770+0000][7926.714s][info][gc,cpu      ] GC(1709) User=0.46s Sys=0.00s Real=0.08s
[2024-08-15T14:40:33.419+0000][7929.364s][info][gc,start    ] GC(1710) Pause Young (Normal) (G1 Evacuation Pause)
[2024-08-15T14:40:33.419+0000][7929.364s][info][gc,task     ] GC(1710) Using 6 workers of 6 for evacuation
[2024-08-15T14:40:33.510+0000][7929.455s][info][gc,phases   ] GC(1710)   Pre Evacuate Collection Set: 0.2ms
[2024-08-15T14:40:33.510+0000][7929.455s][info][gc,phases   ] GC(1710)   Merge Heap Roots: 0.4ms
[2024-08-15T14:40:33.510+0000][7929.455s][info][gc,phases   ] GC(1710)   Evacuate Collection Set: 70.3ms
[2024-08-15T14:40:33.510+0000][7929.455s][info][gc,phases   ] GC(1710)   Post Evacuate Collection Set: 19.5ms
[2024-08-15T14:40:33.510+0000][7929.455s][info][gc,phases   ] GC(1710)   Other: 0.2ms
[2024-08-15T14:40:33.510+0000][7929.455s][info][gc,heap     ] GC(1710) Eden regions: 822->0(818)
[2024-08-15T14:40:33.510+0000][7929.455s][info][gc,heap     ] GC(1710) Survivor regions: 7->12(104)
[2024-08-15T14:40:33.510+0000][7929.455s][info][gc,heap     ] GC(1710) Old regions: 367->367
[2024-08-15T14:40:33.510+0000][7929.455s][info][gc,heap     ] GC(1710) Archive regions: 2->2
[2024-08-15T14:40:33.510+0000][7929.455s][info][gc,heap     ] GC(1710) Humongous regions: 9->9
[2024-08-15T14:40:33.510+0000][7929.455s][info][gc,metaspace] GC(1710) Metaspace: 441931K(448256K)->441931K(448256K) NonClass: 386930K(390528K)->386930K(390528K) Class: 55000K(57728K)->55000K(57728K)
[2024-08-15T14:40:33.510+0000][7929.455s][info][gc          ] GC(1710) Pause Young (Normal) (G1 Evacuation Pause) 9640M->3097M(12288M) 90.617ms
[2024-08-15T14:40:33.510+0000][7929.455s][info][gc,cpu      ] GC(1710) User=0.52s Sys=0.00s Real=0.09s
[2024-08-15T14:40:35.973+0000][7931.918s][info][gc,start    ] GC(1711) Pause Young (Concurrent Start) (G1 Evacuation Pause)
[2024-08-15T14:40:35.973+0000][7931.918s][info][gc,task     ] GC(1711) Using 6 workers of 6 for evacuation
[2024-08-15T14:40:36.056+0000][7932.000s][info][gc,phases   ] GC(1711)   Pre Evacuate Collection Set: 0.6ms
[2024-08-15T14:40:36.056+0000][7932.000s][info][gc,phases   ] GC(1711)   Merge Heap Roots: 0.4ms
[2024-08-15T14:40:36.056+0000][7932.000s][info][gc,phases   ] GC(1711)   Evacuate Collection Set: 68.4ms
[2024-08-15T14:40:36.056+0000][7932.000s][info][gc,phases   ] GC(1711)   Post Evacuate Collection Set: 12.7ms
[2024-08-15T14:40:36.056+0000][7932.000s][info][gc,phases   ] GC(1711)   Other: 0.3ms
[2024-08-15T14:40:36.056+0000][7932.000s][info][gc,heap     ] GC(1711) Eden regions: 818->0(817)
[2024-08-15T14:40:36.056+0000][7932.000s][info][gc,heap     ] GC(1711) Survivor regions: 12->15(104)
[2024-08-15T14:40:36.056+0000][7932.000s][info][gc,heap     ] GC(1711) Old regions: 367->367
[2024-08-15T14:40:36.056+0000][7932.000s][info][gc,heap     ] GC(1711) Archive regions: 2->2
[2024-08-15T14:40:36.056+0000][7932.000s][info][gc,heap     ] GC(1711) Humongous regions: 9->9
[2024-08-15T14:40:36.056+0000][7932.000s][info][gc,metaspace] GC(1711) Metaspace: 441932K(448256K)->441932K(448256K) NonClass: 386931K(390528K)->386931K(390528K) Class: 55000K(57728K)->55000K(57728K)
[2024-08-15T14:40:36.056+0000][7932.000s][info][gc          ] GC(1711) Pause Young (Concurrent Start) (G1 Evacuation Pause) 9641M->3122M(12288M) 82.424ms
[2024-08-15T14:40:36.056+0000][7932.000s][info][gc,cpu      ] GC(1711) User=0.48s Sys=0.00s Real=0.09s
[2024-08-15T14:40:36.056+0000][7932.000s][info][gc          ] GC(1712) Concurrent Mark Cycle
[2024-08-15T14:40:36.056+0000][7932.000s][info][gc,marking  ] GC(1712) Concurrent Clear Claimed Marks
[2024-08-15T14:40:36.056+0000][7932.001s][info][gc,marking  ] GC(1712) Concurrent Clear Claimed Marks 0.439ms
[2024-08-15T14:40:36.056+0000][7932.001s][info][gc,marking  ] GC(1712) Concurrent Scan Root Regions
[2024-08-15T14:40:36.099+0000][7932.044s][info][gc,marking  ] GC(1712) Concurrent Scan Root Regions 42.676ms
[2024-08-15T14:40:36.099+0000][7932.044s][info][gc,marking  ] GC(1712) Concurrent Mark
[2024-08-15T14:40:36.099+0000][7932.044s][info][gc,marking  ] GC(1712) Concurrent Mark From Roots
[2024-08-15T14:40:36.099+0000][7932.044s][info][gc,task     ] GC(1712) Using 2 workers of 2 for marking
[2024-08-15T14:40:38.199+0000][7934.143s][info][gc,marking  ] GC(1712) Concurrent Mark From Roots 2099.683ms
[2024-08-15T14:40:38.199+0000][7934.143s][info][gc,marking  ] GC(1712) Concurrent Preclean
[2024-08-15T14:40:38.200+0000][7934.145s][info][gc,marking  ] GC(1712) Concurrent Preclean 1.603ms
[2024-08-15T14:40:38.200+0000][7934.145s][info][gc,start    ] GC(1712) Pause Remark
[2024-08-15T14:40:38.224+0000][7934.169s][info][gc          ] GC(1712) Pause Remark 7586M->7586M(12288M) 23.566ms
[2024-08-15T14:40:38.224+0000][7934.169s][info][gc,cpu      ] GC(1712) User=0.10s Sys=0.00s Real=0.03s
[2024-08-15T14:40:38.224+0000][7934.169s][info][gc,marking  ] GC(1712) Concurrent Mark 2125.221ms
[2024-08-15T14:40:38.224+0000][7934.169s][info][gc,marking  ] GC(1712) Concurrent Rebuild Remembered Sets
[2024-08-15T14:40:39.159+0000][7935.104s][info][gc,start    ] GC(1713) Pause Young (Normal) (G1 Evacuation Pause)
[2024-08-15T14:40:39.159+0000][7935.104s][info][gc,task     ] GC(1713) Using 6 workers of 6 for evacuation
[2024-08-15T14:40:39.273+0000][7935.218s][info][gc,phases   ] GC(1713)   Pre Evacuate Collection Set: 0.2ms
[2024-08-15T14:40:39.273+0000][7935.218s][info][gc,phases   ] GC(1713)   Merge Heap Roots: 1.1ms
[2024-08-15T14:40:39.273+0000][7935.218s][info][gc,phases   ] GC(1713)   Evacuate Collection Set: 92.1ms
[2024-08-15T14:40:39.273+0000][7935.218s][info][gc,phases   ] GC(1713)   Post Evacuate Collection Set: 20.5ms
[2024-08-15T14:40:39.273+0000][7935.218s][info][gc,phases   ] GC(1713)   Other: 0.2ms
[2024-08-15T14:40:39.273+0000][7935.218s][info][gc,heap     ] GC(1713) Eden regions: 817->0(812)
[2024-08-15T14:40:39.273+0000][7935.218s][info][gc,heap     ] GC(1713) Survivor regions: 15->19(104)
[2024-08-15T14:40:39.273+0000][7935.218s][info][gc,heap     ] GC(1713) Old regions: 367->367
[2024-08-15T14:40:39.273+0000][7935.218s][info][gc,heap     ] GC(1713) Archive regions: 2->2
[2024-08-15T14:40:39.273+0000][7935.218s][info][gc,heap     ] GC(1713) Humongous regions: 9->9
[2024-08-15T14:40:39.273+0000][7935.218s][info][gc,metaspace] GC(1713) Metaspace: 441933K(448256K)->441933K(448256K) NonClass: 386933K(390528K)->386933K(390528K) Class: 55000K(57728K)->55000K(57728K)
[2024-08-15T14:40:39.273+0000][7935.218s][info][gc          ] GC(1713) Pause Young (Normal) (G1 Evacuation Pause) 9658M->3160M(12288M) 114.144ms
[2024-08-15T14:40:39.273+0000][7935.218s][info][gc,cpu      ] GC(1713) User=0.66s Sys=0.01s Real=0.11s
[2024-08-15T14:40:39.628+0000][7935.572s][info][gc,marking  ] GC(1712) Concurrent Rebuild Remembered Sets 1403.596ms
[2024-08-15T14:40:39.628+0000][7935.573s][info][gc,start    ] GC(1712) Pause Cleanup
[2024-08-15T14:40:39.629+0000][7935.573s][info][gc          ] GC(1712) Pause Cleanup 3792M->3792M(12288M) 0.570ms
[2024-08-15T14:40:39.629+0000][7935.573s][info][gc,cpu      ] GC(1712) User=0.00s Sys=0.00s Real=0.00s
[2024-08-15T14:40:39.629+0000][7935.573s][info][gc,marking  ] GC(1712) Concurrent Cleanup for Next Mark
[2024-08-15T14:40:39.658+0000][7935.602s][info][gc,marking  ] GC(1712) Concurrent Cleanup for Next Mark 28.853ms
[2024-08-15T14:40:39.658+0000][7935.602s][info][gc          ] GC(1712) Concurrent Mark Cycle 3601.879ms
[2024-08-15T14:40:41.890+0000][7937.835s][info][gc,start    ] GC(1714) Pause Young (Prepare Mixed) (G1 Evacuation Pause)
[2024-08-15T14:40:41.890+0000][7937.835s][info][gc,task     ] GC(1714) Using 6 workers of 6 for evacuation
[2024-08-15T14:40:42.018+0000][7937.962s][info][gc,phases   ] GC(1714)   Pre Evacuate Collection Set: 0.2ms
[2024-08-15T14:40:42.018+0000][7937.962s][info][gc,phases   ] GC(1714)   Merge Heap Roots: 0.6ms
[2024-08-15T14:40:42.018+0000][7937.962s][info][gc,phases   ] GC(1714)   Evacuate Collection Set: 104.3ms
[2024-08-15T14:40:42.018+0000][7937.962s][info][gc,phases   ] GC(1714)   Post Evacuate Collection Set: 22.1ms
[2024-08-15T14:40:42.018+0000][7937.962s][info][gc,phases   ] GC(1714)   Other: 0.2ms
[2024-08-15T14:40:42.018+0000][7937.962s][info][gc,heap     ] GC(1714) Eden regions: 812->0(52)
[2024-08-15T14:40:42.018+0000][7937.962s][info][gc,heap     ] GC(1714) Survivor regions: 19->24(104)
[2024-08-15T14:40:42.018+0000][7937.962s][info][gc,heap     ] GC(1714) Old regions: 367->367
[2024-08-15T14:40:42.018+0000][7937.962s][info][gc,heap     ] GC(1714) Archive regions: 2->2
[2024-08-15T14:40:42.018+0000][7937.962s][info][gc,heap     ] GC(1714) Humongous regions: 9->9
[2024-08-15T14:40:42.018+0000][7937.962s][info][gc,metaspace] GC(1714) Metaspace: 441934K(448256K)->441934K(448256K) NonClass: 386934K(390528K)->386934K(390528K) Class: 55000K(57728K)->55000K(57728K)
[2024-08-15T14:40:42.018+0000][7937.962s][info][gc          ] GC(1714) Pause Young (Prepare Mixed) (G1 Evacuation Pause) 9656M->3196M(12288M) 127.450ms
[2024-08-15T14:40:42.018+0000][7937.962s][info][gc,cpu      ] GC(1714) User=0.74s Sys=0.00s Real=0.13s
[2024-08-15T14:40:42.220+0000][7938.164s][info][gc,start    ] GC(1715) Pause Young (Mixed) (G1 Evacuation Pause)
[2024-08-15T14:40:42.220+0000][7938.164s][info][gc,task     ] GC(1715) Using 6 workers of 6 for evacuation
[2024-08-15T14:40:42.319+0000][7938.264s][info][gc,phases   ] GC(1715)   Pre Evacuate Collection Set: 0.1ms
[2024-08-15T14:40:42.319+0000][7938.264s][info][gc,phases   ] GC(1715)   Merge Heap Roots: 0.4ms
[2024-08-15T14:40:42.319+0000][7938.264s][info][gc,phases   ] GC(1715)   Evacuate Collection Set: 96.4ms
[2024-08-15T14:40:42.319+0000][7938.264s][info][gc,phases   ] GC(1715)   Post Evacuate Collection Set: 2.4ms
[2024-08-15T14:40:42.319+0000][7938.264s][info][gc,phases   ] GC(1715)   Other: 0.2ms
[2024-08-15T14:40:42.319+0000][7938.264s][info][gc,heap     ] GC(1715) Eden regions: 52->0(826)
[2024-08-15T14:40:42.319+0000][7938.264s][info][gc,heap     ] GC(1715) Survivor regions: 24->3(10)
[2024-08-15T14:40:42.319+0000][7938.264s][info][gc,heap     ] GC(1715) Old regions: 367->371
[2024-08-15T14:40:42.319+0000][7938.264s][info][gc,heap     ] GC(1715) Archive regions: 2->2
[2024-08-15T14:40:42.319+0000][7938.264s][info][gc,heap     ] GC(1715) Humongous regions: 9->9
[2024-08-15T14:40:42.319+0000][7938.264s][info][gc,metaspace] GC(1715) Metaspace: 441934K(448256K)->441934K(448256K) NonClass: 386934K(390528K)->386934K(390528K) Class: 55000K(57728K)->55000K(57728K)
[2024-08-15T14:40:42.319+0000][7938.264s][info][gc          ] GC(1715) Pause Young (Mixed) (G1 Evacuation Pause) 3612M->3064M(12288M) 99.636ms
[2024-08-15T14:40:42.319+0000][7938.264s][info][gc,cpu      ] GC(1715) User=0.59s Sys=0.00s Real=0.10s
[2024-08-15T14:40:45.215+0000][7941.160s][info][gc,start    ] GC(1716) Pause Young (Normal) (G1 Evacuation Pause)
[2024-08-15T14:40:45.215+0000][7941.160s][info][gc,task     ] GC(1716) Using 6 workers of 6 for evacuation
[2024-08-15T14:40:45.289+0000][7941.234s][info][gc,phases   ] GC(1716)   Pre Evacuate Collection Set: 0.2ms
[2024-08-15T14:40:45.289+0000][7941.234s][info][gc,phases   ] GC(1716)   Merge Heap Roots: 0.4ms
[2024-08-15T14:40:45.289+0000][7941.234s][info][gc,phases   ] GC(1716)   Evacuate Collection Set: 55.8ms
[2024-08-15T14:40:45.289+0000][7941.234s][info][gc,phases   ] GC(1716)   Post Evacuate Collection Set: 17.6ms
[2024-08-15T14:40:45.289+0000][7941.234s][info][gc,phases   ] GC(1716)   Other: 0.2ms
[2024-08-15T14:40:45.289+0000][7941.234s][info][gc,heap     ] GC(1716) Eden regions: 826->0(822)
[2024-08-15T14:40:45.289+0000][7941.234s][info][gc,heap     ] GC(1716) Survivor regions: 3->7(104)
[2024-08-15T14:40:45.289+0000][7941.234s][info][gc,heap     ] GC(1716) Old regions: 371->371
[2024-08-15T14:40:45.289+0000][7941.234s][info][gc,heap     ] GC(1716) Archive regions: 2->2
[2024-08-15T14:40:45.289+0000][7941.234s][info][gc,heap     ] GC(1716) Humongous regions: 9->9
[2024-08-15T14:40:45.289+0000][7941.234s][info][gc,metaspace] GC(1716) Metaspace: 441934K(448256K)->441934K(448256K) NonClass: 386934K(390528K)->386934K(390528K) Class: 55000K(57728K)->55000K(57728K)
[2024-08-15T14:40:45.289+0000][7941.234s][info][gc          ] GC(1716) Pause Young (Normal) (G1 Evacuation Pause) 9672M->3091M(12288M) 74.311ms
[2024-08-15T14:40:45.289+0000][7941.234s][info][gc,cpu      ] GC(1716) User=0.43s Sys=0.00s Real=0.08s
[2024-08-15T14:40:53.672+0000][7949.616s][info][gc,start    ] GC(1717) Pause Young (Normal) (G1 Evacuation Pause)
[2024-08-15T14:40:53.672+0000][7949.616s][info][gc,task     ] GC(1717) Using 6 workers of 6 for evacuation
[2024-08-15T14:40:53.719+0000][7949.663s][info][gc,phases   ] GC(1717)   Pre Evacuate Collection Set: 0.2ms
[2024-08-15T14:40:53.719+0000][7949.663s][info][gc,phases   ] GC(1717)   Merge Heap Roots: 0.7ms
[2024-08-15T14:40:53.719+0000][7949.663s][info][gc,phases   ] GC(1717)   Evacuate Collection Set: 44.0ms
[2024-08-15T14:40:53.719+0000][7949.663s][info][gc,phases   ] GC(1717)   Post Evacuate Collection Set: 1.7ms
[2024-08-15T14:40:53.719+0000][7949.663s][info][gc,phases   ] GC(1717)   Other: 0.2ms
[2024-08-15T14:40:53.719+0000][7949.663s][info][gc,heap     ] GC(1717) Eden regions: 822->0(820)
[2024-08-15T14:40:53.719+0000][7949.663s][info][gc,heap     ] GC(1717) Survivor regions: 7->10(104)
[2024-08-15T14:40:53.719+0000][7949.663s][info][gc,heap     ] GC(1717) Old regions: 371->371
[2024-08-15T14:40:53.719+0000][7949.663s][info][gc,heap     ] GC(1717) Archive regions: 2->2
[2024-08-15T14:40:53.719+0000][7949.663s][info][gc,heap     ] GC(1717) Humongous regions: 9->9
[2024-08-15T14:40:53.719+0000][7949.663s][info][gc,metaspace] GC(1717) Metaspace: 441934K(448256K)->441934K(448256K) NonClass: 386934K(390528K)->386934K(390528K) Class: 55000K(57728K)->55000K(57728K)
[2024-08-15T14:40:53.719+0000][7949.663s][info][gc          ] GC(1717) Pause Young (Normal) (G1 Evacuation Pause) 9667M->3117M(12288M) 46.949ms
[2024-08-15T14:40:53.719+0000][7949.663s][info][gc,cpu      ] GC(1717) User=0.28s Sys=0.00s Real=0.05s
[2024-08-15T14:41:02.062+0000][7958.007s][info][gc,start    ] GC(1718) Pause Young (Concurrent Start) (G1 Evacuation Pause)
[2024-08-15T14:41:02.062+0000][7958.007s][info][gc,task     ] GC(1718) Using 6 workers of 6 for evacuation
[2024-08-15T14:41:02.099+0000][7958.044s][info][gc,phases   ] GC(1718)   Pre Evacuate Collection Set: 0.6ms
[2024-08-15T14:41:02.099+0000][7958.044s][info][gc,phases   ] GC(1718)   Merge Heap Roots: 0.3ms
[2024-08-15T14:41:02.099+0000][7958.044s][info][gc,phases   ] GC(1718)   Evacuate Collection Set: 34.0ms
[2024-08-15T14:41:02.099+0000][7958.044s][info][gc,phases   ] GC(1718)   Post Evacuate Collection Set: 1.8ms
[2024-08-15T14:41:02.099+0000][7958.044s][info][gc,phases   ] GC(1718)   Other: 0.3ms
[2024-08-15T14:41:02.099+0000][7958.044s][info][gc,heap     ] GC(1718) Eden regions: 820->0(819)
[2024-08-15T14:41:02.099+0000][7958.044s][info][gc,heap     ] GC(1718) Survivor regions: 10->12(104)
[2024-08-15T14:41:02.099+0000][7958.044s][info][gc,heap     ] GC(1718) Old regions: 371->371
[2024-08-15T14:41:02.099+0000][7958.044s][info][gc,heap     ] GC(1718) Archive regions: 2->2
[2024-08-15T14:41:02.099+0000][7958.044s][info][gc,heap     ] GC(1718) Humongous regions: 9->9
[2024-08-15T14:41:02.099+0000][7958.044s][info][gc,metaspace] GC(1718) Metaspace: 441934K(448256K)->441934K(448256K) NonClass: 386934K(390528K)->386934K(390528K) Class: 55000K(57728K)->55000K(57728K)
[2024-08-15T14:41:02.099+0000][7958.044s][info][gc          ] GC(1718) Pause Young (Concurrent Start) (G1 Evacuation Pause) 9677M->3136M(12288M) 37.070ms
[2024-08-15T14:41:02.099+0000][7958.044s][info][gc,cpu      ] GC(1718) User=0.22s Sys=0.00s Real=0.04s
[2024-08-15T14:41:02.099+0000][7958.044s][info][gc          ] GC(1719) Concurrent Mark Cycle
[2024-08-15T14:41:02.099+0000][7958.044s][info][gc,marking  ] GC(1719) Concurrent Clear Claimed Marks
[2024-08-15T14:41:02.100+0000][7958.044s][info][gc,marking  ] GC(1719) Concurrent Clear Claimed Marks 0.441ms
[2024-08-15T14:41:02.100+0000][7958.044s][info][gc,marking  ] GC(1719) Concurrent Scan Root Regions
[2024-08-15T14:41:02.134+0000][7958.078s][info][gc,marking  ] GC(1719) Concurrent Scan Root Regions 33.806ms
[2024-08-15T14:41:02.134+0000][7958.078s][info][gc,marking  ] GC(1719) Concurrent Mark
[2024-08-15T14:41:02.134+0000][7958.078s][info][gc,marking  ] GC(1719) Concurrent Mark From Roots
[2024-08-15T14:41:02.134+0000][7958.078s][info][gc,task     ] GC(1719) Using 2 workers of 2 for marking
[2024-08-15T14:41:04.228+0000][7960.173s][info][gc,marking  ] GC(1719) Concurrent Mark From Roots 2094.359ms
[2024-08-15T14:41:04.228+0000][7960.173s][info][gc,marking  ] GC(1719) Concurrent Preclean
[2024-08-15T14:41:04.229+0000][7960.174s][info][gc,marking  ] GC(1719) Concurrent Preclean 1.315ms
[2024-08-15T14:41:04.229+0000][7960.174s][info][gc,start    ] GC(1719) Pause Remark
[2024-08-15T14:41:04.253+0000][7960.198s][info][gc          ] GC(1719) Pause Remark 4596M->4596M(12288M) 23.452ms
[2024-08-15T14:41:04.253+0000][7960.198s][info][gc,cpu      ] GC(1719) User=0.10s Sys=0.00s Real=0.02s
[2024-08-15T14:41:04.253+0000][7960.198s][info][gc,marking  ] GC(1719) Concurrent Mark 2119.482ms
[2024-08-15T14:41:04.253+0000][7960.198s][info][gc,marking  ] GC(1719) Concurrent Rebuild Remembered Sets
[2024-08-15T14:41:05.533+0000][7961.478s][info][gc,marking  ] GC(1719) Concurrent Rebuild Remembered Sets 1280.211ms
[2024-08-15T14:41:05.533+0000][7961.478s][info][gc,start    ] GC(1719) Pause Cleanup
[2024-08-15T14:41:05.534+0000][7961.479s][info][gc          ] GC(1719) Pause Cleanup 5508M->5508M(12288M) 0.695ms
[2024-08-15T14:41:05.534+0000][7961.479s][info][gc,cpu      ] GC(1719) User=0.00s Sys=0.00s Real=0.00s
[2024-08-15T14:41:05.534+0000][7961.479s][info][gc,marking  ] GC(1719) Concurrent Cleanup for Next Mark
[2024-08-15T14:41:05.551+0000][7961.496s][info][gc,marking  ] GC(1719) Concurrent Cleanup for Next Mark 17.000ms
[2024-08-15T14:41:05.551+0000][7961.496s][info][gc          ] GC(1719) Concurrent Mark Cycle 3452.077ms
[2024-08-15T14:41:11.169+0000][7967.114s][info][gc,start    ] GC(1720) Pause Young (Prepare Mixed) (G1 Evacuation Pause)
[2024-08-15T14:41:11.169+0000][7967.114s][info][gc,task     ] GC(1720) Using 6 workers of 6 for evacuation
[2024-08-15T14:41:11.211+0000][7967.156s][info][gc,phases   ] GC(1720)   Pre Evacuate Collection Set: 0.2ms
[2024-08-15T14:41:11.211+0000][7967.156s][info][gc,phases   ] GC(1720)   Merge Heap Roots: 0.4ms
[2024-08-15T14:41:11.211+0000][7967.156s][info][gc,phases   ] GC(1720)   Evacuate Collection Set: 39.9ms
[2024-08-15T14:41:11.211+0000][7967.156s][info][gc,phases   ] GC(1720)   Post Evacuate Collection Set: 1.8ms
[2024-08-15T14:41:11.211+0000][7967.156s][info][gc,phases   ] GC(1720)   Other: 0.2ms
[2024-08-15T14:41:11.211+0000][7967.156s][info][gc,heap     ] GC(1720) Eden regions: 819->0(60)
[2024-08-15T14:41:11.212+0000][7967.156s][info][gc,heap     ] GC(1720) Survivor regions: 12->16(104)
[2024-08-15T14:41:11.212+0000][7967.156s][info][gc,heap     ] GC(1720) Old regions: 371->371
[2024-08-15T14:41:11.212+0000][7967.156s][info][gc,heap     ] GC(1720) Archive regions: 2->2
[2024-08-15T14:41:11.212+0000][7967.156s][info][gc,heap     ] GC(1720) Humongous regions: 9->9
[2024-08-15T14:41:11.212+0000][7967.156s][info][gc,metaspace] GC(1720) Metaspace: 441934K(448256K)->441934K(448256K) NonClass: 386934K(390528K)->386934K(390528K) Class: 55000K(57728K)->55000K(57728K)
[2024-08-15T14:41:11.212+0000][7967.156s][info][gc          ] GC(1720) Pause Young (Prepare Mixed) (G1 Evacuation Pause) 9688M->3163M(12288M) 42.516ms
[2024-08-15T14:41:11.212+0000][7967.156s][info][gc,cpu      ] GC(1720) User=0.26s Sys=0.00s Real=0.04s
[2024-08-15T14:41:11.856+0000][7967.800s][info][gc,start    ] GC(1721) Pause Young (Mixed) (G1 Evacuation Pause)
[2024-08-15T14:41:11.856+0000][7967.800s][info][gc,task     ] GC(1721) Using 6 workers of 6 for evacuation
[2024-08-15T14:41:11.922+0000][7967.866s][info][gc,phases   ] GC(1721)   Pre Evacuate Collection Set: 0.2ms
[2024-08-15T14:41:11.922+0000][7967.866s][info][gc,phases   ] GC(1721)   Merge Heap Roots: 0.3ms
[2024-08-15T14:41:11.922+0000][7967.866s][info][gc,phases   ] GC(1721)   Evacuate Collection Set: 64.0ms
[2024-08-15T14:41:11.922+0000][7967.866s][info][gc,phases   ] GC(1721)   Post Evacuate Collection Set: 1.3ms
[2024-08-15T14:41:11.922+0000][7967.866s][info][gc,phases   ] GC(1721)   Other: 0.2ms
[2024-08-15T14:41:11.922+0000][7967.866s][info][gc,heap     ] GC(1721) Eden regions: 60->0(835)
[2024-08-15T14:41:11.922+0000][7967.866s][info][gc,heap     ] GC(1721) Survivor regions: 16->6(10)
[2024-08-15T14:41:11.922+0000][7967.866s][info][gc,heap     ] GC(1721) Old regions: 371->361
[2024-08-15T14:41:11.922+0000][7967.866s][info][gc,heap     ] GC(1721) Archive regions: 2->2
[2024-08-15T14:41:11.922+0000][7967.866s][info][gc,heap     ] GC(1721) Humongous regions: 9->9
[2024-08-15T14:41:11.922+0000][7967.866s][info][gc,metaspace] GC(1721) Metaspace: 441934K(448256K)->441934K(448256K) NonClass: 386934K(390528K)->386934K(390528K) Class: 55000K(57728K)->55000K(57728K)
[2024-08-15T14:41:11.922+0000][7967.866s][info][gc          ] GC(1721) Pause Young (Mixed) (G1 Evacuation Pause) 3643M->3008M(12288M) 66.071ms
[2024-08-15T14:41:11.922+0000][7967.866s][info][gc,cpu      ] GC(1721) User=0.38s Sys=0.00s Real=0.06s
[2024-08-15T14:41:21.228+0000][7977.172s][info][gc,start    ] GC(1722) Pause Young (Normal) (G1 Evacuation Pause)
[2024-08-15T14:41:21.228+0000][7977.172s][info][gc,task     ] GC(1722) Using 6 workers of 6 for evacuation
[2024-08-15T14:41:21.250+0000][7977.194s][info][gc,phases   ] GC(1722)   Pre Evacuate Collection Set: 0.2ms
[2024-08-15T14:41:21.250+0000][7977.194s][info][gc,phases   ] GC(1722)   Merge Heap Roots: 0.3ms
[2024-08-15T14:41:21.250+0000][7977.194s][info][gc,phases   ] GC(1722)   Evacuate Collection Set: 19.9ms
[2024-08-15T14:41:21.250+0000][7977.194s][info][gc,phases   ] GC(1722)   Post Evacuate Collection Set: 1.7ms
[2024-08-15T14:41:21.250+0000][7977.194s][info][gc,phases   ] GC(1722)   Other: 0.2ms
[2024-08-15T14:41:21.250+0000][7977.194s][info][gc,heap     ] GC(1722) Eden regions: 835->0(832)
[2024-08-15T14:41:21.250+0000][7977.194s][info][gc,heap     ] GC(1722) Survivor regions: 6->9(106)
[2024-08-15T14:41:21.250+0000][7977.194s][info][gc,heap     ] GC(1722) Old regions: 361->361
[2024-08-15T14:41:21.250+0000][7977.194s][info][gc,heap     ] GC(1722) Archive regions: 2->2
[2024-08-15T14:41:21.250+0000][7977.194s][info][gc,heap     ] GC(1722) Humongous regions: 9->9
[2024-08-15T14:41:21.250+0000][7977.195s][info][gc,metaspace] GC(1722) Metaspace: 441934K(448256K)->441934K(448256K) NonClass: 386934K(390528K)->386934K(390528K) Class: 55000K(57728K)->55000K(57728K)
[2024-08-15T14:41:21.250+0000][7977.195s][info][gc          ] GC(1722) Pause Young (Normal) (G1 Evacuation Pause) 9688M->3032M(12288M) 22.289ms
[2024-08-15T14:41:21.250+0000][7977.195s][info][gc,cpu      ] GC(1722) User=0.13s Sys=0.00s Real=0.02s
[2024-08-15T14:41:30.543+0000][7986.488s][info][gc,start    ] GC(1723) Pause Young (Normal) (G1 Evacuation Pause)
[2024-08-15T14:41:30.543+0000][7986.488s][info][gc,task     ] GC(1723) Using 6 workers of 6 for evacuation
[2024-08-15T14:41:30.570+0000][7986.515s][info][gc,phases   ] GC(1723)   Pre Evacuate Collection Set: 0.2ms
[2024-08-15T14:41:30.570+0000][7986.515s][info][gc,phases   ] GC(1723)   Merge Heap Roots: 0.3ms
[2024-08-15T14:41:30.570+0000][7986.515s][info][gc,phases   ] GC(1723)   Evacuate Collection Set: 25.0ms
[2024-08-15T14:41:30.570+0000][7986.515s][info][gc,phases   ] GC(1723)   Post Evacuate Collection Set: 1.7ms
[2024-08-15T14:41:30.570+0000][7986.515s][info][gc,phases   ] GC(1723)   Other: 0.3ms
[2024-08-15T14:41:30.570+0000][7986.515s][info][gc,heap     ] GC(1723) Eden regions: 832->0(828)
[2024-08-15T14:41:30.570+0000][7986.515s][info][gc,heap     ] GC(1723) Survivor regions: 9->13(106)
[2024-08-15T14:41:30.570+0000][7986.515s][info][gc,heap     ] GC(1723) Old regions: 361->361
[2024-08-15T14:41:30.570+0000][7986.515s][info][gc,heap     ] GC(1723) Archive regions: 2->2
[2024-08-15T14:41:30.571+0000][7986.515s][info][gc,heap     ] GC(1723) Humongous regions: 9->9
[2024-08-15T14:41:30.571+0000][7986.515s][info][gc,metaspace] GC(1723) Metaspace: 441950K(448256K)->441950K(448256K) NonClass: 386949K(390528K)->386949K(390528K) Class: 55000K(57728K)->55000K(57728K)
[2024-08-15T14:41:30.571+0000][7986.515s][info][gc          ] GC(1723) Pause Young (Normal) (G1 Evacuation Pause) 9688M->3062M(12288M) 27.431ms
[2024-08-15T14:41:30.571+0000][7986.515s][info][gc,cpu      ] GC(1723) User=0.16s Sys=0.00s Real=0.02s
[2024-08-15T14:41:39.274+0000][7995.219s][info][gc,start    ] GC(1724) Pause Young (Concurrent Start) (G1 Evacuation Pause)
[2024-08-15T14:41:39.274+0000][7995.219s][info][gc,task     ] GC(1724) Using 6 workers of 6 for evacuation
[2024-08-15T14:41:39.305+0000][7995.250s][info][gc,phases   ] GC(1724)   Pre Evacuate Collection Set: 0.6ms
[2024-08-15T14:41:39.305+0000][7995.250s][info][gc,phases   ] GC(1724)   Merge Heap Roots: 0.3ms
[2024-08-15T14:41:39.305+0000][7995.250s][info][gc,phases   ] GC(1724)   Evacuate Collection Set: 28.4ms
[2024-08-15T14:41:39.305+0000][7995.250s][info][gc,phases   ] GC(1724)   Post Evacuate Collection Set: 1.8ms
[2024-08-15T14:41:39.305+0000][7995.250s][info][gc,phases   ] GC(1724)   Other: 0.3ms
[2024-08-15T14:41:39.305+0000][7995.250s][info][gc,heap     ] GC(1724) Eden regions: 828->0(829)
[2024-08-15T14:41:39.305+0000][7995.250s][info][gc,heap     ] GC(1724) Survivor regions: 13->13(106)
[2024-08-15T14:41:39.305+0000][7995.250s][info][gc,heap     ] GC(1724) Old regions: 361->361
[2024-08-15T14:41:39.305+0000][7995.250s][info][gc,heap     ] GC(1724) Archive regions: 2->2
[2024-08-15T14:41:39.305+0000][7995.250s][info][gc,heap     ] GC(1724) Humongous regions: 9->9
[2024-08-15T14:41:39.305+0000][7995.250s][info][gc,metaspace] GC(1724) Metaspace: 441951K(448256K)->441951K(448256K) NonClass: 386950K(390528K)->386950K(390528K) Class: 55000K(57728K)->55000K(57728K)
[2024-08-15T14:41:39.305+0000][7995.250s][info][gc          ] GC(1724) Pause Young (Concurrent Start) (G1 Evacuation Pause) 9686M->3063M(12288M) 31.428ms
[2024-08-15T14:41:39.305+0000][7995.250s][info][gc,cpu      ] GC(1724) User=0.19s Sys=0.00s Real=0.04s
[2024-08-15T14:41:39.305+0000][7995.250s][info][gc          ] GC(1725) Concurrent Mark Cycle
[2024-08-15T14:41:39.305+0000][7995.250s][info][gc,marking  ] GC(1725) Concurrent Clear Claimed Marks
[2024-08-15T14:41:39.306+0000][7995.251s][info][gc,marking  ] GC(1725) Concurrent Clear Claimed Marks 0.433ms
[2024-08-15T14:41:39.306+0000][7995.251s][info][gc,marking  ] GC(1725) Concurrent Scan Root Regions
[2024-08-15T14:41:39.336+0000][7995.280s][info][gc,marking  ] GC(1725) Concurrent Scan Root Regions 29.617ms
[2024-08-15T14:41:39.336+0000][7995.280s][info][gc,marking  ] GC(1725) Concurrent Mark
[2024-08-15T14:41:39.336+0000][7995.280s][info][gc,marking  ] GC(1725) Concurrent Mark From Roots
[2024-08-15T14:41:39.336+0000][7995.280s][info][gc,task     ] GC(1725) Using 2 workers of 2 for marking
[2024-08-15T14:41:41.428+0000][7997.373s][info][gc,marking  ] GC(1725) Concurrent Mark From Roots 2092.699ms
[2024-08-15T14:41:41.428+0000][7997.373s][info][gc,marking  ] GC(1725) Concurrent Preclean
[2024-08-15T14:41:41.430+0000][7997.374s][info][gc,marking  ] GC(1725) Concurrent Preclean 1.262ms
[2024-08-15T14:41:41.430+0000][7997.374s][info][gc,start    ] GC(1725) Pause Remark
[2024-08-15T14:41:41.453+0000][7997.398s][info][gc          ] GC(1725) Pause Remark 4567M->4535M(12288M) 23.273ms
[2024-08-15T14:41:41.453+0000][7997.398s][info][gc,cpu      ] GC(1725) User=0.10s Sys=0.00s Real=0.02s
[2024-08-15T14:41:41.453+0000][7997.398s][info][gc,marking  ] GC(1725) Concurrent Mark 2117.712ms
[2024-08-15T14:41:41.453+0000][7997.398s][info][gc,marking  ] GC(1725) Concurrent Rebuild Remembered Sets
[2024-08-15T14:41:42.679+0000][7998.624s][info][gc,marking  ] GC(1725) Concurrent Rebuild Remembered Sets 1226.090ms
[2024-08-15T14:41:42.680+0000][7998.624s][info][gc,start    ] GC(1725) Pause Cleanup
[2024-08-15T14:41:42.680+0000][7998.625s][info][gc          ] GC(1725) Pause Cleanup 5343M->5343M(12288M) 0.599ms
[2024-08-15T14:41:42.680+0000][7998.625s][info][gc,cpu      ] GC(1725) User=0.01s Sys=0.00s Real=0.00s
[2024-08-15T14:41:42.680+0000][7998.625s][info][gc,marking  ] GC(1725) Concurrent Cleanup for Next Mark
[2024-08-15T14:41:42.697+0000][7998.642s][info][gc,marking  ] GC(1725) Concurrent Cleanup for Next Mark 17.000ms
[2024-08-15T14:41:42.697+0000][7998.642s][info][gc          ] GC(1725) Concurrent Mark Cycle 3391.900ms
[2024-08-15T14:41:48.567+0000][8004.511s][info][gc,start    ] GC(1726) Pause Young (Prepare Mixed) (G1 Evacuation Pause)
[2024-08-15T14:41:48.567+0000][8004.511s][info][gc,task     ] GC(1726) Using 6 workers of 6 for evacuation
[2024-08-15T14:41:48.603+0000][8004.547s][info][gc,phases   ] GC(1726)   Pre Evacuate Collection Set: 0.2ms
[2024-08-15T14:41:48.603+0000][8004.547s][info][gc,phases   ] GC(1726)   Merge Heap Roots: 0.4ms
[2024-08-15T14:41:48.603+0000][8004.547s][info][gc,phases   ] GC(1726)   Evacuate Collection Set: 33.3ms
[2024-08-15T14:41:48.603+0000][8004.547s][info][gc,phases   ] GC(1726)   Post Evacuate Collection Set: 1.9ms
[2024-08-15T14:41:48.603+0000][8004.547s][info][gc,phases   ] GC(1726)   Other: 0.2ms
[2024-08-15T14:41:48.603+0000][8004.547s][info][gc,heap     ] GC(1726) Eden regions: 829->0(61)
[2024-08-15T14:41:48.603+0000][8004.547s][info][gc,heap     ] GC(1726) Survivor regions: 13->15(106)
[2024-08-15T14:41:48.603+0000][8004.547s][info][gc,heap     ] GC(1726) Old regions: 361->361
[2024-08-15T14:41:48.603+0000][8004.547s][info][gc,heap     ] GC(1726) Archive regions: 2->2
[2024-08-15T14:41:48.603+0000][8004.547s][info][gc,heap     ] GC(1726) Humongous regions: 5->5
[2024-08-15T14:41:48.603+0000][8004.547s][info][gc,metaspace] GC(1726) Metaspace: 441951K(448256K)->441951K(448256K) NonClass: 386950K(390528K)->386950K(390528K) Class: 55000K(57728K)->55000K(57728K)
[2024-08-15T14:41:48.603+0000][8004.547s][info][gc          ] GC(1726) Pause Young (Prepare Mixed) (G1 Evacuation Pause) 9663M->3050M(12288M) 36.012ms
[2024-08-15T14:41:48.603+0000][8004.547s][info][gc,cpu      ] GC(1726) User=0.21s Sys=0.00s Real=0.03s
[2024-08-15T14:41:49.276+0000][8005.220s][info][gc,start    ] GC(1727) Pause Young (Mixed) (G1 Evacuation Pause)
[2024-08-15T14:41:49.276+0000][8005.220s][info][gc,task     ] GC(1727) Using 6 workers of 6 for evacuation
[2024-08-15T14:41:49.344+0000][8005.288s][info][gc,phases   ] GC(1727)   Pre Evacuate Collection Set: 0.2ms
[2024-08-15T14:41:49.344+0000][8005.288s][info][gc,phases   ] GC(1727)   Merge Heap Roots: 0.3ms
[2024-08-15T14:41:49.344+0000][8005.288s][info][gc,phases   ] GC(1727)   Evacuate Collection Set: 66.1ms
[2024-08-15T14:41:49.344+0000][8005.288s][info][gc,phases   ] GC(1727)   Post Evacuate Collection Set: 1.4ms
[2024-08-15T14:41:49.344+0000][8005.288s][info][gc,phases   ] GC(1727)   Other: 0.2ms
[2024-08-15T14:41:49.344+0000][8005.288s][info][gc,heap     ] GC(1727) Eden regions: 61->0(844)
[2024-08-15T14:41:49.344+0000][8005.288s][info][gc,heap     ] GC(1727) Survivor regions: 15->6(10)
[2024-08-15T14:41:49.344+0000][8005.288s][info][gc,heap     ] GC(1727) Old regions: 361->356
[2024-08-15T14:41:49.344+0000][8005.288s][info][gc,heap     ] GC(1727) Archive regions: 2->2
[2024-08-15T14:41:49.344+0000][8005.288s][info][gc,heap     ] GC(1727) Humongous regions: 5->5
[2024-08-15T14:41:49.344+0000][8005.288s][info][gc,metaspace] GC(1727) Metaspace: 441951K(448256K)->441951K(448256K) NonClass: 386950K(390528K)->386950K(390528K) Class: 55000K(57728K)->55000K(57728K)
[2024-08-15T14:41:49.344+0000][8005.288s][info][gc          ] GC(1727) Pause Young (Mixed) (G1 Evacuation Pause) 3538M->2929M(12288M) 68.269ms
[2024-08-15T14:41:49.344+0000][8005.289s][info][gc,cpu      ] GC(1727) User=0.41s Sys=0.00s Real=0.07s
[2024-08-15T14:41:58.508+0000][8014.452s][info][gc,start    ] GC(1728) Pause Young (Normal) (G1 Evacuation Pause)
[2024-08-15T14:41:58.508+0000][8014.452s][info][gc,task     ] GC(1728) Using 6 workers of 6 for evacuation
[2024-08-15T14:41:58.529+0000][8014.474s][info][gc,phases   ] GC(1728)   Pre Evacuate Collection Set: 0.2ms
[2024-08-15T14:41:58.529+0000][8014.474s][info][gc,phases   ] GC(1728)   Merge Heap Roots: 0.2ms
[2024-08-15T14:41:58.529+0000][8014.474s][info][gc,phases   ] GC(1728)   Evacuate Collection Set: 19.6ms
[2024-08-15T14:41:58.529+0000][8014.474s][info][gc,phases   ] GC(1728)   Post Evacuate Collection Set: 1.7ms
[2024-08-15T14:41:58.529+0000][8014.474s][info][gc,phases   ] GC(1728)   Other: 0.2ms
[2024-08-15T14:41:58.529+0000][8014.474s][info][gc,heap     ] GC(1728) Eden regions: 844->0(842)
[2024-08-15T14:41:58.529+0000][8014.474s][info][gc,heap     ] GC(1728) Survivor regions: 6->9(107)
[2024-08-15T14:41:58.529+0000][8014.474s][info][gc,heap     ] GC(1728) Old regions: 356->356
[2024-08-15T14:41:58.529+0000][8014.474s][info][gc,heap     ] GC(1728) Archive regions: 2->2
[2024-08-15T14:41:58.529+0000][8014.474s][info][gc,heap     ] GC(1728) Humongous regions: 5->5
[2024-08-15T14:41:58.529+0000][8014.474s][info][gc,metaspace] GC(1728) Metaspace: 441951K(448256K)->441951K(448256K) NonClass: 386950K(390528K)->386950K(390528K) Class: 55000K(57728K)->55000K(57728K)
[2024-08-15T14:41:58.530+0000][8014.474s][info][gc          ] GC(1728) Pause Young (Normal) (G1 Evacuation Pause) 9681M->2953M(12288M) 21.957ms
[2024-08-15T14:41:58.530+0000][8014.474s][info][gc,cpu      ] GC(1728) User=0.13s Sys=0.00s Real=0.02s
[2024-08-15T14:42:07.731+0000][8023.676s][info][gc,start    ] GC(1729) Pause Young (Normal) (G1 Evacuation Pause)
[2024-08-15T14:42:07.731+0000][8023.676s][info][gc,task     ] GC(1729) Using 6 workers of 6 for evacuation
[2024-08-15T14:42:07.759+0000][8023.704s][info][gc,phases   ] GC(1729)   Pre Evacuate Collection Set: 0.2ms
[2024-08-15T14:42:07.759+0000][8023.704s][info][gc,phases   ] GC(1729)   Merge Heap Roots: 0.3ms
[2024-08-15T14:42:07.759+0000][8023.704s][info][gc,phases   ] GC(1729)   Evacuate Collection Set: 25.4ms
[2024-08-15T14:42:07.759+0000][8023.704s][info][gc,phases   ] GC(1729)   Post Evacuate Collection Set: 1.8ms
[2024-08-15T14:42:07.759+0000][8023.704s][info][gc,phases   ] GC(1729)   Other: 0.2ms
[2024-08-15T14:42:07.759+0000][8023.704s][info][gc,heap     ] GC(1729) Eden regions: 842->0(838)
[2024-08-15T14:42:07.759+0000][8023.704s][info][gc,heap     ] GC(1729) Survivor regions: 9->12(107)
[2024-08-15T14:42:07.759+0000][8023.704s][info][gc,heap     ] GC(1729) Old regions: 356->356
[2024-08-15T14:42:07.759+0000][8023.704s][info][gc,heap     ] GC(1729) Archive regions: 2->2
[2024-08-15T14:42:07.759+0000][8023.704s][info][gc,heap     ] GC(1729) Humongous regions: 5->5
[2024-08-15T14:42:07.759+0000][8023.704s][info][gc,metaspace] GC(1729) Metaspace: 441951K(448256K)->441951K(448256K) NonClass: 386950K(390528K)->386950K(390528K) Class: 55000K(57728K)->55000K(57728K)
[2024-08-15T14:42:07.759+0000][8023.704s][info][gc          ] GC(1729) Pause Young (Normal) (G1 Evacuation Pause) 9689M->2981M(12288M) 27.911ms
[2024-08-15T14:42:07.759+0000][8023.704s][info][gc,cpu      ] GC(1729) User=0.15s Sys=0.00s Real=0.03s
[2024-08-15T14:42:16.562+0000][8032.507s][info][gc,start    ] GC(1730) Pause Young (Concurrent Start) (G1 Evacuation Pause)
[2024-08-15T14:42:16.562+0000][8032.507s][info][gc,task     ] GC(1730) Using 6 workers of 6 for evacuation
[2024-08-15T14:42:16.596+0000][8032.540s][info][gc,phases   ] GC(1730)   Pre Evacuate Collection Set: 0.6ms
[2024-08-15T14:42:16.596+0000][8032.540s][info][gc,phases   ] GC(1730)   Merge Heap Roots: 0.3ms
[2024-08-15T14:42:16.596+0000][8032.540s][info][gc,phases   ] GC(1730)   Evacuate Collection Set: 30.7ms
[2024-08-15T14:42:16.596+0000][8032.540s][info][gc,phases   ] GC(1730)   Post Evacuate Collection Set: 1.8ms
[2024-08-15T14:42:16.596+0000][8032.540s][info][gc,phases   ] GC(1730)   Other: 0.3ms
[2024-08-15T14:42:16.596+0000][8032.540s][info][gc,heap     ] GC(1730) Eden regions: 838->0(837)
[2024-08-15T14:42:16.596+0000][8032.540s][info][gc,heap     ] GC(1730) Survivor regions: 12->13(107)
[2024-08-15T14:42:16.596+0000][8032.540s][info][gc,heap     ] GC(1730) Old regions: 356->356
[2024-08-15T14:42:16.596+0000][8032.540s][info][gc,heap     ] GC(1730) Archive regions: 2->2
[2024-08-15T14:42:16.596+0000][8032.541s][info][gc,heap     ] GC(1730) Humongous regions: 5->5
[2024-08-15T14:42:16.596+0000][8032.541s][info][gc,metaspace] GC(1730) Metaspace: 441951K(448256K)->441951K(448256K) NonClass: 386951K(390528K)->386951K(390528K) Class: 55000K(57728K)->55000K(57728K)
[2024-08-15T14:42:16.596+0000][8032.541s][info][gc          ] GC(1730) Pause Young (Concurrent Start) (G1 Evacuation Pause) 9685M->2984M(12288M) 33.698ms
[2024-08-15T14:42:16.596+0000][8032.541s][info][gc,cpu      ] GC(1730) User=0.20s Sys=0.00s Real=0.04s
[2024-08-15T14:42:16.596+0000][8032.541s][info][gc          ] GC(1731) Concurrent Mark Cycle
[2024-08-15T14:42:16.596+0000][8032.541s][info][gc,marking  ] GC(1731) Concurrent Clear Claimed Marks
[2024-08-15T14:42:16.596+0000][8032.541s][info][gc,marking  ] GC(1731) Concurrent Clear Claimed Marks 0.434ms
[2024-08-15T14:42:16.596+0000][8032.541s][info][gc,marking  ] GC(1731) Concurrent Scan Root Regions
[2024-08-15T14:42:16.631+0000][8032.575s][info][gc,marking  ] GC(1731) Concurrent Scan Root Regions 34.368ms
[2024-08-15T14:42:16.631+0000][8032.576s][info][gc,marking  ] GC(1731) Concurrent Mark
[2024-08-15T14:42:16.631+0000][8032.576s][info][gc,marking  ] GC(1731) Concurrent Mark From Roots
[2024-08-15T14:42:16.631+0000][8032.576s][info][gc,task     ] GC(1731) Using 2 workers of 2 for marking
[2024-08-15T14:42:18.810+0000][8034.754s][info][gc,marking  ] GC(1731) Concurrent Mark From Roots 2178.607ms
[2024-08-15T14:42:18.810+0000][8034.754s][info][gc,marking  ] GC(1731) Concurrent Preclean
[2024-08-15T14:42:18.811+0000][8034.755s][info][gc,marking  ] GC(1731) Concurrent Preclean 1.265ms
[2024-08-15T14:42:18.811+0000][8034.756s][info][gc,start    ] GC(1731) Pause Remark
[2024-08-15T14:42:18.834+0000][8034.779s][info][gc          ] GC(1731) Pause Remark 4528M->4528M(12288M) 23.397ms
[2024-08-15T14:42:18.834+0000][8034.779s][info][gc,cpu      ] GC(1731) User=0.10s Sys=0.00s Real=0.02s
[2024-08-15T14:42:18.835+0000][8034.779s][info][gc,marking  ] GC(1731) Concurrent Mark 2203.717ms
[2024-08-15T14:42:18.835+0000][8034.779s][info][gc,marking  ] GC(1731) Concurrent Rebuild Remembered Sets
[2024-08-15T14:42:20.150+0000][8036.095s][info][gc,marking  ] GC(1731) Concurrent Rebuild Remembered Sets 1315.617ms
[2024-08-15T14:42:20.150+0000][8036.095s][info][gc,start    ] GC(1731) Pause Cleanup
[2024-08-15T14:42:20.151+0000][8036.096s][info][gc          ] GC(1731) Pause Cleanup 5432M->5432M(12288M) 0.594ms
[2024-08-15T14:42:20.151+0000][8036.096s][info][gc,cpu      ] GC(1731) User=0.00s Sys=0.00s Real=0.00s
[2024-08-15T14:42:20.151+0000][8036.096s][info][gc,marking  ] GC(1731) Concurrent Cleanup for Next Mark
[2024-08-15T14:42:20.168+0000][8036.113s][info][gc,marking  ] GC(1731) Concurrent Cleanup for Next Mark 17.081ms
[2024-08-15T14:42:20.168+0000][8036.113s][info][gc          ] GC(1731) Concurrent Mark Cycle 3572.350ms
[2024-08-15T14:42:25.900+0000][8041.845s][info][gc,start    ] GC(1732) Pause Young (Prepare Mixed) (G1 Evacuation Pause)
[2024-08-15T14:42:25.900+0000][8041.845s][info][gc,task     ] GC(1732) Using 6 workers of 6 for evacuation
[2024-08-15T14:42:25.937+0000][8041.881s][info][gc,phases   ] GC(1732)   Pre Evacuate Collection Set: 0.2ms
[2024-08-15T14:42:25.937+0000][8041.881s][info][gc,phases   ] GC(1732)   Merge Heap Roots: 0.4ms
[2024-08-15T14:42:25.937+0000][8041.881s][info][gc,phases   ] GC(1732)   Evacuate Collection Set: 34.3ms
[2024-08-15T14:42:25.937+0000][8041.881s][info][gc,phases   ] GC(1732)   Post Evacuate Collection Set: 1.8ms
[2024-08-15T14:42:25.937+0000][8041.881s][info][gc,phases   ] GC(1732)   Other: 0.2ms
[2024-08-15T14:42:25.937+0000][8041.881s][info][gc,heap     ] GC(1732) Eden regions: 837->0(60)
[2024-08-15T14:42:25.937+0000][8041.881s][info][gc,heap     ] GC(1732) Survivor regions: 13->16(107)
[2024-08-15T14:42:25.937+0000][8041.882s][info][gc,heap     ] GC(1732) Old regions: 356->356
[2024-08-15T14:42:25.937+0000][8041.882s][info][gc,heap     ] GC(1732) Archive regions: 2->2
[2024-08-15T14:42:25.937+0000][8041.882s][info][gc,heap     ] GC(1732) Humongous regions: 5->5
[2024-08-15T14:42:25.937+0000][8041.882s][info][gc,metaspace] GC(1732) Metaspace: 441951K(448256K)->441951K(448256K) NonClass: 386951K(390528K)->386951K(390528K) Class: 55000K(57728K)->55000K(57728K)
[2024-08-15T14:42:25.937+0000][8041.882s][info][gc          ] GC(1732) Pause Young (Prepare Mixed) (G1 Evacuation Pause) 9680M->3008M(12288M) 36.922ms
[2024-08-15T14:42:25.937+0000][8041.882s][info][gc,cpu      ] GC(1732) User=0.22s Sys=0.00s Real=0.04s
[2024-08-15T14:42:26.585+0000][8042.530s][info][gc,start    ] GC(1733) Pause Young (Mixed) (G1 Evacuation Pause)
[2024-08-15T14:42:26.585+0000][8042.530s][info][gc,task     ] GC(1733) Using 6 workers of 6 for evacuation
[2024-08-15T14:42:26.671+0000][8042.616s][info][gc,phases   ] GC(1733)   Pre Evacuate Collection Set: 0.2ms
[2024-08-15T14:42:26.671+0000][8042.616s][info][gc,phases   ] GC(1733)   Merge Heap Roots: 0.6ms
[2024-08-15T14:42:26.671+0000][8042.616s][info][gc,phases   ] GC(1733)   Evacuate Collection Set: 83.4ms
[2024-08-15T14:42:26.671+0000][8042.616s][info][gc,phases   ] GC(1733)   Post Evacuate Collection Set: 1.4ms
[2024-08-15T14:42:26.671+0000][8042.616s][info][gc,phases   ] GC(1733)   Other: 0.2ms
[2024-08-15T14:42:26.671+0000][8042.616s][info][gc,heap     ] GC(1733) Eden regions: 60->0(848)
[2024-08-15T14:42:26.671+0000][8042.616s][info][gc,heap     ] GC(1733) Survivor regions: 16->5(10)
[2024-08-15T14:42:26.671+0000][8042.616s][info][gc,heap     ] GC(1733) Old regions: 356->353
[2024-08-15T14:42:26.671+0000][8042.616s][info][gc,heap     ] GC(1733) Archive regions: 2->2
[2024-08-15T14:42:26.671+0000][8042.616s][info][gc,heap     ] GC(1733) Humongous regions: 5->5
[2024-08-15T14:42:26.671+0000][8042.616s][info][gc,metaspace] GC(1733) Metaspace: 441951K(448256K)->441951K(448256K) NonClass: 386951K(390528K)->386951K(390528K) Class: 55000K(57728K)->55000K(57728K)
[2024-08-15T14:42:26.671+0000][8042.616s][info][gc          ] GC(1733) Pause Young (Mixed) (G1 Evacuation Pause) 3488M->2908M(12288M) 85.924ms
[2024-08-15T14:42:26.671+0000][8042.616s][info][gc,cpu      ] GC(1733) User=0.51s Sys=0.00s Real=0.08s
[2024-08-15T14:42:35.781+0000][8051.725s][info][gc,start    ] GC(1734) Pause Young (Normal) (G1 Evacuation Pause)
[2024-08-15T14:42:35.781+0000][8051.725s][info][gc,task     ] GC(1734) Using 6 workers of 6 for evacuation
[2024-08-15T14:42:35.802+0000][8051.747s][info][gc,phases   ] GC(1734)   Pre Evacuate Collection Set: 0.2ms
[2024-08-15T14:42:35.802+0000][8051.747s][info][gc,phases   ] GC(1734)   Merge Heap Roots: 0.3ms
[2024-08-15T14:42:35.802+0000][8051.747s][info][gc,phases   ] GC(1734)   Evacuate Collection Set: 18.9ms
[2024-08-15T14:42:35.802+0000][8051.747s][info][gc,phases   ] GC(1734)   Post Evacuate Collection Set: 1.7ms
[2024-08-15T14:42:35.802+0000][8051.747s][info][gc,phases   ] GC(1734)   Other: 0.2ms
[2024-08-15T14:42:35.802+0000][8051.747s][info][gc,heap     ] GC(1734) Eden regions: 848->0(844)
[2024-08-15T14:42:35.802+0000][8051.747s][info][gc,heap     ] GC(1734) Survivor regions: 5->9(107)
[2024-08-15T14:42:35.802+0000][8051.747s][info][gc,heap     ] GC(1734) Old regions: 353->353
[2024-08-15T14:42:35.802+0000][8051.747s][info][gc,heap     ] GC(1734) Archive regions: 2->2
[2024-08-15T14:42:35.802+0000][8051.747s][info][gc,heap     ] GC(1734) Humongous regions: 5->5
[2024-08-15T14:42:35.802+0000][8051.747s][info][gc,metaspace] GC(1734) Metaspace: 441955K(448256K)->441955K(448256K) NonClass: 386955K(390528K)->386955K(390528K) Class: 55000K(57728K)->55000K(57728K)
[2024-08-15T14:42:35.802+0000][8051.747s][info][gc          ] GC(1734) Pause Young (Normal) (G1 Evacuation Pause) 9692M->2934M(12288M) 21.403ms
[2024-08-15T14:42:35.802+0000][8051.747s][info][gc,cpu      ] GC(1734) User=0.13s Sys=0.00s Real=0.02s
[2024-08-15T14:42:44.731+0000][8060.675s][info][gc,start    ] GC(1735) Pause Young (Normal) (G1 Evacuation Pause)
[2024-08-15T14:42:44.731+0000][8060.675s][info][gc,task     ] GC(1735) Using 6 workers of 6 for evacuation
[2024-08-15T14:42:44.756+0000][8060.700s][info][gc,phases   ] GC(1735)   Pre Evacuate Collection Set: 0.2ms
[2024-08-15T14:42:44.756+0000][8060.700s][info][gc,phases   ] GC(1735)   Merge Heap Roots: 0.2ms
[2024-08-15T14:42:44.756+0000][8060.700s][info][gc,phases   ] GC(1735)   Evacuate Collection Set: 22.6ms
[2024-08-15T14:42:44.756+0000][8060.700s][info][gc,phases   ] GC(1735)   Post Evacuate Collection Set: 1.9ms
[2024-08-15T14:42:44.756+0000][8060.700s][info][gc,phases   ] GC(1735)   Other: 0.2ms
[2024-08-15T14:42:44.756+0000][8060.700s][info][gc,heap     ] GC(1735) Eden regions: 844->0(845)
[2024-08-15T14:42:44.756+0000][8060.700s][info][gc,heap     ] GC(1735) Survivor regions: 9->9(107)
[2024-08-15T14:42:44.756+0000][8060.700s][info][gc,heap     ] GC(1735) Old regions: 353->353
[2024-08-15T14:42:44.756+0000][8060.700s][info][gc,heap     ] GC(1735) Archive regions: 2->2
[2024-08-15T14:42:44.756+0000][8060.700s][info][gc,heap     ] GC(1735) Humongous regions: 5->5
[2024-08-15T14:42:44.756+0000][8060.700s][info][gc,metaspace] GC(1735) Metaspace: 441957K(448256K)->441957K(448256K) NonClass: 386957K(390528K)->386957K(390528K) Class: 55000K(57728K)->55000K(57728K)
[2024-08-15T14:42:44.756+0000][8060.700s][info][gc          ] GC(1735) Pause Young (Normal) (G1 Evacuation Pause) 9686M->2936M(12288M) 25.180ms
[2024-08-15T14:42:44.756+0000][8060.700s][info][gc,cpu      ] GC(1735) User=0.15s Sys=0.00s Real=0.03s
[2024-08-15T14:42:53.867+0000][8069.812s][info][gc,start    ] GC(1736) Pause Young (Concurrent Start) (G1 Evacuation Pause)
[2024-08-15T14:42:53.867+0000][8069.812s][info][gc,task     ] GC(1736) Using 6 workers of 6 for evacuation
[2024-08-15T14:42:53.899+0000][8069.844s][info][gc,phases   ] GC(1736)   Pre Evacuate Collection Set: 0.6ms
[2024-08-15T14:42:53.899+0000][8069.844s][info][gc,phases   ] GC(1736)   Merge Heap Roots: 0.2ms
[2024-08-15T14:42:53.899+0000][8069.844s][info][gc,phases   ] GC(1736)   Evacuate Collection Set: 28.7ms
[2024-08-15T14:42:53.899+0000][8069.844s][info][gc,phases   ] GC(1736)   Post Evacuate Collection Set: 1.8ms
[2024-08-15T14:42:53.899+0000][8069.844s][info][gc,phases   ] GC(1736)   Other: 0.3ms
[2024-08-15T14:42:53.899+0000][8069.844s][info][gc,heap     ] GC(1736) Eden regions: 845->0(842)
[2024-08-15T14:42:53.899+0000][8069.844s][info][gc,heap     ] GC(1736) Survivor regions: 9->12(107)
[2024-08-15T14:42:53.899+0000][8069.844s][info][gc,heap     ] GC(1736) Old regions: 353->353
[2024-08-15T14:42:53.899+0000][8069.844s][info][gc,heap     ] GC(1736) Archive regions: 2->2
[2024-08-15T14:42:53.899+0000][8069.844s][info][gc,heap     ] GC(1736) Humongous regions: 5->5
[2024-08-15T14:42:53.899+0000][8069.844s][info][gc,metaspace] GC(1736) Metaspace: 441958K(448256K)->441958K(448256K) NonClass: 386958K(390528K)->386958K(390528K) Class: 55000K(57728K)->55000K(57728K)
[2024-08-15T14:42:53.899+0000][8069.844s][info][gc          ] GC(1736) Pause Young (Concurrent Start) (G1 Evacuation Pause) 9696M->2964M(12288M) 31.688ms
[2024-08-15T14:42:53.899+0000][8069.844s][info][gc,cpu      ] GC(1736) User=0.19s Sys=0.00s Real=0.03s
[2024-08-15T14:42:53.899+0000][8069.844s][info][gc          ] GC(1737) Concurrent Mark Cycle
[2024-08-15T14:42:53.899+0000][8069.844s][info][gc,marking  ] GC(1737) Concurrent Clear Claimed Marks
[2024-08-15T14:42:53.900+0000][8069.844s][info][gc,marking  ] GC(1737) Concurrent Clear Claimed Marks 0.434ms
[2024-08-15T14:42:53.900+0000][8069.844s][info][gc,marking  ] GC(1737) Concurrent Scan Root Regions
[2024-08-15T14:42:53.936+0000][8069.880s][info][gc,marking  ] GC(1737) Concurrent Scan Root Regions 36.149ms
[2024-08-15T14:42:53.936+0000][8069.880s][info][gc,marking  ] GC(1737) Concurrent Mark
[2024-08-15T14:42:53.936+0000][8069.880s][info][gc,marking  ] GC(1737) Concurrent Mark From Roots
[2024-08-15T14:42:53.936+0000][8069.881s][info][gc,task     ] GC(1737) Using 2 workers of 2 for marking
[2024-08-15T14:42:56.068+0000][8072.012s][info][gc,marking  ] GC(1737) Concurrent Mark From Roots 2131.838ms
[2024-08-15T14:42:56.068+0000][8072.012s][info][gc,marking  ] GC(1737) Concurrent Preclean
[2024-08-15T14:42:56.069+0000][8072.014s][info][gc,marking  ] GC(1737) Concurrent Preclean 1.343ms
[2024-08-15T14:42:56.069+0000][8072.014s][info][gc,start    ] GC(1737) Pause Remark
[2024-08-15T14:42:56.093+0000][8072.038s][info][gc          ] GC(1737) Pause Remark 4440M->4440M(12288M) 23.666ms
[2024-08-15T14:42:56.093+0000][8072.038s][info][gc,cpu      ] GC(1737) User=0.09s Sys=0.00s Real=0.02s
[2024-08-15T14:42:56.093+0000][8072.038s][info][gc,marking  ] GC(1737) Concurrent Mark 2157.213ms
[2024-08-15T14:42:56.093+0000][8072.038s][info][gc,marking  ] GC(1737) Concurrent Rebuild Remembered Sets
[2024-08-15T14:42:57.377+0000][8073.321s][info][gc,marking  ] GC(1737) Concurrent Rebuild Remembered Sets 1283.719ms
[2024-08-15T14:42:57.377+0000][8073.322s][info][gc,start    ] GC(1737) Pause Cleanup
[2024-08-15T14:42:57.378+0000][8073.322s][info][gc          ] GC(1737) Pause Cleanup 5360M->5360M(12288M) 0.587ms
[2024-08-15T14:42:57.378+0000][8073.322s][info][gc,cpu      ] GC(1737) User=0.00s Sys=0.00s Real=0.00s
[2024-08-15T14:42:57.378+0000][8073.322s][info][gc,marking  ] GC(1737) Concurrent Cleanup for Next Mark
[2024-08-15T14:42:57.406+0000][8073.351s][info][gc,marking  ] GC(1737) Concurrent Cleanup for Next Mark 28.488ms
[2024-08-15T14:42:57.406+0000][8073.351s][info][gc          ] GC(1737) Concurrent Mark Cycle 3507.077ms
[2024-08-15T14:43:03.306+0000][8079.250s][info][gc,start    ] GC(1738) Pause Young (Prepare Mixed) (G1 Evacuation Pause)
[2024-08-15T14:43:03.306+0000][8079.250s][info][gc,task     ] GC(1738) Using 6 workers of 6 for evacuation
[2024-08-15T14:43:03.342+0000][8079.287s][info][gc,phases   ] GC(1738)   Pre Evacuate Collection Set: 0.2ms
[2024-08-15T14:43:03.342+0000][8079.287s][info][gc,phases   ] GC(1738)   Merge Heap Roots: 0.4ms
[2024-08-15T14:43:03.342+0000][8079.287s][info][gc,phases   ] GC(1738)   Evacuate Collection Set: 34.1ms
[2024-08-15T14:43:03.342+0000][8079.287s][info][gc,phases   ] GC(1738)   Post Evacuate Collection Set: 1.8ms
[2024-08-15T14:43:03.342+0000][8079.287s][info][gc,phases   ] GC(1738)   Other: 0.2ms
[2024-08-15T14:43:03.342+0000][8079.287s][info][gc,heap     ] GC(1738) Eden regions: 842->0(60)
[2024-08-15T14:43:03.342+0000][8079.287s][info][gc,heap     ] GC(1738) Survivor regions: 12->16(107)
[2024-08-15T14:43:03.342+0000][8079.287s][info][gc,heap     ] GC(1738) Old regions: 353->353
[2024-08-15T14:43:03.342+0000][8079.287s][info][gc,heap     ] GC(1738) Archive regions: 2->2
[2024-08-15T14:43:03.342+0000][8079.287s][info][gc,heap     ] GC(1738) Humongous regions: 5->5
[2024-08-15T14:43:03.343+0000][8079.287s][info][gc,metaspace] GC(1738) Metaspace: 441958K(448256K)->441958K(448256K) NonClass: 386958K(390528K)->386958K(390528K) Class: 55000K(57728K)->55000K(57728K)
[2024-08-15T14:43:03.343+0000][8079.287s][info][gc          ] GC(1738) Pause Young (Prepare Mixed) (G1 Evacuation Pause) 9700M->2991M(12288M) 36.751ms
[2024-08-15T14:43:03.343+0000][8079.287s][info][gc,cpu      ] GC(1738) User=0.22s Sys=0.00s Real=0.03s
[2024-08-15T14:43:03.979+0000][8079.924s][info][gc,start    ] GC(1739) Pause Young (Mixed) (G1 Evacuation Pause)
[2024-08-15T14:43:03.979+0000][8079.924s][info][gc,task     ] GC(1739) Using 6 workers of 6 for evacuation
[2024-08-15T14:43:04.059+0000][8080.003s][info][gc,phases   ] GC(1739)   Pre Evacuate Collection Set: 0.2ms
[2024-08-15T14:43:04.059+0000][8080.003s][info][gc,phases   ] GC(1739)   Merge Heap Roots: 0.9ms
[2024-08-15T14:43:04.059+0000][8080.004s][info][gc,phases   ] GC(1739)   Evacuate Collection Set: 77.1ms
[2024-08-15T14:43:04.059+0000][8080.004s][info][gc,phases   ] GC(1739)   Post Evacuate Collection Set: 1.3ms
[2024-08-15T14:43:04.059+0000][8080.004s][info][gc,phases   ] GC(1739)   Other: 0.2ms
[2024-08-15T14:43:04.059+0000][8080.004s][info][gc,heap     ] GC(1739) Eden regions: 60->0(849)
[2024-08-15T14:43:04.059+0000][8080.004s][info][gc,heap     ] GC(1739) Survivor regions: 16->6(10)
[2024-08-15T14:43:04.059+0000][8080.004s][info][gc,heap     ] GC(1739) Old regions: 353->352
[2024-08-15T14:43:04.059+0000][8080.004s][info][gc,heap     ] GC(1739) Archive regions: 2->2
[2024-08-15T14:43:04.059+0000][8080.004s][info][gc,heap     ] GC(1739) Humongous regions: 5->5
[2024-08-15T14:43:04.059+0000][8080.004s][info][gc,metaspace] GC(1739) Metaspace: 441958K(448256K)->441958K(448256K) NonClass: 386958K(390528K)->386958K(390528K) Class: 55000K(57728K)->55000K(57728K)
[2024-08-15T14:43:04.059+0000][8080.004s][info][gc          ] GC(1739) Pause Young (Mixed) (G1 Evacuation Pause) 3471M->2900M(12288M) 79.720ms
[2024-08-15T14:43:04.059+0000][8080.004s][info][gc,cpu      ] GC(1739) User=0.47s Sys=0.00s Real=0.08s
[2024-08-15T14:43:13.135+0000][8089.080s][info][gc,start    ] GC(1740) Pause Young (Normal) (G1 Evacuation Pause)
[2024-08-15T14:43:13.135+0000][8089.080s][info][gc,task     ] GC(1740) Using 6 workers of 6 for evacuation
[2024-08-15T14:43:13.158+0000][8089.103s][info][gc,phases   ] GC(1740)   Pre Evacuate Collection Set: 0.2ms
[2024-08-15T14:43:13.158+0000][8089.103s][info][gc,phases   ] GC(1740)   Merge Heap Roots: 0.3ms
[2024-08-15T14:43:13.158+0000][8089.103s][info][gc,phases   ] GC(1740)   Evacuate Collection Set: 20.9ms
[2024-08-15T14:43:13.158+0000][8089.103s][info][gc,phases   ] GC(1740)   Post Evacuate Collection Set: 1.7ms
[2024-08-15T14:43:13.158+0000][8089.103s][info][gc,phases   ] GC(1740)   Other: 0.2ms
[2024-08-15T14:43:13.158+0000][8089.103s][info][gc,heap     ] GC(1740) Eden regions: 849->0(845)
[2024-08-15T14:43:13.158+0000][8089.103s][info][gc,heap     ] GC(1740) Survivor regions: 6->9(107)
[2024-08-15T14:43:13.158+0000][8089.103s][info][gc,heap     ] GC(1740) Old regions: 352->352
[2024-08-15T14:43:13.158+0000][8089.103s][info][gc,heap     ] GC(1740) Archive regions: 2->2
[2024-08-15T14:43:13.158+0000][8089.103s][info][gc,heap     ] GC(1740) Humongous regions: 5->5
[2024-08-15T14:43:13.159+0000][8089.103s][info][gc,metaspace] GC(1740) Metaspace: 441959K(448256K)->441959K(448256K) NonClass: 386959K(390528K)->386959K(390528K) Class: 55000K(57728K)->55000K(57728K)
[2024-08-15T14:43:13.159+0000][8089.103s][info][gc          ] GC(1740) Pause Young (Normal) (G1 Evacuation Pause) 9692M->2923M(12288M) 23.309ms
[2024-08-15T14:43:13.159+0000][8089.103s][info][gc,cpu      ] GC(1740) User=0.14s Sys=0.00s Real=0.02s
[2024-08-15T14:43:22.156+0000][8098.101s][info][gc,start    ] GC(1741) Pause Young (Normal) (G1 Evacuation Pause)
[2024-08-15T14:43:22.156+0000][8098.101s][info][gc,task     ] GC(1741) Using 6 workers of 6 for evacuation
[2024-08-15T14:43:22.182+0000][8098.127s][info][gc,phases   ] GC(1741)   Pre Evacuate Collection Set: 0.2ms
[2024-08-15T14:43:22.182+0000][8098.127s][info][gc,phases   ] GC(1741)   Merge Heap Roots: 0.2ms
[2024-08-15T14:43:22.182+0000][8098.127s][info][gc,phases   ] GC(1741)   Evacuate Collection Set: 23.8ms
[2024-08-15T14:43:22.182+0000][8098.127s][info][gc,phases   ] GC(1741)   Post Evacuate Collection Set: 1.8ms
[2024-08-15T14:43:22.182+0000][8098.127s][info][gc,phases   ] GC(1741)   Other: 0.2ms
[2024-08-15T14:43:22.182+0000][8098.127s][info][gc,heap     ] GC(1741) Eden regions: 845->0(844)
[2024-08-15T14:43:22.182+0000][8098.127s][info][gc,heap     ] GC(1741) Survivor regions: 9->11(107)
[2024-08-15T14:43:22.182+0000][8098.127s][info][gc,heap     ] GC(1741) Old regions: 352->352
[2024-08-15T14:43:22.182+0000][8098.127s][info][gc,heap     ] GC(1741) Archive regions: 2->2
[2024-08-15T14:43:22.182+0000][8098.127s][info][gc,heap     ] GC(1741) Humongous regions: 5->5
[2024-08-15T14:43:22.182+0000][8098.127s][info][gc,metaspace] GC(1741) Metaspace: 441959K(448256K)->441959K(448256K) NonClass: 386959K(390528K)->386959K(390528K) Class: 55000K(57728K)->55000K(57728K)
[2024-08-15T14:43:22.182+0000][8098.127s][info][gc          ] GC(1741) Pause Young (Normal) (G1 Evacuation Pause) 9683M->2938M(12288M) 26.244ms
[2024-08-15T14:43:22.182+0000][8098.127s][info][gc,cpu      ] GC(1741) User=0.15s Sys=0.00s Real=0.02s
[2024-08-15T14:43:30.393+0000][8106.338s][info][gc,start    ] GC(1742) Pause Young (Concurrent Start) (G1 Evacuation Pause)
[2024-08-15T14:43:30.393+0000][8106.338s][info][gc,task     ] GC(1742) Using 6 workers of 6 for evacuation
[2024-08-15T14:43:30.430+0000][8106.375s][info][gc,phases   ] GC(1742)   Pre Evacuate Collection Set: 0.6ms
[2024-08-15T14:43:30.430+0000][8106.375s][info][gc,phases   ] GC(1742)   Merge Heap Roots: 0.2ms
[2024-08-15T14:43:30.430+0000][8106.375s][info][gc,phases   ] GC(1742)   Evacuate Collection Set: 32.6ms
[2024-08-15T14:43:30.430+0000][8106.375s][info][gc,phases   ] GC(1742)   Post Evacuate Collection Set: 3.1ms
[2024-08-15T14:43:30.430+0000][8106.375s][info][gc,phases   ] GC(1742)   Other: 0.3ms
[2024-08-15T14:43:30.430+0000][8106.375s][info][gc,heap     ] GC(1742) Eden regions: 844->0(843)
[2024-08-15T14:43:30.430+0000][8106.375s][info][gc,heap     ] GC(1742) Survivor regions: 11->12(107)
[2024-08-15T14:43:30.430+0000][8106.375s][info][gc,heap     ] GC(1742) Old regions: 352->352
[2024-08-15T14:43:30.430+0000][8106.375s][info][gc,heap     ] GC(1742) Archive regions: 2->2
[2024-08-15T14:43:30.430+0000][8106.375s][info][gc,heap     ] GC(1742) Humongous regions: 5->5
[2024-08-15T14:43:30.430+0000][8106.375s][info][gc,metaspace] GC(1742) Metaspace: 441959K(448256K)->441959K(448256K) NonClass: 386959K(390528K)->386959K(390528K) Class: 55000K(57728K)->55000K(57728K)
[2024-08-15T14:43:30.430+0000][8106.375s][info][gc          ] GC(1742) Pause Young (Concurrent Start) (G1 Evacuation Pause) 9690M->2950M(12288M) 36.829ms
[2024-08-15T14:43:30.430+0000][8106.375s][info][gc,cpu      ] GC(1742) User=0.22s Sys=0.00s Real=0.04s
[2024-08-15T14:43:30.430+0000][8106.375s][info][gc          ] GC(1743) Concurrent Mark Cycle
[2024-08-15T14:43:30.430+0000][8106.375s][info][gc,marking  ] GC(1743) Concurrent Clear Claimed Marks
[2024-08-15T14:43:30.431+0000][8106.375s][info][gc,marking  ] GC(1743) Concurrent Clear Claimed Marks 0.433ms
[2024-08-15T14:43:30.431+0000][8106.375s][info][gc,marking  ] GC(1743) Concurrent Scan Root Regions
[2024-08-15T14:43:30.468+0000][8106.412s][info][gc,marking  ] GC(1743) Concurrent Scan Root Regions 37.289ms
[2024-08-15T14:43:30.468+0000][8106.413s][info][gc,marking  ] GC(1743) Concurrent Mark
[2024-08-15T14:43:30.468+0000][8106.413s][info][gc,marking  ] GC(1743) Concurrent Mark From Roots
[2024-08-15T14:43:30.468+0000][8106.413s][info][gc,task     ] GC(1743) Using 2 workers of 2 for marking
[2024-08-15T14:43:32.625+0000][8108.569s][info][gc,marking  ] GC(1743) Concurrent Mark From Roots 2156.680ms
[2024-08-15T14:43:32.625+0000][8108.569s][info][gc,marking  ] GC(1743) Concurrent Preclean
[2024-08-15T14:43:32.626+0000][8108.570s][info][gc,marking  ] GC(1743) Concurrent Preclean 1.037ms
[2024-08-15T14:43:32.626+0000][8108.570s][info][gc,start    ] GC(1743) Pause Remark
[2024-08-15T14:43:32.649+0000][8108.594s][info][gc          ] GC(1743) Pause Remark 7566M->7566M(12288M) 23.223ms
[2024-08-15T14:43:32.649+0000][8108.594s][info][gc,cpu      ] GC(1743) User=0.10s Sys=0.00s Real=0.02s
[2024-08-15T14:43:32.649+0000][8108.594s][info][gc,marking  ] GC(1743) Concurrent Mark 2181.291ms
[2024-08-15T14:43:32.649+0000][8108.594s][info][gc,marking  ] GC(1743) Concurrent Rebuild Remembered Sets
[2024-08-15T14:43:33.644+0000][8109.588s][info][gc,start    ] GC(1744) Pause Young (Normal) (G1 Evacuation Pause)
[2024-08-15T14:43:33.644+0000][8109.588s][info][gc,task     ] GC(1744) Using 6 workers of 6 for evacuation
[2024-08-15T14:43:33.734+0000][8109.678s][info][gc,phases   ] GC(1744)   Pre Evacuate Collection Set: 0.2ms
[2024-08-15T14:43:33.734+0000][8109.678s][info][gc,phases   ] GC(1744)   Merge Heap Roots: 0.3ms
[2024-08-15T14:43:33.734+0000][8109.678s][info][gc,phases   ] GC(1744)   Evacuate Collection Set: 72.0ms
[2024-08-15T14:43:33.734+0000][8109.678s][info][gc,phases   ] GC(1744)   Post Evacuate Collection Set: 17.2ms
[2024-08-15T14:43:33.734+0000][8109.678s][info][gc,phases   ] GC(1744)   Other: 0.2ms
[2024-08-15T14:43:33.734+0000][8109.678s][info][gc,heap     ] GC(1744) Eden regions: 843->0(833)
[2024-08-15T14:43:33.734+0000][8109.678s][info][gc,heap     ] GC(1744) Survivor regions: 12->18(107)
[2024-08-15T14:43:33.734+0000][8109.678s][info][gc,heap     ] GC(1744) Old regions: 352->352
[2024-08-15T14:43:33.734+0000][8109.678s][info][gc,heap     ] GC(1744) Archive regions: 2->2
[2024-08-15T14:43:33.734+0000][8109.678s][info][gc,heap     ] GC(1744) Humongous regions: 5->5
[2024-08-15T14:43:33.734+0000][8109.678s][info][gc,metaspace] GC(1744) Metaspace: 441959K(448256K)->441959K(448256K) NonClass: 386959K(390528K)->386959K(390528K) Class: 55000K(57728K)->55000K(57728K)
[2024-08-15T14:43:33.734+0000][8109.678s][info][gc          ] GC(1744) Pause Young (Normal) (G1 Evacuation Pause) 9694M->2995M(12288M) 89.917ms
[2024-08-15T14:43:33.734+0000][8109.678s][info][gc,cpu      ] GC(1744) User=0.53s Sys=0.00s Real=0.08s
[2024-08-15T14:43:34.048+0000][8109.992s][info][gc,marking  ] GC(1743) Concurrent Rebuild Remembered Sets 1398.375ms
[2024-08-15T14:43:34.048+0000][8109.992s][info][gc,start    ] GC(1743) Pause Cleanup
[2024-08-15T14:43:34.048+0000][8109.993s][info][gc          ] GC(1743) Pause Cleanup 3675M->3675M(12288M) 0.590ms
[2024-08-15T14:43:34.048+0000][8109.993s][info][gc,cpu      ] GC(1743) User=0.00s Sys=0.00s Real=0.00s
[2024-08-15T14:43:34.048+0000][8109.993s][info][gc,marking  ] GC(1743) Concurrent Cleanup for Next Mark
[2024-08-15T14:43:34.065+0000][8110.010s][info][gc,marking  ] GC(1743) Concurrent Cleanup for Next Mark 16.546ms
[2024-08-15T14:43:34.065+0000][8110.010s][info][gc          ] GC(1743) Concurrent Mark Cycle 3634.983ms
[2024-08-15T14:43:36.554+0000][8112.498s][info][gc,start    ] GC(1745) Pause Young (Prepare Mixed) (G1 Evacuation Pause)
[2024-08-15T14:43:36.554+0000][8112.498s][info][gc,task     ] GC(1745) Using 6 workers of 6 for evacuation
[2024-08-15T14:43:36.654+0000][8112.598s][info][gc,phases   ] GC(1745)   Pre Evacuate Collection Set: 0.2ms
[2024-08-15T14:43:36.654+0000][8112.598s][info][gc,phases   ] GC(1745)   Merge Heap Roots: 0.3ms
[2024-08-15T14:43:36.654+0000][8112.598s][info][gc,phases   ] GC(1745)   Evacuate Collection Set: 81.7ms
[2024-08-15T14:43:36.654+0000][8112.598s][info][gc,phases   ] GC(1745)   Post Evacuate Collection Set: 17.6ms
[2024-08-15T14:43:36.654+0000][8112.598s][info][gc,phases   ] GC(1745)   Other: 0.2ms
[2024-08-15T14:43:36.654+0000][8112.598s][info][gc,heap     ] GC(1745) Eden regions: 833->0(52)
[2024-08-15T14:43:36.654+0000][8112.598s][info][gc,heap     ] GC(1745) Survivor regions: 18->24(107)
[2024-08-15T14:43:36.654+0000][8112.598s][info][gc,heap     ] GC(1745) Old regions: 352->352
[2024-08-15T14:43:36.654+0000][8112.598s][info][gc,heap     ] GC(1745) Archive regions: 2->2
[2024-08-15T14:43:36.654+0000][8112.598s][info][gc,heap     ] GC(1745) Humongous regions: 5->5
[2024-08-15T14:43:36.654+0000][8112.598s][info][gc,metaspace] GC(1745) Metaspace: 441959K(448256K)->441959K(448256K) NonClass: 386959K(390528K)->386959K(390528K) Class: 55000K(57728K)->55000K(57728K)
[2024-08-15T14:43:36.654+0000][8112.598s][info][gc          ] GC(1745) Pause Young (Prepare Mixed) (G1 Evacuation Pause) 9659M->3042M(12288M) 100.062ms
[2024-08-15T14:43:36.654+0000][8112.598s][info][gc,cpu      ] GC(1745) User=0.58s Sys=0.00s Real=0.10s
[2024-08-15T14:43:36.850+0000][8112.795s][info][gc,start    ] GC(1746) Pause Young (Mixed) (G1 Evacuation Pause)
[2024-08-15T14:43:36.850+0000][8112.795s][info][gc,task     ] GC(1746) Using 6 workers of 6 for evacuation
[2024-08-15T14:43:36.964+0000][8112.908s][info][gc,phases   ] GC(1746)   Pre Evacuate Collection Set: 0.2ms
[2024-08-15T14:43:36.964+0000][8112.908s][info][gc,phases   ] GC(1746)   Merge Heap Roots: 0.3ms
[2024-08-15T14:43:36.964+0000][8112.908s][info][gc,phases   ] GC(1746)   Evacuate Collection Set: 110.6ms
[2024-08-15T14:43:36.964+0000][8112.908s][info][gc,phases   ] GC(1746)   Post Evacuate Collection Set: 2.6ms
[2024-08-15T14:43:36.964+0000][8112.908s][info][gc,phases   ] GC(1746)   Other: 0.2ms
[2024-08-15T14:43:36.964+0000][8112.908s][info][gc,heap     ] GC(1746) Eden regions: 52->0(839)
[2024-08-15T14:43:36.964+0000][8112.908s][info][gc,heap     ] GC(1746) Survivor regions: 24->3(10)
[2024-08-15T14:43:36.964+0000][8112.908s][info][gc,heap     ] GC(1746) Old regions: 352->362
[2024-08-15T14:43:36.964+0000][8112.908s][info][gc,heap     ] GC(1746) Archive regions: 2->2
[2024-08-15T14:43:36.964+0000][8112.908s][info][gc,heap     ] GC(1746) Humongous regions: 5->5
[2024-08-15T14:43:36.964+0000][8112.908s][info][gc,metaspace] GC(1746) Metaspace: 441959K(448256K)->441959K(448256K) NonClass: 386959K(390528K)->386959K(390528K) Class: 55000K(57728K)->55000K(57728K)
[2024-08-15T14:43:36.964+0000][8112.908s][info][gc          ] GC(1746) Pause Young (Mixed) (G1 Evacuation Pause) 3458M->2963M(12288M) 113.897ms
[2024-08-15T14:43:36.964+0000][8112.909s][info][gc,cpu      ] GC(1746) User=0.68s Sys=0.00s Real=0.12s
[2024-08-15T14:43:39.789+0000][8115.733s][info][gc,start    ] GC(1747) Pause Young (Normal) (G1 Evacuation Pause)
[2024-08-15T14:43:39.789+0000][8115.733s][info][gc,task     ] GC(1747) Using 6 workers of 6 for evacuation
[2024-08-15T14:43:39.862+0000][8115.806s][info][gc,phases   ] GC(1747)   Pre Evacuate Collection Set: 0.2ms
[2024-08-15T14:43:39.862+0000][8115.806s][info][gc,phases   ] GC(1747)   Merge Heap Roots: 0.3ms
[2024-08-15T14:43:39.862+0000][8115.806s][info][gc,phases   ] GC(1747)   Evacuate Collection Set: 54.0ms
[2024-08-15T14:43:39.862+0000][8115.806s][info][gc,phases   ] GC(1747)   Post Evacuate Collection Set: 18.2ms
[2024-08-15T14:43:39.862+0000][8115.806s][info][gc,phases   ] GC(1747)   Other: 0.2ms
[2024-08-15T14:43:39.862+0000][8115.806s][info][gc,heap     ] GC(1747) Eden regions: 839->0(834)
[2024-08-15T14:43:39.862+0000][8115.806s][info][gc,heap     ] GC(1747) Survivor regions: 3->7(106)
[2024-08-15T14:43:39.862+0000][8115.806s][info][gc,heap     ] GC(1747) Old regions: 362->362
[2024-08-15T14:43:39.862+0000][8115.806s][info][gc,heap     ] GC(1747) Archive regions: 2->2
[2024-08-15T14:43:39.862+0000][8115.806s][info][gc,heap     ] GC(1747) Humongous regions: 5->5
[2024-08-15T14:43:39.862+0000][8115.806s][info][gc,metaspace] GC(1747) Metaspace: 441959K(448256K)->441959K(448256K) NonClass: 386959K(390528K)->386959K(390528K) Class: 55000K(57728K)->55000K(57728K)
[2024-08-15T14:43:39.862+0000][8115.806s][info][gc          ] GC(1747) Pause Young (Normal) (G1 Evacuation Pause) 9675M->2993M(12288M) 73.056ms
[2024-08-15T14:43:39.862+0000][8115.806s][info][gc,cpu      ] GC(1747) User=0.42s Sys=0.00s Real=0.07s
[2024-08-15T14:43:42.465+0000][8118.410s][info][gc,start    ] GC(1748) Pause Young (Normal) (G1 Evacuation Pause)
[2024-08-15T14:43:42.465+0000][8118.410s][info][gc,task     ] GC(1748) Using 6 workers of 6 for evacuation
[2024-08-15T14:43:42.560+0000][8118.505s][info][gc,phases   ] GC(1748)   Pre Evacuate Collection Set: 0.2ms
[2024-08-15T14:43:42.560+0000][8118.505s][info][gc,phases   ] GC(1748)   Merge Heap Roots: 0.3ms
[2024-08-15T14:43:42.560+0000][8118.505s][info][gc,phases   ] GC(1748)   Evacuate Collection Set: 73.9ms
[2024-08-15T14:43:42.560+0000][8118.505s][info][gc,phases   ] GC(1748)   Post Evacuate Collection Set: 20.2ms
[2024-08-15T14:43:42.560+0000][8118.505s][info][gc,phases   ] GC(1748)   Other: 0.2ms
[2024-08-15T14:43:42.560+0000][8118.505s][info][gc,heap     ] GC(1748) Eden regions: 834->0(828)
[2024-08-15T14:43:42.560+0000][8118.505s][info][gc,heap     ] GC(1748) Survivor regions: 7->13(106)
[2024-08-15T14:43:42.560+0000][8118.505s][info][gc,heap     ] GC(1748) Old regions: 362->362
[2024-08-15T14:43:42.560+0000][8118.505s][info][gc,heap     ] GC(1748) Archive regions: 2->2
[2024-08-15T14:43:42.560+0000][8118.505s][info][gc,heap     ] GC(1748) Humongous regions: 5->5
[2024-08-15T14:43:42.560+0000][8118.505s][info][gc,metaspace] GC(1748) Metaspace: 441991K(448320K)->441991K(448320K) NonClass: 386991K(390592K)->386991K(390592K) Class: 55000K(57728K)->55000K(57728K)
[2024-08-15T14:43:42.560+0000][8118.505s][info][gc          ] GC(1748) Pause Young (Normal) (G1 Evacuation Pause) 9665M->3036M(12288M) 94.820ms
[2024-08-15T14:43:42.560+0000][8118.505s][info][gc,cpu      ] GC(1748) User=0.55s Sys=0.00s Real=0.09s
[2024-08-15T14:43:45.301+0000][8121.245s][info][gc,start    ] GC(1749) Pause Young (Concurrent Start) (G1 Evacuation Pause)
[2024-08-15T14:43:45.301+0000][8121.245s][info][gc,task     ] GC(1749) Using 6 workers of 6 for evacuation
[2024-08-15T14:43:45.402+0000][8121.347s][info][gc,phases   ] GC(1749)   Pre Evacuate Collection Set: 0.6ms
[2024-08-15T14:43:45.402+0000][8121.347s][info][gc,phases   ] GC(1749)   Merge Heap Roots: 0.3ms
[2024-08-15T14:43:45.402+0000][8121.347s][info][gc,phases   ] GC(1749)   Evacuate Collection Set: 81.7ms
[2024-08-15T14:43:45.402+0000][8121.347s][info][gc,phases   ] GC(1749)   Post Evacuate Collection Set: 18.9ms
[2024-08-15T14:43:45.402+0000][8121.347s][info][gc,phases   ] GC(1749)   Other: 0.3ms
[2024-08-15T14:43:45.402+0000][8121.347s][info][gc,heap     ] GC(1749) Eden regions: 828->0(825)
[2024-08-15T14:43:45.402+0000][8121.347s][info][gc,heap     ] GC(1749) Survivor regions: 13->17(106)
[2024-08-15T14:43:45.402+0000][8121.347s][info][gc,heap     ] GC(1749) Old regions: 362->362
[2024-08-15T14:43:45.402+0000][8121.347s][info][gc,heap     ] GC(1749) Archive regions: 2->2
[2024-08-15T14:43:45.402+0000][8121.347s][info][gc,heap     ] GC(1749) Humongous regions: 5->5
[2024-08-15T14:43:45.402+0000][8121.347s][info][gc,metaspace] GC(1749) Metaspace: 441991K(448320K)->441991K(448320K) NonClass: 386991K(390592K)->386991K(390592K) Class: 55000K(57728K)->55000K(57728K)
[2024-08-15T14:43:45.403+0000][8121.347s][info][gc          ] GC(1749) Pause Young (Concurrent Start) (G1 Evacuation Pause) 9660M->3072M(12288M) 101.811ms
[2024-08-15T14:43:45.403+0000][8121.347s][info][gc,cpu      ] GC(1749) User=0.59s Sys=0.00s Real=0.10s
[2024-08-15T14:43:45.403+0000][8121.347s][info][gc          ] GC(1750) Concurrent Mark Cycle
[2024-08-15T14:43:45.403+0000][8121.347s][info][gc,marking  ] GC(1750) Concurrent Clear Claimed Marks
[2024-08-15T14:43:45.403+0000][8121.348s][info][gc,marking  ] GC(1750) Concurrent Clear Claimed Marks 0.504ms
[2024-08-15T14:43:45.403+0000][8121.348s][info][gc,marking  ] GC(1750) Concurrent Scan Root Regions
[2024-08-15T14:43:45.457+0000][8121.401s][info][gc,marking  ] GC(1750) Concurrent Scan Root Regions 53.648ms
[2024-08-15T14:43:45.457+0000][8121.401s][info][gc,marking  ] GC(1750) Concurrent Mark
[2024-08-15T14:43:45.457+0000][8121.401s][info][gc,marking  ] GC(1750) Concurrent Mark From Roots
[2024-08-15T14:43:45.457+0000][8121.401s][info][gc,task     ] GC(1750) Using 2 workers of 2 for marking
[2024-08-15T14:43:47.775+0000][8123.719s][info][gc,marking  ] GC(1750) Concurrent Mark From Roots 2317.666ms
[2024-08-15T14:43:47.775+0000][8123.719s][info][gc,marking  ] GC(1750) Concurrent Preclean
[2024-08-15T14:43:47.776+0000][8123.721s][info][gc,marking  ] GC(1750) Concurrent Preclean 1.586ms
[2024-08-15T14:43:47.776+0000][8123.721s][info][gc,start    ] GC(1750) Pause Remark
[2024-08-15T14:43:47.800+0000][8123.744s][info][gc          ] GC(1750) Pause Remark 7648M->7648M(12288M) 23.409ms
[2024-08-15T14:43:47.800+0000][8123.744s][info][gc,cpu      ] GC(1750) User=0.10s Sys=0.00s Real=0.02s
[2024-08-15T14:43:47.800+0000][8123.745s][info][gc,marking  ] GC(1750) Concurrent Mark 2343.106ms
[2024-08-15T14:43:47.800+0000][8123.745s][info][gc,marking  ] GC(1750) Concurrent Rebuild Remembered Sets
[2024-08-15T14:43:48.694+0000][8124.638s][info][gc,start    ] GC(1751) Pause Young (Normal) (G1 Evacuation Pause)
[2024-08-15T14:43:48.694+0000][8124.638s][info][gc,task     ] GC(1751) Using 6 workers of 6 for evacuation
[2024-08-15T14:43:48.806+0000][8124.751s][info][gc,phases   ] GC(1751)   Pre Evacuate Collection Set: 0.2ms
[2024-08-15T14:43:48.806+0000][8124.751s][info][gc,phases   ] GC(1751)   Merge Heap Roots: 1.2ms
[2024-08-15T14:43:48.806+0000][8124.751s][info][gc,phases   ] GC(1751)   Evacuate Collection Set: 91.7ms
[2024-08-15T14:43:48.806+0000][8124.751s][info][gc,phases   ] GC(1751)   Post Evacuate Collection Set: 18.9ms
[2024-08-15T14:43:48.806+0000][8124.751s][info][gc,phases   ] GC(1751)   Other: 0.2ms
[2024-08-15T14:43:48.806+0000][8124.751s][info][gc,heap     ] GC(1751) Eden regions: 825->0(819)
[2024-08-15T14:43:48.806+0000][8124.751s][info][gc,heap     ] GC(1751) Survivor regions: 17->20(106)
[2024-08-15T14:43:48.806+0000][8124.751s][info][gc,heap     ] GC(1751) Old regions: 362->362
[2024-08-15T14:43:48.806+0000][8124.751s][info][gc,heap     ] GC(1751) Archive regions: 2->2
[2024-08-15T14:43:48.806+0000][8124.751s][info][gc,heap     ] GC(1751) Humongous regions: 5->5
[2024-08-15T14:43:48.806+0000][8124.751s][info][gc,metaspace] GC(1751) Metaspace: 441991K(448320K)->441991K(448320K) NonClass: 386991K(390592K)->386991K(390592K) Class: 55000K(57728K)->55000K(57728K)
[2024-08-15T14:43:48.806+0000][8124.751s][info][gc          ] GC(1751) Pause Young (Normal) (G1 Evacuation Pause) 9672M->3099M(12288M) 112.327ms
[2024-08-15T14:43:48.806+0000][8124.751s][info][gc,cpu      ] GC(1751) User=0.65s Sys=0.00s Real=0.12s
[2024-08-15T14:43:49.247+0000][8125.192s][info][gc,marking  ] GC(1750) Concurrent Rebuild Remembered Sets 1447.232ms
[2024-08-15T14:43:49.247+0000][8125.192s][info][gc,start    ] GC(1750) Pause Cleanup
[2024-08-15T14:43:49.248+0000][8125.193s][info][gc          ] GC(1750) Pause Cleanup 4131M->4131M(12288M) 0.604ms
[2024-08-15T14:43:49.248+0000][8125.193s][info][gc,cpu      ] GC(1750) User=0.00s Sys=0.00s Real=0.00s
[2024-08-15T14:43:49.248+0000][8125.193s][info][gc,marking  ] GC(1750) Concurrent Cleanup for Next Mark
[2024-08-15T14:43:49.265+0000][8125.210s][info][gc,marking  ] GC(1750) Concurrent Cleanup for Next Mark 16.908ms
[2024-08-15T14:43:49.265+0000][8125.210s][info][gc          ] GC(1750) Concurrent Mark Cycle 3862.507ms
[2024-08-15T14:43:51.216+0000][8127.161s][info][gc,start    ] GC(1752) Pause Young (Prepare Mixed) (G1 Evacuation Pause)
[2024-08-15T14:43:51.216+0000][8127.161s][info][gc,task     ] GC(1752) Using 6 workers of 6 for evacuation
[2024-08-15T14:43:51.302+0000][8127.247s][info][gc,phases   ] GC(1752)   Pre Evacuate Collection Set: 0.1ms
[2024-08-15T14:43:51.302+0000][8127.247s][info][gc,phases   ] GC(1752)   Merge Heap Roots: 0.5ms
[2024-08-15T14:43:51.302+0000][8127.247s][info][gc,phases   ] GC(1752)   Evacuate Collection Set: 79.5ms
[2024-08-15T14:43:51.302+0000][8127.247s][info][gc,phases   ] GC(1752)   Post Evacuate Collection Set: 6.1ms
[2024-08-15T14:43:51.302+0000][8127.247s][info][gc,phases   ] GC(1752)   Other: 0.2ms
[2024-08-15T14:43:51.302+0000][8127.247s][info][gc,heap     ] GC(1752) Eden regions: 819->0(54)
[2024-08-15T14:43:51.302+0000][8127.247s][info][gc,heap     ] GC(1752) Survivor regions: 20->22(105)
[2024-08-15T14:43:51.302+0000][8127.247s][info][gc,heap     ] GC(1752) Old regions: 362->362
[2024-08-15T14:43:51.302+0000][8127.247s][info][gc,heap     ] GC(1752) Archive regions: 2->2
[2024-08-15T14:43:51.302+0000][8127.247s][info][gc,heap     ] GC(1752) Humongous regions: 5->5
[2024-08-15T14:43:51.302+0000][8127.247s][info][gc,metaspace] GC(1752) Metaspace: 441991K(448320K)->441991K(448320K) NonClass: 386991K(390592K)->386991K(390592K) Class: 55000K(57728K)->55000K(57728K)
[2024-08-15T14:43:51.303+0000][8127.247s][info][gc          ] GC(1752) Pause Young (Prepare Mixed) (G1 Evacuation Pause) 9651M->3115M(12288M) 86.478ms
[2024-08-15T14:43:51.303+0000][8127.247s][info][gc,cpu      ] GC(1752) User=0.52s Sys=0.00s Real=0.08s
[2024-08-15T14:43:51.469+0000][8127.413s][info][gc,start    ] GC(1753) Pause Young (Mixed) (G1 Evacuation Pause)
[2024-08-15T14:43:51.469+0000][8127.413s][info][gc,task     ] GC(1753) Using 6 workers of 6 for evacuation
[2024-08-15T14:43:51.582+0000][8127.526s][info][gc,phases   ] GC(1753)   Pre Evacuate Collection Set: 0.2ms
[2024-08-15T14:43:51.582+0000][8127.526s][info][gc,phases   ] GC(1753)   Merge Heap Roots: 0.5ms
[2024-08-15T14:43:51.582+0000][8127.526s][info][gc,phases   ] GC(1753)   Evacuate Collection Set: 110.1ms
[2024-08-15T14:43:51.582+0000][8127.526s][info][gc,phases   ] GC(1753)   Post Evacuate Collection Set: 2.0ms
[2024-08-15T14:43:51.582+0000][8127.526s][info][gc,phases   ] GC(1753)   Other: 0.2ms
[2024-08-15T14:43:51.582+0000][8127.526s][info][gc,heap     ] GC(1753) Eden regions: 54->0(832)
[2024-08-15T14:43:51.582+0000][8127.526s][info][gc,heap     ] GC(1753) Survivor regions: 22->5(10)
[2024-08-15T14:43:51.582+0000][8127.526s][info][gc,heap     ] GC(1753) Old regions: 362->368
[2024-08-15T14:43:51.582+0000][8127.526s][info][gc,heap     ] GC(1753) Archive regions: 2->2
[2024-08-15T14:43:51.582+0000][8127.526s][info][gc,heap     ] GC(1753) Humongous regions: 5->5
[2024-08-15T14:43:51.582+0000][8127.526s][info][gc,metaspace] GC(1753) Metaspace: 441991K(448320K)->441991K(448320K) NonClass: 386991K(390592K)->386991K(390592K) Class: 55000K(57728K)->55000K(57728K)
[2024-08-15T14:43:51.582+0000][8127.526s][info][gc          ] GC(1753) Pause Young (Mixed) (G1 Evacuation Pause) 3547M->3023M(12288M) 112.956ms
[2024-08-15T14:43:51.582+0000][8127.526s][info][gc,cpu      ] GC(1753) User=0.67s Sys=0.00s Real=0.11s
[2024-08-15T14:43:53.921+0000][8129.865s][info][gc,start    ] GC(1754) Pause Young (Normal) (G1 Evacuation Pause)
[2024-08-15T14:43:53.921+0000][8129.865s][info][gc,task     ] GC(1754) Using 6 workers of 6 for evacuation
[2024-08-15T14:43:53.993+0000][8129.938s][info][gc,phases   ] GC(1754)   Pre Evacuate Collection Set: 0.2ms
[2024-08-15T14:43:53.993+0000][8129.938s][info][gc,phases   ] GC(1754)   Merge Heap Roots: 0.3ms
[2024-08-15T14:43:53.993+0000][8129.938s][info][gc,phases   ] GC(1754)   Evacuate Collection Set: 55.3ms
[2024-08-15T14:43:53.993+0000][8129.938s][info][gc,phases   ] GC(1754)   Post Evacuate Collection Set: 16.6ms
[2024-08-15T14:43:53.993+0000][8129.938s][info][gc,phases   ] GC(1754)   Other: 0.2ms
[2024-08-15T14:43:53.993+0000][8129.938s][info][gc,heap     ] GC(1754) Eden regions: 832->0(829)
[2024-08-15T14:43:53.993+0000][8129.938s][info][gc,heap     ] GC(1754) Survivor regions: 5->8(105)
[2024-08-15T14:43:53.993+0000][8129.938s][info][gc,heap     ] GC(1754) Old regions: 368->368
[2024-08-15T14:43:53.993+0000][8129.938s][info][gc,heap     ] GC(1754) Archive regions: 2->2
[2024-08-15T14:43:53.993+0000][8129.938s][info][gc,heap     ] GC(1754) Humongous regions: 5->5
[2024-08-15T14:43:53.993+0000][8129.938s][info][gc,metaspace] GC(1754) Metaspace: 441991K(448320K)->441991K(448320K) NonClass: 386991K(390592K)->386991K(390592K) Class: 55000K(57728K)->55000K(57728K)
[2024-08-15T14:43:53.993+0000][8129.938s][info][gc          ] GC(1754) Pause Young (Normal) (G1 Evacuation Pause) 9679M->3050M(12288M) 72.714ms
[2024-08-15T14:43:53.993+0000][8129.938s][info][gc,cpu      ] GC(1754) User=0.42s Sys=0.00s Real=0.07s
[2024-08-15T14:43:56.532+0000][8132.477s][info][gc,start    ] GC(1755) Pause Young (Normal) (G1 Evacuation Pause)
[2024-08-15T14:43:56.532+0000][8132.477s][info][gc,task     ] GC(1755) Using 6 workers of 6 for evacuation
[2024-08-15T14:43:56.619+0000][8132.563s][info][gc,phases   ] GC(1755)   Pre Evacuate Collection Set: 0.2ms
[2024-08-15T14:43:56.619+0000][8132.563s][info][gc,phases   ] GC(1755)   Merge Heap Roots: 0.3ms
[2024-08-15T14:43:56.619+0000][8132.563s][info][gc,phases   ] GC(1755)   Evacuate Collection Set: 69.1ms
[2024-08-15T14:43:56.619+0000][8132.563s][info][gc,phases   ] GC(1755)   Post Evacuate Collection Set: 16.7ms
[2024-08-15T14:43:56.619+0000][8132.564s][info][gc,phases   ] GC(1755)   Other: 0.2ms
[2024-08-15T14:43:56.619+0000][8132.564s][info][gc,heap     ] GC(1755) Eden regions: 829->0(825)
[2024-08-15T14:43:56.619+0000][8132.564s][info][gc,heap     ] GC(1755) Survivor regions: 8->12(105)
[2024-08-15T14:43:56.619+0000][8132.564s][info][gc,heap     ] GC(1755) Old regions: 368->368
[2024-08-15T14:43:56.619+0000][8132.564s][info][gc,heap     ] GC(1755) Archive regions: 2->2
[2024-08-15T14:43:56.619+0000][8132.564s][info][gc,heap     ] GC(1755) Humongous regions: 5->5
[2024-08-15T14:43:56.619+0000][8132.564s][info][gc,metaspace] GC(1755) Metaspace: 441991K(448320K)->441991K(448320K) NonClass: 386991K(390592K)->386991K(390592K) Class: 55000K(57728K)->55000K(57728K)
[2024-08-15T14:43:56.619+0000][8132.564s][info][gc          ] GC(1755) Pause Young (Normal) (G1 Evacuation Pause) 9682M->3083M(12288M) 86.587ms
[2024-08-15T14:43:56.619+0000][8132.564s][info][gc,cpu      ] GC(1755) User=0.50s Sys=0.00s Real=0.09s
[2024-08-15T14:43:58.808+0000][8134.753s][info][gc,start    ] GC(1756) Pause Young (Concurrent Start) (G1 Evacuation Pause)
[2024-08-15T14:43:58.808+0000][8134.753s][info][gc,task     ] GC(1756) Using 6 workers of 6 for evacuation
[2024-08-15T14:43:58.902+0000][8134.847s][info][gc,phases   ] GC(1756)   Pre Evacuate Collection Set: 0.6ms
[2024-08-15T14:43:58.902+0000][8134.847s][info][gc,phases   ] GC(1756)   Merge Heap Roots: 0.4ms
[2024-08-15T14:43:58.902+0000][8134.847s][info][gc,phases   ] GC(1756)   Evacuate Collection Set: 77.4ms
[2024-08-15T14:43:58.902+0000][8134.847s][info][gc,phases   ] GC(1756)   Post Evacuate Collection Set: 15.3ms
[2024-08-15T14:43:58.902+0000][8134.847s][info][gc,phases   ] GC(1756)   Other: 0.3ms
[2024-08-15T14:43:58.902+0000][8134.847s][info][gc,heap     ] GC(1756) Eden regions: 825->0(821)
[2024-08-15T14:43:58.902+0000][8134.847s][info][gc,heap     ] GC(1756) Survivor regions: 12->16(105)
[2024-08-15T14:43:58.902+0000][8134.847s][info][gc,heap     ] GC(1756) Old regions: 368->368
[2024-08-15T14:43:58.902+0000][8134.847s][info][gc,heap     ] GC(1756) Archive regions: 2->2
[2024-08-15T14:43:58.902+0000][8134.847s][info][gc,heap     ] GC(1756) Humongous regions: 5->5
[2024-08-15T14:43:58.902+0000][8134.847s][info][gc,metaspace] GC(1756) Metaspace: 441991K(448320K)->441991K(448320K) NonClass: 386991K(390592K)->386991K(390592K) Class: 55000K(57728K)->55000K(57728K)
[2024-08-15T14:43:58.902+0000][8134.847s][info][gc          ] GC(1756) Pause Young (Concurrent Start) (G1 Evacuation Pause) 9683M->3110M(12288M) 94.057ms
[2024-08-15T14:43:58.902+0000][8134.847s][info][gc,cpu      ] GC(1756) User=0.54s Sys=0.00s Real=0.09s
[2024-08-15T14:43:58.902+0000][8134.847s][info][gc          ] GC(1757) Concurrent Mark Cycle
[2024-08-15T14:43:58.902+0000][8134.847s][info][gc,marking  ] GC(1757) Concurrent Clear Claimed Marks
[2024-08-15T14:43:58.903+0000][8134.847s][info][gc,marking  ] GC(1757) Concurrent Clear Claimed Marks 0.447ms
[2024-08-15T14:43:58.903+0000][8134.847s][info][gc,marking  ] GC(1757) Concurrent Scan Root Regions
[2024-08-15T14:43:58.951+0000][8134.896s][info][gc,marking  ] GC(1757) Concurrent Scan Root Regions 48.514ms
[2024-08-15T14:43:58.951+0000][8134.896s][info][gc,marking  ] GC(1757) Concurrent Mark
[2024-08-15T14:43:58.951+0000][8134.896s][info][gc,marking  ] GC(1757) Concurrent Mark From Roots
[2024-08-15T14:43:58.951+0000][8134.896s][info][gc,task     ] GC(1757) Using 2 workers of 2 for marking
[2024-08-15T14:44:01.415+0000][8137.360s][info][gc,marking  ] GC(1757) Concurrent Mark From Roots 2463.808ms
[2024-08-15T14:44:01.415+0000][8137.360s][info][gc,marking  ] GC(1757) Concurrent Preclean
[2024-08-15T14:44:01.417+0000][8137.361s][info][gc,marking  ] GC(1757) Concurrent Preclean 1.517ms
[2024-08-15T14:44:01.417+0000][8137.361s][info][gc,start    ] GC(1757) Pause Remark
[2024-08-15T14:44:01.440+0000][8137.385s][info][gc          ] GC(1757) Pause Remark 7766M->7766M(12288M) 23.241ms
[2024-08-15T14:44:01.440+0000][8137.385s][info][gc,cpu      ] GC(1757) User=0.10s Sys=0.00s Real=0.02s
[2024-08-15T14:44:01.440+0000][8137.385s][info][gc,marking  ] GC(1757) Concurrent Mark 2488.938ms
[2024-08-15T14:44:01.440+0000][8137.385s][info][gc,marking  ] GC(1757) Concurrent Rebuild Remembered Sets
[2024-08-15T14:44:02.764+0000][8138.709s][info][gc,marking  ] GC(1757) Concurrent Rebuild Remembered Sets 1324.222ms
[2024-08-15T14:44:02.765+0000][8138.709s][info][gc,start    ] GC(1757) Pause Cleanup
[2024-08-15T14:44:02.765+0000][8138.710s][info][gc          ] GC(1757) Pause Cleanup 8678M->8678M(12288M) 0.563ms
[2024-08-15T14:44:02.765+0000][8138.710s][info][gc,cpu      ] GC(1757) User=0.00s Sys=0.00s Real=0.00s
[2024-08-15T14:44:02.765+0000][8138.710s][info][gc,marking  ] GC(1757) Concurrent Cleanup for Next Mark
[2024-08-15T14:44:02.782+0000][8138.727s][info][gc,marking  ] GC(1757) Concurrent Cleanup for Next Mark 16.908ms
[2024-08-15T14:44:02.782+0000][8138.727s][info][gc          ] GC(1757) Concurrent Mark Cycle 3879.989ms
[2024-08-15T14:44:04.085+0000][8140.030s][info][gc,start    ] GC(1758) Pause Young (Prepare Mixed) (G1 Evacuation Pause)
[2024-08-15T14:44:04.085+0000][8140.030s][info][gc,task     ] GC(1758) Using 6 workers of 6 for evacuation
[2024-08-15T14:44:04.180+0000][8140.125s][info][gc,phases   ] GC(1758)   Pre Evacuate Collection Set: 0.2ms
[2024-08-15T14:44:04.180+0000][8140.125s][info][gc,phases   ] GC(1758)   Merge Heap Roots: 1.0ms
[2024-08-15T14:44:04.181+0000][8140.125s][info][gc,phases   ] GC(1758)   Evacuate Collection Set: 79.7ms
[2024-08-15T14:44:04.181+0000][8140.125s][info][gc,phases   ] GC(1758)   Post Evacuate Collection Set: 14.1ms
[2024-08-15T14:44:04.181+0000][8140.125s][info][gc,phases   ] GC(1758)   Other: 0.2ms
[2024-08-15T14:44:04.181+0000][8140.125s][info][gc,heap     ] GC(1758) Eden regions: 821->0(56)
[2024-08-15T14:44:04.181+0000][8140.125s][info][gc,heap     ] GC(1758) Survivor regions: 16->20(105)
[2024-08-15T14:44:04.181+0000][8140.125s][info][gc,heap     ] GC(1758) Old regions: 368->368
[2024-08-15T14:44:04.181+0000][8140.125s][info][gc,heap     ] GC(1758) Archive regions: 2->2
[2024-08-15T14:44:04.181+0000][8140.125s][info][gc,heap     ] GC(1758) Humongous regions: 5->5
[2024-08-15T14:44:04.181+0000][8140.125s][info][gc,metaspace] GC(1758) Metaspace: 441991K(448320K)->441991K(448320K) NonClass: 386991K(390592K)->386991K(390592K) Class: 55000K(57728K)->55000K(57728K)
[2024-08-15T14:44:04.181+0000][8140.125s][info][gc          ] GC(1758) Pause Young (Prepare Mixed) (G1 Evacuation Pause) 9678M->3143M(12288M) 95.227ms
[2024-08-15T14:44:04.181+0000][8140.125s][info][gc,cpu      ] GC(1758) User=0.56s Sys=0.00s Real=0.09s
[2024-08-15T14:44:04.747+0000][8140.691s][info][gc,start    ] GC(1759) Pause Young (Mixed) (G1 Evacuation Pause)
[2024-08-15T14:44:04.747+0000][8140.691s][info][gc,task     ] GC(1759) Using 6 workers of 6 for evacuation
[2024-08-15T14:44:04.826+0000][8140.770s][info][gc,phases   ] GC(1759)   Pre Evacuate Collection Set: 0.2ms
[2024-08-15T14:44:04.826+0000][8140.771s][info][gc,phases   ] GC(1759)   Merge Heap Roots: 0.4ms
[2024-08-15T14:44:04.826+0000][8140.771s][info][gc,phases   ] GC(1759)   Evacuate Collection Set: 77.1ms
[2024-08-15T14:44:04.826+0000][8140.771s][info][gc,phases   ] GC(1759)   Post Evacuate Collection Set: 1.2ms
[2024-08-15T14:44:04.826+0000][8140.771s][info][gc,phases   ] GC(1759)   Other: 0.2ms
[2024-08-15T14:44:04.826+0000][8140.771s][info][gc,heap     ] GC(1759) Eden regions: 56->0(834)
[2024-08-15T14:44:04.826+0000][8140.771s][info][gc,heap     ] GC(1759) Survivor regions: 20->3(10)
[2024-08-15T14:44:04.826+0000][8140.771s][info][gc,heap     ] GC(1759) Old regions: 368->369
[2024-08-15T14:44:04.826+0000][8140.771s][info][gc,heap     ] GC(1759) Archive regions: 2->2
[2024-08-15T14:44:04.826+0000][8140.771s][info][gc,heap     ] GC(1759) Humongous regions: 5->5
[2024-08-15T14:44:04.826+0000][8140.771s][info][gc,metaspace] GC(1759) Metaspace: 441993K(448320K)->441993K(448320K) NonClass: 386992K(390592K)->386992K(390592K) Class: 55000K(57728K)->55000K(57728K)
[2024-08-15T14:44:04.826+0000][8140.771s][info][gc          ] GC(1759) Pause Young (Mixed) (G1 Evacuation Pause) 3591M->3018M(12288M) 79.145ms
[2024-08-15T14:44:04.826+0000][8140.771s][info][gc,cpu      ] GC(1759) User=0.47s Sys=0.00s Real=0.08s
[2024-08-15T14:44:13.616+0000][8149.561s][info][gc,start    ] GC(1760) Pause Young (Normal) (G1 Evacuation Pause)
[2024-08-15T14:44:13.616+0000][8149.561s][info][gc,task     ] GC(1760) Using 6 workers of 6 for evacuation
[2024-08-15T14:44:13.632+0000][8149.577s][info][gc,phases   ] GC(1760)   Pre Evacuate Collection Set: 0.2ms
[2024-08-15T14:44:13.632+0000][8149.577s][info][gc,phases   ] GC(1760)   Merge Heap Roots: 0.2ms
[2024-08-15T14:44:13.632+0000][8149.577s][info][gc,phases   ] GC(1760)   Evacuate Collection Set: 13.8ms
[2024-08-15T14:44:13.632+0000][8149.577s][info][gc,phases   ] GC(1760)   Post Evacuate Collection Set: 1.7ms
[2024-08-15T14:44:13.633+0000][8149.577s][info][gc,phases   ] GC(1760)   Other: 0.2ms
[2024-08-15T14:44:13.633+0000][8149.577s][info][gc,heap     ] GC(1760) Eden regions: 834->0(832)
[2024-08-15T14:44:13.633+0000][8149.577s][info][gc,heap     ] GC(1760) Survivor regions: 3->5(105)
[2024-08-15T14:44:13.633+0000][8149.577s][info][gc,heap     ] GC(1760) Old regions: 369->369
[2024-08-15T14:44:13.633+0000][8149.577s][info][gc,heap     ] GC(1760) Archive regions: 2->2
[2024-08-15T14:44:13.633+0000][8149.577s][info][gc,heap     ] GC(1760) Humongous regions: 5->5
[2024-08-15T14:44:13.633+0000][8149.577s][info][gc,metaspace] GC(1760) Metaspace: 441994K(448320K)->441994K(448320K) NonClass: 386993K(390592K)->386993K(390592K) Class: 55000K(57728K)->55000K(57728K)
[2024-08-15T14:44:13.633+0000][8149.577s][info][gc          ] GC(1760) Pause Young (Normal) (G1 Evacuation Pause) 9690M->3034M(12288M) 16.161ms
[2024-08-15T14:44:13.633+0000][8149.577s][info][gc,cpu      ] GC(1760) User=0.09s Sys=0.00s Real=0.01s
[2024-08-15T14:44:22.555+0000][8158.500s][info][gc,start    ] GC(1761) Pause Young (Normal) (G1 Evacuation Pause)
[2024-08-15T14:44:22.555+0000][8158.500s][info][gc,task     ] GC(1761) Using 6 workers of 6 for evacuation
[2024-08-15T14:44:22.580+0000][8158.524s][info][gc,phases   ] GC(1761)   Pre Evacuate Collection Set: 0.2ms
[2024-08-15T14:44:22.580+0000][8158.524s][info][gc,phases   ] GC(1761)   Merge Heap Roots: 0.2ms
[2024-08-15T14:44:22.580+0000][8158.524s][info][gc,phases   ] GC(1761)   Evacuate Collection Set: 21.7ms
[2024-08-15T14:44:22.580+0000][8158.524s][info][gc,phases   ] GC(1761)   Post Evacuate Collection Set: 1.9ms
[2024-08-15T14:44:22.580+0000][8158.524s][info][gc,phases   ] GC(1761)   Other: 0.2ms
[2024-08-15T14:44:22.580+0000][8158.524s][info][gc,heap     ] GC(1761) Eden regions: 832->0(828)
[2024-08-15T14:44:22.580+0000][8158.524s][info][gc,heap     ] GC(1761) Survivor regions: 5->9(105)
[2024-08-15T14:44:22.580+0000][8158.524s][info][gc,heap     ] GC(1761) Old regions: 369->369
[2024-08-15T14:44:22.580+0000][8158.524s][info][gc,heap     ] GC(1761) Archive regions: 2->2
[2024-08-15T14:44:22.580+0000][8158.524s][info][gc,heap     ] GC(1761) Humongous regions: 5->5
[2024-08-15T14:44:22.580+0000][8158.524s][info][gc,metaspace] GC(1761) Metaspace: 441994K(448320K)->441994K(448320K) NonClass: 386993K(390592K)->386993K(390592K) Class: 55000K(57728K)->55000K(57728K)
[2024-08-15T14:44:22.580+0000][8158.524s][info][gc          ] GC(1761) Pause Young (Normal) (G1 Evacuation Pause) 9690M->3064M(12288M) 24.291ms
[2024-08-15T14:44:22.580+0000][8158.524s][info][gc,cpu      ] GC(1761) User=0.14s Sys=0.00s Real=0.02s
[2024-08-15T14:44:31.620+0000][8167.565s][info][gc,start    ] GC(1762) Pause Young (Concurrent Start) (G1 Evacuation Pause)
[2024-08-15T14:44:31.620+0000][8167.565s][info][gc,task     ] GC(1762) Using 6 workers of 6 for evacuation
[2024-08-15T14:44:31.652+0000][8167.596s][info][gc,phases   ] GC(1762)   Pre Evacuate Collection Set: 0.6ms
[2024-08-15T14:44:31.652+0000][8167.596s][info][gc,phases   ] GC(1762)   Merge Heap Roots: 0.2ms
[2024-08-15T14:44:31.652+0000][8167.596s][info][gc,phases   ] GC(1762)   Evacuate Collection Set: 29.0ms
[2024-08-15T14:44:31.652+0000][8167.596s][info][gc,phases   ] GC(1762)   Post Evacuate Collection Set: 1.8ms
[2024-08-15T14:44:31.652+0000][8167.596s][info][gc,phases   ] GC(1762)   Other: 0.3ms
[2024-08-15T14:44:31.652+0000][8167.596s][info][gc,heap     ] GC(1762) Eden regions: 828->0(825)
[2024-08-15T14:44:31.652+0000][8167.596s][info][gc,heap     ] GC(1762) Survivor regions: 9->11(105)
[2024-08-15T14:44:31.652+0000][8167.597s][info][gc,heap     ] GC(1762) Old regions: 369->369
[2024-08-15T14:44:31.652+0000][8167.597s][info][gc,heap     ] GC(1762) Archive regions: 2->2
[2024-08-15T14:44:31.652+0000][8167.597s][info][gc,heap     ] GC(1762) Humongous regions: 5->5
[2024-08-15T14:44:31.652+0000][8167.597s][info][gc,metaspace] GC(1762) Metaspace: 442000K(448320K)->442000K(448320K) NonClass: 386999K(390592K)->386999K(390592K) Class: 55000K(57728K)->55000K(57728K)
[2024-08-15T14:44:31.652+0000][8167.597s][info][gc          ] GC(1762) Pause Young (Concurrent Start) (G1 Evacuation Pause) 9688M->3080M(12288M) 31.945ms
[2024-08-15T14:44:31.652+0000][8167.597s][info][gc,cpu      ] GC(1762) User=0.18s Sys=0.00s Real=0.03s
[2024-08-15T14:44:31.652+0000][8167.597s][info][gc          ] GC(1763) Concurrent Mark Cycle
[2024-08-15T14:44:31.652+0000][8167.597s][info][gc,marking  ] GC(1763) Concurrent Clear Claimed Marks
[2024-08-15T14:44:31.652+0000][8167.597s][info][gc,marking  ] GC(1763) Concurrent Clear Claimed Marks 0.410ms
[2024-08-15T14:44:31.652+0000][8167.597s][info][gc,marking  ] GC(1763) Concurrent Scan Root Regions
[2024-08-15T14:44:31.679+0000][8167.624s][info][gc,marking  ] GC(1763) Concurrent Scan Root Regions 26.466ms
[2024-08-15T14:44:31.679+0000][8167.624s][info][gc,marking  ] GC(1763) Concurrent Mark
[2024-08-15T14:44:31.679+0000][8167.624s][info][gc,marking  ] GC(1763) Concurrent Mark From Roots
[2024-08-15T14:44:31.679+0000][8167.624s][info][gc,task     ] GC(1763) Using 2 workers of 2 for marking
[2024-08-15T14:44:33.863+0000][8169.807s][info][gc,marking  ] GC(1763) Concurrent Mark From Roots 2183.848ms
[2024-08-15T14:44:33.863+0000][8169.807s][info][gc,marking  ] GC(1763) Concurrent Preclean
[2024-08-15T14:44:33.864+0000][8169.809s][info][gc,marking  ] GC(1763) Concurrent Preclean 1.304ms
[2024-08-15T14:44:33.864+0000][8169.809s][info][gc,start    ] GC(1763) Pause Remark
[2024-08-15T14:44:33.888+0000][8169.833s][info][gc          ] GC(1763) Pause Remark 4565M->4565M(12288M) 23.573ms
[2024-08-15T14:44:33.888+0000][8169.833s][info][gc,cpu      ] GC(1763) User=0.10s Sys=0.00s Real=0.02s
[2024-08-15T14:44:33.888+0000][8169.833s][info][gc,marking  ] GC(1763) Concurrent Mark 2209.160ms
[2024-08-15T14:44:33.888+0000][8169.833s][info][gc,marking  ] GC(1763) Concurrent Rebuild Remembered Sets
[2024-08-15T14:44:35.230+0000][8171.175s][info][gc,marking  ] GC(1763) Concurrent Rebuild Remembered Sets 1341.811ms
[2024-08-15T14:44:35.230+0000][8171.175s][info][gc,start    ] GC(1763) Pause Cleanup
[2024-08-15T14:44:35.231+0000][8171.175s][info][gc          ] GC(1763) Pause Cleanup 5504M->5504M(12288M) 0.599ms
[2024-08-15T14:44:35.231+0000][8171.175s][info][gc,cpu      ] GC(1763) User=0.00s Sys=0.00s Real=0.00s
[2024-08-15T14:44:35.231+0000][8171.176s][info][gc,marking  ] GC(1763) Concurrent Cleanup for Next Mark
[2024-08-15T14:44:35.248+0000][8171.193s][info][gc,marking  ] GC(1763) Concurrent Cleanup for Next Mark 17.304ms
[2024-08-15T14:44:35.248+0000][8171.193s][info][gc          ] GC(1763) Concurrent Mark Cycle 3596.257ms
[2024-08-15T14:44:41.113+0000][8177.057s][info][gc,start    ] GC(1764) Pause Young (Prepare Mixed) (G1 Evacuation Pause)
[2024-08-15T14:44:41.113+0000][8177.057s][info][gc,task     ] GC(1764) Using 6 workers of 6 for evacuation
[2024-08-15T14:44:41.147+0000][8177.092s][info][gc,phases   ] GC(1764)   Pre Evacuate Collection Set: 0.2ms
[2024-08-15T14:44:41.147+0000][8177.092s][info][gc,phases   ] GC(1764)   Merge Heap Roots: 0.3ms
[2024-08-15T14:44:41.147+0000][8177.092s][info][gc,phases   ] GC(1764)   Evacuate Collection Set: 31.6ms
[2024-08-15T14:44:41.147+0000][8177.092s][info][gc,phases   ] GC(1764)   Post Evacuate Collection Set: 1.9ms
[2024-08-15T14:44:41.147+0000][8177.092s][info][gc,phases   ] GC(1764)   Other: 0.2ms
[2024-08-15T14:44:41.147+0000][8177.092s][info][gc,heap     ] GC(1764) Eden regions: 825->0(61)
[2024-08-15T14:44:41.147+0000][8177.092s][info][gc,heap     ] GC(1764) Survivor regions: 11->15(105)
[2024-08-15T14:44:41.147+0000][8177.092s][info][gc,heap     ] GC(1764) Old regions: 369->369
[2024-08-15T14:44:41.147+0000][8177.092s][info][gc,heap     ] GC(1764) Archive regions: 2->2
[2024-08-15T14:44:41.147+0000][8177.092s][info][gc,heap     ] GC(1764) Humongous regions: 5->5
[2024-08-15T14:44:41.147+0000][8177.092s][info][gc,metaspace] GC(1764) Metaspace: 442003K(448320K)->442003K(448320K) NonClass: 387003K(390592K)->387003K(390592K) Class: 55000K(57728K)->55000K(57728K)
[2024-08-15T14:44:41.147+0000][8177.092s][info][gc          ] GC(1764) Pause Young (Prepare Mixed) (G1 Evacuation Pause) 9680M->3109M(12288M) 34.309ms
[2024-08-15T14:44:41.147+0000][8177.092s][info][gc,cpu      ] GC(1764) User=0.20s Sys=0.00s Real=0.04s
[2024-08-15T14:44:41.816+0000][8177.760s][info][gc,start    ] GC(1765) Pause Young (Mixed) (G1 Evacuation Pause)
[2024-08-15T14:44:41.816+0000][8177.760s][info][gc,task     ] GC(1765) Using 6 workers of 6 for evacuation
[2024-08-15T14:44:41.874+0000][8177.819s][info][gc,phases   ] GC(1765)   Pre Evacuate Collection Set: 0.2ms
[2024-08-15T14:44:41.874+0000][8177.819s][info][gc,phases   ] GC(1765)   Merge Heap Roots: 0.3ms
[2024-08-15T14:44:41.874+0000][8177.819s][info][gc,phases   ] GC(1765)   Evacuate Collection Set: 56.7ms
[2024-08-15T14:44:41.874+0000][8177.819s][info][gc,phases   ] GC(1765)   Post Evacuate Collection Set: 1.4ms
[2024-08-15T14:44:41.874+0000][8177.819s][info][gc,phases   ] GC(1765)   Other: 0.2ms
[2024-08-15T14:44:41.874+0000][8177.819s][info][gc,heap     ] GC(1765) Eden regions: 61->0(836)
[2024-08-15T14:44:41.874+0000][8177.819s][info][gc,heap     ] GC(1765) Survivor regions: 15->6(10)
[2024-08-15T14:44:41.874+0000][8177.819s][info][gc,heap     ] GC(1765) Old regions: 369->363
[2024-08-15T14:44:41.874+0000][8177.819s][info][gc,heap     ] GC(1765) Archive regions: 2->2
[2024-08-15T14:44:41.874+0000][8177.819s][info][gc,heap     ] GC(1765) Humongous regions: 5->5
[2024-08-15T14:44:41.874+0000][8177.819s][info][gc,metaspace] GC(1765) Metaspace: 442003K(448320K)->442003K(448320K) NonClass: 387003K(390592K)->387003K(390592K) Class: 55000K(57728K)->55000K(57728K)
[2024-08-15T14:44:41.874+0000][8177.819s][info][gc          ] GC(1765) Pause Young (Mixed) (G1 Evacuation Pause) 3597M->2987M(12288M) 58.812ms
[2024-08-15T14:44:41.874+0000][8177.819s][info][gc,cpu      ] GC(1765) User=0.34s Sys=0.00s Real=0.05s
[2024-08-15T14:44:50.860+0000][8186.804s][info][gc,start    ] GC(1766) Pause Young (Normal) (G1 Evacuation Pause)
[2024-08-15T14:44:50.860+0000][8186.804s][info][gc,task     ] GC(1766) Using 6 workers of 6 for evacuation
[2024-08-15T14:44:50.884+0000][8186.829s][info][gc,phases   ] GC(1766)   Pre Evacuate Collection Set: 0.2ms
[2024-08-15T14:44:50.884+0000][8186.829s][info][gc,phases   ] GC(1766)   Merge Heap Roots: 0.3ms
[2024-08-15T14:44:50.884+0000][8186.829s][info][gc,phases   ] GC(1766)   Evacuate Collection Set: 22.0ms
[2024-08-15T14:44:50.884+0000][8186.829s][info][gc,phases   ] GC(1766)   Post Evacuate Collection Set: 1.8ms
[2024-08-15T14:44:50.884+0000][8186.829s][info][gc,phases   ] GC(1766)   Other: 0.2ms
[2024-08-15T14:44:50.884+0000][8186.829s][info][gc,heap     ] GC(1766) Eden regions: 836->0(835)
[2024-08-15T14:44:50.884+0000][8186.829s][info][gc,heap     ] GC(1766) Survivor regions: 6->8(106)
[2024-08-15T14:44:50.884+0000][8186.829s][info][gc,heap     ] GC(1766) Old regions: 363->363
[2024-08-15T14:44:50.884+0000][8186.829s][info][gc,heap     ] GC(1766) Archive regions: 2->2
[2024-08-15T14:44:50.884+0000][8186.829s][info][gc,heap     ] GC(1766) Humongous regions: 5->5
[2024-08-15T14:44:50.884+0000][8186.829s][info][gc,metaspace] GC(1766) Metaspace: 442003K(448320K)->442003K(448320K) NonClass: 387003K(390592K)->387003K(390592K) Class: 55000K(57728K)->55000K(57728K)
[2024-08-15T14:44:50.884+0000][8186.829s][info][gc          ] GC(1766) Pause Young (Normal) (G1 Evacuation Pause) 9675M->3006M(12288M) 24.490ms
[2024-08-15T14:44:50.884+0000][8186.829s][info][gc,cpu      ] GC(1766) User=0.15s Sys=0.00s Real=0.03s
[2024-08-15T14:44:59.920+0000][8195.865s][info][gc,start    ] GC(1767) Pause Young (Normal) (G1 Evacuation Pause)
[2024-08-15T14:44:59.920+0000][8195.865s][info][gc,task     ] GC(1767) Using 6 workers of 6 for evacuation
[2024-08-15T14:44:59.948+0000][8195.893s][info][gc,phases   ] GC(1767)   Pre Evacuate Collection Set: 0.2ms
[2024-08-15T14:44:59.948+0000][8195.893s][info][gc,phases   ] GC(1767)   Merge Heap Roots: 0.3ms
[2024-08-15T14:44:59.948+0000][8195.893s][info][gc,phases   ] GC(1767)   Evacuate Collection Set: 25.4ms
[2024-08-15T14:44:59.948+0000][8195.893s][info][gc,phases   ] GC(1767)   Post Evacuate Collection Set: 1.8ms
[2024-08-15T14:44:59.948+0000][8195.893s][info][gc,phases   ] GC(1767)   Other: 0.2ms
[2024-08-15T14:44:59.948+0000][8195.893s][info][gc,heap     ] GC(1767) Eden regions: 835->0(833)
[2024-08-15T14:44:59.948+0000][8195.893s][info][gc,heap     ] GC(1767) Survivor regions: 8->10(106)
[2024-08-15T14:44:59.948+0000][8195.893s][info][gc,heap     ] GC(1767) Old regions: 363->363
[2024-08-15T14:44:59.948+0000][8195.893s][info][gc,heap     ] GC(1767) Archive regions: 2->2
[2024-08-15T14:44:59.948+0000][8195.893s][info][gc,heap     ] GC(1767) Humongous regions: 5->5
[2024-08-15T14:44:59.948+0000][8195.893s][info][gc,metaspace] GC(1767) Metaspace: 442003K(448320K)->442003K(448320K) NonClass: 387003K(390592K)->387003K(390592K) Class: 55000K(57728K)->55000K(57728K)
[2024-08-15T14:44:59.948+0000][8195.893s][info][gc          ] GC(1767) Pause Young (Normal) (G1 Evacuation Pause) 9686M->3021M(12288M) 27.896ms
[2024-08-15T14:44:59.948+0000][8195.893s][info][gc,cpu      ] GC(1767) User=0.16s Sys=0.00s Real=0.03s
[2024-08-15T14:45:09.063+0000][8205.008s][info][gc,start    ] GC(1768) Pause Young (Concurrent Start) (G1 Evacuation Pause)
[2024-08-15T14:45:09.063+0000][8205.008s][info][gc,task     ] GC(1768) Using 6 workers of 6 for evacuation
[2024-08-15T14:45:09.097+0000][8205.042s][info][gc,phases   ] GC(1768)   Pre Evacuate Collection Set: 0.6ms
[2024-08-15T14:45:09.097+0000][8205.042s][info][gc,phases   ] GC(1768)   Merge Heap Roots: 0.2ms
[2024-08-15T14:45:09.097+0000][8205.042s][info][gc,phases   ] GC(1768)   Evacuate Collection Set: 31.2ms
[2024-08-15T14:45:09.097+0000][8205.042s][info][gc,phases   ] GC(1768)   Post Evacuate Collection Set: 1.8ms
[2024-08-15T14:45:09.097+0000][8205.042s][info][gc,phases   ] GC(1768)   Other: 0.3ms
[2024-08-15T14:45:09.097+0000][8205.042s][info][gc,heap     ] GC(1768) Eden regions: 833->0(831)
[2024-08-15T14:45:09.097+0000][8205.042s][info][gc,heap     ] GC(1768) Survivor regions: 10->13(106)
[2024-08-15T14:45:09.097+0000][8205.042s][info][gc,heap     ] GC(1768) Old regions: 363->363
[2024-08-15T14:45:09.097+0000][8205.042s][info][gc,heap     ] GC(1768) Archive regions: 2->2
[2024-08-15T14:45:09.097+0000][8205.042s][info][gc,heap     ] GC(1768) Humongous regions: 5->5
[2024-08-15T14:45:09.097+0000][8205.042s][info][gc,metaspace] GC(1768) Metaspace: 442016K(448320K)->442016K(448320K) NonClass: 387015K(390592K)->387015K(390592K) Class: 55000K(57728K)->55000K(57728K)
[2024-08-15T14:45:09.097+0000][8205.042s][info][gc          ] GC(1768) Pause Young (Concurrent Start) (G1 Evacuation Pause) 9685M->3046M(12288M) 34.165ms
[2024-08-15T14:45:09.097+0000][8205.042s][info][gc,cpu      ] GC(1768) User=0.20s Sys=0.00s Real=0.04s
[2024-08-15T14:45:09.097+0000][8205.042s][info][gc          ] GC(1769) Concurrent Mark Cycle
[2024-08-15T14:45:09.097+0000][8205.042s][info][gc,marking  ] GC(1769) Concurrent Clear Claimed Marks
[2024-08-15T14:45:09.098+0000][8205.042s][info][gc,marking  ] GC(1769) Concurrent Clear Claimed Marks 0.430ms
[2024-08-15T14:45:09.098+0000][8205.042s][info][gc,marking  ] GC(1769) Concurrent Scan Root Regions
[2024-08-15T14:45:09.132+0000][8205.076s][info][gc,marking  ] GC(1769) Concurrent Scan Root Regions 33.814ms
[2024-08-15T14:45:09.132+0000][8205.076s][info][gc,marking  ] GC(1769) Concurrent Mark
[2024-08-15T14:45:09.132+0000][8205.076s][info][gc,marking  ] GC(1769) Concurrent Mark From Roots
[2024-08-15T14:45:09.132+0000][8205.076s][info][gc,task     ] GC(1769) Using 2 workers of 2 for marking
[2024-08-15T14:45:11.402+0000][8207.347s][info][gc,marking  ] GC(1769) Concurrent Mark From Roots 2270.725ms
[2024-08-15T14:45:11.402+0000][8207.347s][info][gc,marking  ] GC(1769) Concurrent Preclean
[2024-08-15T14:45:11.404+0000][8207.348s][info][gc,marking  ] GC(1769) Concurrent Preclean 1.325ms
[2024-08-15T14:45:11.404+0000][8207.349s][info][gc,start    ] GC(1769) Pause Remark
[2024-08-15T14:45:11.428+0000][8207.372s][info][gc          ] GC(1769) Pause Remark 4650M->4650M(12288M) 23.598ms
[2024-08-15T14:45:11.428+0000][8207.372s][info][gc,cpu      ] GC(1769) User=0.10s Sys=0.00s Real=0.02s
[2024-08-15T14:45:11.428+0000][8207.372s][info][gc,marking  ] GC(1769) Concurrent Mark 2296.156ms
[2024-08-15T14:45:11.428+0000][8207.372s][info][gc,marking  ] GC(1769) Concurrent Rebuild Remembered Sets
[2024-08-15T14:45:12.741+0000][8208.686s][info][gc,marking  ] GC(1769) Concurrent Rebuild Remembered Sets 1313.663ms
[2024-08-15T14:45:12.742+0000][8208.686s][info][gc,start    ] GC(1769) Pause Cleanup
[2024-08-15T14:45:12.742+0000][8208.687s][info][gc          ] GC(1769) Pause Cleanup 5566M->5566M(12288M) 0.611ms
[2024-08-15T14:45:12.742+0000][8208.687s][info][gc,cpu      ] GC(1769) User=0.00s Sys=0.00s Real=0.00s
[2024-08-15T14:45:12.742+0000][8208.687s][info][gc,marking  ] GC(1769) Concurrent Cleanup for Next Mark
[2024-08-15T14:45:12.771+0000][8208.715s][info][gc,marking  ] GC(1769) Concurrent Cleanup for Next Mark 28.247ms
[2024-08-15T14:45:12.771+0000][8208.715s][info][gc          ] GC(1769) Concurrent Mark Cycle 3673.442ms
[2024-08-15T14:45:18.303+0000][8214.248s][info][gc,start    ] GC(1770) Pause Young (Prepare Mixed) (G1 Evacuation Pause)
[2024-08-15T14:45:18.303+0000][8214.248s][info][gc,task     ] GC(1770) Using 6 workers of 6 for evacuation
[2024-08-15T14:45:18.342+0000][8214.287s][info][gc,phases   ] GC(1770)   Pre Evacuate Collection Set: 0.2ms
[2024-08-15T14:45:18.342+0000][8214.287s][info][gc,phases   ] GC(1770)   Merge Heap Roots: 0.4ms
[2024-08-15T14:45:18.342+0000][8214.287s][info][gc,phases   ] GC(1770)   Evacuate Collection Set: 36.2ms
[2024-08-15T14:45:18.342+0000][8214.287s][info][gc,phases   ] GC(1770)   Post Evacuate Collection Set: 1.8ms
[2024-08-15T14:45:18.342+0000][8214.287s][info][gc,phases   ] GC(1770)   Other: 0.2ms
[2024-08-15T14:45:18.342+0000][8214.287s][info][gc,heap     ] GC(1770) Eden regions: 831->0(60)
[2024-08-15T14:45:18.342+0000][8214.287s][info][gc,heap     ] GC(1770) Survivor regions: 13->16(106)
[2024-08-15T14:45:18.342+0000][8214.287s][info][gc,heap     ] GC(1770) Old regions: 363->363
[2024-08-15T14:45:18.342+0000][8214.287s][info][gc,heap     ] GC(1770) Archive regions: 2->2
[2024-08-15T14:45:18.342+0000][8214.287s][info][gc,heap     ] GC(1770) Humongous regions: 5->5
[2024-08-15T14:45:18.342+0000][8214.287s][info][gc,metaspace] GC(1770) Metaspace: 442016K(448320K)->442016K(448320K) NonClass: 387015K(390592K)->387015K(390592K) Class: 55000K(57728K)->55000K(57728K)
[2024-08-15T14:45:18.342+0000][8214.287s][info][gc          ] GC(1770) Pause Young (Prepare Mixed) (G1 Evacuation Pause) 9694M->3071M(12288M) 38.822ms
[2024-08-15T14:45:18.342+0000][8214.287s][info][gc,cpu      ] GC(1770) User=0.23s Sys=0.00s Real=0.03s
[2024-08-15T14:45:18.996+0000][8214.940s][info][gc,start    ] GC(1771) Pause Young (Mixed) (G1 Evacuation Pause)
[2024-08-15T14:45:18.996+0000][8214.940s][info][gc,task     ] GC(1771) Using 6 workers of 6 for evacuation
[2024-08-15T14:45:19.079+0000][8215.023s][info][gc,phases   ] GC(1771)   Pre Evacuate Collection Set: 0.2ms
[2024-08-15T14:45:19.079+0000][8215.023s][info][gc,phases   ] GC(1771)   Merge Heap Roots: 0.8ms
[2024-08-15T14:45:19.079+0000][8215.023s][info][gc,phases   ] GC(1771)   Evacuate Collection Set: 80.7ms
[2024-08-15T14:45:19.079+0000][8215.023s][info][gc,phases   ] GC(1771)   Post Evacuate Collection Set: 1.3ms
[2024-08-15T14:45:19.079+0000][8215.023s][info][gc,phases   ] GC(1771)   Other: 0.2ms
[2024-08-15T14:45:19.079+0000][8215.023s][info][gc,heap     ] GC(1771) Eden regions: 60->0(839)
[2024-08-15T14:45:19.079+0000][8215.023s][info][gc,heap     ] GC(1771) Survivor regions: 16->6(10)
[2024-08-15T14:45:19.079+0000][8215.023s][info][gc,heap     ] GC(1771) Old regions: 363->361
[2024-08-15T14:45:19.079+0000][8215.023s][info][gc,heap     ] GC(1771) Archive regions: 2->2
[2024-08-15T14:45:19.079+0000][8215.023s][info][gc,heap     ] GC(1771) Humongous regions: 5->5
[2024-08-15T14:45:19.079+0000][8215.023s][info][gc,metaspace] GC(1771) Metaspace: 442016K(448320K)->442016K(448320K) NonClass: 387015K(390592K)->387015K(390592K) Class: 55000K(57728K)->55000K(57728K)
[2024-08-15T14:45:19.079+0000][8215.023s][info][gc          ] GC(1771) Pause Young (Mixed) (G1 Evacuation Pause) 3551M->2974M(12288M) 83.284ms
[2024-08-15T14:45:19.079+0000][8215.023s][info][gc,cpu      ] GC(1771) User=0.49s Sys=0.00s Real=0.08s
[2024-08-15T14:45:27.710+0000][8223.654s][info][gc,start    ] GC(1772) Pause Young (Normal) (G1 Evacuation Pause)
[2024-08-15T14:45:27.710+0000][8223.654s][info][gc,task     ] GC(1772) Using 6 workers of 6 for evacuation
[2024-08-15T14:45:27.730+0000][8223.674s][info][gc,phases   ] GC(1772)   Pre Evacuate Collection Set: 0.2ms
[2024-08-15T14:45:27.730+0000][8223.674s][info][gc,phases   ] GC(1772)   Merge Heap Roots: 0.3ms
[2024-08-15T14:45:27.730+0000][8223.674s][info][gc,phases   ] GC(1772)   Evacuate Collection Set: 17.5ms
[2024-08-15T14:45:27.730+0000][8223.674s][info][gc,phases   ] GC(1772)   Post Evacuate Collection Set: 1.7ms
[2024-08-15T14:45:27.730+0000][8223.674s][info][gc,phases   ] GC(1772)   Other: 0.2ms
[2024-08-15T14:45:27.730+0000][8223.674s][info][gc,heap     ] GC(1772) Eden regions: 839->0(841)
[2024-08-15T14:45:27.730+0000][8223.674s][info][gc,heap     ] GC(1772) Survivor regions: 6->6(106)
[2024-08-15T14:45:27.730+0000][8223.674s][info][gc,heap     ] GC(1772) Old regions: 361->361
[2024-08-15T14:45:27.730+0000][8223.674s][info][gc,heap     ] GC(1772) Archive regions: 2->2
[2024-08-15T14:45:27.730+0000][8223.674s][info][gc,heap     ] GC(1772) Humongous regions: 5->5
[2024-08-15T14:45:27.730+0000][8223.674s][info][gc,metaspace] GC(1772) Metaspace: 442016K(448320K)->442016K(448320K) NonClass: 387015K(390592K)->387015K(390592K) Class: 55000K(57728K)->55000K(57728K)
[2024-08-15T14:45:27.730+0000][8223.674s][info][gc          ] GC(1772) Pause Young (Normal) (G1 Evacuation Pause) 9686M->2974M(12288M) 20.010ms
[2024-08-15T14:45:27.730+0000][8223.675s][info][gc,cpu      ] GC(1772) User=0.12s Sys=0.00s Real=0.02s
[2024-08-15T14:45:36.621+0000][8232.566s][info][gc,start    ] GC(1773) Pause Young (Normal) (G1 Evacuation Pause)
[2024-08-15T14:45:36.621+0000][8232.566s][info][gc,task     ] GC(1773) Using 6 workers of 6 for evacuation
[2024-08-15T14:45:36.647+0000][8232.592s][info][gc,phases   ] GC(1773)   Pre Evacuate Collection Set: 0.2ms
[2024-08-15T14:45:36.647+0000][8232.592s][info][gc,phases   ] GC(1773)   Merge Heap Roots: 0.2ms
[2024-08-15T14:45:36.647+0000][8232.592s][info][gc,phases   ] GC(1773)   Evacuate Collection Set: 23.7ms
[2024-08-15T14:45:36.647+0000][8232.592s][info][gc,phases   ] GC(1773)   Post Evacuate Collection Set: 1.8ms
[2024-08-15T14:45:36.647+0000][8232.592s][info][gc,phases   ] GC(1773)   Other: 0.2ms
[2024-08-15T14:45:36.647+0000][8232.592s][info][gc,heap     ] GC(1773) Eden regions: 841->0(837)
[2024-08-15T14:45:36.647+0000][8232.592s][info][gc,heap     ] GC(1773) Survivor regions: 6->10(106)
[2024-08-15T14:45:36.647+0000][8232.592s][info][gc,heap     ] GC(1773) Old regions: 361->361
[2024-08-15T14:45:36.647+0000][8232.592s][info][gc,heap     ] GC(1773) Archive regions: 2->2
[2024-08-15T14:45:36.647+0000][8232.592s][info][gc,heap     ] GC(1773) Humongous regions: 5->5
[2024-08-15T14:45:36.647+0000][8232.592s][info][gc,metaspace] GC(1773) Metaspace: 442016K(448320K)->442016K(448320K) NonClass: 387015K(390592K)->387015K(390592K) Class: 55000K(57728K)->55000K(57728K)
[2024-08-15T14:45:36.647+0000][8232.592s][info][gc          ] GC(1773) Pause Young (Normal) (G1 Evacuation Pause) 9702M->3000M(12288M) 26.170ms
[2024-08-15T14:45:36.647+0000][8232.592s][info][gc,cpu      ] GC(1773) User=0.15s Sys=0.00s Real=0.03s
[2024-08-15T14:45:45.858+0000][8241.802s][info][gc,start    ] GC(1774) Pause Young (Concurrent Start) (G1 Evacuation Pause)
[2024-08-15T14:45:45.858+0000][8241.802s][info][gc,task     ] GC(1774) Using 6 workers of 6 for evacuation
[2024-08-15T14:45:45.890+0000][8241.835s][info][gc,phases   ] GC(1774)   Pre Evacuate Collection Set: 0.6ms
[2024-08-15T14:45:45.890+0000][8241.835s][info][gc,phases   ] GC(1774)   Merge Heap Roots: 0.2ms
[2024-08-15T14:45:45.890+0000][8241.835s][info][gc,phases   ] GC(1774)   Evacuate Collection Set: 29.5ms
[2024-08-15T14:45:45.890+0000][8241.835s][info][gc,phases   ] GC(1774)   Post Evacuate Collection Set: 1.9ms
[2024-08-15T14:45:45.890+0000][8241.835s][info][gc,phases   ] GC(1774)   Other: 0.3ms
[2024-08-15T14:45:45.890+0000][8241.835s][info][gc,heap     ] GC(1774) Eden regions: 837->0(834)
[2024-08-15T14:45:45.890+0000][8241.835s][info][gc,heap     ] GC(1774) Survivor regions: 10->13(106)
[2024-08-15T14:45:45.890+0000][8241.835s][info][gc,heap     ] GC(1774) Old regions: 361->361
[2024-08-15T14:45:45.890+0000][8241.835s][info][gc,heap     ] GC(1774) Archive regions: 2->2
[2024-08-15T14:45:45.890+0000][8241.835s][info][gc,heap     ] GC(1774) Humongous regions: 5->5
[2024-08-15T14:45:45.890+0000][8241.835s][info][gc,metaspace] GC(1774) Metaspace: 442057K(448384K)->442057K(448384K) NonClass: 387056K(390656K)->387056K(390656K) Class: 55000K(57728K)->55000K(57728K)
[2024-08-15T14:45:45.890+0000][8241.835s][info][gc          ] GC(1774) Pause Young (Concurrent Start) (G1 Evacuation Pause) 9696M->3030M(12288M) 32.494ms
[2024-08-15T14:45:45.890+0000][8241.835s][info][gc,cpu      ] GC(1774) User=0.19s Sys=0.00s Real=0.03s
[2024-08-15T14:45:45.890+0000][8241.835s][info][gc          ] GC(1775) Concurrent Mark Cycle
[2024-08-15T14:45:45.890+0000][8241.835s][info][gc,marking  ] GC(1775) Concurrent Clear Claimed Marks
[2024-08-15T14:45:45.891+0000][8241.835s][info][gc,marking  ] GC(1775) Concurrent Clear Claimed Marks 0.461ms
[2024-08-15T14:45:45.891+0000][8241.835s][info][gc,marking  ] GC(1775) Concurrent Scan Root Regions
[2024-08-15T14:45:45.915+0000][8241.860s][info][gc,marking  ] GC(1775) Concurrent Scan Root Regions 24.639ms
[2024-08-15T14:45:45.915+0000][8241.860s][info][gc,marking  ] GC(1775) Concurrent Mark
[2024-08-15T14:45:45.915+0000][8241.860s][info][gc,marking  ] GC(1775) Concurrent Mark From Roots
[2024-08-15T14:45:45.915+0000][8241.860s][info][gc,task     ] GC(1775) Using 2 workers of 2 for marking
[2024-08-15T14:45:48.198+0000][8244.142s][info][gc,marking  ] GC(1775) Concurrent Mark From Roots 2282.379ms
[2024-08-15T14:45:48.198+0000][8244.143s][info][gc,marking  ] GC(1775) Concurrent Preclean
[2024-08-15T14:45:48.199+0000][8244.144s][info][gc,marking  ] GC(1775) Concurrent Preclean 1.469ms
[2024-08-15T14:45:48.200+0000][8244.144s][info][gc,start    ] GC(1775) Pause Remark
[2024-08-15T14:45:48.223+0000][8244.167s][info][gc          ] GC(1775) Pause Remark 4622M->4622M(12288M) 23.261ms
[2024-08-15T14:45:48.223+0000][8244.168s][info][gc,cpu      ] GC(1775) User=0.10s Sys=0.00s Real=0.02s
[2024-08-15T14:45:48.223+0000][8244.168s][info][gc,marking  ] GC(1775) Concurrent Mark 2307.529ms
[2024-08-15T14:45:48.223+0000][8244.168s][info][gc,marking  ] GC(1775) Concurrent Rebuild Remembered Sets
[2024-08-15T14:45:49.555+0000][8245.500s][info][gc,marking  ] GC(1775) Concurrent Rebuild Remembered Sets 1332.187ms
[2024-08-15T14:45:49.555+0000][8245.500s][info][gc,start    ] GC(1775) Pause Cleanup
[2024-08-15T14:45:49.556+0000][8245.501s][info][gc          ] GC(1775) Pause Cleanup 5570M->5570M(12288M) 0.644ms
[2024-08-15T14:45:49.556+0000][8245.501s][info][gc,cpu      ] GC(1775) User=0.00s Sys=0.00s Real=0.00s
[2024-08-15T14:45:49.556+0000][8245.501s][info][gc,marking  ] GC(1775) Concurrent Cleanup for Next Mark
[2024-08-15T14:45:49.574+0000][8245.518s][info][gc,marking  ] GC(1775) Concurrent Cleanup for Next Mark 17.494ms
[2024-08-15T14:45:49.574+0000][8245.518s][info][gc          ] GC(1775) Concurrent Mark Cycle 3683.386ms
[2024-08-15T14:45:54.998+0000][8250.943s][info][gc,start    ] GC(1776) Pause Young (Prepare Mixed) (G1 Evacuation Pause)
[2024-08-15T14:45:54.998+0000][8250.943s][info][gc,task     ] GC(1776) Using 6 workers of 6 for evacuation
[2024-08-15T14:45:55.045+0000][8250.989s][info][gc,phases   ] GC(1776)   Pre Evacuate Collection Set: 0.2ms
[2024-08-15T14:45:55.045+0000][8250.989s][info][gc,phases   ] GC(1776)   Merge Heap Roots: 0.3ms
[2024-08-15T14:45:55.045+0000][8250.989s][info][gc,phases   ] GC(1776)   Evacuate Collection Set: 44.1ms
[2024-08-15T14:45:55.045+0000][8250.989s][info][gc,phases   ] GC(1776)   Post Evacuate Collection Set: 1.8ms
[2024-08-15T14:45:55.045+0000][8250.989s][info][gc,phases   ] GC(1776)   Other: 0.2ms
[2024-08-15T14:45:55.045+0000][8250.989s][info][gc,heap     ] GC(1776) Eden regions: 834->0(62)
[2024-08-15T14:45:55.045+0000][8250.989s][info][gc,heap     ] GC(1776) Survivor regions: 13->14(106)
[2024-08-15T14:45:55.045+0000][8250.989s][info][gc,heap     ] GC(1776) Old regions: 361->361
[2024-08-15T14:45:55.045+0000][8250.989s][info][gc,heap     ] GC(1776) Archive regions: 2->2
[2024-08-15T14:45:55.045+0000][8250.989s][info][gc,heap     ] GC(1776) Humongous regions: 5->5
[2024-08-15T14:45:55.045+0000][8250.989s][info][gc,metaspace] GC(1776) Metaspace: 442057K(448384K)->442057K(448384K) NonClass: 387056K(390656K)->387056K(390656K) Class: 55000K(57728K)->55000K(57728K)
[2024-08-15T14:45:55.045+0000][8250.989s][info][gc          ] GC(1776) Pause Young (Prepare Mixed) (G1 Evacuation Pause) 9702M->3033M(12288M) 46.708ms
[2024-08-15T14:45:55.045+0000][8250.989s][info][gc,cpu      ] GC(1776) User=0.28s Sys=0.00s Real=0.05s
[2024-08-15T14:45:55.708+0000][8251.652s][info][gc,start    ] GC(1777) Pause Young (Mixed) (G1 Evacuation Pause)
[2024-08-15T14:45:55.708+0000][8251.652s][info][gc,task     ] GC(1777) Using 6 workers of 6 for evacuation
[2024-08-15T14:45:55.790+0000][8251.734s][info][gc,phases   ] GC(1777)   Pre Evacuate Collection Set: 0.2ms
[2024-08-15T14:45:55.790+0000][8251.734s][info][gc,phases   ] GC(1777)   Merge Heap Roots: 0.4ms
[2024-08-15T14:45:55.790+0000][8251.734s][info][gc,phases   ] GC(1777)   Evacuate Collection Set: 79.7ms
[2024-08-15T14:45:55.790+0000][8251.734s][info][gc,phases   ] GC(1777)   Post Evacuate Collection Set: 1.4ms
[2024-08-15T14:45:55.790+0000][8251.734s][info][gc,phases   ] GC(1777)   Other: 0.2ms
[2024-08-15T14:45:55.790+0000][8251.734s][info][gc,heap     ] GC(1777) Eden regions: 62->0(844)
[2024-08-15T14:45:55.790+0000][8251.734s][info][gc,heap     ] GC(1777) Survivor regions: 14->5(10)
[2024-08-15T14:45:55.790+0000][8251.734s][info][gc,heap     ] GC(1777) Old regions: 361->359
[2024-08-15T14:45:55.790+0000][8251.734s][info][gc,heap     ] GC(1777) Archive regions: 2->2
[2024-08-15T14:45:55.790+0000][8251.734s][info][gc,heap     ] GC(1777) Humongous regions: 5->5
[2024-08-15T14:45:55.790+0000][8251.734s][info][gc,metaspace] GC(1777) Metaspace: 442057K(448384K)->442057K(448384K) NonClass: 387056K(390656K)->387056K(390656K) Class: 55000K(57728K)->55000K(57728K)
[2024-08-15T14:45:55.790+0000][8251.734s][info][gc          ] GC(1777) Pause Young (Mixed) (G1 Evacuation Pause) 3529M->2955M(12288M) 81.903ms
[2024-08-15T14:45:55.790+0000][8251.734s][info][gc,cpu      ] GC(1777) User=0.48s Sys=0.00s Real=0.08s
[2024-08-15T14:45:58.863+0000][8254.807s][info][gc,start    ] GC(1778) Pause Young (Normal) (G1 Evacuation Pause)
[2024-08-15T14:45:58.863+0000][8254.807s][info][gc,task     ] GC(1778) Using 6 workers of 6 for evacuation
[2024-08-15T14:45:58.918+0000][8254.863s][info][gc,phases   ] GC(1778)   Pre Evacuate Collection Set: 0.2ms
[2024-08-15T14:45:58.918+0000][8254.863s][info][gc,phases   ] GC(1778)   Merge Heap Roots: 0.3ms
[2024-08-15T14:45:58.918+0000][8254.863s][info][gc,phases   ] GC(1778)   Evacuate Collection Set: 43.5ms
[2024-08-15T14:45:58.918+0000][8254.863s][info][gc,phases   ] GC(1778)   Post Evacuate Collection Set: 11.8ms
[2024-08-15T14:45:58.918+0000][8254.863s][info][gc,phases   ] GC(1778)   Other: 0.2ms
[2024-08-15T14:45:58.918+0000][8254.863s][info][gc,heap     ] GC(1778) Eden regions: 844->0(838)
[2024-08-15T14:45:58.918+0000][8254.863s][info][gc,heap     ] GC(1778) Survivor regions: 5->9(107)
[2024-08-15T14:45:58.918+0000][8254.863s][info][gc,heap     ] GC(1778) Old regions: 359->359
[2024-08-15T14:45:58.918+0000][8254.863s][info][gc,heap     ] GC(1778) Archive regions: 2->2
[2024-08-15T14:45:58.919+0000][8254.863s][info][gc,heap     ] GC(1778) Humongous regions: 5->5
[2024-08-15T14:45:58.919+0000][8254.863s][info][gc,metaspace] GC(1778) Metaspace: 442057K(448384K)->442057K(448384K) NonClass: 387056K(390656K)->387056K(390656K) Class: 55000K(57728K)->55000K(57728K)
[2024-08-15T14:45:58.919+0000][8254.863s][info][gc          ] GC(1778) Pause Young (Normal) (G1 Evacuation Pause) 9707M->2985M(12288M) 55.997ms
[2024-08-15T14:45:58.919+0000][8254.863s][info][gc,cpu      ] GC(1778) User=0.32s Sys=0.00s Real=0.06s
[2024-08-15T14:46:01.542+0000][8257.487s][info][gc,start    ] GC(1779) Pause Young (Normal) (G1 Evacuation Pause)
[2024-08-15T14:46:01.542+0000][8257.487s][info][gc,task     ] GC(1779) Using 6 workers of 6 for evacuation
[2024-08-15T14:46:01.636+0000][8257.580s][info][gc,phases   ] GC(1779)   Pre Evacuate Collection Set: 0.2ms
[2024-08-15T14:46:01.636+0000][8257.580s][info][gc,phases   ] GC(1779)   Merge Heap Roots: 0.4ms
[2024-08-15T14:46:01.636+0000][8257.580s][info][gc,phases   ] GC(1779)   Evacuate Collection Set: 73.4ms
[2024-08-15T14:46:01.636+0000][8257.580s][info][gc,phases   ] GC(1779)   Post Evacuate Collection Set: 19.1ms
[2024-08-15T14:46:01.636+0000][8257.580s][info][gc,phases   ] GC(1779)   Other: 0.2ms
[2024-08-15T14:46:01.636+0000][8257.580s][info][gc,heap     ] GC(1779) Eden regions: 838->0(833)
[2024-08-15T14:46:01.636+0000][8257.580s][info][gc,heap     ] GC(1779) Survivor regions: 9->14(106)
[2024-08-15T14:46:01.636+0000][8257.580s][info][gc,heap     ] GC(1779) Old regions: 359->359
[2024-08-15T14:46:01.636+0000][8257.580s][info][gc,heap     ] GC(1779) Archive regions: 2->2
[2024-08-15T14:46:01.636+0000][8257.580s][info][gc,heap     ] GC(1779) Humongous regions: 5->5
[2024-08-15T14:46:01.636+0000][8257.580s][info][gc,metaspace] GC(1779) Metaspace: 442057K(448384K)->442057K(448384K) NonClass: 387056K(390656K)->387056K(390656K) Class: 55000K(57728K)->55000K(57728K)
[2024-08-15T14:46:01.636+0000][8257.580s][info][gc          ] GC(1779) Pause Young (Normal) (G1 Evacuation Pause) 9689M->3027M(12288M) 93.393ms
[2024-08-15T14:46:01.636+0000][8257.580s][info][gc,cpu      ] GC(1779) User=0.54s Sys=0.00s Real=0.10s
[2024-08-15T14:46:04.294+0000][8260.239s][info][gc,start    ] GC(1780) Pause Young (Concurrent Start) (G1 Evacuation Pause)
[2024-08-15T14:46:04.294+0000][8260.239s][info][gc,task     ] GC(1780) Using 6 workers of 6 for evacuation
[2024-08-15T14:46:04.395+0000][8260.340s][info][gc,phases   ] GC(1780)   Pre Evacuate Collection Set: 0.6ms
[2024-08-15T14:46:04.395+0000][8260.340s][info][gc,phases   ] GC(1780)   Merge Heap Roots: 0.4ms
[2024-08-15T14:46:04.395+0000][8260.340s][info][gc,phases   ] GC(1780)   Evacuate Collection Set: 81.8ms
[2024-08-15T14:46:04.395+0000][8260.340s][info][gc,phases   ] GC(1780)   Post Evacuate Collection Set: 17.9ms
[2024-08-15T14:46:04.395+0000][8260.340s][info][gc,phases   ] GC(1780)   Other: 0.3ms
[2024-08-15T14:46:04.395+0000][8260.340s][info][gc,heap     ] GC(1780) Eden regions: 833->0(824)
[2024-08-15T14:46:04.395+0000][8260.340s][info][gc,heap     ] GC(1780) Survivor regions: 14->19(106)
[2024-08-15T14:46:04.395+0000][8260.340s][info][gc,heap     ] GC(1780) Old regions: 359->359
[2024-08-15T14:46:04.395+0000][8260.340s][info][gc,heap     ] GC(1780) Archive regions: 2->2
[2024-08-15T14:46:04.395+0000][8260.340s][info][gc,heap     ] GC(1780) Humongous regions: 5->5
[2024-08-15T14:46:04.395+0000][8260.340s][info][gc,metaspace] GC(1780) Metaspace: 442057K(448384K)->442057K(448384K) NonClass: 387056K(390656K)->387056K(390656K) Class: 55000K(57728K)->55000K(57728K)
[2024-08-15T14:46:04.395+0000][8260.340s][info][gc          ] GC(1780) Pause Young (Concurrent Start) (G1 Evacuation Pause) 9691M->3065M(12288M) 101.027ms
[2024-08-15T14:46:04.395+0000][8260.340s][info][gc,cpu      ] GC(1780) User=0.59s Sys=0.00s Real=0.11s
[2024-08-15T14:46:04.395+0000][8260.340s][info][gc          ] GC(1781) Concurrent Mark Cycle
[2024-08-15T14:46:04.395+0000][8260.340s][info][gc,marking  ] GC(1781) Concurrent Clear Claimed Marks
[2024-08-15T14:46:04.396+0000][8260.341s][info][gc,marking  ] GC(1781) Concurrent Clear Claimed Marks 0.445ms
[2024-08-15T14:46:04.396+0000][8260.341s][info][gc,marking  ] GC(1781) Concurrent Scan Root Regions
[2024-08-15T14:46:04.464+0000][8260.409s][info][gc,marking  ] GC(1781) Concurrent Scan Root Regions 68.191ms
[2024-08-15T14:46:04.464+0000][8260.409s][info][gc,marking  ] GC(1781) Concurrent Mark
[2024-08-15T14:46:04.464+0000][8260.409s][info][gc,marking  ] GC(1781) Concurrent Mark From Roots
[2024-08-15T14:46:04.464+0000][8260.409s][info][gc,task     ] GC(1781) Using 2 workers of 2 for marking
[2024-08-15T14:46:06.704+0000][8262.648s][info][gc,marking  ] GC(1781) Concurrent Mark From Roots 2239.356ms
[2024-08-15T14:46:06.704+0000][8262.648s][info][gc,marking  ] GC(1781) Concurrent Preclean
[2024-08-15T14:46:06.705+0000][8262.650s][info][gc,marking  ] GC(1781) Concurrent Preclean 1.586ms
[2024-08-15T14:46:06.705+0000][8262.650s][info][gc,start    ] GC(1781) Pause Remark
[2024-08-15T14:46:06.729+0000][8262.673s][info][gc          ] GC(1781) Pause Remark 5853M->5853M(12288M) 23.537ms
[2024-08-15T14:46:06.729+0000][8262.674s][info][gc,cpu      ] GC(1781) User=0.10s Sys=0.00s Real=0.02s
[2024-08-15T14:46:06.729+0000][8262.674s][info][gc,marking  ] GC(1781) Concurrent Mark 2264.919ms
[2024-08-15T14:46:06.729+0000][8262.674s][info][gc,marking  ] GC(1781) Concurrent Rebuild Remembered Sets
[2024-08-15T14:46:08.117+0000][8264.062s][info][gc,marking  ] GC(1781) Concurrent Rebuild Remembered Sets 1388.160ms
[2024-08-15T14:46:08.117+0000][8264.062s][info][gc,start    ] GC(1781) Pause Cleanup
[2024-08-15T14:46:08.118+0000][8264.063s][info][gc          ] GC(1781) Pause Cleanup 7845M->7845M(12288M) 0.584ms
[2024-08-15T14:46:08.118+0000][8264.063s][info][gc,cpu      ] GC(1781) User=0.00s Sys=0.00s Real=0.00s
[2024-08-15T14:46:08.118+0000][8264.063s][info][gc,marking  ] GC(1781) Concurrent Cleanup for Next Mark
[2024-08-15T14:46:08.136+0000][8264.081s][info][gc,marking  ] GC(1781) Concurrent Cleanup for Next Mark 18.243ms
[2024-08-15T14:46:08.137+0000][8264.081s][info][gc          ] GC(1781) Concurrent Mark Cycle 3741.058ms
[2024-08-15T14:46:09.332+0000][8265.277s][info][gc,start    ] GC(1782) Pause Young (Prepare Mixed) (G1 Evacuation Pause)
[2024-08-15T14:46:09.332+0000][8265.277s][info][gc,task     ] GC(1782) Using 6 workers of 6 for evacuation
[2024-08-15T14:46:09.367+0000][8265.311s][info][gc,phases   ] GC(1782)   Pre Evacuate Collection Set: 0.2ms
[2024-08-15T14:46:09.367+0000][8265.311s][info][gc,phases   ] GC(1782)   Merge Heap Roots: 0.4ms
[2024-08-15T14:46:09.367+0000][8265.311s][info][gc,phases   ] GC(1782)   Evacuate Collection Set: 28.2ms
[2024-08-15T14:46:09.367+0000][8265.311s][info][gc,phases   ] GC(1782)   Post Evacuate Collection Set: 5.7ms
[2024-08-15T14:46:09.367+0000][8265.311s][info][gc,phases   ] GC(1782)   Other: 0.2ms
[2024-08-15T14:46:09.367+0000][8265.311s][info][gc,heap     ] GC(1782) Eden regions: 824->0(65)
[2024-08-15T14:46:09.367+0000][8265.311s][info][gc,heap     ] GC(1782) Survivor regions: 19->11(106)
[2024-08-15T14:46:09.367+0000][8265.311s][info][gc,heap     ] GC(1782) Old regions: 359->359
[2024-08-15T14:46:09.367+0000][8265.311s][info][gc,heap     ] GC(1782) Archive regions: 2->2
[2024-08-15T14:46:09.367+0000][8265.311s][info][gc,heap     ] GC(1782) Humongous regions: 5->5
[2024-08-15T14:46:09.367+0000][8265.311s][info][gc,metaspace] GC(1782) Metaspace: 442057K(448384K)->442057K(448384K) NonClass: 387056K(390656K)->387056K(390656K) Class: 55000K(57728K)->55000K(57728K)
[2024-08-15T14:46:09.367+0000][8265.311s][info][gc          ] GC(1782) Pause Young (Prepare Mixed) (G1 Evacuation Pause) 9657M->3003M(12288M) 34.718ms
[2024-08-15T14:46:09.367+0000][8265.311s][info][gc,cpu      ] GC(1782) User=0.19s Sys=0.00s Real=0.04s
[2024-08-15T14:46:09.943+0000][8265.887s][info][gc,start    ] GC(1783) Pause Young (Mixed) (G1 Evacuation Pause)
[2024-08-15T14:46:09.943+0000][8265.887s][info][gc,task     ] GC(1783) Using 6 workers of 6 for evacuation
[2024-08-15T14:46:10.003+0000][8265.948s][info][gc,phases   ] GC(1783)   Pre Evacuate Collection Set: 0.2ms
[2024-08-15T14:46:10.003+0000][8265.948s][info][gc,phases   ] GC(1783)   Merge Heap Roots: 0.4ms
[2024-08-15T14:46:10.003+0000][8265.948s][info][gc,phases   ] GC(1783)   Evacuate Collection Set: 58.8ms
[2024-08-15T14:46:10.003+0000][8265.948s][info][gc,phases   ] GC(1783)   Post Evacuate Collection Set: 1.3ms
[2024-08-15T14:46:10.004+0000][8265.948s][info][gc,phases   ] GC(1783)   Other: 0.2ms
[2024-08-15T14:46:10.004+0000][8265.948s][info][gc,heap     ] GC(1783) Eden regions: 65->0(848)
[2024-08-15T14:46:10.004+0000][8265.948s][info][gc,heap     ] GC(1783) Survivor regions: 11->6(10)
[2024-08-15T14:46:10.004+0000][8265.948s][info][gc,heap     ] GC(1783) Old regions: 359->352
[2024-08-15T14:46:10.004+0000][8265.948s][info][gc,heap     ] GC(1783) Archive regions: 2->2
[2024-08-15T14:46:10.004+0000][8265.948s][info][gc,heap     ] GC(1783) Humongous regions: 5->5
[2024-08-15T14:46:10.004+0000][8265.948s][info][gc,metaspace] GC(1783) Metaspace: 442057K(448384K)->442057K(448384K) NonClass: 387056K(390656K)->387056K(390656K) Class: 55000K(57728K)->55000K(57728K)
[2024-08-15T14:46:10.004+0000][8265.948s][info][gc          ] GC(1783) Pause Young (Mixed) (G1 Evacuation Pause) 3523M->2896M(12288M) 60.835ms
[2024-08-15T14:46:10.004+0000][8265.948s][info][gc,cpu      ] GC(1783) User=0.36s Sys=0.00s Real=0.07s
[2024-08-15T14:46:18.820+0000][8274.765s][info][gc,start    ] GC(1784) Pause Young (Normal) (G1 Evacuation Pause)
[2024-08-15T14:46:18.820+0000][8274.765s][info][gc,task     ] GC(1784) Using 6 workers of 6 for evacuation
[2024-08-15T14:46:18.841+0000][8274.785s][info][gc,phases   ] GC(1784)   Pre Evacuate Collection Set: 0.2ms
[2024-08-15T14:46:18.841+0000][8274.785s][info][gc,phases   ] GC(1784)   Merge Heap Roots: 0.2ms
[2024-08-15T14:46:18.841+0000][8274.785s][info][gc,phases   ] GC(1784)   Evacuate Collection Set: 18.3ms
[2024-08-15T14:46:18.841+0000][8274.785s][info][gc,phases   ] GC(1784)   Post Evacuate Collection Set: 1.7ms
[2024-08-15T14:46:18.841+0000][8274.785s][info][gc,phases   ] GC(1784)   Other: 0.2ms
[2024-08-15T14:46:18.841+0000][8274.785s][info][gc,heap     ] GC(1784) Eden regions: 848->0(847)
[2024-08-15T14:46:18.841+0000][8274.785s][info][gc,heap     ] GC(1784) Survivor regions: 6->8(107)
[2024-08-15T14:46:18.841+0000][8274.786s][info][gc,heap     ] GC(1784) Old regions: 352->352
[2024-08-15T14:46:18.841+0000][8274.786s][info][gc,heap     ] GC(1784) Archive regions: 2->2
[2024-08-15T14:46:18.841+0000][8274.786s][info][gc,heap     ] GC(1784) Humongous regions: 5->5
[2024-08-15T14:46:18.841+0000][8274.786s][info][gc,metaspace] GC(1784) Metaspace: 442057K(448384K)->442057K(448384K) NonClass: 387056K(390656K)->387056K(390656K) Class: 55000K(57728K)->55000K(57728K)
[2024-08-15T14:46:18.841+0000][8274.786s][info][gc          ] GC(1784) Pause Young (Normal) (G1 Evacuation Pause) 9680M->2915M(12288M) 20.701ms
[2024-08-15T14:46:18.841+0000][8274.786s][info][gc,cpu      ] GC(1784) User=0.12s Sys=0.01s Real=0.02s
[2024-08-15T14:46:27.776+0000][8283.720s][info][gc,start    ] GC(1785) Pause Young (Normal) (G1 Evacuation Pause)
[2024-08-15T14:46:27.776+0000][8283.721s][info][gc,task     ] GC(1785) Using 6 workers of 6 for evacuation
[2024-08-15T14:46:27.800+0000][8283.744s][info][gc,phases   ] GC(1785)   Pre Evacuate Collection Set: 0.2ms
[2024-08-15T14:46:27.800+0000][8283.744s][info][gc,phases   ] GC(1785)   Merge Heap Roots: 0.2ms
[2024-08-15T14:46:27.800+0000][8283.744s][info][gc,phases   ] GC(1785)   Evacuate Collection Set: 21.5ms
[2024-08-15T14:46:27.800+0000][8283.744s][info][gc,phases   ] GC(1785)   Post Evacuate Collection Set: 1.7ms
[2024-08-15T14:46:27.800+0000][8283.744s][info][gc,phases   ] GC(1785)   Other: 0.2ms
[2024-08-15T14:46:27.800+0000][8283.744s][info][gc,heap     ] GC(1785) Eden regions: 847->0(846)
[2024-08-15T14:46:27.800+0000][8283.744s][info][gc,heap     ] GC(1785) Survivor regions: 8->9(107)
[2024-08-15T14:46:27.800+0000][8283.744s][info][gc,heap     ] GC(1785) Old regions: 352->352
[2024-08-15T14:46:27.800+0000][8283.744s][info][gc,heap     ] GC(1785) Archive regions: 2->2
[2024-08-15T14:46:27.800+0000][8283.744s][info][gc,heap     ] GC(1785) Humongous regions: 5->5
[2024-08-15T14:46:27.800+0000][8283.744s][info][gc,metaspace] GC(1785) Metaspace: 442057K(448384K)->442057K(448384K) NonClass: 387056K(390656K)->387056K(390656K) Class: 55000K(57728K)->55000K(57728K)
[2024-08-15T14:46:27.800+0000][8283.744s][info][gc          ] GC(1785) Pause Young (Normal) (G1 Evacuation Pause) 9691M->2925M(12288M) 23.865ms
[2024-08-15T14:46:27.800+0000][8283.744s][info][gc,cpu      ] GC(1785) User=0.14s Sys=0.00s Real=0.02s
[2024-08-15T14:46:36.943+0000][8292.888s][info][gc,start    ] GC(1786) Pause Young (Concurrent Start) (G1 Evacuation Pause)
[2024-08-15T14:46:36.943+0000][8292.888s][info][gc,task     ] GC(1786) Using 6 workers of 6 for evacuation
[2024-08-15T14:46:36.974+0000][8292.919s][info][gc,phases   ] GC(1786)   Pre Evacuate Collection Set: 0.6ms
[2024-08-15T14:46:36.974+0000][8292.919s][info][gc,phases   ] GC(1786)   Merge Heap Roots: 0.2ms
[2024-08-15T14:46:36.974+0000][8292.919s][info][gc,phases   ] GC(1786)   Evacuate Collection Set: 27.9ms
[2024-08-15T14:46:36.974+0000][8292.919s][info][gc,phases   ] GC(1786)   Post Evacuate Collection Set: 1.7ms
[2024-08-15T14:46:36.974+0000][8292.919s][info][gc,phases   ] GC(1786)   Other: 0.3ms
[2024-08-15T14:46:36.974+0000][8292.919s][info][gc,heap     ] GC(1786) Eden regions: 846->0(842)
[2024-08-15T14:46:36.974+0000][8292.919s][info][gc,heap     ] GC(1786) Survivor regions: 9->13(107)
[2024-08-15T14:46:36.974+0000][8292.919s][info][gc,heap     ] GC(1786) Old regions: 352->352
[2024-08-15T14:46:36.974+0000][8292.919s][info][gc,heap     ] GC(1786) Archive regions: 2->2
[2024-08-15T14:46:36.974+0000][8292.919s][info][gc,heap     ] GC(1786) Humongous regions: 5->5
[2024-08-15T14:46:36.974+0000][8292.919s][info][gc,metaspace] GC(1786) Metaspace: 442057K(448384K)->442057K(448384K) NonClass: 387057K(390656K)->387057K(390656K) Class: 55000K(57728K)->55000K(57728K)
[2024-08-15T14:46:36.974+0000][8292.919s][info][gc          ] GC(1786) Pause Young (Concurrent Start) (G1 Evacuation Pause) 9693M->2955M(12288M) 30.776ms
[2024-08-15T14:46:36.974+0000][8292.919s][info][gc,cpu      ] GC(1786) User=0.17s Sys=0.01s Real=0.02s
[2024-08-15T14:46:36.974+0000][8292.919s][info][gc          ] GC(1787) Concurrent Mark Cycle
[2024-08-15T14:46:36.974+0000][8292.919s][info][gc,marking  ] GC(1787) Concurrent Clear Claimed Marks
[2024-08-15T14:46:36.975+0000][8292.919s][info][gc,marking  ] GC(1787) Concurrent Clear Claimed Marks 0.425ms
[2024-08-15T14:46:36.975+0000][8292.919s][info][gc,marking  ] GC(1787) Concurrent Scan Root Regions
[2024-08-15T14:46:36.998+0000][8292.942s][info][gc,marking  ] GC(1787) Concurrent Scan Root Regions 23.063ms
[2024-08-15T14:46:36.998+0000][8292.942s][info][gc,marking  ] GC(1787) Concurrent Mark
[2024-08-15T14:46:36.998+0000][8292.942s][info][gc,marking  ] GC(1787) Concurrent Mark From Roots
[2024-08-15T14:46:36.998+0000][8292.942s][info][gc,task     ] GC(1787) Using 2 workers of 2 for marking
[2024-08-15T14:46:39.188+0000][8295.133s][info][gc,marking  ] GC(1787) Concurrent Mark From Roots 2190.530ms
[2024-08-15T14:46:39.188+0000][8295.133s][info][gc,marking  ] GC(1787) Concurrent Preclean
[2024-08-15T14:46:39.190+0000][8295.135s][info][gc,marking  ] GC(1787) Concurrent Preclean 1.553ms
[2024-08-15T14:46:39.190+0000][8295.135s][info][gc,start    ] GC(1787) Pause Remark
[2024-08-15T14:46:39.213+0000][8295.158s][info][gc          ] GC(1787) Pause Remark 4491M->4491M(12288M) 22.888ms
[2024-08-15T14:46:39.213+0000][8295.158s][info][gc,cpu      ] GC(1787) User=0.10s Sys=0.00s Real=0.02s
[2024-08-15T14:46:39.213+0000][8295.158s][info][gc,marking  ] GC(1787) Concurrent Mark 2215.389ms
[2024-08-15T14:46:39.213+0000][8295.158s][info][gc,marking  ] GC(1787) Concurrent Rebuild Remembered Sets
[2024-08-15T14:46:40.498+0000][8296.443s][info][gc,marking  ] GC(1787) Concurrent Rebuild Remembered Sets 1285.088ms
[2024-08-15T14:46:40.499+0000][8296.443s][info][gc,start    ] GC(1787) Pause Cleanup
[2024-08-15T14:46:40.499+0000][8296.444s][info][gc          ] GC(1787) Pause Cleanup 5403M->5403M(12288M) 0.724ms
[2024-08-15T14:46:40.499+0000][8296.444s][info][gc,cpu      ] GC(1787) User=0.00s Sys=0.00s Real=0.00s
[2024-08-15T14:46:40.499+0000][8296.444s][info][gc,marking  ] GC(1787) Concurrent Cleanup for Next Mark
[2024-08-15T14:46:40.517+0000][8296.462s][info][gc,marking  ] GC(1787) Concurrent Cleanup for Next Mark 18.103ms
[2024-08-15T14:46:40.518+0000][8296.462s][info][gc          ] GC(1787) Concurrent Mark Cycle 3543.319ms
[2024-08-15T14:46:46.325+0000][8302.269s][info][gc,start    ] GC(1788) Pause Young (Prepare Mixed) (G1 Evacuation Pause)
[2024-08-15T14:46:46.325+0000][8302.269s][info][gc,task     ] GC(1788) Using 6 workers of 6 for evacuation
[2024-08-15T14:46:46.360+0000][8302.304s][info][gc,phases   ] GC(1788)   Pre Evacuate Collection Set: 0.2ms
[2024-08-15T14:46:46.360+0000][8302.304s][info][gc,phases   ] GC(1788)   Merge Heap Roots: 0.3ms
[2024-08-15T14:46:46.360+0000][8302.304s][info][gc,phases   ] GC(1788)   Evacuate Collection Set: 32.7ms
[2024-08-15T14:46:46.360+0000][8302.304s][info][gc,phases   ] GC(1788)   Post Evacuate Collection Set: 1.9ms
[2024-08-15T14:46:46.360+0000][8302.304s][info][gc,phases   ] GC(1788)   Other: 0.2ms
[2024-08-15T14:46:46.360+0000][8302.304s][info][gc,heap     ] GC(1788) Eden regions: 842->0(60)
[2024-08-15T14:46:46.360+0000][8302.304s][info][gc,heap     ] GC(1788) Survivor regions: 13->16(107)
[2024-08-15T14:46:46.360+0000][8302.304s][info][gc,heap     ] GC(1788) Old regions: 352->352
[2024-08-15T14:46:46.360+0000][8302.304s][info][gc,heap     ] GC(1788) Archive regions: 2->2
[2024-08-15T14:46:46.360+0000][8302.304s][info][gc,heap     ] GC(1788) Humongous regions: 5->5
[2024-08-15T14:46:46.360+0000][8302.304s][info][gc,metaspace] GC(1788) Metaspace: 442058K(448384K)->442058K(448384K) NonClass: 387057K(390656K)->387057K(390656K) Class: 55000K(57728K)->55000K(57728K)
[2024-08-15T14:46:46.360+0000][8302.304s][info][gc          ] GC(1788) Pause Young (Prepare Mixed) (G1 Evacuation Pause) 9691M->2981M(12288M) 35.321ms
[2024-08-15T14:46:46.360+0000][8302.305s][info][gc,cpu      ] GC(1788) User=0.21s Sys=0.00s Real=0.03s
[2024-08-15T14:46:47.003+0000][8302.948s][info][gc,start    ] GC(1789) Pause Young (Mixed) (G1 Evacuation Pause)
[2024-08-15T14:46:47.003+0000][8302.948s][info][gc,task     ] GC(1789) Using 6 workers of 6 for evacuation
[2024-08-15T14:46:47.081+0000][8303.025s][info][gc,phases   ] GC(1789)   Pre Evacuate Collection Set: 0.2ms
[2024-08-15T14:46:47.081+0000][8303.025s][info][gc,phases   ] GC(1789)   Merge Heap Roots: 0.3ms
[2024-08-15T14:46:47.081+0000][8303.025s][info][gc,phases   ] GC(1789)   Evacuate Collection Set: 75.5ms
[2024-08-15T14:46:47.081+0000][8303.025s][info][gc,phases   ] GC(1789)   Post Evacuate Collection Set: 1.3ms
[2024-08-15T14:46:47.081+0000][8303.025s][info][gc,phases   ] GC(1789)   Other: 0.2ms
[2024-08-15T14:46:47.081+0000][8303.025s][info][gc,heap     ] GC(1789) Eden regions: 60->0(849)
[2024-08-15T14:46:47.081+0000][8303.025s][info][gc,heap     ] GC(1789) Survivor regions: 16->6(10)
[2024-08-15T14:46:47.081+0000][8303.025s][info][gc,heap     ] GC(1789) Old regions: 352->352
[2024-08-15T14:46:47.081+0000][8303.025s][info][gc,heap     ] GC(1789) Archive regions: 2->2
[2024-08-15T14:46:47.081+0000][8303.025s][info][gc,heap     ] GC(1789) Humongous regions: 5->5
[2024-08-15T14:46:47.081+0000][8303.025s][info][gc,metaspace] GC(1789) Metaspace: 442058K(448384K)->442058K(448384K) NonClass: 387057K(390656K)->387057K(390656K) Class: 55000K(57728K)->55000K(57728K)
[2024-08-15T14:46:47.081+0000][8303.025s][info][gc          ] GC(1789) Pause Young (Mixed) (G1 Evacuation Pause) 3461M->2898M(12288M) 77.428ms
[2024-08-15T14:46:47.081+0000][8303.025s][info][gc,cpu      ] GC(1789) User=0.45s Sys=0.00s Real=0.07s
[2024-08-15T14:46:55.788+0000][8311.733s][info][gc,start    ] GC(1790) Pause Young (Normal) (G1 Evacuation Pause)
[2024-08-15T14:46:55.789+0000][8311.733s][info][gc,task     ] GC(1790) Using 6 workers of 6 for evacuation
[2024-08-15T14:46:55.810+0000][8311.755s][info][gc,phases   ] GC(1790)   Pre Evacuate Collection Set: 0.2ms
[2024-08-15T14:46:55.810+0000][8311.755s][info][gc,phases   ] GC(1790)   Merge Heap Roots: 0.2ms
[2024-08-15T14:46:55.810+0000][8311.755s][info][gc,phases   ] GC(1790)   Evacuate Collection Set: 19.2ms
[2024-08-15T14:46:55.810+0000][8311.755s][info][gc,phases   ] GC(1790)   Post Evacuate Collection Set: 1.7ms
[2024-08-15T14:46:55.810+0000][8311.755s][info][gc,phases   ] GC(1790)   Other: 0.2ms
[2024-08-15T14:46:55.810+0000][8311.755s][info][gc,heap     ] GC(1790) Eden regions: 849->0(849)
[2024-08-15T14:46:55.810+0000][8311.755s][info][gc,heap     ] GC(1790) Survivor regions: 6->7(107)
[2024-08-15T14:46:55.810+0000][8311.755s][info][gc,heap     ] GC(1790) Old regions: 352->352
[2024-08-15T14:46:55.810+0000][8311.755s][info][gc,heap     ] GC(1790) Archive regions: 2->2
[2024-08-15T14:46:55.810+0000][8311.755s][info][gc,heap     ] GC(1790) Humongous regions: 5->5
[2024-08-15T14:46:55.810+0000][8311.755s][info][gc,metaspace] GC(1790) Metaspace: 442058K(448384K)->442058K(448384K) NonClass: 387057K(390656K)->387057K(390656K) Class: 55000K(57728K)->55000K(57728K)
[2024-08-15T14:46:55.810+0000][8311.755s][info][gc          ] GC(1790) Pause Young (Normal) (G1 Evacuation Pause) 9690M->2906M(12288M) 21.542ms
[2024-08-15T14:46:55.810+0000][8311.755s][info][gc,cpu      ] GC(1790) User=0.13s Sys=0.00s Real=0.02s
[2024-08-15T14:47:04.813+0000][8320.758s][info][gc,start    ] GC(1791) Pause Young (Normal) (G1 Evacuation Pause)
[2024-08-15T14:47:04.813+0000][8320.758s][info][gc,task     ] GC(1791) Using 6 workers of 6 for evacuation
[2024-08-15T14:47:04.842+0000][8320.786s][info][gc,phases   ] GC(1791)   Pre Evacuate Collection Set: 0.2ms
[2024-08-15T14:47:04.842+0000][8320.786s][info][gc,phases   ] GC(1791)   Merge Heap Roots: 0.2ms
[2024-08-15T14:47:04.842+0000][8320.786s][info][gc,phases   ] GC(1791)   Evacuate Collection Set: 26.0ms
[2024-08-15T14:47:04.842+0000][8320.786s][info][gc,phases   ] GC(1791)   Post Evacuate Collection Set: 1.7ms
[2024-08-15T14:47:04.842+0000][8320.786s][info][gc,phases   ] GC(1791)   Other: 0.2ms
[2024-08-15T14:47:04.842+0000][8320.786s][info][gc,heap     ] GC(1791) Eden regions: 849->0(846)
[2024-08-15T14:47:04.842+0000][8320.786s][info][gc,heap     ] GC(1791) Survivor regions: 7->10(107)
[2024-08-15T14:47:04.842+0000][8320.786s][info][gc,heap     ] GC(1791) Old regions: 352->352
[2024-08-15T14:47:04.842+0000][8320.786s][info][gc,heap     ] GC(1791) Archive regions: 2->2
[2024-08-15T14:47:04.842+0000][8320.786s][info][gc,heap     ] GC(1791) Humongous regions: 5->5
[2024-08-15T14:47:04.842+0000][8320.786s][info][gc,metaspace] GC(1791) Metaspace: 442058K(448384K)->442058K(448384K) NonClass: 387057K(390656K)->387057K(390656K) Class: 55000K(57728K)->55000K(57728K)
[2024-08-15T14:47:04.842+0000][8320.786s][info][gc          ] GC(1791) Pause Young (Normal) (G1 Evacuation Pause) 9698M->2934M(12288M) 28.351ms
[2024-08-15T14:47:04.842+0000][8320.786s][info][gc,cpu      ] GC(1791) User=0.17s Sys=0.00s Real=0.03s
[2024-08-15T14:47:13.723+0000][8329.667s][info][gc,start    ] GC(1792) Pause Young (Concurrent Start) (G1 Evacuation Pause)
[2024-08-15T14:47:13.723+0000][8329.667s][info][gc,task     ] GC(1792) Using 6 workers of 6 for evacuation
[2024-08-15T14:47:13.753+0000][8329.697s][info][gc,phases   ] GC(1792)   Pre Evacuate Collection Set: 0.6ms
[2024-08-15T14:47:13.753+0000][8329.697s][info][gc,phases   ] GC(1792)   Merge Heap Roots: 0.2ms
[2024-08-15T14:47:13.753+0000][8329.697s][info][gc,phases   ] GC(1792)   Evacuate Collection Set: 27.2ms
[2024-08-15T14:47:13.753+0000][8329.697s][info][gc,phases   ] GC(1792)   Post Evacuate Collection Set: 1.7ms
[2024-08-15T14:47:13.753+0000][8329.697s][info][gc,phases   ] GC(1792)   Other: 0.3ms
[2024-08-15T14:47:13.753+0000][8329.697s][info][gc,heap     ] GC(1792) Eden regions: 846->0(844)
[2024-08-15T14:47:13.753+0000][8329.697s][info][gc,heap     ] GC(1792) Survivor regions: 10->12(107)
[2024-08-15T14:47:13.753+0000][8329.698s][info][gc,heap     ] GC(1792) Old regions: 352->352
[2024-08-15T14:47:13.753+0000][8329.698s][info][gc,heap     ] GC(1792) Archive regions: 2->2
[2024-08-15T14:47:13.753+0000][8329.698s][info][gc,heap     ] GC(1792) Humongous regions: 5->5
[2024-08-15T14:47:13.753+0000][8329.698s][info][gc,metaspace] GC(1792) Metaspace: 442058K(448384K)->442058K(448384K) NonClass: 387057K(390656K)->387057K(390656K) Class: 55000K(57728K)->55000K(57728K)
[2024-08-15T14:47:13.753+0000][8329.698s][info][gc          ] GC(1792) Pause Young (Concurrent Start) (G1 Evacuation Pause) 9702M->2949M(12288M) 30.081ms
[2024-08-15T14:47:13.753+0000][8329.698s][info][gc,cpu      ] GC(1792) User=0.17s Sys=0.00s Real=0.03s
[2024-08-15T14:47:13.753+0000][8329.698s][info][gc          ] GC(1793) Concurrent Mark Cycle
[2024-08-15T14:47:13.753+0000][8329.698s][info][gc,marking  ] GC(1793) Concurrent Clear Claimed Marks
[2024-08-15T14:47:13.753+0000][8329.698s][info][gc,marking  ] GC(1793) Concurrent Clear Claimed Marks 0.423ms
[2024-08-15T14:47:13.753+0000][8329.698s][info][gc,marking  ] GC(1793) Concurrent Scan Root Regions
[2024-08-15T14:47:13.781+0000][8329.726s][info][gc,marking  ] GC(1793) Concurrent Scan Root Regions 27.559ms
[2024-08-15T14:47:13.781+0000][8329.726s][info][gc,marking  ] GC(1793) Concurrent Mark
[2024-08-15T14:47:13.781+0000][8329.726s][info][gc,marking  ] GC(1793) Concurrent Mark From Roots
[2024-08-15T14:47:13.781+0000][8329.726s][info][gc,task     ] GC(1793) Using 2 workers of 2 for marking
[2024-08-15T14:47:15.945+0000][8331.890s][info][gc,marking  ] GC(1793) Concurrent Mark From Roots 2164.146ms
[2024-08-15T14:47:15.945+0000][8331.890s][info][gc,marking  ] GC(1793) Concurrent Preclean
[2024-08-15T14:47:15.947+0000][8331.891s][info][gc,marking  ] GC(1793) Concurrent Preclean 1.615ms
[2024-08-15T14:47:15.947+0000][8331.892s][info][gc,start    ] GC(1793) Pause Remark
[2024-08-15T14:47:15.970+0000][8331.915s][info][gc          ] GC(1793) Pause Remark 4433M->4433M(12288M) 23.460ms
[2024-08-15T14:47:15.971+0000][8331.915s][info][gc,cpu      ] GC(1793) User=0.10s Sys=0.01s Real=0.02s
[2024-08-15T14:47:15.971+0000][8331.915s][info][gc,marking  ] GC(1793) Concurrent Mark 2189.591ms
[2024-08-15T14:47:15.971+0000][8331.915s][info][gc,marking  ] GC(1793) Concurrent Rebuild Remembered Sets
[2024-08-15T14:47:17.259+0000][8333.204s][info][gc,marking  ] GC(1793) Concurrent Rebuild Remembered Sets 1288.439ms
[2024-08-15T14:47:17.259+0000][8333.204s][info][gc,start    ] GC(1793) Pause Cleanup
[2024-08-15T14:47:17.260+0000][8333.205s][info][gc          ] GC(1793) Pause Cleanup 5357M->5357M(12288M) 0.585ms
[2024-08-15T14:47:17.260+0000][8333.205s][info][gc,cpu      ] GC(1793) User=0.01s Sys=0.00s Real=0.00s
[2024-08-15T14:47:17.260+0000][8333.205s][info][gc,marking  ] GC(1793) Concurrent Cleanup for Next Mark
[2024-08-15T14:47:17.277+0000][8333.222s][info][gc,marking  ] GC(1793) Concurrent Cleanup for Next Mark 17.024ms
[2024-08-15T14:47:17.277+0000][8333.222s][info][gc          ] GC(1793) Concurrent Mark Cycle 3524.094ms
[2024-08-15T14:47:22.944+0000][8338.888s][info][gc,start    ] GC(1794) Pause Young (Prepare Mixed) (G1 Evacuation Pause)
[2024-08-15T14:47:22.944+0000][8338.888s][info][gc,task     ] GC(1794) Using 6 workers of 6 for evacuation
[2024-08-15T14:47:22.977+0000][8338.922s][info][gc,phases   ] GC(1794)   Pre Evacuate Collection Set: 0.2ms
[2024-08-15T14:47:22.977+0000][8338.922s][info][gc,phases   ] GC(1794)   Merge Heap Roots: 0.3ms
[2024-08-15T14:47:22.977+0000][8338.922s][info][gc,phases   ] GC(1794)   Evacuate Collection Set: 30.9ms
[2024-08-15T14:47:22.977+0000][8338.922s][info][gc,phases   ] GC(1794)   Post Evacuate Collection Set: 1.7ms
[2024-08-15T14:47:22.977+0000][8338.922s][info][gc,phases   ] GC(1794)   Other: 0.2ms
[2024-08-15T14:47:22.977+0000][8338.922s][info][gc,heap     ] GC(1794) Eden regions: 844->0(63)
[2024-08-15T14:47:22.977+0000][8338.922s][info][gc,heap     ] GC(1794) Survivor regions: 12->13(107)
[2024-08-15T14:47:22.977+0000][8338.922s][info][gc,heap     ] GC(1794) Old regions: 352->352
[2024-08-15T14:47:22.977+0000][8338.922s][info][gc,heap     ] GC(1794) Archive regions: 2->2
[2024-08-15T14:47:22.977+0000][8338.922s][info][gc,heap     ] GC(1794) Humongous regions: 5->5
[2024-08-15T14:47:22.977+0000][8338.922s][info][gc,metaspace] GC(1794) Metaspace: 442058K(448384K)->442058K(448384K) NonClass: 387057K(390656K)->387057K(390656K) Class: 55000K(57728K)->55000K(57728K)
[2024-08-15T14:47:22.977+0000][8338.922s][info][gc          ] GC(1794) Pause Young (Prepare Mixed) (G1 Evacuation Pause) 9701M->2956M(12288M) 33.398ms
[2024-08-15T14:47:22.977+0000][8338.922s][info][gc,cpu      ] GC(1794) User=0.20s Sys=0.00s Real=0.03s
[2024-08-15T14:47:23.533+0000][8339.477s][info][gc,start    ] GC(1795) Pause Young (Mixed) (G1 Evacuation Pause)
[2024-08-15T14:47:23.533+0000][8339.477s][info][gc,task     ] GC(1795) Using 6 workers of 6 for evacuation
[2024-08-15T14:47:23.609+0000][8339.553s][info][gc,phases   ] GC(1795)   Pre Evacuate Collection Set: 0.2ms
[2024-08-15T14:47:23.609+0000][8339.554s][info][gc,phases   ] GC(1795)   Merge Heap Roots: 0.3ms
[2024-08-15T14:47:23.609+0000][8339.554s][info][gc,phases   ] GC(1795)   Evacuate Collection Set: 73.9ms
[2024-08-15T14:47:23.609+0000][8339.554s][info][gc,phases   ] GC(1795)   Post Evacuate Collection Set: 1.7ms
[2024-08-15T14:47:23.609+0000][8339.554s][info][gc,phases   ] GC(1795)   Other: 0.2ms
[2024-08-15T14:47:23.609+0000][8339.554s][info][gc,heap     ] GC(1795) Eden regions: 63->0(853)
[2024-08-15T14:47:23.609+0000][8339.554s][info][gc,heap     ] GC(1795) Survivor regions: 13->5(10)
[2024-08-15T14:47:23.609+0000][8339.554s][info][gc,heap     ] GC(1795) Old regions: 352->350
[2024-08-15T14:47:23.609+0000][8339.554s][info][gc,heap     ] GC(1795) Archive regions: 2->2
[2024-08-15T14:47:23.609+0000][8339.554s][info][gc,heap     ] GC(1795) Humongous regions: 5->5
[2024-08-15T14:47:23.609+0000][8339.554s][info][gc,metaspace] GC(1795) Metaspace: 442058K(448384K)->442058K(448384K) NonClass: 387057K(390656K)->387057K(390656K) Class: 55000K(57728K)->55000K(57728K)
[2024-08-15T14:47:23.609+0000][8339.554s][info][gc          ] GC(1795) Pause Young (Mixed) (G1 Evacuation Pause) 3460M->2877M(12288M) 76.410ms
[2024-08-15T14:47:23.609+0000][8339.554s][info][gc,cpu      ] GC(1795) User=0.45s Sys=0.01s Real=0.08s
[2024-08-15T14:47:26.241+0000][8342.186s][info][gc,start    ] GC(1796) Pause Young (Normal) (G1 Evacuation Pause)
[2024-08-15T14:47:26.241+0000][8342.186s][info][gc,task     ] GC(1796) Using 6 workers of 6 for evacuation
[2024-08-15T14:47:26.314+0000][8342.258s][info][gc,phases   ] GC(1796)   Pre Evacuate Collection Set: 0.2ms
[2024-08-15T14:47:26.314+0000][8342.258s][info][gc,phases   ] GC(1796)   Merge Heap Roots: 0.2ms
[2024-08-15T14:47:26.314+0000][8342.258s][info][gc,phases   ] GC(1796)   Evacuate Collection Set: 54.0ms
[2024-08-15T14:47:26.314+0000][8342.258s][info][gc,phases   ] GC(1796)   Post Evacuate Collection Set: 18.2ms
[2024-08-15T14:47:26.314+0000][8342.258s][info][gc,phases   ] GC(1796)   Other: 0.2ms
[2024-08-15T14:47:26.314+0000][8342.258s][info][gc,heap     ] GC(1796) Eden regions: 853->0(845)
[2024-08-15T14:47:26.314+0000][8342.258s][info][gc,heap     ] GC(1796) Survivor regions: 5->11(108)
[2024-08-15T14:47:26.314+0000][8342.258s][info][gc,heap     ] GC(1796) Old regions: 350->350
[2024-08-15T14:47:26.314+0000][8342.258s][info][gc,heap     ] GC(1796) Archive regions: 2->2
[2024-08-15T14:47:26.314+0000][8342.258s][info][gc,heap     ] GC(1796) Humongous regions: 5->5
[2024-08-15T14:47:26.314+0000][8342.258s][info][gc,metaspace] GC(1796) Metaspace: 442058K(448384K)->442058K(448384K) NonClass: 387057K(390656K)->387057K(390656K) Class: 55000K(57728K)->55000K(57728K)
[2024-08-15T14:47:26.314+0000][8342.258s][info][gc          ] GC(1796) Pause Young (Normal) (G1 Evacuation Pause) 9701M->2922M(12288M) 72.841ms
[2024-08-15T14:47:26.314+0000][8342.259s][info][gc,cpu      ] GC(1796) User=0.43s Sys=0.00s Real=0.07s
[2024-08-15T14:47:29.025+0000][8344.970s][info][gc,start    ] GC(1797) Pause Young (Normal) (G1 Evacuation Pause)
[2024-08-15T14:47:29.025+0000][8344.970s][info][gc,task     ] GC(1797) Using 6 workers of 6 for evacuation
[2024-08-15T14:47:29.118+0000][8345.063s][info][gc,phases   ] GC(1797)   Pre Evacuate Collection Set: 0.2ms
[2024-08-15T14:47:29.118+0000][8345.063s][info][gc,phases   ] GC(1797)   Merge Heap Roots: 0.3ms
[2024-08-15T14:47:29.118+0000][8345.063s][info][gc,phases   ] GC(1797)   Evacuate Collection Set: 72.8ms
[2024-08-15T14:47:29.118+0000][8345.063s][info][gc,phases   ] GC(1797)   Post Evacuate Collection Set: 19.7ms
[2024-08-15T14:47:29.118+0000][8345.063s][info][gc,phases   ] GC(1797)   Other: 0.2ms
[2024-08-15T14:47:29.118+0000][8345.063s][info][gc,heap     ] GC(1797) Eden regions: 845->0(837)
[2024-08-15T14:47:29.118+0000][8345.063s][info][gc,heap     ] GC(1797) Survivor regions: 11->17(107)
[2024-08-15T14:47:29.118+0000][8345.063s][info][gc,heap     ] GC(1797) Old regions: 350->350
[2024-08-15T14:47:29.118+0000][8345.063s][info][gc,heap     ] GC(1797) Archive regions: 2->2
[2024-08-15T14:47:29.118+0000][8345.063s][info][gc,heap     ] GC(1797) Humongous regions: 5->5
[2024-08-15T14:47:29.118+0000][8345.063s][info][gc,metaspace] GC(1797) Metaspace: 442058K(448384K)->442058K(448384K) NonClass: 387057K(390656K)->387057K(390656K) Class: 55000K(57728K)->55000K(57728K)
[2024-08-15T14:47:29.118+0000][8345.063s][info][gc          ] GC(1797) Pause Young (Normal) (G1 Evacuation Pause) 9682M->2970M(12288M) 93.170ms
[2024-08-15T14:47:29.118+0000][8345.063s][info][gc,cpu      ] GC(1797) User=0.55s Sys=0.00s Real=0.09s
[2024-08-15T14:47:31.685+0000][8347.629s][info][gc,start    ] GC(1798) Pause Young (Concurrent Start) (G1 Evacuation Pause)
[2024-08-15T14:47:31.685+0000][8347.629s][info][gc,task     ] GC(1798) Using 6 workers of 6 for evacuation
[2024-08-15T14:47:31.801+0000][8347.745s][info][gc,phases   ] GC(1798)   Pre Evacuate Collection Set: 0.6ms
[2024-08-15T14:47:31.801+0000][8347.745s][info][gc,phases   ] GC(1798)   Merge Heap Roots: 0.3ms
[2024-08-15T14:47:31.801+0000][8347.745s][info][gc,phases   ] GC(1798)   Evacuate Collection Set: 92.8ms
[2024-08-15T14:47:31.801+0000][8347.745s][info][gc,phases   ] GC(1798)   Post Evacuate Collection Set: 22.3ms
[2024-08-15T14:47:31.801+0000][8347.745s][info][gc,phases   ] GC(1798)   Other: 0.3ms
[2024-08-15T14:47:31.801+0000][8347.745s][info][gc,heap     ] GC(1798) Eden regions: 837->0(825)
[2024-08-15T14:47:31.801+0000][8347.745s][info][gc,heap     ] GC(1798) Survivor regions: 17->23(107)
[2024-08-15T14:47:31.801+0000][8347.745s][info][gc,heap     ] GC(1798) Old regions: 350->350
[2024-08-15T14:47:31.801+0000][8347.745s][info][gc,heap     ] GC(1798) Archive regions: 2->2
[2024-08-15T14:47:31.801+0000][8347.745s][info][gc,heap     ] GC(1798) Humongous regions: 5->5
[2024-08-15T14:47:31.801+0000][8347.746s][info][gc,metaspace] GC(1798) Metaspace: 442058K(448384K)->442058K(448384K) NonClass: 387057K(390656K)->387057K(390656K) Class: 55000K(57728K)->55000K(57728K)
[2024-08-15T14:47:31.801+0000][8347.746s][info][gc          ] GC(1798) Pause Young (Concurrent Start) (G1 Evacuation Pause) 9666M->3019M(12288M) 116.258ms
[2024-08-15T14:47:31.801+0000][8347.746s][info][gc,cpu      ] GC(1798) User=0.69s Sys=0.00s Real=0.11s
[2024-08-15T14:47:31.801+0000][8347.746s][info][gc          ] GC(1799) Concurrent Mark Cycle
[2024-08-15T14:47:31.801+0000][8347.746s][info][gc,marking  ] GC(1799) Concurrent Clear Claimed Marks
[2024-08-15T14:47:31.801+0000][8347.746s][info][gc,marking  ] GC(1799) Concurrent Clear Claimed Marks 0.442ms
[2024-08-15T14:47:31.801+0000][8347.746s][info][gc,marking  ] GC(1799) Concurrent Scan Root Regions
[2024-08-15T14:47:31.890+0000][8347.835s][info][gc,marking  ] GC(1799) Concurrent Scan Root Regions 88.613ms
[2024-08-15T14:47:31.890+0000][8347.835s][info][gc,marking  ] GC(1799) Concurrent Mark
[2024-08-15T14:47:31.890+0000][8347.835s][info][gc,marking  ] GC(1799) Concurrent Mark From Roots
[2024-08-15T14:47:31.890+0000][8347.835s][info][gc,task     ] GC(1799) Using 2 workers of 2 for marking
[2024-08-15T14:47:34.105+0000][8350.050s][info][gc,marking  ] GC(1799) Concurrent Mark From Roots 2215.303ms
[2024-08-15T14:47:34.105+0000][8350.050s][info][gc,marking  ] GC(1799) Concurrent Preclean
[2024-08-15T14:47:34.107+0000][8350.052s][info][gc,marking  ] GC(1799) Concurrent Preclean 1.565ms
[2024-08-15T14:47:34.107+0000][8350.052s][info][gc,start    ] GC(1799) Pause Remark
[2024-08-15T14:47:34.132+0000][8350.077s][info][gc          ] GC(1799) Pause Remark 7827M->7827M(12288M) 24.932ms
[2024-08-15T14:47:34.132+0000][8350.077s][info][gc,cpu      ] GC(1799) User=0.11s Sys=0.00s Real=0.02s
[2024-08-15T14:47:34.132+0000][8350.077s][info][gc,marking  ] GC(1799) Concurrent Mark 2242.253ms
[2024-08-15T14:47:34.132+0000][8350.077s][info][gc,marking  ] GC(1799) Concurrent Rebuild Remembered Sets
[2024-08-15T14:47:34.938+0000][8350.882s][info][gc,start    ] GC(1800) Pause Young (Normal) (G1 Evacuation Pause)
[2024-08-15T14:47:34.938+0000][8350.882s][info][gc,task     ] GC(1800) Using 6 workers of 6 for evacuation
[2024-08-15T14:47:35.067+0000][8351.011s][info][gc,phases   ] GC(1800)   Pre Evacuate Collection Set: 0.2ms
[2024-08-15T14:47:35.067+0000][8351.011s][info][gc,phases   ] GC(1800)   Merge Heap Roots: 0.4ms
[2024-08-15T14:47:35.067+0000][8351.011s][info][gc,phases   ] GC(1800)   Evacuate Collection Set: 106.0ms
[2024-08-15T14:47:35.067+0000][8351.011s][info][gc,phases   ] GC(1800)   Post Evacuate Collection Set: 22.0ms
[2024-08-15T14:47:35.067+0000][8351.011s][info][gc,phases   ] GC(1800)   Other: 0.2ms
[2024-08-15T14:47:35.067+0000][8351.011s][info][gc,heap     ] GC(1800) Eden regions: 825->0(817)
[2024-08-15T14:47:35.067+0000][8351.011s][info][gc,heap     ] GC(1800) Survivor regions: 23->27(106)
[2024-08-15T14:47:35.067+0000][8351.011s][info][gc,heap     ] GC(1800) Old regions: 350->350
[2024-08-15T14:47:35.067+0000][8351.011s][info][gc,heap     ] GC(1800) Archive regions: 2->2
[2024-08-15T14:47:35.067+0000][8351.011s][info][gc,heap     ] GC(1800) Humongous regions: 5->5
[2024-08-15T14:47:35.067+0000][8351.011s][info][gc,metaspace] GC(1800) Metaspace: 442059K(448384K)->442059K(448384K) NonClass: 387059K(390656K)->387059K(390656K) Class: 55000K(57728K)->55000K(57728K)
[2024-08-15T14:47:35.067+0000][8351.011s][info][gc          ] GC(1800) Pause Young (Normal) (G1 Evacuation Pause) 9619M->3055M(12288M) 128.871ms
[2024-08-15T14:47:35.067+0000][8351.011s][info][gc,cpu      ] GC(1800) User=0.75s Sys=0.00s Real=0.13s
[2024-08-15T14:47:35.552+0000][8351.497s][info][gc,marking  ] GC(1799) Concurrent Rebuild Remembered Sets 1419.484ms
[2024-08-15T14:47:35.552+0000][8351.497s][info][gc,start    ] GC(1799) Pause Cleanup
[2024-08-15T14:47:35.553+0000][8351.497s][info][gc          ] GC(1799) Pause Cleanup 4167M->4167M(12288M) 0.558ms
[2024-08-15T14:47:35.553+0000][8351.497s][info][gc,cpu      ] GC(1799) User=0.00s Sys=0.00s Real=0.00s
[2024-08-15T14:47:35.553+0000][8351.497s][info][gc,marking  ] GC(1799) Concurrent Cleanup for Next Mark
[2024-08-15T14:47:35.569+0000][8351.514s][info][gc,marking  ] GC(1799) Concurrent Cleanup for Next Mark 16.670ms
[2024-08-15T14:47:35.569+0000][8351.514s][info][gc          ] GC(1799) Concurrent Mark Cycle 3768.477ms
[2024-08-15T14:47:37.817+0000][8353.762s][info][gc,start    ] GC(1801) Pause Young (Prepare Mixed) (G1 Evacuation Pause)
[2024-08-15T14:47:37.817+0000][8353.762s][info][gc,task     ] GC(1801) Using 6 workers of 6 for evacuation
[2024-08-15T14:47:37.965+0000][8353.910s][info][gc,phases   ] GC(1801)   Pre Evacuate Collection Set: 0.2ms
[2024-08-15T14:47:37.965+0000][8353.910s][info][gc,phases   ] GC(1801)   Merge Heap Roots: 0.5ms
[2024-08-15T14:47:37.965+0000][8353.910s][info][gc,phases   ] GC(1801)   Evacuate Collection Set: 125.3ms
[2024-08-15T14:47:37.965+0000][8353.910s][info][gc,phases   ] GC(1801)   Post Evacuate Collection Set: 22.0ms
[2024-08-15T14:47:37.965+0000][8353.910s][info][gc,phases   ] GC(1801)   Other: 0.2ms
[2024-08-15T14:47:37.965+0000][8353.910s][info][gc,heap     ] GC(1801) Eden regions: 817->0(43)
[2024-08-15T14:47:37.965+0000][8353.910s][info][gc,heap     ] GC(1801) Survivor regions: 27->33(106)
[2024-08-15T14:47:37.965+0000][8353.910s][info][gc,heap     ] GC(1801) Old regions: 350->350
[2024-08-15T14:47:37.965+0000][8353.910s][info][gc,heap     ] GC(1801) Archive regions: 2->2
[2024-08-15T14:47:37.965+0000][8353.910s][info][gc,heap     ] GC(1801) Humongous regions: 5->5
[2024-08-15T14:47:37.965+0000][8353.910s][info][gc,metaspace] GC(1801) Metaspace: 442059K(448384K)->442059K(448384K) NonClass: 387059K(390656K)->387059K(390656K) Class: 55000K(57728K)->55000K(57728K)
[2024-08-15T14:47:37.965+0000][8353.910s][info][gc          ] GC(1801) Pause Young (Prepare Mixed) (G1 Evacuation Pause) 9591M->3099M(12288M) 148.176ms
[2024-08-15T14:47:37.965+0000][8353.910s][info][gc,cpu      ] GC(1801) User=0.87s Sys=0.00s Real=0.15s
[2024-08-15T14:47:38.118+0000][8354.063s][info][gc,start    ] GC(1802) Pause Young (Mixed) (G1 Evacuation Pause)
[2024-08-15T14:47:38.118+0000][8354.063s][info][gc,task     ] GC(1802) Using 6 workers of 6 for evacuation
[2024-08-15T14:47:38.259+0000][8354.204s][info][gc,phases   ] GC(1802)   Pre Evacuate Collection Set: 0.2ms
[2024-08-15T14:47:38.259+0000][8354.204s][info][gc,phases   ] GC(1802)   Merge Heap Roots: 0.3ms
[2024-08-15T14:47:38.259+0000][8354.204s][info][gc,phases   ] GC(1802)   Evacuate Collection Set: 138.1ms
[2024-08-15T14:47:38.259+0000][8354.204s][info][gc,phases   ] GC(1802)   Post Evacuate Collection Set: 2.3ms
[2024-08-15T14:47:38.259+0000][8354.204s][info][gc,phases   ] GC(1802)   Other: 0.2ms
[2024-08-15T14:47:38.259+0000][8354.204s][info][gc,heap     ] GC(1802) Eden regions: 43->0(830)
[2024-08-15T14:47:38.259+0000][8354.204s][info][gc,heap     ] GC(1802) Survivor regions: 33->3(10)
[2024-08-15T14:47:38.259+0000][8354.204s][info][gc,heap     ] GC(1802) Old regions: 350->371
[2024-08-15T14:47:38.259+0000][8354.204s][info][gc,heap     ] GC(1802) Archive regions: 2->2
[2024-08-15T14:47:38.259+0000][8354.204s][info][gc,heap     ] GC(1802) Humongous regions: 5->5
[2024-08-15T14:47:38.259+0000][8354.204s][info][gc,metaspace] GC(1802) Metaspace: 442059K(448384K)->442059K(448384K) NonClass: 387059K(390656K)->387059K(390656K) Class: 55000K(57728K)->55000K(57728K)
[2024-08-15T14:47:38.259+0000][8354.204s][info][gc          ] GC(1802) Pause Young (Mixed) (G1 Evacuation Pause) 3443M->3032M(12288M) 141.124ms
[2024-08-15T14:47:38.260+0000][8354.204s][info][gc,cpu      ] GC(1802) User=0.84s Sys=0.00s Real=0.14s
[2024-08-15T14:47:40.854+0000][8356.799s][info][gc,start    ] GC(1803) Pause Young (Normal) (G1 Evacuation Pause)
[2024-08-15T14:47:40.855+0000][8356.799s][info][gc,task     ] GC(1803) Using 6 workers of 6 for evacuation
[2024-08-15T14:47:40.928+0000][8356.872s][info][gc,phases   ] GC(1803)   Pre Evacuate Collection Set: 0.2ms
[2024-08-15T14:47:40.928+0000][8356.872s][info][gc,phases   ] GC(1803)   Merge Heap Roots: 0.3ms
[2024-08-15T14:47:40.928+0000][8356.872s][info][gc,phases   ] GC(1803)   Evacuate Collection Set: 54.7ms
[2024-08-15T14:47:40.928+0000][8356.872s][info][gc,phases   ] GC(1803)   Post Evacuate Collection Set: 17.7ms
[2024-08-15T14:47:40.928+0000][8356.872s][info][gc,phases   ] GC(1803)   Other: 0.2ms
[2024-08-15T14:47:40.928+0000][8356.872s][info][gc,heap     ] GC(1803) Eden regions: 830->0(826)
[2024-08-15T14:47:40.928+0000][8356.872s][info][gc,heap     ] GC(1803) Survivor regions: 3->7(105)
[2024-08-15T14:47:40.928+0000][8356.872s][info][gc,heap     ] GC(1803) Old regions: 371->371
[2024-08-15T14:47:40.928+0000][8356.872s][info][gc,heap     ] GC(1803) Archive regions: 2->2
[2024-08-15T14:47:40.928+0000][8356.872s][info][gc,heap     ] GC(1803) Humongous regions: 5->5
[2024-08-15T14:47:40.928+0000][8356.872s][info][gc,metaspace] GC(1803) Metaspace: 442073K(448384K)->442073K(448384K) NonClass: 387073K(390656K)->387073K(390656K) Class: 55000K(57728K)->55000K(57728K)
[2024-08-15T14:47:40.928+0000][8356.872s][info][gc          ] GC(1803) Pause Young (Normal) (G1 Evacuation Pause) 9672M->3058M(12288M) 73.131ms
[2024-08-15T14:47:40.928+0000][8356.872s][info][gc,cpu      ] GC(1803) User=0.43s Sys=0.00s Real=0.08s
[2024-08-15T14:47:43.384+0000][8359.328s][info][gc,start    ] GC(1804) Pause Young (Normal) (G1 Evacuation Pause)
[2024-08-15T14:47:43.384+0000][8359.328s][info][gc,task     ] GC(1804) Using 6 workers of 6 for evacuation
[2024-08-15T14:47:43.446+0000][8359.390s][info][gc,phases   ] GC(1804)   Pre Evacuate Collection Set: 0.2ms
[2024-08-15T14:47:43.446+0000][8359.390s][info][gc,phases   ] GC(1804)   Merge Heap Roots: 0.3ms
[2024-08-15T14:47:43.446+0000][8359.390s][info][gc,phases   ] GC(1804)   Evacuate Collection Set: 50.1ms
[2024-08-15T14:47:43.446+0000][8359.390s][info][gc,phases   ] GC(1804)   Post Evacuate Collection Set: 11.3ms
[2024-08-15T14:47:43.446+0000][8359.390s][info][gc,phases   ] GC(1804)   Other: 0.2ms
[2024-08-15T14:47:43.446+0000][8359.390s][info][gc,heap     ] GC(1804) Eden regions: 826->0(825)
[2024-08-15T14:47:43.446+0000][8359.390s][info][gc,heap     ] GC(1804) Survivor regions: 7->9(105)
[2024-08-15T14:47:43.446+0000][8359.390s][info][gc,heap     ] GC(1804) Old regions: 371->371
[2024-08-15T14:47:43.446+0000][8359.390s][info][gc,heap     ] GC(1804) Archive regions: 2->2
[2024-08-15T14:47:43.446+0000][8359.390s][info][gc,heap     ] GC(1804) Humongous regions: 5->5
[2024-08-15T14:47:43.446+0000][8359.390s][info][gc,metaspace] GC(1804) Metaspace: 442073K(448384K)->442073K(448384K) NonClass: 387073K(390656K)->387073K(390656K) Class: 55000K(57728K)->55000K(57728K)
[2024-08-15T14:47:43.446+0000][8359.391s][info][gc          ] GC(1804) Pause Young (Normal) (G1 Evacuation Pause) 9666M->3080M(12288M) 62.106ms
[2024-08-15T14:47:43.446+0000][8359.391s][info][gc,cpu      ] GC(1804) User=0.36s Sys=0.00s Real=0.06s
[2024-08-15T14:47:46.163+0000][8362.108s][info][gc,start    ] GC(1805) Pause Young (Concurrent Start) (G1 Evacuation Pause)
[2024-08-15T14:47:46.163+0000][8362.108s][info][gc,task     ] GC(1805) Using 6 workers of 6 for evacuation
[2024-08-15T14:47:46.278+0000][8362.223s][info][gc,phases   ] GC(1805)   Pre Evacuate Collection Set: 0.6ms
[2024-08-15T14:47:46.278+0000][8362.223s][info][gc,phases   ] GC(1805)   Merge Heap Roots: 0.4ms
[2024-08-15T14:47:46.278+0000][8362.223s][info][gc,phases   ] GC(1805)   Evacuate Collection Set: 88.4ms
[2024-08-15T14:47:46.278+0000][8362.223s][info][gc,phases   ] GC(1805)   Post Evacuate Collection Set: 25.1ms
[2024-08-15T14:47:46.278+0000][8362.223s][info][gc,phases   ] GC(1805)   Other: 0.3ms
[2024-08-15T14:47:46.278+0000][8362.223s][info][gc,heap     ] GC(1805) Eden regions: 825->0(820)
[2024-08-15T14:47:46.278+0000][8362.223s][info][gc,heap     ] GC(1805) Survivor regions: 9->14(105)
[2024-08-15T14:47:46.278+0000][8362.223s][info][gc,heap     ] GC(1805) Old regions: 371->371
[2024-08-15T14:47:46.278+0000][8362.223s][info][gc,heap     ] GC(1805) Archive regions: 2->2
[2024-08-15T14:47:46.278+0000][8362.223s][info][gc,heap     ] GC(1805) Humongous regions: 5->5
[2024-08-15T14:47:46.278+0000][8362.223s][info][gc,metaspace] GC(1805) Metaspace: 442073K(448384K)->442073K(448384K) NonClass: 387073K(390656K)->387073K(390656K) Class: 55000K(57728K)->55000K(57728K)
[2024-08-15T14:47:46.278+0000][8362.223s][info][gc          ] GC(1805) Pause Young (Concurrent Start) (G1 Evacuation Pause) 9680M->3116M(12288M) 114.912ms
[2024-08-15T14:47:46.278+0000][8362.223s][info][gc,cpu      ] GC(1805) User=0.67s Sys=0.00s Real=0.11s
[2024-08-15T14:47:46.278+0000][8362.223s][info][gc          ] GC(1806) Concurrent Mark Cycle
[2024-08-15T14:47:46.278+0000][8362.223s][info][gc,marking  ] GC(1806) Concurrent Clear Claimed Marks
[2024-08-15T14:47:46.279+0000][8362.224s][info][gc,marking  ] GC(1806) Concurrent Clear Claimed Marks 0.440ms
[2024-08-15T14:47:46.279+0000][8362.224s][info][gc,marking  ] GC(1806) Concurrent Scan Root Regions
[2024-08-15T14:47:46.313+0000][8362.257s][info][gc,marking  ] GC(1806) Concurrent Scan Root Regions 33.805ms
[2024-08-15T14:47:46.313+0000][8362.257s][info][gc,marking  ] GC(1806) Concurrent Mark
[2024-08-15T14:47:46.313+0000][8362.257s][info][gc,marking  ] GC(1806) Concurrent Mark From Roots
[2024-08-15T14:47:46.313+0000][8362.257s][info][gc,task     ] GC(1806) Using 2 workers of 2 for marking
[2024-08-15T14:47:47.999+0000][8363.944s][info][gc,marking  ] GC(1806) Concurrent Mark From Roots 1686.537ms
[2024-08-15T14:47:47.999+0000][8363.944s][info][gc,marking  ] GC(1806) Concurrent Preclean
[2024-08-15T14:47:48.001+0000][8363.945s][info][gc,marking  ] GC(1806) Concurrent Preclean 1.187ms
[2024-08-15T14:47:48.001+0000][8363.945s][info][gc,start    ] GC(1806) Pause Remark
[2024-08-15T14:47:48.024+0000][8363.969s][info][gc          ] GC(1806) Pause Remark 6900M->6900M(12288M) 23.399ms
[2024-08-15T14:47:48.024+0000][8363.969s][info][gc,cpu      ] GC(1806) User=0.10s Sys=0.00s Real=0.03s
[2024-08-15T14:47:48.024+0000][8363.969s][info][gc,marking  ] GC(1806) Concurrent Mark 1711.437ms
[2024-08-15T14:47:48.024+0000][8363.969s][info][gc,marking  ] GC(1806) Concurrent Rebuild Remembered Sets
[2024-08-15T14:47:49.010+0000][8364.955s][info][gc,marking  ] GC(1806) Concurrent Rebuild Remembered Sets 986.009ms
[2024-08-15T14:47:49.010+0000][8364.955s][info][gc,start    ] GC(1806) Pause Cleanup
[2024-08-15T14:47:49.011+0000][8364.956s][info][gc          ] GC(1806) Pause Cleanup 9332M->9332M(12288M) 0.532ms
[2024-08-15T14:47:49.011+0000][8364.956s][info][gc,cpu      ] GC(1806) User=0.00s Sys=0.00s Real=0.00s
[2024-08-15T14:47:49.011+0000][8364.956s][info][gc,marking  ] GC(1806) Concurrent Cleanup for Next Mark
[2024-08-15T14:47:49.026+0000][8364.971s][info][gc,marking  ] GC(1806) Concurrent Cleanup for Next Mark 15.234ms
[2024-08-15T14:47:49.026+0000][8364.971s][info][gc          ] GC(1806) Concurrent Mark Cycle 2747.951ms
[2024-08-15T14:47:49.154+0000][8365.098s][info][gc,start    ] GC(1807) Pause Young (Prepare Mixed) (G1 Evacuation Pause)
[2024-08-15T14:47:49.154+0000][8365.098s][info][gc,task     ] GC(1807) Using 6 workers of 6 for evacuation
[2024-08-15T14:47:49.288+0000][8365.232s][info][gc,phases   ] GC(1807)   Pre Evacuate Collection Set: 0.2ms
[2024-08-15T14:47:49.288+0000][8365.232s][info][gc,phases   ] GC(1807)   Merge Heap Roots: 1.0ms
[2024-08-15T14:47:49.288+0000][8365.232s][info][gc,phases   ] GC(1807)   Evacuate Collection Set: 106.7ms
[2024-08-15T14:47:49.288+0000][8365.232s][info][gc,phases   ] GC(1807)   Post Evacuate Collection Set: 25.8ms
[2024-08-15T14:47:49.288+0000][8365.232s][info][gc,phases   ] GC(1807)   Other: 0.2ms
[2024-08-15T14:47:49.288+0000][8365.232s][info][gc,heap     ] GC(1807) Eden regions: 820->0(56)
[2024-08-15T14:47:49.288+0000][8365.232s][info][gc,heap     ] GC(1807) Survivor regions: 14->20(105)
[2024-08-15T14:47:49.288+0000][8365.232s][info][gc,heap     ] GC(1807) Old regions: 371->371
[2024-08-15T14:47:49.288+0000][8365.232s][info][gc,heap     ] GC(1807) Archive regions: 2->2
[2024-08-15T14:47:49.288+0000][8365.232s][info][gc,heap     ] GC(1807) Humongous regions: 5->5
[2024-08-15T14:47:49.288+0000][8365.232s][info][gc,metaspace] GC(1807) Metaspace: 442073K(448384K)->442073K(448384K) NonClass: 387073K(390656K)->387073K(390656K) Class: 55000K(57728K)->55000K(57728K)
[2024-08-15T14:47:49.288+0000][8365.232s][info][gc          ] GC(1807) Pause Young (Prepare Mixed) (G1 Evacuation Pause) 9676M->3163M(12288M) 133.928ms
[2024-08-15T14:47:49.288+0000][8365.232s][info][gc,cpu      ] GC(1807) User=0.78s Sys=0.00s Real=0.14s
[2024-08-15T14:47:49.527+0000][8365.472s][info][gc,start    ] GC(1808) Pause Young (Mixed) (G1 Evacuation Pause)
[2024-08-15T14:47:49.527+0000][8365.472s][info][gc,task     ] GC(1808) Using 6 workers of 6 for evacuation
[2024-08-15T14:47:49.616+0000][8365.560s][info][gc,phases   ] GC(1808)   Pre Evacuate Collection Set: 0.2ms
[2024-08-15T14:47:49.616+0000][8365.560s][info][gc,phases   ] GC(1808)   Merge Heap Roots: 0.3ms
[2024-08-15T14:47:49.616+0000][8365.560s][info][gc,phases   ] GC(1808)   Evacuate Collection Set: 84.9ms
[2024-08-15T14:47:49.616+0000][8365.560s][info][gc,phases   ] GC(1808)   Post Evacuate Collection Set: 2.7ms
[2024-08-15T14:47:49.616+0000][8365.560s][info][gc,phases   ] GC(1808)   Other: 0.2ms
[2024-08-15T14:47:49.616+0000][8365.560s][info][gc,heap     ] GC(1808) Eden regions: 56->0(830)
[2024-08-15T14:47:49.616+0000][8365.560s][info][gc,heap     ] GC(1808) Survivor regions: 20->3(10)
[2024-08-15T14:47:49.616+0000][8365.560s][info][gc,heap     ] GC(1808) Old regions: 371->373
[2024-08-15T14:47:49.616+0000][8365.560s][info][gc,heap     ] GC(1808) Archive regions: 2->2
[2024-08-15T14:47:49.616+0000][8365.560s][info][gc,heap     ] GC(1808) Humongous regions: 5->5
[2024-08-15T14:47:49.616+0000][8365.560s][info][gc,metaspace] GC(1808) Metaspace: 442073K(448384K)->442073K(448384K) NonClass: 387073K(390656K)->387073K(390656K) Class: 55000K(57728K)->55000K(57728K)
[2024-08-15T14:47:49.616+0000][8365.560s][info][gc          ] GC(1808) Pause Young (Mixed) (G1 Evacuation Pause) 3611M->3048M(12288M) 88.220ms
[2024-08-15T14:47:49.616+0000][8365.560s][info][gc,cpu      ] GC(1808) User=0.52s Sys=0.00s Real=0.09s
[2024-08-15T14:47:55.927+0000][8371.872s][info][gc,start    ] GC(1809) Pause Young (Normal) (G1 Evacuation Pause)
[2024-08-15T14:47:55.927+0000][8371.872s][info][gc,task     ] GC(1809) Using 6 workers of 6 for evacuation
[2024-08-15T14:47:55.973+0000][8371.918s][info][gc,phases   ] GC(1809)   Pre Evacuate Collection Set: 0.2ms
[2024-08-15T14:47:55.973+0000][8371.918s][info][gc,phases   ] GC(1809)   Merge Heap Roots: 0.3ms
[2024-08-15T14:47:55.973+0000][8371.918s][info][gc,phases   ] GC(1809)   Evacuate Collection Set: 35.3ms
[2024-08-15T14:47:55.974+0000][8371.918s][info][gc,phases   ] GC(1809)   Post Evacuate Collection Set: 10.1ms
[2024-08-15T14:47:55.974+0000][8371.918s][info][gc,phases   ] GC(1809)   Other: 0.2ms
[2024-08-15T14:47:55.974+0000][8371.918s][info][gc,heap     ] GC(1809) Eden regions: 830->0(827)
[2024-08-15T14:47:55.974+0000][8371.918s][info][gc,heap     ] GC(1809) Survivor regions: 3->6(105)
[2024-08-15T14:47:55.974+0000][8371.918s][info][gc,heap     ] GC(1809) Old regions: 373->373
[2024-08-15T14:47:55.974+0000][8371.918s][info][gc,heap     ] GC(1809) Archive regions: 2->2
[2024-08-15T14:47:55.974+0000][8371.918s][info][gc,heap     ] GC(1809) Humongous regions: 5->5
[2024-08-15T14:47:55.974+0000][8371.918s][info][gc,metaspace] GC(1809) Metaspace: 442073K(448384K)->442073K(448384K) NonClass: 387073K(390656K)->387073K(390656K) Class: 55000K(57728K)->55000K(57728K)
[2024-08-15T14:47:55.974+0000][8371.918s][info][gc          ] GC(1809) Pause Young (Normal) (G1 Evacuation Pause) 9688M->3068M(12288M) 46.098ms
[2024-08-15T14:47:55.974+0000][8371.918s][info][gc,cpu      ] GC(1809) User=0.26s Sys=0.00s Real=0.04s
[2024-08-15T14:48:04.695+0000][8380.639s][info][gc,start    ] GC(1810) Pause Young (Normal) (G1 Evacuation Pause)
[2024-08-15T14:48:04.695+0000][8380.639s][info][gc,task     ] GC(1810) Using 6 workers of 6 for evacuation
[2024-08-15T14:48:04.725+0000][8380.669s][info][gc,phases   ] GC(1810)   Pre Evacuate Collection Set: 0.2ms
[2024-08-15T14:48:04.725+0000][8380.669s][info][gc,phases   ] GC(1810)   Merge Heap Roots: 0.3ms
[2024-08-15T14:48:04.725+0000][8380.669s][info][gc,phases   ] GC(1810)   Evacuate Collection Set: 27.4ms
[2024-08-15T14:48:04.725+0000][8380.669s][info][gc,phases   ] GC(1810)   Post Evacuate Collection Set: 2.0ms
[2024-08-15T14:48:04.725+0000][8380.669s][info][gc,phases   ] GC(1810)   Other: 0.2ms
[2024-08-15T14:48:04.725+0000][8380.669s][info][gc,heap     ] GC(1810) Eden regions: 827->0(824)
[2024-08-15T14:48:04.725+0000][8380.669s][info][gc,heap     ] GC(1810) Survivor regions: 6->9(105)
[2024-08-15T14:48:04.725+0000][8380.669s][info][gc,heap     ] GC(1810) Old regions: 373->373
[2024-08-15T14:48:04.725+0000][8380.669s][info][gc,heap     ] GC(1810) Archive regions: 2->2
[2024-08-15T14:48:04.725+0000][8380.669s][info][gc,heap     ] GC(1810) Humongous regions: 5->5
[2024-08-15T14:48:04.725+0000][8380.669s][info][gc,metaspace] GC(1810) Metaspace: 442073K(448384K)->442073K(448384K) NonClass: 387073K(390656K)->387073K(390656K) Class: 55000K(57728K)->55000K(57728K)
[2024-08-15T14:48:04.725+0000][8380.669s][info][gc          ] GC(1810) Pause Young (Normal) (G1 Evacuation Pause) 9684M->3091M(12288M) 30.055ms
[2024-08-15T14:48:04.725+0000][8380.669s][info][gc,cpu      ] GC(1810) User=0.18s Sys=0.00s Real=0.04s
[2024-08-15T14:48:13.572+0000][8389.517s][info][gc,start    ] GC(1811) Pause Young (Concurrent Start) (G1 Evacuation Pause)
[2024-08-15T14:48:13.572+0000][8389.517s][info][gc,task     ] GC(1811) Using 6 workers of 6 for evacuation
[2024-08-15T14:48:13.605+0000][8389.549s][info][gc,phases   ] GC(1811)   Pre Evacuate Collection Set: 0.6ms
[2024-08-15T14:48:13.605+0000][8389.549s][info][gc,phases   ] GC(1811)   Merge Heap Roots: 0.2ms
[2024-08-15T14:48:13.605+0000][8389.549s][info][gc,phases   ] GC(1811)   Evacuate Collection Set: 29.4ms
[2024-08-15T14:48:13.605+0000][8389.549s][info][gc,phases   ] GC(1811)   Post Evacuate Collection Set: 1.8ms
[2024-08-15T14:48:13.605+0000][8389.549s][info][gc,phases   ] GC(1811)   Other: 0.3ms
[2024-08-15T14:48:13.605+0000][8389.549s][info][gc,heap     ] GC(1811) Eden regions: 824->0(822)
[2024-08-15T14:48:13.605+0000][8389.549s][info][gc,heap     ] GC(1811) Survivor regions: 9->12(105)
[2024-08-15T14:48:13.605+0000][8389.549s][info][gc,heap     ] GC(1811) Old regions: 373->373
[2024-08-15T14:48:13.605+0000][8389.549s][info][gc,heap     ] GC(1811) Archive regions: 2->2
[2024-08-15T14:48:13.605+0000][8389.549s][info][gc,heap     ] GC(1811) Humongous regions: 5->5
[2024-08-15T14:48:13.605+0000][8389.549s][info][gc,metaspace] GC(1811) Metaspace: 442073K(448384K)->442073K(448384K) NonClass: 387073K(390656K)->387073K(390656K) Class: 55000K(57728K)->55000K(57728K)
[2024-08-15T14:48:13.605+0000][8389.549s][info][gc          ] GC(1811) Pause Young (Concurrent Start) (G1 Evacuation Pause) 9683M->3118M(12288M) 32.402ms
[2024-08-15T14:48:13.605+0000][8389.549s][info][gc,cpu      ] GC(1811) User=0.18s Sys=0.00s Real=0.04s
[2024-08-15T14:48:13.605+0000][8389.549s][info][gc          ] GC(1812) Concurrent Mark Cycle
[2024-08-15T14:48:13.605+0000][8389.549s][info][gc,marking  ] GC(1812) Concurrent Clear Claimed Marks
[2024-08-15T14:48:13.605+0000][8389.550s][info][gc,marking  ] GC(1812) Concurrent Clear Claimed Marks 0.426ms
[2024-08-15T14:48:13.605+0000][8389.550s][info][gc,marking  ] GC(1812) Concurrent Scan Root Regions
[2024-08-15T14:48:13.631+0000][8389.575s][info][gc,marking  ] GC(1812) Concurrent Scan Root Regions 25.671ms
[2024-08-15T14:48:13.631+0000][8389.576s][info][gc,marking  ] GC(1812) Concurrent Mark
[2024-08-15T14:48:13.631+0000][8389.576s][info][gc,marking  ] GC(1812) Concurrent Mark From Roots
[2024-08-15T14:48:13.631+0000][8389.576s][info][gc,task     ] GC(1812) Using 2 workers of 2 for marking
[2024-08-15T14:48:15.944+0000][8391.889s][info][gc,marking  ] GC(1812) Concurrent Mark From Roots 2313.440ms
[2024-08-15T14:48:15.944+0000][8391.889s][info][gc,marking  ] GC(1812) Concurrent Preclean
[2024-08-15T14:48:15.946+0000][8391.890s][info][gc,marking  ] GC(1812) Concurrent Preclean 1.317ms
[2024-08-15T14:48:15.946+0000][8391.891s][info][gc,start    ] GC(1812) Pause Remark
[2024-08-15T14:48:15.969+0000][8391.914s][info][gc          ] GC(1812) Pause Remark 4694M->4694M(12288M) 23.286ms
[2024-08-15T14:48:15.969+0000][8391.914s][info][gc,cpu      ] GC(1812) User=0.10s Sys=0.00s Real=0.02s
[2024-08-15T14:48:15.969+0000][8391.914s][info][gc,marking  ] GC(1812) Concurrent Mark 2338.472ms
[2024-08-15T14:48:15.969+0000][8391.914s][info][gc,marking  ] GC(1812) Concurrent Rebuild Remembered Sets
[2024-08-15T14:48:17.316+0000][8393.261s][info][gc,marking  ] GC(1812) Concurrent Rebuild Remembered Sets 1347.003ms
[2024-08-15T14:48:17.317+0000][8393.261s][info][gc,start    ] GC(1812) Pause Cleanup
[2024-08-15T14:48:17.317+0000][8393.262s][info][gc          ] GC(1812) Pause Cleanup 5638M->5638M(12288M) 0.662ms
[2024-08-15T14:48:17.317+0000][8393.262s][info][gc,cpu      ] GC(1812) User=0.00s Sys=0.00s Real=0.00s
[2024-08-15T14:48:17.318+0000][8393.262s][info][gc,marking  ] GC(1812) Concurrent Cleanup for Next Mark
[2024-08-15T14:48:17.335+0000][8393.280s][info][gc,marking  ] GC(1812) Concurrent Cleanup for Next Mark 17.443ms
[2024-08-15T14:48:17.335+0000][8393.280s][info][gc          ] GC(1812) Concurrent Mark Cycle 3730.298ms
[2024-08-15T14:48:22.831+0000][8398.776s][info][gc,start    ] GC(1813) Pause Young (Prepare Mixed) (G1 Evacuation Pause)
[2024-08-15T14:48:22.831+0000][8398.776s][info][gc,task     ] GC(1813) Using 6 workers of 6 for evacuation
[2024-08-15T14:48:22.870+0000][8398.815s][info][gc,phases   ] GC(1813)   Pre Evacuate Collection Set: 0.2ms
[2024-08-15T14:48:22.870+0000][8398.815s][info][gc,phases   ] GC(1813)   Merge Heap Roots: 0.3ms
[2024-08-15T14:48:22.870+0000][8398.815s][info][gc,phases   ] GC(1813)   Evacuate Collection Set: 36.9ms
[2024-08-15T14:48:22.870+0000][8398.815s][info][gc,phases   ] GC(1813)   Post Evacuate Collection Set: 1.8ms
[2024-08-15T14:48:22.870+0000][8398.815s][info][gc,phases   ] GC(1813)   Other: 0.2ms
[2024-08-15T14:48:22.870+0000][8398.815s][info][gc,heap     ] GC(1813) Eden regions: 822->0(60)
[2024-08-15T14:48:22.870+0000][8398.815s][info][gc,heap     ] GC(1813) Survivor regions: 12->16(105)
[2024-08-15T14:48:22.870+0000][8398.815s][info][gc,heap     ] GC(1813) Old regions: 373->373
[2024-08-15T14:48:22.870+0000][8398.815s][info][gc,heap     ] GC(1813) Archive regions: 2->2
[2024-08-15T14:48:22.870+0000][8398.815s][info][gc,heap     ] GC(1813) Humongous regions: 5->5
[2024-08-15T14:48:22.870+0000][8398.815s][info][gc,metaspace] GC(1813) Metaspace: 442073K(448384K)->442073K(448384K) NonClass: 387073K(390656K)->387073K(390656K) Class: 55000K(57728K)->55000K(57728K)
[2024-08-15T14:48:22.870+0000][8398.815s][info][gc          ] GC(1813) Pause Young (Prepare Mixed) (G1 Evacuation Pause) 9694M->3147M(12288M) 39.534ms
[2024-08-15T14:48:22.871+0000][8398.815s][info][gc,cpu      ] GC(1813) User=0.23s Sys=0.00s Real=0.04s
[2024-08-15T14:48:23.557+0000][8399.502s][info][gc,start    ] GC(1814) Pause Young (Mixed) (G1 Evacuation Pause)
[2024-08-15T14:48:23.557+0000][8399.502s][info][gc,task     ] GC(1814) Using 6 workers of 6 for evacuation
[2024-08-15T14:48:23.620+0000][8399.564s][info][gc,phases   ] GC(1814)   Pre Evacuate Collection Set: 0.2ms
[2024-08-15T14:48:23.620+0000][8399.565s][info][gc,phases   ] GC(1814)   Merge Heap Roots: 0.3ms
[2024-08-15T14:48:23.620+0000][8399.565s][info][gc,phases   ] GC(1814)   Evacuate Collection Set: 61.1ms
[2024-08-15T14:48:23.620+0000][8399.565s][info][gc,phases   ] GC(1814)   Post Evacuate Collection Set: 1.4ms
[2024-08-15T14:48:23.620+0000][8399.565s][info][gc,phases   ] GC(1814)   Other: 0.2ms
[2024-08-15T14:48:23.620+0000][8399.565s][info][gc,heap     ] GC(1814) Eden regions: 60->0(831)
[2024-08-15T14:48:23.620+0000][8399.565s][info][gc,heap     ] GC(1814) Survivor regions: 16->5(10)
[2024-08-15T14:48:23.620+0000][8399.565s][info][gc,heap     ] GC(1814) Old regions: 373->371
[2024-08-15T14:48:23.620+0000][8399.565s][info][gc,heap     ] GC(1814) Archive regions: 2->2
[2024-08-15T14:48:23.620+0000][8399.565s][info][gc,heap     ] GC(1814) Humongous regions: 5->5
[2024-08-15T14:48:23.620+0000][8399.565s][info][gc,metaspace] GC(1814) Metaspace: 442073K(448384K)->442073K(448384K) NonClass: 387073K(390656K)->387073K(390656K) Class: 55000K(57728K)->55000K(57728K)
[2024-08-15T14:48:23.620+0000][8399.565s][info][gc          ] GC(1814) Pause Young (Mixed) (G1 Evacuation Pause) 3627M->3051M(12288M) 63.087ms
[2024-08-15T14:48:23.620+0000][8399.565s][info][gc,cpu      ] GC(1814) User=0.38s Sys=0.00s Real=0.06s
[2024-08-15T14:48:30.335+0000][8406.280s][info][gc,start    ] GC(1815) Pause Young (Normal) (G1 Evacuation Pause)
[2024-08-15T14:48:30.335+0000][8406.280s][info][gc,task     ] GC(1815) Using 6 workers of 6 for evacuation
[2024-08-15T14:48:30.355+0000][8406.300s][info][gc,phases   ] GC(1815)   Pre Evacuate Collection Set: 0.2ms
[2024-08-15T14:48:30.355+0000][8406.300s][info][gc,phases   ] GC(1815)   Merge Heap Roots: 0.2ms
[2024-08-15T14:48:30.355+0000][8406.300s][info][gc,phases   ] GC(1815)   Evacuate Collection Set: 17.6ms
[2024-08-15T14:48:30.355+0000][8406.300s][info][gc,phases   ] GC(1815)   Post Evacuate Collection Set: 1.7ms
[2024-08-15T14:48:30.355+0000][8406.300s][info][gc,phases   ] GC(1815)   Other: 0.2ms
[2024-08-15T14:48:30.355+0000][8406.300s][info][gc,heap     ] GC(1815) Eden regions: 831->0(829)
[2024-08-15T14:48:30.355+0000][8406.300s][info][gc,heap     ] GC(1815) Survivor regions: 5->7(105)
[2024-08-15T14:48:30.355+0000][8406.300s][info][gc,heap     ] GC(1815) Old regions: 371->371
[2024-08-15T14:48:30.355+0000][8406.300s][info][gc,heap     ] GC(1815) Archive regions: 2->2
[2024-08-15T14:48:30.355+0000][8406.300s][info][gc,heap     ] GC(1815) Humongous regions: 5->5
[2024-08-15T14:48:30.355+0000][8406.300s][info][gc,metaspace] GC(1815) Metaspace: 442073K(448384K)->442073K(448384K) NonClass: 387073K(390656K)->387073K(390656K) Class: 55000K(57728K)->55000K(57728K)
[2024-08-15T14:48:30.355+0000][8406.300s][info][gc          ] GC(1815) Pause Young (Normal) (G1 Evacuation Pause) 9699M->3063M(12288M) 20.069ms
[2024-08-15T14:48:30.355+0000][8406.300s][info][gc,cpu      ] GC(1815) User=0.11s Sys=0.00s Real=0.02s
[2024-08-15T14:48:39.319+0000][8415.263s][info][gc,start    ] GC(1816) Pause Young (Normal) (G1 Evacuation Pause)
[2024-08-15T14:48:39.319+0000][8415.264s][info][gc,task     ] GC(1816) Using 6 workers of 6 for evacuation
[2024-08-15T14:48:39.350+0000][8415.294s][info][gc,phases   ] GC(1816)   Pre Evacuate Collection Set: 0.2ms
[2024-08-15T14:48:39.350+0000][8415.294s][info][gc,phases   ] GC(1816)   Merge Heap Roots: 0.3ms
[2024-08-15T14:48:39.350+0000][8415.294s][info][gc,phases   ] GC(1816)   Evacuate Collection Set: 28.4ms
[2024-08-15T14:48:39.350+0000][8415.294s][info][gc,phases   ] GC(1816)   Post Evacuate Collection Set: 1.9ms
[2024-08-15T14:48:39.350+0000][8415.294s][info][gc,phases   ] GC(1816)   Other: 0.2ms
[2024-08-15T14:48:39.350+0000][8415.294s][info][gc,heap     ] GC(1816) Eden regions: 829->0(822)
[2024-08-15T14:48:39.350+0000][8415.294s][info][gc,heap     ] GC(1816) Survivor regions: 7->12(105)
[2024-08-15T14:48:39.350+0000][8415.295s][info][gc,heap     ] GC(1816) Old regions: 371->371
[2024-08-15T14:48:39.350+0000][8415.295s][info][gc,heap     ] GC(1816) Archive regions: 2->2
[2024-08-15T14:48:39.350+0000][8415.295s][info][gc,heap     ] GC(1816) Humongous regions: 5->5
[2024-08-15T14:48:39.350+0000][8415.295s][info][gc,metaspace] GC(1816) Metaspace: 442073K(448384K)->442073K(448384K) NonClass: 387073K(390656K)->387073K(390656K) Class: 55000K(57728K)->55000K(57728K)
[2024-08-15T14:48:39.350+0000][8415.295s][info][gc          ] GC(1816) Pause Young (Normal) (G1 Evacuation Pause) 9695M->3103M(12288M) 31.060ms
[2024-08-15T14:48:39.350+0000][8415.295s][info][gc,cpu      ] GC(1816) User=0.18s Sys=0.00s Real=0.03s
[2024-08-15T14:48:48.046+0000][8423.990s][info][gc,start    ] GC(1817) Pause Young (Concurrent Start) (G1 Evacuation Pause)
[2024-08-15T14:48:48.046+0000][8423.990s][info][gc,task     ] GC(1817) Using 6 workers of 6 for evacuation
[2024-08-15T14:48:48.080+0000][8424.025s][info][gc,phases   ] GC(1817)   Pre Evacuate Collection Set: 0.6ms
[2024-08-15T14:48:48.080+0000][8424.025s][info][gc,phases   ] GC(1817)   Merge Heap Roots: 0.2ms
[2024-08-15T14:48:48.081+0000][8424.025s][info][gc,phases   ] GC(1817)   Evacuate Collection Set: 31.9ms
[2024-08-15T14:48:48.081+0000][8424.025s][info][gc,phases   ] GC(1817)   Post Evacuate Collection Set: 1.9ms
[2024-08-15T14:48:48.081+0000][8424.025s][info][gc,phases   ] GC(1817)   Other: 0.3ms
[2024-08-15T14:48:48.081+0000][8424.025s][info][gc,heap     ] GC(1817) Eden regions: 822->0(821)
[2024-08-15T14:48:48.081+0000][8424.025s][info][gc,heap     ] GC(1817) Survivor regions: 12->14(105)
[2024-08-15T14:48:48.081+0000][8424.025s][info][gc,heap     ] GC(1817) Old regions: 371->371
[2024-08-15T14:48:48.081+0000][8424.025s][info][gc,heap     ] GC(1817) Archive regions: 2->2
[2024-08-15T14:48:48.081+0000][8424.025s][info][gc,heap     ] GC(1817) Humongous regions: 5->5
[2024-08-15T14:48:48.081+0000][8424.025s][info][gc,metaspace] GC(1817) Metaspace: 442073K(448384K)->442073K(448384K) NonClass: 387073K(390656K)->387073K(390656K) Class: 55000K(57728K)->55000K(57728K)
[2024-08-15T14:48:48.081+0000][8424.025s][info][gc          ] GC(1817) Pause Young (Concurrent Start) (G1 Evacuation Pause) 9679M->3121M(12288M) 34.930ms
[2024-08-15T14:48:48.081+0000][8424.025s][info][gc,cpu      ] GC(1817) User=0.20s Sys=0.00s Real=0.03s
[2024-08-15T14:48:48.081+0000][8424.025s][info][gc          ] GC(1818) Concurrent Mark Cycle
[2024-08-15T14:48:48.081+0000][8424.025s][info][gc,marking  ] GC(1818) Concurrent Clear Claimed Marks
[2024-08-15T14:48:48.081+0000][8424.026s][info][gc,marking  ] GC(1818) Concurrent Clear Claimed Marks 0.485ms
[2024-08-15T14:48:48.081+0000][8424.026s][info][gc,marking  ] GC(1818) Concurrent Scan Root Regions
[2024-08-15T14:48:48.133+0000][8424.078s][info][gc,marking  ] GC(1818) Concurrent Scan Root Regions 52.090ms
[2024-08-15T14:48:48.133+0000][8424.078s][info][gc,marking  ] GC(1818) Concurrent Mark
[2024-08-15T14:48:48.133+0000][8424.078s][info][gc,marking  ] GC(1818) Concurrent Mark From Roots
[2024-08-15T14:48:48.133+0000][8424.078s][info][gc,task     ] GC(1818) Using 2 workers of 2 for marking
[2024-08-15T14:48:50.461+0000][8426.406s][info][gc,marking  ] GC(1818) Concurrent Mark From Roots 2327.975ms
[2024-08-15T14:48:50.461+0000][8426.406s][info][gc,marking  ] GC(1818) Concurrent Preclean
[2024-08-15T14:48:50.463+0000][8426.407s][info][gc,marking  ] GC(1818) Concurrent Preclean 1.136ms
[2024-08-15T14:48:50.463+0000][8426.407s][info][gc,start    ] GC(1818) Pause Remark
[2024-08-15T14:48:50.487+0000][8426.432s][info][gc          ] GC(1818) Pause Remark 4741M->4733M(12288M) 24.358ms
[2024-08-15T14:48:50.487+0000][8426.432s][info][gc,cpu      ] GC(1818) User=0.10s Sys=0.00s Real=0.03s
[2024-08-15T14:48:50.487+0000][8426.432s][info][gc,marking  ] GC(1818) Concurrent Mark 2353.897ms
[2024-08-15T14:48:50.487+0000][8426.432s][info][gc,marking  ] GC(1818) Concurrent Rebuild Remembered Sets
[2024-08-15T14:48:51.862+0000][8427.807s][info][gc,marking  ] GC(1818) Concurrent Rebuild Remembered Sets 1374.823ms
[2024-08-15T14:48:51.862+0000][8427.807s][info][gc,start    ] GC(1818) Pause Cleanup
[2024-08-15T14:48:51.863+0000][8427.807s][info][gc          ] GC(1818) Pause Cleanup 5725M->5725M(12288M) 0.556ms
[2024-08-15T14:48:51.863+0000][8427.808s][info][gc,cpu      ] GC(1818) User=0.01s Sys=0.00s Real=0.00s
[2024-08-15T14:48:51.863+0000][8427.808s][info][gc,marking  ] GC(1818) Concurrent Cleanup for Next Mark
[2024-08-15T14:48:51.880+0000][8427.824s][info][gc,marking  ] GC(1818) Concurrent Cleanup for Next Mark 16.561ms
[2024-08-15T14:48:51.880+0000][8427.824s][info][gc          ] GC(1818) Concurrent Mark Cycle 3798.917ms
[2024-08-15T14:48:57.187+0000][8433.131s][info][gc,start    ] GC(1819) Pause Young (Prepare Mixed) (G1 Evacuation Pause)
[2024-08-15T14:48:57.187+0000][8433.131s][info][gc,task     ] GC(1819) Using 6 workers of 6 for evacuation
[2024-08-15T14:48:57.225+0000][8433.169s][info][gc,phases   ] GC(1819)   Pre Evacuate Collection Set: 0.2ms
[2024-08-15T14:48:57.225+0000][8433.169s][info][gc,phases   ] GC(1819)   Merge Heap Roots: 0.3ms
[2024-08-15T14:48:57.225+0000][8433.169s][info][gc,phases   ] GC(1819)   Evacuate Collection Set: 35.4ms
[2024-08-15T14:48:57.225+0000][8433.169s][info][gc,phases   ] GC(1819)   Post Evacuate Collection Set: 1.8ms
[2024-08-15T14:48:57.225+0000][8433.169s][info][gc,phases   ] GC(1819)   Other: 0.2ms
[2024-08-15T14:48:57.225+0000][8433.169s][info][gc,heap     ] GC(1819) Eden regions: 821->0(62)
[2024-08-15T14:48:57.225+0000][8433.169s][info][gc,heap     ] GC(1819) Survivor regions: 14->14(105)
[2024-08-15T14:48:57.225+0000][8433.169s][info][gc,heap     ] GC(1819) Old regions: 370->370
[2024-08-15T14:48:57.225+0000][8433.169s][info][gc,heap     ] GC(1819) Archive regions: 2->2
[2024-08-15T14:48:57.225+0000][8433.169s][info][gc,heap     ] GC(1819) Humongous regions: 5->5
[2024-08-15T14:48:57.225+0000][8433.169s][info][gc,metaspace] GC(1819) Metaspace: 442073K(448384K)->442073K(448384K) NonClass: 387073K(390656K)->387073K(390656K) Class: 55000K(57728K)->55000K(57728K)
[2024-08-15T14:48:57.225+0000][8433.169s][info][gc          ] GC(1819) Pause Young (Prepare Mixed) (G1 Evacuation Pause) 9681M->3116M(12288M) 37.951ms
[2024-08-15T14:48:57.225+0000][8433.169s][info][gc,cpu      ] GC(1819) User=0.23s Sys=0.00s Real=0.04s
[2024-08-15T14:48:57.919+0000][8433.863s][info][gc,start    ] GC(1820) Pause Young (Mixed) (G1 Evacuation Pause)
[2024-08-15T14:48:57.919+0000][8433.863s][info][gc,task     ] GC(1820) Using 6 workers of 6 for evacuation
[2024-08-15T14:48:57.994+0000][8433.938s][info][gc,phases   ] GC(1820)   Pre Evacuate Collection Set: 0.2ms
[2024-08-15T14:48:57.994+0000][8433.938s][info][gc,phases   ] GC(1820)   Merge Heap Roots: 0.3ms
[2024-08-15T14:48:57.994+0000][8433.938s][info][gc,phases   ] GC(1820)   Evacuate Collection Set: 72.7ms
[2024-08-15T14:48:57.994+0000][8433.938s][info][gc,phases   ] GC(1820)   Post Evacuate Collection Set: 1.3ms
[2024-08-15T14:48:57.994+0000][8433.938s][info][gc,phases   ] GC(1820)   Other: 0.2ms
[2024-08-15T14:48:57.994+0000][8433.938s][info][gc,heap     ] GC(1820) Eden regions: 62->0(831)
[2024-08-15T14:48:57.994+0000][8433.938s][info][gc,heap     ] GC(1820) Survivor regions: 14->5(10)
[2024-08-15T14:48:57.994+0000][8433.938s][info][gc,heap     ] GC(1820) Old regions: 370->371
[2024-08-15T14:48:57.994+0000][8433.938s][info][gc,heap     ] GC(1820) Archive regions: 2->2
[2024-08-15T14:48:57.994+0000][8433.938s][info][gc,heap     ] GC(1820) Humongous regions: 5->5
[2024-08-15T14:48:57.994+0000][8433.938s][info][gc,metaspace] GC(1820) Metaspace: 442073K(448384K)->442073K(448384K) NonClass: 387073K(390656K)->387073K(390656K) Class: 55000K(57728K)->55000K(57728K)
[2024-08-15T14:48:57.994+0000][8433.938s][info][gc          ] GC(1820) Pause Young (Mixed) (G1 Evacuation Pause) 3612M->3051M(12288M) 74.827ms
[2024-08-15T14:48:57.994+0000][8433.938s][info][gc,cpu      ] GC(1820) User=0.44s Sys=0.00s Real=0.07s
[2024-08-15T14:49:07.009+0000][8442.953s][info][gc,start    ] GC(1821) Pause Young (Normal) (G1 Evacuation Pause)
[2024-08-15T14:49:07.009+0000][8442.953s][info][gc,task     ] GC(1821) Using 6 workers of 6 for evacuation
[2024-08-15T14:49:07.029+0000][8442.974s][info][gc,phases   ] GC(1821)   Pre Evacuate Collection Set: 0.2ms
[2024-08-15T14:49:07.029+0000][8442.974s][info][gc,phases   ] GC(1821)   Merge Heap Roots: 0.2ms
[2024-08-15T14:49:07.029+0000][8442.974s][info][gc,phases   ] GC(1821)   Evacuate Collection Set: 18.3ms
[2024-08-15T14:49:07.029+0000][8442.974s][info][gc,phases   ] GC(1821)   Post Evacuate Collection Set: 1.7ms
[2024-08-15T14:49:07.029+0000][8442.974s][info][gc,phases   ] GC(1821)   Other: 0.2ms
[2024-08-15T14:49:07.029+0000][8442.974s][info][gc,heap     ] GC(1821) Eden regions: 831->0(828)
[2024-08-15T14:49:07.029+0000][8442.974s][info][gc,heap     ] GC(1821) Survivor regions: 5->8(105)
[2024-08-15T14:49:07.029+0000][8442.974s][info][gc,heap     ] GC(1821) Old regions: 371->371
[2024-08-15T14:49:07.029+0000][8442.974s][info][gc,heap     ] GC(1821) Archive regions: 2->2
[2024-08-15T14:49:07.029+0000][8442.974s][info][gc,heap     ] GC(1821) Humongous regions: 5->5
[2024-08-15T14:49:07.029+0000][8442.974s][info][gc,metaspace] GC(1821) Metaspace: 442073K(448384K)->442073K(448384K) NonClass: 387073K(390656K)->387073K(390656K) Class: 55000K(57728K)->55000K(57728K)
[2024-08-15T14:49:07.029+0000][8442.974s][info][gc          ] GC(1821) Pause Young (Normal) (G1 Evacuation Pause) 9699M->3071M(12288M) 20.727ms
[2024-08-15T14:49:07.030+0000][8442.974s][info][gc,cpu      ] GC(1821) User=0.12s Sys=0.00s Real=0.02s
[2024-08-15T14:49:16.089+0000][8452.034s][info][gc,start    ] GC(1822) Pause Young (Normal) (G1 Evacuation Pause)
[2024-08-15T14:49:16.089+0000][8452.034s][info][gc,task     ] GC(1822) Using 6 workers of 6 for evacuation
[2024-08-15T14:49:16.115+0000][8452.060s][info][gc,phases   ] GC(1822)   Pre Evacuate Collection Set: 0.2ms
[2024-08-15T14:49:16.115+0000][8452.060s][info][gc,phases   ] GC(1822)   Merge Heap Roots: 0.2ms
[2024-08-15T14:49:16.115+0000][8452.060s][info][gc,phases   ] GC(1822)   Evacuate Collection Set: 23.7ms
[2024-08-15T14:49:16.115+0000][8452.060s][info][gc,phases   ] GC(1822)   Post Evacuate Collection Set: 1.7ms
[2024-08-15T14:49:16.115+0000][8452.060s][info][gc,phases   ] GC(1822)   Other: 0.2ms
[2024-08-15T14:49:16.115+0000][8452.060s][info][gc,heap     ] GC(1822) Eden regions: 828->0(825)
[2024-08-15T14:49:16.115+0000][8452.060s][info][gc,heap     ] GC(1822) Survivor regions: 8->11(105)
[2024-08-15T14:49:16.115+0000][8452.060s][info][gc,heap     ] GC(1822) Old regions: 371->371
[2024-08-15T14:49:16.115+0000][8452.060s][info][gc,heap     ] GC(1822) Archive regions: 2->2
[2024-08-15T14:49:16.115+0000][8452.060s][info][gc,heap     ] GC(1822) Humongous regions: 5->5
[2024-08-15T14:49:16.115+0000][8452.060s][info][gc,metaspace] GC(1822) Metaspace: 442073K(448384K)->442073K(448384K) NonClass: 387073K(390656K)->387073K(390656K) Class: 55000K(57728K)->55000K(57728K)
[2024-08-15T14:49:16.115+0000][8452.060s][info][gc          ] GC(1822) Pause Young (Normal) (G1 Evacuation Pause) 9695M->3099M(12288M) 26.075ms
[2024-08-15T14:49:16.115+0000][8452.060s][info][gc,cpu      ] GC(1822) User=0.16s Sys=0.00s Real=0.03s
[2024-08-15T14:49:24.769+0000][8460.714s][info][gc,start    ] GC(1823) Pause Young (Concurrent Start) (G1 Evacuation Pause)
[2024-08-15T14:49:24.769+0000][8460.714s][info][gc,task     ] GC(1823) Using 6 workers of 6 for evacuation
[2024-08-15T14:49:24.801+0000][8460.746s][info][gc,phases   ] GC(1823)   Pre Evacuate Collection Set: 0.6ms
[2024-08-15T14:49:24.801+0000][8460.746s][info][gc,phases   ] GC(1823)   Merge Heap Roots: 0.2ms
[2024-08-15T14:49:24.801+0000][8460.746s][info][gc,phases   ] GC(1823)   Evacuate Collection Set: 29.2ms
[2024-08-15T14:49:24.801+0000][8460.746s][info][gc,phases   ] GC(1823)   Post Evacuate Collection Set: 1.7ms
[2024-08-15T14:49:24.801+0000][8460.746s][info][gc,phases   ] GC(1823)   Other: 0.3ms
[2024-08-15T14:49:24.801+0000][8460.746s][info][gc,heap     ] GC(1823) Eden regions: 825->0(825)
[2024-08-15T14:49:24.801+0000][8460.746s][info][gc,heap     ] GC(1823) Survivor regions: 11->11(105)
[2024-08-15T14:49:24.801+0000][8460.746s][info][gc,heap     ] GC(1823) Old regions: 371->371
[2024-08-15T14:49:24.801+0000][8460.746s][info][gc,heap     ] GC(1823) Archive regions: 2->2
[2024-08-15T14:49:24.801+0000][8460.746s][info][gc,heap     ] GC(1823) Humongous regions: 5->5
[2024-08-15T14:49:24.801+0000][8460.746s][info][gc,metaspace] GC(1823) Metaspace: 442074K(448384K)->442074K(448384K) NonClass: 387074K(390656K)->387074K(390656K) Class: 55000K(57728K)->55000K(57728K)
[2024-08-15T14:49:24.801+0000][8460.746s][info][gc          ] GC(1823) Pause Young (Concurrent Start) (G1 Evacuation Pause) 9699M->3099M(12288M) 32.099ms
[2024-08-15T14:49:24.801+0000][8460.746s][info][gc,cpu      ] GC(1823) User=0.18s Sys=0.01s Real=0.03s
[2024-08-15T14:49:24.801+0000][8460.746s][info][gc          ] GC(1824) Concurrent Mark Cycle
[2024-08-15T14:49:24.801+0000][8460.746s][info][gc,marking  ] GC(1824) Concurrent Clear Claimed Marks
[2024-08-15T14:49:24.802+0000][8460.746s][info][gc,marking  ] GC(1824) Concurrent Clear Claimed Marks 0.421ms
[2024-08-15T14:49:24.802+0000][8460.746s][info][gc,marking  ] GC(1824) Concurrent Scan Root Regions
[2024-08-15T14:49:24.828+0000][8460.772s][info][gc,marking  ] GC(1824) Concurrent Scan Root Regions 26.041ms
[2024-08-15T14:49:24.828+0000][8460.772s][info][gc,marking  ] GC(1824) Concurrent Mark
[2024-08-15T14:49:24.828+0000][8460.772s][info][gc,marking  ] GC(1824) Concurrent Mark From Roots
[2024-08-15T14:49:24.828+0000][8460.772s][info][gc,task     ] GC(1824) Using 2 workers of 2 for marking
[2024-08-15T14:49:27.142+0000][8463.087s][info][gc,marking  ] GC(1824) Concurrent Mark From Roots 2314.696ms
[2024-08-15T14:49:27.142+0000][8463.087s][info][gc,marking  ] GC(1824) Concurrent Preclean
[2024-08-15T14:49:27.144+0000][8463.088s][info][gc,marking  ] GC(1824) Concurrent Preclean 1.182ms
[2024-08-15T14:49:27.144+0000][8463.088s][info][gc,start    ] GC(1824) Pause Remark
[2024-08-15T14:49:27.168+0000][8463.113s][info][gc          ] GC(1824) Pause Remark 4675M->4675M(12288M) 24.519ms
[2024-08-15T14:49:27.168+0000][8463.113s][info][gc,cpu      ] GC(1824) User=0.11s Sys=0.00s Real=0.02s
[2024-08-15T14:49:27.168+0000][8463.113s][info][gc,marking  ] GC(1824) Concurrent Mark 2340.814ms
[2024-08-15T14:49:27.168+0000][8463.113s][info][gc,marking  ] GC(1824) Concurrent Rebuild Remembered Sets
[2024-08-15T14:49:28.551+0000][8464.495s][info][gc,marking  ] GC(1824) Concurrent Rebuild Remembered Sets 1382.301ms
[2024-08-15T14:49:28.551+0000][8464.496s][info][gc,start    ] GC(1824) Pause Cleanup
[2024-08-15T14:49:28.552+0000][8464.496s][info][gc          ] GC(1824) Pause Cleanup 5608M->5608M(12288M) 0.570ms
[2024-08-15T14:49:28.552+0000][8464.496s][info][gc,cpu      ] GC(1824) User=0.00s Sys=0.00s Real=0.00s
[2024-08-15T14:49:28.552+0000][8464.496s][info][gc,marking  ] GC(1824) Concurrent Cleanup for Next Mark
[2024-08-15T14:49:28.569+0000][8464.514s][info][gc,marking  ] GC(1824) Concurrent Cleanup for Next Mark 17.260ms
[2024-08-15T14:49:28.569+0000][8464.514s][info][gc          ] GC(1824) Concurrent Mark Cycle 3767.820ms
[2024-08-15T14:49:34.151+0000][8470.095s][info][gc,start    ] GC(1825) Pause Young (Prepare Mixed) (G1 Evacuation Pause)
[2024-08-15T14:49:34.151+0000][8470.095s][info][gc,task     ] GC(1825) Using 6 workers of 6 for evacuation
[2024-08-15T14:49:34.187+0000][8470.131s][info][gc,phases   ] GC(1825)   Pre Evacuate Collection Set: 0.2ms
[2024-08-15T14:49:34.187+0000][8470.131s][info][gc,phases   ] GC(1825)   Merge Heap Roots: 0.4ms
[2024-08-15T14:49:34.187+0000][8470.131s][info][gc,phases   ] GC(1825)   Evacuate Collection Set: 33.5ms
[2024-08-15T14:49:34.187+0000][8470.131s][info][gc,phases   ] GC(1825)   Post Evacuate Collection Set: 1.9ms
[2024-08-15T14:49:34.187+0000][8470.131s][info][gc,phases   ] GC(1825)   Other: 0.2ms
[2024-08-15T14:49:34.187+0000][8470.131s][info][gc,heap     ] GC(1825) Eden regions: 825->0(62)
[2024-08-15T14:49:34.187+0000][8470.131s][info][gc,heap     ] GC(1825) Survivor regions: 11->14(105)
[2024-08-15T14:49:34.187+0000][8470.131s][info][gc,heap     ] GC(1825) Old regions: 371->371
[2024-08-15T14:49:34.187+0000][8470.131s][info][gc,heap     ] GC(1825) Archive regions: 2->2
[2024-08-15T14:49:34.187+0000][8470.131s][info][gc,heap     ] GC(1825) Humongous regions: 5->5
[2024-08-15T14:49:34.187+0000][8470.131s][info][gc,metaspace] GC(1825) Metaspace: 442076K(448384K)->442076K(448384K) NonClass: 387076K(390656K)->387076K(390656K) Class: 55000K(57728K)->55000K(57728K)
[2024-08-15T14:49:34.187+0000][8470.131s][info][gc          ] GC(1825) Pause Young (Prepare Mixed) (G1 Evacuation Pause) 9699M->3123M(12288M) 36.145ms
[2024-08-15T14:49:34.187+0000][8470.131s][info][gc,cpu      ] GC(1825) User=0.22s Sys=0.00s Real=0.04s
[2024-08-15T14:49:34.857+0000][8470.802s][info][gc,start    ] GC(1826) Pause Young (Mixed) (G1 Evacuation Pause)
[2024-08-15T14:49:34.857+0000][8470.802s][info][gc,task     ] GC(1826) Using 6 workers of 6 for evacuation
[2024-08-15T14:49:34.933+0000][8470.877s][info][gc,phases   ] GC(1826)   Pre Evacuate Collection Set: 0.2ms
[2024-08-15T14:49:34.933+0000][8470.877s][info][gc,phases   ] GC(1826)   Merge Heap Roots: 0.4ms
[2024-08-15T14:49:34.933+0000][8470.877s][info][gc,phases   ] GC(1826)   Evacuate Collection Set: 73.4ms
[2024-08-15T14:49:34.933+0000][8470.877s][info][gc,phases   ] GC(1826)   Post Evacuate Collection Set: 1.4ms
[2024-08-15T14:49:34.933+0000][8470.877s][info][gc,phases   ] GC(1826)   Other: 0.2ms
[2024-08-15T14:49:34.933+0000][8470.877s][info][gc,heap     ] GC(1826) Eden regions: 62->0(829)
[2024-08-15T14:49:34.933+0000][8470.877s][info][gc,heap     ] GC(1826) Survivor regions: 14->6(10)
[2024-08-15T14:49:34.933+0000][8470.877s][info][gc,heap     ] GC(1826) Old regions: 371->372
[2024-08-15T14:49:34.933+0000][8470.877s][info][gc,heap     ] GC(1826) Archive regions: 2->2
[2024-08-15T14:49:34.933+0000][8470.877s][info][gc,heap     ] GC(1826) Humongous regions: 5->5
[2024-08-15T14:49:34.933+0000][8470.877s][info][gc,metaspace] GC(1826) Metaspace: 442076K(448384K)->442076K(448384K) NonClass: 387076K(390656K)->387076K(390656K) Class: 55000K(57728K)->55000K(57728K)
[2024-08-15T14:49:34.933+0000][8470.877s][info][gc          ] GC(1826) Pause Young (Mixed) (G1 Evacuation Pause) 3619M->3059M(12288M) 75.628ms
[2024-08-15T14:49:34.933+0000][8470.877s][info][gc,cpu      ] GC(1826) User=0.45s Sys=0.00s Real=0.07s
[2024-08-15T14:49:43.946+0000][8479.891s][info][gc,start    ] GC(1827) Pause Young (Normal) (G1 Evacuation Pause)
[2024-08-15T14:49:43.946+0000][8479.891s][info][gc,task     ] GC(1827) Using 6 workers of 6 for evacuation
[2024-08-15T14:49:43.968+0000][8479.912s][info][gc,phases   ] GC(1827)   Pre Evacuate Collection Set: 0.2ms
[2024-08-15T14:49:43.968+0000][8479.912s][info][gc,phases   ] GC(1827)   Merge Heap Roots: 0.3ms
[2024-08-15T14:49:43.968+0000][8479.912s][info][gc,phases   ] GC(1827)   Evacuate Collection Set: 18.8ms
[2024-08-15T14:49:43.968+0000][8479.912s][info][gc,phases   ] GC(1827)   Post Evacuate Collection Set: 1.9ms
[2024-08-15T14:49:43.968+0000][8479.912s][info][gc,phases   ] GC(1827)   Other: 0.2ms
[2024-08-15T14:49:43.968+0000][8479.912s][info][gc,heap     ] GC(1827) Eden regions: 829->0(828)
[2024-08-15T14:49:43.968+0000][8479.912s][info][gc,heap     ] GC(1827) Survivor regions: 6->8(105)
[2024-08-15T14:49:43.968+0000][8479.912s][info][gc,heap     ] GC(1827) Old regions: 372->372
[2024-08-15T14:49:43.968+0000][8479.912s][info][gc,heap     ] GC(1827) Archive regions: 2->2
[2024-08-15T14:49:43.968+0000][8479.912s][info][gc,heap     ] GC(1827) Humongous regions: 5->5
[2024-08-15T14:49:43.968+0000][8479.912s][info][gc,metaspace] GC(1827) Metaspace: 442077K(448384K)->442077K(448384K) NonClass: 387077K(390656K)->387077K(390656K) Class: 55000K(57728K)->55000K(57728K)
[2024-08-15T14:49:43.968+0000][8479.912s][info][gc          ] GC(1827) Pause Young (Normal) (G1 Evacuation Pause) 9691M->3077M(12288M) 21.390ms
[2024-08-15T14:49:43.968+0000][8479.912s][info][gc,cpu      ] GC(1827) User=0.13s Sys=0.00s Real=0.02s
[2024-08-15T14:49:52.730+0000][8488.674s][info][gc,start    ] GC(1828) Pause Young (Normal) (G1 Evacuation Pause)
[2024-08-15T14:49:52.730+0000][8488.674s][info][gc,task     ] GC(1828) Using 6 workers of 6 for evacuation
[2024-08-15T14:49:52.756+0000][8488.701s][info][gc,phases   ] GC(1828)   Pre Evacuate Collection Set: 0.3ms
[2024-08-15T14:49:52.756+0000][8488.701s][info][gc,phases   ] GC(1828)   Merge Heap Roots: 0.3ms
[2024-08-15T14:49:52.756+0000][8488.701s][info][gc,phases   ] GC(1828)   Evacuate Collection Set: 23.9ms
[2024-08-15T14:49:52.756+0000][8488.701s][info][gc,phases   ] GC(1828)   Post Evacuate Collection Set: 2.0ms
[2024-08-15T14:49:52.756+0000][8488.701s][info][gc,phases   ] GC(1828)   Other: 0.2ms
[2024-08-15T14:49:52.756+0000][8488.701s][info][gc,heap     ] GC(1828) Eden regions: 828->0(827)
[2024-08-15T14:49:52.756+0000][8488.701s][info][gc,heap     ] GC(1828) Survivor regions: 8->9(105)
[2024-08-15T14:49:52.756+0000][8488.701s][info][gc,heap     ] GC(1828) Old regions: 372->372
[2024-08-15T14:49:52.756+0000][8488.701s][info][gc,heap     ] GC(1828) Archive regions: 2->2
[2024-08-15T14:49:52.756+0000][8488.701s][info][gc,heap     ] GC(1828) Humongous regions: 5->5
[2024-08-15T14:49:52.756+0000][8488.701s][info][gc,metaspace] GC(1828) Metaspace: 442077K(448384K)->442077K(448384K) NonClass: 387077K(390656K)->387077K(390656K) Class: 55000K(57728K)->55000K(57728K)
[2024-08-15T14:49:52.756+0000][8488.701s][info][gc          ] GC(1828) Pause Young (Normal) (G1 Evacuation Pause) 9701M->3088M(12288M) 26.593ms
[2024-08-15T14:49:52.756+0000][8488.701s][info][gc,cpu      ] GC(1828) User=0.16s Sys=0.00s Real=0.03s
[2024-08-15T14:49:55.374+0000][8491.319s][info][gc,start    ] GC(1829) Pause Young (Concurrent Start) (G1 Evacuation Pause)
[2024-08-15T14:49:55.374+0000][8491.319s][info][gc,task     ] GC(1829) Using 6 workers of 6 for evacuation
[2024-08-15T14:49:55.460+0000][8491.405s][info][gc,phases   ] GC(1829)   Pre Evacuate Collection Set: 0.6ms
[2024-08-15T14:49:55.460+0000][8491.405s][info][gc,phases   ] GC(1829)   Merge Heap Roots: 0.3ms
[2024-08-15T14:49:55.460+0000][8491.405s][info][gc,phases   ] GC(1829)   Evacuate Collection Set: 66.6ms
[2024-08-15T14:49:55.460+0000][8491.405s][info][gc,phases   ] GC(1829)   Post Evacuate Collection Set: 18.6ms
[2024-08-15T14:49:55.460+0000][8491.405s][info][gc,phases   ] GC(1829)   Other: 0.3ms
[2024-08-15T14:49:55.460+0000][8491.405s][info][gc,heap     ] GC(1829) Eden regions: 827->0(817)
[2024-08-15T14:49:55.461+0000][8491.405s][info][gc,heap     ] GC(1829) Survivor regions: 9->16(105)
[2024-08-15T14:49:55.461+0000][8491.405s][info][gc,heap     ] GC(1829) Old regions: 372->372
[2024-08-15T14:49:55.461+0000][8491.405s][info][gc,heap     ] GC(1829) Archive regions: 2->2
[2024-08-15T14:49:55.461+0000][8491.405s][info][gc,heap     ] GC(1829) Humongous regions: 5->5
[2024-08-15T14:49:55.461+0000][8491.405s][info][gc,metaspace] GC(1829) Metaspace: 442077K(448384K)->442077K(448384K) NonClass: 387077K(390656K)->387077K(390656K) Class: 55000K(57728K)->55000K(57728K)
[2024-08-15T14:49:55.461+0000][8491.405s][info][gc          ] GC(1829) Pause Young (Concurrent Start) (G1 Evacuation Pause) 9704M->3138M(12288M) 86.435ms
[2024-08-15T14:49:55.461+0000][8491.405s][info][gc,cpu      ] GC(1829) User=0.51s Sys=0.00s Real=0.09s
[2024-08-15T14:49:55.461+0000][8491.405s][info][gc          ] GC(1830) Concurrent Mark Cycle
[2024-08-15T14:49:55.461+0000][8491.405s][info][gc,marking  ] GC(1830) Concurrent Clear Claimed Marks
[2024-08-15T14:49:55.461+0000][8491.406s][info][gc,marking  ] GC(1830) Concurrent Clear Claimed Marks 0.453ms
[2024-08-15T14:49:55.461+0000][8491.406s][info][gc,marking  ] GC(1830) Concurrent Scan Root Regions
[2024-08-15T14:49:55.514+0000][8491.458s][info][gc,marking  ] GC(1830) Concurrent Scan Root Regions 52.736ms
[2024-08-15T14:49:55.514+0000][8491.459s][info][gc,marking  ] GC(1830) Concurrent Mark
[2024-08-15T14:49:55.514+0000][8491.459s][info][gc,marking  ] GC(1830) Concurrent Mark From Roots
[2024-08-15T14:49:55.514+0000][8491.459s][info][gc,task     ] GC(1830) Using 2 workers of 2 for marking
[2024-08-15T14:49:57.944+0000][8493.889s][info][gc,marking  ] GC(1830) Concurrent Mark From Roots 2430.428ms
[2024-08-15T14:49:57.944+0000][8493.889s][info][gc,marking  ] GC(1830) Concurrent Preclean
[2024-08-15T14:49:57.946+0000][8493.890s][info][gc,marking  ] GC(1830) Concurrent Preclean 1.208ms
[2024-08-15T14:49:57.946+0000][8493.890s][info][gc,start    ] GC(1830) Pause Remark
[2024-08-15T14:49:57.969+0000][8493.914s][info][gc          ] GC(1830) Pause Remark 8362M->8362M(12288M) 23.324ms
[2024-08-15T14:49:57.969+0000][8493.914s][info][gc,cpu      ] GC(1830) User=0.10s Sys=0.00s Real=0.02s
[2024-08-15T14:49:57.969+0000][8493.914s][info][gc,marking  ] GC(1830) Concurrent Mark 2455.381ms
[2024-08-15T14:49:57.969+0000][8493.914s][info][gc,marking  ] GC(1830) Concurrent Rebuild Remembered Sets
[2024-08-15T14:49:58.576+0000][8494.521s][info][gc,start    ] GC(1831) Pause Young (Normal) (G1 Evacuation Pause)
[2024-08-15T14:49:58.576+0000][8494.521s][info][gc,task     ] GC(1831) Using 6 workers of 6 for evacuation
[2024-08-15T14:49:58.690+0000][8494.634s][info][gc,phases   ] GC(1831)   Pre Evacuate Collection Set: 0.2ms
[2024-08-15T14:49:58.690+0000][8494.635s][info][gc,phases   ] GC(1831)   Merge Heap Roots: 0.3ms
[2024-08-15T14:49:58.690+0000][8494.635s][info][gc,phases   ] GC(1831)   Evacuate Collection Set: 89.7ms
[2024-08-15T14:49:58.690+0000][8494.635s][info][gc,phases   ] GC(1831)   Post Evacuate Collection Set: 23.4ms
[2024-08-15T14:49:58.690+0000][8494.635s][info][gc,phases   ] GC(1831)   Other: 0.2ms
[2024-08-15T14:49:58.690+0000][8494.635s][info][gc,heap     ] GC(1831) Eden regions: 817->0(805)
[2024-08-15T14:49:58.690+0000][8494.635s][info][gc,heap     ] GC(1831) Survivor regions: 16->22(105)
[2024-08-15T14:49:58.690+0000][8494.635s][info][gc,heap     ] GC(1831) Old regions: 372->372
[2024-08-15T14:49:58.690+0000][8494.635s][info][gc,heap     ] GC(1831) Archive regions: 2->2
[2024-08-15T14:49:58.690+0000][8494.635s][info][gc,heap     ] GC(1831) Humongous regions: 5->5
[2024-08-15T14:49:58.690+0000][8494.635s][info][gc,metaspace] GC(1831) Metaspace: 442077K(448384K)->442077K(448384K) NonClass: 387077K(390656K)->387077K(390656K) Class: 55000K(57728K)->55000K(57728K)
[2024-08-15T14:49:58.690+0000][8494.635s][info][gc          ] GC(1831) Pause Young (Normal) (G1 Evacuation Pause) 9674M->3187M(12288M) 113.784ms
[2024-08-15T14:49:58.690+0000][8494.635s][info][gc,cpu      ] GC(1831) User=0.66s Sys=0.00s Real=0.11s
[2024-08-15T14:49:59.471+0000][8495.415s][info][gc,marking  ] GC(1830) Concurrent Rebuild Remembered Sets 1501.480ms
[2024-08-15T14:49:59.471+0000][8495.416s][info][gc,start    ] GC(1830) Pause Cleanup
[2024-08-15T14:49:59.471+0000][8495.416s][info][gc          ] GC(1830) Pause Cleanup 4831M->4831M(12288M) 0.541ms
[2024-08-15T14:49:59.472+0000][8495.416s][info][gc,cpu      ] GC(1830) User=0.00s Sys=0.00s Real=0.00s
[2024-08-15T14:49:59.472+0000][8495.416s][info][gc,marking  ] GC(1830) Concurrent Cleanup for Next Mark
[2024-08-15T14:49:59.488+0000][8495.433s][info][gc,marking  ] GC(1830) Concurrent Cleanup for Next Mark 16.857ms
[2024-08-15T14:49:59.489+0000][8495.433s][info][gc          ] GC(1830) Concurrent Mark Cycle 4027.885ms
[2024-08-15T14:50:01.373+0000][8497.318s][info][gc,start    ] GC(1832) Pause Young (Prepare Mixed) (G1 Evacuation Pause)
[2024-08-15T14:50:01.373+0000][8497.318s][info][gc,task     ] GC(1832) Using 6 workers of 6 for evacuation
[2024-08-15T14:50:01.500+0000][8497.445s][info][gc,phases   ] GC(1832)   Pre Evacuate Collection Set: 0.2ms
[2024-08-15T14:50:01.500+0000][8497.445s][info][gc,phases   ] GC(1832)   Merge Heap Roots: 0.5ms
[2024-08-15T14:50:01.500+0000][8497.445s][info][gc,phases   ] GC(1832)   Evacuate Collection Set: 106.0ms
[2024-08-15T14:50:01.500+0000][8497.445s][info][gc,phases   ] GC(1832)   Post Evacuate Collection Set: 20.3ms
[2024-08-15T14:50:01.500+0000][8497.445s][info][gc,phases   ] GC(1832)   Other: 0.2ms
[2024-08-15T14:50:01.500+0000][8497.445s][info][gc,heap     ] GC(1832) Eden regions: 805->0(49)
[2024-08-15T14:50:01.500+0000][8497.445s][info][gc,heap     ] GC(1832) Survivor regions: 22->27(104)
[2024-08-15T14:50:01.500+0000][8497.445s][info][gc,heap     ] GC(1832) Old regions: 372->372
[2024-08-15T14:50:01.500+0000][8497.445s][info][gc,heap     ] GC(1832) Archive regions: 2->2
[2024-08-15T14:50:01.500+0000][8497.445s][info][gc,heap     ] GC(1832) Humongous regions: 5->5
[2024-08-15T14:50:01.500+0000][8497.445s][info][gc,metaspace] GC(1832) Metaspace: 442083K(448384K)->442083K(448384K) NonClass: 387083K(390656K)->387083K(390656K) Class: 55000K(57728K)->55000K(57728K)
[2024-08-15T14:50:01.500+0000][8497.445s][info][gc          ] GC(1832) Pause Young (Prepare Mixed) (G1 Evacuation Pause) 9627M->3232M(12288M) 127.283ms
[2024-08-15T14:50:01.501+0000][8497.445s][info][gc,cpu      ] GC(1832) User=0.74s Sys=0.00s Real=0.13s
[2024-08-15T14:50:01.667+0000][8497.612s][info][gc,start    ] GC(1833) Pause Young (Mixed) (G1 Evacuation Pause)
[2024-08-15T14:50:01.667+0000][8497.612s][info][gc,task     ] GC(1833) Using 6 workers of 6 for evacuation
[2024-08-15T14:50:01.801+0000][8497.746s][info][gc,phases   ] GC(1833)   Pre Evacuate Collection Set: 0.2ms
[2024-08-15T14:50:01.801+0000][8497.746s][info][gc,phases   ] GC(1833)   Merge Heap Roots: 0.5ms
[2024-08-15T14:50:01.801+0000][8497.746s][info][gc,phases   ] GC(1833)   Evacuate Collection Set: 130.6ms
[2024-08-15T14:50:01.801+0000][8497.746s][info][gc,phases   ] GC(1833)   Post Evacuate Collection Set: 2.6ms
[2024-08-15T14:50:01.801+0000][8497.746s][info][gc,phases   ] GC(1833)   Other: 0.2ms
[2024-08-15T14:50:01.801+0000][8497.746s][info][gc,heap     ] GC(1833) Eden regions: 49->0(811)
[2024-08-15T14:50:01.801+0000][8497.746s][info][gc,heap     ] GC(1833) Survivor regions: 27->3(10)
[2024-08-15T14:50:01.801+0000][8497.746s][info][gc,heap     ] GC(1833) Old regions: 372->390
[2024-08-15T14:50:01.801+0000][8497.746s][info][gc,heap     ] GC(1833) Archive regions: 2->2
[2024-08-15T14:50:01.801+0000][8497.746s][info][gc,heap     ] GC(1833) Humongous regions: 5->5
[2024-08-15T14:50:01.801+0000][8497.746s][info][gc,metaspace] GC(1833) Metaspace: 442083K(448384K)->442083K(448384K) NonClass: 387083K(390656K)->387083K(390656K) Class: 55000K(57728K)->55000K(57728K)
[2024-08-15T14:50:01.801+0000][8497.746s][info][gc          ] GC(1833) Pause Young (Mixed) (G1 Evacuation Pause) 3624M->3184M(12288M) 134.166ms
[2024-08-15T14:50:01.801+0000][8497.746s][info][gc,cpu      ] GC(1833) User=0.80s Sys=0.00s Real=0.13s
[2024-08-15T14:50:04.305+0000][8500.250s][info][gc,start    ] GC(1834) Pause Young (Normal) (G1 Evacuation Pause)
[2024-08-15T14:50:04.306+0000][8500.250s][info][gc,task     ] GC(1834) Using 6 workers of 6 for evacuation
[2024-08-15T14:50:04.377+0000][8500.321s][info][gc,phases   ] GC(1834)   Pre Evacuate Collection Set: 0.2ms
[2024-08-15T14:50:04.377+0000][8500.321s][info][gc,phases   ] GC(1834)   Merge Heap Roots: 0.4ms
[2024-08-15T14:50:04.377+0000][8500.321s][info][gc,phases   ] GC(1834)   Evacuate Collection Set: 52.6ms
[2024-08-15T14:50:04.377+0000][8500.321s][info][gc,phases   ] GC(1834)   Post Evacuate Collection Set: 18.0ms
[2024-08-15T14:50:04.377+0000][8500.321s][info][gc,phases   ] GC(1834)   Other: 0.2ms
[2024-08-15T14:50:04.377+0000][8500.321s][info][gc,heap     ] GC(1834) Eden regions: 811->0(808)
[2024-08-15T14:50:04.377+0000][8500.321s][info][gc,heap     ] GC(1834) Survivor regions: 3->6(102)
[2024-08-15T14:50:04.377+0000][8500.321s][info][gc,heap     ] GC(1834) Old regions: 390->390
[2024-08-15T14:50:04.377+0000][8500.321s][info][gc,heap     ] GC(1834) Archive regions: 2->2
[2024-08-15T14:50:04.377+0000][8500.321s][info][gc,heap     ] GC(1834) Humongous regions: 5->5
[2024-08-15T14:50:04.377+0000][8500.321s][info][gc,metaspace] GC(1834) Metaspace: 442083K(448384K)->442083K(448384K) NonClass: 387083K(390656K)->387083K(390656K) Class: 55000K(57728K)->55000K(57728K)
[2024-08-15T14:50:04.377+0000][8500.322s][info][gc          ] GC(1834) Pause Young (Normal) (G1 Evacuation Pause) 9672M->3208M(12288M) 71.431ms
[2024-08-15T14:50:04.377+0000][8500.322s][info][gc,cpu      ] GC(1834) User=0.41s Sys=0.00s Real=0.07s
[2024-08-15T14:50:07.010+0000][8502.954s][info][gc,start    ] GC(1835) Pause Young (Normal) (G1 Evacuation Pause)
[2024-08-15T14:50:07.010+0000][8502.954s][info][gc,task     ] GC(1835) Using 6 workers of 6 for evacuation
[2024-08-15T14:50:07.097+0000][8503.042s][info][gc,phases   ] GC(1835)   Pre Evacuate Collection Set: 0.2ms
[2024-08-15T14:50:07.097+0000][8503.042s][info][gc,phases   ] GC(1835)   Merge Heap Roots: 0.5ms
[2024-08-15T14:50:07.097+0000][8503.042s][info][gc,phases   ] GC(1835)   Evacuate Collection Set: 69.0ms
[2024-08-15T14:50:07.097+0000][8503.042s][info][gc,phases   ] GC(1835)   Post Evacuate Collection Set: 17.6ms
[2024-08-15T14:50:07.097+0000][8503.042s][info][gc,phases   ] GC(1835)   Other: 0.2ms
[2024-08-15T14:50:07.097+0000][8503.042s][info][gc,heap     ] GC(1835) Eden regions: 808->0(804)
[2024-08-15T14:50:07.097+0000][8503.042s][info][gc,heap     ] GC(1835) Survivor regions: 6->10(102)
[2024-08-15T14:50:07.097+0000][8503.042s][info][gc,heap     ] GC(1835) Old regions: 390->390
[2024-08-15T14:50:07.097+0000][8503.042s][info][gc,heap     ] GC(1835) Archive regions: 2->2
[2024-08-15T14:50:07.097+0000][8503.042s][info][gc,heap     ] GC(1835) Humongous regions: 5->5
[2024-08-15T14:50:07.097+0000][8503.042s][info][gc,metaspace] GC(1835) Metaspace: 442083K(448384K)->442083K(448384K) NonClass: 387083K(390656K)->387083K(390656K) Class: 55000K(57728K)->55000K(57728K)
[2024-08-15T14:50:07.097+0000][8503.042s][info][gc          ] GC(1835) Pause Young (Normal) (G1 Evacuation Pause) 9672M->3239M(12288M) 87.564ms
[2024-08-15T14:50:07.097+0000][8503.042s][info][gc,cpu      ] GC(1835) User=0.51s Sys=0.00s Real=0.09s
[2024-08-15T14:50:09.891+0000][8505.836s][info][gc,start    ] GC(1836) Pause Young (Concurrent Start) (G1 Evacuation Pause)
[2024-08-15T14:50:09.891+0000][8505.836s][info][gc,task     ] GC(1836) Using 6 workers of 6 for evacuation
[2024-08-15T14:50:09.991+0000][8505.935s][info][gc,phases   ] GC(1836)   Pre Evacuate Collection Set: 0.6ms
[2024-08-15T14:50:09.991+0000][8505.935s][info][gc,phases   ] GC(1836)   Merge Heap Roots: 0.5ms
[2024-08-15T14:50:09.991+0000][8505.935s][info][gc,phases   ] GC(1836)   Evacuate Collection Set: 80.8ms
[2024-08-15T14:50:09.991+0000][8505.935s][info][gc,phases   ] GC(1836)   Post Evacuate Collection Set: 17.6ms
[2024-08-15T14:50:09.991+0000][8505.935s][info][gc,phases   ] GC(1836)   Other: 0.3ms
[2024-08-15T14:50:09.991+0000][8505.935s][info][gc,heap     ] GC(1836) Eden regions: 804->0(800)
[2024-08-15T14:50:09.991+0000][8505.935s][info][gc,heap     ] GC(1836) Survivor regions: 10->15(102)
[2024-08-15T14:50:09.991+0000][8505.935s][info][gc,heap     ] GC(1836) Old regions: 390->390
[2024-08-15T14:50:09.991+0000][8505.935s][info][gc,heap     ] GC(1836) Archive regions: 2->2
[2024-08-15T14:50:09.991+0000][8505.935s][info][gc,heap     ] GC(1836) Humongous regions: 5->5
[2024-08-15T14:50:09.991+0000][8505.935s][info][gc,metaspace] GC(1836) Metaspace: 442083K(448384K)->442083K(448384K) NonClass: 387083K(390656K)->387083K(390656K) Class: 55000K(57728K)->55000K(57728K)
[2024-08-15T14:50:09.991+0000][8505.935s][info][gc          ] GC(1836) Pause Young (Concurrent Start) (G1 Evacuation Pause) 9671M->3280M(12288M) 99.753ms
[2024-08-15T14:50:09.991+0000][8505.936s][info][gc,cpu      ] GC(1836) User=0.58s Sys=0.00s Real=0.10s
[2024-08-15T14:50:09.991+0000][8505.936s][info][gc          ] GC(1837) Concurrent Mark Cycle
[2024-08-15T14:50:09.991+0000][8505.936s][info][gc,marking  ] GC(1837) Concurrent Clear Claimed Marks
[2024-08-15T14:50:09.991+0000][8505.936s][info][gc,marking  ] GC(1837) Concurrent Clear Claimed Marks 0.466ms
[2024-08-15T14:50:09.991+0000][8505.936s][info][gc,marking  ] GC(1837) Concurrent Scan Root Regions
[2024-08-15T14:50:10.036+0000][8505.981s][info][gc,marking  ] GC(1837) Concurrent Scan Root Regions 44.440ms
[2024-08-15T14:50:10.036+0000][8505.981s][info][gc,marking  ] GC(1837) Concurrent Mark
[2024-08-15T14:50:10.036+0000][8505.981s][info][gc,marking  ] GC(1837) Concurrent Mark From Roots
[2024-08-15T14:50:10.036+0000][8505.981s][info][gc,task     ] GC(1837) Using 2 workers of 2 for marking
[2024-08-15T14:50:12.428+0000][8508.372s][info][gc,marking  ] GC(1837) Concurrent Mark From Roots 2391.603ms
[2024-08-15T14:50:12.428+0000][8508.372s][info][gc,marking  ] GC(1837) Concurrent Preclean
[2024-08-15T14:50:12.429+0000][8508.374s][info][gc,marking  ] GC(1837) Concurrent Preclean 1.511ms
[2024-08-15T14:50:12.429+0000][8508.374s][info][gc,start    ] GC(1837) Pause Remark
[2024-08-15T14:50:12.453+0000][8508.397s][info][gc          ] GC(1837) Pause Remark 8440M->8440M(12288M) 23.601ms
[2024-08-15T14:50:12.453+0000][8508.398s][info][gc,cpu      ] GC(1837) User=0.10s Sys=0.00s Real=0.02s
[2024-08-15T14:50:12.453+0000][8508.398s][info][gc,marking  ] GC(1837) Concurrent Mark 2417.087ms
[2024-08-15T14:50:12.453+0000][8508.398s][info][gc,marking  ] GC(1837) Concurrent Rebuild Remembered Sets
[2024-08-15T14:50:13.051+0000][8508.995s][info][gc,start    ] GC(1838) Pause Young (Normal) (G1 Evacuation Pause)
[2024-08-15T14:50:13.051+0000][8508.995s][info][gc,task     ] GC(1838) Using 6 workers of 6 for evacuation
[2024-08-15T14:50:13.148+0000][8509.093s][info][gc,phases   ] GC(1838)   Pre Evacuate Collection Set: 0.2ms
[2024-08-15T14:50:13.148+0000][8509.093s][info][gc,phases   ] GC(1838)   Merge Heap Roots: 0.5ms
[2024-08-15T14:50:13.148+0000][8509.093s][info][gc,phases   ] GC(1838)   Evacuate Collection Set: 82.8ms
[2024-08-15T14:50:13.148+0000][8509.093s][info][gc,phases   ] GC(1838)   Post Evacuate Collection Set: 14.1ms
[2024-08-15T14:50:13.148+0000][8509.093s][info][gc,phases   ] GC(1838)   Other: 0.2ms
[2024-08-15T14:50:13.148+0000][8509.093s][info][gc,heap     ] GC(1838) Eden regions: 800->0(793)
[2024-08-15T14:50:13.148+0000][8509.093s][info][gc,heap     ] GC(1838) Survivor regions: 15->19(102)
[2024-08-15T14:50:13.148+0000][8509.093s][info][gc,heap     ] GC(1838) Old regions: 390->390
[2024-08-15T14:50:13.148+0000][8509.093s][info][gc,heap     ] GC(1838) Archive regions: 2->2
[2024-08-15T14:50:13.148+0000][8509.093s][info][gc,heap     ] GC(1838) Humongous regions: 5->5
[2024-08-15T14:50:13.148+0000][8509.093s][info][gc,metaspace] GC(1838) Metaspace: 442083K(448384K)->442083K(448384K) NonClass: 387083K(390656K)->387083K(390656K) Class: 55000K(57728K)->55000K(57728K)
[2024-08-15T14:50:13.148+0000][8509.093s][info][gc          ] GC(1838) Pause Young (Normal) (G1 Evacuation Pause) 9680M->3312M(12288M) 97.824ms
[2024-08-15T14:50:13.148+0000][8509.093s][info][gc,cpu      ] GC(1838) User=0.57s Sys=0.00s Real=0.10s
[2024-08-15T14:50:14.019+0000][8509.964s][info][gc,marking  ] GC(1837) Concurrent Rebuild Remembered Sets 1566.148ms
[2024-08-15T14:50:14.019+0000][8509.964s][info][gc,start    ] GC(1837) Pause Cleanup
[2024-08-15T14:50:14.020+0000][8509.965s][info][gc          ] GC(1837) Pause Cleanup 5064M->5064M(12288M) 0.572ms
[2024-08-15T14:50:14.020+0000][8509.965s][info][gc,cpu      ] GC(1837) User=0.00s Sys=0.00s Real=0.00s
[2024-08-15T14:50:14.020+0000][8509.965s][info][gc,marking  ] GC(1837) Concurrent Cleanup for Next Mark
[2024-08-15T14:50:14.048+0000][8509.993s][info][gc,marking  ] GC(1837) Concurrent Cleanup for Next Mark 28.183ms
[2024-08-15T14:50:14.048+0000][8509.993s][info][gc          ] GC(1837) Concurrent Mark Cycle 4057.349ms
[2024-08-15T14:50:15.804+0000][8511.748s][info][gc,start    ] GC(1839) Pause Young (Prepare Mixed) (G1 Evacuation Pause)
[2024-08-15T14:50:15.804+0000][8511.748s][info][gc,task     ] GC(1839) Using 6 workers of 6 for evacuation
[2024-08-15T14:50:15.933+0000][8511.877s][info][gc,phases   ] GC(1839)   Pre Evacuate Collection Set: 0.2ms
[2024-08-15T14:50:15.933+0000][8511.877s][info][gc,phases   ] GC(1839)   Merge Heap Roots: 0.7ms
[2024-08-15T14:50:15.933+0000][8511.877s][info][gc,phases   ] GC(1839)   Evacuate Collection Set: 107.5ms
[2024-08-15T14:50:15.933+0000][8511.877s][info][gc,phases   ] GC(1839)   Post Evacuate Collection Set: 20.4ms
[2024-08-15T14:50:15.933+0000][8511.877s][info][gc,phases   ] GC(1839)   Other: 0.2ms
[2024-08-15T14:50:15.933+0000][8511.877s][info][gc,heap     ] GC(1839) Eden regions: 793->0(53)
[2024-08-15T14:50:15.933+0000][8511.877s][info][gc,heap     ] GC(1839) Survivor regions: 19->23(102)
[2024-08-15T14:50:15.933+0000][8511.877s][info][gc,heap     ] GC(1839) Old regions: 390->390
[2024-08-15T14:50:15.933+0000][8511.877s][info][gc,heap     ] GC(1839) Archive regions: 2->2
[2024-08-15T14:50:15.933+0000][8511.877s][info][gc,heap     ] GC(1839) Humongous regions: 5->5
[2024-08-15T14:50:15.933+0000][8511.877s][info][gc,metaspace] GC(1839) Metaspace: 442083K(448384K)->442083K(448384K) NonClass: 387083K(390656K)->387083K(390656K) Class: 55000K(57728K)->55000K(57728K)
[2024-08-15T14:50:15.933+0000][8511.877s][info][gc          ] GC(1839) Pause Young (Prepare Mixed) (G1 Evacuation Pause) 9656M->3344M(12288M) 129.054ms
[2024-08-15T14:50:15.933+0000][8511.877s][info][gc,cpu      ] GC(1839) User=0.75s Sys=0.00s Real=0.12s
[2024-08-15T14:50:16.121+0000][8512.066s][info][gc,start    ] GC(1840) Pause Young (Mixed) (G1 Evacuation Pause)
[2024-08-15T14:50:16.121+0000][8512.066s][info][gc,task     ] GC(1840) Using 6 workers of 6 for evacuation
[2024-08-15T14:50:16.214+0000][8512.158s][info][gc,phases   ] GC(1840)   Pre Evacuate Collection Set: 0.2ms
[2024-08-15T14:50:16.214+0000][8512.158s][info][gc,phases   ] GC(1840)   Merge Heap Roots: 0.4ms
[2024-08-15T14:50:16.214+0000][8512.158s][info][gc,phases   ] GC(1840)   Evacuate Collection Set: 89.1ms
[2024-08-15T14:50:16.214+0000][8512.158s][info][gc,phases   ] GC(1840)   Post Evacuate Collection Set: 2.5ms
[2024-08-15T14:50:16.214+0000][8512.158s][info][gc,phases   ] GC(1840)   Other: 0.2ms
[2024-08-15T14:50:16.214+0000][8512.158s][info][gc,heap     ] GC(1840) Eden regions: 53->0(811)
[2024-08-15T14:50:16.214+0000][8512.158s][info][gc,heap     ] GC(1840) Survivor regions: 23->3(10)
[2024-08-15T14:50:16.214+0000][8512.158s][info][gc,heap     ] GC(1840) Old regions: 390->391
[2024-08-15T14:50:16.214+0000][8512.158s][info][gc,heap     ] GC(1840) Archive regions: 2->2
[2024-08-15T14:50:16.214+0000][8512.158s][info][gc,heap     ] GC(1840) Humongous regions: 5->5
[2024-08-15T14:50:16.214+0000][8512.158s][info][gc,metaspace] GC(1840) Metaspace: 442083K(448384K)->442083K(448384K) NonClass: 387083K(390656K)->387083K(390656K) Class: 55000K(57728K)->55000K(57728K)
[2024-08-15T14:50:16.214+0000][8512.158s][info][gc          ] GC(1840) Pause Young (Mixed) (G1 Evacuation Pause) 3768M->3190M(12288M) 92.373ms
[2024-08-15T14:50:16.214+0000][8512.158s][info][gc,cpu      ] GC(1840) User=0.55s Sys=0.00s Real=0.09s
[2024-08-15T14:50:18.760+0000][8514.705s][info][gc,start    ] GC(1841) Pause Young (Normal) (G1 Evacuation Pause)
[2024-08-15T14:50:18.761+0000][8514.705s][info][gc,task     ] GC(1841) Using 6 workers of 6 for evacuation
[2024-08-15T14:50:18.827+0000][8514.771s][info][gc,phases   ] GC(1841)   Pre Evacuate Collection Set: 0.2ms
[2024-08-15T14:50:18.827+0000][8514.771s][info][gc,phases   ] GC(1841)   Merge Heap Roots: 0.4ms
[2024-08-15T14:50:18.827+0000][8514.771s][info][gc,phases   ] GC(1841)   Evacuate Collection Set: 49.7ms
[2024-08-15T14:50:18.827+0000][8514.771s][info][gc,phases   ] GC(1841)   Post Evacuate Collection Set: 15.9ms
[2024-08-15T14:50:18.827+0000][8514.771s][info][gc,phases   ] GC(1841)   Other: 0.2ms
[2024-08-15T14:50:18.827+0000][8514.771s][info][gc,heap     ] GC(1841) Eden regions: 811->0(809)
[2024-08-15T14:50:18.827+0000][8514.771s][info][gc,heap     ] GC(1841) Survivor regions: 3->6(102)
[2024-08-15T14:50:18.827+0000][8514.771s][info][gc,heap     ] GC(1841) Old regions: 391->391
[2024-08-15T14:50:18.827+0000][8514.771s][info][gc,heap     ] GC(1841) Archive regions: 2->2
[2024-08-15T14:50:18.827+0000][8514.771s][info][gc,heap     ] GC(1841) Humongous regions: 5->5
[2024-08-15T14:50:18.827+0000][8514.771s][info][gc,metaspace] GC(1841) Metaspace: 442083K(448384K)->442083K(448384K) NonClass: 387083K(390656K)->387083K(390656K) Class: 55000K(57728K)->55000K(57728K)
[2024-08-15T14:50:18.827+0000][8514.771s][info][gc          ] GC(1841) Pause Young (Normal) (G1 Evacuation Pause) 9678M->3212M(12288M) 66.381ms
[2024-08-15T14:50:18.827+0000][8514.772s][info][gc,cpu      ] GC(1841) User=0.38s Sys=0.00s Real=0.07s
[2024-08-15T14:50:27.411+0000][8523.355s][info][gc,start    ] GC(1842) Pause Young (Normal) (G1 Evacuation Pause)
[2024-08-15T14:50:27.411+0000][8523.356s][info][gc,task     ] GC(1842) Using 6 workers of 6 for evacuation
[2024-08-15T14:50:27.457+0000][8523.401s][info][gc,phases   ] GC(1842)   Pre Evacuate Collection Set: 0.2ms
[2024-08-15T14:50:27.457+0000][8523.401s][info][gc,phases   ] GC(1842)   Merge Heap Roots: 0.7ms
[2024-08-15T14:50:27.457+0000][8523.401s][info][gc,phases   ] GC(1842)   Evacuate Collection Set: 42.5ms
[2024-08-15T14:50:27.457+0000][8523.401s][info][gc,phases   ] GC(1842)   Post Evacuate Collection Set: 2.2ms
[2024-08-15T14:50:27.457+0000][8523.401s][info][gc,phases   ] GC(1842)   Other: 0.2ms
[2024-08-15T14:50:27.457+0000][8523.401s][info][gc,heap     ] GC(1842) Eden regions: 809->0(807)
[2024-08-15T14:50:27.457+0000][8523.401s][info][gc,heap     ] GC(1842) Survivor regions: 6->8(102)
[2024-08-15T14:50:27.457+0000][8523.401s][info][gc,heap     ] GC(1842) Old regions: 391->391
[2024-08-15T14:50:27.457+0000][8523.401s][info][gc,heap     ] GC(1842) Archive regions: 2->2
[2024-08-15T14:50:27.457+0000][8523.401s][info][gc,heap     ] GC(1842) Humongous regions: 5->5
[2024-08-15T14:50:27.457+0000][8523.401s][info][gc,metaspace] GC(1842) Metaspace: 442083K(448384K)->442083K(448384K) NonClass: 387083K(390656K)->387083K(390656K) Class: 55000K(57728K)->55000K(57728K)
[2024-08-15T14:50:27.457+0000][8523.401s][info][gc          ] GC(1842) Pause Young (Normal) (G1 Evacuation Pause) 9684M->3230M(12288M) 45.807ms
[2024-08-15T14:50:27.457+0000][8523.401s][info][gc,cpu      ] GC(1842) User=0.27s Sys=0.00s Real=0.05s
[2024-08-15T14:50:36.223+0000][8532.168s][info][gc,start    ] GC(1843) Pause Young (Concurrent Start) (G1 Evacuation Pause)
[2024-08-15T14:50:36.223+0000][8532.168s][info][gc,task     ] GC(1843) Using 6 workers of 6 for evacuation
[2024-08-15T14:50:36.254+0000][8532.199s][info][gc,phases   ] GC(1843)   Pre Evacuate Collection Set: 0.6ms
[2024-08-15T14:50:36.254+0000][8532.199s][info][gc,phases   ] GC(1843)   Merge Heap Roots: 0.3ms
[2024-08-15T14:50:36.254+0000][8532.199s][info][gc,phases   ] GC(1843)   Evacuate Collection Set: 28.2ms
[2024-08-15T14:50:36.254+0000][8532.199s][info][gc,phases   ] GC(1843)   Post Evacuate Collection Set: 1.7ms
[2024-08-15T14:50:36.254+0000][8532.199s][info][gc,phases   ] GC(1843)   Other: 0.3ms
[2024-08-15T14:50:36.254+0000][8532.199s][info][gc,heap     ] GC(1843) Eden regions: 807->0(804)
[2024-08-15T14:50:36.254+0000][8532.199s][info][gc,heap     ] GC(1843) Survivor regions: 8->12(102)
[2024-08-15T14:50:36.254+0000][8532.199s][info][gc,heap     ] GC(1843) Old regions: 391->391
[2024-08-15T14:50:36.254+0000][8532.199s][info][gc,heap     ] GC(1843) Archive regions: 2->2
[2024-08-15T14:50:36.254+0000][8532.199s][info][gc,heap     ] GC(1843) Humongous regions: 5->5
[2024-08-15T14:50:36.254+0000][8532.199s][info][gc,metaspace] GC(1843) Metaspace: 442085K(448384K)->442085K(448384K) NonClass: 387085K(390656K)->387085K(390656K) Class: 55000K(57728K)->55000K(57728K)
[2024-08-15T14:50:36.254+0000][8532.199s][info][gc          ] GC(1843) Pause Young (Concurrent Start) (G1 Evacuation Pause) 9686M->3258M(12288M) 31.155ms
[2024-08-15T14:50:36.254+0000][8532.199s][info][gc,cpu      ] GC(1843) User=0.18s Sys=0.01s Real=0.02s
[2024-08-15T14:50:36.254+0000][8532.199s][info][gc          ] GC(1844) Concurrent Mark Cycle
[2024-08-15T14:50:36.254+0000][8532.199s][info][gc,marking  ] GC(1844) Concurrent Clear Claimed Marks
[2024-08-15T14:50:36.255+0000][8532.199s][info][gc,marking  ] GC(1844) Concurrent Clear Claimed Marks 0.437ms
[2024-08-15T14:50:36.255+0000][8532.199s][info][gc,marking  ] GC(1844) Concurrent Scan Root Regions
[2024-08-15T14:50:36.283+0000][8532.228s][info][gc,marking  ] GC(1844) Concurrent Scan Root Regions 28.402ms
[2024-08-15T14:50:36.283+0000][8532.228s][info][gc,marking  ] GC(1844) Concurrent Mark
[2024-08-15T14:50:36.283+0000][8532.228s][info][gc,marking  ] GC(1844) Concurrent Mark From Roots
[2024-08-15T14:50:36.283+0000][8532.228s][info][gc,task     ] GC(1844) Using 2 workers of 2 for marking
[2024-08-15T14:50:38.465+0000][8534.409s][info][gc,marking  ] GC(1844) Concurrent Mark From Roots 2181.289ms
[2024-08-15T14:50:38.465+0000][8534.409s][info][gc,marking  ] GC(1844) Concurrent Preclean
[2024-08-15T14:50:38.466+0000][8534.411s][info][gc,marking  ] GC(1844) Concurrent Preclean 1.331ms
[2024-08-15T14:50:38.466+0000][8534.411s][info][gc,start    ] GC(1844) Pause Remark
[2024-08-15T14:50:38.490+0000][8534.434s][info][gc          ] GC(1844) Pause Remark 4782M->4766M(12288M) 23.551ms
[2024-08-15T14:50:38.490+0000][8534.434s][info][gc,cpu      ] GC(1844) User=0.10s Sys=0.00s Real=0.02s
[2024-08-15T14:50:38.490+0000][8534.435s][info][gc,marking  ] GC(1844) Concurrent Mark 2206.660ms
[2024-08-15T14:50:38.490+0000][8534.435s][info][gc,marking  ] GC(1844) Concurrent Rebuild Remembered Sets
[2024-08-15T14:50:39.762+0000][8535.707s][info][gc,marking  ] GC(1844) Concurrent Rebuild Remembered Sets 1272.011ms
[2024-08-15T14:50:39.762+0000][8535.707s][info][gc,start    ] GC(1844) Pause Cleanup
[2024-08-15T14:50:39.763+0000][8535.708s][info][gc          ] GC(1844) Pause Cleanup 5730M->5730M(12288M) 0.664ms
[2024-08-15T14:50:39.763+0000][8535.708s][info][gc,cpu      ] GC(1844) User=0.00s Sys=0.00s Real=0.00s
[2024-08-15T14:50:39.763+0000][8535.708s][info][gc,marking  ] GC(1844) Concurrent Cleanup for Next Mark
[2024-08-15T14:50:39.792+0000][8535.736s][info][gc,marking  ] GC(1844) Concurrent Cleanup for Next Mark 28.804ms
[2024-08-15T14:50:39.792+0000][8535.736s][info][gc          ] GC(1844) Concurrent Mark Cycle 3537.492ms
[2024-08-15T14:50:45.256+0000][8541.201s][info][gc,start    ] GC(1845) Pause Young (Prepare Mixed) (G1 Evacuation Pause)
[2024-08-15T14:50:45.256+0000][8541.201s][info][gc,task     ] GC(1845) Using 6 workers of 6 for evacuation
[2024-08-15T14:50:45.299+0000][8541.244s][info][gc,phases   ] GC(1845)   Pre Evacuate Collection Set: 0.2ms
[2024-08-15T14:50:45.299+0000][8541.244s][info][gc,phases   ] GC(1845)   Merge Heap Roots: 0.4ms
[2024-08-15T14:50:45.299+0000][8541.244s][info][gc,phases   ] GC(1845)   Evacuate Collection Set: 40.2ms
[2024-08-15T14:50:45.299+0000][8541.244s][info][gc,phases   ] GC(1845)   Post Evacuate Collection Set: 1.9ms
[2024-08-15T14:50:45.299+0000][8541.244s][info][gc,phases   ] GC(1845)   Other: 0.2ms
[2024-08-15T14:50:45.299+0000][8541.244s][info][gc,heap     ] GC(1845) Eden regions: 804->0(62)
[2024-08-15T14:50:45.299+0000][8541.244s][info][gc,heap     ] GC(1845) Survivor regions: 12->14(102)
[2024-08-15T14:50:45.299+0000][8541.244s][info][gc,heap     ] GC(1845) Old regions: 389->389
[2024-08-15T14:50:45.299+0000][8541.244s][info][gc,heap     ] GC(1845) Archive regions: 2->2
[2024-08-15T14:50:45.299+0000][8541.244s][info][gc,heap     ] GC(1845) Humongous regions: 5->5
[2024-08-15T14:50:45.299+0000][8541.244s][info][gc,metaspace] GC(1845) Metaspace: 442085K(448384K)->442085K(448384K) NonClass: 387085K(390656K)->387085K(390656K) Class: 55000K(57728K)->55000K(57728K)
[2024-08-15T14:50:45.299+0000][8541.244s][info][gc          ] GC(1845) Pause Young (Prepare Mixed) (G1 Evacuation Pause) 9674M->3260M(12288M) 42.969ms
[2024-08-15T14:50:45.299+0000][8541.244s][info][gc,cpu      ] GC(1845) User=0.25s Sys=0.00s Real=0.04s
[2024-08-15T14:50:45.966+0000][8541.911s][info][gc,start    ] GC(1846) Pause Young (Mixed) (G1 Evacuation Pause)
[2024-08-15T14:50:45.966+0000][8541.911s][info][gc,task     ] GC(1846) Using 6 workers of 6 for evacuation
[2024-08-15T14:50:46.023+0000][8541.967s][info][gc,phases   ] GC(1846)   Pre Evacuate Collection Set: 0.2ms
[2024-08-15T14:50:46.023+0000][8541.967s][info][gc,phases   ] GC(1846)   Merge Heap Roots: 0.3ms
[2024-08-15T14:50:46.023+0000][8541.967s][info][gc,phases   ] GC(1846)   Evacuate Collection Set: 54.3ms
[2024-08-15T14:50:46.023+0000][8541.967s][info][gc,phases   ] GC(1846)   Post Evacuate Collection Set: 1.3ms
[2024-08-15T14:50:46.023+0000][8541.967s][info][gc,phases   ] GC(1846)   Other: 0.2ms
[2024-08-15T14:50:46.023+0000][8541.967s][info][gc,heap     ] GC(1846) Eden regions: 62->0(824)
[2024-08-15T14:50:46.023+0000][8541.967s][info][gc,heap     ] GC(1846) Survivor regions: 14->6(10)
[2024-08-15T14:50:46.023+0000][8541.967s][info][gc,heap     ] GC(1846) Old regions: 389->376
[2024-08-15T14:50:46.023+0000][8541.967s][info][gc,heap     ] GC(1846) Archive regions: 2->2
[2024-08-15T14:50:46.023+0000][8541.967s][info][gc,heap     ] GC(1846) Humongous regions: 5->5
[2024-08-15T14:50:46.023+0000][8541.967s][info][gc,metaspace] GC(1846) Metaspace: 442085K(448384K)->442085K(448384K) NonClass: 387085K(390656K)->387085K(390656K) Class: 55000K(57728K)->55000K(57728K)
[2024-08-15T14:50:46.023+0000][8541.967s][info][gc          ] GC(1846) Pause Young (Mixed) (G1 Evacuation Pause) 3756M->3093M(12288M) 56.213ms
[2024-08-15T14:50:46.023+0000][8541.967s][info][gc,cpu      ] GC(1846) User=0.34s Sys=0.00s Real=0.05s
[2024-08-15T14:50:54.955+0000][8550.899s][info][gc,start    ] GC(1847) Pause Young (Normal) (G1 Evacuation Pause)
[2024-08-15T14:50:54.955+0000][8550.899s][info][gc,task     ] GC(1847) Using 6 workers of 6 for evacuation
[2024-08-15T14:50:54.978+0000][8550.922s][info][gc,phases   ] GC(1847)   Pre Evacuate Collection Set: 0.2ms
[2024-08-15T14:50:54.978+0000][8550.922s][info][gc,phases   ] GC(1847)   Merge Heap Roots: 0.3ms
[2024-08-15T14:50:54.978+0000][8550.922s][info][gc,phases   ] GC(1847)   Evacuate Collection Set: 20.4ms
[2024-08-15T14:50:54.978+0000][8550.922s][info][gc,phases   ] GC(1847)   Post Evacuate Collection Set: 1.7ms
[2024-08-15T14:50:54.978+0000][8550.922s][info][gc,phases   ] GC(1847)   Other: 0.2ms
[2024-08-15T14:50:54.978+0000][8550.922s][info][gc,heap     ] GC(1847) Eden regions: 824->0(821)
[2024-08-15T14:50:54.978+0000][8550.922s][info][gc,heap     ] GC(1847) Survivor regions: 6->9(104)
[2024-08-15T14:50:54.978+0000][8550.922s][info][gc,heap     ] GC(1847) Old regions: 376->376
[2024-08-15T14:50:54.978+0000][8550.922s][info][gc,heap     ] GC(1847) Archive regions: 2->2
[2024-08-15T14:50:54.978+0000][8550.922s][info][gc,heap     ] GC(1847) Humongous regions: 5->5
[2024-08-15T14:50:54.978+0000][8550.922s][info][gc,metaspace] GC(1847) Metaspace: 442085K(448384K)->442085K(448384K) NonClass: 387085K(390656K)->387085K(390656K) Class: 55000K(57728K)->55000K(57728K)
[2024-08-15T14:50:54.978+0000][8550.922s][info][gc          ] GC(1847) Pause Young (Normal) (G1 Evacuation Pause) 9685M->3119M(12288M) 22.868ms
[2024-08-15T14:50:54.978+0000][8550.922s][info][gc,cpu      ] GC(1847) User=0.14s Sys=0.00s Real=0.03s
[2024-08-15T14:51:03.210+0000][8559.155s][info][gc,start    ] GC(1848) Pause Young (Normal) (G1 Evacuation Pause)
[2024-08-15T14:51:03.210+0000][8559.155s][info][gc,task     ] GC(1848) Using 6 workers of 6 for evacuation
[2024-08-15T14:51:03.237+0000][8559.182s][info][gc,phases   ] GC(1848)   Pre Evacuate Collection Set: 0.2ms
[2024-08-15T14:51:03.237+0000][8559.182s][info][gc,phases   ] GC(1848)   Merge Heap Roots: 0.3ms
[2024-08-15T14:51:03.237+0000][8559.182s][info][gc,phases   ] GC(1848)   Evacuate Collection Set: 24.7ms
[2024-08-15T14:51:03.237+0000][8559.182s][info][gc,phases   ] GC(1848)   Post Evacuate Collection Set: 1.7ms
[2024-08-15T14:51:03.237+0000][8559.182s][info][gc,phases   ] GC(1848)   Other: 0.2ms
[2024-08-15T14:51:03.237+0000][8559.182s][info][gc,heap     ] GC(1848) Eden regions: 821->0(819)
[2024-08-15T14:51:03.237+0000][8559.182s][info][gc,heap     ] GC(1848) Survivor regions: 9->11(104)
[2024-08-15T14:51:03.237+0000][8559.182s][info][gc,heap     ] GC(1848) Old regions: 376->376
[2024-08-15T14:51:03.237+0000][8559.182s][info][gc,heap     ] GC(1848) Archive regions: 2->2
[2024-08-15T14:51:03.237+0000][8559.182s][info][gc,heap     ] GC(1848) Humongous regions: 5->5
[2024-08-15T14:51:03.237+0000][8559.182s][info][gc,metaspace] GC(1848) Metaspace: 442085K(448384K)->442085K(448384K) NonClass: 387085K(390656K)->387085K(390656K) Class: 55000K(57728K)->55000K(57728K)
[2024-08-15T14:51:03.237+0000][8559.182s][info][gc          ] GC(1848) Pause Young (Normal) (G1 Evacuation Pause) 9687M->3133M(12288M) 27.091ms
[2024-08-15T14:51:03.237+0000][8559.182s][info][gc,cpu      ] GC(1848) User=0.16s Sys=0.00s Real=0.03s
[2024-08-15T14:51:12.013+0000][8567.958s][info][gc,start    ] GC(1849) Pause Young (Concurrent Start) (G1 Evacuation Pause)
[2024-08-15T14:51:12.013+0000][8567.958s][info][gc,task     ] GC(1849) Using 6 workers of 6 for evacuation
[2024-08-15T14:51:12.047+0000][8567.991s][info][gc,phases   ] GC(1849)   Pre Evacuate Collection Set: 0.6ms
[2024-08-15T14:51:12.047+0000][8567.991s][info][gc,phases   ] GC(1849)   Merge Heap Roots: 0.3ms
[2024-08-15T14:51:12.047+0000][8567.991s][info][gc,phases   ] GC(1849)   Evacuate Collection Set: 30.7ms
[2024-08-15T14:51:12.047+0000][8567.991s][info][gc,phases   ] GC(1849)   Post Evacuate Collection Set: 1.8ms
[2024-08-15T14:51:12.047+0000][8567.991s][info][gc,phases   ] GC(1849)   Other: 0.3ms
[2024-08-15T14:51:12.047+0000][8567.992s][info][gc,heap     ] GC(1849) Eden regions: 819->0(815)
[2024-08-15T14:51:12.047+0000][8567.992s][info][gc,heap     ] GC(1849) Survivor regions: 11->15(104)
[2024-08-15T14:51:12.047+0000][8567.992s][info][gc,heap     ] GC(1849) Old regions: 376->376
[2024-08-15T14:51:12.047+0000][8567.992s][info][gc,heap     ] GC(1849) Archive regions: 2->2
[2024-08-15T14:51:12.047+0000][8567.992s][info][gc,heap     ] GC(1849) Humongous regions: 5->5
[2024-08-15T14:51:12.047+0000][8567.992s][info][gc,metaspace] GC(1849) Metaspace: 442085K(448384K)->442085K(448384K) NonClass: 387085K(390656K)->387085K(390656K) Class: 55000K(57728K)->55000K(57728K)
[2024-08-15T14:51:12.047+0000][8567.992s][info][gc          ] GC(1849) Pause Young (Concurrent Start) (G1 Evacuation Pause) 9685M->3162M(12288M) 33.644ms
[2024-08-15T14:51:12.047+0000][8567.992s][info][gc,cpu      ] GC(1849) User=0.20s Sys=0.00s Real=0.04s
[2024-08-15T14:51:12.047+0000][8567.992s][info][gc          ] GC(1850) Concurrent Mark Cycle
[2024-08-15T14:51:12.047+0000][8567.992s][info][gc,marking  ] GC(1850) Concurrent Clear Claimed Marks
[2024-08-15T14:51:12.047+0000][8567.992s][info][gc,marking  ] GC(1850) Concurrent Clear Claimed Marks 0.441ms
[2024-08-15T14:51:12.048+0000][8567.992s][info][gc,marking  ] GC(1850) Concurrent Scan Root Regions
[2024-08-15T14:51:12.081+0000][8568.025s][info][gc,marking  ] GC(1850) Concurrent Scan Root Regions 33.133ms
[2024-08-15T14:51:12.081+0000][8568.025s][info][gc,marking  ] GC(1850) Concurrent Mark
[2024-08-15T14:51:12.081+0000][8568.025s][info][gc,marking  ] GC(1850) Concurrent Mark From Roots
[2024-08-15T14:51:12.081+0000][8568.025s][info][gc,task     ] GC(1850) Using 2 workers of 2 for marking
[2024-08-15T14:51:14.270+0000][8570.214s][info][gc,marking  ] GC(1850) Concurrent Mark From Roots 2189.115ms
[2024-08-15T14:51:14.270+0000][8570.214s][info][gc,marking  ] GC(1850) Concurrent Preclean
[2024-08-15T14:51:14.272+0000][8570.216s][info][gc,marking  ] GC(1850) Concurrent Preclean 1.694ms
[2024-08-15T14:51:14.272+0000][8570.216s][info][gc,start    ] GC(1850) Pause Remark
[2024-08-15T14:51:14.297+0000][8570.241s][info][gc          ] GC(1850) Pause Remark 4666M->4666M(12288M) 25.062ms
[2024-08-15T14:51:14.297+0000][8570.242s][info][gc,cpu      ] GC(1850) User=0.11s Sys=0.00s Real=0.03s
[2024-08-15T14:51:14.297+0000][8570.242s][info][gc,marking  ] GC(1850) Concurrent Mark 2216.331ms
[2024-08-15T14:51:14.297+0000][8570.242s][info][gc,marking  ] GC(1850) Concurrent Rebuild Remembered Sets
[2024-08-15T14:51:15.627+0000][8571.571s][info][gc,marking  ] GC(1850) Concurrent Rebuild Remembered Sets 1329.512ms
[2024-08-15T14:51:15.627+0000][8571.571s][info][gc,start    ] GC(1850) Pause Cleanup
[2024-08-15T14:51:15.627+0000][8571.572s][info][gc          ] GC(1850) Pause Cleanup 5602M->5602M(12288M) 0.640ms
[2024-08-15T14:51:15.627+0000][8571.572s][info][gc,cpu      ] GC(1850) User=0.00s Sys=0.00s Real=0.00s
[2024-08-15T14:51:15.628+0000][8571.572s][info][gc,marking  ] GC(1850) Concurrent Cleanup for Next Mark
[2024-08-15T14:51:15.645+0000][8571.590s][info][gc,marking  ] GC(1850) Concurrent Cleanup for Next Mark 17.503ms
[2024-08-15T14:51:15.645+0000][8571.590s][info][gc          ] GC(1850) Concurrent Mark Cycle 3598.059ms
[2024-08-15T14:51:21.128+0000][8577.073s][info][gc,start    ] GC(1851) Pause Young (Prepare Mixed) (G1 Evacuation Pause)
[2024-08-15T14:51:21.128+0000][8577.073s][info][gc,task     ] GC(1851) Using 6 workers of 6 for evacuation
[2024-08-15T14:51:21.170+0000][8577.114s][info][gc,phases   ] GC(1851)   Pre Evacuate Collection Set: 0.2ms
[2024-08-15T14:51:21.170+0000][8577.114s][info][gc,phases   ] GC(1851)   Merge Heap Roots: 0.3ms
[2024-08-15T14:51:21.170+0000][8577.114s][info][gc,phases   ] GC(1851)   Evacuate Collection Set: 38.6ms
[2024-08-15T14:51:21.170+0000][8577.114s][info][gc,phases   ] GC(1851)   Post Evacuate Collection Set: 2.0ms
[2024-08-15T14:51:21.170+0000][8577.114s][info][gc,phases   ] GC(1851)   Other: 0.2ms
[2024-08-15T14:51:21.170+0000][8577.114s][info][gc,heap     ] GC(1851) Eden regions: 815->0(59)
[2024-08-15T14:51:21.170+0000][8577.114s][info][gc,heap     ] GC(1851) Survivor regions: 15->17(104)
[2024-08-15T14:51:21.170+0000][8577.114s][info][gc,heap     ] GC(1851) Old regions: 376->376
[2024-08-15T14:51:21.170+0000][8577.114s][info][gc,heap     ] GC(1851) Archive regions: 2->2
[2024-08-15T14:51:21.170+0000][8577.114s][info][gc,heap     ] GC(1851) Humongous regions: 5->5
[2024-08-15T14:51:21.170+0000][8577.114s][info][gc,metaspace] GC(1851) Metaspace: 442085K(448384K)->442085K(448384K) NonClass: 387085K(390656K)->387085K(390656K) Class: 55000K(57728K)->55000K(57728K)
[2024-08-15T14:51:21.170+0000][8577.114s][info][gc          ] GC(1851) Pause Young (Prepare Mixed) (G1 Evacuation Pause) 9682M->3183M(12288M) 41.370ms
[2024-08-15T14:51:21.170+0000][8577.114s][info][gc,cpu      ] GC(1851) User=0.24s Sys=0.00s Real=0.04s
[2024-08-15T14:51:21.800+0000][8577.745s][info][gc,start    ] GC(1852) Pause Young (Mixed) (G1 Evacuation Pause)
[2024-08-15T14:51:21.800+0000][8577.745s][info][gc,task     ] GC(1852) Using 6 workers of 6 for evacuation
[2024-08-15T14:51:21.884+0000][8577.829s][info][gc,phases   ] GC(1852)   Pre Evacuate Collection Set: 0.2ms
[2024-08-15T14:51:21.884+0000][8577.829s][info][gc,phases   ] GC(1852)   Merge Heap Roots: 0.4ms
[2024-08-15T14:51:21.884+0000][8577.829s][info][gc,phases   ] GC(1852)   Evacuate Collection Set: 81.8ms
[2024-08-15T14:51:21.884+0000][8577.829s][info][gc,phases   ] GC(1852)   Post Evacuate Collection Set: 1.4ms
[2024-08-15T14:51:21.884+0000][8577.829s][info][gc,phases   ] GC(1852)   Other: 0.2ms
[2024-08-15T14:51:21.884+0000][8577.829s][info][gc,heap     ] GC(1852) Eden regions: 59->0(827)
[2024-08-15T14:51:21.884+0000][8577.829s][info][gc,heap     ] GC(1852) Survivor regions: 17->5(10)
[2024-08-15T14:51:21.884+0000][8577.829s][info][gc,heap     ] GC(1852) Old regions: 376->374
[2024-08-15T14:51:21.884+0000][8577.829s][info][gc,heap     ] GC(1852) Archive regions: 2->2
[2024-08-15T14:51:21.884+0000][8577.829s][info][gc,heap     ] GC(1852) Humongous regions: 5->5
[2024-08-15T14:51:21.884+0000][8577.829s][info][gc,metaspace] GC(1852) Metaspace: 442085K(448384K)->442085K(448384K) NonClass: 387085K(390656K)->387085K(390656K) Class: 55000K(57728K)->55000K(57728K)
[2024-08-15T14:51:21.884+0000][8577.829s][info][gc          ] GC(1852) Pause Young (Mixed) (G1 Evacuation Pause) 3655M->3073M(12288M) 83.988ms
[2024-08-15T14:51:21.884+0000][8577.829s][info][gc,cpu      ] GC(1852) User=0.50s Sys=0.00s Real=0.09s
[2024-08-15T14:51:30.580+0000][8586.525s][info][gc,start    ] GC(1853) Pause Young (Normal) (G1 Evacuation Pause)
[2024-08-15T14:51:30.581+0000][8586.525s][info][gc,task     ] GC(1853) Using 6 workers of 6 for evacuation
[2024-08-15T14:51:30.604+0000][8586.548s][info][gc,phases   ] GC(1853)   Pre Evacuate Collection Set: 0.2ms
[2024-08-15T14:51:30.604+0000][8586.548s][info][gc,phases   ] GC(1853)   Merge Heap Roots: 0.2ms
[2024-08-15T14:51:30.604+0000][8586.548s][info][gc,phases   ] GC(1853)   Evacuate Collection Set: 20.8ms
[2024-08-15T14:51:30.604+0000][8586.548s][info][gc,phases   ] GC(1853)   Post Evacuate Collection Set: 1.7ms
[2024-08-15T14:51:30.604+0000][8586.548s][info][gc,phases   ] GC(1853)   Other: 0.2ms
[2024-08-15T14:51:30.604+0000][8586.548s][info][gc,heap     ] GC(1853) Eden regions: 827->0(826)
[2024-08-15T14:51:30.604+0000][8586.548s][info][gc,heap     ] GC(1853) Survivor regions: 5->7(104)
[2024-08-15T14:51:30.604+0000][8586.548s][info][gc,heap     ] GC(1853) Old regions: 374->374
[2024-08-15T14:51:30.604+0000][8586.548s][info][gc,heap     ] GC(1853) Archive regions: 2->2
[2024-08-15T14:51:30.604+0000][8586.548s][info][gc,heap     ] GC(1853) Humongous regions: 5->5
[2024-08-15T14:51:30.604+0000][8586.548s][info][gc,metaspace] GC(1853) Metaspace: 442089K(448384K)->442089K(448384K) NonClass: 387088K(390656K)->387088K(390656K) Class: 55000K(57728K)->55000K(57728K)
[2024-08-15T14:51:30.604+0000][8586.548s][info][gc          ] GC(1853) Pause Young (Normal) (G1 Evacuation Pause) 9689M->3088M(12288M) 23.193ms
[2024-08-15T14:51:30.604+0000][8586.548s][info][gc,cpu      ] GC(1853) User=0.14s Sys=0.00s Real=0.03s
[2024-08-15T14:51:39.216+0000][8595.161s][info][gc,start    ] GC(1854) Pause Young (Normal) (G1 Evacuation Pause)
[2024-08-15T14:51:39.216+0000][8595.161s][info][gc,task     ] GC(1854) Using 6 workers of 6 for evacuation
[2024-08-15T14:51:39.242+0000][8595.187s][info][gc,phases   ] GC(1854)   Pre Evacuate Collection Set: 0.2ms
[2024-08-15T14:51:39.242+0000][8595.187s][info][gc,phases   ] GC(1854)   Merge Heap Roots: 0.2ms
[2024-08-15T14:51:39.242+0000][8595.187s][info][gc,phases   ] GC(1854)   Evacuate Collection Set: 23.7ms
[2024-08-15T14:51:39.242+0000][8595.187s][info][gc,phases   ] GC(1854)   Post Evacuate Collection Set: 1.8ms
[2024-08-15T14:51:39.242+0000][8595.187s][info][gc,phases   ] GC(1854)   Other: 0.2ms
[2024-08-15T14:51:39.242+0000][8595.187s][info][gc,heap     ] GC(1854) Eden regions: 826->0(824)
[2024-08-15T14:51:39.242+0000][8595.187s][info][gc,heap     ] GC(1854) Survivor regions: 7->9(105)
[2024-08-15T14:51:39.242+0000][8595.187s][info][gc,heap     ] GC(1854) Old regions: 374->374
[2024-08-15T14:51:39.242+0000][8595.187s][info][gc,heap     ] GC(1854) Archive regions: 2->2
[2024-08-15T14:51:39.242+0000][8595.187s][info][gc,heap     ] GC(1854) Humongous regions: 5->5
[2024-08-15T14:51:39.242+0000][8595.187s][info][gc,metaspace] GC(1854) Metaspace: 442134K(448448K)->442134K(448448K) NonClass: 387133K(390720K)->387133K(390720K) Class: 55000K(57728K)->55000K(57728K)
[2024-08-15T14:51:39.242+0000][8595.187s][info][gc          ] GC(1854) Pause Young (Normal) (G1 Evacuation Pause) 9696M->3103M(12288M) 26.209ms
[2024-08-15T14:51:39.242+0000][8595.187s][info][gc,cpu      ] GC(1854) User=0.15s Sys=0.00s Real=0.02s
[2024-08-15T14:51:48.336+0000][8604.281s][info][gc,start    ] GC(1855) Pause Young (Concurrent Start) (G1 Evacuation Pause)
[2024-08-15T14:51:48.336+0000][8604.281s][info][gc,task     ] GC(1855) Using 6 workers of 6 for evacuation
[2024-08-15T14:51:48.367+0000][8604.312s][info][gc,phases   ] GC(1855)   Pre Evacuate Collection Set: 0.6ms
[2024-08-15T14:51:48.367+0000][8604.312s][info][gc,phases   ] GC(1855)   Merge Heap Roots: 0.2ms
[2024-08-15T14:51:48.367+0000][8604.312s][info][gc,phases   ] GC(1855)   Evacuate Collection Set: 28.5ms
[2024-08-15T14:51:48.367+0000][8604.312s][info][gc,phases   ] GC(1855)   Post Evacuate Collection Set: 1.9ms
[2024-08-15T14:51:48.367+0000][8604.312s][info][gc,phases   ] GC(1855)   Other: 0.3ms
[2024-08-15T14:51:48.367+0000][8604.312s][info][gc,heap     ] GC(1855) Eden regions: 824->0(822)
[2024-08-15T14:51:48.367+0000][8604.312s][info][gc,heap     ] GC(1855) Survivor regions: 9->12(105)
[2024-08-15T14:51:48.367+0000][8604.312s][info][gc,heap     ] GC(1855) Old regions: 374->374
[2024-08-15T14:51:48.367+0000][8604.312s][info][gc,heap     ] GC(1855) Archive regions: 2->2
[2024-08-15T14:51:48.367+0000][8604.312s][info][gc,heap     ] GC(1855) Humongous regions: 5->5
[2024-08-15T14:51:48.367+0000][8604.312s][info][gc,metaspace] GC(1855) Metaspace: 442140K(448448K)->442140K(448448K) NonClass: 387140K(390720K)->387140K(390720K) Class: 55000K(57728K)->55000K(57728K)
[2024-08-15T14:51:48.367+0000][8604.312s][info][gc          ] GC(1855) Pause Young (Concurrent Start) (G1 Evacuation Pause) 9695M->3129M(12288M) 31.543ms
[2024-08-15T14:51:48.368+0000][8604.312s][info][gc,cpu      ] GC(1855) User=0.18s Sys=0.00s Real=0.03s
[2024-08-15T14:51:48.368+0000][8604.312s][info][gc          ] GC(1856) Concurrent Mark Cycle
[2024-08-15T14:51:48.368+0000][8604.312s][info][gc,marking  ] GC(1856) Concurrent Clear Claimed Marks
[2024-08-15T14:51:48.368+0000][8604.313s][info][gc,marking  ] GC(1856) Concurrent Clear Claimed Marks 0.466ms
[2024-08-15T14:51:48.368+0000][8604.313s][info][gc,marking  ] GC(1856) Concurrent Scan Root Regions
[2024-08-15T14:51:48.395+0000][8604.340s][info][gc,marking  ] GC(1856) Concurrent Scan Root Regions 27.330ms
[2024-08-15T14:51:48.395+0000][8604.340s][info][gc,marking  ] GC(1856) Concurrent Mark
[2024-08-15T14:51:48.395+0000][8604.340s][info][gc,marking  ] GC(1856) Concurrent Mark From Roots
[2024-08-15T14:51:48.395+0000][8604.340s][info][gc,task     ] GC(1856) Using 2 workers of 2 for marking
[2024-08-15T14:51:50.650+0000][8606.595s][info][gc,marking  ] GC(1856) Concurrent Mark From Roots 2254.731ms
[2024-08-15T14:51:50.650+0000][8606.595s][info][gc,marking  ] GC(1856) Concurrent Preclean
[2024-08-15T14:51:50.651+0000][8606.596s][info][gc,marking  ] GC(1856) Concurrent Preclean 1.088ms
[2024-08-15T14:51:50.651+0000][8606.596s][info][gc,start    ] GC(1856) Pause Remark
[2024-08-15T14:51:50.675+0000][8606.620s][info][gc          ] GC(1856) Pause Remark 4693M->4693M(12288M) 23.897ms
[2024-08-15T14:51:50.675+0000][8606.620s][info][gc,cpu      ] GC(1856) User=0.10s Sys=0.00s Real=0.03s
[2024-08-15T14:51:50.676+0000][8606.620s][info][gc,marking  ] GC(1856) Concurrent Mark 2280.104ms
[2024-08-15T14:51:50.676+0000][8606.620s][info][gc,marking  ] GC(1856) Concurrent Rebuild Remembered Sets
[2024-08-15T14:51:52.022+0000][8607.967s][info][gc,marking  ] GC(1856) Concurrent Rebuild Remembered Sets 1346.626ms
[2024-08-15T14:51:52.022+0000][8607.967s][info][gc,start    ] GC(1856) Pause Cleanup
[2024-08-15T14:51:52.023+0000][8607.968s][info][gc          ] GC(1856) Pause Cleanup 5661M->5661M(12288M) 0.627ms
[2024-08-15T14:51:52.023+0000][8607.968s][info][gc,cpu      ] GC(1856) User=0.00s Sys=0.00s Real=0.00s
[2024-08-15T14:51:52.023+0000][8607.968s][info][gc,marking  ] GC(1856) Concurrent Cleanup for Next Mark
[2024-08-15T14:51:52.040+0000][8607.985s][info][gc,marking  ] GC(1856) Concurrent Cleanup for Next Mark 17.193ms
[2024-08-15T14:51:52.040+0000][8607.985s][info][gc          ] GC(1856) Concurrent Mark Cycle 3672.801ms
[2024-08-15T14:51:57.444+0000][8613.389s][info][gc,start    ] GC(1857) Pause Young (Prepare Mixed) (G1 Evacuation Pause)
[2024-08-15T14:51:57.444+0000][8613.389s][info][gc,task     ] GC(1857) Using 6 workers of 6 for evacuation
[2024-08-15T14:51:57.484+0000][8613.429s][info][gc,phases   ] GC(1857)   Pre Evacuate Collection Set: 0.2ms
[2024-08-15T14:51:57.484+0000][8613.429s][info][gc,phases   ] GC(1857)   Merge Heap Roots: 0.3ms
[2024-08-15T14:51:57.484+0000][8613.429s][info][gc,phases   ] GC(1857)   Evacuate Collection Set: 37.4ms
[2024-08-15T14:51:57.484+0000][8613.429s][info][gc,phases   ] GC(1857)   Post Evacuate Collection Set: 1.8ms
[2024-08-15T14:51:57.484+0000][8613.429s][info][gc,phases   ] GC(1857)   Other: 0.2ms
[2024-08-15T14:51:57.484+0000][8613.429s][info][gc,heap     ] GC(1857) Eden regions: 822->0(60)
[2024-08-15T14:51:57.484+0000][8613.429s][info][gc,heap     ] GC(1857) Survivor regions: 12->16(105)
[2024-08-15T14:51:57.484+0000][8613.429s][info][gc,heap     ] GC(1857) Old regions: 374->374
[2024-08-15T14:51:57.484+0000][8613.429s][info][gc,heap     ] GC(1857) Archive regions: 2->2
[2024-08-15T14:51:57.484+0000][8613.429s][info][gc,heap     ] GC(1857) Humongous regions: 5->5
[2024-08-15T14:51:57.484+0000][8613.429s][info][gc,metaspace] GC(1857) Metaspace: 442140K(448448K)->442140K(448448K) NonClass: 387140K(390720K)->387140K(390720K) Class: 55000K(57728K)->55000K(57728K)
[2024-08-15T14:51:57.484+0000][8613.429s][info][gc          ] GC(1857) Pause Young (Prepare Mixed) (G1 Evacuation Pause) 9705M->3158M(12288M) 39.961ms
[2024-08-15T14:51:57.484+0000][8613.429s][info][gc,cpu      ] GC(1857) User=0.24s Sys=0.00s Real=0.04s
[2024-08-15T14:51:58.160+0000][8614.104s][info][gc,start    ] GC(1858) Pause Young (Mixed) (G1 Evacuation Pause)
[2024-08-15T14:51:58.160+0000][8614.104s][info][gc,task     ] GC(1858) Using 6 workers of 6 for evacuation
[2024-08-15T14:51:58.236+0000][8614.181s][info][gc,phases   ] GC(1858)   Pre Evacuate Collection Set: 0.2ms
[2024-08-15T14:51:58.236+0000][8614.181s][info][gc,phases   ] GC(1858)   Merge Heap Roots: 0.4ms
[2024-08-15T14:51:58.236+0000][8614.181s][info][gc,phases   ] GC(1858)   Evacuate Collection Set: 74.4ms
[2024-08-15T14:51:58.236+0000][8614.181s][info][gc,phases   ] GC(1858)   Post Evacuate Collection Set: 1.3ms
[2024-08-15T14:51:58.236+0000][8614.181s][info][gc,phases   ] GC(1858)   Other: 0.2ms
[2024-08-15T14:51:58.236+0000][8614.181s][info][gc,heap     ] GC(1858) Eden regions: 60->0(829)
[2024-08-15T14:51:58.236+0000][8614.181s][info][gc,heap     ] GC(1858) Survivor regions: 16->7(10)
[2024-08-15T14:51:58.236+0000][8614.181s][info][gc,heap     ] GC(1858) Old regions: 374->371
[2024-08-15T14:51:58.236+0000][8614.181s][info][gc,heap     ] GC(1858) Archive regions: 2->2
[2024-08-15T14:51:58.236+0000][8614.181s][info][gc,heap     ] GC(1858) Humongous regions: 5->5
[2024-08-15T14:51:58.236+0000][8614.181s][info][gc,metaspace] GC(1858) Metaspace: 442140K(448448K)->442140K(448448K) NonClass: 387140K(390720K)->387140K(390720K) Class: 55000K(57728K)->55000K(57728K)
[2024-08-15T14:51:58.236+0000][8614.181s][info][gc          ] GC(1858) Pause Young (Mixed) (G1 Evacuation Pause) 3638M->3064M(12288M) 76.578ms
[2024-08-15T14:51:58.236+0000][8614.181s][info][gc,cpu      ] GC(1858) User=0.46s Sys=0.00s Real=0.08s
[2024-08-15T14:52:07.008+0000][8622.953s][info][gc,start    ] GC(1859) Pause Young (Normal) (G1 Evacuation Pause)
[2024-08-15T14:52:07.008+0000][8622.953s][info][gc,task     ] GC(1859) Using 6 workers of 6 for evacuation
[2024-08-15T14:52:07.032+0000][8622.976s][info][gc,phases   ] GC(1859)   Pre Evacuate Collection Set: 0.2ms
[2024-08-15T14:52:07.032+0000][8622.977s][info][gc,phases   ] GC(1859)   Merge Heap Roots: 0.3ms
[2024-08-15T14:52:07.032+0000][8622.977s][info][gc,phases   ] GC(1859)   Evacuate Collection Set: 21.5ms
[2024-08-15T14:52:07.032+0000][8622.977s][info][gc,phases   ] GC(1859)   Post Evacuate Collection Set: 1.8ms
[2024-08-15T14:52:07.032+0000][8622.977s][info][gc,phases   ] GC(1859)   Other: 0.2ms
[2024-08-15T14:52:07.032+0000][8622.977s][info][gc,heap     ] GC(1859) Eden regions: 829->0(827)
[2024-08-15T14:52:07.032+0000][8622.977s][info][gc,heap     ] GC(1859) Survivor regions: 7->9(105)
[2024-08-15T14:52:07.032+0000][8622.977s][info][gc,heap     ] GC(1859) Old regions: 371->371
[2024-08-15T14:52:07.032+0000][8622.977s][info][gc,heap     ] GC(1859) Archive regions: 2->2
[2024-08-15T14:52:07.032+0000][8622.977s][info][gc,heap     ] GC(1859) Humongous regions: 5->5
[2024-08-15T14:52:07.032+0000][8622.977s][info][gc,metaspace] GC(1859) Metaspace: 442140K(448448K)->442140K(448448K) NonClass: 387140K(390720K)->387140K(390720K) Class: 55000K(57728K)->55000K(57728K)
[2024-08-15T14:52:07.032+0000][8622.977s][info][gc          ] GC(1859) Pause Young (Normal) (G1 Evacuation Pause) 9696M->3083M(12288M) 24.034ms
[2024-08-15T14:52:07.032+0000][8622.977s][info][gc,cpu      ] GC(1859) User=0.14s Sys=0.00s Real=0.02s
[2024-08-15T14:52:15.436+0000][8631.380s][info][gc,start    ] GC(1860) Pause Young (Normal) (G1 Evacuation Pause)
[2024-08-15T14:52:15.436+0000][8631.380s][info][gc,task     ] GC(1860) Using 6 workers of 6 for evacuation
[2024-08-15T14:52:15.463+0000][8631.408s][info][gc,phases   ] GC(1860)   Pre Evacuate Collection Set: 0.2ms
[2024-08-15T14:52:15.463+0000][8631.408s][info][gc,phases   ] GC(1860)   Merge Heap Roots: 0.3ms
[2024-08-15T14:52:15.463+0000][8631.408s][info][gc,phases   ] GC(1860)   Evacuate Collection Set: 24.9ms
[2024-08-15T14:52:15.463+0000][8631.408s][info][gc,phases   ] GC(1860)   Post Evacuate Collection Set: 1.7ms
[2024-08-15T14:52:15.463+0000][8631.408s][info][gc,phases   ] GC(1860)   Other: 0.2ms
[2024-08-15T14:52:15.463+0000][8631.408s][info][gc,heap     ] GC(1860) Eden regions: 827->0(828)
[2024-08-15T14:52:15.463+0000][8631.408s][info][gc,heap     ] GC(1860) Survivor regions: 9->9(105)
[2024-08-15T14:52:15.463+0000][8631.408s][info][gc,heap     ] GC(1860) Old regions: 371->371
[2024-08-15T14:52:15.463+0000][8631.408s][info][gc,heap     ] GC(1860) Archive regions: 2->2
[2024-08-15T14:52:15.463+0000][8631.408s][info][gc,heap     ] GC(1860) Humongous regions: 5->5
[2024-08-15T14:52:15.463+0000][8631.408s][info][gc,metaspace] GC(1860) Metaspace: 442144K(448448K)->442144K(448448K) NonClass: 387143K(390720K)->387143K(390720K) Class: 55000K(57728K)->55000K(57728K)
[2024-08-15T14:52:15.463+0000][8631.408s][info][gc          ] GC(1860) Pause Young (Normal) (G1 Evacuation Pause) 9699M->3082M(12288M) 27.404ms
[2024-08-15T14:52:15.463+0000][8631.408s][info][gc,cpu      ] GC(1860) User=0.16s Sys=0.00s Real=0.03s
[2024-08-15T14:52:24.399+0000][8640.344s][info][gc,start    ] GC(1861) Pause Young (Concurrent Start) (G1 Evacuation Pause)
[2024-08-15T14:52:24.399+0000][8640.344s][info][gc,task     ] GC(1861) Using 6 workers of 6 for evacuation
[2024-08-15T14:52:24.434+0000][8640.378s][info][gc,phases   ] GC(1861)   Pre Evacuate Collection Set: 0.6ms
[2024-08-15T14:52:24.434+0000][8640.378s][info][gc,phases   ] GC(1861)   Merge Heap Roots: 0.3ms
[2024-08-15T14:52:24.434+0000][8640.378s][info][gc,phases   ] GC(1861)   Evacuate Collection Set: 31.6ms
[2024-08-15T14:52:24.434+0000][8640.378s][info][gc,phases   ] GC(1861)   Post Evacuate Collection Set: 1.7ms
[2024-08-15T14:52:24.434+0000][8640.378s][info][gc,phases   ] GC(1861)   Other: 0.3ms
[2024-08-15T14:52:24.434+0000][8640.378s][info][gc,heap     ] GC(1861) Eden regions: 828->0(825)
[2024-08-15T14:52:24.434+0000][8640.378s][info][gc,heap     ] GC(1861) Survivor regions: 9->12(105)
[2024-08-15T14:52:24.434+0000][8640.378s][info][gc,heap     ] GC(1861) Old regions: 371->371
[2024-08-15T14:52:24.434+0000][8640.378s][info][gc,heap     ] GC(1861) Archive regions: 2->2
[2024-08-15T14:52:24.434+0000][8640.378s][info][gc,heap     ] GC(1861) Humongous regions: 5->5
[2024-08-15T14:52:24.434+0000][8640.378s][info][gc,metaspace] GC(1861) Metaspace: 442144K(448448K)->442144K(448448K) NonClass: 387143K(390720K)->387143K(390720K) Class: 55000K(57728K)->55000K(57728K)
[2024-08-15T14:52:24.434+0000][8640.378s][info][gc          ] GC(1861) Pause Young (Concurrent Start) (G1 Evacuation Pause) 9706M->3106M(12288M) 34.601ms
[2024-08-15T14:52:24.434+0000][8640.378s][info][gc,cpu      ] GC(1861) User=0.20s Sys=0.00s Real=0.03s
[2024-08-15T14:52:24.434+0000][8640.378s][info][gc          ] GC(1862) Concurrent Mark Cycle
[2024-08-15T14:52:24.434+0000][8640.378s][info][gc,marking  ] GC(1862) Concurrent Clear Claimed Marks
[2024-08-15T14:52:24.434+0000][8640.379s][info][gc,marking  ] GC(1862) Concurrent Clear Claimed Marks 0.491ms
[2024-08-15T14:52:24.434+0000][8640.379s][info][gc,marking  ] GC(1862) Concurrent Scan Root Regions
[2024-08-15T14:52:24.473+0000][8640.418s][info][gc,marking  ] GC(1862) Concurrent Scan Root Regions 38.516ms
[2024-08-15T14:52:24.473+0000][8640.418s][info][gc,marking  ] GC(1862) Concurrent Mark
[2024-08-15T14:52:24.473+0000][8640.418s][info][gc,marking  ] GC(1862) Concurrent Mark From Roots
[2024-08-15T14:52:24.473+0000][8640.418s][info][gc,task     ] GC(1862) Using 2 workers of 2 for marking
[2024-08-15T14:52:26.696+0000][8642.641s][info][gc,marking  ] GC(1862) Concurrent Mark From Roots 2223.101ms
[2024-08-15T14:52:26.696+0000][8642.641s][info][gc,marking  ] GC(1862) Concurrent Preclean
[2024-08-15T14:52:26.698+0000][8642.642s][info][gc,marking  ] GC(1862) Concurrent Preclean 1.468ms
[2024-08-15T14:52:26.698+0000][8642.642s][info][gc,start    ] GC(1862) Pause Remark
[2024-08-15T14:52:26.721+0000][8642.666s][info][gc          ] GC(1862) Pause Remark 4642M->4642M(12288M) 23.471ms
[2024-08-15T14:52:26.721+0000][8642.666s][info][gc,cpu      ] GC(1862) User=0.10s Sys=0.00s Real=0.02s
[2024-08-15T14:52:26.721+0000][8642.666s][info][gc,marking  ] GC(1862) Concurrent Mark 2248.500ms
[2024-08-15T14:52:26.721+0000][8642.666s][info][gc,marking  ] GC(1862) Concurrent Rebuild Remembered Sets
[2024-08-15T14:52:28.009+0000][8643.954s][info][gc,marking  ] GC(1862) Concurrent Rebuild Remembered Sets 1288.011ms
[2024-08-15T14:52:28.010+0000][8643.954s][info][gc,start    ] GC(1862) Pause Cleanup
[2024-08-15T14:52:28.010+0000][8643.955s][info][gc          ] GC(1862) Pause Cleanup 5530M->5530M(12288M) 0.629ms
[2024-08-15T14:52:28.010+0000][8643.955s][info][gc,cpu      ] GC(1862) User=0.00s Sys=0.00s Real=0.00s
[2024-08-15T14:52:28.010+0000][8643.955s][info][gc,marking  ] GC(1862) Concurrent Cleanup for Next Mark
[2024-08-15T14:52:28.027+0000][8643.972s][info][gc,marking  ] GC(1862) Concurrent Cleanup for Next Mark 16.821ms
[2024-08-15T14:52:28.027+0000][8643.972s][info][gc          ] GC(1862) Concurrent Mark Cycle 3593.483ms
[2024-08-15T14:52:33.699+0000][8649.644s][info][gc,start    ] GC(1863) Pause Young (Prepare Mixed) (G1 Evacuation Pause)
[2024-08-15T14:52:33.699+0000][8649.644s][info][gc,task     ] GC(1863) Using 6 workers of 6 for evacuation
[2024-08-15T14:52:33.739+0000][8649.683s][info][gc,phases   ] GC(1863)   Pre Evacuate Collection Set: 0.2ms
[2024-08-15T14:52:33.739+0000][8649.683s][info][gc,phases   ] GC(1863)   Merge Heap Roots: 0.4ms
[2024-08-15T14:52:33.739+0000][8649.683s][info][gc,phases   ] GC(1863)   Evacuate Collection Set: 37.1ms
[2024-08-15T14:52:33.739+0000][8649.683s][info][gc,phases   ] GC(1863)   Post Evacuate Collection Set: 1.8ms
[2024-08-15T14:52:33.739+0000][8649.683s][info][gc,phases   ] GC(1863)   Other: 0.2ms
[2024-08-15T14:52:33.739+0000][8649.683s][info][gc,heap     ] GC(1863) Eden regions: 825->0(60)
[2024-08-15T14:52:33.739+0000][8649.683s][info][gc,heap     ] GC(1863) Survivor regions: 12->16(105)
[2024-08-15T14:52:33.739+0000][8649.683s][info][gc,heap     ] GC(1863) Old regions: 371->371
[2024-08-15T14:52:33.739+0000][8649.683s][info][gc,heap     ] GC(1863) Archive regions: 2->2
[2024-08-15T14:52:33.739+0000][8649.683s][info][gc,heap     ] GC(1863) Humongous regions: 5->5
[2024-08-15T14:52:33.739+0000][8649.683s][info][gc,metaspace] GC(1863) Metaspace: 442144K(448448K)->442144K(448448K) NonClass: 387143K(390720K)->387143K(390720K) Class: 55000K(57728K)->55000K(57728K)
[2024-08-15T14:52:33.739+0000][8649.683s][info][gc          ] GC(1863) Pause Young (Prepare Mixed) (G1 Evacuation Pause) 9706M->3135M(12288M) 39.670ms
[2024-08-15T14:52:33.739+0000][8649.683s][info][gc,cpu      ] GC(1863) User=0.23s Sys=0.00s Real=0.04s
[2024-08-15T14:52:34.373+0000][8650.318s][info][gc,start    ] GC(1864) Pause Young (Mixed) (G1 Evacuation Pause)
[2024-08-15T14:52:34.373+0000][8650.318s][info][gc,task     ] GC(1864) Using 6 workers of 6 for evacuation
[2024-08-15T14:52:34.459+0000][8650.403s][info][gc,phases   ] GC(1864)   Pre Evacuate Collection Set: 0.2ms
[2024-08-15T14:52:34.459+0000][8650.403s][info][gc,phases   ] GC(1864)   Merge Heap Roots: 0.5ms
[2024-08-15T14:52:34.459+0000][8650.403s][info][gc,phases   ] GC(1864)   Evacuate Collection Set: 83.3ms
[2024-08-15T14:52:34.459+0000][8650.403s][info][gc,phases   ] GC(1864)   Post Evacuate Collection Set: 1.3ms
[2024-08-15T14:52:34.459+0000][8650.403s][info][gc,phases   ] GC(1864)   Other: 0.2ms
[2024-08-15T14:52:34.459+0000][8650.403s][info][gc,heap     ] GC(1864) Eden regions: 60->0(831)
[2024-08-15T14:52:34.459+0000][8650.403s][info][gc,heap     ] GC(1864) Survivor regions: 16->6(10)
[2024-08-15T14:52:34.459+0000][8650.403s][info][gc,heap     ] GC(1864) Old regions: 371->370
[2024-08-15T14:52:34.459+0000][8650.403s][info][gc,heap     ] GC(1864) Archive regions: 2->2
[2024-08-15T14:52:34.459+0000][8650.403s][info][gc,heap     ] GC(1864) Humongous regions: 5->5
[2024-08-15T14:52:34.459+0000][8650.403s][info][gc,metaspace] GC(1864) Metaspace: 442144K(448448K)->442144K(448448K) NonClass: 387144K(390720K)->387144K(390720K) Class: 55000K(57728K)->55000K(57728K)
[2024-08-15T14:52:34.459+0000][8650.403s][info][gc          ] GC(1864) Pause Young (Mixed) (G1 Evacuation Pause) 3615M->3048M(12288M) 85.593ms
[2024-08-15T14:52:34.459+0000][8650.403s][info][gc,cpu      ] GC(1864) User=0.51s Sys=0.00s Real=0.09s
[2024-08-15T14:52:43.844+0000][8659.789s][info][gc,start    ] GC(1865) Pause Young (Normal) (G1 Evacuation Pause)
[2024-08-15T14:52:43.844+0000][8659.789s][info][gc,task     ] GC(1865) Using 6 workers of 6 for evacuation
[2024-08-15T14:52:43.866+0000][8659.810s][info][gc,phases   ] GC(1865)   Pre Evacuate Collection Set: 0.2ms
[2024-08-15T14:52:43.866+0000][8659.810s][info][gc,phases   ] GC(1865)   Merge Heap Roots: 0.2ms
[2024-08-15T14:52:43.866+0000][8659.810s][info][gc,phases   ] GC(1865)   Evacuate Collection Set: 19.1ms
[2024-08-15T14:52:43.866+0000][8659.810s][info][gc,phases   ] GC(1865)   Post Evacuate Collection Set: 1.8ms
[2024-08-15T14:52:43.866+0000][8659.810s][info][gc,phases   ] GC(1865)   Other: 0.2ms
[2024-08-15T14:52:43.866+0000][8659.810s][info][gc,heap     ] GC(1865) Eden regions: 831->0(828)
[2024-08-15T14:52:43.866+0000][8659.810s][info][gc,heap     ] GC(1865) Survivor regions: 6->9(105)
[2024-08-15T14:52:43.866+0000][8659.810s][info][gc,heap     ] GC(1865) Old regions: 370->370
[2024-08-15T14:52:43.866+0000][8659.810s][info][gc,heap     ] GC(1865) Archive regions: 2->2
[2024-08-15T14:52:43.866+0000][8659.810s][info][gc,heap     ] GC(1865) Humongous regions: 5->5
[2024-08-15T14:52:43.866+0000][8659.810s][info][gc,metaspace] GC(1865) Metaspace: 442149K(448448K)->442149K(448448K) NonClass: 387149K(390720K)->387149K(390720K) Class: 55000K(57728K)->55000K(57728K)
[2024-08-15T14:52:43.866+0000][8659.810s][info][gc          ] GC(1865) Pause Young (Normal) (G1 Evacuation Pause) 9696M->3070M(12288M) 21.597ms
[2024-08-15T14:52:43.866+0000][8659.810s][info][gc,cpu      ] GC(1865) User=0.12s Sys=0.00s Real=0.02s
[2024-08-15T14:52:52.763+0000][8668.707s][info][gc,start    ] GC(1866) Pause Young (Normal) (G1 Evacuation Pause)
[2024-08-15T14:52:52.763+0000][8668.707s][info][gc,task     ] GC(1866) Using 6 workers of 6 for evacuation
[2024-08-15T14:52:52.790+0000][8668.734s][info][gc,phases   ] GC(1866)   Pre Evacuate Collection Set: 0.2ms
[2024-08-15T14:52:52.790+0000][8668.735s][info][gc,phases   ] GC(1866)   Merge Heap Roots: 0.2ms
[2024-08-15T14:52:52.790+0000][8668.735s][info][gc,phases   ] GC(1866)   Evacuate Collection Set: 24.7ms
[2024-08-15T14:52:52.790+0000][8668.735s][info][gc,phases   ] GC(1866)   Post Evacuate Collection Set: 2.0ms
[2024-08-15T14:52:52.790+0000][8668.735s][info][gc,phases   ] GC(1866)   Other: 0.2ms
[2024-08-15T14:52:52.790+0000][8668.735s][info][gc,heap     ] GC(1866) Eden regions: 828->0(826)
[2024-08-15T14:52:52.790+0000][8668.735s][info][gc,heap     ] GC(1866) Survivor regions: 9->11(105)
[2024-08-15T14:52:52.790+0000][8668.735s][info][gc,heap     ] GC(1866) Old regions: 370->370
[2024-08-15T14:52:52.790+0000][8668.735s][info][gc,heap     ] GC(1866) Archive regions: 2->2
[2024-08-15T14:52:52.790+0000][8668.735s][info][gc,heap     ] GC(1866) Humongous regions: 5->5
[2024-08-15T14:52:52.790+0000][8668.735s][info][gc,metaspace] GC(1866) Metaspace: 442149K(448448K)->442149K(448448K) NonClass: 387149K(390720K)->387149K(390720K) Class: 55000K(57728K)->55000K(57728K)
[2024-08-15T14:52:52.790+0000][8668.735s][info][gc          ] GC(1866) Pause Young (Normal) (G1 Evacuation Pause) 9694M->3088M(12288M) 27.390ms
[2024-08-15T14:52:52.790+0000][8668.735s][info][gc,cpu      ] GC(1866) User=0.16s Sys=0.00s Real=0.03s
[2024-08-15T14:52:55.265+0000][8671.209s][info][gc,start    ] GC(1867) Pause Young (Concurrent Start) (G1 Evacuation Pause)
[2024-08-15T14:52:55.265+0000][8671.209s][info][gc,task     ] GC(1867) Using 6 workers of 6 for evacuation
[2024-08-15T14:52:55.363+0000][8671.308s][info][gc,phases   ] GC(1867)   Pre Evacuate Collection Set: 0.6ms
[2024-08-15T14:52:55.363+0000][8671.308s][info][gc,phases   ] GC(1867)   Merge Heap Roots: 0.2ms
[2024-08-15T14:52:55.363+0000][8671.308s][info][gc,phases   ] GC(1867)   Evacuate Collection Set: 73.9ms
[2024-08-15T14:52:55.363+0000][8671.308s][info][gc,phases   ] GC(1867)   Post Evacuate Collection Set: 23.5ms
[2024-08-15T14:52:55.363+0000][8671.308s][info][gc,phases   ] GC(1867)   Other: 0.3ms
[2024-08-15T14:52:55.363+0000][8671.308s][info][gc,heap     ] GC(1867) Eden regions: 826->0(815)
[2024-08-15T14:52:55.363+0000][8671.308s][info][gc,heap     ] GC(1867) Survivor regions: 11->18(105)
[2024-08-15T14:52:55.363+0000][8671.308s][info][gc,heap     ] GC(1867) Old regions: 370->370
[2024-08-15T14:52:55.363+0000][8671.308s][info][gc,heap     ] GC(1867) Archive regions: 2->2
[2024-08-15T14:52:55.363+0000][8671.308s][info][gc,heap     ] GC(1867) Humongous regions: 5->5
[2024-08-15T14:52:55.363+0000][8671.308s][info][gc,metaspace] GC(1867) Metaspace: 442149K(448448K)->442149K(448448K) NonClass: 387149K(390720K)->387149K(390720K) Class: 55000K(57728K)->55000K(57728K)
[2024-08-15T14:52:55.363+0000][8671.308s][info][gc          ] GC(1867) Pause Young (Concurrent Start) (G1 Evacuation Pause) 9696M->3144M(12288M) 98.577ms
[2024-08-15T14:52:55.363+0000][8671.308s][info][gc,cpu      ] GC(1867) User=0.57s Sys=0.00s Real=0.10s
[2024-08-15T14:52:55.363+0000][8671.308s][info][gc          ] GC(1868) Concurrent Mark Cycle
[2024-08-15T14:52:55.363+0000][8671.308s][info][gc,marking  ] GC(1868) Concurrent Clear Claimed Marks
[2024-08-15T14:52:55.364+0000][8671.308s][info][gc,marking  ] GC(1868) Concurrent Clear Claimed Marks 0.463ms
[2024-08-15T14:52:55.364+0000][8671.309s][info][gc,marking  ] GC(1868) Concurrent Scan Root Regions
[2024-08-15T14:52:55.427+0000][8671.371s][info][gc,marking  ] GC(1868) Concurrent Scan Root Regions 62.693ms
[2024-08-15T14:52:55.427+0000][8671.371s][info][gc,marking  ] GC(1868) Concurrent Mark
[2024-08-15T14:52:55.427+0000][8671.371s][info][gc,marking  ] GC(1868) Concurrent Mark From Roots
[2024-08-15T14:52:55.427+0000][8671.371s][info][gc,task     ] GC(1868) Using 2 workers of 2 for marking
[2024-08-15T14:52:57.639+0000][8673.584s][info][gc,marking  ] GC(1868) Concurrent Mark From Roots 2212.620ms
[2024-08-15T14:52:57.639+0000][8673.584s][info][gc,marking  ] GC(1868) Concurrent Preclean
[2024-08-15T14:52:57.641+0000][8673.585s][info][gc,marking  ] GC(1868) Concurrent Preclean 1.375ms
[2024-08-15T14:52:57.641+0000][8673.585s][info][gc,start    ] GC(1868) Pause Remark
[2024-08-15T14:52:57.665+0000][8673.610s][info][gc          ] GC(1868) Pause Remark 7912M->7912M(12288M) 24.105ms
[2024-08-15T14:52:57.665+0000][8673.610s][info][gc,cpu      ] GC(1868) User=0.10s Sys=0.00s Real=0.03s
[2024-08-15T14:52:57.665+0000][8673.610s][info][gc,marking  ] GC(1868) Concurrent Mark 2238.489ms
[2024-08-15T14:52:57.665+0000][8673.610s][info][gc,marking  ] GC(1868) Concurrent Rebuild Remembered Sets
[2024-08-15T14:52:58.530+0000][8674.475s][info][gc,start    ] GC(1869) Pause Young (Normal) (G1 Evacuation Pause)
[2024-08-15T14:52:58.530+0000][8674.475s][info][gc,task     ] GC(1869) Using 6 workers of 6 for evacuation
[2024-08-15T14:52:58.634+0000][8674.579s][info][gc,phases   ] GC(1869)   Pre Evacuate Collection Set: 0.2ms
[2024-08-15T14:52:58.634+0000][8674.579s][info][gc,phases   ] GC(1869)   Merge Heap Roots: 0.3ms
[2024-08-15T14:52:58.634+0000][8674.579s][info][gc,phases   ] GC(1869)   Evacuate Collection Set: 84.6ms
[2024-08-15T14:52:58.634+0000][8674.579s][info][gc,phases   ] GC(1869)   Post Evacuate Collection Set: 18.9ms
[2024-08-15T14:52:58.634+0000][8674.579s][info][gc,phases   ] GC(1869)   Other: 0.2ms
[2024-08-15T14:52:58.634+0000][8674.579s][info][gc,heap     ] GC(1869) Eden regions: 815->0(803)
[2024-08-15T14:52:58.634+0000][8674.579s][info][gc,heap     ] GC(1869) Survivor regions: 18->24(105)
[2024-08-15T14:52:58.634+0000][8674.579s][info][gc,heap     ] GC(1869) Old regions: 370->370
[2024-08-15T14:52:58.634+0000][8674.579s][info][gc,heap     ] GC(1869) Archive regions: 2->2
[2024-08-15T14:52:58.634+0000][8674.579s][info][gc,heap     ] GC(1869) Humongous regions: 5->5
[2024-08-15T14:52:58.634+0000][8674.579s][info][gc,metaspace] GC(1869) Metaspace: 442149K(448448K)->442149K(448448K) NonClass: 387149K(390720K)->387149K(390720K) Class: 55000K(57728K)->55000K(57728K)
[2024-08-15T14:52:58.634+0000][8674.579s][info][gc          ] GC(1869) Pause Young (Normal) (G1 Evacuation Pause) 9664M->3189M(12288M) 104.187ms
[2024-08-15T14:52:58.634+0000][8674.579s][info][gc,cpu      ] GC(1869) User=0.61s Sys=0.00s Real=0.10s
[2024-08-15T14:52:59.073+0000][8675.018s][info][gc,marking  ] GC(1868) Concurrent Rebuild Remembered Sets 1407.931ms
[2024-08-15T14:52:59.073+0000][8675.018s][info][gc,start    ] GC(1868) Pause Cleanup
[2024-08-15T14:52:59.074+0000][8675.018s][info][gc          ] GC(1868) Pause Cleanup 3993M->3993M(12288M) 0.646ms
[2024-08-15T14:52:59.074+0000][8675.019s][info][gc,cpu      ] GC(1868) User=0.00s Sys=0.00s Real=0.00s
[2024-08-15T14:52:59.074+0000][8675.019s][info][gc,marking  ] GC(1868) Concurrent Cleanup for Next Mark
[2024-08-15T14:52:59.091+0000][8675.036s][info][gc,marking  ] GC(1868) Concurrent Cleanup for Next Mark 16.901ms
[2024-08-15T14:52:59.091+0000][8675.036s][info][gc          ] GC(1868) Concurrent Mark Cycle 3727.583ms
[2024-08-15T14:53:01.514+0000][8677.459s][info][gc,start    ] GC(1870) Pause Young (Prepare Mixed) (G1 Evacuation Pause)
[2024-08-15T14:53:01.514+0000][8677.459s][info][gc,task     ] GC(1870) Using 6 workers of 6 for evacuation
[2024-08-15T14:53:01.642+0000][8677.587s][info][gc,phases   ] GC(1870)   Pre Evacuate Collection Set: 0.2ms
[2024-08-15T14:53:01.642+0000][8677.587s][info][gc,phases   ] GC(1870)   Merge Heap Roots: 0.4ms
[2024-08-15T14:53:01.642+0000][8677.587s][info][gc,phases   ] GC(1870)   Evacuate Collection Set: 106.2ms
[2024-08-15T14:53:01.642+0000][8677.587s][info][gc,phases   ] GC(1870)   Post Evacuate Collection Set: 21.2ms
[2024-08-15T14:53:01.642+0000][8677.587s][info][gc,phases   ] GC(1870)   Other: 0.2ms
[2024-08-15T14:53:01.642+0000][8677.587s][info][gc,heap     ] GC(1870) Eden regions: 803->0(48)
[2024-08-15T14:53:01.642+0000][8677.587s][info][gc,heap     ] GC(1870) Survivor regions: 24->28(104)
[2024-08-15T14:53:01.642+0000][8677.587s][info][gc,heap     ] GC(1870) Old regions: 370->370
[2024-08-15T14:53:01.642+0000][8677.587s][info][gc,heap     ] GC(1870) Archive regions: 2->2
[2024-08-15T14:53:01.642+0000][8677.587s][info][gc,heap     ] GC(1870) Humongous regions: 5->5
[2024-08-15T14:53:01.642+0000][8677.587s][info][gc,metaspace] GC(1870) Metaspace: 442149K(448448K)->442149K(448448K) NonClass: 387149K(390720K)->387149K(390720K) Class: 55000K(57728K)->55000K(57728K)
[2024-08-15T14:53:01.642+0000][8677.587s][info][gc          ] GC(1870) Pause Young (Prepare Mixed) (G1 Evacuation Pause) 9613M->3221M(12288M) 128.189ms
[2024-08-15T14:53:01.642+0000][8677.587s][info][gc,cpu      ] GC(1870) User=0.75s Sys=0.00s Real=0.13s
[2024-08-15T14:53:01.824+0000][8677.769s][info][gc,start    ] GC(1871) Pause Young (Mixed) (G1 Evacuation Pause)
[2024-08-15T14:53:01.824+0000][8677.769s][info][gc,task     ] GC(1871) Using 6 workers of 6 for evacuation
[2024-08-15T14:53:01.956+0000][8677.900s][info][gc,phases   ] GC(1871)   Pre Evacuate Collection Set: 0.2ms
[2024-08-15T14:53:01.956+0000][8677.900s][info][gc,phases   ] GC(1871)   Merge Heap Roots: 0.4ms
[2024-08-15T14:53:01.956+0000][8677.900s][info][gc,phases   ] GC(1871)   Evacuate Collection Set: 128.1ms
[2024-08-15T14:53:01.956+0000][8677.900s][info][gc,phases   ] GC(1871)   Post Evacuate Collection Set: 2.6ms
[2024-08-15T14:53:01.956+0000][8677.900s][info][gc,phases   ] GC(1871)   Other: 0.2ms
[2024-08-15T14:53:01.956+0000][8677.900s][info][gc,heap     ] GC(1871) Eden regions: 48->0(814)
[2024-08-15T14:53:01.956+0000][8677.900s][info][gc,heap     ] GC(1871) Survivor regions: 28->3(10)
[2024-08-15T14:53:01.956+0000][8677.900s][info][gc,heap     ] GC(1871) Old regions: 370->386
[2024-08-15T14:53:01.956+0000][8677.900s][info][gc,heap     ] GC(1871) Archive regions: 2->2
[2024-08-15T14:53:01.956+0000][8677.900s][info][gc,heap     ] GC(1871) Humongous regions: 5->5
[2024-08-15T14:53:01.956+0000][8677.900s][info][gc,metaspace] GC(1871) Metaspace: 442149K(448448K)->442149K(448448K) NonClass: 387149K(390720K)->387149K(390720K) Class: 55000K(57728K)->55000K(57728K)
[2024-08-15T14:53:01.956+0000][8677.900s][info][gc          ] GC(1871) Pause Young (Mixed) (G1 Evacuation Pause) 3605M->3154M(12288M) 131.509ms
[2024-08-15T14:53:01.956+0000][8677.900s][info][gc,cpu      ] GC(1871) User=0.78s Sys=0.00s Real=0.13s
[2024-08-15T14:53:04.543+0000][8680.487s][info][gc,start    ] GC(1872) Pause Young (Normal) (G1 Evacuation Pause)
[2024-08-15T14:53:04.543+0000][8680.487s][info][gc,task     ] GC(1872) Using 6 workers of 6 for evacuation
[2024-08-15T14:53:04.617+0000][8680.562s][info][gc,phases   ] GC(1872)   Pre Evacuate Collection Set: 0.2ms
[2024-08-15T14:53:04.617+0000][8680.562s][info][gc,phases   ] GC(1872)   Merge Heap Roots: 0.4ms
[2024-08-15T14:53:04.617+0000][8680.562s][info][gc,phases   ] GC(1872)   Evacuate Collection Set: 54.5ms
[2024-08-15T14:53:04.617+0000][8680.562s][info][gc,phases   ] GC(1872)   Post Evacuate Collection Set: 19.3ms
[2024-08-15T14:53:04.617+0000][8680.562s][info][gc,phases   ] GC(1872)   Other: 0.2ms
[2024-08-15T14:53:04.617+0000][8680.562s][info][gc,heap     ] GC(1872) Eden regions: 814->0(810)
[2024-08-15T14:53:04.617+0000][8680.562s][info][gc,heap     ] GC(1872) Survivor regions: 3->7(103)
[2024-08-15T14:53:04.617+0000][8680.562s][info][gc,heap     ] GC(1872) Old regions: 386->386
[2024-08-15T14:53:04.617+0000][8680.562s][info][gc,heap     ] GC(1872) Archive regions: 2->2
[2024-08-15T14:53:04.617+0000][8680.562s][info][gc,heap     ] GC(1872) Humongous regions: 5->5
[2024-08-15T14:53:04.617+0000][8680.562s][info][gc,metaspace] GC(1872) Metaspace: 442149K(448448K)->442149K(448448K) NonClass: 387149K(390720K)->387149K(390720K) Class: 55000K(57728K)->55000K(57728K)
[2024-08-15T14:53:04.617+0000][8680.562s][info][gc          ] GC(1872) Pause Young (Normal) (G1 Evacuation Pause) 9666M->3181M(12288M) 74.529ms
[2024-08-15T14:53:04.617+0000][8680.562s][info][gc,cpu      ] GC(1872) User=0.43s Sys=0.00s Real=0.08s
[2024-08-15T14:53:07.089+0000][8683.034s][info][gc,start    ] GC(1873) Pause Young (Normal) (G1 Evacuation Pause)
[2024-08-15T14:53:07.089+0000][8683.034s][info][gc,task     ] GC(1873) Using 6 workers of 6 for evacuation
[2024-08-15T14:53:07.168+0000][8683.113s][info][gc,phases   ] GC(1873)   Pre Evacuate Collection Set: 0.2ms
[2024-08-15T14:53:07.168+0000][8683.113s][info][gc,phases   ] GC(1873)   Merge Heap Roots: 0.3ms
[2024-08-15T14:53:07.168+0000][8683.113s][info][gc,phases   ] GC(1873)   Evacuate Collection Set: 62.0ms
[2024-08-15T14:53:07.168+0000][8683.113s][info][gc,phases   ] GC(1873)   Post Evacuate Collection Set: 16.0ms
[2024-08-15T14:53:07.168+0000][8683.113s][info][gc,phases   ] GC(1873)   Other: 0.2ms
[2024-08-15T14:53:07.168+0000][8683.113s][info][gc,heap     ] GC(1873) Eden regions: 810->0(807)
[2024-08-15T14:53:07.168+0000][8683.113s][info][gc,heap     ] GC(1873) Survivor regions: 7->11(103)
[2024-08-15T14:53:07.168+0000][8683.113s][info][gc,heap     ] GC(1873) Old regions: 386->386
[2024-08-15T14:53:07.168+0000][8683.113s][info][gc,heap     ] GC(1873) Archive regions: 2->2
[2024-08-15T14:53:07.168+0000][8683.113s][info][gc,heap     ] GC(1873) Humongous regions: 5->5
[2024-08-15T14:53:07.168+0000][8683.113s][info][gc,metaspace] GC(1873) Metaspace: 442149K(448448K)->442149K(448448K) NonClass: 387149K(390720K)->387149K(390720K) Class: 55000K(57728K)->55000K(57728K)
[2024-08-15T14:53:07.168+0000][8683.113s][info][gc          ] GC(1873) Pause Young (Normal) (G1 Evacuation Pause) 9661M->3215M(12288M) 78.810ms
[2024-08-15T14:53:07.168+0000][8683.113s][info][gc,cpu      ] GC(1873) User=0.46s Sys=0.00s Real=0.08s
[2024-08-15T14:53:09.867+0000][8685.812s][info][gc,start    ] GC(1874) Pause Young (Concurrent Start) (G1 Evacuation Pause)
[2024-08-15T14:53:09.867+0000][8685.812s][info][gc,task     ] GC(1874) Using 6 workers of 6 for evacuation
[2024-08-15T14:53:09.969+0000][8685.914s][info][gc,phases   ] GC(1874)   Pre Evacuate Collection Set: 0.6ms
[2024-08-15T14:53:09.969+0000][8685.914s][info][gc,phases   ] GC(1874)   Merge Heap Roots: 0.4ms
[2024-08-15T14:53:09.969+0000][8685.914s][info][gc,phases   ] GC(1874)   Evacuate Collection Set: 80.6ms
[2024-08-15T14:53:09.969+0000][8685.914s][info][gc,phases   ] GC(1874)   Post Evacuate Collection Set: 19.9ms
[2024-08-15T14:53:09.969+0000][8685.914s][info][gc,phases   ] GC(1874)   Other: 0.3ms
[2024-08-15T14:53:09.969+0000][8685.914s][info][gc,heap     ] GC(1874) Eden regions: 807->0(803)
[2024-08-15T14:53:09.969+0000][8685.914s][info][gc,heap     ] GC(1874) Survivor regions: 11->15(103)
[2024-08-15T14:53:09.969+0000][8685.914s][info][gc,heap     ] GC(1874) Old regions: 386->386
[2024-08-15T14:53:09.969+0000][8685.914s][info][gc,heap     ] GC(1874) Archive regions: 2->2
[2024-08-15T14:53:09.969+0000][8685.914s][info][gc,heap     ] GC(1874) Humongous regions: 5->5
[2024-08-15T14:53:09.969+0000][8685.914s][info][gc,metaspace] GC(1874) Metaspace: 442149K(448448K)->442149K(448448K) NonClass: 387149K(390720K)->387149K(390720K) Class: 55000K(57728K)->55000K(57728K)
[2024-08-15T14:53:09.969+0000][8685.914s][info][gc          ] GC(1874) Pause Young (Concurrent Start) (G1 Evacuation Pause) 9671M->3249M(12288M) 101.864ms
[2024-08-15T14:53:09.969+0000][8685.914s][info][gc,cpu      ] GC(1874) User=0.59s Sys=0.01s Real=0.10s
[2024-08-15T14:53:09.969+0000][8685.914s][info][gc          ] GC(1875) Concurrent Mark Cycle
[2024-08-15T14:53:09.969+0000][8685.914s][info][gc,marking  ] GC(1875) Concurrent Clear Claimed Marks
[2024-08-15T14:53:09.970+0000][8685.914s][info][gc,marking  ] GC(1875) Concurrent Clear Claimed Marks 0.454ms
[2024-08-15T14:53:09.970+0000][8685.914s][info][gc,marking  ] GC(1875) Concurrent Scan Root Regions
[2024-08-15T14:53:10.021+0000][8685.966s][info][gc,marking  ] GC(1875) Concurrent Scan Root Regions 51.568ms
[2024-08-15T14:53:10.021+0000][8685.966s][info][gc,marking  ] GC(1875) Concurrent Mark
[2024-08-15T14:53:10.021+0000][8685.966s][info][gc,marking  ] GC(1875) Concurrent Mark From Roots
[2024-08-15T14:53:10.021+0000][8685.966s][info][gc,task     ] GC(1875) Using 2 workers of 2 for marking
[2024-08-15T14:53:12.376+0000][8688.321s][info][gc,marking  ] GC(1875) Concurrent Mark From Roots 2354.847ms
[2024-08-15T14:53:12.376+0000][8688.321s][info][gc,marking  ] GC(1875) Concurrent Preclean
[2024-08-15T14:53:12.377+0000][8688.322s][info][gc,marking  ] GC(1875) Concurrent Preclean 1.140ms
[2024-08-15T14:53:12.377+0000][8688.322s][info][gc,start    ] GC(1875) Pause Remark
[2024-08-15T14:53:12.402+0000][8688.346s][info][gc          ] GC(1875) Pause Remark 8041M->8041M(12288M) 24.268ms
[2024-08-15T14:53:12.402+0000][8688.346s][info][gc,cpu      ] GC(1875) User=0.10s Sys=0.00s Real=0.02s
[2024-08-15T14:53:12.402+0000][8688.347s][info][gc,marking  ] GC(1875) Concurrent Mark 2380.667ms
[2024-08-15T14:53:12.402+0000][8688.347s][info][gc,marking  ] GC(1875) Concurrent Rebuild Remembered Sets
[2024-08-15T14:53:13.112+0000][8689.057s][info][gc,start    ] GC(1876) Pause Young (Normal) (G1 Evacuation Pause)
[2024-08-15T14:53:13.112+0000][8689.057s][info][gc,task     ] GC(1876) Using 6 workers of 6 for evacuation
[2024-08-15T14:53:13.215+0000][8689.160s][info][gc,phases   ] GC(1876)   Pre Evacuate Collection Set: 0.2ms
[2024-08-15T14:53:13.215+0000][8689.160s][info][gc,phases   ] GC(1876)   Merge Heap Roots: 0.4ms
[2024-08-15T14:53:13.215+0000][8689.160s][info][gc,phases   ] GC(1876)   Evacuate Collection Set: 86.5ms
[2024-08-15T14:53:13.215+0000][8689.160s][info][gc,phases   ] GC(1876)   Post Evacuate Collection Set: 15.7ms
[2024-08-15T14:53:13.215+0000][8689.160s][info][gc,phases   ] GC(1876)   Other: 0.2ms
[2024-08-15T14:53:13.215+0000][8689.160s][info][gc,heap     ] GC(1876) Eden regions: 803->0(797)
[2024-08-15T14:53:13.215+0000][8689.160s][info][gc,heap     ] GC(1876) Survivor regions: 15->19(103)
[2024-08-15T14:53:13.215+0000][8689.160s][info][gc,heap     ] GC(1876) Old regions: 386->386
[2024-08-15T14:53:13.215+0000][8689.160s][info][gc,heap     ] GC(1876) Archive regions: 2->2
[2024-08-15T14:53:13.215+0000][8689.160s][info][gc,heap     ] GC(1876) Humongous regions: 5->5
[2024-08-15T14:53:13.215+0000][8689.160s][info][gc,metaspace] GC(1876) Metaspace: 442149K(448448K)->442149K(448448K) NonClass: 387149K(390720K)->387149K(390720K) Class: 55000K(57728K)->55000K(57728K)
[2024-08-15T14:53:13.215+0000][8689.160s][info][gc          ] GC(1876) Pause Young (Normal) (G1 Evacuation Pause) 9673M->3281M(12288M) 103.171ms
[2024-08-15T14:53:13.215+0000][8689.160s][info][gc,cpu      ] GC(1876) User=0.61s Sys=0.00s Real=0.11s
[2024-08-15T14:53:13.856+0000][8689.801s][info][gc,marking  ] GC(1875) Concurrent Rebuild Remembered Sets 1454.163ms
[2024-08-15T14:53:13.856+0000][8689.801s][info][gc,start    ] GC(1875) Pause Cleanup
[2024-08-15T14:53:13.857+0000][8689.802s][info][gc          ] GC(1875) Pause Cleanup 4693M->4693M(12288M) 0.630ms
[2024-08-15T14:53:13.857+0000][8689.802s][info][gc,cpu      ] GC(1875) User=0.01s Sys=0.00s Real=0.00s
[2024-08-15T14:53:13.857+0000][8689.802s][info][gc,marking  ] GC(1875) Concurrent Cleanup for Next Mark
[2024-08-15T14:53:13.886+0000][8689.831s][info][gc,marking  ] GC(1875) Concurrent Cleanup for Next Mark 28.881ms
[2024-08-15T14:53:13.886+0000][8689.831s][info][gc          ] GC(1875) Concurrent Mark Cycle 3916.880ms
[2024-08-15T14:53:15.811+0000][8691.756s][info][gc,start    ] GC(1877) Pause Young (Prepare Mixed) (G1 Evacuation Pause)
[2024-08-15T14:53:15.811+0000][8691.756s][info][gc,task     ] GC(1877) Using 6 workers of 6 for evacuation
[2024-08-15T14:53:15.933+0000][8691.878s][info][gc,phases   ] GC(1877)   Pre Evacuate Collection Set: 0.2ms
[2024-08-15T14:53:15.933+0000][8691.878s][info][gc,phases   ] GC(1877)   Merge Heap Roots: 0.5ms
[2024-08-15T14:53:15.933+0000][8691.878s][info][gc,phases   ] GC(1877)   Evacuate Collection Set: 101.3ms
[2024-08-15T14:53:15.933+0000][8691.878s][info][gc,phases   ] GC(1877)   Post Evacuate Collection Set: 19.8ms
[2024-08-15T14:53:15.933+0000][8691.878s][info][gc,phases   ] GC(1877)   Other: 0.2ms
[2024-08-15T14:53:15.933+0000][8691.878s][info][gc,heap     ] GC(1877) Eden regions: 797->0(52)
[2024-08-15T14:53:15.933+0000][8691.878s][info][gc,heap     ] GC(1877) Survivor regions: 19->24(102)
[2024-08-15T14:53:15.933+0000][8691.878s][info][gc,heap     ] GC(1877) Old regions: 386->386
[2024-08-15T14:53:15.933+0000][8691.878s][info][gc,heap     ] GC(1877) Archive regions: 2->2
[2024-08-15T14:53:15.933+0000][8691.878s][info][gc,heap     ] GC(1877) Humongous regions: 5->5
[2024-08-15T14:53:15.933+0000][8691.878s][info][gc,metaspace] GC(1877) Metaspace: 442149K(448448K)->442149K(448448K) NonClass: 387149K(390720K)->387149K(390720K) Class: 55000K(57728K)->55000K(57728K)
[2024-08-15T14:53:15.933+0000][8691.878s][info][gc          ] GC(1877) Pause Young (Prepare Mixed) (G1 Evacuation Pause) 9657M->3318M(12288M) 121.996ms
[2024-08-15T14:53:15.933+0000][8691.878s][info][gc,cpu      ] GC(1877) User=0.71s Sys=0.00s Real=0.12s
[2024-08-15T14:53:16.117+0000][8692.061s][info][gc,start    ] GC(1878) Pause Young (Mixed) (G1 Evacuation Pause)
[2024-08-15T14:53:16.117+0000][8692.061s][info][gc,task     ] GC(1878) Using 6 workers of 6 for evacuation
[2024-08-15T14:53:16.226+0000][8692.170s][info][gc,phases   ] GC(1878)   Pre Evacuate Collection Set: 0.2ms
[2024-08-15T14:53:16.226+0000][8692.170s][info][gc,phases   ] GC(1878)   Merge Heap Roots: 0.4ms
[2024-08-15T14:53:16.226+0000][8692.170s][info][gc,phases   ] GC(1878)   Evacuate Collection Set: 105.8ms
[2024-08-15T14:53:16.226+0000][8692.170s][info][gc,phases   ] GC(1878)   Post Evacuate Collection Set: 2.5ms
[2024-08-15T14:53:16.226+0000][8692.170s][info][gc,phases   ] GC(1878)   Other: 0.2ms
[2024-08-15T14:53:16.226+0000][8692.170s][info][gc,heap     ] GC(1878) Eden regions: 52->0(812)
[2024-08-15T14:53:16.226+0000][8692.170s][info][gc,heap     ] GC(1878) Survivor regions: 24->3(10)
[2024-08-15T14:53:16.226+0000][8692.170s][info][gc,heap     ] GC(1878) Old regions: 386->390
[2024-08-15T14:53:16.226+0000][8692.170s][info][gc,heap     ] GC(1878) Archive regions: 2->2
[2024-08-15T14:53:16.226+0000][8692.170s][info][gc,heap     ] GC(1878) Humongous regions: 5->5
[2024-08-15T14:53:16.226+0000][8692.170s][info][gc,metaspace] GC(1878) Metaspace: 442149K(448448K)->442149K(448448K) NonClass: 387149K(390720K)->387149K(390720K) Class: 55000K(57728K)->55000K(57728K)
[2024-08-15T14:53:16.226+0000][8692.170s][info][gc          ] GC(1878) Pause Young (Mixed) (G1 Evacuation Pause) 3734M->3187M(12288M) 109.115ms
[2024-08-15T14:53:16.226+0000][8692.171s][info][gc,cpu      ] GC(1878) User=0.65s Sys=0.00s Real=0.11s
[2024-08-15T14:53:18.820+0000][8694.765s][info][gc,start    ] GC(1879) Pause Young (Normal) (G1 Evacuation Pause)
[2024-08-15T14:53:18.820+0000][8694.765s][info][gc,task     ] GC(1879) Using 6 workers of 6 for evacuation
[2024-08-15T14:53:18.891+0000][8694.836s][info][gc,phases   ] GC(1879)   Pre Evacuate Collection Set: 0.2ms
[2024-08-15T14:53:18.891+0000][8694.836s][info][gc,phases   ] GC(1879)   Merge Heap Roots: 0.3ms
[2024-08-15T14:53:18.891+0000][8694.836s][info][gc,phases   ] GC(1879)   Evacuate Collection Set: 51.8ms
[2024-08-15T14:53:18.891+0000][8694.836s][info][gc,phases   ] GC(1879)   Post Evacuate Collection Set: 18.3ms
[2024-08-15T14:53:18.891+0000][8694.836s][info][gc,phases   ] GC(1879)   Other: 0.2ms
[2024-08-15T14:53:18.891+0000][8694.836s][info][gc,heap     ] GC(1879) Eden regions: 812->0(808)
[2024-08-15T14:53:18.891+0000][8694.836s][info][gc,heap     ] GC(1879) Survivor regions: 3->7(102)
[2024-08-15T14:53:18.891+0000][8694.836s][info][gc,heap     ] GC(1879) Old regions: 390->390
[2024-08-15T14:53:18.891+0000][8694.836s][info][gc,heap     ] GC(1879) Archive regions: 2->2
[2024-08-15T14:53:18.891+0000][8694.836s][info][gc,heap     ] GC(1879) Humongous regions: 5->5
[2024-08-15T14:53:18.891+0000][8694.836s][info][gc,metaspace] GC(1879) Metaspace: 442149K(448448K)->442149K(448448K) NonClass: 387149K(390720K)->387149K(390720K) Class: 55000K(57728K)->55000K(57728K)
[2024-08-15T14:53:18.891+0000][8694.836s][info][gc          ] GC(1879) Pause Young (Normal) (G1 Evacuation Pause) 9683M->3214M(12288M) 70.850ms
[2024-08-15T14:53:18.891+0000][8694.836s][info][gc,cpu      ] GC(1879) User=0.41s Sys=0.00s Real=0.07s
[2024-08-15T14:53:22.699+0000][8698.644s][info][gc,start    ] GC(1880) Pause Young (Normal) (G1 Evacuation Pause)
[2024-08-15T14:53:22.699+0000][8698.644s][info][gc,task     ] GC(1880) Using 6 workers of 6 for evacuation
[2024-08-15T14:53:22.772+0000][8698.717s][info][gc,phases   ] GC(1880)   Pre Evacuate Collection Set: 0.2ms
[2024-08-15T14:53:22.772+0000][8698.717s][info][gc,phases   ] GC(1880)   Merge Heap Roots: 0.2ms
[2024-08-15T14:53:22.772+0000][8698.717s][info][gc,phases   ] GC(1880)   Evacuate Collection Set: 57.6ms
[2024-08-15T14:53:22.772+0000][8698.717s][info][gc,phases   ] GC(1880)   Post Evacuate Collection Set: 14.8ms
[2024-08-15T14:53:22.772+0000][8698.717s][info][gc,phases   ] GC(1880)   Other: 0.2ms
[2024-08-15T14:53:22.772+0000][8698.717s][info][gc,heap     ] GC(1880) Eden regions: 808->0(803)
[2024-08-15T14:53:22.772+0000][8698.717s][info][gc,heap     ] GC(1880) Survivor regions: 7->12(102)
[2024-08-15T14:53:22.772+0000][8698.717s][info][gc,heap     ] GC(1880) Old regions: 390->390
[2024-08-15T14:53:22.772+0000][8698.717s][info][gc,heap     ] GC(1880) Archive regions: 2->2
[2024-08-15T14:53:22.772+0000][8698.717s][info][gc,heap     ] GC(1880) Humongous regions: 5->5
[2024-08-15T14:53:22.772+0000][8698.717s][info][gc,metaspace] GC(1880) Metaspace: 442149K(448448K)->442149K(448448K) NonClass: 387149K(390720K)->387149K(390720K) Class: 55000K(57728K)->55000K(57728K)
[2024-08-15T14:53:22.772+0000][8698.717s][info][gc          ] GC(1880) Pause Young (Normal) (G1 Evacuation Pause) 9678M->3253M(12288M) 73.068ms
[2024-08-15T14:53:22.772+0000][8698.717s][info][gc,cpu      ] GC(1880) User=0.42s Sys=0.00s Real=0.07s
[2024-08-15T14:53:31.554+0000][8707.499s][info][gc,start    ] GC(1881) Pause Young (Concurrent Start) (G1 Evacuation Pause)
[2024-08-15T14:53:31.554+0000][8707.499s][info][gc,task     ] GC(1881) Using 6 workers of 6 for evacuation
[2024-08-15T14:53:31.603+0000][8707.548s][info][gc,phases   ] GC(1881)   Pre Evacuate Collection Set: 0.6ms
[2024-08-15T14:53:31.603+0000][8707.548s][info][gc,phases   ] GC(1881)   Merge Heap Roots: 0.3ms
[2024-08-15T14:53:31.603+0000][8707.548s][info][gc,phases   ] GC(1881)   Evacuate Collection Set: 46.0ms
[2024-08-15T14:53:31.603+0000][8707.548s][info][gc,phases   ] GC(1881)   Post Evacuate Collection Set: 1.8ms
[2024-08-15T14:53:31.603+0000][8707.548s][info][gc,phases   ] GC(1881)   Other: 0.3ms
[2024-08-15T14:53:31.603+0000][8707.548s][info][gc,heap     ] GC(1881) Eden regions: 803->0(800)
[2024-08-15T14:53:31.603+0000][8707.548s][info][gc,heap     ] GC(1881) Survivor regions: 12->15(102)
[2024-08-15T14:53:31.603+0000][8707.548s][info][gc,heap     ] GC(1881) Old regions: 390->390
[2024-08-15T14:53:31.603+0000][8707.548s][info][gc,heap     ] GC(1881) Archive regions: 2->2
[2024-08-15T14:53:31.603+0000][8707.548s][info][gc,heap     ] GC(1881) Humongous regions: 5->5
[2024-08-15T14:53:31.603+0000][8707.548s][info][gc,metaspace] GC(1881) Metaspace: 442149K(448448K)->442149K(448448K) NonClass: 387149K(390720K)->387149K(390720K) Class: 55000K(57728K)->55000K(57728K)
[2024-08-15T14:53:31.603+0000][8707.548s][info][gc          ] GC(1881) Pause Young (Concurrent Start) (G1 Evacuation Pause) 9677M->3283M(12288M) 49.156ms
[2024-08-15T14:53:31.603+0000][8707.548s][info][gc,cpu      ] GC(1881) User=0.28s Sys=0.01s Real=0.06s
[2024-08-15T14:53:31.603+0000][8707.548s][info][gc          ] GC(1882) Concurrent Mark Cycle
[2024-08-15T14:53:31.603+0000][8707.548s][info][gc,marking  ] GC(1882) Concurrent Clear Claimed Marks
[2024-08-15T14:53:31.604+0000][8707.548s][info][gc,marking  ] GC(1882) Concurrent Clear Claimed Marks 0.514ms
[2024-08-15T14:53:31.604+0000][8707.548s][info][gc,marking  ] GC(1882) Concurrent Scan Root Regions
[2024-08-15T14:53:31.640+0000][8707.584s][info][gc,marking  ] GC(1882) Concurrent Scan Root Regions 35.998ms
[2024-08-15T14:53:31.640+0000][8707.584s][info][gc,marking  ] GC(1882) Concurrent Mark
[2024-08-15T14:53:31.640+0000][8707.584s][info][gc,marking  ] GC(1882) Concurrent Mark From Roots
[2024-08-15T14:53:31.640+0000][8707.584s][info][gc,task     ] GC(1882) Using 2 workers of 2 for marking
[2024-08-15T14:53:33.961+0000][8709.906s][info][gc,marking  ] GC(1882) Concurrent Mark From Roots 2321.456ms
[2024-08-15T14:53:33.961+0000][8709.906s][info][gc,marking  ] GC(1882) Concurrent Preclean
[2024-08-15T14:53:33.963+0000][8709.907s][info][gc,marking  ] GC(1882) Concurrent Preclean 1.376ms
[2024-08-15T14:53:33.963+0000][8709.907s][info][gc,start    ] GC(1882) Pause Remark
[2024-08-15T14:53:33.987+0000][8709.931s][info][gc          ] GC(1882) Pause Remark 4895M->4895M(12288M) 23.773ms
[2024-08-15T14:53:33.987+0000][8709.931s][info][gc,cpu      ] GC(1882) User=0.10s Sys=0.00s Real=0.03s
[2024-08-15T14:53:33.987+0000][8709.931s][info][gc,marking  ] GC(1882) Concurrent Mark 2347.052ms
[2024-08-15T14:53:33.987+0000][8709.932s][info][gc,marking  ] GC(1882) Concurrent Rebuild Remembered Sets
[2024-08-15T14:53:35.405+0000][8711.349s][info][gc,marking  ] GC(1882) Concurrent Rebuild Remembered Sets 1417.883ms
[2024-08-15T14:53:35.405+0000][8711.350s][info][gc,start    ] GC(1882) Pause Cleanup
[2024-08-15T14:53:35.406+0000][8711.350s][info][gc          ] GC(1882) Pause Cleanup 5895M->5895M(12288M) 0.629ms
[2024-08-15T14:53:35.406+0000][8711.350s][info][gc,cpu      ] GC(1882) User=0.00s Sys=0.00s Real=0.00s
[2024-08-15T14:53:35.406+0000][8711.350s][info][gc,marking  ] GC(1882) Concurrent Cleanup for Next Mark
[2024-08-15T14:53:35.423+0000][8711.367s][info][gc,marking  ] GC(1882) Concurrent Cleanup for Next Mark 17.044ms
[2024-08-15T14:53:35.423+0000][8711.367s][info][gc          ] GC(1882) Concurrent Mark Cycle 3819.584ms
[2024-08-15T14:53:40.535+0000][8716.479s][info][gc,start    ] GC(1883) Pause Young (Prepare Mixed) (G1 Evacuation Pause)
[2024-08-15T14:53:40.535+0000][8716.479s][info][gc,task     ] GC(1883) Using 6 workers of 6 for evacuation
[2024-08-15T14:53:40.587+0000][8716.532s][info][gc,phases   ] GC(1883)   Pre Evacuate Collection Set: 0.2ms
[2024-08-15T14:53:40.587+0000][8716.532s][info][gc,phases   ] GC(1883)   Merge Heap Roots: 0.4ms
[2024-08-15T14:53:40.587+0000][8716.532s][info][gc,phases   ] GC(1883)   Evacuate Collection Set: 50.1ms
[2024-08-15T14:53:40.587+0000][8716.532s][info][gc,phases   ] GC(1883)   Post Evacuate Collection Set: 2.0ms
[2024-08-15T14:53:40.587+0000][8716.532s][info][gc,phases   ] GC(1883)   Other: 0.2ms
[2024-08-15T14:53:40.587+0000][8716.532s][info][gc,heap     ] GC(1883) Eden regions: 800->0(57)
[2024-08-15T14:53:40.587+0000][8716.532s][info][gc,heap     ] GC(1883) Survivor regions: 15->19(102)
[2024-08-15T14:53:40.587+0000][8716.532s][info][gc,heap     ] GC(1883) Old regions: 390->390
[2024-08-15T14:53:40.587+0000][8716.532s][info][gc,heap     ] GC(1883) Archive regions: 2->2
[2024-08-15T14:53:40.587+0000][8716.532s][info][gc,heap     ] GC(1883) Humongous regions: 5->5
[2024-08-15T14:53:40.587+0000][8716.532s][info][gc,metaspace] GC(1883) Metaspace: 442154K(448448K)->442154K(448448K) NonClass: 387153K(390720K)->387153K(390720K) Class: 55000K(57728K)->55000K(57728K)
[2024-08-15T14:53:40.588+0000][8716.532s][info][gc          ] GC(1883) Pause Young (Prepare Mixed) (G1 Evacuation Pause) 9683M->3311M(12288M) 52.907ms
[2024-08-15T14:53:40.588+0000][8716.532s][info][gc,cpu      ] GC(1883) User=0.32s Sys=0.00s Real=0.06s
[2024-08-15T14:53:41.184+0000][8717.129s][info][gc,start    ] GC(1884) Pause Young (Mixed) (G1 Evacuation Pause)
[2024-08-15T14:53:41.184+0000][8717.129s][info][gc,task     ] GC(1884) Using 6 workers of 6 for evacuation
[2024-08-15T14:53:41.280+0000][8717.224s][info][gc,phases   ] GC(1884)   Pre Evacuate Collection Set: 0.2ms
[2024-08-15T14:53:41.280+0000][8717.224s][info][gc,phases   ] GC(1884)   Merge Heap Roots: 0.4ms
[2024-08-15T14:53:41.280+0000][8717.224s][info][gc,phases   ] GC(1884)   Evacuate Collection Set: 93.6ms
[2024-08-15T14:53:41.280+0000][8717.224s][info][gc,phases   ] GC(1884)   Post Evacuate Collection Set: 1.3ms
[2024-08-15T14:53:41.280+0000][8717.224s][info][gc,phases   ] GC(1884)   Other: 0.2ms
[2024-08-15T14:53:41.280+0000][8717.224s][info][gc,heap     ] GC(1884) Eden regions: 57->0(808)
[2024-08-15T14:53:41.280+0000][8717.224s][info][gc,heap     ] GC(1884) Survivor regions: 19->7(10)
[2024-08-15T14:53:41.280+0000][8717.224s][info][gc,heap     ] GC(1884) Old regions: 390->390
[2024-08-15T14:53:41.280+0000][8717.224s][info][gc,heap     ] GC(1884) Archive regions: 2->2
[2024-08-15T14:53:41.280+0000][8717.224s][info][gc,heap     ] GC(1884) Humongous regions: 5->5
[2024-08-15T14:53:41.280+0000][8717.224s][info][gc,metaspace] GC(1884) Metaspace: 442154K(448448K)->442154K(448448K) NonClass: 387153K(390720K)->387153K(390720K) Class: 55000K(57728K)->55000K(57728K)
[2024-08-15T14:53:41.280+0000][8717.224s][info][gc          ] GC(1884) Pause Young (Mixed) (G1 Evacuation Pause) 3767M->3216M(12288M) 95.785ms
[2024-08-15T14:53:41.280+0000][8717.225s][info][gc,cpu      ] GC(1884) User=0.57s Sys=0.00s Real=0.09s
[2024-08-15T14:53:50.129+0000][8726.074s][info][gc,start    ] GC(1885) Pause Young (Normal) (G1 Evacuation Pause)
[2024-08-15T14:53:50.129+0000][8726.074s][info][gc,task     ] GC(1885) Using 6 workers of 6 for evacuation
[2024-08-15T14:53:50.151+0000][8726.096s][info][gc,phases   ] GC(1885)   Pre Evacuate Collection Set: 0.2ms
[2024-08-15T14:53:50.151+0000][8726.096s][info][gc,phases   ] GC(1885)   Merge Heap Roots: 0.3ms
[2024-08-15T14:53:50.151+0000][8726.096s][info][gc,phases   ] GC(1885)   Evacuate Collection Set: 19.9ms
[2024-08-15T14:53:50.151+0000][8726.096s][info][gc,phases   ] GC(1885)   Post Evacuate Collection Set: 1.8ms
[2024-08-15T14:53:50.151+0000][8726.096s][info][gc,phases   ] GC(1885)   Other: 0.2ms
[2024-08-15T14:53:50.151+0000][8726.096s][info][gc,heap     ] GC(1885) Eden regions: 808->0(806)
[2024-08-15T14:53:50.151+0000][8726.096s][info][gc,heap     ] GC(1885) Survivor regions: 7->9(102)
[2024-08-15T14:53:50.151+0000][8726.096s][info][gc,heap     ] GC(1885) Old regions: 390->390
[2024-08-15T14:53:50.151+0000][8726.096s][info][gc,heap     ] GC(1885) Archive regions: 2->2
[2024-08-15T14:53:50.151+0000][8726.096s][info][gc,heap     ] GC(1885) Humongous regions: 5->5
[2024-08-15T14:53:50.151+0000][8726.096s][info][gc,metaspace] GC(1885) Metaspace: 442154K(448448K)->442154K(448448K) NonClass: 387153K(390720K)->387153K(390720K) Class: 55000K(57728K)->55000K(57728K)
[2024-08-15T14:53:50.151+0000][8726.096s][info][gc          ] GC(1885) Pause Young (Normal) (G1 Evacuation Pause) 9680M->3234M(12288M) 22.374ms
[2024-08-15T14:53:50.151+0000][8726.096s][info][gc,cpu      ] GC(1885) User=0.13s Sys=0.00s Real=0.02s
[2024-08-15T14:53:57.156+0000][8733.101s][info][gc,start    ] GC(1886) Pause Young (Normal) (G1 Evacuation Pause)
[2024-08-15T14:53:57.156+0000][8733.101s][info][gc,task     ] GC(1886) Using 6 workers of 6 for evacuation
[2024-08-15T14:53:57.185+0000][8733.130s][info][gc,phases   ] GC(1886)   Pre Evacuate Collection Set: 0.2ms
[2024-08-15T14:53:57.185+0000][8733.130s][info][gc,phases   ] GC(1886)   Merge Heap Roots: 0.2ms
[2024-08-15T14:53:57.185+0000][8733.130s][info][gc,phases   ] GC(1886)   Evacuate Collection Set: 26.3ms
[2024-08-15T14:53:57.185+0000][8733.130s][info][gc,phases   ] GC(1886)   Post Evacuate Collection Set: 1.9ms
[2024-08-15T14:53:57.185+0000][8733.130s][info][gc,phases   ] GC(1886)   Other: 0.2ms
[2024-08-15T14:53:57.185+0000][8733.130s][info][gc,heap     ] GC(1886) Eden regions: 806->0(806)
[2024-08-15T14:53:57.185+0000][8733.130s][info][gc,heap     ] GC(1886) Survivor regions: 9->10(102)
[2024-08-15T14:53:57.185+0000][8733.130s][info][gc,heap     ] GC(1886) Old regions: 390->390
[2024-08-15T14:53:57.185+0000][8733.130s][info][gc,heap     ] GC(1886) Archive regions: 2->2
[2024-08-15T14:53:57.185+0000][8733.130s][info][gc,heap     ] GC(1886) Humongous regions: 5->5
[2024-08-15T14:53:57.185+0000][8733.130s][info][gc,metaspace] GC(1886) Metaspace: 442154K(448448K)->442154K(448448K) NonClass: 387153K(390720K)->387153K(390720K) Class: 55000K(57728K)->55000K(57728K)
[2024-08-15T14:53:57.185+0000][8733.130s][info][gc          ] GC(1886) Pause Young (Normal) (G1 Evacuation Pause) 9682M->3238M(12288M) 28.904ms
[2024-08-15T14:53:57.185+0000][8733.130s][info][gc,cpu      ] GC(1886) User=0.16s Sys=0.01s Real=0.03s
[2024-08-15T14:54:05.136+0000][8741.081s][info][gc,start    ] GC(1887) Pause Young (Concurrent Start) (G1 Evacuation Pause)
[2024-08-15T14:54:05.136+0000][8741.081s][info][gc,task     ] GC(1887) Using 6 workers of 6 for evacuation
[2024-08-15T14:54:05.167+0000][8741.112s][info][gc,phases   ] GC(1887)   Pre Evacuate Collection Set: 0.6ms
[2024-08-15T14:54:05.167+0000][8741.112s][info][gc,phases   ] GC(1887)   Merge Heap Roots: 0.2ms
[2024-08-15T14:54:05.167+0000][8741.112s][info][gc,phases   ] GC(1887)   Evacuate Collection Set: 28.6ms
[2024-08-15T14:54:05.167+0000][8741.112s][info][gc,phases   ] GC(1887)   Post Evacuate Collection Set: 1.8ms
[2024-08-15T14:54:05.167+0000][8741.112s][info][gc,phases   ] GC(1887)   Other: 0.3ms
[2024-08-15T14:54:05.167+0000][8741.112s][info][gc,heap     ] GC(1887) Eden regions: 806->0(806)
[2024-08-15T14:54:05.167+0000][8741.112s][info][gc,heap     ] GC(1887) Survivor regions: 10->11(102)
[2024-08-15T14:54:05.167+0000][8741.112s][info][gc,heap     ] GC(1887) Old regions: 390->390
[2024-08-15T14:54:05.167+0000][8741.112s][info][gc,heap     ] GC(1887) Archive regions: 2->2
[2024-08-15T14:54:05.167+0000][8741.112s][info][gc,heap     ] GC(1887) Humongous regions: 5->5
[2024-08-15T14:54:05.167+0000][8741.112s][info][gc,metaspace] GC(1887) Metaspace: 442154K(448448K)->442154K(448448K) NonClass: 387153K(390720K)->387153K(390720K) Class: 55000K(57728K)->55000K(57728K)
[2024-08-15T14:54:05.168+0000][8741.112s][info][gc          ] GC(1887) Pause Young (Concurrent Start) (G1 Evacuation Pause) 9686M->3249M(12288M) 31.527ms
[2024-08-15T14:54:05.168+0000][8741.112s][info][gc,cpu      ] GC(1887) User=0.18s Sys=0.00s Real=0.03s
[2024-08-15T14:54:05.168+0000][8741.112s][info][gc          ] GC(1888) Concurrent Mark Cycle
[2024-08-15T14:54:05.168+0000][8741.112s][info][gc,marking  ] GC(1888) Concurrent Clear Claimed Marks
[2024-08-15T14:54:05.168+0000][8741.113s][info][gc,marking  ] GC(1888) Concurrent Clear Claimed Marks 0.461ms
[2024-08-15T14:54:05.168+0000][8741.113s][info][gc,marking  ] GC(1888) Concurrent Scan Root Regions
[2024-08-15T14:54:05.198+0000][8741.142s][info][gc,marking  ] GC(1888) Concurrent Scan Root Regions 29.426ms
[2024-08-15T14:54:05.198+0000][8741.142s][info][gc,marking  ] GC(1888) Concurrent Mark
[2024-08-15T14:54:05.198+0000][8741.142s][info][gc,marking  ] GC(1888) Concurrent Mark From Roots
[2024-08-15T14:54:05.198+0000][8741.142s][info][gc,task     ] GC(1888) Using 2 workers of 2 for marking
[2024-08-15T14:54:07.604+0000][8743.549s][info][gc,marking  ] GC(1888) Concurrent Mark From Roots 2406.445ms
[2024-08-15T14:54:07.604+0000][8743.549s][info][gc,marking  ] GC(1888) Concurrent Preclean
[2024-08-15T14:54:07.605+0000][8743.550s][info][gc,marking  ] GC(1888) Concurrent Preclean 1.201ms
[2024-08-15T14:54:07.605+0000][8743.550s][info][gc,start    ] GC(1888) Pause Remark
[2024-08-15T14:54:07.629+0000][8743.574s][info][gc          ] GC(1888) Pause Remark 4861M->4861M(12288M) 23.890ms
[2024-08-15T14:54:07.629+0000][8743.574s][info][gc,cpu      ] GC(1888) User=0.10s Sys=0.00s Real=0.02s
[2024-08-15T14:54:07.630+0000][8743.574s][info][gc,marking  ] GC(1888) Concurrent Mark 2432.004ms
[2024-08-15T14:54:07.630+0000][8743.574s][info][gc,marking  ] GC(1888) Concurrent Rebuild Remembered Sets
[2024-08-15T14:54:09.078+0000][8745.023s][info][gc,marking  ] GC(1888) Concurrent Rebuild Remembered Sets 1448.498ms
[2024-08-15T14:54:09.078+0000][8745.023s][info][gc,start    ] GC(1888) Pause Cleanup
[2024-08-15T14:54:09.079+0000][8745.024s][info][gc          ] GC(1888) Pause Cleanup 5901M->5901M(12288M) 0.609ms
[2024-08-15T14:54:09.079+0000][8745.024s][info][gc,cpu      ] GC(1888) User=0.00s Sys=0.00s Real=0.00s
[2024-08-15T14:54:09.079+0000][8745.024s][info][gc,marking  ] GC(1888) Concurrent Cleanup for Next Mark
[2024-08-15T14:54:09.097+0000][8745.041s][info][gc,marking  ] GC(1888) Concurrent Cleanup for Next Mark 17.688ms
[2024-08-15T14:54:09.097+0000][8745.041s][info][gc          ] GC(1888) Concurrent Mark Cycle 3929.280ms
[2024-08-15T14:54:14.204+0000][8750.149s][info][gc,start    ] GC(1889) Pause Young (Prepare Mixed) (G1 Evacuation Pause)
[2024-08-15T14:54:14.204+0000][8750.149s][info][gc,task     ] GC(1889) Using 6 workers of 6 for evacuation
[2024-08-15T14:54:14.239+0000][8750.183s][info][gc,phases   ] GC(1889)   Pre Evacuate Collection Set: 0.2ms
[2024-08-15T14:54:14.239+0000][8750.183s][info][gc,phases   ] GC(1889)   Merge Heap Roots: 0.3ms
[2024-08-15T14:54:14.239+0000][8750.183s][info][gc,phases   ] GC(1889)   Evacuate Collection Set: 31.8ms
[2024-08-15T14:54:14.239+0000][8750.183s][info][gc,phases   ] GC(1889)   Post Evacuate Collection Set: 1.8ms
[2024-08-15T14:54:14.239+0000][8750.183s][info][gc,phases   ] GC(1889)   Other: 0.2ms
[2024-08-15T14:54:14.239+0000][8750.183s][info][gc,heap     ] GC(1889) Eden regions: 806->0(62)
[2024-08-15T14:54:14.239+0000][8750.183s][info][gc,heap     ] GC(1889) Survivor regions: 11->14(103)
[2024-08-15T14:54:14.239+0000][8750.183s][info][gc,heap     ] GC(1889) Old regions: 390->390
[2024-08-15T14:54:14.239+0000][8750.183s][info][gc,heap     ] GC(1889) Archive regions: 2->2
[2024-08-15T14:54:14.239+0000][8750.183s][info][gc,heap     ] GC(1889) Humongous regions: 5->5
[2024-08-15T14:54:14.239+0000][8750.183s][info][gc,metaspace] GC(1889) Metaspace: 442154K(448448K)->442154K(448448K) NonClass: 387153K(390720K)->387153K(390720K) Class: 55000K(57728K)->55000K(57728K)
[2024-08-15T14:54:14.239+0000][8750.183s][info][gc          ] GC(1889) Pause Young (Prepare Mixed) (G1 Evacuation Pause) 9697M->3273M(12288M) 34.326ms
[2024-08-15T14:54:14.239+0000][8750.183s][info][gc,cpu      ] GC(1889) User=0.20s Sys=0.00s Real=0.03s
[2024-08-15T14:54:14.911+0000][8750.855s][info][gc,start    ] GC(1890) Pause Young (Mixed) (G1 Evacuation Pause)
[2024-08-15T14:54:14.911+0000][8750.855s][info][gc,task     ] GC(1890) Using 6 workers of 6 for evacuation
[2024-08-15T14:54:14.981+0000][8750.926s][info][gc,phases   ] GC(1890)   Pre Evacuate Collection Set: 0.2ms
[2024-08-15T14:54:14.981+0000][8750.926s][info][gc,phases   ] GC(1890)   Merge Heap Roots: 0.4ms
[2024-08-15T14:54:14.981+0000][8750.926s][info][gc,phases   ] GC(1890)   Evacuate Collection Set: 68.5ms
[2024-08-15T14:54:14.981+0000][8750.926s][info][gc,phases   ] GC(1890)   Post Evacuate Collection Set: 1.3ms
[2024-08-15T14:54:14.981+0000][8750.926s][info][gc,phases   ] GC(1890)   Other: 0.2ms
[2024-08-15T14:54:14.981+0000][8750.926s][info][gc,heap     ] GC(1890) Eden regions: 62->0(813)
[2024-08-15T14:54:14.981+0000][8750.926s][info][gc,heap     ] GC(1890) Survivor regions: 14->5(10)
[2024-08-15T14:54:14.981+0000][8750.926s][info][gc,heap     ] GC(1890) Old regions: 390->389
[2024-08-15T14:54:14.981+0000][8750.926s][info][gc,heap     ] GC(1890) Archive regions: 2->2
[2024-08-15T14:54:14.981+0000][8750.926s][info][gc,heap     ] GC(1890) Humongous regions: 5->5
[2024-08-15T14:54:14.981+0000][8750.926s][info][gc,metaspace] GC(1890) Metaspace: 442154K(448448K)->442154K(448448K) NonClass: 387153K(390720K)->387153K(390720K) Class: 55000K(57728K)->55000K(57728K)
[2024-08-15T14:54:14.981+0000][8750.926s][info][gc          ] GC(1890) Pause Young (Mixed) (G1 Evacuation Pause) 3769M->3188M(12288M) 70.669ms
[2024-08-15T14:54:14.981+0000][8750.926s][info][gc,cpu      ] GC(1890) User=0.42s Sys=0.01s Real=0.07s
[2024-08-15T14:54:23.899+0000][8759.844s][info][gc,start    ] GC(1891) Pause Young (Normal) (G1 Evacuation Pause)
[2024-08-15T14:54:23.899+0000][8759.844s][info][gc,task     ] GC(1891) Using 6 workers of 6 for evacuation
[2024-08-15T14:54:23.922+0000][8759.866s][info][gc,phases   ] GC(1891)   Pre Evacuate Collection Set: 0.2ms
[2024-08-15T14:54:23.922+0000][8759.866s][info][gc,phases   ] GC(1891)   Merge Heap Roots: 0.2ms
[2024-08-15T14:54:23.922+0000][8759.866s][info][gc,phases   ] GC(1891)   Evacuate Collection Set: 20.3ms
[2024-08-15T14:54:23.922+0000][8759.866s][info][gc,phases   ] GC(1891)   Post Evacuate Collection Set: 1.9ms
[2024-08-15T14:54:23.922+0000][8759.866s][info][gc,phases   ] GC(1891)   Other: 0.2ms
[2024-08-15T14:54:23.922+0000][8759.866s][info][gc,heap     ] GC(1891) Eden regions: 813->0(810)
[2024-08-15T14:54:23.922+0000][8759.866s][info][gc,heap     ] GC(1891) Survivor regions: 5->8(103)
[2024-08-15T14:54:23.922+0000][8759.866s][info][gc,heap     ] GC(1891) Old regions: 389->389
[2024-08-15T14:54:23.922+0000][8759.866s][info][gc,heap     ] GC(1891) Archive regions: 2->2
[2024-08-15T14:54:23.922+0000][8759.866s][info][gc,heap     ] GC(1891) Humongous regions: 5->5
[2024-08-15T14:54:23.922+0000][8759.866s][info][gc,metaspace] GC(1891) Metaspace: 442154K(448448K)->442154K(448448K) NonClass: 387153K(390720K)->387153K(390720K) Class: 55000K(57728K)->55000K(57728K)
[2024-08-15T14:54:23.922+0000][8759.867s][info][gc          ] GC(1891) Pause Young (Normal) (G1 Evacuation Pause) 9692M->3212M(12288M) 22.947ms
[2024-08-15T14:54:23.922+0000][8759.867s][info][gc,cpu      ] GC(1891) User=0.13s Sys=0.00s Real=0.02s
[2024-08-15T14:54:32.720+0000][8768.664s][info][gc,start    ] GC(1892) Pause Young (Normal) (G1 Evacuation Pause)
[2024-08-15T14:54:32.720+0000][8768.664s][info][gc,task     ] GC(1892) Using 6 workers of 6 for evacuation
[2024-08-15T14:54:32.748+0000][8768.693s][info][gc,phases   ] GC(1892)   Pre Evacuate Collection Set: 0.2ms
[2024-08-15T14:54:32.748+0000][8768.693s][info][gc,phases   ] GC(1892)   Merge Heap Roots: 0.3ms
[2024-08-15T14:54:32.748+0000][8768.693s][info][gc,phases   ] GC(1892)   Evacuate Collection Set: 25.9ms
[2024-08-15T14:54:32.748+0000][8768.693s][info][gc,phases   ] GC(1892)   Post Evacuate Collection Set: 1.8ms
[2024-08-15T14:54:32.748+0000][8768.693s][info][gc,phases   ] GC(1892)   Other: 0.2ms
[2024-08-15T14:54:32.748+0000][8768.693s][info][gc,heap     ] GC(1892) Eden regions: 810->0(805)
[2024-08-15T14:54:32.748+0000][8768.693s][info][gc,heap     ] GC(1892) Survivor regions: 8->12(103)
[2024-08-15T14:54:32.748+0000][8768.693s][info][gc,heap     ] GC(1892) Old regions: 389->389
[2024-08-15T14:54:32.748+0000][8768.693s][info][gc,heap     ] GC(1892) Archive regions: 2->2
[2024-08-15T14:54:32.748+0000][8768.693s][info][gc,heap     ] GC(1892) Humongous regions: 5->5
[2024-08-15T14:54:32.748+0000][8768.693s][info][gc,metaspace] GC(1892) Metaspace: 442155K(448448K)->442155K(448448K) NonClass: 387154K(390720K)->387154K(390720K) Class: 55000K(57728K)->55000K(57728K)
[2024-08-15T14:54:32.748+0000][8768.693s][info][gc          ] GC(1892) Pause Young (Normal) (G1 Evacuation Pause) 9692M->3245M(12288M) 28.397ms
[2024-08-15T14:54:32.748+0000][8768.693s][info][gc,cpu      ] GC(1892) User=0.17s Sys=0.00s Real=0.03s
[2024-08-15T14:54:40.875+0000][8776.820s][info][gc,start    ] GC(1893) Pause Young (Concurrent Start) (G1 Evacuation Pause)
[2024-08-15T14:54:40.875+0000][8776.820s][info][gc,task     ] GC(1893) Using 6 workers of 6 for evacuation
[2024-08-15T14:54:40.909+0000][8776.854s][info][gc,phases   ] GC(1893)   Pre Evacuate Collection Set: 0.6ms
[2024-08-15T14:54:40.909+0000][8776.854s][info][gc,phases   ] GC(1893)   Merge Heap Roots: 0.3ms
[2024-08-15T14:54:40.909+0000][8776.854s][info][gc,phases   ] GC(1893)   Evacuate Collection Set: 31.1ms
[2024-08-15T14:54:40.909+0000][8776.854s][info][gc,phases   ] GC(1893)   Post Evacuate Collection Set: 1.9ms
[2024-08-15T14:54:40.909+0000][8776.854s][info][gc,phases   ] GC(1893)   Other: 0.3ms
[2024-08-15T14:54:40.909+0000][8776.854s][info][gc,heap     ] GC(1893) Eden regions: 805->0(807)
[2024-08-15T14:54:40.909+0000][8776.854s][info][gc,heap     ] GC(1893) Survivor regions: 12->11(103)
[2024-08-15T14:54:40.909+0000][8776.854s][info][gc,heap     ] GC(1893) Old regions: 389->389
[2024-08-15T14:54:40.909+0000][8776.854s][info][gc,heap     ] GC(1893) Archive regions: 2->2
[2024-08-15T14:54:40.909+0000][8776.854s][info][gc,heap     ] GC(1893) Humongous regions: 5->5
[2024-08-15T14:54:40.909+0000][8776.854s][info][gc,metaspace] GC(1893) Metaspace: 442155K(448448K)->442155K(448448K) NonClass: 387155K(390720K)->387155K(390720K) Class: 55000K(57728K)->55000K(57728K)
[2024-08-15T14:54:40.909+0000][8776.854s][info][gc          ] GC(1893) Pause Young (Concurrent Start) (G1 Evacuation Pause) 9685M->3235M(12288M) 34.180ms
[2024-08-15T14:54:40.909+0000][8776.854s][info][gc,cpu      ] GC(1893) User=0.19s Sys=0.00s Real=0.03s
[2024-08-15T14:54:40.910+0000][8776.854s][info][gc          ] GC(1894) Concurrent Mark Cycle
[2024-08-15T14:54:40.910+0000][8776.854s][info][gc,marking  ] GC(1894) Concurrent Clear Claimed Marks
[2024-08-15T14:54:40.910+0000][8776.855s][info][gc,marking  ] GC(1894) Concurrent Clear Claimed Marks 0.448ms
[2024-08-15T14:54:40.910+0000][8776.855s][info][gc,marking  ] GC(1894) Concurrent Scan Root Regions
[2024-08-15T14:54:40.935+0000][8776.880s][info][gc,marking  ] GC(1894) Concurrent Scan Root Regions 25.163ms
[2024-08-15T14:54:40.935+0000][8776.880s][info][gc,marking  ] GC(1894) Concurrent Mark
[2024-08-15T14:54:40.935+0000][8776.880s][info][gc,marking  ] GC(1894) Concurrent Mark From Roots
[2024-08-15T14:54:40.935+0000][8776.880s][info][gc,task     ] GC(1894) Using 2 workers of 2 for marking
[2024-08-15T14:54:43.387+0000][8779.331s][info][gc,marking  ] GC(1894) Concurrent Mark From Roots 2451.344ms
[2024-08-15T14:54:43.387+0000][8779.331s][info][gc,marking  ] GC(1894) Concurrent Preclean
[2024-08-15T14:54:43.388+0000][8779.333s][info][gc,marking  ] GC(1894) Concurrent Preclean 1.412ms
[2024-08-15T14:54:43.388+0000][8779.333s][info][gc,start    ] GC(1894) Pause Remark
[2024-08-15T14:54:43.412+0000][8779.357s][info][gc          ] GC(1894) Pause Remark 4899M->4898M(12288M) 24.274ms
[2024-08-15T14:54:43.413+0000][8779.357s][info][gc,cpu      ] GC(1894) User=0.10s Sys=0.00s Real=0.02s
[2024-08-15T14:54:43.413+0000][8779.357s][info][gc,marking  ] GC(1894) Concurrent Mark 2477.494ms
[2024-08-15T14:54:43.413+0000][8779.357s][info][gc,marking  ] GC(1894) Concurrent Rebuild Remembered Sets
[2024-08-15T14:54:44.881+0000][8780.826s][info][gc,marking  ] GC(1894) Concurrent Rebuild Remembered Sets 1468.661ms
[2024-08-15T14:54:44.882+0000][8780.826s][info][gc,start    ] GC(1894) Pause Cleanup
[2024-08-15T14:54:44.882+0000][8780.827s][info][gc          ] GC(1894) Pause Cleanup 5930M->5930M(12288M) 0.651ms
[2024-08-15T14:54:44.882+0000][8780.827s][info][gc,cpu      ] GC(1894) User=0.01s Sys=0.00s Real=0.00s
[2024-08-15T14:54:44.882+0000][8780.827s][info][gc,marking  ] GC(1894) Concurrent Cleanup for Next Mark
[2024-08-15T14:54:44.899+0000][8780.844s][info][gc,marking  ] GC(1894) Concurrent Cleanup for Next Mark 17.107ms
[2024-08-15T14:54:44.900+0000][8780.844s][info][gc          ] GC(1894) Concurrent Mark Cycle 3990.044ms
[2024-08-15T14:54:49.971+0000][8785.915s][info][gc,start    ] GC(1895) Pause Young (Prepare Mixed) (G1 Evacuation Pause)
[2024-08-15T14:54:49.971+0000][8785.915s][info][gc,task     ] GC(1895) Using 6 workers of 6 for evacuation
[2024-08-15T14:54:50.007+0000][8785.952s][info][gc,phases   ] GC(1895)   Pre Evacuate Collection Set: 0.2ms
[2024-08-15T14:54:50.007+0000][8785.952s][info][gc,phases   ] GC(1895)   Merge Heap Roots: 0.4ms
[2024-08-15T14:54:50.007+0000][8785.952s][info][gc,phases   ] GC(1895)   Evacuate Collection Set: 33.7ms
[2024-08-15T14:54:50.007+0000][8785.952s][info][gc,phases   ] GC(1895)   Post Evacuate Collection Set: 1.8ms
[2024-08-15T14:54:50.007+0000][8785.952s][info][gc,phases   ] GC(1895)   Other: 0.2ms
[2024-08-15T14:54:50.007+0000][8785.952s][info][gc,heap     ] GC(1895) Eden regions: 807->0(62)
[2024-08-15T14:54:50.007+0000][8785.952s][info][gc,heap     ] GC(1895) Survivor regions: 11->14(103)
[2024-08-15T14:54:50.007+0000][8785.952s][info][gc,heap     ] GC(1895) Old regions: 388->388
[2024-08-15T14:54:50.007+0000][8785.952s][info][gc,heap     ] GC(1895) Archive regions: 2->2
[2024-08-15T14:54:50.007+0000][8785.952s][info][gc,heap     ] GC(1895) Humongous regions: 5->5
[2024-08-15T14:54:50.007+0000][8785.952s][info][gc,metaspace] GC(1895) Metaspace: 442155K(448448K)->442155K(448448K) NonClass: 387155K(390720K)->387155K(390720K) Class: 55000K(57728K)->55000K(57728K)
[2024-08-15T14:54:50.007+0000][8785.952s][info][gc          ] GC(1895) Pause Young (Prepare Mixed) (G1 Evacuation Pause) 9690M->3255M(12288M) 36.321ms
[2024-08-15T14:54:50.007+0000][8785.952s][info][gc,cpu      ] GC(1895) User=0.21s Sys=0.00s Real=0.04s
[2024-08-15T14:54:50.665+0000][8786.610s][info][gc,start    ] GC(1896) Pause Young (Mixed) (G1 Evacuation Pause)
[2024-08-15T14:54:50.665+0000][8786.610s][info][gc,task     ] GC(1896) Using 6 workers of 6 for evacuation
[2024-08-15T14:54:50.745+0000][8786.690s][info][gc,phases   ] GC(1896)   Pre Evacuate Collection Set: 0.2ms
[2024-08-15T14:54:50.745+0000][8786.690s][info][gc,phases   ] GC(1896)   Merge Heap Roots: 0.4ms
[2024-08-15T14:54:50.745+0000][8786.690s][info][gc,phases   ] GC(1896)   Evacuate Collection Set: 78.1ms
[2024-08-15T14:54:50.745+0000][8786.690s][info][gc,phases   ] GC(1896)   Post Evacuate Collection Set: 1.3ms
[2024-08-15T14:54:50.745+0000][8786.690s][info][gc,phases   ] GC(1896)   Other: 0.2ms
[2024-08-15T14:54:50.745+0000][8786.690s][info][gc,heap     ] GC(1896) Eden regions: 62->0(814)
[2024-08-15T14:54:50.745+0000][8786.690s][info][gc,heap     ] GC(1896) Survivor regions: 14->5(10)
[2024-08-15T14:54:50.745+0000][8786.690s][info][gc,heap     ] GC(1896) Old regions: 388->389
[2024-08-15T14:54:50.745+0000][8786.690s][info][gc,heap     ] GC(1896) Archive regions: 2->2
[2024-08-15T14:54:50.745+0000][8786.690s][info][gc,heap     ] GC(1896) Humongous regions: 5->5
[2024-08-15T14:54:50.745+0000][8786.690s][info][gc,metaspace] GC(1896) Metaspace: 442155K(448448K)->442155K(448448K) NonClass: 387155K(390720K)->387155K(390720K) Class: 55000K(57728K)->55000K(57728K)
[2024-08-15T14:54:50.745+0000][8786.690s][info][gc          ] GC(1896) Pause Young (Mixed) (G1 Evacuation Pause) 3751M->3188M(12288M) 80.286ms
[2024-08-15T14:54:50.745+0000][8786.690s][info][gc,cpu      ] GC(1896) User=0.47s Sys=0.00s Real=0.08s
[2024-08-15T14:54:59.679+0000][8795.623s][info][gc,start    ] GC(1897) Pause Young (Normal) (G1 Evacuation Pause)
[2024-08-15T14:54:59.679+0000][8795.623s][info][gc,task     ] GC(1897) Using 6 workers of 6 for evacuation
[2024-08-15T14:54:59.699+0000][8795.644s][info][gc,phases   ] GC(1897)   Pre Evacuate Collection Set: 0.2ms
[2024-08-15T14:54:59.699+0000][8795.644s][info][gc,phases   ] GC(1897)   Merge Heap Roots: 0.3ms
[2024-08-15T14:54:59.699+0000][8795.644s][info][gc,phases   ] GC(1897)   Evacuate Collection Set: 18.1ms
[2024-08-15T14:54:59.699+0000][8795.644s][info][gc,phases   ] GC(1897)   Post Evacuate Collection Set: 1.7ms
[2024-08-15T14:54:59.699+0000][8795.644s][info][gc,phases   ] GC(1897)   Other: 0.2ms
[2024-08-15T14:54:59.699+0000][8795.644s][info][gc,heap     ] GC(1897) Eden regions: 814->0(811)
[2024-08-15T14:54:59.699+0000][8795.644s][info][gc,heap     ] GC(1897) Survivor regions: 5->8(103)
[2024-08-15T14:54:59.699+0000][8795.644s][info][gc,heap     ] GC(1897) Old regions: 389->389
[2024-08-15T14:54:59.699+0000][8795.644s][info][gc,heap     ] GC(1897) Archive regions: 2->2
[2024-08-15T14:54:59.699+0000][8795.644s][info][gc,heap     ] GC(1897) Humongous regions: 5->5
[2024-08-15T14:54:59.699+0000][8795.644s][info][gc,metaspace] GC(1897) Metaspace: 442155K(448448K)->442155K(448448K) NonClass: 387155K(390720K)->387155K(390720K) Class: 55000K(57728K)->55000K(57728K)
[2024-08-15T14:54:59.699+0000][8795.644s][info][gc          ] GC(1897) Pause Young (Normal) (G1 Evacuation Pause) 9700M->3211M(12288M) 20.633ms
[2024-08-15T14:54:59.700+0000][8795.644s][info][gc,cpu      ] GC(1897) User=0.12s Sys=0.00s Real=0.02s
[2024-08-15T14:55:07.743+0000][8803.688s][info][gc,start    ] GC(1898) Pause Young (Normal) (G1 Evacuation Pause)
[2024-08-15T14:55:07.743+0000][8803.688s][info][gc,task     ] GC(1898) Using 6 workers of 6 for evacuation
[2024-08-15T14:55:07.779+0000][8803.723s][info][gc,phases   ] GC(1898)   Pre Evacuate Collection Set: 0.2ms
[2024-08-15T14:55:07.779+0000][8803.723s][info][gc,phases   ] GC(1898)   Merge Heap Roots: 0.2ms
[2024-08-15T14:55:07.779+0000][8803.723s][info][gc,phases   ] GC(1898)   Evacuate Collection Set: 30.0ms
[2024-08-15T14:55:07.779+0000][8803.723s][info][gc,phases   ] GC(1898)   Post Evacuate Collection Set: 4.6ms
[2024-08-15T14:55:07.779+0000][8803.723s][info][gc,phases   ] GC(1898)   Other: 0.2ms
[2024-08-15T14:55:07.779+0000][8803.723s][info][gc,heap     ] GC(1898) Eden regions: 811->0(806)
[2024-08-15T14:55:07.779+0000][8803.723s][info][gc,heap     ] GC(1898) Survivor regions: 8->12(103)
[2024-08-15T14:55:07.779+0000][8803.723s][info][gc,heap     ] GC(1898) Old regions: 389->389
[2024-08-15T14:55:07.779+0000][8803.723s][info][gc,heap     ] GC(1898) Archive regions: 2->2
[2024-08-15T14:55:07.779+0000][8803.723s][info][gc,heap     ] GC(1898) Humongous regions: 5->5
[2024-08-15T14:55:07.779+0000][8803.723s][info][gc,metaspace] GC(1898) Metaspace: 442159K(448448K)->442159K(448448K) NonClass: 387158K(390720K)->387158K(390720K) Class: 55000K(57728K)->55000K(57728K)
[2024-08-15T14:55:07.779+0000][8803.723s][info][gc          ] GC(1898) Pause Young (Normal) (G1 Evacuation Pause) 9699M->3243M(12288M) 35.358ms
[2024-08-15T14:55:07.779+0000][8803.723s][info][gc,cpu      ] GC(1898) User=0.21s Sys=0.00s Real=0.03s
[2024-08-15T14:55:10.368+0000][8806.312s][info][gc,start    ] GC(1899) Pause Young (Concurrent Start) (G1 Evacuation Pause)
[2024-08-15T14:55:10.368+0000][8806.312s][info][gc,task     ] GC(1899) Using 6 workers of 6 for evacuation
[2024-08-15T14:55:10.462+0000][8806.406s][info][gc,phases   ] GC(1899)   Pre Evacuate Collection Set: 0.6ms
[2024-08-15T14:55:10.462+0000][8806.406s][info][gc,phases   ] GC(1899)   Merge Heap Roots: 0.4ms
[2024-08-15T14:55:10.462+0000][8806.406s][info][gc,phases   ] GC(1899)   Evacuate Collection Set: 73.9ms
[2024-08-15T14:55:10.462+0000][8806.406s][info][gc,phases   ] GC(1899)   Post Evacuate Collection Set: 18.7ms
[2024-08-15T14:55:10.462+0000][8806.406s][info][gc,phases   ] GC(1899)   Other: 0.3ms
[2024-08-15T14:55:10.462+0000][8806.406s][info][gc,heap     ] GC(1899) Eden regions: 806->0(798)
[2024-08-15T14:55:10.462+0000][8806.406s][info][gc,heap     ] GC(1899) Survivor regions: 12->17(103)
[2024-08-15T14:55:10.462+0000][8806.406s][info][gc,heap     ] GC(1899) Old regions: 389->389
[2024-08-15T14:55:10.462+0000][8806.406s][info][gc,heap     ] GC(1899) Archive regions: 2->2
[2024-08-15T14:55:10.462+0000][8806.406s][info][gc,heap     ] GC(1899) Humongous regions: 5->5
[2024-08-15T14:55:10.462+0000][8806.406s][info][gc,metaspace] GC(1899) Metaspace: 442159K(448448K)->442159K(448448K) NonClass: 387158K(390720K)->387158K(390720K) Class: 55000K(57728K)->55000K(57728K)
[2024-08-15T14:55:10.462+0000][8806.406s][info][gc          ] GC(1899) Pause Young (Concurrent Start) (G1 Evacuation Pause) 9691M->3285M(12288M) 93.975ms
[2024-08-15T14:55:10.462+0000][8806.406s][info][gc,cpu      ] GC(1899) User=0.54s Sys=0.00s Real=0.09s
[2024-08-15T14:55:10.462+0000][8806.406s][info][gc          ] GC(1900) Concurrent Mark Cycle
[2024-08-15T14:55:10.462+0000][8806.406s][info][gc,marking  ] GC(1900) Concurrent Clear Claimed Marks
[2024-08-15T14:55:10.462+0000][8806.407s][info][gc,marking  ] GC(1900) Concurrent Clear Claimed Marks 0.451ms
[2024-08-15T14:55:10.462+0000][8806.407s][info][gc,marking  ] GC(1900) Concurrent Scan Root Regions
[2024-08-15T14:55:10.517+0000][8806.462s][info][gc,marking  ] GC(1900) Concurrent Scan Root Regions 55.036ms
[2024-08-15T14:55:10.517+0000][8806.462s][info][gc,marking  ] GC(1900) Concurrent Mark
[2024-08-15T14:55:10.517+0000][8806.462s][info][gc,marking  ] GC(1900) Concurrent Mark From Roots
[2024-08-15T14:55:10.517+0000][8806.462s][info][gc,task     ] GC(1900) Using 2 workers of 2 for marking
[2024-08-15T14:55:12.951+0000][8808.895s][info][gc,marking  ] GC(1900) Concurrent Mark From Roots 2433.219ms
[2024-08-15T14:55:12.951+0000][8808.895s][info][gc,marking  ] GC(1900) Concurrent Preclean
[2024-08-15T14:55:12.952+0000][8808.897s][info][gc,marking  ] GC(1900) Concurrent Preclean 1.265ms
[2024-08-15T14:55:12.952+0000][8808.897s][info][gc,start    ] GC(1900) Pause Remark
[2024-08-15T14:55:12.976+0000][8808.921s][info][gc          ] GC(1900) Pause Remark 8765M->8765M(12288M) 23.834ms
[2024-08-15T14:55:12.976+0000][8808.921s][info][gc,cpu      ] GC(1900) User=0.10s Sys=0.00s Real=0.03s
[2024-08-15T14:55:12.976+0000][8808.921s][info][gc,marking  ] GC(1900) Concurrent Mark 2458.778ms
[2024-08-15T14:55:12.976+0000][8808.921s][info][gc,marking  ] GC(1900) Concurrent Rebuild Remembered Sets
[2024-08-15T14:55:13.392+0000][8809.337s][info][gc,start    ] GC(1901) Pause Young (Normal) (G1 Evacuation Pause)
[2024-08-15T14:55:13.392+0000][8809.337s][info][gc,task     ] GC(1901) Using 6 workers of 6 for evacuation
[2024-08-15T14:55:13.497+0000][8809.442s][info][gc,phases   ] GC(1901)   Pre Evacuate Collection Set: 0.2ms
[2024-08-15T14:55:13.497+0000][8809.442s][info][gc,phases   ] GC(1901)   Merge Heap Roots: 0.4ms
[2024-08-15T14:55:13.497+0000][8809.442s][info][gc,phases   ] GC(1901)   Evacuate Collection Set: 86.9ms
[2024-08-15T14:55:13.497+0000][8809.442s][info][gc,phases   ] GC(1901)   Post Evacuate Collection Set: 17.3ms
[2024-08-15T14:55:13.497+0000][8809.442s][info][gc,phases   ] GC(1901)   Other: 0.2ms
[2024-08-15T14:55:13.497+0000][8809.442s][info][gc,heap     ] GC(1901) Eden regions: 798->0(788)
[2024-08-15T14:55:13.497+0000][8809.442s][info][gc,heap     ] GC(1901) Survivor regions: 17->22(102)
[2024-08-15T14:55:13.497+0000][8809.442s][info][gc,heap     ] GC(1901) Old regions: 389->389
[2024-08-15T14:55:13.497+0000][8809.442s][info][gc,heap     ] GC(1901) Archive regions: 2->2
[2024-08-15T14:55:13.497+0000][8809.442s][info][gc,heap     ] GC(1901) Humongous regions: 5->5
[2024-08-15T14:55:13.497+0000][8809.442s][info][gc,metaspace] GC(1901) Metaspace: 442159K(448448K)->442159K(448448K) NonClass: 387158K(390720K)->387158K(390720K) Class: 55000K(57728K)->55000K(57728K)
[2024-08-15T14:55:13.498+0000][8809.442s][info][gc          ] GC(1901) Pause Young (Normal) (G1 Evacuation Pause) 9669M->3325M(12288M) 105.111ms
[2024-08-15T14:55:13.498+0000][8809.442s][info][gc,cpu      ] GC(1901) User=0.62s Sys=0.00s Real=0.11s
[2024-08-15T14:55:14.583+0000][8810.528s][info][gc,marking  ] GC(1900) Concurrent Rebuild Remembered Sets 1606.735ms
[2024-08-15T14:55:14.583+0000][8810.528s][info][gc,start    ] GC(1900) Pause Cleanup
[2024-08-15T14:55:14.584+0000][8810.528s][info][gc          ] GC(1900) Pause Cleanup 5989M->5989M(12288M) 0.612ms
[2024-08-15T14:55:14.584+0000][8810.528s][info][gc,cpu      ] GC(1900) User=0.00s Sys=0.00s Real=0.00s
[2024-08-15T14:55:14.584+0000][8810.528s][info][gc,marking  ] GC(1900) Concurrent Cleanup for Next Mark
[2024-08-15T14:55:14.601+0000][8810.546s][info][gc,marking  ] GC(1900) Concurrent Cleanup for Next Mark 17.033ms
[2024-08-15T14:55:14.601+0000][8810.546s][info][gc          ] GC(1900) Concurrent Mark Cycle 4139.182ms
[2024-08-15T14:55:17.002+0000][8812.947s][info][gc,start    ] GC(1902) Pause Young (Prepare Mixed) (G1 Evacuation Pause)
[2024-08-15T14:55:17.002+0000][8812.947s][info][gc,task     ] GC(1902) Using 6 workers of 6 for evacuation
[2024-08-15T14:55:17.061+0000][8813.006s][info][gc,phases   ] GC(1902)   Pre Evacuate Collection Set: 0.2ms
[2024-08-15T14:55:17.061+0000][8813.006s][info][gc,phases   ] GC(1902)   Merge Heap Roots: 0.7ms
[2024-08-15T14:55:17.061+0000][8813.006s][info][gc,phases   ] GC(1902)   Evacuate Collection Set: 50.0ms
[2024-08-15T14:55:17.061+0000][8813.006s][info][gc,phases   ] GC(1902)   Post Evacuate Collection Set: 8.1ms
[2024-08-15T14:55:17.061+0000][8813.006s][info][gc,phases   ] GC(1902)   Other: 0.2ms
[2024-08-15T14:55:17.061+0000][8813.006s][info][gc,heap     ] GC(1902) Eden regions: 788->0(59)
[2024-08-15T14:55:17.061+0000][8813.006s][info][gc,heap     ] GC(1902) Survivor regions: 22->17(102)
[2024-08-15T14:55:17.061+0000][8813.006s][info][gc,heap     ] GC(1902) Old regions: 389->389
[2024-08-15T14:55:17.061+0000][8813.006s][info][gc,heap     ] GC(1902) Archive regions: 2->2
[2024-08-15T14:55:17.061+0000][8813.006s][info][gc,heap     ] GC(1902) Humongous regions: 5->5
[2024-08-15T14:55:17.061+0000][8813.006s][info][gc,metaspace] GC(1902) Metaspace: 442159K(448448K)->442159K(448448K) NonClass: 387158K(390720K)->387158K(390720K) Class: 55000K(57728K)->55000K(57728K)
[2024-08-15T14:55:17.061+0000][8813.006s][info][gc          ] GC(1902) Pause Young (Prepare Mixed) (G1 Evacuation Pause) 9629M->3281M(12288M) 59.230ms
[2024-08-15T14:55:17.061+0000][8813.006s][info][gc,cpu      ] GC(1902) User=0.35s Sys=0.00s Real=0.06s
[2024-08-15T14:55:17.336+0000][8813.280s][info][gc,start    ] GC(1903) Pause Young (Mixed) (G1 Evacuation Pause)
[2024-08-15T14:55:17.336+0000][8813.280s][info][gc,task     ] GC(1903) Using 6 workers of 6 for evacuation
[2024-08-15T14:55:17.416+0000][8813.360s][info][gc,phases   ] GC(1903)   Pre Evacuate Collection Set: 0.2ms
[2024-08-15T14:55:17.416+0000][8813.360s][info][gc,phases   ] GC(1903)   Merge Heap Roots: 0.4ms
[2024-08-15T14:55:17.416+0000][8813.360s][info][gc,phases   ] GC(1903)   Evacuate Collection Set: 78.0ms
[2024-08-15T14:55:17.416+0000][8813.360s][info][gc,phases   ] GC(1903)   Post Evacuate Collection Set: 1.3ms
[2024-08-15T14:55:17.416+0000][8813.360s][info][gc,phases   ] GC(1903)   Other: 0.2ms
[2024-08-15T14:55:17.416+0000][8813.360s][info][gc,heap     ] GC(1903) Eden regions: 59->0(814)
[2024-08-15T14:55:17.416+0000][8813.360s][info][gc,heap     ] GC(1903) Survivor regions: 17->5(10)
[2024-08-15T14:55:17.416+0000][8813.360s][info][gc,heap     ] GC(1903) Old regions: 389->387
[2024-08-15T14:55:17.416+0000][8813.360s][info][gc,heap     ] GC(1903) Archive regions: 2->2
[2024-08-15T14:55:17.416+0000][8813.360s][info][gc,heap     ] GC(1903) Humongous regions: 5->5
[2024-08-15T14:55:17.416+0000][8813.360s][info][gc,metaspace] GC(1903) Metaspace: 442159K(448448K)->442159K(448448K) NonClass: 387158K(390720K)->387158K(390720K) Class: 55000K(57728K)->55000K(57728K)
[2024-08-15T14:55:17.416+0000][8813.360s][info][gc          ] GC(1903) Pause Young (Mixed) (G1 Evacuation Pause) 3753M->3173M(12288M) 80.105ms
[2024-08-15T14:55:17.416+0000][8813.360s][info][gc,cpu      ] GC(1903) User=0.48s Sys=0.00s Real=0.08s
[2024-08-15T14:55:24.948+0000][8820.892s][info][gc,start    ] GC(1904) Pause Young (Normal) (G1 Evacuation Pause)
[2024-08-15T14:55:24.948+0000][8820.892s][info][gc,task     ] GC(1904) Using 6 workers of 6 for evacuation
[2024-08-15T14:55:24.962+0000][8820.907s][info][gc,phases   ] GC(1904)   Pre Evacuate Collection Set: 0.2ms
[2024-08-15T14:55:24.962+0000][8820.907s][info][gc,phases   ] GC(1904)   Merge Heap Roots: 0.2ms
[2024-08-15T14:55:24.962+0000][8820.907s][info][gc,phases   ] GC(1904)   Evacuate Collection Set: 12.5ms
[2024-08-15T14:55:24.962+0000][8820.907s][info][gc,phases   ] GC(1904)   Post Evacuate Collection Set: 1.7ms
[2024-08-15T14:55:24.962+0000][8820.907s][info][gc,phases   ] GC(1904)   Other: 0.2ms
[2024-08-15T14:55:24.962+0000][8820.907s][info][gc,heap     ] GC(1904) Eden regions: 814->0(815)
[2024-08-15T14:55:24.962+0000][8820.907s][info][gc,heap     ] GC(1904) Survivor regions: 5->5(103)
[2024-08-15T14:55:24.962+0000][8820.907s][info][gc,heap     ] GC(1904) Old regions: 387->387
[2024-08-15T14:55:24.962+0000][8820.907s][info][gc,heap     ] GC(1904) Archive regions: 2->2
[2024-08-15T14:55:24.962+0000][8820.907s][info][gc,heap     ] GC(1904) Humongous regions: 5->5
[2024-08-15T14:55:24.962+0000][8820.907s][info][gc,metaspace] GC(1904) Metaspace: 442159K(448448K)->442159K(448448K) NonClass: 387158K(390720K)->387158K(390720K) Class: 55000K(57728K)->55000K(57728K)
[2024-08-15T14:55:24.963+0000][8820.907s][info][gc          ] GC(1904) Pause Young (Normal) (G1 Evacuation Pause) 9685M->3177M(12288M) 14.947ms
[2024-08-15T14:55:24.963+0000][8820.907s][info][gc,cpu      ] GC(1904) User=0.08s Sys=0.00s Real=0.01s
[2024-08-15T14:55:33.806+0000][8829.750s][info][gc,start    ] GC(1905) Pause Young (Normal) (G1 Evacuation Pause)
[2024-08-15T14:55:33.806+0000][8829.750s][info][gc,task     ] GC(1905) Using 6 workers of 6 for evacuation
[2024-08-15T14:55:33.826+0000][8829.770s][info][gc,phases   ] GC(1905)   Pre Evacuate Collection Set: 0.2ms
[2024-08-15T14:55:33.826+0000][8829.770s][info][gc,phases   ] GC(1905)   Merge Heap Roots: 0.2ms
[2024-08-15T14:55:33.826+0000][8829.770s][info][gc,phases   ] GC(1905)   Evacuate Collection Set: 17.8ms
[2024-08-15T14:55:33.826+0000][8829.770s][info][gc,phases   ] GC(1905)   Post Evacuate Collection Set: 1.8ms
[2024-08-15T14:55:33.826+0000][8829.770s][info][gc,phases   ] GC(1905)   Other: 0.2ms
[2024-08-15T14:55:33.826+0000][8829.770s][info][gc,heap     ] GC(1905) Eden regions: 815->0(812)
[2024-08-15T14:55:33.826+0000][8829.770s][info][gc,heap     ] GC(1905) Survivor regions: 5->8(103)
[2024-08-15T14:55:33.826+0000][8829.770s][info][gc,heap     ] GC(1905) Old regions: 387->387
[2024-08-15T14:55:33.826+0000][8829.770s][info][gc,heap     ] GC(1905) Archive regions: 2->2
[2024-08-15T14:55:33.826+0000][8829.770s][info][gc,heap     ] GC(1905) Humongous regions: 5->5
[2024-08-15T14:55:33.826+0000][8829.770s][info][gc,metaspace] GC(1905) Metaspace: 442159K(448448K)->442159K(448448K) NonClass: 387158K(390720K)->387158K(390720K) Class: 55000K(57728K)->55000K(57728K)
[2024-08-15T14:55:33.826+0000][8829.770s][info][gc          ] GC(1905) Pause Young (Normal) (G1 Evacuation Pause) 9697M->3195M(12288M) 20.294ms
[2024-08-15T14:55:33.826+0000][8829.771s][info][gc,cpu      ] GC(1905) User=0.12s Sys=0.00s Real=0.02s
[2024-08-15T14:55:42.955+0000][8838.899s][info][gc,start    ] GC(1906) Pause Young (Concurrent Start) (G1 Evacuation Pause)
[2024-08-15T14:55:42.955+0000][8838.899s][info][gc,task     ] GC(1906) Using 6 workers of 6 for evacuation
[2024-08-15T14:55:42.981+0000][8838.926s][info][gc,phases   ] GC(1906)   Pre Evacuate Collection Set: 0.6ms
[2024-08-15T14:55:42.981+0000][8838.926s][info][gc,phases   ] GC(1906)   Merge Heap Roots: 0.2ms
[2024-08-15T14:55:42.981+0000][8838.926s][info][gc,phases   ] GC(1906)   Evacuate Collection Set: 23.7ms
[2024-08-15T14:55:42.981+0000][8838.926s][info][gc,phases   ] GC(1906)   Post Evacuate Collection Set: 1.8ms
[2024-08-15T14:55:42.981+0000][8838.926s][info][gc,phases   ] GC(1906)   Other: 0.3ms
[2024-08-15T14:55:42.981+0000][8838.926s][info][gc,heap     ] GC(1906) Eden regions: 812->0(809)
[2024-08-15T14:55:42.981+0000][8838.926s][info][gc,heap     ] GC(1906) Survivor regions: 8->11(103)
[2024-08-15T14:55:42.981+0000][8838.926s][info][gc,heap     ] GC(1906) Old regions: 387->387
[2024-08-15T14:55:42.981+0000][8838.926s][info][gc,heap     ] GC(1906) Archive regions: 2->2
[2024-08-15T14:55:42.981+0000][8838.926s][info][gc,heap     ] GC(1906) Humongous regions: 5->5
[2024-08-15T14:55:42.981+0000][8838.926s][info][gc,metaspace] GC(1906) Metaspace: 442160K(448448K)->442160K(448448K) NonClass: 387159K(390720K)->387159K(390720K) Class: 55000K(57728K)->55000K(57728K)
[2024-08-15T14:55:42.981+0000][8838.926s][info][gc          ] GC(1906) Pause Young (Concurrent Start) (G1 Evacuation Pause) 9691M->3225M(12288M) 26.729ms
[2024-08-15T14:55:42.981+0000][8838.926s][info][gc,cpu      ] GC(1906) User=0.15s Sys=0.00s Real=0.03s
[2024-08-15T14:55:42.981+0000][8838.926s][info][gc          ] GC(1907) Concurrent Mark Cycle
[2024-08-15T14:55:42.981+0000][8838.926s][info][gc,marking  ] GC(1907) Concurrent Clear Claimed Marks
[2024-08-15T14:55:42.982+0000][8838.926s][info][gc,marking  ] GC(1907) Concurrent Clear Claimed Marks 0.425ms
[2024-08-15T14:55:42.982+0000][8838.926s][info][gc,marking  ] GC(1907) Concurrent Scan Root Regions
[2024-08-15T14:55:43.004+0000][8838.949s][info][gc,marking  ] GC(1907) Concurrent Scan Root Regions 22.638ms
[2024-08-15T14:55:43.004+0000][8838.949s][info][gc,marking  ] GC(1907) Concurrent Mark
[2024-08-15T14:55:43.004+0000][8838.949s][info][gc,marking  ] GC(1907) Concurrent Mark From Roots
[2024-08-15T14:55:43.005+0000][8838.949s][info][gc,task     ] GC(1907) Using 2 workers of 2 for marking
[2024-08-15T14:55:45.266+0000][8841.211s][info][gc,marking  ] GC(1907) Concurrent Mark From Roots 2261.389ms
[2024-08-15T14:55:45.266+0000][8841.211s][info][gc,marking  ] GC(1907) Concurrent Preclean
[2024-08-15T14:55:45.267+0000][8841.212s][info][gc,marking  ] GC(1907) Concurrent Preclean 1.228ms
[2024-08-15T14:55:45.267+0000][8841.212s][info][gc,start    ] GC(1907) Pause Remark
[2024-08-15T14:55:45.291+0000][8841.235s][info][gc          ] GC(1907) Pause Remark 4721M->4721M(12288M) 23.197ms
[2024-08-15T14:55:45.291+0000][8841.235s][info][gc,cpu      ] GC(1907) User=0.09s Sys=0.01s Real=0.02s
[2024-08-15T14:55:45.291+0000][8841.235s][info][gc,marking  ] GC(1907) Concurrent Mark 2286.292ms
[2024-08-15T14:55:45.291+0000][8841.235s][info][gc,marking  ] GC(1907) Concurrent Rebuild Remembered Sets
[2024-08-15T14:55:46.656+0000][8842.601s][info][gc,marking  ] GC(1907) Concurrent Rebuild Remembered Sets 1365.123ms
[2024-08-15T14:55:46.656+0000][8842.601s][info][gc,start    ] GC(1907) Pause Cleanup
[2024-08-15T14:55:46.657+0000][8842.601s][info][gc          ] GC(1907) Pause Cleanup 5649M->5649M(12288M) 0.605ms
[2024-08-15T14:55:46.657+0000][8842.601s][info][gc,cpu      ] GC(1907) User=0.00s Sys=0.00s Real=0.00s
[2024-08-15T14:55:46.657+0000][8842.601s][info][gc,marking  ] GC(1907) Concurrent Cleanup for Next Mark
[2024-08-15T14:55:46.685+0000][8842.630s][info][gc,marking  ] GC(1907) Concurrent Cleanup for Next Mark 28.254ms
[2024-08-15T14:55:46.685+0000][8842.630s][info][gc          ] GC(1907) Concurrent Mark Cycle 3703.816ms
[2024-08-15T14:55:52.360+0000][8848.305s][info][gc,start    ] GC(1908) Pause Young (Prepare Mixed) (G1 Evacuation Pause)
[2024-08-15T14:55:52.360+0000][8848.305s][info][gc,task     ] GC(1908) Using 6 workers of 6 for evacuation
[2024-08-15T14:55:52.399+0000][8848.343s][info][gc,phases   ] GC(1908)   Pre Evacuate Collection Set: 0.2ms
[2024-08-15T14:55:52.399+0000][8848.343s][info][gc,phases   ] GC(1908)   Merge Heap Roots: 0.3ms
[2024-08-15T14:55:52.399+0000][8848.343s][info][gc,phases   ] GC(1908)   Evacuate Collection Set: 36.2ms
[2024-08-15T14:55:52.399+0000][8848.343s][info][gc,phases   ] GC(1908)   Post Evacuate Collection Set: 1.8ms
[2024-08-15T14:55:52.399+0000][8848.343s][info][gc,phases   ] GC(1908)   Other: 0.2ms
[2024-08-15T14:55:52.399+0000][8848.343s][info][gc,heap     ] GC(1908) Eden regions: 809->0(62)
[2024-08-15T14:55:52.399+0000][8848.343s][info][gc,heap     ] GC(1908) Survivor regions: 11->14(103)
[2024-08-15T14:55:52.399+0000][8848.343s][info][gc,heap     ] GC(1908) Old regions: 387->387
[2024-08-15T14:55:52.399+0000][8848.343s][info][gc,heap     ] GC(1908) Archive regions: 2->2
[2024-08-15T14:55:52.399+0000][8848.343s][info][gc,heap     ] GC(1908) Humongous regions: 5->5
[2024-08-15T14:55:52.399+0000][8848.343s][info][gc,metaspace] GC(1908) Metaspace: 442160K(448448K)->442160K(448448K) NonClass: 387159K(390720K)->387159K(390720K) Class: 55000K(57728K)->55000K(57728K)
[2024-08-15T14:55:52.399+0000][8848.344s][info][gc          ] GC(1908) Pause Young (Prepare Mixed) (G1 Evacuation Pause) 9697M->3249M(12288M) 38.634ms
[2024-08-15T14:55:52.399+0000][8848.344s][info][gc,cpu      ] GC(1908) User=0.23s Sys=0.00s Real=0.04s
[2024-08-15T14:55:52.917+0000][8848.862s][info][gc,start    ] GC(1909) Pause Young (Mixed) (G1 Evacuation Pause)
[2024-08-15T14:55:52.917+0000][8848.862s][info][gc,task     ] GC(1909) Using 6 workers of 6 for evacuation
[2024-08-15T14:55:52.999+0000][8848.944s][info][gc,phases   ] GC(1909)   Pre Evacuate Collection Set: 0.2ms
[2024-08-15T14:55:52.999+0000][8848.944s][info][gc,phases   ] GC(1909)   Merge Heap Roots: 0.4ms
[2024-08-15T14:55:52.999+0000][8848.944s][info][gc,phases   ] GC(1909)   Evacuate Collection Set: 80.2ms
[2024-08-15T14:55:53.000+0000][8848.944s][info][gc,phases   ] GC(1909)   Post Evacuate Collection Set: 1.3ms
[2024-08-15T14:55:53.000+0000][8848.944s][info][gc,phases   ] GC(1909)   Other: 0.2ms
[2024-08-15T14:55:53.000+0000][8848.944s][info][gc,heap     ] GC(1909) Eden regions: 62->0(818)
[2024-08-15T14:55:53.000+0000][8848.944s][info][gc,heap     ] GC(1909) Survivor regions: 14->5(10)
[2024-08-15T14:55:53.000+0000][8848.944s][info][gc,heap     ] GC(1909) Old regions: 387->384
[2024-08-15T14:55:53.000+0000][8848.944s][info][gc,heap     ] GC(1909) Archive regions: 2->2
[2024-08-15T14:55:53.000+0000][8848.944s][info][gc,heap     ] GC(1909) Humongous regions: 5->5
[2024-08-15T14:55:53.000+0000][8848.944s][info][gc,metaspace] GC(1909) Metaspace: 442160K(448448K)->442160K(448448K) NonClass: 387159K(390720K)->387159K(390720K) Class: 55000K(57728K)->55000K(57728K)
[2024-08-15T14:55:53.000+0000][8848.944s][info][gc          ] GC(1909) Pause Young (Mixed) (G1 Evacuation Pause) 3745M->3153M(12288M) 82.331ms
[2024-08-15T14:55:53.000+0000][8848.944s][info][gc,cpu      ] GC(1909) User=0.49s Sys=0.00s Real=0.08s
[2024-08-15T14:56:02.159+0000][8858.104s][info][gc,start    ] GC(1910) Pause Young (Normal) (G1 Evacuation Pause)
[2024-08-15T14:56:02.159+0000][8858.104s][info][gc,task     ] GC(1910) Using 6 workers of 6 for evacuation
[2024-08-15T14:56:02.179+0000][8858.124s][info][gc,phases   ] GC(1910)   Pre Evacuate Collection Set: 0.2ms
[2024-08-15T14:56:02.179+0000][8858.124s][info][gc,phases   ] GC(1910)   Merge Heap Roots: 0.2ms
[2024-08-15T14:56:02.179+0000][8858.124s][info][gc,phases   ] GC(1910)   Evacuate Collection Set: 17.8ms
[2024-08-15T14:56:02.179+0000][8858.124s][info][gc,phases   ] GC(1910)   Post Evacuate Collection Set: 1.8ms
[2024-08-15T14:56:02.179+0000][8858.124s][info][gc,phases   ] GC(1910)   Other: 0.2ms
[2024-08-15T14:56:02.179+0000][8858.124s][info][gc,heap     ] GC(1910) Eden regions: 818->0(815)
[2024-08-15T14:56:02.179+0000][8858.124s][info][gc,heap     ] GC(1910) Survivor regions: 5->8(103)
[2024-08-15T14:56:02.179+0000][8858.124s][info][gc,heap     ] GC(1910) Old regions: 384->384
[2024-08-15T14:56:02.179+0000][8858.124s][info][gc,heap     ] GC(1910) Archive regions: 2->2
[2024-08-15T14:56:02.179+0000][8858.124s][info][gc,heap     ] GC(1910) Humongous regions: 5->5
[2024-08-15T14:56:02.179+0000][8858.124s][info][gc,metaspace] GC(1910) Metaspace: 442160K(448448K)->442160K(448448K) NonClass: 387159K(390720K)->387159K(390720K) Class: 55000K(57728K)->55000K(57728K)
[2024-08-15T14:56:02.179+0000][8858.124s][info][gc          ] GC(1910) Pause Young (Normal) (G1 Evacuation Pause) 9697M->3173M(12288M) 20.217ms
[2024-08-15T14:56:02.179+0000][8858.124s][info][gc,cpu      ] GC(1910) User=0.11s Sys=0.01s Real=0.02s
[2024-08-15T14:56:07.671+0000][8863.615s][info][gc,start    ] GC(1911) Pause Young (Normal) (G1 Evacuation Pause)
[2024-08-15T14:56:07.671+0000][8863.615s][info][gc,task     ] GC(1911) Using 6 workers of 6 for evacuation
[2024-08-15T14:56:07.734+0000][8863.679s][info][gc,phases   ] GC(1911)   Pre Evacuate Collection Set: 0.2ms
[2024-08-15T14:56:07.734+0000][8863.679s][info][gc,phases   ] GC(1911)   Merge Heap Roots: 0.3ms
[2024-08-15T14:56:07.734+0000][8863.679s][info][gc,phases   ] GC(1911)   Evacuate Collection Set: 50.6ms
[2024-08-15T14:56:07.734+0000][8863.679s][info][gc,phases   ] GC(1911)   Post Evacuate Collection Set: 12.5ms
[2024-08-15T14:56:07.734+0000][8863.679s][info][gc,phases   ] GC(1911)   Other: 0.2ms
[2024-08-15T14:56:07.734+0000][8863.679s][info][gc,heap     ] GC(1911) Eden regions: 815->0(806)
[2024-08-15T14:56:07.734+0000][8863.679s][info][gc,heap     ] GC(1911) Survivor regions: 8->14(103)
[2024-08-15T14:56:07.734+0000][8863.679s][info][gc,heap     ] GC(1911) Old regions: 384->384
[2024-08-15T14:56:07.734+0000][8863.679s][info][gc,heap     ] GC(1911) Archive regions: 2->2
[2024-08-15T14:56:07.734+0000][8863.679s][info][gc,heap     ] GC(1911) Humongous regions: 5->5
[2024-08-15T14:56:07.734+0000][8863.679s][info][gc,metaspace] GC(1911) Metaspace: 442160K(448448K)->442160K(448448K) NonClass: 387159K(390720K)->387159K(390720K) Class: 55000K(57728K)->55000K(57728K)
[2024-08-15T14:56:07.734+0000][8863.679s][info][gc          ] GC(1911) Pause Young (Normal) (G1 Evacuation Pause) 9693M->3225M(12288M) 63.765ms
[2024-08-15T14:56:07.735+0000][8863.679s][info][gc,cpu      ] GC(1911) User=0.37s Sys=0.00s Real=0.06s
[2024-08-15T14:56:10.329+0000][8866.274s][info][gc,start    ] GC(1912) Pause Young (Concurrent Start) (G1 Evacuation Pause)
[2024-08-15T14:56:10.330+0000][8866.274s][info][gc,task     ] GC(1912) Using 6 workers of 6 for evacuation
[2024-08-15T14:56:10.419+0000][8866.363s][info][gc,phases   ] GC(1912)   Pre Evacuate Collection Set: 0.6ms
[2024-08-15T14:56:10.419+0000][8866.363s][info][gc,phases   ] GC(1912)   Merge Heap Roots: 0.2ms
[2024-08-15T14:56:10.419+0000][8866.363s][info][gc,phases   ] GC(1912)   Evacuate Collection Set: 70.7ms
[2024-08-15T14:56:10.419+0000][8866.363s][info][gc,phases   ] GC(1912)   Post Evacuate Collection Set: 17.6ms
[2024-08-15T14:56:10.419+0000][8866.364s][info][gc,phases   ] GC(1912)   Other: 0.3ms
[2024-08-15T14:56:10.419+0000][8866.364s][info][gc,heap     ] GC(1912) Eden regions: 806->0(801)
[2024-08-15T14:56:10.419+0000][8866.364s][info][gc,heap     ] GC(1912) Survivor regions: 14->18(103)
[2024-08-15T14:56:10.419+0000][8866.364s][info][gc,heap     ] GC(1912) Old regions: 384->384
[2024-08-15T14:56:10.419+0000][8866.364s][info][gc,heap     ] GC(1912) Archive regions: 2->2
[2024-08-15T14:56:10.419+0000][8866.364s][info][gc,heap     ] GC(1912) Humongous regions: 5->5
[2024-08-15T14:56:10.419+0000][8866.364s][info][gc,metaspace] GC(1912) Metaspace: 442160K(448448K)->442160K(448448K) NonClass: 387159K(390720K)->387159K(390720K) Class: 55000K(57728K)->55000K(57728K)
[2024-08-15T14:56:10.419+0000][8866.364s][info][gc          ] GC(1912) Pause Young (Concurrent Start) (G1 Evacuation Pause) 9673M->3253M(12288M) 89.503ms
[2024-08-15T14:56:10.419+0000][8866.364s][info][gc,cpu      ] GC(1912) User=0.52s Sys=0.00s Real=0.09s
[2024-08-15T14:56:10.419+0000][8866.364s][info][gc          ] GC(1913) Concurrent Mark Cycle
[2024-08-15T14:56:10.419+0000][8866.364s][info][gc,marking  ] GC(1913) Concurrent Clear Claimed Marks
[2024-08-15T14:56:10.420+0000][8866.364s][info][gc,marking  ] GC(1913) Concurrent Clear Claimed Marks 0.448ms
[2024-08-15T14:56:10.420+0000][8866.364s][info][gc,marking  ] GC(1913) Concurrent Scan Root Regions
[2024-08-15T14:56:10.486+0000][8866.430s][info][gc,marking  ] GC(1913) Concurrent Scan Root Regions 66.279ms
[2024-08-15T14:56:10.486+0000][8866.431s][info][gc,marking  ] GC(1913) Concurrent Mark
[2024-08-15T14:56:10.486+0000][8866.431s][info][gc,marking  ] GC(1913) Concurrent Mark From Roots
[2024-08-15T14:56:10.486+0000][8866.431s][info][gc,task     ] GC(1913) Using 2 workers of 2 for marking
[2024-08-15T14:56:12.782+0000][8868.727s][info][gc,marking  ] GC(1913) Concurrent Mark From Roots 2296.176ms
[2024-08-15T14:56:12.782+0000][8868.727s][info][gc,marking  ] GC(1913) Concurrent Preclean
[2024-08-15T14:56:12.784+0000][8868.728s][info][gc,marking  ] GC(1913) Concurrent Preclean 1.481ms
[2024-08-15T14:56:12.784+0000][8868.728s][info][gc,start    ] GC(1913) Pause Remark
[2024-08-15T14:56:12.808+0000][8868.753s][info][gc          ] GC(1913) Pause Remark 7737M->7737M(12288M) 24.192ms
[2024-08-15T14:56:12.808+0000][8868.753s][info][gc,cpu      ] GC(1913) User=0.10s Sys=0.00s Real=0.02s
[2024-08-15T14:56:12.808+0000][8868.753s][info][gc,marking  ] GC(1913) Concurrent Mark 2322.322ms
[2024-08-15T14:56:12.808+0000][8868.753s][info][gc,marking  ] GC(1913) Concurrent Rebuild Remembered Sets
[2024-08-15T14:56:13.598+0000][8869.542s][info][gc,start    ] GC(1914) Pause Young (Normal) (G1 Evacuation Pause)
[2024-08-15T14:56:13.598+0000][8869.542s][info][gc,task     ] GC(1914) Using 6 workers of 6 for evacuation
[2024-08-15T14:56:13.692+0000][8869.636s][info][gc,phases   ] GC(1914)   Pre Evacuate Collection Set: 0.2ms
[2024-08-15T14:56:13.692+0000][8869.636s][info][gc,phases   ] GC(1914)   Merge Heap Roots: 0.4ms
[2024-08-15T14:56:13.692+0000][8869.636s][info][gc,phases   ] GC(1914)   Evacuate Collection Set: 79.1ms
[2024-08-15T14:56:13.692+0000][8869.636s][info][gc,phases   ] GC(1914)   Post Evacuate Collection Set: 14.1ms
[2024-08-15T14:56:13.692+0000][8869.636s][info][gc,phases   ] GC(1914)   Other: 0.2ms
[2024-08-15T14:56:13.692+0000][8869.636s][info][gc,heap     ] GC(1914) Eden regions: 801->0(795)
[2024-08-15T14:56:13.692+0000][8869.636s][info][gc,heap     ] GC(1914) Survivor regions: 18->21(103)
[2024-08-15T14:56:13.692+0000][8869.636s][info][gc,heap     ] GC(1914) Old regions: 384->384
[2024-08-15T14:56:13.692+0000][8869.637s][info][gc,heap     ] GC(1914) Archive regions: 2->2
[2024-08-15T14:56:13.692+0000][8869.637s][info][gc,heap     ] GC(1914) Humongous regions: 5->5
[2024-08-15T14:56:13.692+0000][8869.637s][info][gc,metaspace] GC(1914) Metaspace: 442160K(448448K)->442160K(448448K) NonClass: 387159K(390720K)->387159K(390720K) Class: 55000K(57728K)->55000K(57728K)
[2024-08-15T14:56:13.692+0000][8869.637s][info][gc          ] GC(1914) Pause Young (Normal) (G1 Evacuation Pause) 9661M->3278M(12288M) 94.146ms
[2024-08-15T14:56:13.692+0000][8869.637s][info][gc,cpu      ] GC(1914) User=0.56s Sys=0.00s Real=0.09s
[2024-08-15T14:56:14.334+0000][8870.279s][info][gc,marking  ] GC(1913) Concurrent Rebuild Remembered Sets 1525.904ms
[2024-08-15T14:56:14.334+0000][8870.279s][info][gc,start    ] GC(1913) Pause Cleanup
[2024-08-15T14:56:14.335+0000][8870.280s][info][gc          ] GC(1913) Pause Cleanup 4842M->4842M(12288M) 0.640ms
[2024-08-15T14:56:14.335+0000][8870.280s][info][gc,cpu      ] GC(1913) User=0.01s Sys=0.00s Real=0.00s
[2024-08-15T14:56:14.335+0000][8870.280s][info][gc,marking  ] GC(1913) Concurrent Cleanup for Next Mark
[2024-08-15T14:56:14.352+0000][8870.297s][info][gc,marking  ] GC(1913) Concurrent Cleanup for Next Mark 16.898ms
[2024-08-15T14:56:14.352+0000][8870.297s][info][gc          ] GC(1913) Concurrent Mark Cycle 3933.010ms
[2024-08-15T14:56:16.274+0000][8872.219s][info][gc,start    ] GC(1915) Pause Young (Prepare Mixed) (G1 Evacuation Pause)
[2024-08-15T14:56:16.274+0000][8872.219s][info][gc,task     ] GC(1915) Using 6 workers of 6 for evacuation
[2024-08-15T14:56:16.412+0000][8872.357s][info][gc,phases   ] GC(1915)   Pre Evacuate Collection Set: 0.2ms
[2024-08-15T14:56:16.412+0000][8872.357s][info][gc,phases   ] GC(1915)   Merge Heap Roots: 0.7ms
[2024-08-15T14:56:16.412+0000][8872.357s][info][gc,phases   ] GC(1915)   Evacuate Collection Set: 113.1ms
[2024-08-15T14:56:16.412+0000][8872.357s][info][gc,phases   ] GC(1915)   Post Evacuate Collection Set: 23.5ms
[2024-08-15T14:56:16.412+0000][8872.357s][info][gc,phases   ] GC(1915)   Other: 0.2ms
[2024-08-15T14:56:16.412+0000][8872.357s][info][gc,heap     ] GC(1915) Eden regions: 795->0(50)
[2024-08-15T14:56:16.412+0000][8872.357s][info][gc,heap     ] GC(1915) Survivor regions: 21->26(102)
[2024-08-15T14:56:16.412+0000][8872.357s][info][gc,heap     ] GC(1915) Old regions: 384->384
[2024-08-15T14:56:16.412+0000][8872.357s][info][gc,heap     ] GC(1915) Archive regions: 2->2
[2024-08-15T14:56:16.412+0000][8872.357s][info][gc,heap     ] GC(1915) Humongous regions: 5->5
[2024-08-15T14:56:16.412+0000][8872.357s][info][gc,metaspace] GC(1915) Metaspace: 442160K(448448K)->442160K(448448K) NonClass: 387159K(390720K)->387159K(390720K) Class: 55000K(57728K)->55000K(57728K)
[2024-08-15T14:56:16.412+0000][8872.357s][info][gc          ] GC(1915) Pause Young (Prepare Mixed) (G1 Evacuation Pause) 9638M->3318M(12288M) 137.744ms
[2024-08-15T14:56:16.412+0000][8872.357s][info][gc,cpu      ] GC(1915) User=0.81s Sys=0.00s Real=0.14s
[2024-08-15T14:56:16.580+0000][8872.525s][info][gc,start    ] GC(1916) Pause Young (Mixed) (G1 Evacuation Pause)
[2024-08-15T14:56:16.580+0000][8872.525s][info][gc,task     ] GC(1916) Using 6 workers of 6 for evacuation
[2024-08-15T14:56:16.711+0000][8872.656s][info][gc,phases   ] GC(1916)   Pre Evacuate Collection Set: 0.2ms
[2024-08-15T14:56:16.711+0000][8872.656s][info][gc,phases   ] GC(1916)   Merge Heap Roots: 0.5ms
[2024-08-15T14:56:16.711+0000][8872.656s][info][gc,phases   ] GC(1916)   Evacuate Collection Set: 127.3ms
[2024-08-15T14:56:16.711+0000][8872.656s][info][gc,phases   ] GC(1916)   Post Evacuate Collection Set: 3.1ms
[2024-08-15T14:56:16.711+0000][8872.656s][info][gc,phases   ] GC(1916)   Other: 0.2ms
[2024-08-15T14:56:16.711+0000][8872.656s][info][gc,heap     ] GC(1916) Eden regions: 50->0(802)
[2024-08-15T14:56:16.711+0000][8872.656s][info][gc,heap     ] GC(1916) Survivor regions: 26->3(10)
[2024-08-15T14:56:16.711+0000][8872.656s][info][gc,heap     ] GC(1916) Old regions: 384->398
[2024-08-15T14:56:16.711+0000][8872.656s][info][gc,heap     ] GC(1916) Archive regions: 2->2
[2024-08-15T14:56:16.711+0000][8872.656s][info][gc,heap     ] GC(1916) Humongous regions: 5->5
[2024-08-15T14:56:16.711+0000][8872.656s][info][gc,metaspace] GC(1916) Metaspace: 442160K(448448K)->442160K(448448K) NonClass: 387159K(390720K)->387159K(390720K) Class: 55000K(57728K)->55000K(57728K)
[2024-08-15T14:56:16.711+0000][8872.656s][info][gc          ] GC(1916) Pause Young (Mixed) (G1 Evacuation Pause) 3718M->3251M(12288M) 131.277ms
[2024-08-15T14:56:16.711+0000][8872.656s][info][gc,cpu      ] GC(1916) User=0.78s Sys=0.00s Real=0.13s
[2024-08-15T14:56:19.266+0000][8875.211s][info][gc,start    ] GC(1917) Pause Young (Normal) (G1 Evacuation Pause)
[2024-08-15T14:56:19.266+0000][8875.211s][info][gc,task     ] GC(1917) Using 6 workers of 6 for evacuation
[2024-08-15T14:56:19.343+0000][8875.288s][info][gc,phases   ] GC(1917)   Pre Evacuate Collection Set: 0.2ms
[2024-08-15T14:56:19.343+0000][8875.288s][info][gc,phases   ] GC(1917)   Merge Heap Roots: 0.3ms
[2024-08-15T14:56:19.343+0000][8875.288s][info][gc,phases   ] GC(1917)   Evacuate Collection Set: 56.3ms
[2024-08-15T14:56:19.343+0000][8875.288s][info][gc,phases   ] GC(1917)   Post Evacuate Collection Set: 20.0ms
[2024-08-15T14:56:19.343+0000][8875.288s][info][gc,phases   ] GC(1917)   Other: 0.2ms
[2024-08-15T14:56:19.344+0000][8875.288s][info][gc,heap     ] GC(1917) Eden regions: 802->0(800)
[2024-08-15T14:56:19.344+0000][8875.288s][info][gc,heap     ] GC(1917) Survivor regions: 3->6(101)
[2024-08-15T14:56:19.344+0000][8875.288s][info][gc,heap     ] GC(1917) Old regions: 398->398
[2024-08-15T14:56:19.344+0000][8875.288s][info][gc,heap     ] GC(1917) Archive regions: 2->2
[2024-08-15T14:56:19.344+0000][8875.288s][info][gc,heap     ] GC(1917) Humongous regions: 5->5
[2024-08-15T14:56:19.344+0000][8875.288s][info][gc,metaspace] GC(1917) Metaspace: 442160K(448448K)->442160K(448448K) NonClass: 387159K(390720K)->387159K(390720K) Class: 55000K(57728K)->55000K(57728K)
[2024-08-15T14:56:19.344+0000][8875.288s][info][gc          ] GC(1917) Pause Young (Normal) (G1 Evacuation Pause) 9667M->3270M(12288M) 77.133ms
[2024-08-15T14:56:19.344+0000][8875.288s][info][gc,cpu      ] GC(1917) User=0.45s Sys=0.00s Real=0.08s
[2024-08-15T14:56:22.065+0000][8878.010s][info][gc,start    ] GC(1918) Pause Young (Normal) (G1 Evacuation Pause)
[2024-08-15T14:56:22.065+0000][8878.010s][info][gc,task     ] GC(1918) Using 6 workers of 6 for evacuation
[2024-08-15T14:56:22.150+0000][8878.094s][info][gc,phases   ] GC(1918)   Pre Evacuate Collection Set: 0.2ms
[2024-08-15T14:56:22.150+0000][8878.094s][info][gc,phases   ] GC(1918)   Merge Heap Roots: 0.4ms
[2024-08-15T14:56:22.150+0000][8878.094s][info][gc,phases   ] GC(1918)   Evacuate Collection Set: 65.8ms
[2024-08-15T14:56:22.150+0000][8878.094s][info][gc,phases   ] GC(1918)   Post Evacuate Collection Set: 18.2ms
[2024-08-15T14:56:22.150+0000][8878.094s][info][gc,phases   ] GC(1918)   Other: 0.2ms
[2024-08-15T14:56:22.150+0000][8878.094s][info][gc,heap     ] GC(1918) Eden regions: 800->0(798)
[2024-08-15T14:56:22.150+0000][8878.094s][info][gc,heap     ] GC(1918) Survivor regions: 6->9(101)
[2024-08-15T14:56:22.150+0000][8878.094s][info][gc,heap     ] GC(1918) Old regions: 398->398
[2024-08-15T14:56:22.150+0000][8878.094s][info][gc,heap     ] GC(1918) Archive regions: 2->2
[2024-08-15T14:56:22.150+0000][8878.094s][info][gc,heap     ] GC(1918) Humongous regions: 5->5
[2024-08-15T14:56:22.150+0000][8878.094s][info][gc,metaspace] GC(1918) Metaspace: 442160K(448448K)->442160K(448448K) NonClass: 387159K(390720K)->387159K(390720K) Class: 55000K(57728K)->55000K(57728K)
[2024-08-15T14:56:22.150+0000][8878.094s][info][gc          ] GC(1918) Pause Young (Normal) (G1 Evacuation Pause) 9670M->3295M(12288M) 84.849ms
[2024-08-15T14:56:22.150+0000][8878.095s][info][gc,cpu      ] GC(1918) User=0.49s Sys=0.00s Real=0.08s
[2024-08-15T14:56:24.773+0000][8880.718s][info][gc,start    ] GC(1919) Pause Young (Concurrent Start) (G1 Evacuation Pause)
[2024-08-15T14:56:24.773+0000][8880.718s][info][gc,task     ] GC(1919) Using 6 workers of 6 for evacuation
[2024-08-15T14:56:24.890+0000][8880.834s][info][gc,phases   ] GC(1919)   Pre Evacuate Collection Set: 0.6ms
[2024-08-15T14:56:24.890+0000][8880.834s][info][gc,phases   ] GC(1919)   Merge Heap Roots: 0.4ms
[2024-08-15T14:56:24.890+0000][8880.834s][info][gc,phases   ] GC(1919)   Evacuate Collection Set: 91.3ms
[2024-08-15T14:56:24.890+0000][8880.834s][info][gc,phases   ] GC(1919)   Post Evacuate Collection Set: 23.9ms
[2024-08-15T14:56:24.890+0000][8880.834s][info][gc,phases   ] GC(1919)   Other: 0.3ms
[2024-08-15T14:56:24.890+0000][8880.834s][info][gc,heap     ] GC(1919) Eden regions: 798->0(793)
[2024-08-15T14:56:24.890+0000][8880.834s][info][gc,heap     ] GC(1919) Survivor regions: 9->14(101)
[2024-08-15T14:56:24.890+0000][8880.834s][info][gc,heap     ] GC(1919) Old regions: 398->398
[2024-08-15T14:56:24.890+0000][8880.834s][info][gc,heap     ] GC(1919) Archive regions: 2->2
[2024-08-15T14:56:24.890+0000][8880.834s][info][gc,heap     ] GC(1919) Humongous regions: 5->5
[2024-08-15T14:56:24.890+0000][8880.834s][info][gc,metaspace] GC(1919) Metaspace: 442160K(448448K)->442160K(448448K) NonClass: 387159K(390720K)->387159K(390720K) Class: 55000K(57728K)->55000K(57728K)
[2024-08-15T14:56:24.890+0000][8880.835s][info][gc          ] GC(1919) Pause Young (Concurrent Start) (G1 Evacuation Pause) 9679M->3339M(12288M) 116.578ms
[2024-08-15T14:56:24.890+0000][8880.835s][info][gc,cpu      ] GC(1919) User=0.67s Sys=0.00s Real=0.12s
[2024-08-15T14:56:24.890+0000][8880.835s][info][gc          ] GC(1920) Concurrent Mark Cycle
[2024-08-15T14:56:24.890+0000][8880.835s][info][gc,marking  ] GC(1920) Concurrent Clear Claimed Marks
[2024-08-15T14:56:24.890+0000][8880.835s][info][gc,marking  ] GC(1920) Concurrent Clear Claimed Marks 0.438ms
[2024-08-15T14:56:24.890+0000][8880.835s][info][gc,marking  ] GC(1920) Concurrent Scan Root Regions
[2024-08-15T14:56:24.921+0000][8880.866s][info][gc,marking  ] GC(1920) Concurrent Scan Root Regions 30.455ms
[2024-08-15T14:56:24.921+0000][8880.866s][info][gc,marking  ] GC(1920) Concurrent Mark
[2024-08-15T14:56:24.921+0000][8880.866s][info][gc,marking  ] GC(1920) Concurrent Mark From Roots
[2024-08-15T14:56:24.921+0000][8880.866s][info][gc,task     ] GC(1920) Using 2 workers of 2 for marking
[2024-08-15T14:56:26.616+0000][8882.561s][info][gc,marking  ] GC(1920) Concurrent Mark From Roots 1695.205ms
[2024-08-15T14:56:26.616+0000][8882.561s][info][gc,marking  ] GC(1920) Concurrent Preclean
[2024-08-15T14:56:26.617+0000][8882.562s][info][gc,marking  ] GC(1920) Concurrent Preclean 1.138ms
[2024-08-15T14:56:26.617+0000][8882.562s][info][gc,start    ] GC(1920) Pause Remark
[2024-08-15T14:56:26.641+0000][8882.585s][info][gc          ] GC(1920) Pause Remark 7091M->7091M(12288M) 23.331ms
[2024-08-15T14:56:26.641+0000][8882.586s][info][gc,cpu      ] GC(1920) User=0.10s Sys=0.00s Real=0.02s
[2024-08-15T14:56:26.641+0000][8882.586s][info][gc,marking  ] GC(1920) Concurrent Mark 1720.009ms
[2024-08-15T14:56:26.641+0000][8882.586s][info][gc,marking  ] GC(1920) Concurrent Rebuild Remembered Sets
[2024-08-15T14:56:27.683+0000][8883.628s][info][gc,marking  ] GC(1920) Concurrent Rebuild Remembered Sets 1042.115ms
[2024-08-15T14:56:27.683+0000][8883.628s][info][gc,start    ] GC(1920) Pause Cleanup
[2024-08-15T14:56:27.684+0000][8883.629s][info][gc          ] GC(1920) Pause Cleanup 9167M->9167M(12288M) 0.605ms
[2024-08-15T14:56:27.684+0000][8883.629s][info][gc,cpu      ] GC(1920) User=0.00s Sys=0.00s Real=0.00s
[2024-08-15T14:56:27.684+0000][8883.629s][info][gc,marking  ] GC(1920) Concurrent Cleanup for Next Mark
[2024-08-15T14:56:27.712+0000][8883.657s][info][gc,marking  ] GC(1920) Concurrent Cleanup for Next Mark 28.233ms
[2024-08-15T14:56:27.712+0000][8883.657s][info][gc          ] GC(1920) Concurrent Mark Cycle 2822.406ms
[2024-08-15T14:56:28.420+0000][8884.365s][info][gc,start    ] GC(1921) Pause Young (Prepare Mixed) (G1 Evacuation Pause)
[2024-08-15T14:56:28.420+0000][8884.365s][info][gc,task     ] GC(1921) Using 6 workers of 6 for evacuation
[2024-08-15T14:56:28.549+0000][8884.494s][info][gc,phases   ] GC(1921)   Pre Evacuate Collection Set: 0.2ms
[2024-08-15T14:56:28.549+0000][8884.494s][info][gc,phases   ] GC(1921)   Merge Heap Roots: 1.1ms
[2024-08-15T14:56:28.549+0000][8884.494s][info][gc,phases   ] GC(1921)   Evacuate Collection Set: 104.6ms
[2024-08-15T14:56:28.550+0000][8884.494s][info][gc,phases   ] GC(1921)   Post Evacuate Collection Set: 23.2ms
[2024-08-15T14:56:28.550+0000][8884.494s][info][gc,phases   ] GC(1921)   Other: 0.2ms
[2024-08-15T14:56:28.550+0000][8884.494s][info][gc,heap     ] GC(1921) Eden regions: 793->0(56)
[2024-08-15T14:56:28.550+0000][8884.494s][info][gc,heap     ] GC(1921) Survivor regions: 14->20(101)
[2024-08-15T14:56:28.550+0000][8884.494s][info][gc,heap     ] GC(1921) Old regions: 398->398
[2024-08-15T14:56:28.550+0000][8884.494s][info][gc,heap     ] GC(1921) Archive regions: 2->2
[2024-08-15T14:56:28.550+0000][8884.494s][info][gc,heap     ] GC(1921) Humongous regions: 5->5
[2024-08-15T14:56:28.550+0000][8884.494s][info][gc,metaspace] GC(1921) Metaspace: 442160K(448448K)->442160K(448448K) NonClass: 387159K(390720K)->387159K(390720K) Class: 55000K(57728K)->55000K(57728K)
[2024-08-15T14:56:28.550+0000][8884.494s][info][gc          ] GC(1921) Pause Young (Prepare Mixed) (G1 Evacuation Pause) 9683M->3387M(12288M) 129.332ms
[2024-08-15T14:56:28.550+0000][8884.494s][info][gc,cpu      ] GC(1921) User=0.76s Sys=0.00s Real=0.13s
[2024-08-15T14:56:29.197+0000][8885.141s][info][gc,start    ] GC(1922) Pause Young (Mixed) (G1 Evacuation Pause)
[2024-08-15T14:56:29.197+0000][8885.141s][info][gc,task     ] GC(1922) Using 6 workers of 6 for evacuation
[2024-08-15T14:56:29.287+0000][8885.232s][info][gc,phases   ] GC(1922)   Pre Evacuate Collection Set: 0.2ms
[2024-08-15T14:56:29.287+0000][8885.232s][info][gc,phases   ] GC(1922)   Merge Heap Roots: 0.4ms
[2024-08-15T14:56:29.287+0000][8885.232s][info][gc,phases   ] GC(1922)   Evacuate Collection Set: 88.6ms
[2024-08-15T14:56:29.287+0000][8885.232s][info][gc,phases   ] GC(1922)   Post Evacuate Collection Set: 1.2ms
[2024-08-15T14:56:29.287+0000][8885.232s][info][gc,phases   ] GC(1922)   Other: 0.2ms
[2024-08-15T14:56:29.287+0000][8885.232s][info][gc,heap     ] GC(1922) Eden regions: 56->0(803)
[2024-08-15T14:56:29.287+0000][8885.232s][info][gc,heap     ] GC(1922) Survivor regions: 20->3(10)
[2024-08-15T14:56:29.287+0000][8885.232s][info][gc,heap     ] GC(1922) Old regions: 398->399
[2024-08-15T14:56:29.287+0000][8885.232s][info][gc,heap     ] GC(1922) Archive regions: 2->2
[2024-08-15T14:56:29.287+0000][8885.232s][info][gc,heap     ] GC(1922) Humongous regions: 5->5
[2024-08-15T14:56:29.287+0000][8885.232s][info][gc,metaspace] GC(1922) Metaspace: 442160K(448448K)->442160K(448448K) NonClass: 387159K(390720K)->387159K(390720K) Class: 55000K(57728K)->55000K(57728K)
[2024-08-15T14:56:29.287+0000][8885.232s][info][gc          ] GC(1922) Pause Young (Mixed) (G1 Evacuation Pause) 3835M->3260M(12288M) 90.602ms
[2024-08-15T14:56:29.287+0000][8885.232s][info][gc,cpu      ] GC(1922) User=0.54s Sys=0.00s Real=0.09s
[2024-08-15T14:56:38.177+0000][8894.121s][info][gc,start    ] GC(1923) Pause Young (Normal) (G1 Evacuation Pause)
[2024-08-15T14:56:38.177+0000][8894.122s][info][gc,task     ] GC(1923) Using 6 workers of 6 for evacuation
[2024-08-15T14:56:38.191+0000][8894.136s][info][gc,phases   ] GC(1923)   Pre Evacuate Collection Set: 0.2ms
[2024-08-15T14:56:38.191+0000][8894.136s][info][gc,phases   ] GC(1923)   Merge Heap Roots: 0.2ms
[2024-08-15T14:56:38.191+0000][8894.136s][info][gc,phases   ] GC(1923)   Evacuate Collection Set: 11.9ms
[2024-08-15T14:56:38.191+0000][8894.136s][info][gc,phases   ] GC(1923)   Post Evacuate Collection Set: 1.7ms
[2024-08-15T14:56:38.191+0000][8894.136s][info][gc,phases   ] GC(1923)   Other: 0.2ms
[2024-08-15T14:56:38.191+0000][8894.136s][info][gc,heap     ] GC(1923) Eden regions: 803->0(802)
[2024-08-15T14:56:38.191+0000][8894.136s][info][gc,heap     ] GC(1923) Survivor regions: 3->5(101)
[2024-08-15T14:56:38.191+0000][8894.136s][info][gc,heap     ] GC(1923) Old regions: 399->399
[2024-08-15T14:56:38.191+0000][8894.136s][info][gc,heap     ] GC(1923) Archive regions: 2->2
[2024-08-15T14:56:38.191+0000][8894.136s][info][gc,heap     ] GC(1923) Humongous regions: 5->5
[2024-08-15T14:56:38.191+0000][8894.136s][info][gc,metaspace] GC(1923) Metaspace: 442160K(448448K)->442160K(448448K) NonClass: 387159K(390720K)->387159K(390720K) Class: 55000K(57728K)->55000K(57728K)
[2024-08-15T14:56:38.191+0000][8894.136s][info][gc          ] GC(1923) Pause Young (Normal) (G1 Evacuation Pause) 9684M->3276M(12288M) 14.259ms
[2024-08-15T14:56:38.191+0000][8894.136s][info][gc,cpu      ] GC(1923) User=0.08s Sys=0.00s Real=0.01s
[2024-08-15T14:56:47.270+0000][8903.215s][info][gc,start    ] GC(1924) Pause Young (Normal) (G1 Evacuation Pause)
[2024-08-15T14:56:47.270+0000][8903.215s][info][gc,task     ] GC(1924) Using 6 workers of 6 for evacuation
[2024-08-15T14:56:47.293+0000][8903.238s][info][gc,phases   ] GC(1924)   Pre Evacuate Collection Set: 0.2ms
[2024-08-15T14:56:47.293+0000][8903.238s][info][gc,phases   ] GC(1924)   Merge Heap Roots: 0.2ms
[2024-08-15T14:56:47.293+0000][8903.238s][info][gc,phases   ] GC(1924)   Evacuate Collection Set: 20.9ms
[2024-08-15T14:56:47.293+0000][8903.238s][info][gc,phases   ] GC(1924)   Post Evacuate Collection Set: 1.8ms
[2024-08-15T14:56:47.293+0000][8903.238s][info][gc,phases   ] GC(1924)   Other: 0.2ms
[2024-08-15T14:56:47.293+0000][8903.238s][info][gc,heap     ] GC(1924) Eden regions: 802->0(798)
[2024-08-15T14:56:47.293+0000][8903.238s][info][gc,heap     ] GC(1924) Survivor regions: 5->9(101)
[2024-08-15T14:56:47.293+0000][8903.238s][info][gc,heap     ] GC(1924) Old regions: 399->399
[2024-08-15T14:56:47.293+0000][8903.238s][info][gc,heap     ] GC(1924) Archive regions: 2->2
[2024-08-15T14:56:47.293+0000][8903.238s][info][gc,heap     ] GC(1924) Humongous regions: 5->5
[2024-08-15T14:56:47.293+0000][8903.238s][info][gc,metaspace] GC(1924) Metaspace: 442160K(448448K)->442160K(448448K) NonClass: 387159K(390720K)->387159K(390720K) Class: 55000K(57728K)->55000K(57728K)
[2024-08-15T14:56:47.293+0000][8903.238s][info][gc          ] GC(1924) Pause Young (Normal) (G1 Evacuation Pause) 9692M->3301M(12288M) 23.326ms
[2024-08-15T14:56:47.294+0000][8903.238s][info][gc,cpu      ] GC(1924) User=0.13s Sys=0.00s Real=0.02s
[2024-08-15T14:56:56.097+0000][8912.042s][info][gc,start    ] GC(1925) Pause Young (Concurrent Start) (G1 Evacuation Pause)
[2024-08-15T14:56:56.097+0000][8912.042s][info][gc,task     ] GC(1925) Using 6 workers of 6 for evacuation
[2024-08-15T14:56:56.127+0000][8912.072s][info][gc,phases   ] GC(1925)   Pre Evacuate Collection Set: 0.6ms
[2024-08-15T14:56:56.127+0000][8912.072s][info][gc,phases   ] GC(1925)   Merge Heap Roots: 0.2ms
[2024-08-15T14:56:56.127+0000][8912.072s][info][gc,phases   ] GC(1925)   Evacuate Collection Set: 27.0ms
[2024-08-15T14:56:56.127+0000][8912.072s][info][gc,phases   ] GC(1925)   Post Evacuate Collection Set: 1.7ms
[2024-08-15T14:56:56.127+0000][8912.072s][info][gc,phases   ] GC(1925)   Other: 0.3ms
[2024-08-15T14:56:56.127+0000][8912.072s][info][gc,heap     ] GC(1925) Eden regions: 798->0(795)
[2024-08-15T14:56:56.127+0000][8912.072s][info][gc,heap     ] GC(1925) Survivor regions: 9->12(101)
[2024-08-15T14:56:56.127+0000][8912.072s][info][gc,heap     ] GC(1925) Old regions: 399->399
[2024-08-15T14:56:56.127+0000][8912.072s][info][gc,heap     ] GC(1925) Archive regions: 2->2
[2024-08-15T14:56:56.127+0000][8912.072s][info][gc,heap     ] GC(1925) Humongous regions: 5->5
[2024-08-15T14:56:56.127+0000][8912.072s][info][gc,metaspace] GC(1925) Metaspace: 442160K(448448K)->442160K(448448K) NonClass: 387159K(390720K)->387159K(390720K) Class: 55000K(57728K)->55000K(57728K)
[2024-08-15T14:56:56.127+0000][8912.072s][info][gc          ] GC(1925) Pause Young (Concurrent Start) (G1 Evacuation Pause) 9685M->3328M(12288M) 29.920ms
[2024-08-15T14:56:56.127+0000][8912.072s][info][gc,cpu      ] GC(1925) User=0.17s Sys=0.01s Real=0.03s
[2024-08-15T14:56:56.127+0000][8912.072s][info][gc          ] GC(1926) Concurrent Mark Cycle
[2024-08-15T14:56:56.127+0000][8912.072s][info][gc,marking  ] GC(1926) Concurrent Clear Claimed Marks
[2024-08-15T14:56:56.128+0000][8912.072s][info][gc,marking  ] GC(1926) Concurrent Clear Claimed Marks 0.423ms
[2024-08-15T14:56:56.128+0000][8912.072s][info][gc,marking  ] GC(1926) Concurrent Scan Root Regions
[2024-08-15T14:56:56.152+0000][8912.097s][info][gc,marking  ] GC(1926) Concurrent Scan Root Regions 24.396ms
[2024-08-15T14:56:56.152+0000][8912.097s][info][gc,marking  ] GC(1926) Concurrent Mark
[2024-08-15T14:56:56.152+0000][8912.097s][info][gc,marking  ] GC(1926) Concurrent Mark From Roots
[2024-08-15T14:56:56.152+0000][8912.097s][info][gc,task     ] GC(1926) Using 2 workers of 2 for marking
[2024-08-15T14:56:58.582+0000][8914.527s][info][gc,marking  ] GC(1926) Concurrent Mark From Roots 2429.841ms
[2024-08-15T14:56:58.582+0000][8914.527s][info][gc,marking  ] GC(1926) Concurrent Preclean
[2024-08-15T14:56:58.583+0000][8914.528s][info][gc,marking  ] GC(1926) Concurrent Preclean 1.358ms
[2024-08-15T14:56:58.584+0000][8914.528s][info][gc,start    ] GC(1926) Pause Remark
[2024-08-15T14:56:58.607+0000][8914.552s][info][gc          ] GC(1926) Pause Remark 4984M->4984M(12288M) 23.582ms
[2024-08-15T14:56:58.607+0000][8914.552s][info][gc,cpu      ] GC(1926) User=0.10s Sys=0.00s Real=0.02s
[2024-08-15T14:56:58.608+0000][8914.552s][info][gc,marking  ] GC(1926) Concurrent Mark 2455.353ms
[2024-08-15T14:56:58.608+0000][8914.552s][info][gc,marking  ] GC(1926) Concurrent Rebuild Remembered Sets
[2024-08-15T14:57:00.067+0000][8916.011s][info][gc,marking  ] GC(1926) Concurrent Rebuild Remembered Sets 1459.076ms
[2024-08-15T14:57:00.067+0000][8916.011s][info][gc,start    ] GC(1926) Pause Cleanup
[2024-08-15T14:57:00.067+0000][8916.012s][info][gc          ] GC(1926) Pause Cleanup 6005M->6005M(12288M) 0.628ms
[2024-08-15T14:57:00.067+0000][8916.012s][info][gc,cpu      ] GC(1926) User=0.00s Sys=0.00s Real=0.00s
[2024-08-15T14:57:00.068+0000][8916.012s][info][gc,marking  ] GC(1926) Concurrent Cleanup for Next Mark
[2024-08-15T14:57:00.085+0000][8916.029s][info][gc,marking  ] GC(1926) Concurrent Cleanup for Next Mark 17.121ms
[2024-08-15T14:57:00.085+0000][8916.029s][info][gc          ] GC(1926) Concurrent Mark Cycle 3957.405ms
[2024-08-15T14:57:05.084+0000][8921.028s][info][gc,start    ] GC(1927) Pause Young (Prepare Mixed) (G1 Evacuation Pause)
[2024-08-15T14:57:05.084+0000][8921.028s][info][gc,task     ] GC(1927) Using 6 workers of 6 for evacuation
[2024-08-15T14:57:05.120+0000][8921.064s][info][gc,phases   ] GC(1927)   Pre Evacuate Collection Set: 0.2ms
[2024-08-15T14:57:05.120+0000][8921.064s][info][gc,phases   ] GC(1927)   Merge Heap Roots: 0.3ms
[2024-08-15T14:57:05.120+0000][8921.064s][info][gc,phases   ] GC(1927)   Evacuate Collection Set: 33.5ms
[2024-08-15T14:57:05.120+0000][8921.064s][info][gc,phases   ] GC(1927)   Post Evacuate Collection Set: 1.8ms
[2024-08-15T14:57:05.120+0000][8921.064s][info][gc,phases   ] GC(1927)   Other: 0.2ms
[2024-08-15T14:57:05.120+0000][8921.064s][info][gc,heap     ] GC(1927) Eden regions: 795->0(61)
[2024-08-15T14:57:05.120+0000][8921.064s][info][gc,heap     ] GC(1927) Survivor regions: 12->15(101)
[2024-08-15T14:57:05.120+0000][8921.064s][info][gc,heap     ] GC(1927) Old regions: 399->399
[2024-08-15T14:57:05.120+0000][8921.064s][info][gc,heap     ] GC(1927) Archive regions: 2->2
[2024-08-15T14:57:05.120+0000][8921.064s][info][gc,heap     ] GC(1927) Humongous regions: 5->5
[2024-08-15T14:57:05.120+0000][8921.064s][info][gc,metaspace] GC(1927) Metaspace: 442162K(448448K)->442162K(448448K) NonClass: 387161K(390720K)->387161K(390720K) Class: 55000K(57728K)->55000K(57728K)
[2024-08-15T14:57:05.120+0000][8921.064s][info][gc          ] GC(1927) Pause Young (Prepare Mixed) (G1 Evacuation Pause) 9688M->3356M(12288M) 35.991ms
[2024-08-15T14:57:05.120+0000][8921.064s][info][gc,cpu      ] GC(1927) User=0.21s Sys=0.01s Real=0.03s
[2024-08-15T14:57:05.539+0000][8921.483s][info][gc,start    ] GC(1928) Pause Young (Mixed) (G1 Evacuation Pause)
[2024-08-15T14:57:05.539+0000][8921.483s][info][gc,task     ] GC(1928) Using 6 workers of 6 for evacuation
[2024-08-15T14:57:05.601+0000][8921.545s][info][gc,phases   ] GC(1928)   Pre Evacuate Collection Set: 0.2ms
[2024-08-15T14:57:05.601+0000][8921.545s][info][gc,phases   ] GC(1928)   Merge Heap Roots: 0.3ms
[2024-08-15T14:57:05.601+0000][8921.545s][info][gc,phases   ] GC(1928)   Evacuate Collection Set: 60.2ms
[2024-08-15T14:57:05.601+0000][8921.545s][info][gc,phases   ] GC(1928)   Post Evacuate Collection Set: 1.2ms
[2024-08-15T14:57:05.601+0000][8921.545s][info][gc,phases   ] GC(1928)   Other: 0.2ms
[2024-08-15T14:57:05.601+0000][8921.545s][info][gc,heap     ] GC(1928) Eden regions: 61->0(807)
[2024-08-15T14:57:05.601+0000][8921.545s][info][gc,heap     ] GC(1928) Survivor regions: 15->5(10)
[2024-08-15T14:57:05.601+0000][8921.545s][info][gc,heap     ] GC(1928) Old regions: 399->394
[2024-08-15T14:57:05.601+0000][8921.545s][info][gc,heap     ] GC(1928) Archive regions: 2->2
[2024-08-15T14:57:05.601+0000][8921.545s][info][gc,heap     ] GC(1928) Humongous regions: 5->5
[2024-08-15T14:57:05.601+0000][8921.545s][info][gc,metaspace] GC(1928) Metaspace: 442162K(448448K)->442162K(448448K) NonClass: 387161K(390720K)->387161K(390720K) Class: 55000K(57728K)->55000K(57728K)
[2024-08-15T14:57:05.601+0000][8921.545s][info][gc          ] GC(1928) Pause Young (Mixed) (G1 Evacuation Pause) 3844M->3233M(12288M) 62.196ms
[2024-08-15T14:57:05.601+0000][8921.546s][info][gc,cpu      ] GC(1928) User=0.37s Sys=0.00s Real=0.06s
[2024-08-15T14:57:14.227+0000][8930.171s][info][gc,start    ] GC(1929) Pause Young (Normal) (G1 Evacuation Pause)
[2024-08-15T14:57:14.227+0000][8930.171s][info][gc,task     ] GC(1929) Using 6 workers of 6 for evacuation
[2024-08-15T14:57:14.248+0000][8930.193s][info][gc,phases   ] GC(1929)   Pre Evacuate Collection Set: 0.2ms
[2024-08-15T14:57:14.248+0000][8930.193s][info][gc,phases   ] GC(1929)   Merge Heap Roots: 0.3ms
[2024-08-15T14:57:14.248+0000][8930.193s][info][gc,phases   ] GC(1929)   Evacuate Collection Set: 19.3ms
[2024-08-15T14:57:14.248+0000][8930.193s][info][gc,phases   ] GC(1929)   Post Evacuate Collection Set: 1.7ms
[2024-08-15T14:57:14.249+0000][8930.193s][info][gc,phases   ] GC(1929)   Other: 0.2ms
[2024-08-15T14:57:14.249+0000][8930.193s][info][gc,heap     ] GC(1929) Eden regions: 807->0(804)
[2024-08-15T14:57:14.249+0000][8930.193s][info][gc,heap     ] GC(1929) Survivor regions: 5->8(102)
[2024-08-15T14:57:14.249+0000][8930.193s][info][gc,heap     ] GC(1929) Old regions: 394->394
[2024-08-15T14:57:14.249+0000][8930.193s][info][gc,heap     ] GC(1929) Archive regions: 2->2
[2024-08-15T14:57:14.249+0000][8930.193s][info][gc,heap     ] GC(1929) Humongous regions: 5->5
[2024-08-15T14:57:14.249+0000][8930.193s][info][gc,metaspace] GC(1929) Metaspace: 442162K(448448K)->442162K(448448K) NonClass: 387161K(390720K)->387161K(390720K) Class: 55000K(57728K)->55000K(57728K)
[2024-08-15T14:57:14.249+0000][8930.193s][info][gc          ] GC(1929) Pause Young (Normal) (G1 Evacuation Pause) 9689M->3254M(12288M) 21.760ms
[2024-08-15T14:57:14.249+0000][8930.193s][info][gc,cpu      ] GC(1929) User=0.12s Sys=0.00s Real=0.02s
[2024-08-15T14:57:22.410+0000][8938.355s][info][gc,start    ] GC(1930) Pause Young (Normal) (G1 Evacuation Pause)
[2024-08-15T14:57:22.410+0000][8938.355s][info][gc,task     ] GC(1930) Using 6 workers of 6 for evacuation
[2024-08-15T14:57:22.437+0000][8938.382s][info][gc,phases   ] GC(1930)   Pre Evacuate Collection Set: 0.2ms
[2024-08-15T14:57:22.437+0000][8938.382s][info][gc,phases   ] GC(1930)   Merge Heap Roots: 0.3ms
[2024-08-15T14:57:22.437+0000][8938.382s][info][gc,phases   ] GC(1930)   Evacuate Collection Set: 25.1ms
[2024-08-15T14:57:22.437+0000][8938.382s][info][gc,phases   ] GC(1930)   Post Evacuate Collection Set: 1.7ms
[2024-08-15T14:57:22.437+0000][8938.382s][info][gc,phases   ] GC(1930)   Other: 0.2ms
[2024-08-15T14:57:22.437+0000][8938.382s][info][gc,heap     ] GC(1930) Eden regions: 804->0(803)
[2024-08-15T14:57:22.437+0000][8938.382s][info][gc,heap     ] GC(1930) Survivor regions: 8->10(102)
[2024-08-15T14:57:22.437+0000][8938.382s][info][gc,heap     ] GC(1930) Old regions: 394->394
[2024-08-15T14:57:22.437+0000][8938.382s][info][gc,heap     ] GC(1930) Archive regions: 2->2
[2024-08-15T14:57:22.437+0000][8938.382s][info][gc,heap     ] GC(1930) Humongous regions: 5->5
[2024-08-15T14:57:22.437+0000][8938.382s][info][gc,metaspace] GC(1930) Metaspace: 442162K(448448K)->442162K(448448K) NonClass: 387161K(390720K)->387161K(390720K) Class: 55000K(57728K)->55000K(57728K)
[2024-08-15T14:57:22.437+0000][8938.382s][info][gc          ] GC(1930) Pause Young (Normal) (G1 Evacuation Pause) 9686M->3269M(12288M) 27.493ms
[2024-08-15T14:57:22.438+0000][8938.382s][info][gc,cpu      ] GC(1930) User=0.16s Sys=0.00s Real=0.03s
[2024-08-15T14:57:31.100+0000][8947.045s][info][gc,start    ] GC(1931) Pause Young (Concurrent Start) (G1 Evacuation Pause)
[2024-08-15T14:57:31.100+0000][8947.045s][info][gc,task     ] GC(1931) Using 6 workers of 6 for evacuation
[2024-08-15T14:57:31.133+0000][8947.078s][info][gc,phases   ] GC(1931)   Pre Evacuate Collection Set: 0.6ms
[2024-08-15T14:57:31.133+0000][8947.078s][info][gc,phases   ] GC(1931)   Merge Heap Roots: 0.3ms
[2024-08-15T14:57:31.133+0000][8947.078s][info][gc,phases   ] GC(1931)   Evacuate Collection Set: 29.8ms
[2024-08-15T14:57:31.133+0000][8947.078s][info][gc,phases   ] GC(1931)   Post Evacuate Collection Set: 1.7ms
[2024-08-15T14:57:31.133+0000][8947.078s][info][gc,phases   ] GC(1931)   Other: 0.3ms
[2024-08-15T14:57:31.133+0000][8947.078s][info][gc,heap     ] GC(1931) Eden regions: 803->0(800)
[2024-08-15T14:57:31.133+0000][8947.078s][info][gc,heap     ] GC(1931) Survivor regions: 10->13(102)
[2024-08-15T14:57:31.133+0000][8947.078s][info][gc,heap     ] GC(1931) Old regions: 394->394
[2024-08-15T14:57:31.133+0000][8947.078s][info][gc,heap     ] GC(1931) Archive regions: 2->2
[2024-08-15T14:57:31.133+0000][8947.078s][info][gc,heap     ] GC(1931) Humongous regions: 5->5
[2024-08-15T14:57:31.133+0000][8947.078s][info][gc,metaspace] GC(1931) Metaspace: 442162K(448448K)->442162K(448448K) NonClass: 387161K(390720K)->387161K(390720K) Class: 55000K(57728K)->55000K(57728K)
[2024-08-15T14:57:31.133+0000][8947.078s][info][gc          ] GC(1931) Pause Young (Concurrent Start) (G1 Evacuation Pause) 9693M->3296M(12288M) 32.675ms
[2024-08-15T14:57:31.133+0000][8947.078s][info][gc,cpu      ] GC(1931) User=0.19s Sys=0.00s Real=0.03s
[2024-08-15T14:57:31.133+0000][8947.078s][info][gc          ] GC(1932) Concurrent Mark Cycle
[2024-08-15T14:57:31.133+0000][8947.078s][info][gc,marking  ] GC(1932) Concurrent Clear Claimed Marks
[2024-08-15T14:57:31.134+0000][8947.078s][info][gc,marking  ] GC(1932) Concurrent Clear Claimed Marks 0.427ms
[2024-08-15T14:57:31.134+0000][8947.078s][info][gc,marking  ] GC(1932) Concurrent Scan Root Regions
[2024-08-15T14:57:31.160+0000][8947.105s][info][gc,marking  ] GC(1932) Concurrent Scan Root Regions 26.380ms
[2024-08-15T14:57:31.160+0000][8947.105s][info][gc,marking  ] GC(1932) Concurrent Mark
[2024-08-15T14:57:31.160+0000][8947.105s][info][gc,marking  ] GC(1932) Concurrent Mark From Roots
[2024-08-15T14:57:31.160+0000][8947.105s][info][gc,task     ] GC(1932) Using 2 workers of 2 for marking
[2024-08-15T14:57:33.594+0000][8949.539s][info][gc,marking  ] GC(1932) Concurrent Mark From Roots 2434.383ms
[2024-08-15T14:57:33.594+0000][8949.539s][info][gc,marking  ] GC(1932) Concurrent Preclean
[2024-08-15T14:57:33.596+0000][8949.541s][info][gc,marking  ] GC(1932) Concurrent Preclean 1.474ms
[2024-08-15T14:57:33.596+0000][8949.541s][info][gc,start    ] GC(1932) Pause Remark
[2024-08-15T14:57:33.620+0000][8949.565s][info][gc          ] GC(1932) Pause Remark 5036M->5036M(12288M) 23.876ms
[2024-08-15T14:57:33.620+0000][8949.565s][info][gc,cpu      ] GC(1932) User=0.10s Sys=0.00s Real=0.02s
[2024-08-15T14:57:33.620+0000][8949.565s][info][gc,marking  ] GC(1932) Concurrent Mark 2460.137ms
[2024-08-15T14:57:33.620+0000][8949.565s][info][gc,marking  ] GC(1932) Concurrent Rebuild Remembered Sets
[2024-08-15T14:57:35.028+0000][8950.972s][info][gc,marking  ] GC(1932) Concurrent Rebuild Remembered Sets 1407.434ms
[2024-08-15T14:57:35.028+0000][8950.972s][info][gc,start    ] GC(1932) Pause Cleanup
[2024-08-15T14:57:35.028+0000][8950.973s][info][gc          ] GC(1932) Pause Cleanup 6028M->6028M(12288M) 0.636ms
[2024-08-15T14:57:35.028+0000][8950.973s][info][gc,cpu      ] GC(1932) User=0.00s Sys=0.00s Real=0.00s
[2024-08-15T14:57:35.029+0000][8950.973s][info][gc,marking  ] GC(1932) Concurrent Cleanup for Next Mark
[2024-08-15T14:57:35.046+0000][8950.991s][info][gc,marking  ] GC(1932) Concurrent Cleanup for Next Mark 17.695ms
[2024-08-15T14:57:35.046+0000][8950.991s][info][gc          ] GC(1932) Concurrent Mark Cycle 3913.143ms
[2024-08-15T14:57:39.976+0000][8955.921s][info][gc,start    ] GC(1933) Pause Young (Prepare Mixed) (G1 Evacuation Pause)
[2024-08-15T14:57:39.976+0000][8955.921s][info][gc,task     ] GC(1933) Using 6 workers of 6 for evacuation
[2024-08-15T14:57:40.018+0000][8955.963s][info][gc,phases   ] GC(1933)   Pre Evacuate Collection Set: 0.2ms
[2024-08-15T14:57:40.018+0000][8955.963s][info][gc,phases   ] GC(1933)   Merge Heap Roots: 0.3ms
[2024-08-15T14:57:40.018+0000][8955.963s][info][gc,phases   ] GC(1933)   Evacuate Collection Set: 39.4ms
[2024-08-15T14:57:40.018+0000][8955.963s][info][gc,phases   ] GC(1933)   Post Evacuate Collection Set: 1.9ms
[2024-08-15T14:57:40.018+0000][8955.963s][info][gc,phases   ] GC(1933)   Other: 0.2ms
[2024-08-15T14:57:40.018+0000][8955.963s][info][gc,heap     ] GC(1933) Eden regions: 800->0(60)
[2024-08-15T14:57:40.018+0000][8955.963s][info][gc,heap     ] GC(1933) Survivor regions: 13->16(102)
[2024-08-15T14:57:40.018+0000][8955.963s][info][gc,heap     ] GC(1933) Old regions: 394->394
[2024-08-15T14:57:40.018+0000][8955.963s][info][gc,heap     ] GC(1933) Archive regions: 2->2
[2024-08-15T14:57:40.018+0000][8955.963s][info][gc,heap     ] GC(1933) Humongous regions: 5->5
[2024-08-15T14:57:40.018+0000][8955.963s][info][gc,metaspace] GC(1933) Metaspace: 442162K(448448K)->442162K(448448K) NonClass: 387162K(390720K)->387162K(390720K) Class: 55000K(57728K)->55000K(57728K)
[2024-08-15T14:57:40.018+0000][8955.963s][info][gc          ] GC(1933) Pause Young (Prepare Mixed) (G1 Evacuation Pause) 9696M->3321M(12288M) 42.011ms
[2024-08-15T14:57:40.018+0000][8955.963s][info][gc,cpu      ] GC(1933) User=0.25s Sys=0.00s Real=0.04s
[2024-08-15T14:57:40.665+0000][8956.610s][info][gc,start    ] GC(1934) Pause Young (Mixed) (G1 Evacuation Pause)
[2024-08-15T14:57:40.665+0000][8956.610s][info][gc,task     ] GC(1934) Using 6 workers of 6 for evacuation
[2024-08-15T14:57:40.739+0000][8956.683s][info][gc,phases   ] GC(1934)   Pre Evacuate Collection Set: 0.2ms
[2024-08-15T14:57:40.739+0000][8956.683s][info][gc,phases   ] GC(1934)   Merge Heap Roots: 0.4ms
[2024-08-15T14:57:40.739+0000][8956.683s][info][gc,phases   ] GC(1934)   Evacuate Collection Set: 71.4ms
[2024-08-15T14:57:40.739+0000][8956.683s][info][gc,phases   ] GC(1934)   Post Evacuate Collection Set: 1.2ms
[2024-08-15T14:57:40.739+0000][8956.683s][info][gc,phases   ] GC(1934)   Other: 0.2ms
[2024-08-15T14:57:40.739+0000][8956.683s][info][gc,heap     ] GC(1934) Eden regions: 60->0(806)
[2024-08-15T14:57:40.739+0000][8956.683s][info][gc,heap     ] GC(1934) Survivor regions: 16->6(10)
[2024-08-15T14:57:40.739+0000][8956.683s][info][gc,heap     ] GC(1934) Old regions: 394->395
[2024-08-15T14:57:40.739+0000][8956.683s][info][gc,heap     ] GC(1934) Archive regions: 2->2
[2024-08-15T14:57:40.739+0000][8956.683s][info][gc,heap     ] GC(1934) Humongous regions: 5->5
[2024-08-15T14:57:40.739+0000][8956.683s][info][gc,metaspace] GC(1934) Metaspace: 442162K(448448K)->442162K(448448K) NonClass: 387162K(390720K)->387162K(390720K) Class: 55000K(57728K)->55000K(57728K)
[2024-08-15T14:57:40.739+0000][8956.683s][info][gc          ] GC(1934) Pause Young (Mixed) (G1 Evacuation Pause) 3801M->3247M(12288M) 73.463ms
[2024-08-15T14:57:40.739+0000][8956.683s][info][gc,cpu      ] GC(1934) User=0.43s Sys=0.00s Real=0.07s
[2024-08-15T14:57:49.317+0000][8965.261s][info][gc,start    ] GC(1935) Pause Young (Normal) (G1 Evacuation Pause)
[2024-08-15T14:57:49.317+0000][8965.261s][info][gc,task     ] GC(1935) Using 6 workers of 6 for evacuation
[2024-08-15T14:57:49.339+0000][8965.284s][info][gc,phases   ] GC(1935)   Pre Evacuate Collection Set: 0.2ms
[2024-08-15T14:57:49.339+0000][8965.284s][info][gc,phases   ] GC(1935)   Merge Heap Roots: 0.2ms
[2024-08-15T14:57:49.339+0000][8965.284s][info][gc,phases   ] GC(1935)   Evacuate Collection Set: 20.1ms
[2024-08-15T14:57:49.339+0000][8965.284s][info][gc,phases   ] GC(1935)   Post Evacuate Collection Set: 1.7ms
[2024-08-15T14:57:49.339+0000][8965.284s][info][gc,phases   ] GC(1935)   Other: 0.2ms
[2024-08-15T14:57:49.339+0000][8965.284s][info][gc,heap     ] GC(1935) Eden regions: 806->0(805)
[2024-08-15T14:57:49.339+0000][8965.284s][info][gc,heap     ] GC(1935) Survivor regions: 6->7(102)
[2024-08-15T14:57:49.339+0000][8965.284s][info][gc,heap     ] GC(1935) Old regions: 395->395
[2024-08-15T14:57:49.339+0000][8965.284s][info][gc,heap     ] GC(1935) Archive regions: 2->2
[2024-08-15T14:57:49.339+0000][8965.284s][info][gc,heap     ] GC(1935) Humongous regions: 5->5
[2024-08-15T14:57:49.339+0000][8965.284s][info][gc,metaspace] GC(1935) Metaspace: 442162K(448448K)->442162K(448448K) NonClass: 387162K(390720K)->387162K(390720K) Class: 55000K(57728K)->55000K(57728K)
[2024-08-15T14:57:49.339+0000][8965.284s][info][gc          ] GC(1935) Pause Young (Normal) (G1 Evacuation Pause) 9695M->3253M(12288M) 22.492ms
[2024-08-15T14:57:49.339+0000][8965.284s][info][gc,cpu      ] GC(1935) User=0.13s Sys=0.01s Real=0.02s
[2024-08-15T14:57:57.967+0000][8973.912s][info][gc,start    ] GC(1936) Pause Young (Normal) (G1 Evacuation Pause)
[2024-08-15T14:57:57.967+0000][8973.912s][info][gc,task     ] GC(1936) Using 6 workers of 6 for evacuation
[2024-08-15T14:57:57.993+0000][8973.938s][info][gc,phases   ] GC(1936)   Pre Evacuate Collection Set: 0.2ms
[2024-08-15T14:57:57.993+0000][8973.938s][info][gc,phases   ] GC(1936)   Merge Heap Roots: 0.3ms
[2024-08-15T14:57:57.993+0000][8973.938s][info][gc,phases   ] GC(1936)   Evacuate Collection Set: 23.8ms
[2024-08-15T14:57:57.993+0000][8973.938s][info][gc,phases   ] GC(1936)   Post Evacuate Collection Set: 1.7ms
[2024-08-15T14:57:57.993+0000][8973.938s][info][gc,phases   ] GC(1936)   Other: 0.2ms
[2024-08-15T14:57:57.993+0000][8973.938s][info][gc,heap     ] GC(1936) Eden regions: 805->0(802)
[2024-08-15T14:57:57.993+0000][8973.938s][info][gc,heap     ] GC(1936) Survivor regions: 7->10(102)
[2024-08-15T14:57:57.993+0000][8973.938s][info][gc,heap     ] GC(1936) Old regions: 395->395
[2024-08-15T14:57:57.993+0000][8973.938s][info][gc,heap     ] GC(1936) Archive regions: 2->2
[2024-08-15T14:57:57.993+0000][8973.938s][info][gc,heap     ] GC(1936) Humongous regions: 5->5
[2024-08-15T14:57:57.993+0000][8973.938s][info][gc,metaspace] GC(1936) Metaspace: 442162K(448448K)->442162K(448448K) NonClass: 387162K(390720K)->387162K(390720K) Class: 55000K(57728K)->55000K(57728K)
[2024-08-15T14:57:57.993+0000][8973.938s][info][gc          ] GC(1936) Pause Young (Normal) (G1 Evacuation Pause) 9693M->3276M(12288M) 26.214ms
[2024-08-15T14:57:57.994+0000][8973.938s][info][gc,cpu      ] GC(1936) User=0.15s Sys=0.00s Real=0.02s
[2024-08-15T14:58:06.473+0000][8982.418s][info][gc,start    ] GC(1937) Pause Young (Concurrent Start) (G1 Evacuation Pause)
[2024-08-15T14:58:06.473+0000][8982.418s][info][gc,task     ] GC(1937) Using 6 workers of 6 for evacuation
[2024-08-15T14:58:06.506+0000][8982.451s][info][gc,phases   ] GC(1937)   Pre Evacuate Collection Set: 0.6ms
[2024-08-15T14:58:06.506+0000][8982.451s][info][gc,phases   ] GC(1937)   Merge Heap Roots: 0.3ms
[2024-08-15T14:58:06.506+0000][8982.451s][info][gc,phases   ] GC(1937)   Evacuate Collection Set: 30.0ms
[2024-08-15T14:58:06.506+0000][8982.451s][info][gc,phases   ] GC(1937)   Post Evacuate Collection Set: 1.7ms
[2024-08-15T14:58:06.506+0000][8982.451s][info][gc,phases   ] GC(1937)   Other: 0.3ms
[2024-08-15T14:58:06.506+0000][8982.451s][info][gc,heap     ] GC(1937) Eden regions: 802->0(799)
[2024-08-15T14:58:06.506+0000][8982.451s][info][gc,heap     ] GC(1937) Survivor regions: 10->13(102)
[2024-08-15T14:58:06.506+0000][8982.451s][info][gc,heap     ] GC(1937) Old regions: 395->395
[2024-08-15T14:58:06.506+0000][8982.451s][info][gc,heap     ] GC(1937) Archive regions: 2->2
[2024-08-15T14:58:06.506+0000][8982.451s][info][gc,heap     ] GC(1937) Humongous regions: 5->5
[2024-08-15T14:58:06.506+0000][8982.451s][info][gc,metaspace] GC(1937) Metaspace: 442162K(448448K)->442162K(448448K) NonClass: 387162K(390720K)->387162K(390720K) Class: 55000K(57728K)->55000K(57728K)
[2024-08-15T14:58:06.506+0000][8982.451s][info][gc          ] GC(1937) Pause Young (Concurrent Start) (G1 Evacuation Pause) 9692M->3298M(12288M) 32.949ms
[2024-08-15T14:58:06.506+0000][8982.451s][info][gc,cpu      ] GC(1937) User=0.19s Sys=0.00s Real=0.04s
[2024-08-15T14:58:06.506+0000][8982.451s][info][gc          ] GC(1938) Concurrent Mark Cycle
[2024-08-15T14:58:06.506+0000][8982.451s][info][gc,marking  ] GC(1938) Concurrent Clear Claimed Marks
[2024-08-15T14:58:06.507+0000][8982.451s][info][gc,marking  ] GC(1938) Concurrent Clear Claimed Marks 0.415ms
[2024-08-15T14:58:06.507+0000][8982.451s][info][gc,marking  ] GC(1938) Concurrent Scan Root Regions
[2024-08-15T14:58:06.541+0000][8982.485s][info][gc,marking  ] GC(1938) Concurrent Scan Root Regions 33.679ms
[2024-08-15T14:58:06.541+0000][8982.485s][info][gc,marking  ] GC(1938) Concurrent Mark
[2024-08-15T14:58:06.541+0000][8982.485s][info][gc,marking  ] GC(1938) Concurrent Mark From Roots
[2024-08-15T14:58:06.541+0000][8982.485s][info][gc,task     ] GC(1938) Using 2 workers of 2 for marking
[2024-08-15T14:58:08.942+0000][8984.887s][info][gc,marking  ] GC(1938) Concurrent Mark From Roots 2401.529ms
[2024-08-15T14:58:08.942+0000][8984.887s][info][gc,marking  ] GC(1938) Concurrent Preclean
[2024-08-15T14:58:08.944+0000][8984.888s][info][gc,marking  ] GC(1938) Concurrent Preclean 1.512ms
[2024-08-15T14:58:08.944+0000][8984.888s][info][gc,start    ] GC(1938) Pause Remark
[2024-08-15T14:58:08.968+0000][8984.912s][info][gc          ] GC(1938) Pause Remark 4970M->4970M(12288M) 23.988ms
[2024-08-15T14:58:08.968+0000][8984.913s][info][gc,cpu      ] GC(1938) User=0.10s Sys=0.00s Real=0.02s
[2024-08-15T14:58:08.968+0000][8984.913s][info][gc,marking  ] GC(1938) Concurrent Mark 2427.446ms
[2024-08-15T14:58:08.968+0000][8984.913s][info][gc,marking  ] GC(1938) Concurrent Rebuild Remembered Sets
[2024-08-15T14:58:10.359+0000][8986.304s][info][gc,marking  ] GC(1938) Concurrent Rebuild Remembered Sets 1391.024ms
[2024-08-15T14:58:10.359+0000][8986.304s][info][gc,start    ] GC(1938) Pause Cleanup
[2024-08-15T14:58:10.360+0000][8986.304s][info][gc          ] GC(1938) Pause Cleanup 5950M->5950M(12288M) 0.638ms
[2024-08-15T14:58:10.360+0000][8986.305s][info][gc,cpu      ] GC(1938) User=0.00s Sys=0.00s Real=0.00s
[2024-08-15T14:58:10.360+0000][8986.305s][info][gc,marking  ] GC(1938) Concurrent Cleanup for Next Mark
[2024-08-15T14:58:10.386+0000][8986.331s][info][gc,marking  ] GC(1938) Concurrent Cleanup for Next Mark 26.267ms
[2024-08-15T14:58:10.386+0000][8986.331s][info][gc          ] GC(1938) Concurrent Mark Cycle 3879.915ms
[2024-08-15T14:58:15.421+0000][8991.366s][info][gc,start    ] GC(1939) Pause Young (Prepare Mixed) (G1 Evacuation Pause)
[2024-08-15T14:58:15.421+0000][8991.366s][info][gc,task     ] GC(1939) Using 6 workers of 6 for evacuation
[2024-08-15T14:58:15.456+0000][8991.401s][info][gc,phases   ] GC(1939)   Pre Evacuate Collection Set: 0.2ms
[2024-08-15T14:58:15.456+0000][8991.401s][info][gc,phases   ] GC(1939)   Merge Heap Roots: 0.3ms
[2024-08-15T14:58:15.456+0000][8991.401s][info][gc,phases   ] GC(1939)   Evacuate Collection Set: 33.1ms
[2024-08-15T14:58:15.456+0000][8991.401s][info][gc,phases   ] GC(1939)   Post Evacuate Collection Set: 1.8ms
[2024-08-15T14:58:15.456+0000][8991.401s][info][gc,phases   ] GC(1939)   Other: 0.2ms
[2024-08-15T14:58:15.457+0000][8991.401s][info][gc,heap     ] GC(1939) Eden regions: 799->0(61)
[2024-08-15T14:58:15.457+0000][8991.401s][info][gc,heap     ] GC(1939) Survivor regions: 13->15(102)
[2024-08-15T14:58:15.457+0000][8991.401s][info][gc,heap     ] GC(1939) Old regions: 395->395
[2024-08-15T14:58:15.457+0000][8991.401s][info][gc,heap     ] GC(1939) Archive regions: 2->2
[2024-08-15T14:58:15.457+0000][8991.401s][info][gc,heap     ] GC(1939) Humongous regions: 5->5
[2024-08-15T14:58:15.457+0000][8991.401s][info][gc,metaspace] GC(1939) Metaspace: 442162K(448448K)->442162K(448448K) NonClass: 387162K(390720K)->387162K(390720K) Class: 55000K(57728K)->55000K(57728K)
[2024-08-15T14:58:15.457+0000][8991.401s][info][gc          ] GC(1939) Pause Young (Prepare Mixed) (G1 Evacuation Pause) 9690M->3317M(12288M) 35.591ms
[2024-08-15T14:58:15.457+0000][8991.401s][info][gc,cpu      ] GC(1939) User=0.21s Sys=0.00s Real=0.04s
[2024-08-15T14:58:16.103+0000][8992.047s][info][gc,start    ] GC(1940) Pause Young (Mixed) (G1 Evacuation Pause)
[2024-08-15T14:58:16.103+0000][8992.047s][info][gc,task     ] GC(1940) Using 6 workers of 6 for evacuation
[2024-08-15T14:58:16.180+0000][8992.124s][info][gc,phases   ] GC(1940)   Pre Evacuate Collection Set: 0.2ms
[2024-08-15T14:58:16.180+0000][8992.124s][info][gc,phases   ] GC(1940)   Merge Heap Roots: 0.4ms
[2024-08-15T14:58:16.180+0000][8992.124s][info][gc,phases   ] GC(1940)   Evacuate Collection Set: 74.9ms
[2024-08-15T14:58:16.180+0000][8992.124s][info][gc,phases   ] GC(1940)   Post Evacuate Collection Set: 1.3ms
[2024-08-15T14:58:16.180+0000][8992.124s][info][gc,phases   ] GC(1940)   Other: 0.2ms
[2024-08-15T14:58:16.180+0000][8992.124s][info][gc,heap     ] GC(1940) Eden regions: 61->0(806)
[2024-08-15T14:58:16.180+0000][8992.124s][info][gc,heap     ] GC(1940) Survivor regions: 15->5(10)
[2024-08-15T14:58:16.180+0000][8992.124s][info][gc,heap     ] GC(1940) Old regions: 395->396
[2024-08-15T14:58:16.180+0000][8992.124s][info][gc,heap     ] GC(1940) Archive regions: 2->2
[2024-08-15T14:58:16.180+0000][8992.124s][info][gc,heap     ] GC(1940) Humongous regions: 5->5
[2024-08-15T14:58:16.180+0000][8992.124s][info][gc,metaspace] GC(1940) Metaspace: 442162K(448448K)->442162K(448448K) NonClass: 387162K(390720K)->387162K(390720K) Class: 55000K(57728K)->55000K(57728K)
[2024-08-15T14:58:16.180+0000][8992.124s][info][gc          ] GC(1940) Pause Young (Mixed) (G1 Evacuation Pause) 3805M->3246M(12288M) 77.027ms
[2024-08-15T14:58:16.180+0000][8992.125s][info][gc,cpu      ] GC(1940) User=0.45s Sys=0.00s Real=0.08s
[2024-08-15T14:58:24.815+0000][9000.760s][info][gc,start    ] GC(1941) Pause Young (Normal) (G1 Evacuation Pause)
[2024-08-15T14:58:24.815+0000][9000.760s][info][gc,task     ] GC(1941) Using 6 workers of 6 for evacuation
[2024-08-15T14:58:24.839+0000][9000.784s][info][gc,phases   ] GC(1941)   Pre Evacuate Collection Set: 0.2ms
[2024-08-15T14:58:24.839+0000][9000.784s][info][gc,phases   ] GC(1941)   Merge Heap Roots: 0.3ms
[2024-08-15T14:58:24.839+0000][9000.784s][info][gc,phases   ] GC(1941)   Evacuate Collection Set: 21.7ms
[2024-08-15T14:58:24.839+0000][9000.784s][info][gc,phases   ] GC(1941)   Post Evacuate Collection Set: 1.7ms
[2024-08-15T14:58:24.839+0000][9000.784s][info][gc,phases   ] GC(1941)   Other: 0.2ms
[2024-08-15T14:58:24.840+0000][9000.784s][info][gc,heap     ] GC(1941) Eden regions: 806->0(803)
[2024-08-15T14:58:24.840+0000][9000.784s][info][gc,heap     ] GC(1941) Survivor regions: 5->8(102)
[2024-08-15T14:58:24.840+0000][9000.784s][info][gc,heap     ] GC(1941) Old regions: 396->396
[2024-08-15T14:58:24.840+0000][9000.784s][info][gc,heap     ] GC(1941) Archive regions: 2->2
[2024-08-15T14:58:24.840+0000][9000.784s][info][gc,heap     ] GC(1941) Humongous regions: 5->5
[2024-08-15T14:58:24.840+0000][9000.784s][info][gc,metaspace] GC(1941) Metaspace: 442162K(448448K)->442162K(448448K) NonClass: 387162K(390720K)->387162K(390720K) Class: 55000K(57728K)->55000K(57728K)
[2024-08-15T14:58:24.840+0000][9000.784s][info][gc          ] GC(1941) Pause Young (Normal) (G1 Evacuation Pause) 9694M->3270M(12288M) 24.097ms
[2024-08-15T14:58:24.840+0000][9000.784s][info][gc,cpu      ] GC(1941) User=0.14s Sys=0.00s Real=0.02s
[2024-08-15T14:58:33.345+0000][9009.289s][info][gc,start    ] GC(1942) Pause Young (Normal) (G1 Evacuation Pause)
[2024-08-15T14:58:33.345+0000][9009.289s][info][gc,task     ] GC(1942) Using 6 workers of 6 for evacuation
[2024-08-15T14:58:33.376+0000][9009.321s][info][gc,phases   ] GC(1942)   Pre Evacuate Collection Set: 0.2ms
[2024-08-15T14:58:33.376+0000][9009.321s][info][gc,phases   ] GC(1942)   Merge Heap Roots: 0.2ms
[2024-08-15T14:58:33.376+0000][9009.321s][info][gc,phases   ] GC(1942)   Evacuate Collection Set: 29.5ms
[2024-08-15T14:58:33.376+0000][9009.321s][info][gc,phases   ] GC(1942)   Post Evacuate Collection Set: 1.8ms
[2024-08-15T14:58:33.376+0000][9009.321s][info][gc,phases   ] GC(1942)   Other: 0.2ms
[2024-08-15T14:58:33.376+0000][9009.321s][info][gc,heap     ] GC(1942) Eden regions: 803->0(799)
[2024-08-15T14:58:33.376+0000][9009.321s][info][gc,heap     ] GC(1942) Survivor regions: 8->11(102)
[2024-08-15T14:58:33.376+0000][9009.321s][info][gc,heap     ] GC(1942) Old regions: 396->396
[2024-08-15T14:58:33.376+0000][9009.321s][info][gc,heap     ] GC(1942) Archive regions: 2->2
[2024-08-15T14:58:33.376+0000][9009.321s][info][gc,heap     ] GC(1942) Humongous regions: 5->5
[2024-08-15T14:58:33.376+0000][9009.321s][info][gc,metaspace] GC(1942) Metaspace: 442162K(448448K)->442162K(448448K) NonClass: 387162K(390720K)->387162K(390720K) Class: 55000K(57728K)->55000K(57728K)
[2024-08-15T14:58:33.376+0000][9009.321s][info][gc          ] GC(1942) Pause Young (Normal) (G1 Evacuation Pause) 9694M->3289M(12288M) 31.965ms
[2024-08-15T14:58:33.377+0000][9009.321s][info][gc,cpu      ] GC(1942) User=0.19s Sys=0.00s Real=0.03s
[2024-08-15T14:58:41.778+0000][9017.723s][info][gc,start    ] GC(1943) Pause Young (Concurrent Start) (G1 Evacuation Pause)
[2024-08-15T14:58:41.778+0000][9017.723s][info][gc,task     ] GC(1943) Using 6 workers of 6 for evacuation
[2024-08-15T14:58:41.812+0000][9017.756s][info][gc,phases   ] GC(1943)   Pre Evacuate Collection Set: 0.6ms
[2024-08-15T14:58:41.812+0000][9017.756s][info][gc,phases   ] GC(1943)   Merge Heap Roots: 0.2ms
[2024-08-15T14:58:41.812+0000][9017.756s][info][gc,phases   ] GC(1943)   Evacuate Collection Set: 30.7ms
[2024-08-15T14:58:41.812+0000][9017.756s][info][gc,phases   ] GC(1943)   Post Evacuate Collection Set: 1.9ms
[2024-08-15T14:58:41.812+0000][9017.756s][info][gc,phases   ] GC(1943)   Other: 0.3ms
[2024-08-15T14:58:41.812+0000][9017.756s][info][gc,heap     ] GC(1943) Eden regions: 799->0(798)
[2024-08-15T14:58:41.812+0000][9017.756s][info][gc,heap     ] GC(1943) Survivor regions: 11->13(102)
[2024-08-15T14:58:41.812+0000][9017.756s][info][gc,heap     ] GC(1943) Old regions: 396->396
[2024-08-15T14:58:41.812+0000][9017.756s][info][gc,heap     ] GC(1943) Archive regions: 2->2
[2024-08-15T14:58:41.812+0000][9017.756s][info][gc,heap     ] GC(1943) Humongous regions: 5->5
[2024-08-15T14:58:41.812+0000][9017.756s][info][gc,metaspace] GC(1943) Metaspace: 442167K(448512K)->442167K(448512K) NonClass: 387167K(390784K)->387167K(390784K) Class: 55000K(57728K)->55000K(57728K)
[2024-08-15T14:58:41.812+0000][9017.756s][info][gc          ] GC(1943) Pause Young (Concurrent Start) (G1 Evacuation Pause) 9681M->3308M(12288M) 33.840ms
[2024-08-15T14:58:41.812+0000][9017.756s][info][gc,cpu      ] GC(1943) User=0.20s Sys=0.00s Real=0.03s
[2024-08-15T14:58:41.812+0000][9017.756s][info][gc          ] GC(1944) Concurrent Mark Cycle
[2024-08-15T14:58:41.812+0000][9017.756s][info][gc,marking  ] GC(1944) Concurrent Clear Claimed Marks
[2024-08-15T14:58:41.812+0000][9017.757s][info][gc,marking  ] GC(1944) Concurrent Clear Claimed Marks 0.447ms
[2024-08-15T14:58:41.812+0000][9017.757s][info][gc,marking  ] GC(1944) Concurrent Scan Root Regions
[2024-08-15T14:58:41.847+0000][9017.792s][info][gc,marking  ] GC(1944) Concurrent Scan Root Regions 35.025ms
[2024-08-15T14:58:41.847+0000][9017.792s][info][gc,marking  ] GC(1944) Concurrent Mark
[2024-08-15T14:58:41.847+0000][9017.792s][info][gc,marking  ] GC(1944) Concurrent Mark From Roots
[2024-08-15T14:58:41.847+0000][9017.792s][info][gc,task     ] GC(1944) Using 2 workers of 2 for marking
[2024-08-15T14:58:44.139+0000][9020.084s][info][gc,marking  ] GC(1944) Concurrent Mark From Roots 2291.497ms
[2024-08-15T14:58:44.139+0000][9020.084s][info][gc,marking  ] GC(1944) Concurrent Preclean
[2024-08-15T14:58:44.142+0000][9020.086s][info][gc,marking  ] GC(1944) Concurrent Preclean 2.789ms
[2024-08-15T14:58:44.142+0000][9020.086s][info][gc,start    ] GC(1944) Pause Remark
[2024-08-15T14:58:44.187+0000][9020.131s][info][gc          ] GC(1944) Pause Remark 4832M->4832M(12288M) 44.853ms
[2024-08-15T14:58:44.187+0000][9020.131s][info][gc,cpu      ] GC(1944) User=0.22s Sys=0.01s Real=0.05s
[2024-08-15T14:58:44.187+0000][9020.132s][info][gc,marking  ] GC(1944) Concurrent Mark 2339.506ms
[2024-08-15T14:58:44.187+0000][9020.132s][info][gc,marking  ] GC(1944) Concurrent Rebuild Remembered Sets
[2024-08-15T14:58:45.670+0000][9021.614s][info][gc,marking  ] GC(1944) Concurrent Rebuild Remembered Sets 1482.886ms
[2024-08-15T14:58:45.670+0000][9021.615s][info][gc,start    ] GC(1944) Pause Cleanup
[2024-08-15T14:58:45.671+0000][9021.615s][info][gc          ] GC(1944) Pause Cleanup 5872M->5872M(12288M) 0.588ms
[2024-08-15T14:58:45.671+0000][9021.615s][info][gc,cpu      ] GC(1944) User=0.00s Sys=0.00s Real=0.00s
[2024-08-15T14:58:45.671+0000][9021.615s][info][gc,marking  ] GC(1944) Concurrent Cleanup for Next Mark
[2024-08-15T14:58:45.700+0000][9021.645s][info][gc,marking  ] GC(1944) Concurrent Cleanup for Next Mark 29.613ms
[2024-08-15T14:58:45.700+0000][9021.645s][info][gc          ] GC(1944) Concurrent Mark Cycle 3888.597ms
[2024-08-15T14:58:50.787+0000][9026.732s][info][gc,start    ] GC(1945) Pause Young (Prepare Mixed) (G1 Evacuation Pause)
[2024-08-15T14:58:50.787+0000][9026.732s][info][gc,task     ] GC(1945) Using 6 workers of 6 for evacuation
[2024-08-15T14:58:50.826+0000][9026.770s][info][gc,phases   ] GC(1945)   Pre Evacuate Collection Set: 0.2ms
[2024-08-15T14:58:50.826+0000][9026.770s][info][gc,phases   ] GC(1945)   Merge Heap Roots: 0.3ms
[2024-08-15T14:58:50.826+0000][9026.770s][info][gc,phases   ] GC(1945)   Evacuate Collection Set: 36.4ms
[2024-08-15T14:58:50.826+0000][9026.770s][info][gc,phases   ] GC(1945)   Post Evacuate Collection Set: 1.8ms
[2024-08-15T14:58:50.826+0000][9026.770s][info][gc,phases   ] GC(1945)   Other: 0.2ms
[2024-08-15T14:58:50.826+0000][9026.770s][info][gc,heap     ] GC(1945) Eden regions: 798->0(60)
[2024-08-15T14:58:50.826+0000][9026.770s][info][gc,heap     ] GC(1945) Survivor regions: 13->16(102)
[2024-08-15T14:58:50.826+0000][9026.770s][info][gc,heap     ] GC(1945) Old regions: 396->396
[2024-08-15T14:58:50.826+0000][9026.770s][info][gc,heap     ] GC(1945) Archive regions: 2->2
[2024-08-15T14:58:50.826+0000][9026.771s][info][gc,heap     ] GC(1945) Humongous regions: 5->5
[2024-08-15T14:58:50.826+0000][9026.771s][info][gc,metaspace] GC(1945) Metaspace: 441913K(448512K)->441913K(448512K) NonClass: 386963K(390784K)->386963K(390784K) Class: 54949K(57728K)->54949K(57728K)
[2024-08-15T14:58:50.826+0000][9026.771s][info][gc          ] GC(1945) Pause Young (Prepare Mixed) (G1 Evacuation Pause) 9692M->3330M(12288M) 39.021ms
[2024-08-15T14:58:50.826+0000][9026.771s][info][gc,cpu      ] GC(1945) User=0.23s Sys=0.00s Real=0.04s
[2024-08-15T14:58:51.466+0000][9027.411s][info][gc,start    ] GC(1946) Pause Young (Mixed) (G1 Evacuation Pause)
[2024-08-15T14:58:51.466+0000][9027.411s][info][gc,task     ] GC(1946) Using 6 workers of 6 for evacuation
[2024-08-15T14:58:51.548+0000][9027.493s][info][gc,phases   ] GC(1946)   Pre Evacuate Collection Set: 0.2ms
[2024-08-15T14:58:51.549+0000][9027.493s][info][gc,phases   ] GC(1946)   Merge Heap Roots: 0.5ms
[2024-08-15T14:58:51.549+0000][9027.493s][info][gc,phases   ] GC(1946)   Evacuate Collection Set: 80.0ms
[2024-08-15T14:58:51.549+0000][9027.493s][info][gc,phases   ] GC(1946)   Post Evacuate Collection Set: 1.3ms
[2024-08-15T14:58:51.549+0000][9027.493s][info][gc,phases   ] GC(1946)   Other: 0.2ms
[2024-08-15T14:58:51.549+0000][9027.493s][info][gc,heap     ] GC(1946) Eden regions: 60->0(805)
[2024-08-15T14:58:51.549+0000][9027.493s][info][gc,heap     ] GC(1946) Survivor regions: 16->5(10)
[2024-08-15T14:58:51.549+0000][9027.493s][info][gc,heap     ] GC(1946) Old regions: 396->397
[2024-08-15T14:58:51.549+0000][9027.493s][info][gc,heap     ] GC(1946) Archive regions: 2->2
[2024-08-15T14:58:51.549+0000][9027.493s][info][gc,heap     ] GC(1946) Humongous regions: 5->5
[2024-08-15T14:58:51.549+0000][9027.493s][info][gc,metaspace] GC(1946) Metaspace: 441913K(448512K)->441913K(448512K) NonClass: 386963K(390784K)->386963K(390784K) Class: 54949K(57728K)->54949K(57728K)
[2024-08-15T14:58:51.549+0000][9027.493s][info][gc          ] GC(1946) Pause Young (Mixed) (G1 Evacuation Pause) 3810M->3259M(12288M) 82.152ms
[2024-08-15T14:58:51.549+0000][9027.493s][info][gc,cpu      ] GC(1946) User=0.49s Sys=0.00s Real=0.08s
[2024-08-15T14:58:57.543+0000][9033.488s][info][gc,start    ] GC(1947) Pause Young (Normal) (G1 Evacuation Pause)
[2024-08-15T14:58:57.543+0000][9033.488s][info][gc,task     ] GC(1947) Using 6 workers of 6 for evacuation
[2024-08-15T14:58:57.593+0000][9033.538s][info][gc,phases   ] GC(1947)   Pre Evacuate Collection Set: 0.2ms
[2024-08-15T14:58:57.593+0000][9033.538s][info][gc,phases   ] GC(1947)   Merge Heap Roots: 0.2ms
[2024-08-15T14:58:57.593+0000][9033.538s][info][gc,phases   ] GC(1947)   Evacuate Collection Set: 40.0ms
[2024-08-15T14:58:57.593+0000][9033.538s][info][gc,phases   ] GC(1947)   Post Evacuate Collection Set: 9.9ms
[2024-08-15T14:58:57.593+0000][9033.538s][info][gc,phases   ] GC(1947)   Other: 0.2ms
[2024-08-15T14:58:57.593+0000][9033.538s][info][gc,heap     ] GC(1947) Eden regions: 805->0(798)
[2024-08-15T14:58:57.593+0000][9033.538s][info][gc,heap     ] GC(1947) Survivor regions: 5->10(102)
[2024-08-15T14:58:57.593+0000][9033.538s][info][gc,heap     ] GC(1947) Old regions: 397->397
[2024-08-15T14:58:57.593+0000][9033.538s][info][gc,heap     ] GC(1947) Archive regions: 2->2
[2024-08-15T14:58:57.593+0000][9033.538s][info][gc,heap     ] GC(1947) Humongous regions: 5->5
[2024-08-15T14:58:57.593+0000][9033.538s][info][gc,metaspace] GC(1947) Metaspace: 441913K(448512K)->441913K(448512K) NonClass: 386963K(390784K)->386963K(390784K) Class: 54949K(57728K)->54949K(57728K)
[2024-08-15T14:58:57.593+0000][9033.538s][info][gc          ] GC(1947) Pause Young (Normal) (G1 Evacuation Pause) 9699M->3299M(12288M) 50.536ms
[2024-08-15T14:58:57.594+0000][9033.538s][info][gc,cpu      ] GC(1947) User=0.29s Sys=0.00s Real=0.05s
[2024-08-15T14:59:00.083+0000][9036.028s][info][gc,start    ] GC(1948) Pause Young (Normal) (G1 Evacuation Pause)
[2024-08-15T14:59:00.083+0000][9036.028s][info][gc,task     ] GC(1948) Using 6 workers of 6 for evacuation
[2024-08-15T14:59:00.157+0000][9036.102s][info][gc,phases   ] GC(1948)   Pre Evacuate Collection Set: 0.2ms
[2024-08-15T14:59:00.157+0000][9036.102s][info][gc,phases   ] GC(1948)   Merge Heap Roots: 0.2ms
[2024-08-15T14:59:00.157+0000][9036.102s][info][gc,phases   ] GC(1948)   Evacuate Collection Set: 58.4ms
[2024-08-15T14:59:00.157+0000][9036.102s][info][gc,phases   ] GC(1948)   Post Evacuate Collection Set: 15.2ms
[2024-08-15T14:59:00.157+0000][9036.102s][info][gc,phases   ] GC(1948)   Other: 0.2ms
[2024-08-15T14:59:00.157+0000][9036.102s][info][gc,heap     ] GC(1948) Eden regions: 798->0(792)
[2024-08-15T14:59:00.157+0000][9036.102s][info][gc,heap     ] GC(1948) Survivor regions: 10->15(101)
[2024-08-15T14:59:00.157+0000][9036.102s][info][gc,heap     ] GC(1948) Old regions: 397->397
[2024-08-15T14:59:00.157+0000][9036.102s][info][gc,heap     ] GC(1948) Archive regions: 2->2
[2024-08-15T14:59:00.157+0000][9036.102s][info][gc,heap     ] GC(1948) Humongous regions: 5->5
[2024-08-15T14:59:00.157+0000][9036.102s][info][gc,metaspace] GC(1948) Metaspace: 441913K(448512K)->441913K(448512K) NonClass: 386963K(390784K)->386963K(390784K) Class: 54949K(57728K)->54949K(57728K)
[2024-08-15T14:59:00.157+0000][9036.102s][info][gc          ] GC(1948) Pause Young (Normal) (G1 Evacuation Pause) 9683M->3338M(12288M) 74.301ms
[2024-08-15T14:59:00.157+0000][9036.102s][info][gc,cpu      ] GC(1948) User=0.44s Sys=0.00s Real=0.08s
[2024-08-15T14:59:02.613+0000][9038.558s][info][gc,start    ] GC(1949) Pause Young (Concurrent Start) (G1 Evacuation Pause)
[2024-08-15T14:59:02.613+0000][9038.558s][info][gc,task     ] GC(1949) Using 6 workers of 6 for evacuation
[2024-08-15T14:59:02.706+0000][9038.651s][info][gc,phases   ] GC(1949)   Pre Evacuate Collection Set: 0.6ms
[2024-08-15T14:59:02.706+0000][9038.651s][info][gc,phases   ] GC(1949)   Merge Heap Roots: 0.4ms
[2024-08-15T14:59:02.706+0000][9038.651s][info][gc,phases   ] GC(1949)   Evacuate Collection Set: 76.3ms
[2024-08-15T14:59:02.706+0000][9038.651s][info][gc,phases   ] GC(1949)   Post Evacuate Collection Set: 15.8ms
[2024-08-15T14:59:02.706+0000][9038.651s][info][gc,phases   ] GC(1949)   Other: 0.3ms
[2024-08-15T14:59:02.706+0000][9038.651s][info][gc,heap     ] GC(1949) Eden regions: 792->0(788)
[2024-08-15T14:59:02.706+0000][9038.651s][info][gc,heap     ] GC(1949) Survivor regions: 15->18(101)
[2024-08-15T14:59:02.706+0000][9038.651s][info][gc,heap     ] GC(1949) Old regions: 397->397
[2024-08-15T14:59:02.706+0000][9038.651s][info][gc,heap     ] GC(1949) Archive regions: 2->2
[2024-08-15T14:59:02.706+0000][9038.651s][info][gc,heap     ] GC(1949) Humongous regions: 5->5
[2024-08-15T14:59:02.706+0000][9038.651s][info][gc,metaspace] GC(1949) Metaspace: 441913K(448512K)->441913K(448512K) NonClass: 386963K(390784K)->386963K(390784K) Class: 54949K(57728K)->54949K(57728K)
[2024-08-15T14:59:02.706+0000][9038.651s][info][gc          ] GC(1949) Pause Young (Concurrent Start) (G1 Evacuation Pause) 9674M->3363M(12288M) 93.373ms
[2024-08-15T14:59:02.706+0000][9038.651s][info][gc,cpu      ] GC(1949) User=0.54s Sys=0.01s Real=0.10s
[2024-08-15T14:59:02.706+0000][9038.651s][info][gc          ] GC(1950) Concurrent Mark Cycle
[2024-08-15T14:59:02.706+0000][9038.651s][info][gc,marking  ] GC(1950) Concurrent Clear Claimed Marks
[2024-08-15T14:59:02.707+0000][9038.651s][info][gc,marking  ] GC(1950) Concurrent Clear Claimed Marks 0.425ms
[2024-08-15T14:59:02.707+0000][9038.651s][info][gc,marking  ] GC(1950) Concurrent Scan Root Regions
[2024-08-15T14:59:02.768+0000][9038.712s][info][gc,marking  ] GC(1950) Concurrent Scan Root Regions 60.888ms
[2024-08-15T14:59:02.768+0000][9038.712s][info][gc,marking  ] GC(1950) Concurrent Mark
[2024-08-15T14:59:02.768+0000][9038.712s][info][gc,marking  ] GC(1950) Concurrent Mark From Roots
[2024-08-15T14:59:02.768+0000][9038.712s][info][gc,task     ] GC(1950) Using 2 workers of 2 for marking
[2024-08-15T14:59:05.081+0000][9041.025s][info][gc,marking  ] GC(1950) Concurrent Mark From Roots 2312.729ms
[2024-08-15T14:59:05.081+0000][9041.025s][info][gc,marking  ] GC(1950) Concurrent Preclean
[2024-08-15T14:59:05.087+0000][9041.032s][info][gc,marking  ] GC(1950) Concurrent Preclean 6.330ms
[2024-08-15T14:59:05.087+0000][9041.032s][info][gc,start    ] GC(1950) Pause Remark
[2024-08-15T14:59:05.135+0000][9041.079s][info][gc          ] GC(1950) Pause Remark 8335M->8335M(12288M) 47.401ms
[2024-08-15T14:59:05.135+0000][9041.079s][info][gc,cpu      ] GC(1950) User=0.23s Sys=0.00s Real=0.04s
[2024-08-15T14:59:05.135+0000][9041.079s][info][gc,marking  ] GC(1950) Concurrent Mark 2367.052ms
[2024-08-15T14:59:05.135+0000][9041.079s][info][gc,marking  ] GC(1950) Concurrent Rebuild Remembered Sets
[2024-08-15T14:59:05.810+0000][9041.755s][info][gc,start    ] GC(1951) Pause Young (Normal) (G1 Evacuation Pause)
[2024-08-15T14:59:05.810+0000][9041.755s][info][gc,task     ] GC(1951) Using 6 workers of 6 for evacuation
[2024-08-15T14:59:05.928+0000][9041.873s][info][gc,phases   ] GC(1951)   Pre Evacuate Collection Set: 0.2ms
[2024-08-15T14:59:05.928+0000][9041.873s][info][gc,phases   ] GC(1951)   Merge Heap Roots: 0.7ms
[2024-08-15T14:59:05.928+0000][9041.873s][info][gc,phases   ] GC(1951)   Evacuate Collection Set: 97.6ms
[2024-08-15T14:59:05.928+0000][9041.873s][info][gc,phases   ] GC(1951)   Post Evacuate Collection Set: 19.3ms
[2024-08-15T14:59:05.928+0000][9041.873s][info][gc,phases   ] GC(1951)   Other: 0.2ms
[2024-08-15T14:59:05.928+0000][9041.873s][info][gc,heap     ] GC(1951) Eden regions: 788->0(778)
[2024-08-15T14:59:05.928+0000][9041.873s][info][gc,heap     ] GC(1951) Survivor regions: 18->23(101)
[2024-08-15T14:59:05.928+0000][9041.873s][info][gc,heap     ] GC(1951) Old regions: 397->397
[2024-08-15T14:59:05.928+0000][9041.873s][info][gc,heap     ] GC(1951) Archive regions: 2->2
[2024-08-15T14:59:05.928+0000][9041.873s][info][gc,heap     ] GC(1951) Humongous regions: 5->5
[2024-08-15T14:59:05.928+0000][9041.873s][info][gc,metaspace] GC(1951) Metaspace: 441328K(448512K)->441328K(448512K) NonClass: 386480K(390784K)->386480K(390784K) Class: 54847K(57728K)->54847K(57728K)
[2024-08-15T14:59:05.928+0000][9041.873s][info][gc          ] GC(1951) Pause Young (Normal) (G1 Evacuation Pause) 9667M->3399M(12288M) 118.007ms
[2024-08-15T14:59:05.928+0000][9041.873s][info][gc,cpu      ] GC(1951) User=0.69s Sys=0.00s Real=0.12s
[2024-08-15T14:59:06.800+0000][9042.745s][info][gc,marking  ] GC(1950) Concurrent Rebuild Remembered Sets 1665.343ms
[2024-08-15T14:59:06.800+0000][9042.745s][info][gc,start    ] GC(1950) Pause Cleanup
[2024-08-15T14:59:06.801+0000][9042.746s][info][gc          ] GC(1950) Pause Cleanup 5627M->5627M(12288M) 0.622ms
[2024-08-15T14:59:06.801+0000][9042.746s][info][gc,cpu      ] GC(1950) User=0.00s Sys=0.00s Real=0.00s
[2024-08-15T14:59:06.801+0000][9042.746s][info][gc,marking  ] GC(1950) Concurrent Cleanup for Next Mark
[2024-08-15T14:59:06.819+0000][9042.763s][info][gc,marking  ] GC(1950) Concurrent Cleanup for Next Mark 17.680ms
[2024-08-15T14:59:06.819+0000][9042.763s][info][gc          ] GC(1950) Concurrent Mark Cycle 4112.472ms
[2024-08-15T14:59:08.252+0000][9044.196s][info][gc,start    ] GC(1952) Pause Young (Prepare Mixed) (G1 Evacuation Pause)
[2024-08-15T14:59:08.252+0000][9044.196s][info][gc,task     ] GC(1952) Using 6 workers of 6 for evacuation
[2024-08-15T14:59:08.370+0000][9044.315s][info][gc,phases   ] GC(1952)   Pre Evacuate Collection Set: 0.2ms
[2024-08-15T14:59:08.370+0000][9044.315s][info][gc,phases   ] GC(1952)   Merge Heap Roots: 0.6ms
[2024-08-15T14:59:08.370+0000][9044.315s][info][gc,phases   ] GC(1952)   Evacuate Collection Set: 101.1ms
[2024-08-15T14:59:08.370+0000][9044.315s][info][gc,phases   ] GC(1952)   Post Evacuate Collection Set: 16.5ms
[2024-08-15T14:59:08.370+0000][9044.315s][info][gc,phases   ] GC(1952)   Other: 0.2ms
[2024-08-15T14:59:08.370+0000][9044.315s][info][gc,heap     ] GC(1952) Eden regions: 778->0(51)
[2024-08-15T14:59:08.370+0000][9044.315s][info][gc,heap     ] GC(1952) Survivor regions: 23->25(101)
[2024-08-15T14:59:08.370+0000][9044.315s][info][gc,heap     ] GC(1952) Old regions: 397->397
[2024-08-15T14:59:08.370+0000][9044.315s][info][gc,heap     ] GC(1952) Archive regions: 2->2
[2024-08-15T14:59:08.370+0000][9044.315s][info][gc,heap     ] GC(1952) Humongous regions: 5->5
[2024-08-15T14:59:08.370+0000][9044.315s][info][gc,metaspace] GC(1952) Metaspace: 441328K(448512K)->441328K(448512K) NonClass: 386480K(390784K)->386480K(390784K) Class: 54847K(57728K)->54847K(57728K)
[2024-08-15T14:59:08.370+0000][9044.315s][info][gc          ] GC(1952) Pause Young (Prepare Mixed) (G1 Evacuation Pause) 9623M->3415M(12288M) 118.677ms
[2024-08-15T14:59:08.370+0000][9044.315s][info][gc,cpu      ] GC(1952) User=0.69s Sys=0.00s Real=0.12s
[2024-08-15T14:59:08.520+0000][9044.465s][info][gc,start    ] GC(1953) Pause Young (Mixed) (G1 Evacuation Pause)
[2024-08-15T14:59:08.520+0000][9044.465s][info][gc,task     ] GC(1953) Using 6 workers of 6 for evacuation
[2024-08-15T14:59:08.642+0000][9044.586s][info][gc,phases   ] GC(1953)   Pre Evacuate Collection Set: 0.2ms
[2024-08-15T14:59:08.642+0000][9044.586s][info][gc,phases   ] GC(1953)   Merge Heap Roots: 0.5ms
[2024-08-15T14:59:08.642+0000][9044.586s][info][gc,phases   ] GC(1953)   Evacuate Collection Set: 118.2ms
[2024-08-15T14:59:08.642+0000][9044.586s][info][gc,phases   ] GC(1953)   Post Evacuate Collection Set: 2.7ms
[2024-08-15T14:59:08.642+0000][9044.586s][info][gc,phases   ] GC(1953)   Other: 0.2ms
[2024-08-15T14:59:08.642+0000][9044.586s][info][gc,heap     ] GC(1953) Eden regions: 51->0(793)
[2024-08-15T14:59:08.642+0000][9044.586s][info][gc,heap     ] GC(1953) Survivor regions: 25->7(10)
[2024-08-15T14:59:08.642+0000][9044.586s][info][gc,heap     ] GC(1953) Old regions: 397->404
[2024-08-15T14:59:08.642+0000][9044.586s][info][gc,heap     ] GC(1953) Archive regions: 2->2
[2024-08-15T14:59:08.642+0000][9044.586s][info][gc,heap     ] GC(1953) Humongous regions: 5->5
[2024-08-15T14:59:08.642+0000][9044.587s][info][gc,metaspace] GC(1953) Metaspace: 441328K(448512K)->441328K(448512K) NonClass: 386480K(390784K)->386480K(390784K) Class: 54847K(57728K)->54847K(57728K)
[2024-08-15T14:59:08.642+0000][9044.587s][info][gc          ] GC(1953) Pause Young (Mixed) (G1 Evacuation Pause) 3823M->3322M(12288M) 121.742ms
[2024-08-15T14:59:08.642+0000][9044.587s][info][gc,cpu      ] GC(1953) User=0.72s Sys=0.00s Real=0.12s
[2024-08-15T14:59:11.020+0000][9046.964s][info][gc,start    ] GC(1954) Pause Young (Normal) (G1 Evacuation Pause)
[2024-08-15T14:59:11.020+0000][9046.964s][info][gc,task     ] GC(1954) Using 6 workers of 6 for evacuation
[2024-08-15T14:59:11.078+0000][9047.022s][info][gc,phases   ] GC(1954)   Pre Evacuate Collection Set: 0.2ms
[2024-08-15T14:59:11.078+0000][9047.022s][info][gc,phases   ] GC(1954)   Merge Heap Roots: 0.3ms
[2024-08-15T14:59:11.078+0000][9047.022s][info][gc,phases   ] GC(1954)   Evacuate Collection Set: 46.1ms
[2024-08-15T14:59:11.078+0000][9047.022s][info][gc,phases   ] GC(1954)   Post Evacuate Collection Set: 11.2ms
[2024-08-15T14:59:11.078+0000][9047.022s][info][gc,phases   ] GC(1954)   Other: 0.2ms
[2024-08-15T14:59:11.078+0000][9047.022s][info][gc,heap     ] GC(1954) Eden regions: 793->0(793)
[2024-08-15T14:59:11.078+0000][9047.022s][info][gc,heap     ] GC(1954) Survivor regions: 7->9(100)
[2024-08-15T14:59:11.078+0000][9047.022s][info][gc,heap     ] GC(1954) Old regions: 404->404
[2024-08-15T14:59:11.078+0000][9047.022s][info][gc,heap     ] GC(1954) Archive regions: 2->2
[2024-08-15T14:59:11.078+0000][9047.022s][info][gc,heap     ] GC(1954) Humongous regions: 5->5
[2024-08-15T14:59:11.078+0000][9047.022s][info][gc,metaspace] GC(1954) Metaspace: 441328K(448512K)->441328K(448512K) NonClass: 386480K(390784K)->386480K(390784K) Class: 54847K(57728K)->54847K(57728K)
[2024-08-15T14:59:11.078+0000][9047.022s][info][gc          ] GC(1954) Pause Young (Normal) (G1 Evacuation Pause) 9666M->3339M(12288M) 58.019ms
[2024-08-15T14:59:11.078+0000][9047.022s][info][gc,cpu      ] GC(1954) User=0.33s Sys=0.01s Real=0.06s
[2024-08-15T14:59:13.361+0000][9049.306s][info][gc,start    ] GC(1955) Pause Young (Normal) (G1 Evacuation Pause)
[2024-08-15T14:59:13.361+0000][9049.306s][info][gc,task     ] GC(1955) Using 6 workers of 6 for evacuation
[2024-08-15T14:59:13.444+0000][9049.389s][info][gc,phases   ] GC(1955)   Pre Evacuate Collection Set: 0.2ms
[2024-08-15T14:59:13.444+0000][9049.389s][info][gc,phases   ] GC(1955)   Merge Heap Roots: 0.4ms
[2024-08-15T14:59:13.444+0000][9049.389s][info][gc,phases   ] GC(1955)   Evacuate Collection Set: 66.3ms
[2024-08-15T14:59:13.444+0000][9049.389s][info][gc,phases   ] GC(1955)   Post Evacuate Collection Set: 16.0ms
[2024-08-15T14:59:13.444+0000][9049.389s][info][gc,phases   ] GC(1955)   Other: 0.2ms
[2024-08-15T14:59:13.445+0000][9049.389s][info][gc,heap     ] GC(1955) Eden regions: 793->0(790)
[2024-08-15T14:59:13.445+0000][9049.389s][info][gc,heap     ] GC(1955) Survivor regions: 9->12(101)
[2024-08-15T14:59:13.445+0000][9049.389s][info][gc,heap     ] GC(1955) Old regions: 404->404
[2024-08-15T14:59:13.445+0000][9049.389s][info][gc,heap     ] GC(1955) Archive regions: 2->2
[2024-08-15T14:59:13.445+0000][9049.389s][info][gc,heap     ] GC(1955) Humongous regions: 5->5
[2024-08-15T14:59:13.445+0000][9049.389s][info][gc,metaspace] GC(1955) Metaspace: 441328K(448512K)->441328K(448512K) NonClass: 386480K(390784K)->386480K(390784K) Class: 54847K(57728K)->54847K(57728K)
[2024-08-15T14:59:13.445+0000][9049.389s][info][gc          ] GC(1955) Pause Young (Normal) (G1 Evacuation Pause) 9683M->3366M(12288M) 83.124ms
[2024-08-15T14:59:13.445+0000][9049.389s][info][gc,cpu      ] GC(1955) User=0.48s Sys=0.00s Real=0.09s
[2024-08-15T14:59:15.887+0000][9051.831s][info][gc,start    ] GC(1956) Pause Young (Concurrent Start) (G1 Evacuation Pause)
[2024-08-15T14:59:15.887+0000][9051.831s][info][gc,task     ] GC(1956) Using 6 workers of 6 for evacuation
[2024-08-15T14:59:16.005+0000][9051.949s][info][gc,phases   ] GC(1956)   Pre Evacuate Collection Set: 0.6ms
[2024-08-15T14:59:16.005+0000][9051.949s][info][gc,phases   ] GC(1956)   Merge Heap Roots: 0.4ms
[2024-08-15T14:59:16.005+0000][9051.949s][info][gc,phases   ] GC(1956)   Evacuate Collection Set: 91.8ms
[2024-08-15T14:59:16.005+0000][9051.949s][info][gc,phases   ] GC(1956)   Post Evacuate Collection Set: 25.3ms
[2024-08-15T14:59:16.005+0000][9051.949s][info][gc,phases   ] GC(1956)   Other: 0.3ms
[2024-08-15T14:59:16.005+0000][9051.949s][info][gc,heap     ] GC(1956) Eden regions: 790->0(781)
[2024-08-15T14:59:16.005+0000][9051.949s][info][gc,heap     ] GC(1956) Survivor regions: 12->18(101)
[2024-08-15T14:59:16.005+0000][9051.949s][info][gc,heap     ] GC(1956) Old regions: 404->404
[2024-08-15T14:59:16.005+0000][9051.950s][info][gc,heap     ] GC(1956) Archive regions: 2->2
[2024-08-15T14:59:16.005+0000][9051.950s][info][gc,heap     ] GC(1956) Humongous regions: 5->5
[2024-08-15T14:59:16.005+0000][9051.950s][info][gc,metaspace] GC(1956) Metaspace: 441328K(448512K)->441328K(448512K) NonClass: 386480K(390784K)->386480K(390784K) Class: 54847K(57728K)->54847K(57728K)
[2024-08-15T14:59:16.005+0000][9051.950s][info][gc          ] GC(1956) Pause Young (Concurrent Start) (G1 Evacuation Pause) 9686M->3409M(12288M) 118.361ms
[2024-08-15T14:59:16.005+0000][9051.950s][info][gc,cpu      ] GC(1956) User=0.69s Sys=0.00s Real=0.12s
[2024-08-15T14:59:16.005+0000][9051.950s][info][gc          ] GC(1957) Concurrent Mark Cycle
[2024-08-15T14:59:16.005+0000][9051.950s][info][gc,marking  ] GC(1957) Concurrent Clear Claimed Marks
[2024-08-15T14:59:16.005+0000][9051.950s][info][gc,marking  ] GC(1957) Concurrent Clear Claimed Marks 0.395ms
[2024-08-15T14:59:16.005+0000][9051.950s][info][gc,marking  ] GC(1957) Concurrent Scan Root Regions
[2024-08-15T14:59:16.046+0000][9051.991s][info][gc,marking  ] GC(1957) Concurrent Scan Root Regions 41.037ms
[2024-08-15T14:59:16.047+0000][9051.991s][info][gc,marking  ] GC(1957) Concurrent Mark
[2024-08-15T14:59:16.047+0000][9051.991s][info][gc,marking  ] GC(1957) Concurrent Mark From Roots
[2024-08-15T14:59:16.047+0000][9051.991s][info][gc,task     ] GC(1957) Using 2 workers of 2 for marking
[2024-08-15T14:59:17.775+0000][9053.719s][info][gc,marking  ] GC(1957) Concurrent Mark From Roots 1728.013ms
[2024-08-15T14:59:17.775+0000][9053.719s][info][gc,marking  ] GC(1957) Concurrent Preclean
[2024-08-15T14:59:17.776+0000][9053.721s][info][gc,marking  ] GC(1957) Concurrent Preclean 1.460ms
[2024-08-15T14:59:17.776+0000][9053.721s][info][gc,start    ] GC(1957) Pause Remark
[2024-08-15T14:59:17.819+0000][9053.764s][info][gc          ] GC(1957) Pause Remark 7605M->7605M(12288M) 42.743ms
[2024-08-15T14:59:17.819+0000][9053.764s][info][gc,cpu      ] GC(1957) User=0.22s Sys=0.00s Real=0.04s
[2024-08-15T14:59:17.819+0000][9053.764s][info][gc,marking  ] GC(1957) Concurrent Mark 1772.592ms
[2024-08-15T14:59:17.819+0000][9053.764s][info][gc,marking  ] GC(1957) Concurrent Rebuild Remembered Sets
[2024-08-15T14:59:18.617+0000][9054.561s][info][gc,start    ] GC(1958) Pause Young (Normal) (G1 Evacuation Pause)
[2024-08-15T14:59:18.617+0000][9054.561s][info][gc,task     ] GC(1958) Using 6 workers of 6 for evacuation
[2024-08-15T14:59:18.772+0000][9054.717s][info][gc,phases   ] GC(1958)   Pre Evacuate Collection Set: 0.2ms
[2024-08-15T14:59:18.772+0000][9054.717s][info][gc,phases   ] GC(1958)   Merge Heap Roots: 1.4ms
[2024-08-15T14:59:18.772+0000][9054.717s][info][gc,phases   ] GC(1958)   Evacuate Collection Set: 126.5ms
[2024-08-15T14:59:18.772+0000][9054.717s][info][gc,phases   ] GC(1958)   Post Evacuate Collection Set: 27.0ms
[2024-08-15T14:59:18.772+0000][9054.717s][info][gc,phases   ] GC(1958)   Other: 0.2ms
[2024-08-15T14:59:18.772+0000][9054.717s][info][gc,heap     ] GC(1958) Eden regions: 781->0(769)
[2024-08-15T14:59:18.772+0000][9054.717s][info][gc,heap     ] GC(1958) Survivor regions: 18->24(100)
[2024-08-15T14:59:18.772+0000][9054.717s][info][gc,heap     ] GC(1958) Old regions: 404->404
[2024-08-15T14:59:18.772+0000][9054.717s][info][gc,heap     ] GC(1958) Archive regions: 2->2
[2024-08-15T14:59:18.772+0000][9054.717s][info][gc,heap     ] GC(1958) Humongous regions: 5->5
[2024-08-15T14:59:18.772+0000][9054.717s][info][gc,metaspace] GC(1958) Metaspace: 441255K(448512K)->441255K(448512K) NonClass: 386424K(390784K)->386424K(390784K) Class: 54831K(57728K)->54831K(57728K)
[2024-08-15T14:59:18.772+0000][9054.717s][info][gc          ] GC(1958) Pause Young (Normal) (G1 Evacuation Pause) 9657M->3458M(12288M) 155.373ms
[2024-08-15T14:59:18.772+0000][9054.717s][info][gc,cpu      ] GC(1958) User=0.90s Sys=0.00s Real=0.15s
[2024-08-15T14:59:19.031+0000][9054.975s][info][gc,marking  ] GC(1957) Concurrent Rebuild Remembered Sets 1211.673ms
[2024-08-15T14:59:19.031+0000][9054.976s][info][gc,start    ] GC(1957) Pause Cleanup
[2024-08-15T14:59:19.032+0000][9054.976s][info][gc          ] GC(1957) Pause Cleanup 4022M->4022M(12288M) 0.639ms
[2024-08-15T14:59:19.032+0000][9054.976s][info][gc,cpu      ] GC(1957) User=0.00s Sys=0.00s Real=0.00s
[2024-08-15T14:59:19.032+0000][9054.976s][info][gc,marking  ] GC(1957) Concurrent Cleanup for Next Mark
[2024-08-15T14:59:19.048+0000][9054.992s][info][gc,marking  ] GC(1957) Concurrent Cleanup for Next Mark 16.027ms
[2024-08-15T14:59:19.048+0000][9054.992s][info][gc          ] GC(1957) Concurrent Mark Cycle 3042.791ms
[2024-08-15T14:59:22.471+0000][9058.416s][info][gc,start    ] GC(1959) Pause Young (Prepare Mixed) (G1 Evacuation Pause)
[2024-08-15T14:59:22.471+0000][9058.416s][info][gc,task     ] GC(1959) Using 6 workers of 6 for evacuation
[2024-08-15T14:59:22.575+0000][9058.520s][info][gc,phases   ] GC(1959)   Pre Evacuate Collection Set: 0.2ms
[2024-08-15T14:59:22.575+0000][9058.520s][info][gc,phases   ] GC(1959)   Merge Heap Roots: 0.7ms
[2024-08-15T14:59:22.575+0000][9058.520s][info][gc,phases   ] GC(1959)   Evacuate Collection Set: 90.6ms
[2024-08-15T14:59:22.575+0000][9058.520s][info][gc,phases   ] GC(1959)   Post Evacuate Collection Set: 12.2ms
[2024-08-15T14:59:22.575+0000][9058.520s][info][gc,phases   ] GC(1959)   Other: 0.3ms
[2024-08-15T14:59:22.575+0000][9058.520s][info][gc,heap     ] GC(1959) Eden regions: 769->0(55)
[2024-08-15T14:59:22.575+0000][9058.520s][info][gc,heap     ] GC(1959) Survivor regions: 24->21(100)
[2024-08-15T14:59:22.575+0000][9058.520s][info][gc,heap     ] GC(1959) Old regions: 404->404
[2024-08-15T14:59:22.575+0000][9058.520s][info][gc,heap     ] GC(1959) Archive regions: 2->2
[2024-08-15T14:59:22.575+0000][9058.520s][info][gc,heap     ] GC(1959) Humongous regions: 5->5
[2024-08-15T14:59:22.575+0000][9058.520s][info][gc,metaspace] GC(1959) Metaspace: 441255K(448512K)->441255K(448512K) NonClass: 386424K(390784K)->386424K(390784K) Class: 54831K(57728K)->54831K(57728K)
[2024-08-15T14:59:22.575+0000][9058.520s][info][gc          ] GC(1959) Pause Young (Prepare Mixed) (G1 Evacuation Pause) 9610M->3438M(12288M) 103.949ms
[2024-08-15T14:59:22.575+0000][9058.520s][info][gc,cpu      ] GC(1959) User=0.61s Sys=0.00s Real=0.11s
[2024-08-15T14:59:22.872+0000][9058.816s][info][gc,start    ] GC(1960) Pause Young (Mixed) (G1 Evacuation Pause)
[2024-08-15T14:59:22.872+0000][9058.816s][info][gc,task     ] GC(1960) Using 6 workers of 6 for evacuation
[2024-08-15T14:59:22.976+0000][9058.921s][info][gc,phases   ] GC(1960)   Pre Evacuate Collection Set: 0.2ms
[2024-08-15T14:59:22.976+0000][9058.921s][info][gc,phases   ] GC(1960)   Merge Heap Roots: 0.5ms
[2024-08-15T14:59:22.976+0000][9058.921s][info][gc,phases   ] GC(1960)   Evacuate Collection Set: 102.6ms
[2024-08-15T14:59:22.976+0000][9058.921s][info][gc,phases   ] GC(1960)   Post Evacuate Collection Set: 1.3ms
[2024-08-15T14:59:22.976+0000][9058.921s][info][gc,phases   ] GC(1960)   Other: 0.2ms
[2024-08-15T14:59:22.976+0000][9058.921s][info][gc,heap     ] GC(1960) Eden regions: 55->0(797)
[2024-08-15T14:59:22.976+0000][9058.921s][info][gc,heap     ] GC(1960) Survivor regions: 21->6(10)
[2024-08-15T14:59:22.976+0000][9058.921s][info][gc,heap     ] GC(1960) Old regions: 404->403
[2024-08-15T14:59:22.976+0000][9058.921s][info][gc,heap     ] GC(1960) Archive regions: 2->2
[2024-08-15T14:59:22.976+0000][9058.921s][info][gc,heap     ] GC(1960) Humongous regions: 5->5
[2024-08-15T14:59:22.976+0000][9058.921s][info][gc,metaspace] GC(1960) Metaspace: 441255K(448512K)->441255K(448512K) NonClass: 386424K(390784K)->386424K(390784K) Class: 54831K(57728K)->54831K(57728K)
[2024-08-15T14:59:22.976+0000][9058.921s][info][gc          ] GC(1960) Pause Young (Mixed) (G1 Evacuation Pause) 3878M->3310M(12288M) 104.802ms
[2024-08-15T14:59:22.976+0000][9058.921s][info][gc,cpu      ] GC(1960) User=0.63s Sys=0.00s Real=0.11s
[2024-08-15T14:59:27.834+0000][9063.779s][info][gc,start    ] GC(1961) Pause Young (Normal) (G1 Evacuation Pause)
[2024-08-15T14:59:27.834+0000][9063.779s][info][gc,task     ] GC(1961) Using 6 workers of 6 for evacuation
[2024-08-15T14:59:27.856+0000][9063.800s][info][gc,phases   ] GC(1961)   Pre Evacuate Collection Set: 0.2ms
[2024-08-15T14:59:27.856+0000][9063.800s][info][gc,phases   ] GC(1961)   Merge Heap Roots: 0.3ms
[2024-08-15T14:59:27.856+0000][9063.800s][info][gc,phases   ] GC(1961)   Evacuate Collection Set: 18.7ms
[2024-08-15T14:59:27.856+0000][9063.800s][info][gc,phases   ] GC(1961)   Post Evacuate Collection Set: 1.8ms
[2024-08-15T14:59:27.856+0000][9063.800s][info][gc,phases   ] GC(1961)   Other: 0.2ms
[2024-08-15T14:59:27.856+0000][9063.800s][info][gc,heap     ] GC(1961) Eden regions: 797->0(797)
[2024-08-15T14:59:27.856+0000][9063.800s][info][gc,heap     ] GC(1961) Survivor regions: 6->7(101)
[2024-08-15T14:59:27.856+0000][9063.800s][info][gc,heap     ] GC(1961) Old regions: 403->403
[2024-08-15T14:59:27.856+0000][9063.800s][info][gc,heap     ] GC(1961) Archive regions: 2->2
[2024-08-15T14:59:27.856+0000][9063.800s][info][gc,heap     ] GC(1961) Humongous regions: 5->5
[2024-08-15T14:59:27.856+0000][9063.800s][info][gc,metaspace] GC(1961) Metaspace: 441264K(448576K)->441264K(448576K) NonClass: 386433K(390848K)->386433K(390848K) Class: 54831K(57728K)->54831K(57728K)
[2024-08-15T14:59:27.856+0000][9063.800s][info][gc          ] GC(1961) Pause Young (Normal) (G1 Evacuation Pause) 9686M->3315M(12288M) 21.227ms
[2024-08-15T14:59:27.856+0000][9063.800s][info][gc,cpu      ] GC(1961) User=0.13s Sys=0.00s Real=0.03s
[2024-08-15T14:59:36.726+0000][9072.671s][info][gc,start    ] GC(1962) Pause Young (Normal) (G1 Evacuation Pause)
[2024-08-15T14:59:36.726+0000][9072.671s][info][gc,task     ] GC(1962) Using 6 workers of 6 for evacuation
[2024-08-15T14:59:36.754+0000][9072.698s][info][gc,phases   ] GC(1962)   Pre Evacuate Collection Set: 0.2ms
[2024-08-15T14:59:36.754+0000][9072.698s][info][gc,phases   ] GC(1962)   Merge Heap Roots: 0.2ms
[2024-08-15T14:59:36.754+0000][9072.698s][info][gc,phases   ] GC(1962)   Evacuate Collection Set: 25.1ms
[2024-08-15T14:59:36.754+0000][9072.698s][info][gc,phases   ] GC(1962)   Post Evacuate Collection Set: 1.8ms
[2024-08-15T14:59:36.754+0000][9072.698s][info][gc,phases   ] GC(1962)   Other: 0.2ms
[2024-08-15T14:59:36.754+0000][9072.698s][info][gc,heap     ] GC(1962) Eden regions: 797->0(795)
[2024-08-15T14:59:36.754+0000][9072.698s][info][gc,heap     ] GC(1962) Survivor regions: 7->10(101)
[2024-08-15T14:59:36.754+0000][9072.698s][info][gc,heap     ] GC(1962) Old regions: 403->403
[2024-08-15T14:59:36.754+0000][9072.698s][info][gc,heap     ] GC(1962) Archive regions: 2->2
[2024-08-15T14:59:36.754+0000][9072.698s][info][gc,heap     ] GC(1962) Humongous regions: 5->5
[2024-08-15T14:59:36.754+0000][9072.698s][info][gc,metaspace] GC(1962) Metaspace: 441264K(448576K)->441264K(448576K) NonClass: 386433K(390848K)->386433K(390848K) Class: 54831K(57728K)->54831K(57728K)
[2024-08-15T14:59:36.754+0000][9072.698s][info][gc          ] GC(1962) Pause Young (Normal) (G1 Evacuation Pause) 9691M->3338M(12288M) 27.646ms
[2024-08-15T14:59:36.754+0000][9072.698s][info][gc,cpu      ] GC(1962) User=0.16s Sys=0.00s Real=0.02s
[2024-08-15T14:59:45.771+0000][9081.716s][info][gc,start    ] GC(1963) Pause Young (Concurrent Start) (G1 Evacuation Pause)
[2024-08-15T14:59:45.771+0000][9081.716s][info][gc,task     ] GC(1963) Using 6 workers of 6 for evacuation
[2024-08-15T14:59:45.805+0000][9081.749s][info][gc,phases   ] GC(1963)   Pre Evacuate Collection Set: 0.6ms
[2024-08-15T14:59:45.805+0000][9081.749s][info][gc,phases   ] GC(1963)   Merge Heap Roots: 0.3ms
[2024-08-15T14:59:45.805+0000][9081.749s][info][gc,phases   ] GC(1963)   Evacuate Collection Set: 30.6ms
[2024-08-15T14:59:45.805+0000][9081.749s][info][gc,phases   ] GC(1963)   Post Evacuate Collection Set: 1.9ms
[2024-08-15T14:59:45.805+0000][9081.749s][info][gc,phases   ] GC(1963)   Other: 0.3ms
[2024-08-15T14:59:45.805+0000][9081.749s][info][gc,heap     ] GC(1963) Eden regions: 795->0(792)
[2024-08-15T14:59:45.805+0000][9081.749s][info][gc,heap     ] GC(1963) Survivor regions: 10->13(101)
[2024-08-15T14:59:45.805+0000][9081.749s][info][gc,heap     ] GC(1963) Old regions: 403->403
[2024-08-15T14:59:45.805+0000][9081.749s][info][gc,heap     ] GC(1963) Archive regions: 2->2
[2024-08-15T14:59:45.805+0000][9081.749s][info][gc,heap     ] GC(1963) Humongous regions: 5->5
[2024-08-15T14:59:45.805+0000][9081.749s][info][gc,metaspace] GC(1963) Metaspace: 441264K(448576K)->441264K(448576K) NonClass: 386433K(390848K)->386433K(390848K) Class: 54831K(57728K)->54831K(57728K)
[2024-08-15T14:59:45.805+0000][9081.749s][info][gc          ] GC(1963) Pause Young (Concurrent Start) (G1 Evacuation Pause) 9698M->3366M(12288M) 33.685ms
[2024-08-15T14:59:45.805+0000][9081.749s][info][gc,cpu      ] GC(1963) User=0.20s Sys=0.00s Real=0.04s
[2024-08-15T14:59:45.805+0000][9081.749s][info][gc          ] GC(1964) Concurrent Mark Cycle
[2024-08-15T14:59:45.805+0000][9081.749s][info][gc,marking  ] GC(1964) Concurrent Clear Claimed Marks
[2024-08-15T14:59:45.805+0000][9081.750s][info][gc,marking  ] GC(1964) Concurrent Clear Claimed Marks 0.394ms
[2024-08-15T14:59:45.805+0000][9081.750s][info][gc,marking  ] GC(1964) Concurrent Scan Root Regions
[2024-08-15T14:59:45.830+0000][9081.774s][info][gc,marking  ] GC(1964) Concurrent Scan Root Regions 24.366ms
[2024-08-15T14:59:45.830+0000][9081.774s][info][gc,marking  ] GC(1964) Concurrent Mark
[2024-08-15T14:59:45.830+0000][9081.774s][info][gc,marking  ] GC(1964) Concurrent Mark From Roots
[2024-08-15T14:59:45.830+0000][9081.774s][info][gc,task     ] GC(1964) Using 2 workers of 2 for marking
[2024-08-15T14:59:48.120+0000][9084.065s][info][gc,marking  ] GC(1964) Concurrent Mark From Roots 2290.829ms
[2024-08-15T14:59:48.120+0000][9084.065s][info][gc,marking  ] GC(1964) Concurrent Preclean
[2024-08-15T14:59:48.122+0000][9084.067s][info][gc,marking  ] GC(1964) Concurrent Preclean 1.573ms
[2024-08-15T14:59:48.122+0000][9084.067s][info][gc,start    ] GC(1964) Pause Remark
[2024-08-15T14:59:48.146+0000][9084.090s][info][gc          ] GC(1964) Pause Remark 4954M->4954M(12288M) 23.651ms
[2024-08-15T14:59:48.146+0000][9084.091s][info][gc,cpu      ] GC(1964) User=0.10s Sys=0.00s Real=0.03s
[2024-08-15T14:59:48.146+0000][9084.091s][info][gc,marking  ] GC(1964) Concurrent Mark 2316.503ms
[2024-08-15T14:59:48.146+0000][9084.091s][info][gc,marking  ] GC(1964) Concurrent Rebuild Remembered Sets
[2024-08-15T14:59:49.591+0000][9085.535s][info][gc,marking  ] GC(1964) Concurrent Rebuild Remembered Sets 1444.633ms
[2024-08-15T14:59:49.591+0000][9085.535s][info][gc,start    ] GC(1964) Pause Cleanup
[2024-08-15T14:59:49.592+0000][9085.536s][info][gc          ] GC(1964) Pause Cleanup 5974M->5974M(12288M) 0.705ms
[2024-08-15T14:59:49.592+0000][9085.536s][info][gc,cpu      ] GC(1964) User=0.00s Sys=0.00s Real=0.00s
[2024-08-15T14:59:49.592+0000][9085.536s][info][gc,marking  ] GC(1964) Concurrent Cleanup for Next Mark
[2024-08-15T14:59:49.609+0000][9085.554s][info][gc,marking  ] GC(1964) Concurrent Cleanup for Next Mark 17.347ms
[2024-08-15T14:59:49.609+0000][9085.554s][info][gc          ] GC(1964) Concurrent Mark Cycle 3804.395ms
[2024-08-15T14:59:54.625+0000][9090.570s][info][gc,start    ] GC(1965) Pause Young (Prepare Mixed) (G1 Evacuation Pause)
[2024-08-15T14:59:54.625+0000][9090.570s][info][gc,task     ] GC(1965) Using 6 workers of 6 for evacuation
[2024-08-15T14:59:54.661+0000][9090.606s][info][gc,phases   ] GC(1965)   Pre Evacuate Collection Set: 0.2ms
[2024-08-15T14:59:54.661+0000][9090.606s][info][gc,phases   ] GC(1965)   Merge Heap Roots: 0.3ms
[2024-08-15T14:59:54.661+0000][9090.606s][info][gc,phases   ] GC(1965)   Evacuate Collection Set: 33.6ms
[2024-08-15T14:59:54.661+0000][9090.606s][info][gc,phases   ] GC(1965)   Post Evacuate Collection Set: 1.8ms
[2024-08-15T14:59:54.661+0000][9090.606s][info][gc,phases   ] GC(1965)   Other: 0.2ms
[2024-08-15T14:59:54.661+0000][9090.606s][info][gc,heap     ] GC(1965) Eden regions: 792->0(62)
[2024-08-15T14:59:54.661+0000][9090.606s][info][gc,heap     ] GC(1965) Survivor regions: 13->14(101)
[2024-08-15T14:59:54.661+0000][9090.606s][info][gc,heap     ] GC(1965) Old regions: 403->403
[2024-08-15T14:59:54.661+0000][9090.606s][info][gc,heap     ] GC(1965) Archive regions: 2->2
[2024-08-15T14:59:54.661+0000][9090.606s][info][gc,heap     ] GC(1965) Humongous regions: 5->5
[2024-08-15T14:59:54.661+0000][9090.606s][info][gc,metaspace] GC(1965) Metaspace: 441264K(448576K)->441264K(448576K) NonClass: 386433K(390848K)->386433K(390848K) Class: 54831K(57728K)->54831K(57728K)
[2024-08-15T14:59:54.661+0000][9090.606s][info][gc          ] GC(1965) Pause Young (Prepare Mixed) (G1 Evacuation Pause) 9702M->3369M(12288M) 36.163ms
[2024-08-15T14:59:54.661+0000][9090.606s][info][gc,cpu      ] GC(1965) User=0.21s Sys=0.00s Real=0.03s
[2024-08-15T14:59:55.398+0000][9091.343s][info][gc,start    ] GC(1966) Pause Young (Mixed) (G1 Evacuation Pause)
[2024-08-15T14:59:55.398+0000][9091.343s][info][gc,task     ] GC(1966) Using 6 workers of 6 for evacuation
[2024-08-15T14:59:55.468+0000][9091.413s][info][gc,phases   ] GC(1966)   Pre Evacuate Collection Set: 0.2ms
[2024-08-15T14:59:55.468+0000][9091.413s][info][gc,phases   ] GC(1966)   Merge Heap Roots: 0.3ms
[2024-08-15T14:59:55.468+0000][9091.413s][info][gc,phases   ] GC(1966)   Evacuate Collection Set: 68.0ms
[2024-08-15T14:59:55.468+0000][9091.413s][info][gc,phases   ] GC(1966)   Post Evacuate Collection Set: 1.3ms
[2024-08-15T14:59:55.468+0000][9091.413s][info][gc,phases   ] GC(1966)   Other: 0.2ms
[2024-08-15T14:59:55.468+0000][9091.413s][info][gc,heap     ] GC(1966) Eden regions: 62->0(807)
[2024-08-15T14:59:55.468+0000][9091.413s][info][gc,heap     ] GC(1966) Survivor regions: 14->5(10)
[2024-08-15T14:59:55.468+0000][9091.413s][info][gc,heap     ] GC(1966) Old regions: 403->396
[2024-08-15T14:59:55.468+0000][9091.413s][info][gc,heap     ] GC(1966) Archive regions: 2->2
[2024-08-15T14:59:55.468+0000][9091.413s][info][gc,heap     ] GC(1966) Humongous regions: 5->5
[2024-08-15T14:59:55.468+0000][9091.413s][info][gc,metaspace] GC(1966) Metaspace: 441264K(448576K)->441264K(448576K) NonClass: 386433K(390848K)->386433K(390848K) Class: 54831K(57728K)->54831K(57728K)
[2024-08-15T14:59:55.468+0000][9091.413s][info][gc          ] GC(1966) Pause Young (Mixed) (G1 Evacuation Pause) 3865M->3249M(12288M) 69.985ms
[2024-08-15T14:59:55.468+0000][9091.413s][info][gc,cpu      ] GC(1966) User=0.41s Sys=0.00s Real=0.07s
[2024-08-15T15:00:04.315+0000][9100.259s][info][gc,start    ] GC(1967) Pause Young (Normal) (G1 Evacuation Pause)
[2024-08-15T15:00:04.315+0000][9100.260s][info][gc,task     ] GC(1967) Using 6 workers of 6 for evacuation
[2024-08-15T15:00:04.339+0000][9100.283s][info][gc,phases   ] GC(1967)   Pre Evacuate Collection Set: 0.2ms
[2024-08-15T15:00:04.339+0000][9100.283s][info][gc,phases   ] GC(1967)   Merge Heap Roots: 0.3ms
[2024-08-15T15:00:04.339+0000][9100.283s][info][gc,phases   ] GC(1967)   Evacuate Collection Set: 21.2ms
[2024-08-15T15:00:04.339+0000][9100.283s][info][gc,phases   ] GC(1967)   Post Evacuate Collection Set: 1.8ms
[2024-08-15T15:00:04.339+0000][9100.283s][info][gc,phases   ] GC(1967)   Other: 0.2ms
[2024-08-15T15:00:04.339+0000][9100.283s][info][gc,heap     ] GC(1967) Eden regions: 807->0(803)
[2024-08-15T15:00:04.339+0000][9100.283s][info][gc,heap     ] GC(1967) Survivor regions: 5->8(102)
[2024-08-15T15:00:04.339+0000][9100.283s][info][gc,heap     ] GC(1967) Old regions: 396->396
[2024-08-15T15:00:04.339+0000][9100.283s][info][gc,heap     ] GC(1967) Archive regions: 2->2
[2024-08-15T15:00:04.339+0000][9100.283s][info][gc,heap     ] GC(1967) Humongous regions: 5->5
[2024-08-15T15:00:04.339+0000][9100.283s][info][gc,metaspace] GC(1967) Metaspace: 441310K(448576K)->441310K(448576K) NonClass: 386472K(390848K)->386472K(390848K) Class: 54838K(57728K)->54838K(57728K)
[2024-08-15T15:00:04.339+0000][9100.283s][info][gc          ] GC(1967) Pause Young (Normal) (G1 Evacuation Pause) 9705M->3274M(12288M) 23.808ms
[2024-08-15T15:00:04.339+0000][9100.283s][info][gc,cpu      ] GC(1967) User=0.13s Sys=0.01s Real=0.03s
[2024-08-15T15:00:12.811+0000][9108.756s][info][gc,start    ] GC(1968) Pause Young (Normal) (G1 Evacuation Pause)
[2024-08-15T15:00:12.811+0000][9108.756s][info][gc,task     ] GC(1968) Using 6 workers of 6 for evacuation
[2024-08-15T15:00:12.843+0000][9108.787s][info][gc,phases   ] GC(1968)   Pre Evacuate Collection Set: 0.2ms
[2024-08-15T15:00:12.843+0000][9108.787s][info][gc,phases   ] GC(1968)   Merge Heap Roots: 0.3ms
[2024-08-15T15:00:12.843+0000][9108.787s][info][gc,phases   ] GC(1968)   Evacuate Collection Set: 28.6ms
[2024-08-15T15:00:12.843+0000][9108.787s][info][gc,phases   ] GC(1968)   Post Evacuate Collection Set: 1.8ms
[2024-08-15T15:00:12.843+0000][9108.787s][info][gc,phases   ] GC(1968)   Other: 0.2ms
[2024-08-15T15:00:12.843+0000][9108.787s][info][gc,heap     ] GC(1968) Eden regions: 803->0(799)
[2024-08-15T15:00:12.843+0000][9108.787s][info][gc,heap     ] GC(1968) Survivor regions: 8->12(102)
[2024-08-15T15:00:12.843+0000][9108.787s][info][gc,heap     ] GC(1968) Old regions: 396->396
[2024-08-15T15:00:12.843+0000][9108.787s][info][gc,heap     ] GC(1968) Archive regions: 2->2
[2024-08-15T15:00:12.843+0000][9108.787s][info][gc,heap     ] GC(1968) Humongous regions: 5->5
[2024-08-15T15:00:12.843+0000][9108.787s][info][gc,metaspace] GC(1968) Metaspace: 441310K(448576K)->441310K(448576K) NonClass: 386472K(390848K)->386472K(390848K) Class: 54838K(57728K)->54838K(57728K)
[2024-08-15T15:00:12.843+0000][9108.787s][info][gc          ] GC(1968) Pause Young (Normal) (G1 Evacuation Pause) 9698M->3304M(12288M) 31.163ms
[2024-08-15T15:00:12.843+0000][9108.787s][info][gc,cpu      ] GC(1968) User=0.18s Sys=0.00s Real=0.03s
[2024-08-15T15:00:21.410+0000][9117.355s][info][gc,start    ] GC(1969) Pause Young (Concurrent Start) (G1 Evacuation Pause)
[2024-08-15T15:00:21.410+0000][9117.355s][info][gc,task     ] GC(1969) Using 6 workers of 6 for evacuation
[2024-08-15T15:00:21.453+0000][9117.397s][info][gc,phases   ] GC(1969)   Pre Evacuate Collection Set: 0.6ms
[2024-08-15T15:00:21.453+0000][9117.397s][info][gc,phases   ] GC(1969)   Merge Heap Roots: 0.2ms
[2024-08-15T15:00:21.453+0000][9117.397s][info][gc,phases   ] GC(1969)   Evacuate Collection Set: 39.9ms
[2024-08-15T15:00:21.453+0000][9117.397s][info][gc,phases   ] GC(1969)   Post Evacuate Collection Set: 1.8ms
[2024-08-15T15:00:21.453+0000][9117.397s][info][gc,phases   ] GC(1969)   Other: 0.3ms
[2024-08-15T15:00:21.453+0000][9117.397s][info][gc,heap     ] GC(1969) Eden regions: 799->0(793)
[2024-08-15T15:00:21.453+0000][9117.397s][info][gc,heap     ] GC(1969) Survivor regions: 12->16(102)
[2024-08-15T15:00:21.453+0000][9117.397s][info][gc,heap     ] GC(1969) Old regions: 396->396
[2024-08-15T15:00:21.453+0000][9117.397s][info][gc,heap     ] GC(1969) Archive regions: 2->2
[2024-08-15T15:00:21.453+0000][9117.397s][info][gc,heap     ] GC(1969) Humongous regions: 5->5
[2024-08-15T15:00:21.453+0000][9117.397s][info][gc,metaspace] GC(1969) Metaspace: 441310K(448576K)->441310K(448576K) NonClass: 386472K(390848K)->386472K(390848K) Class: 54838K(57728K)->54838K(57728K)
[2024-08-15T15:00:21.453+0000][9117.397s][info][gc          ] GC(1969) Pause Young (Concurrent Start) (G1 Evacuation Pause) 9696M->3336M(12288M) 42.854ms
[2024-08-15T15:00:21.453+0000][9117.398s][info][gc,cpu      ] GC(1969) User=0.25s Sys=0.00s Real=0.04s
[2024-08-15T15:00:21.453+0000][9117.398s][info][gc          ] GC(1970) Concurrent Mark Cycle
[2024-08-15T15:00:21.453+0000][9117.398s][info][gc,marking  ] GC(1970) Concurrent Clear Claimed Marks
[2024-08-15T15:00:21.453+0000][9117.398s][info][gc,marking  ] GC(1970) Concurrent Clear Claimed Marks 0.394ms
[2024-08-15T15:00:21.453+0000][9117.398s][info][gc,marking  ] GC(1970) Concurrent Scan Root Regions
[2024-08-15T15:00:21.482+0000][9117.426s][info][gc,marking  ] GC(1970) Concurrent Scan Root Regions 28.264ms
[2024-08-15T15:00:21.482+0000][9117.426s][info][gc,marking  ] GC(1970) Concurrent Mark
[2024-08-15T15:00:21.482+0000][9117.426s][info][gc,marking  ] GC(1970) Concurrent Mark From Roots
[2024-08-15T15:00:21.482+0000][9117.426s][info][gc,task     ] GC(1970) Using 2 workers of 2 for marking
[2024-08-15T15:00:23.726+0000][9119.671s][info][gc,marking  ] GC(1970) Concurrent Mark From Roots 2244.565ms
[2024-08-15T15:00:23.726+0000][9119.671s][info][gc,marking  ] GC(1970) Concurrent Preclean
[2024-08-15T15:00:23.728+0000][9119.672s][info][gc,marking  ] GC(1970) Concurrent Preclean 1.477ms
[2024-08-15T15:00:23.728+0000][9119.673s][info][gc,start    ] GC(1970) Pause Remark
[2024-08-15T15:00:23.752+0000][9119.696s][info][gc          ] GC(1970) Pause Remark 4884M->4884M(12288M) 23.860ms
[2024-08-15T15:00:23.752+0000][9119.697s][info][gc,cpu      ] GC(1970) User=0.10s Sys=0.00s Real=0.02s
[2024-08-15T15:00:23.752+0000][9119.697s][info][gc,marking  ] GC(1970) Concurrent Mark 2270.347ms
[2024-08-15T15:00:23.752+0000][9119.697s][info][gc,marking  ] GC(1970) Concurrent Rebuild Remembered Sets
[2024-08-15T15:00:25.142+0000][9121.086s][info][gc,marking  ] GC(1970) Concurrent Rebuild Remembered Sets 1389.744ms
[2024-08-15T15:00:25.142+0000][9121.087s][info][gc,start    ] GC(1970) Pause Cleanup
[2024-08-15T15:00:25.143+0000][9121.087s][info][gc          ] GC(1970) Pause Cleanup 6028M->6028M(12288M) 0.713ms
[2024-08-15T15:00:25.143+0000][9121.087s][info][gc,cpu      ] GC(1970) User=0.00s Sys=0.00s Real=0.00s
[2024-08-15T15:00:25.143+0000][9121.087s][info][gc,marking  ] GC(1970) Concurrent Cleanup for Next Mark
[2024-08-15T15:00:25.160+0000][9121.105s][info][gc,marking  ] GC(1970) Concurrent Cleanup for Next Mark 17.501ms
[2024-08-15T15:00:25.160+0000][9121.105s][info][gc          ] GC(1970) Concurrent Mark Cycle 3707.413ms
[2024-08-15T15:00:29.994+0000][9125.939s][info][gc,start    ] GC(1971) Pause Young (Prepare Mixed) (G1 Evacuation Pause)
[2024-08-15T15:00:29.994+0000][9125.939s][info][gc,task     ] GC(1971) Using 6 workers of 6 for evacuation
[2024-08-15T15:00:30.033+0000][9125.978s][info][gc,phases   ] GC(1971)   Pre Evacuate Collection Set: 0.2ms
[2024-08-15T15:00:30.033+0000][9125.978s][info][gc,phases   ] GC(1971)   Merge Heap Roots: 0.4ms
[2024-08-15T15:00:30.033+0000][9125.978s][info][gc,phases   ] GC(1971)   Evacuate Collection Set: 36.5ms
[2024-08-15T15:00:30.033+0000][9125.978s][info][gc,phases   ] GC(1971)   Post Evacuate Collection Set: 1.8ms
[2024-08-15T15:00:30.033+0000][9125.978s][info][gc,phases   ] GC(1971)   Other: 0.2ms
[2024-08-15T15:00:30.033+0000][9125.978s][info][gc,heap     ] GC(1971) Eden regions: 793->0(59)
[2024-08-15T15:00:30.033+0000][9125.978s][info][gc,heap     ] GC(1971) Survivor regions: 16->17(102)
[2024-08-15T15:00:30.033+0000][9125.978s][info][gc,heap     ] GC(1971) Old regions: 396->396
[2024-08-15T15:00:30.033+0000][9125.978s][info][gc,heap     ] GC(1971) Archive regions: 2->2
[2024-08-15T15:00:30.033+0000][9125.978s][info][gc,heap     ] GC(1971) Humongous regions: 5->5
[2024-08-15T15:00:30.033+0000][9125.978s][info][gc,metaspace] GC(1971) Metaspace: 441310K(448576K)->441310K(448576K) NonClass: 386472K(390848K)->386472K(390848K) Class: 54838K(57728K)->54838K(57728K)
[2024-08-15T15:00:30.033+0000][9125.978s][info][gc          ] GC(1971) Pause Young (Prepare Mixed) (G1 Evacuation Pause) 9680M->3345M(12288M) 39.165ms
[2024-08-15T15:00:30.033+0000][9125.978s][info][gc,cpu      ] GC(1971) User=0.23s Sys=0.00s Real=0.04s
[2024-08-15T15:00:30.663+0000][9126.608s][info][gc,start    ] GC(1972) Pause Young (Mixed) (G1 Evacuation Pause)
[2024-08-15T15:00:30.663+0000][9126.608s][info][gc,task     ] GC(1972) Using 6 workers of 6 for evacuation
[2024-08-15T15:00:30.748+0000][9126.693s][info][gc,phases   ] GC(1972)   Pre Evacuate Collection Set: 0.2ms
[2024-08-15T15:00:30.748+0000][9126.693s][info][gc,phases   ] GC(1972)   Merge Heap Roots: 0.4ms
[2024-08-15T15:00:30.748+0000][9126.693s][info][gc,phases   ] GC(1972)   Evacuate Collection Set: 83.0ms
[2024-08-15T15:00:30.748+0000][9126.693s][info][gc,phases   ] GC(1972)   Post Evacuate Collection Set: 1.5ms
[2024-08-15T15:00:30.748+0000][9126.693s][info][gc,phases   ] GC(1972)   Other: 0.2ms
[2024-08-15T15:00:30.748+0000][9126.693s][info][gc,heap     ] GC(1972) Eden regions: 59->0(804)
[2024-08-15T15:00:30.748+0000][9126.693s][info][gc,heap     ] GC(1972) Survivor regions: 17->5(10)
[2024-08-15T15:00:30.748+0000][9126.693s][info][gc,heap     ] GC(1972) Old regions: 396->397
[2024-08-15T15:00:30.748+0000][9126.693s][info][gc,heap     ] GC(1972) Archive regions: 2->2
[2024-08-15T15:00:30.748+0000][9126.693s][info][gc,heap     ] GC(1972) Humongous regions: 5->5
[2024-08-15T15:00:30.748+0000][9126.693s][info][gc,metaspace] GC(1972) Metaspace: 441310K(448576K)->441310K(448576K) NonClass: 386472K(390848K)->386472K(390848K) Class: 54838K(57728K)->54838K(57728K)
[2024-08-15T15:00:30.748+0000][9126.693s][info][gc          ] GC(1972) Pause Young (Mixed) (G1 Evacuation Pause) 3817M->3256M(12288M) 85.343ms
[2024-08-15T15:00:30.749+0000][9126.693s][info][gc,cpu      ] GC(1972) User=0.51s Sys=0.00s Real=0.08s
[2024-08-15T15:00:37.208+0000][9133.153s][info][gc,start    ] GC(1973) Pause Young (Normal) (G1 Evacuation Pause)
[2024-08-15T15:00:37.208+0000][9133.153s][info][gc,task     ] GC(1973) Using 6 workers of 6 for evacuation
[2024-08-15T15:00:37.228+0000][9133.173s][info][gc,phases   ] GC(1973)   Pre Evacuate Collection Set: 0.2ms
[2024-08-15T15:00:37.228+0000][9133.173s][info][gc,phases   ] GC(1973)   Merge Heap Roots: 0.2ms
[2024-08-15T15:00:37.228+0000][9133.173s][info][gc,phases   ] GC(1973)   Evacuate Collection Set: 17.6ms
[2024-08-15T15:00:37.228+0000][9133.173s][info][gc,phases   ] GC(1973)   Post Evacuate Collection Set: 2.0ms
[2024-08-15T15:00:37.228+0000][9133.173s][info][gc,phases   ] GC(1973)   Other: 0.2ms
[2024-08-15T15:00:37.228+0000][9133.173s][info][gc,heap     ] GC(1973) Eden regions: 804->0(803)
[2024-08-15T15:00:37.228+0000][9133.173s][info][gc,heap     ] GC(1973) Survivor regions: 5->7(102)
[2024-08-15T15:00:37.228+0000][9133.173s][info][gc,heap     ] GC(1973) Old regions: 397->397
[2024-08-15T15:00:37.228+0000][9133.173s][info][gc,heap     ] GC(1973) Archive regions: 2->2
[2024-08-15T15:00:37.228+0000][9133.173s][info][gc,heap     ] GC(1973) Humongous regions: 5->5
[2024-08-15T15:00:37.228+0000][9133.173s][info][gc,metaspace] GC(1973) Metaspace: 441321K(448576K)->441321K(448576K) NonClass: 386483K(390848K)->386483K(390848K) Class: 54838K(57728K)->54838K(57728K)
[2024-08-15T15:00:37.228+0000][9133.173s][info][gc          ] GC(1973) Pause Young (Normal) (G1 Evacuation Pause) 9688M->3266M(12288M) 20.224ms
[2024-08-15T15:00:37.228+0000][9133.173s][info][gc,cpu      ] GC(1973) User=0.12s Sys=0.00s Real=0.02s
[2024-08-15T15:00:44.119+0000][9140.064s][info][gc,start    ] GC(1974) Pause Young (Normal) (G1 Evacuation Pause)
[2024-08-15T15:00:44.119+0000][9140.064s][info][gc,task     ] GC(1974) Using 6 workers of 6 for evacuation
[2024-08-15T15:00:44.142+0000][9140.087s][info][gc,phases   ] GC(1974)   Pre Evacuate Collection Set: 0.2ms
[2024-08-15T15:00:44.142+0000][9140.087s][info][gc,phases   ] GC(1974)   Merge Heap Roots: 0.2ms
[2024-08-15T15:00:44.142+0000][9140.087s][info][gc,phases   ] GC(1974)   Evacuate Collection Set: 20.2ms
[2024-08-15T15:00:44.142+0000][9140.087s][info][gc,phases   ] GC(1974)   Post Evacuate Collection Set: 1.9ms
[2024-08-15T15:00:44.142+0000][9140.087s][info][gc,phases   ] GC(1974)   Other: 0.2ms
[2024-08-15T15:00:44.142+0000][9140.087s][info][gc,heap     ] GC(1974) Eden regions: 803->0(802)
[2024-08-15T15:00:44.142+0000][9140.087s][info][gc,heap     ] GC(1974) Survivor regions: 7->9(102)
[2024-08-15T15:00:44.142+0000][9140.087s][info][gc,heap     ] GC(1974) Old regions: 397->397
[2024-08-15T15:00:44.142+0000][9140.087s][info][gc,heap     ] GC(1974) Archive regions: 2->2
[2024-08-15T15:00:44.142+0000][9140.087s][info][gc,heap     ] GC(1974) Humongous regions: 5->5
[2024-08-15T15:00:44.142+0000][9140.087s][info][gc,metaspace] GC(1974) Metaspace: 441321K(448576K)->441321K(448576K) NonClass: 386483K(390848K)->386483K(390848K) Class: 54838K(57728K)->54838K(57728K)
[2024-08-15T15:00:44.142+0000][9140.087s][info][gc          ] GC(1974) Pause Young (Normal) (G1 Evacuation Pause) 9690M->3283M(12288M) 22.786ms
[2024-08-15T15:00:44.142+0000][9140.087s][info][gc,cpu      ] GC(1974) User=0.13s Sys=0.00s Real=0.02s
[2024-08-15T15:00:52.874+0000][9148.818s][info][gc,start    ] GC(1975) Pause Young (Concurrent Start) (G1 Evacuation Pause)
[2024-08-15T15:00:52.874+0000][9148.818s][info][gc,task     ] GC(1975) Using 6 workers of 6 for evacuation
[2024-08-15T15:00:52.905+0000][9148.850s][info][gc,phases   ] GC(1975)   Pre Evacuate Collection Set: 0.6ms
[2024-08-15T15:00:52.905+0000][9148.850s][info][gc,phases   ] GC(1975)   Merge Heap Roots: 0.3ms
[2024-08-15T15:00:52.905+0000][9148.850s][info][gc,phases   ] GC(1975)   Evacuate Collection Set: 28.6ms
[2024-08-15T15:00:52.905+0000][9148.850s][info][gc,phases   ] GC(1975)   Post Evacuate Collection Set: 1.7ms
[2024-08-15T15:00:52.905+0000][9148.850s][info][gc,phases   ] GC(1975)   Other: 0.3ms
[2024-08-15T15:00:52.905+0000][9148.850s][info][gc,heap     ] GC(1975) Eden regions: 802->0(799)
[2024-08-15T15:00:52.905+0000][9148.850s][info][gc,heap     ] GC(1975) Survivor regions: 9->12(102)
[2024-08-15T15:00:52.905+0000][9148.850s][info][gc,heap     ] GC(1975) Old regions: 397->397
[2024-08-15T15:00:52.905+0000][9148.850s][info][gc,heap     ] GC(1975) Archive regions: 2->2
[2024-08-15T15:00:52.905+0000][9148.850s][info][gc,heap     ] GC(1975) Humongous regions: 5->5
[2024-08-15T15:00:52.905+0000][9148.850s][info][gc,metaspace] GC(1975) Metaspace: 441321K(448576K)->441321K(448576K) NonClass: 386483K(390848K)->386483K(390848K) Class: 54838K(57728K)->54838K(57728K)
[2024-08-15T15:00:52.905+0000][9148.850s][info][gc          ] GC(1975) Pause Young (Concurrent Start) (G1 Evacuation Pause) 9699M->3312M(12288M) 31.473ms
[2024-08-15T15:00:52.905+0000][9148.850s][info][gc,cpu      ] GC(1975) User=0.18s Sys=0.00s Real=0.04s
[2024-08-15T15:00:52.905+0000][9148.850s][info][gc          ] GC(1976) Concurrent Mark Cycle
[2024-08-15T15:00:52.905+0000][9148.850s][info][gc,marking  ] GC(1976) Concurrent Clear Claimed Marks
[2024-08-15T15:00:52.906+0000][9148.850s][info][gc,marking  ] GC(1976) Concurrent Clear Claimed Marks 0.429ms
[2024-08-15T15:00:52.906+0000][9148.850s][info][gc,marking  ] GC(1976) Concurrent Scan Root Regions
[2024-08-15T15:00:52.930+0000][9148.874s][info][gc,marking  ] GC(1976) Concurrent Scan Root Regions 23.693ms
[2024-08-15T15:00:52.930+0000][9148.874s][info][gc,marking  ] GC(1976) Concurrent Mark
[2024-08-15T15:00:52.930+0000][9148.874s][info][gc,marking  ] GC(1976) Concurrent Mark From Roots
[2024-08-15T15:00:52.930+0000][9148.874s][info][gc,task     ] GC(1976) Using 2 workers of 2 for marking
[2024-08-15T15:00:55.262+0000][9151.207s][info][gc,marking  ] GC(1976) Concurrent Mark From Roots 2332.329ms
[2024-08-15T15:00:55.262+0000][9151.207s][info][gc,marking  ] GC(1976) Concurrent Preclean
[2024-08-15T15:00:55.263+0000][9151.208s][info][gc,marking  ] GC(1976) Concurrent Preclean 1.407ms
[2024-08-15T15:00:55.264+0000][9151.208s][info][gc,start    ] GC(1976) Pause Remark
[2024-08-15T15:00:55.288+0000][9151.232s][info][gc          ] GC(1976) Pause Remark 4924M->4920M(12288M) 24.014ms
[2024-08-15T15:00:55.288+0000][9151.232s][info][gc,cpu      ] GC(1976) User=0.11s Sys=0.00s Real=0.02s
[2024-08-15T15:00:55.288+0000][9151.232s][info][gc,marking  ] GC(1976) Concurrent Mark 2358.157ms
[2024-08-15T15:00:55.288+0000][9151.232s][info][gc,marking  ] GC(1976) Concurrent Rebuild Remembered Sets
[2024-08-15T15:00:56.753+0000][9152.697s][info][gc,marking  ] GC(1976) Concurrent Rebuild Remembered Sets 1464.965ms
[2024-08-15T15:00:56.753+0000][9152.698s][info][gc,start    ] GC(1976) Pause Cleanup
[2024-08-15T15:00:56.754+0000][9152.698s][info][gc          ] GC(1976) Pause Cleanup 5952M->5952M(12288M) 0.631ms
[2024-08-15T15:00:56.754+0000][9152.698s][info][gc,cpu      ] GC(1976) User=0.00s Sys=0.00s Real=0.00s
[2024-08-15T15:00:56.754+0000][9152.698s][info][gc,marking  ] GC(1976) Concurrent Cleanup for Next Mark
[2024-08-15T15:00:56.771+0000][9152.716s][info][gc,marking  ] GC(1976) Concurrent Cleanup for Next Mark 17.220ms
[2024-08-15T15:00:56.771+0000][9152.716s][info][gc          ] GC(1976) Concurrent Mark Cycle 3865.585ms
[2024-08-15T15:01:01.710+0000][9157.654s][info][gc,start    ] GC(1977) Pause Young (Prepare Mixed) (G1 Evacuation Pause)
[2024-08-15T15:01:01.710+0000][9157.654s][info][gc,task     ] GC(1977) Using 6 workers of 6 for evacuation
[2024-08-15T15:01:01.745+0000][9157.690s][info][gc,phases   ] GC(1977)   Pre Evacuate Collection Set: 0.2ms
[2024-08-15T15:01:01.745+0000][9157.690s][info][gc,phases   ] GC(1977)   Merge Heap Roots: 0.3ms
[2024-08-15T15:01:01.745+0000][9157.690s][info][gc,phases   ] GC(1977)   Evacuate Collection Set: 32.8ms
[2024-08-15T15:01:01.745+0000][9157.690s][info][gc,phases   ] GC(1977)   Post Evacuate Collection Set: 1.8ms
[2024-08-15T15:01:01.745+0000][9157.690s][info][gc,phases   ] GC(1977)   Other: 0.2ms
[2024-08-15T15:01:01.745+0000][9157.690s][info][gc,heap     ] GC(1977) Eden regions: 799->0(60)
[2024-08-15T15:01:01.745+0000][9157.690s][info][gc,heap     ] GC(1977) Survivor regions: 12->16(102)
[2024-08-15T15:01:01.745+0000][9157.690s][info][gc,heap     ] GC(1977) Old regions: 396->396
[2024-08-15T15:01:01.745+0000][9157.690s][info][gc,heap     ] GC(1977) Archive regions: 2->2
[2024-08-15T15:01:01.745+0000][9157.690s][info][gc,heap     ] GC(1977) Humongous regions: 5->5
[2024-08-15T15:01:01.745+0000][9157.690s][info][gc,metaspace] GC(1977) Metaspace: 441321K(448576K)->441321K(448576K) NonClass: 386483K(390848K)->386483K(390848K) Class: 54838K(57728K)->54838K(57728K)
[2024-08-15T15:01:01.745+0000][9157.690s][info][gc          ] GC(1977) Pause Young (Prepare Mixed) (G1 Evacuation Pause) 9700M->3336M(12288M) 35.384ms
[2024-08-15T15:01:01.745+0000][9157.690s][info][gc,cpu      ] GC(1977) User=0.20s Sys=0.00s Real=0.04s
[2024-08-15T15:01:02.376+0000][9158.320s][info][gc,start    ] GC(1978) Pause Young (Mixed) (G1 Evacuation Pause)
[2024-08-15T15:01:02.376+0000][9158.320s][info][gc,task     ] GC(1978) Using 6 workers of 6 for evacuation
[2024-08-15T15:01:02.460+0000][9158.404s][info][gc,phases   ] GC(1978)   Pre Evacuate Collection Set: 0.2ms
[2024-08-15T15:01:02.460+0000][9158.404s][info][gc,phases   ] GC(1978)   Merge Heap Roots: 0.5ms
[2024-08-15T15:01:02.460+0000][9158.404s][info][gc,phases   ] GC(1978)   Evacuate Collection Set: 81.7ms
[2024-08-15T15:01:02.460+0000][9158.404s][info][gc,phases   ] GC(1978)   Post Evacuate Collection Set: 1.4ms
[2024-08-15T15:01:02.460+0000][9158.404s][info][gc,phases   ] GC(1978)   Other: 0.2ms
[2024-08-15T15:01:02.460+0000][9158.404s][info][gc,heap     ] GC(1978) Eden regions: 60->0(805)
[2024-08-15T15:01:02.460+0000][9158.404s][info][gc,heap     ] GC(1978) Survivor regions: 16->5(10)
[2024-08-15T15:01:02.460+0000][9158.404s][info][gc,heap     ] GC(1978) Old regions: 396->397
[2024-08-15T15:01:02.460+0000][9158.404s][info][gc,heap     ] GC(1978) Archive regions: 2->2
[2024-08-15T15:01:02.460+0000][9158.404s][info][gc,heap     ] GC(1978) Humongous regions: 5->5
[2024-08-15T15:01:02.460+0000][9158.404s][info][gc,metaspace] GC(1978) Metaspace: 441321K(448576K)->441321K(448576K) NonClass: 386483K(390848K)->386483K(390848K) Class: 54838K(57728K)->54838K(57728K)
[2024-08-15T15:01:02.460+0000][9158.404s][info][gc          ] GC(1978) Pause Young (Mixed) (G1 Evacuation Pause) 3816M->3256M(12288M) 84.041ms
[2024-08-15T15:01:02.460+0000][9158.405s][info][gc,cpu      ] GC(1978) User=0.49s Sys=0.00s Real=0.08s
[2024-08-15T15:01:10.576+0000][9166.520s][info][gc,start    ] GC(1979) Pause Young (Normal) (G1 Evacuation Pause)
[2024-08-15T15:01:10.576+0000][9166.520s][info][gc,task     ] GC(1979) Using 6 workers of 6 for evacuation
[2024-08-15T15:01:10.597+0000][9166.542s][info][gc,phases   ] GC(1979)   Pre Evacuate Collection Set: 0.2ms
[2024-08-15T15:01:10.597+0000][9166.542s][info][gc,phases   ] GC(1979)   Merge Heap Roots: 0.3ms
[2024-08-15T15:01:10.597+0000][9166.542s][info][gc,phases   ] GC(1979)   Evacuate Collection Set: 19.3ms
[2024-08-15T15:01:10.597+0000][9166.542s][info][gc,phases   ] GC(1979)   Post Evacuate Collection Set: 1.7ms
[2024-08-15T15:01:10.597+0000][9166.542s][info][gc,phases   ] GC(1979)   Other: 0.2ms
[2024-08-15T15:01:10.597+0000][9166.542s][info][gc,heap     ] GC(1979) Eden regions: 805->0(803)
[2024-08-15T15:01:10.598+0000][9166.542s][info][gc,heap     ] GC(1979) Survivor regions: 5->7(102)
[2024-08-15T15:01:10.598+0000][9166.542s][info][gc,heap     ] GC(1979) Old regions: 397->397
[2024-08-15T15:01:10.598+0000][9166.542s][info][gc,heap     ] GC(1979) Archive regions: 2->2
[2024-08-15T15:01:10.598+0000][9166.542s][info][gc,heap     ] GC(1979) Humongous regions: 5->5
[2024-08-15T15:01:10.598+0000][9166.542s][info][gc,metaspace] GC(1979) Metaspace: 441323K(448576K)->441323K(448576K) NonClass: 386484K(390848K)->386484K(390848K) Class: 54838K(57728K)->54838K(57728K)
[2024-08-15T15:01:10.598+0000][9166.542s][info][gc          ] GC(1979) Pause Young (Normal) (G1 Evacuation Pause) 9696M->3272M(12288M) 21.747ms
[2024-08-15T15:01:10.598+0000][9166.542s][info][gc,cpu      ] GC(1979) User=0.12s Sys=0.00s Real=0.02s
[2024-08-15T15:01:18.653+0000][9174.597s][info][gc,start    ] GC(1980) Pause Young (Normal) (G1 Evacuation Pause)
[2024-08-15T15:01:18.653+0000][9174.597s][info][gc,task     ] GC(1980) Using 6 workers of 6 for evacuation
[2024-08-15T15:01:18.681+0000][9174.625s][info][gc,phases   ] GC(1980)   Pre Evacuate Collection Set: 0.2ms
[2024-08-15T15:01:18.681+0000][9174.625s][info][gc,phases   ] GC(1980)   Merge Heap Roots: 0.3ms
[2024-08-15T15:01:18.681+0000][9174.625s][info][gc,phases   ] GC(1980)   Evacuate Collection Set: 25.7ms
[2024-08-15T15:01:18.681+0000][9174.625s][info][gc,phases   ] GC(1980)   Post Evacuate Collection Set: 1.8ms
[2024-08-15T15:01:18.681+0000][9174.625s][info][gc,phases   ] GC(1980)   Other: 0.2ms
[2024-08-15T15:01:18.681+0000][9174.625s][info][gc,heap     ] GC(1980) Eden regions: 803->0(801)
[2024-08-15T15:01:18.681+0000][9174.625s][info][gc,heap     ] GC(1980) Survivor regions: 7->10(102)
[2024-08-15T15:01:18.681+0000][9174.625s][info][gc,heap     ] GC(1980) Old regions: 397->397
[2024-08-15T15:01:18.681+0000][9174.625s][info][gc,heap     ] GC(1980) Archive regions: 2->2
[2024-08-15T15:01:18.681+0000][9174.625s][info][gc,heap     ] GC(1980) Humongous regions: 5->5
[2024-08-15T15:01:18.681+0000][9174.625s][info][gc,metaspace] GC(1980) Metaspace: 441323K(448576K)->441323K(448576K) NonClass: 386484K(390848K)->386484K(390848K) Class: 54838K(57728K)->54838K(57728K)
[2024-08-15T15:01:18.681+0000][9174.625s][info][gc          ] GC(1980) Pause Young (Normal) (G1 Evacuation Pause) 9696M->3291M(12288M) 28.165ms
[2024-08-15T15:01:18.681+0000][9174.625s][info][gc,cpu      ] GC(1980) User=0.17s Sys=0.00s Real=0.03s
[2024-08-15T15:01:27.053+0000][9182.997s][info][gc,start    ] GC(1981) Pause Young (Concurrent Start) (G1 Evacuation Pause)
[2024-08-15T15:01:27.053+0000][9182.997s][info][gc,task     ] GC(1981) Using 6 workers of 6 for evacuation
[2024-08-15T15:01:27.085+0000][9183.030s][info][gc,phases   ] GC(1981)   Pre Evacuate Collection Set: 0.6ms
[2024-08-15T15:01:27.085+0000][9183.030s][info][gc,phases   ] GC(1981)   Merge Heap Roots: 0.3ms
[2024-08-15T15:01:27.085+0000][9183.030s][info][gc,phases   ] GC(1981)   Evacuate Collection Set: 29.8ms
[2024-08-15T15:01:27.085+0000][9183.030s][info][gc,phases   ] GC(1981)   Post Evacuate Collection Set: 1.7ms
[2024-08-15T15:01:27.085+0000][9183.030s][info][gc,phases   ] GC(1981)   Other: 0.3ms
[2024-08-15T15:01:27.085+0000][9183.030s][info][gc,heap     ] GC(1981) Eden regions: 801->0(797)
[2024-08-15T15:01:27.085+0000][9183.030s][info][gc,heap     ] GC(1981) Survivor regions: 10->13(102)
[2024-08-15T15:01:27.085+0000][9183.030s][info][gc,heap     ] GC(1981) Old regions: 397->397
[2024-08-15T15:01:27.085+0000][9183.030s][info][gc,heap     ] GC(1981) Archive regions: 2->2
[2024-08-15T15:01:27.085+0000][9183.030s][info][gc,heap     ] GC(1981) Humongous regions: 5->5
[2024-08-15T15:01:27.085+0000][9183.030s][info][gc,metaspace] GC(1981) Metaspace: 441323K(448576K)->441323K(448576K) NonClass: 386484K(390848K)->386484K(390848K) Class: 54838K(57728K)->54838K(57728K)
[2024-08-15T15:01:27.085+0000][9183.030s][info][gc          ] GC(1981) Pause Young (Concurrent Start) (G1 Evacuation Pause) 9699M->3317M(12288M) 32.743ms
[2024-08-15T15:01:27.085+0000][9183.030s][info][gc,cpu      ] GC(1981) User=0.19s Sys=0.00s Real=0.04s
[2024-08-15T15:01:27.085+0000][9183.030s][info][gc          ] GC(1982) Concurrent Mark Cycle
[2024-08-15T15:01:27.085+0000][9183.030s][info][gc,marking  ] GC(1982) Concurrent Clear Claimed Marks
[2024-08-15T15:01:27.086+0000][9183.030s][info][gc,marking  ] GC(1982) Concurrent Clear Claimed Marks 0.399ms
[2024-08-15T15:01:27.086+0000][9183.030s][info][gc,marking  ] GC(1982) Concurrent Scan Root Regions
[2024-08-15T15:01:27.117+0000][9183.062s][info][gc,marking  ] GC(1982) Concurrent Scan Root Regions 31.174ms
[2024-08-15T15:01:27.117+0000][9183.062s][info][gc,marking  ] GC(1982) Concurrent Mark
[2024-08-15T15:01:27.117+0000][9183.062s][info][gc,marking  ] GC(1982) Concurrent Mark From Roots
[2024-08-15T15:01:27.117+0000][9183.062s][info][gc,task     ] GC(1982) Using 2 workers of 2 for marking
[2024-08-15T15:01:29.527+0000][9185.472s][info][gc,marking  ] GC(1982) Concurrent Mark From Roots 2410.130ms
[2024-08-15T15:01:29.527+0000][9185.472s][info][gc,marking  ] GC(1982) Concurrent Preclean
[2024-08-15T15:01:29.529+0000][9185.473s][info][gc,marking  ] GC(1982) Concurrent Preclean 1.481ms
[2024-08-15T15:01:29.529+0000][9185.474s][info][gc,start    ] GC(1982) Pause Remark
[2024-08-15T15:01:29.553+0000][9185.497s][info][gc          ] GC(1982) Pause Remark 5041M->5041M(12288M) 23.723ms
[2024-08-15T15:01:29.553+0000][9185.497s][info][gc,cpu      ] GC(1982) User=0.09s Sys=0.00s Real=0.02s
[2024-08-15T15:01:29.553+0000][9185.497s][info][gc,marking  ] GC(1982) Concurrent Mark 2435.751ms
[2024-08-15T15:01:29.553+0000][9185.497s][info][gc,marking  ] GC(1982) Concurrent Rebuild Remembered Sets
[2024-08-15T15:01:31.039+0000][9186.984s][info][gc,marking  ] GC(1982) Concurrent Rebuild Remembered Sets 1486.632ms
[2024-08-15T15:01:31.040+0000][9186.984s][info][gc,start    ] GC(1982) Pause Cleanup
[2024-08-15T15:01:31.040+0000][9186.985s][info][gc          ] GC(1982) Pause Cleanup 6161M->6161M(12288M) 0.645ms
[2024-08-15T15:01:31.040+0000][9186.985s][info][gc,cpu      ] GC(1982) User=0.00s Sys=0.00s Real=0.00s
[2024-08-15T15:01:31.040+0000][9186.985s][info][gc,marking  ] GC(1982) Concurrent Cleanup for Next Mark
[2024-08-15T15:01:31.058+0000][9187.003s][info][gc,marking  ] GC(1982) Concurrent Cleanup for Next Mark 17.602ms
[2024-08-15T15:01:31.058+0000][9187.003s][info][gc          ] GC(1982) Concurrent Mark Cycle 3972.681ms
[2024-08-15T15:01:35.582+0000][9191.527s][info][gc,start    ] GC(1983) Pause Young (Prepare Mixed) (G1 Evacuation Pause)
[2024-08-15T15:01:35.582+0000][9191.527s][info][gc,task     ] GC(1983) Using 6 workers of 6 for evacuation
[2024-08-15T15:01:35.624+0000][9191.568s][info][gc,phases   ] GC(1983)   Pre Evacuate Collection Set: 0.2ms
[2024-08-15T15:01:35.624+0000][9191.568s][info][gc,phases   ] GC(1983)   Merge Heap Roots: 0.3ms
[2024-08-15T15:01:35.624+0000][9191.568s][info][gc,phases   ] GC(1983)   Evacuate Collection Set: 38.7ms
[2024-08-15T15:01:35.624+0000][9191.568s][info][gc,phases   ] GC(1983)   Post Evacuate Collection Set: 1.9ms
[2024-08-15T15:01:35.624+0000][9191.568s][info][gc,phases   ] GC(1983)   Other: 0.2ms
[2024-08-15T15:01:35.624+0000][9191.568s][info][gc,heap     ] GC(1983) Eden regions: 797->0(59)
[2024-08-15T15:01:35.624+0000][9191.568s][info][gc,heap     ] GC(1983) Survivor regions: 13->17(102)
[2024-08-15T15:01:35.624+0000][9191.568s][info][gc,heap     ] GC(1983) Old regions: 397->397
[2024-08-15T15:01:35.624+0000][9191.568s][info][gc,heap     ] GC(1983) Archive regions: 2->2
[2024-08-15T15:01:35.624+0000][9191.568s][info][gc,heap     ] GC(1983) Humongous regions: 5->5
[2024-08-15T15:01:35.624+0000][9191.568s][info][gc,metaspace] GC(1983) Metaspace: 441326K(448576K)->441326K(448576K) NonClass: 386488K(390848K)->386488K(390848K) Class: 54838K(57728K)->54838K(57728K)
[2024-08-15T15:01:35.624+0000][9191.568s][info][gc          ] GC(1983) Pause Young (Prepare Mixed) (G1 Evacuation Pause) 9693M->3348M(12288M) 41.359ms
[2024-08-15T15:01:35.624+0000][9191.568s][info][gc,cpu      ] GC(1983) User=0.25s Sys=0.00s Real=0.05s
[2024-08-15T15:01:36.222+0000][9192.167s][info][gc,start    ] GC(1984) Pause Young (Mixed) (G1 Evacuation Pause)
[2024-08-15T15:01:36.222+0000][9192.167s][info][gc,task     ] GC(1984) Using 6 workers of 6 for evacuation
[2024-08-15T15:01:36.309+0000][9192.253s][info][gc,phases   ] GC(1984)   Pre Evacuate Collection Set: 0.2ms
[2024-08-15T15:01:36.309+0000][9192.253s][info][gc,phases   ] GC(1984)   Merge Heap Roots: 0.5ms
[2024-08-15T15:01:36.309+0000][9192.253s][info][gc,phases   ] GC(1984)   Evacuate Collection Set: 84.6ms
[2024-08-15T15:01:36.309+0000][9192.253s][info][gc,phases   ] GC(1984)   Post Evacuate Collection Set: 1.4ms
[2024-08-15T15:01:36.309+0000][9192.253s][info][gc,phases   ] GC(1984)   Other: 0.2ms
[2024-08-15T15:01:36.309+0000][9192.253s][info][gc,heap     ] GC(1984) Eden regions: 59->0(803)
[2024-08-15T15:01:36.309+0000][9192.253s][info][gc,heap     ] GC(1984) Survivor regions: 17->6(10)
[2024-08-15T15:01:36.309+0000][9192.253s][info][gc,heap     ] GC(1984) Old regions: 397->398
[2024-08-15T15:01:36.309+0000][9192.253s][info][gc,heap     ] GC(1984) Archive regions: 2->2
[2024-08-15T15:01:36.309+0000][9192.253s][info][gc,heap     ] GC(1984) Humongous regions: 5->5
[2024-08-15T15:01:36.309+0000][9192.253s][info][gc,metaspace] GC(1984) Metaspace: 441326K(448576K)->441326K(448576K) NonClass: 386488K(390848K)->386488K(390848K) Class: 54838K(57728K)->54838K(57728K)
[2024-08-15T15:01:36.309+0000][9192.253s][info][gc          ] GC(1984) Pause Young (Mixed) (G1 Evacuation Pause) 3820M->3270M(12288M) 86.884ms
[2024-08-15T15:01:36.309+0000][9192.254s][info][gc,cpu      ] GC(1984) User=0.52s Sys=0.00s Real=0.09s
[2024-08-15T15:01:44.466+0000][9200.411s][info][gc,start    ] GC(1985) Pause Young (Normal) (G1 Evacuation Pause)
[2024-08-15T15:01:44.466+0000][9200.411s][info][gc,task     ] GC(1985) Using 6 workers of 6 for evacuation
[2024-08-15T15:01:44.486+0000][9200.430s][info][gc,phases   ] GC(1985)   Pre Evacuate Collection Set: 0.2ms
[2024-08-15T15:01:44.486+0000][9200.431s][info][gc,phases   ] GC(1985)   Merge Heap Roots: 0.3ms
[2024-08-15T15:01:44.486+0000][9200.431s][info][gc,phases   ] GC(1985)   Evacuate Collection Set: 17.5ms
[2024-08-15T15:01:44.486+0000][9200.431s][info][gc,phases   ] GC(1985)   Post Evacuate Collection Set: 1.8ms
[2024-08-15T15:01:44.486+0000][9200.431s][info][gc,phases   ] GC(1985)   Other: 0.2ms
[2024-08-15T15:01:44.486+0000][9200.431s][info][gc,heap     ] GC(1985) Eden regions: 803->0(801)
[2024-08-15T15:01:44.486+0000][9200.431s][info][gc,heap     ] GC(1985) Survivor regions: 6->8(102)
[2024-08-15T15:01:44.486+0000][9200.431s][info][gc,heap     ] GC(1985) Old regions: 398->398
[2024-08-15T15:01:44.486+0000][9200.431s][info][gc,heap     ] GC(1985) Archive regions: 2->2
[2024-08-15T15:01:44.486+0000][9200.431s][info][gc,heap     ] GC(1985) Humongous regions: 5->5
[2024-08-15T15:01:44.486+0000][9200.431s][info][gc,metaspace] GC(1985) Metaspace: 441328K(448576K)->441328K(448576K) NonClass: 386489K(390848K)->386489K(390848K) Class: 54838K(57728K)->54838K(57728K)
[2024-08-15T15:01:44.486+0000][9200.431s][info][gc          ] GC(1985) Pause Young (Normal) (G1 Evacuation Pause) 9694M->3284M(12288M) 19.990ms
[2024-08-15T15:01:44.486+0000][9200.431s][info][gc,cpu      ] GC(1985) User=0.11s Sys=0.00s Real=0.02s
[2024-08-15T15:01:52.719+0000][9208.664s][info][gc,start    ] GC(1986) Pause Young (Normal) (G1 Evacuation Pause)
[2024-08-15T15:01:52.719+0000][9208.664s][info][gc,task     ] GC(1986) Using 6 workers of 6 for evacuation
[2024-08-15T15:01:52.745+0000][9208.689s][info][gc,phases   ] GC(1986)   Pre Evacuate Collection Set: 0.2ms
[2024-08-15T15:01:52.745+0000][9208.689s][info][gc,phases   ] GC(1986)   Merge Heap Roots: 0.2ms
[2024-08-15T15:01:52.745+0000][9208.689s][info][gc,phases   ] GC(1986)   Evacuate Collection Set: 22.8ms
[2024-08-15T15:01:52.745+0000][9208.689s][info][gc,phases   ] GC(1986)   Post Evacuate Collection Set: 1.7ms
[2024-08-15T15:01:52.745+0000][9208.689s][info][gc,phases   ] GC(1986)   Other: 0.2ms
[2024-08-15T15:01:52.745+0000][9208.689s][info][gc,heap     ] GC(1986) Eden regions: 801->0(798)
[2024-08-15T15:01:52.745+0000][9208.689s][info][gc,heap     ] GC(1986) Survivor regions: 8->11(102)
[2024-08-15T15:01:52.745+0000][9208.689s][info][gc,heap     ] GC(1986) Old regions: 398->398
[2024-08-15T15:01:52.745+0000][9208.689s][info][gc,heap     ] GC(1986) Archive regions: 2->2
[2024-08-15T15:01:52.745+0000][9208.689s][info][gc,heap     ] GC(1986) Humongous regions: 5->5
[2024-08-15T15:01:52.745+0000][9208.689s][info][gc,metaspace] GC(1986) Metaspace: 441328K(448576K)->441328K(448576K) NonClass: 386489K(390848K)->386489K(390848K) Class: 54838K(57728K)->54838K(57728K)
[2024-08-15T15:01:52.745+0000][9208.689s][info][gc          ] GC(1986) Pause Young (Normal) (G1 Evacuation Pause) 9692M->3310M(12288M) 25.276ms
[2024-08-15T15:01:52.745+0000][9208.689s][info][gc,cpu      ] GC(1986) User=0.15s Sys=0.00s Real=0.03s
[2024-08-15T15:01:55.512+0000][9211.456s][info][gc,start    ] GC(1987) Pause Young (Concurrent Start) (G1 Humongous Allocation)
[2024-08-15T15:01:55.512+0000][9211.456s][info][gc,task     ] GC(1987) Using 6 workers of 6 for evacuation
[2024-08-15T15:01:55.546+0000][9211.490s][info][gc,phases   ] GC(1987)   Pre Evacuate Collection Set: 0.5ms
[2024-08-15T15:01:55.546+0000][9211.490s][info][gc,phases   ] GC(1987)   Merge Heap Roots: 0.3ms
[2024-08-15T15:01:55.546+0000][9211.490s][info][gc,phases   ] GC(1987)   Evacuate Collection Set: 31.5ms
[2024-08-15T15:01:55.546+0000][9211.490s][info][gc,phases   ] GC(1987)   Post Evacuate Collection Set: 1.3ms
[2024-08-15T15:01:55.546+0000][9211.490s][info][gc,phases   ] GC(1987)   Other: 0.3ms
[2024-08-15T15:01:55.546+0000][9211.490s][info][gc,heap     ] GC(1987) Eden regions: 268->0(793)
[2024-08-15T15:01:55.546+0000][9211.490s][info][gc,heap     ] GC(1987) Survivor regions: 11->14(102)
[2024-08-15T15:01:55.546+0000][9211.490s][info][gc,heap     ] GC(1987) Old regions: 398->398
[2024-08-15T15:01:55.546+0000][9211.490s][info][gc,heap     ] GC(1987) Archive regions: 2->2
[2024-08-15T15:01:55.546+0000][9211.490s][info][gc,heap     ] GC(1987) Humongous regions: 5->5
[2024-08-15T15:01:55.546+0000][9211.490s][info][gc,metaspace] GC(1987) Metaspace: 441328K(448576K)->441328K(448576K) NonClass: 386489K(390848K)->386489K(390848K) Class: 54838K(57728K)->54838K(57728K)
[2024-08-15T15:01:55.546+0000][9211.490s][info][gc          ] GC(1987) Pause Young (Concurrent Start) (G1 Humongous Allocation) 5450M->3333M(12288M) 33.899ms
[2024-08-15T15:01:55.546+0000][9211.490s][info][gc,cpu      ] GC(1987) User=0.20s Sys=0.00s Real=0.04s
[2024-08-15T15:01:55.546+0000][9211.490s][info][gc          ] GC(1988) Concurrent Mark Cycle
[2024-08-15T15:01:55.546+0000][9211.490s][info][gc,marking  ] GC(1988) Concurrent Clear Claimed Marks
[2024-08-15T15:01:55.546+0000][9211.491s][info][gc,marking  ] GC(1988) Concurrent Clear Claimed Marks 0.402ms
[2024-08-15T15:01:55.546+0000][9211.491s][info][gc,marking  ] GC(1988) Concurrent Scan Root Regions
[2024-08-15T15:01:55.614+0000][9211.559s][info][gc,marking  ] GC(1988) Concurrent Scan Root Regions 68.148ms
[2024-08-15T15:01:55.614+0000][9211.559s][info][gc,marking  ] GC(1988) Concurrent Mark
[2024-08-15T15:01:55.614+0000][9211.559s][info][gc,marking  ] GC(1988) Concurrent Mark From Roots
[2024-08-15T15:01:55.614+0000][9211.559s][info][gc,task     ] GC(1988) Using 2 workers of 2 for marking
[2024-08-15T15:01:57.463+0000][9213.408s][info][gc,marking  ] GC(1988) Concurrent Mark From Roots 1848.784ms
[2024-08-15T15:01:57.463+0000][9213.408s][info][gc,marking  ] GC(1988) Concurrent Preclean
[2024-08-15T15:01:57.465+0000][9213.409s][info][gc,marking  ] GC(1988) Concurrent Preclean 1.380ms
[2024-08-15T15:01:57.465+0000][9213.409s][info][gc,start    ] GC(1988) Pause Remark
[2024-08-15T15:01:57.488+0000][9213.433s][info][gc          ] GC(1988) Pause Remark 7129M->7129M(12288M) 23.719ms
[2024-08-15T15:01:57.489+0000][9213.433s][info][gc,cpu      ] GC(1988) User=0.10s Sys=0.00s Real=0.02s
[2024-08-15T15:01:57.489+0000][9213.433s][info][gc,marking  ] GC(1988) Concurrent Mark 1874.266ms
[2024-08-15T15:01:57.489+0000][9213.433s][info][gc,marking  ] GC(1988) Concurrent Rebuild Remembered Sets
[2024-08-15T15:01:58.562+0000][9214.506s][info][gc,marking  ] GC(1988) Concurrent Rebuild Remembered Sets 1073.080ms
[2024-08-15T15:01:58.562+0000][9214.506s][info][gc,start    ] GC(1988) Pause Cleanup
[2024-08-15T15:01:58.562+0000][9214.507s][info][gc          ] GC(1988) Pause Cleanup 9637M->9637M(12288M) 0.618ms
[2024-08-15T15:01:58.563+0000][9214.507s][info][gc,cpu      ] GC(1988) User=0.00s Sys=0.00s Real=0.00s
[2024-08-15T15:01:58.563+0000][9214.507s][info][gc,marking  ] GC(1988) Concurrent Cleanup for Next Mark
[2024-08-15T15:01:58.578+0000][9214.523s][info][gc,marking  ] GC(1988) Concurrent Cleanup for Next Mark 15.313ms
[2024-08-15T15:01:58.578+0000][9214.523s][info][gc          ] GC(1988) Concurrent Mark Cycle 3032.231ms
[2024-08-15T15:01:58.603+0000][9214.548s][info][gc,start    ] GC(1989) Pause Young (Prepare Mixed) (G1 Evacuation Pause)
[2024-08-15T15:01:58.603+0000][9214.548s][info][gc,task     ] GC(1989) Using 6 workers of 6 for evacuation
[2024-08-15T15:01:58.825+0000][9214.770s][info][gc,mmu      ] GC(1989) MMU target violated: 201.0ms (200.0ms/201.0ms)
[2024-08-15T15:01:58.825+0000][9214.770s][info][gc,phases   ] GC(1989)   Pre Evacuate Collection Set: 0.2ms
[2024-08-15T15:01:58.825+0000][9214.770s][info][gc,phases   ] GC(1989)   Merge Heap Roots: 1.3ms
[2024-08-15T15:01:58.825+0000][9214.770s][info][gc,phases   ] GC(1989)   Evacuate Collection Set: 174.0ms
[2024-08-15T15:01:58.825+0000][9214.770s][info][gc,phases   ] GC(1989)   Post Evacuate Collection Set: 46.8ms
[2024-08-15T15:01:58.825+0000][9214.770s][info][gc,phases   ] GC(1989)   Other: 0.2ms
[2024-08-15T15:01:58.825+0000][9214.770s][info][gc,heap     ] GC(1989) Eden regions: 793->0(51)
[2024-08-15T15:01:58.825+0000][9214.770s][info][gc,heap     ] GC(1989) Survivor regions: 14->25(101)
[2024-08-15T15:01:58.825+0000][9214.770s][info][gc,heap     ] GC(1989) Old regions: 398->398
[2024-08-15T15:01:58.825+0000][9214.770s][info][gc,heap     ] GC(1989) Archive regions: 2->2
[2024-08-15T15:01:58.825+0000][9214.770s][info][gc,heap     ] GC(1989) Humongous regions: 13->13
[2024-08-15T15:01:58.825+0000][9214.770s][info][gc,metaspace] GC(1989) Metaspace: 441330K(448576K)->441330K(448576K) NonClass: 386491K(390848K)->386491K(390848K) Class: 54838K(57728K)->54838K(57728K)
[2024-08-15T15:01:58.825+0000][9214.770s][info][gc          ] GC(1989) Pause Young (Prepare Mixed) (G1 Evacuation Pause) 9741M->3488M(12288M) 222.485ms
[2024-08-15T15:01:58.825+0000][9214.770s][info][gc,cpu      ] GC(1989) User=1.30s Sys=0.00s Real=0.23s
[2024-08-15T15:01:59.297+0000][9215.241s][info][gc,start    ] GC(1990) Pause Young (Mixed) (G1 Evacuation Pause)
[2024-08-15T15:01:59.297+0000][9215.241s][info][gc,task     ] GC(1990) Using 6 workers of 6 for evacuation
[2024-08-15T15:01:59.422+0000][9215.366s][info][gc,phases   ] GC(1990)   Pre Evacuate Collection Set: 0.2ms
[2024-08-15T15:01:59.422+0000][9215.366s][info][gc,phases   ] GC(1990)   Merge Heap Roots: 0.7ms
[2024-08-15T15:01:59.422+0000][9215.366s][info][gc,phases   ] GC(1990)   Evacuate Collection Set: 116.0ms
[2024-08-15T15:01:59.422+0000][9215.366s][info][gc,phases   ] GC(1990)   Merge Optional Heap Roots: 0.1ms
[2024-08-15T15:01:59.422+0000][9215.366s][info][gc,phases   ] GC(1990)   Evacuate Optional Collection Set: 3.3ms
[2024-08-15T15:01:59.422+0000][9215.366s][info][gc,phases   ] GC(1990)   Post Evacuate Collection Set: 4.4ms
[2024-08-15T15:01:59.422+0000][9215.366s][info][gc,phases   ] GC(1990)   Other: 0.2ms
[2024-08-15T15:01:59.422+0000][9215.366s][info][gc,heap     ] GC(1990) Eden regions: 51->0(783)
[2024-08-15T15:01:59.422+0000][9215.366s][info][gc,heap     ] GC(1990) Survivor regions: 25->3(10)
[2024-08-15T15:01:59.422+0000][9215.366s][info][gc,heap     ] GC(1990) Old regions: 398->404
[2024-08-15T15:01:59.422+0000][9215.366s][info][gc,heap     ] GC(1990) Archive regions: 2->2
[2024-08-15T15:01:59.422+0000][9215.366s][info][gc,heap     ] GC(1990) Humongous regions: 13->13
[2024-08-15T15:01:59.422+0000][9215.366s][info][gc,metaspace] GC(1990) Metaspace: 441330K(448576K)->441330K(448576K) NonClass: 386491K(390848K)->386491K(390848K) Class: 54838K(57728K)->54838K(57728K)
[2024-08-15T15:01:59.422+0000][9215.366s][info][gc          ] GC(1990) Pause Young (Mixed) (G1 Evacuation Pause) 3896M->3364M(12288M) 125.010ms
[2024-08-15T15:01:59.422+0000][9215.366s][info][gc,cpu      ] GC(1990) User=0.74s Sys=0.00s Real=0.12s
[2024-08-15T15:02:01.931+0000][9217.876s][info][gc,start    ] GC(1991) Pause Young (Normal) (G1 Evacuation Pause)
[2024-08-15T15:02:01.931+0000][9217.876s][info][gc,task     ] GC(1991) Using 6 workers of 6 for evacuation
[2024-08-15T15:02:02.006+0000][9217.951s][info][gc,phases   ] GC(1991)   Pre Evacuate Collection Set: 0.2ms
[2024-08-15T15:02:02.006+0000][9217.951s][info][gc,phases   ] GC(1991)   Merge Heap Roots: 0.2ms
[2024-08-15T15:02:02.006+0000][9217.951s][info][gc,phases   ] GC(1991)   Evacuate Collection Set: 54.0ms
[2024-08-15T15:02:02.006+0000][9217.951s][info][gc,phases   ] GC(1991)   Post Evacuate Collection Set: 20.3ms
[2024-08-15T15:02:02.006+0000][9217.951s][info][gc,phases   ] GC(1991)   Other: 0.2ms
[2024-08-15T15:02:02.006+0000][9217.951s][info][gc,heap     ] GC(1991) Eden regions: 783->0(780)
[2024-08-15T15:02:02.006+0000][9217.951s][info][gc,heap     ] GC(1991) Survivor regions: 3->7(99)
[2024-08-15T15:02:02.006+0000][9217.951s][info][gc,heap     ] GC(1991) Old regions: 404->404
[2024-08-15T15:02:02.006+0000][9217.951s][info][gc,heap     ] GC(1991) Archive regions: 2->2
[2024-08-15T15:02:02.006+0000][9217.951s][info][gc,heap     ] GC(1991) Humongous regions: 13->13
[2024-08-15T15:02:02.006+0000][9217.951s][info][gc,metaspace] GC(1991) Metaspace: 441330K(448576K)->441330K(448576K) NonClass: 386491K(390848K)->386491K(390848K) Class: 54838K(57728K)->54838K(57728K)
[2024-08-15T15:02:02.006+0000][9217.951s][info][gc          ] GC(1991) Pause Young (Normal) (G1 Evacuation Pause) 9628M->3396M(12288M) 75.020ms
[2024-08-15T15:02:02.006+0000][9217.951s][info][gc,cpu      ] GC(1991) User=0.43s Sys=0.00s Real=0.08s
[2024-08-15T15:02:04.522+0000][9220.466s][info][gc,start    ] GC(1992) Pause Young (Normal) (G1 Evacuation Pause)
[2024-08-15T15:02:04.522+0000][9220.466s][info][gc,task     ] GC(1992) Using 6 workers of 6 for evacuation
[2024-08-15T15:02:04.607+0000][9220.552s][info][gc,phases   ] GC(1992)   Pre Evacuate Collection Set: 0.2ms
[2024-08-15T15:02:04.607+0000][9220.552s][info][gc,phases   ] GC(1992)   Merge Heap Roots: 0.3ms
[2024-08-15T15:02:04.607+0000][9220.552s][info][gc,phases   ] GC(1992)   Evacuate Collection Set: 65.4ms
[2024-08-15T15:02:04.607+0000][9220.552s][info][gc,phases   ] GC(1992)   Post Evacuate Collection Set: 19.1ms
[2024-08-15T15:02:04.607+0000][9220.552s][info][gc,phases   ] GC(1992)   Other: 0.2ms
[2024-08-15T15:02:04.607+0000][9220.552s][info][gc,heap     ] GC(1992) Eden regions: 780->0(777)
[2024-08-15T15:02:04.607+0000][9220.552s][info][gc,heap     ] GC(1992) Survivor regions: 7->12(99)
[2024-08-15T15:02:04.607+0000][9220.552s][info][gc,heap     ] GC(1992) Old regions: 404->404
[2024-08-15T15:02:04.607+0000][9220.552s][info][gc,heap     ] GC(1992) Archive regions: 2->2
[2024-08-15T15:02:04.607+0000][9220.552s][info][gc,heap     ] GC(1992) Humongous regions: 13->13
[2024-08-15T15:02:04.607+0000][9220.552s][info][gc,metaspace] GC(1992) Metaspace: 441330K(448576K)->441330K(448576K) NonClass: 386491K(390848K)->386491K(390848K) Class: 54838K(57728K)->54838K(57728K)
[2024-08-15T15:02:04.607+0000][9220.552s][info][gc          ] GC(1992) Pause Young (Normal) (G1 Evacuation Pause) 9636M->3435M(12288M) 85.374ms
[2024-08-15T15:02:04.607+0000][9220.552s][info][gc,cpu      ] GC(1992) User=0.49s Sys=0.00s Real=0.09s
[2024-08-15T15:02:07.151+0000][9223.095s][info][gc,start    ] GC(1993) Pause Young (Concurrent Start) (G1 Evacuation Pause)
[2024-08-15T15:02:07.151+0000][9223.095s][info][gc,task     ] GC(1993) Using 6 workers of 6 for evacuation
[2024-08-15T15:02:07.286+0000][9223.230s][info][gc,phases   ] GC(1993)   Pre Evacuate Collection Set: 0.6ms
[2024-08-15T15:02:07.286+0000][9223.230s][info][gc,phases   ] GC(1993)   Merge Heap Roots: 0.4ms
[2024-08-15T15:02:07.286+0000][9223.230s][info][gc,phases   ] GC(1993)   Evacuate Collection Set: 105.4ms
[2024-08-15T15:02:07.286+0000][9223.230s][info][gc,phases   ] GC(1993)   Post Evacuate Collection Set: 28.5ms
[2024-08-15T15:02:07.286+0000][9223.230s][info][gc,phases   ] GC(1993)   Other: 0.3ms
[2024-08-15T15:02:07.286+0000][9223.230s][info][gc,heap     ] GC(1993) Eden regions: 777->0(771)
[2024-08-15T15:02:07.286+0000][9223.230s][info][gc,heap     ] GC(1993) Survivor regions: 12->18(99)
[2024-08-15T15:02:07.286+0000][9223.230s][info][gc,heap     ] GC(1993) Old regions: 404->404
[2024-08-15T15:02:07.286+0000][9223.230s][info][gc,heap     ] GC(1993) Archive regions: 2->2
[2024-08-15T15:02:07.286+0000][9223.230s][info][gc,heap     ] GC(1993) Humongous regions: 13->13
[2024-08-15T15:02:07.286+0000][9223.230s][info][gc,metaspace] GC(1993) Metaspace: 441330K(448576K)->441330K(448576K) NonClass: 386491K(390848K)->386491K(390848K) Class: 54838K(57728K)->54838K(57728K)
[2024-08-15T15:02:07.286+0000][9223.230s][info][gc          ] GC(1993) Pause Young (Concurrent Start) (G1 Evacuation Pause) 9651M->3483M(12288M) 135.187ms
[2024-08-15T15:02:07.286+0000][9223.230s][info][gc,cpu      ] GC(1993) User=0.79s Sys=0.00s Real=0.14s
[2024-08-15T15:02:07.286+0000][9223.230s][info][gc          ] GC(1994) Concurrent Mark Cycle
[2024-08-15T15:02:07.286+0000][9223.230s][info][gc,marking  ] GC(1994) Concurrent Clear Claimed Marks
[2024-08-15T15:02:07.286+0000][9223.231s][info][gc,marking  ] GC(1994) Concurrent Clear Claimed Marks 0.396ms
[2024-08-15T15:02:07.286+0000][9223.231s][info][gc,marking  ] GC(1994) Concurrent Scan Root Regions
[2024-08-15T15:02:07.351+0000][9223.295s][info][gc,marking  ] GC(1994) Concurrent Scan Root Regions 64.562ms
[2024-08-15T15:02:07.351+0000][9223.295s][info][gc,marking  ] GC(1994) Concurrent Mark
[2024-08-15T15:02:07.351+0000][9223.295s][info][gc,marking  ] GC(1994) Concurrent Mark From Roots
[2024-08-15T15:02:07.351+0000][9223.295s][info][gc,task     ] GC(1994) Using 2 workers of 2 for marking
[2024-08-15T15:02:09.081+0000][9225.025s][info][gc,marking  ] GC(1994) Concurrent Mark From Roots 1729.797ms
[2024-08-15T15:02:09.081+0000][9225.025s][info][gc,marking  ] GC(1994) Concurrent Preclean
[2024-08-15T15:02:09.082+0000][9225.027s][info][gc,marking  ] GC(1994) Concurrent Preclean 1.435ms
[2024-08-15T15:02:09.082+0000][9225.027s][info][gc,start    ] GC(1994) Pause Remark
[2024-08-15T15:02:09.105+0000][9225.050s][info][gc          ] GC(1994) Pause Remark 7519M->7487M(12288M) 23.139ms
[2024-08-15T15:02:09.106+0000][9225.050s][info][gc,cpu      ] GC(1994) User=0.10s Sys=0.00s Real=0.03s
[2024-08-15T15:02:09.106+0000][9225.050s][info][gc,marking  ] GC(1994) Concurrent Mark 1754.780ms
[2024-08-15T15:02:09.106+0000][9225.050s][info][gc,marking  ] GC(1994) Concurrent Rebuild Remembered Sets
[2024-08-15T15:02:09.983+0000][9225.927s][info][gc,start    ] GC(1995) Pause Young (Normal) (G1 Evacuation Pause)
[2024-08-15T15:02:09.983+0000][9225.927s][info][gc,task     ] GC(1995) Using 6 workers of 6 for evacuation
[2024-08-15T15:02:10.114+0000][9226.059s][info][gc,phases   ] GC(1995)   Pre Evacuate Collection Set: 0.2ms
[2024-08-15T15:02:10.114+0000][9226.059s][info][gc,phases   ] GC(1995)   Merge Heap Roots: 1.1ms
[2024-08-15T15:02:10.114+0000][9226.059s][info][gc,phases   ] GC(1995)   Evacuate Collection Set: 107.7ms
[2024-08-15T15:02:10.114+0000][9226.059s][info][gc,phases   ] GC(1995)   Post Evacuate Collection Set: 22.6ms
[2024-08-15T15:02:10.114+0000][9226.059s][info][gc,phases   ] GC(1995)   Other: 0.2ms
[2024-08-15T15:02:10.114+0000][9226.059s][info][gc,heap     ] GC(1995) Eden regions: 771->0(767)
[2024-08-15T15:02:10.114+0000][9226.059s][info][gc,heap     ] GC(1995) Survivor regions: 18->23(99)
[2024-08-15T15:02:10.114+0000][9226.059s][info][gc,heap     ] GC(1995) Old regions: 404->404
[2024-08-15T15:02:10.114+0000][9226.059s][info][gc,heap     ] GC(1995) Archive regions: 2->2
[2024-08-15T15:02:10.114+0000][9226.059s][info][gc,heap     ] GC(1995) Humongous regions: 9->9
[2024-08-15T15:02:10.114+0000][9226.059s][info][gc,metaspace] GC(1995) Metaspace: 441330K(448576K)->441330K(448576K) NonClass: 386491K(390848K)->386491K(390848K) Class: 54838K(57728K)->54838K(57728K)
[2024-08-15T15:02:10.114+0000][9226.059s][info][gc          ] GC(1995) Pause Young (Normal) (G1 Evacuation Pause) 9619M->3487M(12288M) 131.837ms
[2024-08-15T15:02:10.114+0000][9226.059s][info][gc,cpu      ] GC(1995) User=0.78s Sys=0.00s Real=0.13s
[2024-08-15T15:02:10.293+0000][9226.238s][info][gc,marking  ] GC(1994) Concurrent Rebuild Remembered Sets 1187.633ms
[2024-08-15T15:02:10.293+0000][9226.238s][info][gc,start    ] GC(1994) Pause Cleanup
[2024-08-15T15:02:10.294+0000][9226.239s][info][gc          ] GC(1994) Pause Cleanup 3843M->3843M(12288M) 0.644ms
[2024-08-15T15:02:10.294+0000][9226.239s][info][gc,cpu      ] GC(1994) User=0.00s Sys=0.00s Real=0.00s
[2024-08-15T15:02:10.294+0000][9226.239s][info][gc,marking  ] GC(1994) Concurrent Cleanup for Next Mark
[2024-08-15T15:02:10.309+0000][9226.254s][info][gc,marking  ] GC(1994) Concurrent Cleanup for Next Mark 15.266ms
[2024-08-15T15:02:10.309+0000][9226.254s][info][gc          ] GC(1994) Concurrent Mark Cycle 3023.705ms
[2024-08-15T15:02:12.533+0000][9228.478s][info][gc,start    ] GC(1996) Pause Young (Prepare Mixed) (G1 Evacuation Pause)
[2024-08-15T15:02:12.533+0000][9228.478s][info][gc,task     ] GC(1996) Using 6 workers of 6 for evacuation
[2024-08-15T15:02:12.692+0000][9228.637s][info][gc,phases   ] GC(1996)   Pre Evacuate Collection Set: 0.2ms
[2024-08-15T15:02:12.692+0000][9228.637s][info][gc,phases   ] GC(1996)   Merge Heap Roots: 0.6ms
[2024-08-15T15:02:12.692+0000][9228.637s][info][gc,phases   ] GC(1996)   Evacuate Collection Set: 132.0ms
[2024-08-15T15:02:12.692+0000][9228.637s][info][gc,phases   ] GC(1996)   Post Evacuate Collection Set: 25.6ms
[2024-08-15T15:02:12.692+0000][9228.637s][info][gc,phases   ] GC(1996)   Other: 0.2ms
[2024-08-15T15:02:12.692+0000][9228.637s][info][gc,heap     ] GC(1996) Eden regions: 767->0(48)
[2024-08-15T15:02:12.692+0000][9228.637s][info][gc,heap     ] GC(1996) Survivor regions: 23->28(99)
[2024-08-15T15:02:12.692+0000][9228.637s][info][gc,heap     ] GC(1996) Old regions: 404->404
[2024-08-15T15:02:12.692+0000][9228.637s][info][gc,heap     ] GC(1996) Archive regions: 2->2
[2024-08-15T15:02:12.692+0000][9228.637s][info][gc,heap     ] GC(1996) Humongous regions: 9->9
[2024-08-15T15:02:12.692+0000][9228.637s][info][gc,metaspace] GC(1996) Metaspace: 441330K(448576K)->441330K(448576K) NonClass: 386491K(390848K)->386491K(390848K) Class: 54838K(57728K)->54838K(57728K)
[2024-08-15T15:02:12.692+0000][9228.637s][info][gc          ] GC(1996) Pause Young (Prepare Mixed) (G1 Evacuation Pause) 9623M->3532M(12288M) 158.707ms
[2024-08-15T15:02:12.692+0000][9228.637s][info][gc,cpu      ] GC(1996) User=0.93s Sys=0.00s Real=0.16s
[2024-08-15T15:02:12.861+0000][9228.806s][info][gc,start    ] GC(1997) Pause Young (Mixed) (G1 Evacuation Pause)
[2024-08-15T15:02:12.861+0000][9228.806s][info][gc,task     ] GC(1997) Using 6 workers of 6 for evacuation
[2024-08-15T15:02:13.002+0000][9228.947s][info][gc,phases   ] GC(1997)   Pre Evacuate Collection Set: 0.2ms
[2024-08-15T15:02:13.002+0000][9228.947s][info][gc,phases   ] GC(1997)   Merge Heap Roots: 0.5ms
[2024-08-15T15:02:13.002+0000][9228.947s][info][gc,phases   ] GC(1997)   Evacuate Collection Set: 137.2ms
[2024-08-15T15:02:13.002+0000][9228.947s][info][gc,phases   ] GC(1997)   Post Evacuate Collection Set: 3.0ms
[2024-08-15T15:02:13.002+0000][9228.947s][info][gc,phases   ] GC(1997)   Other: 0.2ms
[2024-08-15T15:02:13.002+0000][9228.947s][info][gc,heap     ] GC(1997) Eden regions: 48->0(780)
[2024-08-15T15:02:13.002+0000][9228.947s][info][gc,heap     ] GC(1997) Survivor regions: 28->3(10)
[2024-08-15T15:02:13.002+0000][9228.947s][info][gc,heap     ] GC(1997) Old regions: 404->416
[2024-08-15T15:02:13.002+0000][9228.947s][info][gc,heap     ] GC(1997) Archive regions: 2->2
[2024-08-15T15:02:13.002+0000][9228.947s][info][gc,heap     ] GC(1997) Humongous regions: 9->9
[2024-08-15T15:02:13.002+0000][9228.947s][info][gc,metaspace] GC(1997) Metaspace: 441330K(448576K)->441330K(448576K) NonClass: 386491K(390848K)->386491K(390848K) Class: 54838K(57728K)->54838K(57728K)
[2024-08-15T15:02:13.002+0000][9228.947s][info][gc          ] GC(1997) Pause Young (Mixed) (G1 Evacuation Pause) 3916M->3425M(12288M) 141.101ms
[2024-08-15T15:02:13.002+0000][9228.947s][info][gc,cpu      ] GC(1997) User=0.84s Sys=0.00s Real=0.14s
[2024-08-15T15:02:15.387+0000][9231.332s][info][gc,start    ] GC(1998) Pause Young (Normal) (G1 Evacuation Pause)
[2024-08-15T15:02:15.387+0000][9231.332s][info][gc,task     ] GC(1998) Using 6 workers of 6 for evacuation
[2024-08-15T15:02:15.472+0000][9231.417s][info][gc,phases   ] GC(1998)   Pre Evacuate Collection Set: 0.2ms
[2024-08-15T15:02:15.472+0000][9231.417s][info][gc,phases   ] GC(1998)   Merge Heap Roots: 0.4ms
[2024-08-15T15:02:15.472+0000][9231.417s][info][gc,phases   ] GC(1998)   Evacuate Collection Set: 62.9ms
[2024-08-15T15:02:15.472+0000][9231.417s][info][gc,phases   ] GC(1998)   Post Evacuate Collection Set: 21.2ms
[2024-08-15T15:02:15.472+0000][9231.417s][info][gc,phases   ] GC(1998)   Other: 0.2ms
[2024-08-15T15:02:15.472+0000][9231.417s][info][gc,heap     ] GC(1998) Eden regions: 780->0(777)
[2024-08-15T15:02:15.472+0000][9231.417s][info][gc,heap     ] GC(1998) Survivor regions: 3->7(98)
[2024-08-15T15:02:15.472+0000][9231.417s][info][gc,heap     ] GC(1998) Old regions: 416->416
[2024-08-15T15:02:15.472+0000][9231.417s][info][gc,heap     ] GC(1998) Archive regions: 2->2
[2024-08-15T15:02:15.472+0000][9231.417s][info][gc,heap     ] GC(1998) Humongous regions: 9->9
[2024-08-15T15:02:15.472+0000][9231.417s][info][gc,metaspace] GC(1998) Metaspace: 441330K(448576K)->441330K(448576K) NonClass: 386491K(390848K)->386491K(390848K) Class: 54838K(57728K)->54838K(57728K)
[2024-08-15T15:02:15.472+0000][9231.417s][info][gc          ] GC(1998) Pause Young (Normal) (G1 Evacuation Pause) 9665M->3451M(12288M) 84.911ms
[2024-08-15T15:02:15.472+0000][9231.417s][info][gc,cpu      ] GC(1998) User=0.50s Sys=0.00s Real=0.08s
[2024-08-15T15:02:20.084+0000][9236.028s][info][gc,start    ] GC(1999) Pause Young (Normal) (G1 Evacuation Pause)
[2024-08-15T15:02:20.084+0000][9236.028s][info][gc,task     ] GC(1999) Using 6 workers of 6 for evacuation
[2024-08-15T15:02:20.164+0000][9236.108s][info][gc,phases   ] GC(1999)   Pre Evacuate Collection Set: 0.2ms
[2024-08-15T15:02:20.164+0000][9236.108s][info][gc,phases   ] GC(1999)   Merge Heap Roots: 0.5ms
[2024-08-15T15:02:20.164+0000][9236.108s][info][gc,phases   ] GC(1999)   Evacuate Collection Set: 64.9ms
[2024-08-15T15:02:20.164+0000][9236.108s][info][gc,phases   ] GC(1999)   Post Evacuate Collection Set: 14.1ms
[2024-08-15T15:02:20.164+0000][9236.108s][info][gc,phases   ] GC(1999)   Other: 0.2ms
[2024-08-15T15:02:20.164+0000][9236.108s][info][gc,heap     ] GC(1999) Eden regions: 777->0(774)
[2024-08-15T15:02:20.164+0000][9236.108s][info][gc,heap     ] GC(1999) Survivor regions: 7->11(98)
[2024-08-15T15:02:20.164+0000][9236.108s][info][gc,heap     ] GC(1999) Old regions: 416->416
[2024-08-15T15:02:20.164+0000][9236.108s][info][gc,heap     ] GC(1999) Archive regions: 2->2
[2024-08-15T15:02:20.164+0000][9236.108s][info][gc,heap     ] GC(1999) Humongous regions: 9->9
[2024-08-15T15:02:20.164+0000][9236.108s][info][gc,metaspace] GC(1999) Metaspace: 441330K(448576K)->441330K(448576K) NonClass: 386491K(390848K)->386491K(390848K) Class: 54838K(57728K)->54838K(57728K)
[2024-08-15T15:02:20.164+0000][9236.108s][info][gc          ] GC(1999) Pause Young (Normal) (G1 Evacuation Pause) 9667M->3486M(12288M) 79.982ms
[2024-08-15T15:02:20.164+0000][9236.108s][info][gc,cpu      ] GC(1999) User=0.47s Sys=0.00s Real=0.08s
[2024-08-15T15:02:28.305+0000][9244.250s][info][gc,start    ] GC(2000) Pause Young (Concurrent Start) (G1 Evacuation Pause)
[2024-08-15T15:02:28.305+0000][9244.250s][info][gc,task     ] GC(2000) Using 6 workers of 6 for evacuation
[2024-08-15T15:02:28.350+0000][9244.294s][info][gc,phases   ] GC(2000)   Pre Evacuate Collection Set: 0.5ms
[2024-08-15T15:02:28.350+0000][9244.294s][info][gc,phases   ] GC(2000)   Merge Heap Roots: 0.3ms
[2024-08-15T15:02:28.350+0000][9244.294s][info][gc,phases   ] GC(2000)   Evacuate Collection Set: 41.8ms
[2024-08-15T15:02:28.350+0000][9244.294s][info][gc,phases   ] GC(2000)   Post Evacuate Collection Set: 1.8ms
[2024-08-15T15:02:28.350+0000][9244.294s][info][gc,phases   ] GC(2000)   Other: 0.3ms
[2024-08-15T15:02:28.350+0000][9244.294s][info][gc,heap     ] GC(2000) Eden regions: 774->0(771)
[2024-08-15T15:02:28.350+0000][9244.294s][info][gc,heap     ] GC(2000) Survivor regions: 11->14(99)
[2024-08-15T15:02:28.350+0000][9244.294s][info][gc,heap     ] GC(2000) Old regions: 416->416
[2024-08-15T15:02:28.350+0000][9244.294s][info][gc,heap     ] GC(2000) Archive regions: 2->2
[2024-08-15T15:02:28.350+0000][9244.294s][info][gc,heap     ] GC(2000) Humongous regions: 9->9
[2024-08-15T15:02:28.350+0000][9244.294s][info][gc,metaspace] GC(2000) Metaspace: 441331K(448576K)->441331K(448576K) NonClass: 386492K(390848K)->386492K(390848K) Class: 54838K(57728K)->54838K(57728K)
[2024-08-15T15:02:28.350+0000][9244.294s][info][gc          ] GC(2000) Pause Young (Concurrent Start) (G1 Evacuation Pause) 9678M->3513M(12288M) 44.779ms
[2024-08-15T15:02:28.350+0000][9244.294s][info][gc,cpu      ] GC(2000) User=0.26s Sys=0.00s Real=0.04s
[2024-08-15T15:02:28.350+0000][9244.294s][info][gc          ] GC(2001) Concurrent Mark Cycle
[2024-08-15T15:02:28.350+0000][9244.294s][info][gc,marking  ] GC(2001) Concurrent Clear Claimed Marks
[2024-08-15T15:02:28.350+0000][9244.295s][info][gc,marking  ] GC(2001) Concurrent Clear Claimed Marks 0.420ms
[2024-08-15T15:02:28.350+0000][9244.295s][info][gc,marking  ] GC(2001) Concurrent Scan Root Regions
[2024-08-15T15:02:28.386+0000][9244.330s][info][gc,marking  ] GC(2001) Concurrent Scan Root Regions 35.396ms
[2024-08-15T15:02:28.386+0000][9244.330s][info][gc,marking  ] GC(2001) Concurrent Mark
[2024-08-15T15:02:28.386+0000][9244.330s][info][gc,marking  ] GC(2001) Concurrent Mark From Roots
[2024-08-15T15:02:28.386+0000][9244.330s][info][gc,task     ] GC(2001) Using 2 workers of 2 for marking
[2024-08-15T15:02:30.574+0000][9246.518s][info][gc,marking  ] GC(2001) Concurrent Mark From Roots 2188.085ms
[2024-08-15T15:02:30.574+0000][9246.518s][info][gc,marking  ] GC(2001) Concurrent Preclean
[2024-08-15T15:02:30.576+0000][9246.520s][info][gc,marking  ] GC(2001) Concurrent Preclean 1.860ms
[2024-08-15T15:02:30.576+0000][9246.520s][info][gc,start    ] GC(2001) Pause Remark
[2024-08-15T15:02:30.599+0000][9246.544s][info][gc          ] GC(2001) Pause Remark 5141M->5117M(12288M) 23.310ms
[2024-08-15T15:02:30.599+0000][9246.544s][info][gc,cpu      ] GC(2001) User=0.10s Sys=0.00s Real=0.02s
[2024-08-15T15:02:30.599+0000][9246.544s][info][gc,marking  ] GC(2001) Concurrent Mark 2213.619ms
[2024-08-15T15:02:30.599+0000][9246.544s][info][gc,marking  ] GC(2001) Concurrent Rebuild Remembered Sets
[2024-08-15T15:02:31.960+0000][9247.905s][info][gc,marking  ] GC(2001) Concurrent Rebuild Remembered Sets 1361.100ms
[2024-08-15T15:02:31.961+0000][9247.905s][info][gc,start    ] GC(2001) Pause Cleanup
[2024-08-15T15:02:31.961+0000][9247.906s][info][gc          ] GC(2001) Pause Cleanup 6113M->6113M(12288M) 0.776ms
[2024-08-15T15:02:31.962+0000][9247.906s][info][gc,cpu      ] GC(2001) User=0.00s Sys=0.00s Real=0.00s
[2024-08-15T15:02:31.962+0000][9247.906s][info][gc,marking  ] GC(2001) Concurrent Cleanup for Next Mark
[2024-08-15T15:02:31.978+0000][9247.923s][info][gc,marking  ] GC(2001) Concurrent Cleanup for Next Mark 16.424ms
[2024-08-15T15:02:31.978+0000][9247.923s][info][gc          ] GC(2001) Concurrent Mark Cycle 3628.215ms
[2024-08-15T15:02:36.705+0000][9252.649s][info][gc,start    ] GC(2002) Pause Young (Prepare Mixed) (G1 Evacuation Pause)
[2024-08-15T15:02:36.705+0000][9252.649s][info][gc,task     ] GC(2002) Using 6 workers of 6 for evacuation
[2024-08-15T15:02:36.754+0000][9252.699s][info][gc,phases   ] GC(2002)   Pre Evacuate Collection Set: 0.2ms
[2024-08-15T15:02:36.754+0000][9252.699s][info][gc,phases   ] GC(2002)   Merge Heap Roots: 0.4ms
[2024-08-15T15:02:36.754+0000][9252.699s][info][gc,phases   ] GC(2002)   Evacuate Collection Set: 47.1ms
[2024-08-15T15:02:36.754+0000][9252.699s][info][gc,phases   ] GC(2002)   Post Evacuate Collection Set: 1.8ms
[2024-08-15T15:02:36.754+0000][9252.699s][info][gc,phases   ] GC(2002)   Other: 0.2ms
[2024-08-15T15:02:36.754+0000][9252.699s][info][gc,heap     ] GC(2002) Eden regions: 771->0(59)
[2024-08-15T15:02:36.754+0000][9252.699s][info][gc,heap     ] GC(2002) Survivor regions: 14->17(99)
[2024-08-15T15:02:36.754+0000][9252.699s][info][gc,heap     ] GC(2002) Old regions: 415->415
[2024-08-15T15:02:36.754+0000][9252.699s][info][gc,heap     ] GC(2002) Archive regions: 2->2
[2024-08-15T15:02:36.754+0000][9252.699s][info][gc,heap     ] GC(2002) Humongous regions: 7->7
[2024-08-15T15:02:36.754+0000][9252.699s][info][gc,metaspace] GC(2002) Metaspace: 441331K(448576K)->441331K(448576K) NonClass: 386492K(390848K)->386492K(390848K) Class: 54838K(57728K)->54838K(57728K)
[2024-08-15T15:02:36.754+0000][9252.699s][info][gc          ] GC(2002) Pause Young (Prepare Mixed) (G1 Evacuation Pause) 9657M->3509M(12288M) 49.619ms
[2024-08-15T15:02:36.754+0000][9252.699s][info][gc,cpu      ] GC(2002) User=0.30s Sys=0.00s Real=0.04s
[2024-08-15T15:02:37.379+0000][9253.323s][info][gc,start    ] GC(2003) Pause Young (Mixed) (G1 Evacuation Pause)
[2024-08-15T15:02:37.379+0000][9253.323s][info][gc,task     ] GC(2003) Using 6 workers of 6 for evacuation
[2024-08-15T15:02:37.455+0000][9253.399s][info][gc,phases   ] GC(2003)   Pre Evacuate Collection Set: 0.2ms
[2024-08-15T15:02:37.455+0000][9253.399s][info][gc,phases   ] GC(2003)   Merge Heap Roots: 0.4ms
[2024-08-15T15:02:37.455+0000][9253.399s][info][gc,phases   ] GC(2003)   Evacuate Collection Set: 73.7ms
[2024-08-15T15:02:37.455+0000][9253.399s][info][gc,phases   ] GC(2003)   Post Evacuate Collection Set: 1.3ms
[2024-08-15T15:02:37.455+0000][9253.399s][info][gc,phases   ] GC(2003)   Other: 0.2ms
[2024-08-15T15:02:37.455+0000][9253.399s][info][gc,heap     ] GC(2003) Eden regions: 59->0(797)
[2024-08-15T15:02:37.455+0000][9253.399s][info][gc,heap     ] GC(2003) Survivor regions: 17->5(10)
[2024-08-15T15:02:37.455+0000][9253.399s][info][gc,heap     ] GC(2003) Old regions: 415->402
[2024-08-15T15:02:37.455+0000][9253.399s][info][gc,heap     ] GC(2003) Archive regions: 2->2
[2024-08-15T15:02:37.455+0000][9253.399s][info][gc,heap     ] GC(2003) Humongous regions: 7->7
[2024-08-15T15:02:37.455+0000][9253.399s][info][gc,metaspace] GC(2003) Metaspace: 441331K(448576K)->441331K(448576K) NonClass: 386492K(390848K)->386492K(390848K) Class: 54838K(57728K)->54838K(57728K)
[2024-08-15T15:02:37.455+0000][9253.399s][info][gc          ] GC(2003) Pause Young (Mixed) (G1 Evacuation Pause) 3981M->3310M(12288M) 75.835ms
[2024-08-15T15:02:37.455+0000][9253.399s][info][gc,cpu      ] GC(2003) User=0.45s Sys=0.00s Real=0.07s
[2024-08-15T15:02:46.116+0000][9262.061s][info][gc,start    ] GC(2004) Pause Young (Normal) (G1 Evacuation Pause)
[2024-08-15T15:02:46.116+0000][9262.061s][info][gc,task     ] GC(2004) Using 6 workers of 6 for evacuation
[2024-08-15T15:02:46.137+0000][9262.082s][info][gc,phases   ] GC(2004)   Pre Evacuate Collection Set: 0.2ms
[2024-08-15T15:02:46.137+0000][9262.082s][info][gc,phases   ] GC(2004)   Merge Heap Roots: 0.2ms
[2024-08-15T15:02:46.137+0000][9262.082s][info][gc,phases   ] GC(2004)   Evacuate Collection Set: 18.2ms
[2024-08-15T15:02:46.137+0000][9262.082s][info][gc,phases   ] GC(2004)   Post Evacuate Collection Set: 1.8ms
[2024-08-15T15:02:46.137+0000][9262.082s][info][gc,phases   ] GC(2004)   Other: 0.2ms
[2024-08-15T15:02:46.137+0000][9262.082s][info][gc,heap     ] GC(2004) Eden regions: 797->0(794)
[2024-08-15T15:02:46.137+0000][9262.082s][info][gc,heap     ] GC(2004) Survivor regions: 5->8(101)
[2024-08-15T15:02:46.137+0000][9262.082s][info][gc,heap     ] GC(2004) Old regions: 402->402
[2024-08-15T15:02:46.137+0000][9262.082s][info][gc,heap     ] GC(2004) Archive regions: 2->2
[2024-08-15T15:02:46.137+0000][9262.082s][info][gc,heap     ] GC(2004) Humongous regions: 7->7
[2024-08-15T15:02:46.137+0000][9262.082s][info][gc,metaspace] GC(2004) Metaspace: 441331K(448576K)->441331K(448576K) NonClass: 386492K(390848K)->386492K(390848K) Class: 54838K(57728K)->54838K(57728K)
[2024-08-15T15:02:46.137+0000][9262.082s][info][gc          ] GC(2004) Pause Young (Normal) (G1 Evacuation Pause) 9686M->3331M(12288M) 20.702ms
[2024-08-15T15:02:46.137+0000][9262.082s][info][gc,cpu      ] GC(2004) User=0.12s Sys=0.00s Real=0.02s
[2024-08-15T15:02:54.670+0000][9270.614s][info][gc,start    ] GC(2005) Pause Young (Normal) (G1 Evacuation Pause)
[2024-08-15T15:02:54.670+0000][9270.614s][info][gc,task     ] GC(2005) Using 6 workers of 6 for evacuation
[2024-08-15T15:02:54.694+0000][9270.639s][info][gc,phases   ] GC(2005)   Pre Evacuate Collection Set: 0.2ms
[2024-08-15T15:02:54.694+0000][9270.639s][info][gc,phases   ] GC(2005)   Merge Heap Roots: 0.3ms
[2024-08-15T15:02:54.694+0000][9270.639s][info][gc,phases   ] GC(2005)   Evacuate Collection Set: 22.3ms
[2024-08-15T15:02:54.694+0000][9270.639s][info][gc,phases   ] GC(2005)   Post Evacuate Collection Set: 1.7ms
[2024-08-15T15:02:54.694+0000][9270.639s][info][gc,phases   ] GC(2005)   Other: 0.2ms
[2024-08-15T15:02:54.694+0000][9270.639s][info][gc,heap     ] GC(2005) Eden regions: 794->0(791)
[2024-08-15T15:02:54.694+0000][9270.639s][info][gc,heap     ] GC(2005) Survivor regions: 8->11(101)
[2024-08-15T15:02:54.694+0000][9270.639s][info][gc,heap     ] GC(2005) Old regions: 402->402
[2024-08-15T15:02:54.694+0000][9270.639s][info][gc,heap     ] GC(2005) Archive regions: 2->2
[2024-08-15T15:02:54.694+0000][9270.639s][info][gc,heap     ] GC(2005) Humongous regions: 7->7
[2024-08-15T15:02:54.694+0000][9270.639s][info][gc,metaspace] GC(2005) Metaspace: 441331K(448576K)->441331K(448576K) NonClass: 386492K(390848K)->386492K(390848K) Class: 54838K(57728K)->54838K(57728K)
[2024-08-15T15:02:54.694+0000][9270.639s][info][gc          ] GC(2005) Pause Young (Normal) (G1 Evacuation Pause) 9683M->3356M(12288M) 24.739ms
[2024-08-15T15:02:54.694+0000][9270.639s][info][gc,cpu      ] GC(2005) User=0.14s Sys=0.00s Real=0.02s
[2024-08-15T15:03:03.075+0000][9279.020s][info][gc,start    ] GC(2006) Pause Young (Concurrent Start) (G1 Evacuation Pause)
[2024-08-15T15:03:03.075+0000][9279.020s][info][gc,task     ] GC(2006) Using 6 workers of 6 for evacuation
[2024-08-15T15:03:03.107+0000][9279.051s][info][gc,phases   ] GC(2006)   Pre Evacuate Collection Set: 0.6ms
[2024-08-15T15:03:03.107+0000][9279.051s][info][gc,phases   ] GC(2006)   Merge Heap Roots: 0.2ms
[2024-08-15T15:03:03.107+0000][9279.051s][info][gc,phases   ] GC(2006)   Evacuate Collection Set: 28.4ms
[2024-08-15T15:03:03.107+0000][9279.051s][info][gc,phases   ] GC(2006)   Post Evacuate Collection Set: 1.7ms
[2024-08-15T15:03:03.107+0000][9279.051s][info][gc,phases   ] GC(2006)   Other: 0.3ms
[2024-08-15T15:03:03.107+0000][9279.051s][info][gc,heap     ] GC(2006) Eden regions: 791->0(791)
[2024-08-15T15:03:03.107+0000][9279.051s][info][gc,heap     ] GC(2006) Survivor regions: 11->12(101)
[2024-08-15T15:03:03.107+0000][9279.051s][info][gc,heap     ] GC(2006) Old regions: 402->402
[2024-08-15T15:03:03.107+0000][9279.051s][info][gc,heap     ] GC(2006) Archive regions: 2->2
[2024-08-15T15:03:03.107+0000][9279.051s][info][gc,heap     ] GC(2006) Humongous regions: 7->7
[2024-08-15T15:03:03.107+0000][9279.051s][info][gc,metaspace] GC(2006) Metaspace: 441331K(448576K)->441331K(448576K) NonClass: 386492K(390848K)->386492K(390848K) Class: 54838K(57728K)->54838K(57728K)
[2024-08-15T15:03:03.107+0000][9279.051s][info][gc          ] GC(2006) Pause Young (Concurrent Start) (G1 Evacuation Pause) 9684M->3361M(12288M) 31.317ms
[2024-08-15T15:03:03.107+0000][9279.051s][info][gc,cpu      ] GC(2006) User=0.18s Sys=0.00s Real=0.03s
[2024-08-15T15:03:03.107+0000][9279.051s][info][gc          ] GC(2007) Concurrent Mark Cycle
[2024-08-15T15:03:03.107+0000][9279.051s][info][gc,marking  ] GC(2007) Concurrent Clear Claimed Marks
[2024-08-15T15:03:03.107+0000][9279.052s][info][gc,marking  ] GC(2007) Concurrent Clear Claimed Marks 0.430ms
[2024-08-15T15:03:03.107+0000][9279.052s][info][gc,marking  ] GC(2007) Concurrent Scan Root Regions
[2024-08-15T15:03:03.129+0000][9279.073s][info][gc,marking  ] GC(2007) Concurrent Scan Root Regions 21.607ms
[2024-08-15T15:03:03.129+0000][9279.073s][info][gc,marking  ] GC(2007) Concurrent Mark
[2024-08-15T15:03:03.129+0000][9279.073s][info][gc,marking  ] GC(2007) Concurrent Mark From Roots
[2024-08-15T15:03:03.129+0000][9279.073s][info][gc,task     ] GC(2007) Using 2 workers of 2 for marking
[2024-08-15T15:03:05.373+0000][9281.317s][info][gc,marking  ] GC(2007) Concurrent Mark From Roots 2243.651ms
[2024-08-15T15:03:05.373+0000][9281.317s][info][gc,marking  ] GC(2007) Concurrent Preclean
[2024-08-15T15:03:05.374+0000][9281.319s][info][gc,marking  ] GC(2007) Concurrent Preclean 1.805ms
[2024-08-15T15:03:05.374+0000][9281.319s][info][gc,start    ] GC(2007) Pause Remark
[2024-08-15T15:03:05.398+0000][9281.342s][info][gc          ] GC(2007) Pause Remark 4929M->4913M(12288M) 23.304ms
[2024-08-15T15:03:05.398+0000][9281.342s][info][gc,cpu      ] GC(2007) User=0.10s Sys=0.00s Real=0.03s
[2024-08-15T15:03:05.398+0000][9281.343s][info][gc,marking  ] GC(2007) Concurrent Mark 2269.157ms
[2024-08-15T15:03:05.398+0000][9281.343s][info][gc,marking  ] GC(2007) Concurrent Rebuild Remembered Sets
[2024-08-15T15:03:06.854+0000][9282.798s][info][gc,marking  ] GC(2007) Concurrent Rebuild Remembered Sets 1455.594ms
[2024-08-15T15:03:06.854+0000][9282.798s][info][gc,start    ] GC(2007) Pause Cleanup
[2024-08-15T15:03:06.855+0000][9282.799s][info][gc          ] GC(2007) Pause Cleanup 5933M->5933M(12288M) 0.703ms
[2024-08-15T15:03:06.855+0000][9282.799s][info][gc,cpu      ] GC(2007) User=0.00s Sys=0.00s Real=0.00s
[2024-08-15T15:03:06.855+0000][9282.799s][info][gc,marking  ] GC(2007) Concurrent Cleanup for Next Mark
[2024-08-15T15:03:06.872+0000][9282.817s][info][gc,marking  ] GC(2007) Concurrent Cleanup for Next Mark 17.369ms
[2024-08-15T15:03:06.872+0000][9282.817s][info][gc          ] GC(2007) Concurrent Mark Cycle 3765.332ms
[2024-08-15T15:03:12.054+0000][9287.999s][info][gc,start    ] GC(2008) Pause Young (Prepare Mixed) (G1 Evacuation Pause)
[2024-08-15T15:03:12.054+0000][9287.999s][info][gc,task     ] GC(2008) Using 6 workers of 6 for evacuation
[2024-08-15T15:03:12.088+0000][9288.032s][info][gc,phases   ] GC(2008)   Pre Evacuate Collection Set: 0.2ms
[2024-08-15T15:03:12.088+0000][9288.032s][info][gc,phases   ] GC(2008)   Merge Heap Roots: 0.3ms
[2024-08-15T15:03:12.088+0000][9288.032s][info][gc,phases   ] GC(2008)   Evacuate Collection Set: 31.0ms
[2024-08-15T15:03:12.088+0000][9288.032s][info][gc,phases   ] GC(2008)   Post Evacuate Collection Set: 1.8ms
[2024-08-15T15:03:12.088+0000][9288.032s][info][gc,phases   ] GC(2008)   Other: 0.2ms
[2024-08-15T15:03:12.088+0000][9288.032s][info][gc,heap     ] GC(2008) Eden regions: 791->0(61)
[2024-08-15T15:03:12.088+0000][9288.032s][info][gc,heap     ] GC(2008) Survivor regions: 12->15(101)
[2024-08-15T15:03:12.088+0000][9288.032s][info][gc,heap     ] GC(2008) Old regions: 402->402
[2024-08-15T15:03:12.088+0000][9288.032s][info][gc,heap     ] GC(2008) Archive regions: 2->2
[2024-08-15T15:03:12.088+0000][9288.032s][info][gc,heap     ] GC(2008) Humongous regions: 5->5
[2024-08-15T15:03:12.088+0000][9288.032s][info][gc,metaspace] GC(2008) Metaspace: 441340K(448576K)->441340K(448576K) NonClass: 386501K(390848K)->386501K(390848K) Class: 54838K(57728K)->54838K(57728K)
[2024-08-15T15:03:12.088+0000][9288.032s][info][gc          ] GC(2008) Pause Young (Prepare Mixed) (G1 Evacuation Pause) 9673M->3369M(12288M) 33.521ms
[2024-08-15T15:03:12.088+0000][9288.032s][info][gc,cpu      ] GC(2008) User=0.20s Sys=0.00s Real=0.04s
[2024-08-15T15:03:12.832+0000][9288.776s][info][gc,start    ] GC(2009) Pause Young (Mixed) (G1 Evacuation Pause)
[2024-08-15T15:03:12.832+0000][9288.776s][info][gc,task     ] GC(2009) Using 6 workers of 6 for evacuation
[2024-08-15T15:03:12.907+0000][9288.852s][info][gc,phases   ] GC(2009)   Pre Evacuate Collection Set: 0.2ms
[2024-08-15T15:03:12.907+0000][9288.852s][info][gc,phases   ] GC(2009)   Merge Heap Roots: 0.4ms
[2024-08-15T15:03:12.907+0000][9288.852s][info][gc,phases   ] GC(2009)   Evacuate Collection Set: 73.5ms
[2024-08-15T15:03:12.907+0000][9288.852s][info][gc,phases   ] GC(2009)   Post Evacuate Collection Set: 1.4ms
[2024-08-15T15:03:12.907+0000][9288.852s][info][gc,phases   ] GC(2009)   Other: 0.2ms
[2024-08-15T15:03:12.907+0000][9288.852s][info][gc,heap     ] GC(2009) Eden regions: 61->0(809)
[2024-08-15T15:03:12.907+0000][9288.852s][info][gc,heap     ] GC(2009) Survivor regions: 15->5(10)
[2024-08-15T15:03:12.907+0000][9288.852s][info][gc,heap     ] GC(2009) Old regions: 402->393
[2024-08-15T15:03:12.907+0000][9288.852s][info][gc,heap     ] GC(2009) Archive regions: 2->2
[2024-08-15T15:03:12.907+0000][9288.852s][info][gc,heap     ] GC(2009) Humongous regions: 5->5
[2024-08-15T15:03:12.907+0000][9288.852s][info][gc,metaspace] GC(2009) Metaspace: 441340K(448576K)->441340K(448576K) NonClass: 386501K(390848K)->386501K(390848K) Class: 54838K(57728K)->54838K(57728K)
[2024-08-15T15:03:12.907+0000][9288.852s][info][gc          ] GC(2009) Pause Young (Mixed) (G1 Evacuation Pause) 3857M->3227M(12288M) 75.678ms
[2024-08-15T15:03:12.907+0000][9288.852s][info][gc,cpu      ] GC(2009) User=0.45s Sys=0.00s Real=0.08s
[2024-08-15T15:03:21.940+0000][9297.885s][info][gc,start    ] GC(2010) Pause Young (Normal) (G1 Evacuation Pause)
[2024-08-15T15:03:21.940+0000][9297.885s][info][gc,task     ] GC(2010) Using 6 workers of 6 for evacuation
[2024-08-15T15:03:21.963+0000][9297.907s][info][gc,phases   ] GC(2010)   Pre Evacuate Collection Set: 0.2ms
[2024-08-15T15:03:21.963+0000][9297.907s][info][gc,phases   ] GC(2010)   Merge Heap Roots: 0.3ms
[2024-08-15T15:03:21.963+0000][9297.907s][info][gc,phases   ] GC(2010)   Evacuate Collection Set: 20.2ms
[2024-08-15T15:03:21.963+0000][9297.907s][info][gc,phases   ] GC(2010)   Post Evacuate Collection Set: 1.8ms
[2024-08-15T15:03:21.963+0000][9297.907s][info][gc,phases   ] GC(2010)   Other: 0.2ms
[2024-08-15T15:03:21.963+0000][9297.907s][info][gc,heap     ] GC(2010) Eden regions: 809->0(804)
[2024-08-15T15:03:21.963+0000][9297.907s][info][gc,heap     ] GC(2010) Survivor regions: 5->9(102)
[2024-08-15T15:03:21.963+0000][9297.907s][info][gc,heap     ] GC(2010) Old regions: 393->393
[2024-08-15T15:03:21.963+0000][9297.907s][info][gc,heap     ] GC(2010) Archive regions: 2->2
[2024-08-15T15:03:21.963+0000][9297.907s][info][gc,heap     ] GC(2010) Humongous regions: 5->5
[2024-08-15T15:03:21.963+0000][9297.907s][info][gc,metaspace] GC(2010) Metaspace: 441340K(448576K)->441340K(448576K) NonClass: 386501K(390848K)->386501K(390848K) Class: 54838K(57728K)->54838K(57728K)
[2024-08-15T15:03:21.963+0000][9297.907s][info][gc          ] GC(2010) Pause Young (Normal) (G1 Evacuation Pause) 9699M->3256M(12288M) 22.775ms
[2024-08-15T15:03:21.963+0000][9297.907s][info][gc,cpu      ] GC(2010) User=0.13s Sys=0.00s Real=0.02s
[2024-08-15T15:03:30.859+0000][9306.804s][info][gc,start    ] GC(2011) Pause Young (Normal) (G1 Evacuation Pause)
[2024-08-15T15:03:30.859+0000][9306.804s][info][gc,task     ] GC(2011) Using 6 workers of 6 for evacuation
[2024-08-15T15:03:30.887+0000][9306.832s][info][gc,phases   ] GC(2011)   Pre Evacuate Collection Set: 0.2ms
[2024-08-15T15:03:30.887+0000][9306.832s][info][gc,phases   ] GC(2011)   Merge Heap Roots: 0.3ms
[2024-08-15T15:03:30.887+0000][9306.832s][info][gc,phases   ] GC(2011)   Evacuate Collection Set: 25.2ms
[2024-08-15T15:03:30.887+0000][9306.832s][info][gc,phases   ] GC(2011)   Post Evacuate Collection Set: 1.7ms
[2024-08-15T15:03:30.887+0000][9306.832s][info][gc,phases   ] GC(2011)   Other: 0.2ms
[2024-08-15T15:03:30.887+0000][9306.832s][info][gc,heap     ] GC(2011) Eden regions: 804->0(800)
[2024-08-15T15:03:30.887+0000][9306.832s][info][gc,heap     ] GC(2011) Survivor regions: 9->13(102)
[2024-08-15T15:03:30.887+0000][9306.832s][info][gc,heap     ] GC(2011) Old regions: 393->393
[2024-08-15T15:03:30.887+0000][9306.832s][info][gc,heap     ] GC(2011) Archive regions: 2->2
[2024-08-15T15:03:30.887+0000][9306.832s][info][gc,heap     ] GC(2011) Humongous regions: 5->5
[2024-08-15T15:03:30.887+0000][9306.832s][info][gc,metaspace] GC(2011) Metaspace: 441340K(448576K)->441340K(448576K) NonClass: 386501K(390848K)->386501K(390848K) Class: 54838K(57728K)->54838K(57728K)
[2024-08-15T15:03:30.887+0000][9306.832s][info][gc          ] GC(2011) Pause Young (Normal) (G1 Evacuation Pause) 9688M->3285M(12288M) 27.660ms
[2024-08-15T15:03:30.887+0000][9306.832s][info][gc,cpu      ] GC(2011) User=0.16s Sys=0.00s Real=0.03s
[2024-08-15T15:03:38.973+0000][9314.918s][info][gc,start    ] GC(2012) Pause Young (Concurrent Start) (G1 Evacuation Pause)
[2024-08-15T15:03:38.974+0000][9314.918s][info][gc,task     ] GC(2012) Using 6 workers of 6 for evacuation
[2024-08-15T15:03:39.005+0000][9314.949s][info][gc,phases   ] GC(2012)   Pre Evacuate Collection Set: 0.6ms
[2024-08-15T15:03:39.005+0000][9314.949s][info][gc,phases   ] GC(2012)   Merge Heap Roots: 0.3ms
[2024-08-15T15:03:39.005+0000][9314.949s][info][gc,phases   ] GC(2012)   Evacuate Collection Set: 28.4ms
[2024-08-15T15:03:39.005+0000][9314.949s][info][gc,phases   ] GC(2012)   Post Evacuate Collection Set: 1.9ms
[2024-08-15T15:03:39.005+0000][9314.949s][info][gc,phases   ] GC(2012)   Other: 0.3ms
[2024-08-15T15:03:39.005+0000][9314.949s][info][gc,heap     ] GC(2012) Eden regions: 800->0(802)
[2024-08-15T15:03:39.005+0000][9314.949s][info][gc,heap     ] GC(2012) Survivor regions: 13->12(102)
[2024-08-15T15:03:39.005+0000][9314.949s][info][gc,heap     ] GC(2012) Old regions: 393->393
[2024-08-15T15:03:39.005+0000][9314.949s][info][gc,heap     ] GC(2012) Archive regions: 2->2
[2024-08-15T15:03:39.005+0000][9314.949s][info][gc,heap     ] GC(2012) Humongous regions: 5->5
[2024-08-15T15:03:39.005+0000][9314.949s][info][gc,metaspace] GC(2012) Metaspace: 441356K(448576K)->441356K(448576K) NonClass: 386517K(390848K)->386517K(390848K) Class: 54838K(57728K)->54838K(57728K)
[2024-08-15T15:03:39.005+0000][9314.950s][info][gc          ] GC(2012) Pause Young (Concurrent Start) (G1 Evacuation Pause) 9685M->3278M(12288M) 31.391ms
[2024-08-15T15:03:39.005+0000][9314.950s][info][gc,cpu      ] GC(2012) User=0.19s Sys=0.00s Real=0.04s
[2024-08-15T15:03:39.005+0000][9314.950s][info][gc          ] GC(2013) Concurrent Mark Cycle
[2024-08-15T15:03:39.005+0000][9314.950s][info][gc,marking  ] GC(2013) Concurrent Clear Claimed Marks
[2024-08-15T15:03:39.005+0000][9314.950s][info][gc,marking  ] GC(2013) Concurrent Clear Claimed Marks 0.392ms
[2024-08-15T15:03:39.005+0000][9314.950s][info][gc,marking  ] GC(2013) Concurrent Scan Root Regions
[2024-08-15T15:03:39.031+0000][9314.976s][info][gc,marking  ] GC(2013) Concurrent Scan Root Regions 25.977ms
[2024-08-15T15:03:39.031+0000][9314.976s][info][gc,marking  ] GC(2013) Concurrent Mark
[2024-08-15T15:03:39.031+0000][9314.976s][info][gc,marking  ] GC(2013) Concurrent Mark From Roots
[2024-08-15T15:03:39.031+0000][9314.976s][info][gc,task     ] GC(2013) Using 2 workers of 2 for marking
[2024-08-15T15:03:41.261+0000][9317.205s][info][gc,marking  ] GC(2013) Concurrent Mark From Roots 2229.138ms
[2024-08-15T15:03:41.261+0000][9317.205s][info][gc,marking  ] GC(2013) Concurrent Preclean
[2024-08-15T15:03:41.262+0000][9317.207s][info][gc,marking  ] GC(2013) Concurrent Preclean 1.716ms
[2024-08-15T15:03:41.263+0000][9317.207s][info][gc,start    ] GC(2013) Pause Remark
[2024-08-15T15:03:41.287+0000][9317.231s][info][gc          ] GC(2013) Pause Remark 4826M->4826M(12288M) 24.015ms
[2024-08-15T15:03:41.287+0000][9317.231s][info][gc,cpu      ] GC(2013) User=0.10s Sys=0.01s Real=0.03s
[2024-08-15T15:03:41.287+0000][9317.231s][info][gc,marking  ] GC(2013) Concurrent Mark 2255.375ms
[2024-08-15T15:03:41.287+0000][9317.231s][info][gc,marking  ] GC(2013) Concurrent Rebuild Remembered Sets
[2024-08-15T15:03:42.747+0000][9318.692s][info][gc,marking  ] GC(2013) Concurrent Rebuild Remembered Sets 1460.536ms
[2024-08-15T15:03:42.748+0000][9318.692s][info][gc,start    ] GC(2013) Pause Cleanup
[2024-08-15T15:03:42.748+0000][9318.693s][info][gc          ] GC(2013) Pause Cleanup 5822M->5822M(12288M) 0.712ms
[2024-08-15T15:03:42.748+0000][9318.693s][info][gc,cpu      ] GC(2013) User=0.00s Sys=0.00s Real=0.00s
[2024-08-15T15:03:42.748+0000][9318.693s][info][gc,marking  ] GC(2013) Concurrent Cleanup for Next Mark
[2024-08-15T15:03:42.766+0000][9318.710s][info][gc,marking  ] GC(2013) Concurrent Cleanup for Next Mark 17.124ms
[2024-08-15T15:03:42.766+0000][9318.710s][info][gc          ] GC(2013) Concurrent Mark Cycle 3760.604ms
[2024-08-15T15:03:48.133+0000][9324.078s][info][gc,start    ] GC(2014) Pause Young (Prepare Mixed) (G1 Evacuation Pause)
[2024-08-15T15:03:48.133+0000][9324.078s][info][gc,task     ] GC(2014) Using 6 workers of 6 for evacuation
[2024-08-15T15:03:48.171+0000][9324.115s][info][gc,phases   ] GC(2014)   Pre Evacuate Collection Set: 0.2ms
[2024-08-15T15:03:48.171+0000][9324.115s][info][gc,phases   ] GC(2014)   Merge Heap Roots: 0.4ms
[2024-08-15T15:03:48.171+0000][9324.115s][info][gc,phases   ] GC(2014)   Evacuate Collection Set: 34.5ms
[2024-08-15T15:03:48.171+0000][9324.115s][info][gc,phases   ] GC(2014)   Post Evacuate Collection Set: 1.9ms
[2024-08-15T15:03:48.171+0000][9324.115s][info][gc,phases   ] GC(2014)   Other: 0.2ms
[2024-08-15T15:03:48.171+0000][9324.115s][info][gc,heap     ] GC(2014) Eden regions: 802->0(62)
[2024-08-15T15:03:48.171+0000][9324.115s][info][gc,heap     ] GC(2014) Survivor regions: 12->14(102)
[2024-08-15T15:03:48.171+0000][9324.115s][info][gc,heap     ] GC(2014) Old regions: 393->393
[2024-08-15T15:03:48.171+0000][9324.115s][info][gc,heap     ] GC(2014) Archive regions: 2->2
[2024-08-15T15:03:48.171+0000][9324.115s][info][gc,heap     ] GC(2014) Humongous regions: 5->5
[2024-08-15T15:03:48.171+0000][9324.115s][info][gc,metaspace] GC(2014) Metaspace: 441358K(448576K)->441358K(448576K) NonClass: 386519K(390848K)->386519K(390848K) Class: 54838K(57728K)->54838K(57728K)
[2024-08-15T15:03:48.171+0000][9324.115s][info][gc          ] GC(2014) Pause Young (Prepare Mixed) (G1 Evacuation Pause) 9694M->3297M(12288M) 37.230ms
[2024-08-15T15:03:48.171+0000][9324.115s][info][gc,cpu      ] GC(2014) User=0.22s Sys=0.00s Real=0.04s
[2024-08-15T15:03:48.842+0000][9324.786s][info][gc,start    ] GC(2015) Pause Young (Mixed) (G1 Evacuation Pause)
[2024-08-15T15:03:48.842+0000][9324.787s][info][gc,task     ] GC(2015) Using 6 workers of 6 for evacuation
[2024-08-15T15:03:48.922+0000][9324.866s][info][gc,phases   ] GC(2015)   Pre Evacuate Collection Set: 0.2ms
[2024-08-15T15:03:48.922+0000][9324.866s][info][gc,phases   ] GC(2015)   Merge Heap Roots: 0.4ms
[2024-08-15T15:03:48.922+0000][9324.866s][info][gc,phases   ] GC(2015)   Evacuate Collection Set: 77.8ms
[2024-08-15T15:03:48.922+0000][9324.866s][info][gc,phases   ] GC(2015)   Post Evacuate Collection Set: 1.4ms
[2024-08-15T15:03:48.922+0000][9324.866s][info][gc,phases   ] GC(2015)   Other: 0.2ms
[2024-08-15T15:03:48.922+0000][9324.867s][info][gc,heap     ] GC(2015) Eden regions: 62->0(813)
[2024-08-15T15:03:48.922+0000][9324.867s][info][gc,heap     ] GC(2015) Survivor regions: 14->6(10)
[2024-08-15T15:03:48.922+0000][9324.867s][info][gc,heap     ] GC(2015) Old regions: 393->388
[2024-08-15T15:03:48.922+0000][9324.867s][info][gc,heap     ] GC(2015) Archive regions: 2->2
[2024-08-15T15:03:48.922+0000][9324.867s][info][gc,heap     ] GC(2015) Humongous regions: 5->5
[2024-08-15T15:03:48.922+0000][9324.867s][info][gc,metaspace] GC(2015) Metaspace: 441358K(448576K)->441358K(448576K) NonClass: 386519K(390848K)->386519K(390848K) Class: 54838K(57728K)->54838K(57728K)
[2024-08-15T15:03:48.922+0000][9324.867s][info][gc          ] GC(2015) Pause Young (Mixed) (G1 Evacuation Pause) 3793M->3191M(12288M) 80.084ms
[2024-08-15T15:03:48.922+0000][9324.867s][info][gc,cpu      ] GC(2015) User=0.47s Sys=0.00s Real=0.08s
[2024-08-15T15:03:57.931+0000][9333.875s][info][gc,start    ] GC(2016) Pause Young (Normal) (G1 Evacuation Pause)
[2024-08-15T15:03:57.931+0000][9333.875s][info][gc,task     ] GC(2016) Using 6 workers of 6 for evacuation
[2024-08-15T15:03:57.954+0000][9333.898s][info][gc,phases   ] GC(2016)   Pre Evacuate Collection Set: 0.2ms
[2024-08-15T15:03:57.954+0000][9333.898s][info][gc,phases   ] GC(2016)   Merge Heap Roots: 0.2ms
[2024-08-15T15:03:57.954+0000][9333.898s][info][gc,phases   ] GC(2016)   Evacuate Collection Set: 20.7ms
[2024-08-15T15:03:57.954+0000][9333.898s][info][gc,phases   ] GC(2016)   Post Evacuate Collection Set: 1.9ms
[2024-08-15T15:03:57.954+0000][9333.898s][info][gc,phases   ] GC(2016)   Other: 0.2ms
[2024-08-15T15:03:57.954+0000][9333.898s][info][gc,heap     ] GC(2016) Eden regions: 813->0(811)
[2024-08-15T15:03:57.954+0000][9333.898s][info][gc,heap     ] GC(2016) Survivor regions: 6->8(103)
[2024-08-15T15:03:57.954+0000][9333.898s][info][gc,heap     ] GC(2016) Old regions: 388->388
[2024-08-15T15:03:57.954+0000][9333.898s][info][gc,heap     ] GC(2016) Archive regions: 2->2
[2024-08-15T15:03:57.954+0000][9333.898s][info][gc,heap     ] GC(2016) Humongous regions: 5->5
[2024-08-15T15:03:57.954+0000][9333.898s][info][gc,metaspace] GC(2016) Metaspace: 441360K(448576K)->441360K(448576K) NonClass: 386520K(390848K)->386520K(390848K) Class: 54839K(57728K)->54839K(57728K)
[2024-08-15T15:03:57.954+0000][9333.899s][info][gc          ] GC(2016) Pause Young (Normal) (G1 Evacuation Pause) 9695M->3211M(12288M) 23.339ms
[2024-08-15T15:03:57.954+0000][9333.899s][info][gc,cpu      ] GC(2016) User=0.13s Sys=0.00s Real=0.02s
[2024-08-15T15:04:06.771+0000][9342.716s][info][gc,start    ] GC(2017) Pause Young (Normal) (G1 Evacuation Pause)
[2024-08-15T15:04:06.771+0000][9342.716s][info][gc,task     ] GC(2017) Using 6 workers of 6 for evacuation
[2024-08-15T15:04:06.800+0000][9342.744s][info][gc,phases   ] GC(2017)   Pre Evacuate Collection Set: 0.2ms
[2024-08-15T15:04:06.800+0000][9342.744s][info][gc,phases   ] GC(2017)   Merge Heap Roots: 0.2ms
[2024-08-15T15:04:06.800+0000][9342.744s][info][gc,phases   ] GC(2017)   Evacuate Collection Set: 26.2ms
[2024-08-15T15:04:06.800+0000][9342.744s][info][gc,phases   ] GC(2017)   Post Evacuate Collection Set: 1.9ms
[2024-08-15T15:04:06.800+0000][9342.744s][info][gc,phases   ] GC(2017)   Other: 0.2ms
[2024-08-15T15:04:06.800+0000][9342.744s][info][gc,heap     ] GC(2017) Eden regions: 811->0(811)
[2024-08-15T15:04:06.800+0000][9342.744s][info][gc,heap     ] GC(2017) Survivor regions: 8->9(103)
[2024-08-15T15:04:06.800+0000][9342.744s][info][gc,heap     ] GC(2017) Old regions: 388->388
[2024-08-15T15:04:06.800+0000][9342.744s][info][gc,heap     ] GC(2017) Archive regions: 2->2
[2024-08-15T15:04:06.800+0000][9342.744s][info][gc,heap     ] GC(2017) Humongous regions: 5->5
[2024-08-15T15:04:06.800+0000][9342.744s][info][gc,metaspace] GC(2017) Metaspace: 441360K(448576K)->441360K(448576K) NonClass: 386520K(390848K)->386520K(390848K) Class: 54839K(57728K)->54839K(57728K)
[2024-08-15T15:04:06.800+0000][9342.744s][info][gc          ] GC(2017) Pause Young (Normal) (G1 Evacuation Pause) 9699M->3219M(12288M) 28.840ms
[2024-08-15T15:04:06.800+0000][9342.745s][info][gc,cpu      ] GC(2017) User=0.16s Sys=0.00s Real=0.03s
[2024-08-15T15:04:15.737+0000][9351.682s][info][gc,start    ] GC(2018) Pause Young (Concurrent Start) (G1 Evacuation Pause)
[2024-08-15T15:04:15.737+0000][9351.682s][info][gc,task     ] GC(2018) Using 6 workers of 6 for evacuation
[2024-08-15T15:04:15.773+0000][9351.718s][info][gc,phases   ] GC(2018)   Pre Evacuate Collection Set: 0.6ms
[2024-08-15T15:04:15.773+0000][9351.718s][info][gc,phases   ] GC(2018)   Merge Heap Roots: 0.3ms
[2024-08-15T15:04:15.773+0000][9351.718s][info][gc,phases   ] GC(2018)   Evacuate Collection Set: 33.0ms
[2024-08-15T15:04:15.773+0000][9351.718s][info][gc,phases   ] GC(2018)   Post Evacuate Collection Set: 1.7ms
[2024-08-15T15:04:15.773+0000][9351.718s][info][gc,phases   ] GC(2018)   Other: 0.3ms
[2024-08-15T15:04:15.773+0000][9351.718s][info][gc,heap     ] GC(2018) Eden regions: 811->0(808)
[2024-08-15T15:04:15.773+0000][9351.718s][info][gc,heap     ] GC(2018) Survivor regions: 9->12(103)
[2024-08-15T15:04:15.773+0000][9351.718s][info][gc,heap     ] GC(2018) Old regions: 388->388
[2024-08-15T15:04:15.773+0000][9351.718s][info][gc,heap     ] GC(2018) Archive regions: 2->2
[2024-08-15T15:04:15.773+0000][9351.718s][info][gc,heap     ] GC(2018) Humongous regions: 5->5
[2024-08-15T15:04:15.773+0000][9351.718s][info][gc,metaspace] GC(2018) Metaspace: 441360K(448576K)->441360K(448576K) NonClass: 386520K(390848K)->386520K(390848K) Class: 54839K(57728K)->54839K(57728K)
[2024-08-15T15:04:15.773+0000][9351.718s][info][gc          ] GC(2018) Pause Young (Concurrent Start) (G1 Evacuation Pause) 9707M->3243M(12288M) 35.942ms
[2024-08-15T15:04:15.773+0000][9351.718s][info][gc,cpu      ] GC(2018) User=0.21s Sys=0.00s Real=0.03s
[2024-08-15T15:04:15.773+0000][9351.718s][info][gc          ] GC(2019) Concurrent Mark Cycle
[2024-08-15T15:04:15.773+0000][9351.718s][info][gc,marking  ] GC(2019) Concurrent Clear Claimed Marks
[2024-08-15T15:04:15.774+0000][9351.718s][info][gc,marking  ] GC(2019) Concurrent Clear Claimed Marks 0.441ms
[2024-08-15T15:04:15.774+0000][9351.718s][info][gc,marking  ] GC(2019) Concurrent Scan Root Regions
[2024-08-15T15:04:15.798+0000][9351.743s][info][gc,marking  ] GC(2019) Concurrent Scan Root Regions 24.207ms
[2024-08-15T15:04:15.798+0000][9351.743s][info][gc,marking  ] GC(2019) Concurrent Mark
[2024-08-15T15:04:15.798+0000][9351.743s][info][gc,marking  ] GC(2019) Concurrent Mark From Roots
[2024-08-15T15:04:15.798+0000][9351.743s][info][gc,task     ] GC(2019) Using 2 workers of 2 for marking
[2024-08-15T15:04:18.083+0000][9354.028s][info][gc,marking  ] GC(2019) Concurrent Mark From Roots 2285.361ms
[2024-08-15T15:04:18.083+0000][9354.028s][info][gc,marking  ] GC(2019) Concurrent Preclean
[2024-08-15T15:04:18.085+0000][9354.029s][info][gc,marking  ] GC(2019) Concurrent Preclean 1.428ms
[2024-08-15T15:04:18.085+0000][9354.030s][info][gc,start    ] GC(2019) Pause Remark
[2024-08-15T15:04:18.109+0000][9354.054s][info][gc          ] GC(2019) Pause Remark 4787M->4787M(12288M) 24.448ms
[2024-08-15T15:04:18.109+0000][9354.054s][info][gc,cpu      ] GC(2019) User=0.10s Sys=0.00s Real=0.02s
[2024-08-15T15:04:18.110+0000][9354.054s][info][gc,marking  ] GC(2019) Concurrent Mark 2311.619ms
[2024-08-15T15:04:18.110+0000][9354.054s][info][gc,marking  ] GC(2019) Concurrent Rebuild Remembered Sets
[2024-08-15T15:04:19.450+0000][9355.394s][info][gc,marking  ] GC(2019) Concurrent Rebuild Remembered Sets 1339.941ms
[2024-08-15T15:04:19.450+0000][9355.394s][info][gc,start    ] GC(2019) Pause Cleanup
[2024-08-15T15:04:19.450+0000][9355.395s][info][gc          ] GC(2019) Pause Cleanup 5699M->5699M(12288M) 0.690ms
[2024-08-15T15:04:19.451+0000][9355.395s][info][gc,cpu      ] GC(2019) User=0.00s Sys=0.00s Real=0.00s
[2024-08-15T15:04:19.451+0000][9355.395s][info][gc,marking  ] GC(2019) Concurrent Cleanup for Next Mark
[2024-08-15T15:04:19.469+0000][9355.414s][info][gc,marking  ] GC(2019) Concurrent Cleanup for Next Mark 18.724ms
[2024-08-15T15:04:19.469+0000][9355.414s][info][gc          ] GC(2019) Concurrent Mark Cycle 3696.165ms
[2024-08-15T15:04:25.013+0000][9360.958s][info][gc,start    ] GC(2020) Pause Young (Prepare Mixed) (G1 Evacuation Pause)
[2024-08-15T15:04:25.013+0000][9360.958s][info][gc,task     ] GC(2020) Using 6 workers of 6 for evacuation
[2024-08-15T15:04:25.050+0000][9360.994s][info][gc,phases   ] GC(2020)   Pre Evacuate Collection Set: 0.2ms
[2024-08-15T15:04:25.050+0000][9360.994s][info][gc,phases   ] GC(2020)   Merge Heap Roots: 0.3ms
[2024-08-15T15:04:25.050+0000][9360.994s][info][gc,phases   ] GC(2020)   Evacuate Collection Set: 34.3ms
[2024-08-15T15:04:25.050+0000][9360.994s][info][gc,phases   ] GC(2020)   Post Evacuate Collection Set: 1.7ms
[2024-08-15T15:04:25.050+0000][9360.994s][info][gc,phases   ] GC(2020)   Other: 0.2ms
[2024-08-15T15:04:25.050+0000][9360.994s][info][gc,heap     ] GC(2020) Eden regions: 808->0(60)
[2024-08-15T15:04:25.050+0000][9360.994s][info][gc,heap     ] GC(2020) Survivor regions: 12->16(103)
[2024-08-15T15:04:25.050+0000][9360.994s][info][gc,heap     ] GC(2020) Old regions: 388->388
[2024-08-15T15:04:25.050+0000][9360.994s][info][gc,heap     ] GC(2020) Archive regions: 2->2
[2024-08-15T15:04:25.050+0000][9360.994s][info][gc,heap     ] GC(2020) Humongous regions: 5->5
[2024-08-15T15:04:25.050+0000][9360.994s][info][gc,metaspace] GC(2020) Metaspace: 441360K(448576K)->441360K(448576K) NonClass: 386520K(390848K)->386520K(390848K) Class: 54839K(57728K)->54839K(57728K)
[2024-08-15T15:04:25.050+0000][9360.994s][info][gc          ] GC(2020) Pause Young (Prepare Mixed) (G1 Evacuation Pause) 9707M->3270M(12288M) 36.803ms
[2024-08-15T15:04:25.050+0000][9360.994s][info][gc,cpu      ] GC(2020) User=0.22s Sys=0.00s Real=0.04s
[2024-08-15T15:04:25.668+0000][9361.612s][info][gc,start    ] GC(2021) Pause Young (Mixed) (G1 Evacuation Pause)
[2024-08-15T15:04:25.668+0000][9361.613s][info][gc,task     ] GC(2021) Using 6 workers of 6 for evacuation
[2024-08-15T15:04:25.755+0000][9361.700s][info][gc,phases   ] GC(2021)   Pre Evacuate Collection Set: 0.2ms
[2024-08-15T15:04:25.755+0000][9361.700s][info][gc,phases   ] GC(2021)   Merge Heap Roots: 0.4ms
[2024-08-15T15:04:25.755+0000][9361.700s][info][gc,phases   ] GC(2021)   Evacuate Collection Set: 85.3ms
[2024-08-15T15:04:25.755+0000][9361.700s][info][gc,phases   ] GC(2021)   Post Evacuate Collection Set: 1.6ms
[2024-08-15T15:04:25.755+0000][9361.700s][info][gc,phases   ] GC(2021)   Other: 0.2ms
[2024-08-15T15:04:25.755+0000][9361.700s][info][gc,heap     ] GC(2021) Eden regions: 60->0(814)
[2024-08-15T15:04:25.755+0000][9361.700s][info][gc,heap     ] GC(2021) Survivor regions: 16->6(10)
[2024-08-15T15:04:25.755+0000][9361.700s][info][gc,heap     ] GC(2021) Old regions: 388->387
[2024-08-15T15:04:25.755+0000][9361.700s][info][gc,heap     ] GC(2021) Archive regions: 2->2
[2024-08-15T15:04:25.755+0000][9361.700s][info][gc,heap     ] GC(2021) Humongous regions: 5->5
[2024-08-15T15:04:25.755+0000][9361.700s][info][gc,metaspace] GC(2021) Metaspace: 441360K(448576K)->441360K(448576K) NonClass: 386520K(390848K)->386520K(390848K) Class: 54839K(57728K)->54839K(57728K)
[2024-08-15T15:04:25.756+0000][9361.700s][info][gc          ] GC(2021) Pause Young (Mixed) (G1 Evacuation Pause) 3750M->3180M(12288M) 87.666ms
[2024-08-15T15:04:25.756+0000][9361.700s][info][gc,cpu      ] GC(2021) User=0.52s Sys=0.00s Real=0.09s
[2024-08-15T15:04:34.381+0000][9370.326s][info][gc,start    ] GC(2022) Pause Young (Normal) (G1 Evacuation Pause)
[2024-08-15T15:04:34.381+0000][9370.326s][info][gc,task     ] GC(2022) Using 6 workers of 6 for evacuation
[2024-08-15T15:04:34.403+0000][9370.348s][info][gc,phases   ] GC(2022)   Pre Evacuate Collection Set: 0.2ms
[2024-08-15T15:04:34.403+0000][9370.348s][info][gc,phases   ] GC(2022)   Merge Heap Roots: 0.3ms
[2024-08-15T15:04:34.403+0000][9370.348s][info][gc,phases   ] GC(2022)   Evacuate Collection Set: 19.5ms
[2024-08-15T15:04:34.403+0000][9370.348s][info][gc,phases   ] GC(2022)   Post Evacuate Collection Set: 1.8ms
[2024-08-15T15:04:34.403+0000][9370.348s][info][gc,phases   ] GC(2022)   Other: 0.2ms
[2024-08-15T15:04:34.403+0000][9370.348s][info][gc,heap     ] GC(2022) Eden regions: 814->0(812)
[2024-08-15T15:04:34.403+0000][9370.348s][info][gc,heap     ] GC(2022) Survivor regions: 6->8(103)
[2024-08-15T15:04:34.403+0000][9370.348s][info][gc,heap     ] GC(2022) Old regions: 387->387
[2024-08-15T15:04:34.403+0000][9370.348s][info][gc,heap     ] GC(2022) Archive regions: 2->2
[2024-08-15T15:04:34.403+0000][9370.348s][info][gc,heap     ] GC(2022) Humongous regions: 5->5
[2024-08-15T15:04:34.403+0000][9370.348s][info][gc,metaspace] GC(2022) Metaspace: 441436K(448576K)->441436K(448576K) NonClass: 386596K(390848K)->386596K(390848K) Class: 54839K(57728K)->54839K(57728K)
[2024-08-15T15:04:34.403+0000][9370.348s][info][gc          ] GC(2022) Pause Young (Normal) (G1 Evacuation Pause) 9692M->3194M(12288M) 22.005ms
[2024-08-15T15:04:34.403+0000][9370.348s][info][gc,cpu      ] GC(2022) User=0.13s Sys=0.01s Real=0.03s
[2024-08-15T15:04:43.309+0000][9379.254s][info][gc,start    ] GC(2023) Pause Young (Normal) (G1 Evacuation Pause)
[2024-08-15T15:04:43.309+0000][9379.254s][info][gc,task     ] GC(2023) Using 6 workers of 6 for evacuation
[2024-08-15T15:04:43.342+0000][9379.286s][info][gc,phases   ] GC(2023)   Pre Evacuate Collection Set: 0.2ms
[2024-08-15T15:04:43.342+0000][9379.286s][info][gc,phases   ] GC(2023)   Merge Heap Roots: 0.3ms
[2024-08-15T15:04:43.342+0000][9379.286s][info][gc,phases   ] GC(2023)   Evacuate Collection Set: 30.2ms
[2024-08-15T15:04:43.342+0000][9379.286s][info][gc,phases   ] GC(2023)   Post Evacuate Collection Set: 2.0ms
[2024-08-15T15:04:43.342+0000][9379.286s][info][gc,phases   ] GC(2023)   Other: 0.2ms
[2024-08-15T15:04:43.342+0000][9379.286s][info][gc,heap     ] GC(2023) Eden regions: 812->0(812)
[2024-08-15T15:04:43.342+0000][9379.287s][info][gc,heap     ] GC(2023) Survivor regions: 8->9(103)
[2024-08-15T15:04:43.342+0000][9379.287s][info][gc,heap     ] GC(2023) Old regions: 387->387
[2024-08-15T15:04:43.342+0000][9379.287s][info][gc,heap     ] GC(2023) Archive regions: 2->2
[2024-08-15T15:04:43.342+0000][9379.287s][info][gc,heap     ] GC(2023) Humongous regions: 5->5
[2024-08-15T15:04:43.342+0000][9379.287s][info][gc,metaspace] GC(2023) Metaspace: 441445K(448576K)->441445K(448576K) NonClass: 386605K(390848K)->386605K(390848K) Class: 54839K(57728K)->54839K(57728K)
[2024-08-15T15:04:43.342+0000][9379.287s][info][gc          ] GC(2023) Pause Young (Normal) (G1 Evacuation Pause) 9690M->3206M(12288M) 32.909ms
[2024-08-15T15:04:43.342+0000][9379.287s][info][gc,cpu      ] GC(2023) User=0.20s Sys=0.00s Real=0.03s
[2024-08-15T15:04:52.200+0000][9388.145s][info][gc,start    ] GC(2024) Pause Young (Concurrent Start) (G1 Evacuation Pause)
[2024-08-15T15:04:52.200+0000][9388.145s][info][gc,task     ] GC(2024) Using 6 workers of 6 for evacuation
[2024-08-15T15:04:52.237+0000][9388.182s][info][gc,phases   ] GC(2024)   Pre Evacuate Collection Set: 0.6ms
[2024-08-15T15:04:52.237+0000][9388.182s][info][gc,phases   ] GC(2024)   Merge Heap Roots: 0.3ms
[2024-08-15T15:04:52.237+0000][9388.182s][info][gc,phases   ] GC(2024)   Evacuate Collection Set: 34.0ms
[2024-08-15T15:04:52.237+0000][9388.182s][info][gc,phases   ] GC(2024)   Post Evacuate Collection Set: 1.9ms
[2024-08-15T15:04:52.237+0000][9388.182s][info][gc,phases   ] GC(2024)   Other: 0.3ms
[2024-08-15T15:04:52.237+0000][9388.182s][info][gc,heap     ] GC(2024) Eden regions: 812->0(808)
[2024-08-15T15:04:52.237+0000][9388.182s][info][gc,heap     ] GC(2024) Survivor regions: 9->13(103)
[2024-08-15T15:04:52.237+0000][9388.182s][info][gc,heap     ] GC(2024) Old regions: 387->387
[2024-08-15T15:04:52.237+0000][9388.182s][info][gc,heap     ] GC(2024) Archive regions: 2->2
[2024-08-15T15:04:52.237+0000][9388.182s][info][gc,heap     ] GC(2024) Humongous regions: 5->5
[2024-08-15T15:04:52.237+0000][9388.182s][info][gc,metaspace] GC(2024) Metaspace: 441447K(448576K)->441447K(448576K) NonClass: 386607K(390848K)->386607K(390848K) Class: 54839K(57728K)->54839K(57728K)
[2024-08-15T15:04:52.237+0000][9388.182s][info][gc          ] GC(2024) Pause Young (Concurrent Start) (G1 Evacuation Pause) 9702M->3239M(12288M) 37.172ms
[2024-08-15T15:04:52.237+0000][9388.182s][info][gc,cpu      ] GC(2024) User=0.22s Sys=0.00s Real=0.04s
[2024-08-15T15:04:52.238+0000][9388.182s][info][gc          ] GC(2025) Concurrent Mark Cycle
[2024-08-15T15:04:52.238+0000][9388.182s][info][gc,marking  ] GC(2025) Concurrent Clear Claimed Marks
[2024-08-15T15:04:52.238+0000][9388.183s][info][gc,marking  ] GC(2025) Concurrent Clear Claimed Marks 0.398ms
[2024-08-15T15:04:52.238+0000][9388.183s][info][gc,marking  ] GC(2025) Concurrent Scan Root Regions
[2024-08-15T15:04:52.261+0000][9388.206s][info][gc,marking  ] GC(2025) Concurrent Scan Root Regions 23.518ms
[2024-08-15T15:04:52.262+0000][9388.206s][info][gc,marking  ] GC(2025) Concurrent Mark
[2024-08-15T15:04:52.262+0000][9388.206s][info][gc,marking  ] GC(2025) Concurrent Mark From Roots
[2024-08-15T15:04:52.262+0000][9388.206s][info][gc,task     ] GC(2025) Using 2 workers of 2 for marking
[2024-08-15T15:04:54.528+0000][9390.473s][info][gc,marking  ] GC(2025) Concurrent Mark From Roots 2266.837ms
[2024-08-15T15:04:54.528+0000][9390.473s][info][gc,marking  ] GC(2025) Concurrent Preclean
[2024-08-15T15:04:54.530+0000][9390.475s][info][gc,marking  ] GC(2025) Concurrent Preclean 1.587ms
[2024-08-15T15:04:54.530+0000][9390.475s][info][gc,start    ] GC(2025) Pause Remark
[2024-08-15T15:04:54.556+0000][9390.500s][info][gc          ] GC(2025) Pause Remark 4771M->4767M(12288M) 25.606ms
[2024-08-15T15:04:54.556+0000][9390.500s][info][gc,cpu      ] GC(2025) User=0.11s Sys=0.00s Real=0.03s
[2024-08-15T15:04:54.556+0000][9390.501s][info][gc,marking  ] GC(2025) Concurrent Mark 2294.398ms
[2024-08-15T15:04:54.556+0000][9390.501s][info][gc,marking  ] GC(2025) Concurrent Rebuild Remembered Sets
[2024-08-15T15:04:55.907+0000][9391.852s][info][gc,marking  ] GC(2025) Concurrent Rebuild Remembered Sets 1351.227ms
[2024-08-15T15:04:55.907+0000][9391.852s][info][gc,start    ] GC(2025) Pause Cleanup
[2024-08-15T15:04:55.908+0000][9391.853s][info][gc          ] GC(2025) Pause Cleanup 5703M->5703M(12288M) 0.693ms
[2024-08-15T15:04:55.908+0000][9391.853s][info][gc,cpu      ] GC(2025) User=0.00s Sys=0.00s Real=0.00s
[2024-08-15T15:04:55.908+0000][9391.853s][info][gc,marking  ] GC(2025) Concurrent Cleanup for Next Mark
[2024-08-15T15:04:55.925+0000][9391.870s][info][gc,marking  ] GC(2025) Concurrent Cleanup for Next Mark 17.168ms
[2024-08-15T15:04:55.925+0000][9391.870s][info][gc          ] GC(2025) Concurrent Mark Cycle 3687.910ms
[2024-08-15T15:05:01.457+0000][9397.401s][info][gc,start    ] GC(2026) Pause Young (Prepare Mixed) (G1 Evacuation Pause)
[2024-08-15T15:05:01.457+0000][9397.401s][info][gc,task     ] GC(2026) Using 6 workers of 6 for evacuation
[2024-08-15T15:05:01.498+0000][9397.442s][info][gc,phases   ] GC(2026)   Pre Evacuate Collection Set: 0.2ms
[2024-08-15T15:05:01.498+0000][9397.442s][info][gc,phases   ] GC(2026)   Merge Heap Roots: 0.4ms
[2024-08-15T15:05:01.498+0000][9397.442s][info][gc,phases   ] GC(2026)   Evacuate Collection Set: 38.5ms
[2024-08-15T15:05:01.498+0000][9397.442s][info][gc,phases   ] GC(2026)   Post Evacuate Collection Set: 1.9ms
[2024-08-15T15:05:01.498+0000][9397.443s][info][gc,phases   ] GC(2026)   Other: 0.2ms
[2024-08-15T15:05:01.498+0000][9397.443s][info][gc,heap     ] GC(2026) Eden regions: 808->0(59)
[2024-08-15T15:05:01.498+0000][9397.443s][info][gc,heap     ] GC(2026) Survivor regions: 13->17(103)
[2024-08-15T15:05:01.498+0000][9397.443s][info][gc,heap     ] GC(2026) Old regions: 386->386
[2024-08-15T15:05:01.498+0000][9397.443s][info][gc,heap     ] GC(2026) Archive regions: 2->2
[2024-08-15T15:05:01.498+0000][9397.443s][info][gc,heap     ] GC(2026) Humongous regions: 5->5
[2024-08-15T15:05:01.498+0000][9397.443s][info][gc,metaspace] GC(2026) Metaspace: 441448K(448576K)->441448K(448576K) NonClass: 386608K(390848K)->386608K(390848K) Class: 54839K(57728K)->54839K(57728K)
[2024-08-15T15:05:01.498+0000][9397.443s][info][gc          ] GC(2026) Pause Young (Prepare Mixed) (G1 Evacuation Pause) 9699M->3263M(12288M) 41.230ms
[2024-08-15T15:05:01.498+0000][9397.443s][info][gc,cpu      ] GC(2026) User=0.24s Sys=0.00s Real=0.04s
[2024-08-15T15:05:02.133+0000][9398.078s][info][gc,start    ] GC(2027) Pause Young (Mixed) (G1 Evacuation Pause)
[2024-08-15T15:05:02.133+0000][9398.078s][info][gc,task     ] GC(2027) Using 6 workers of 6 for evacuation
[2024-08-15T15:05:02.221+0000][9398.165s][info][gc,phases   ] GC(2027)   Pre Evacuate Collection Set: 0.2ms
[2024-08-15T15:05:02.221+0000][9398.165s][info][gc,phases   ] GC(2027)   Merge Heap Roots: 0.5ms
[2024-08-15T15:05:02.221+0000][9398.165s][info][gc,phases   ] GC(2027)   Evacuate Collection Set: 85.1ms
[2024-08-15T15:05:02.221+0000][9398.165s][info][gc,phases   ] GC(2027)   Post Evacuate Collection Set: 1.4ms
[2024-08-15T15:05:02.221+0000][9398.165s][info][gc,phases   ] GC(2027)   Other: 0.2ms
[2024-08-15T15:05:02.221+0000][9398.165s][info][gc,heap     ] GC(2027) Eden regions: 59->0(813)
[2024-08-15T15:05:02.221+0000][9398.165s][info][gc,heap     ] GC(2027) Survivor regions: 17->7(10)
[2024-08-15T15:05:02.221+0000][9398.165s][info][gc,heap     ] GC(2027) Old regions: 386->386
[2024-08-15T15:05:02.221+0000][9398.165s][info][gc,heap     ] GC(2027) Archive regions: 2->2
[2024-08-15T15:05:02.221+0000][9398.165s][info][gc,heap     ] GC(2027) Humongous regions: 5->5
[2024-08-15T15:05:02.221+0000][9398.165s][info][gc,metaspace] GC(2027) Metaspace: 441448K(448576K)->441448K(448576K) NonClass: 386608K(390848K)->386608K(390848K) Class: 54839K(57728K)->54839K(57728K)
[2024-08-15T15:05:02.221+0000][9398.165s][info][gc          ] GC(2027) Pause Young (Mixed) (G1 Evacuation Pause) 3735M->3183M(12288M) 87.447ms
[2024-08-15T15:05:02.221+0000][9398.166s][info][gc,cpu      ] GC(2027) User=0.52s Sys=0.00s Real=0.09s
[2024-08-15T15:05:11.025+0000][9406.970s][info][gc,start    ] GC(2028) Pause Young (Normal) (G1 Evacuation Pause)
[2024-08-15T15:05:11.025+0000][9406.970s][info][gc,task     ] GC(2028) Using 6 workers of 6 for evacuation
[2024-08-15T15:05:11.047+0000][9406.992s][info][gc,phases   ] GC(2028)   Pre Evacuate Collection Set: 0.2ms
[2024-08-15T15:05:11.047+0000][9406.992s][info][gc,phases   ] GC(2028)   Merge Heap Roots: 0.2ms
[2024-08-15T15:05:11.047+0000][9406.992s][info][gc,phases   ] GC(2028)   Evacuate Collection Set: 19.7ms
[2024-08-15T15:05:11.047+0000][9406.992s][info][gc,phases   ] GC(2028)   Post Evacuate Collection Set: 1.8ms
[2024-08-15T15:05:11.047+0000][9406.992s][info][gc,phases   ] GC(2028)   Other: 0.2ms
[2024-08-15T15:05:11.047+0000][9406.992s][info][gc,heap     ] GC(2028) Eden regions: 813->0(814)
[2024-08-15T15:05:11.047+0000][9406.992s][info][gc,heap     ] GC(2028) Survivor regions: 7->7(103)
[2024-08-15T15:05:11.047+0000][9406.992s][info][gc,heap     ] GC(2028) Old regions: 386->386
[2024-08-15T15:05:11.047+0000][9406.992s][info][gc,heap     ] GC(2028) Archive regions: 2->2
[2024-08-15T15:05:11.047+0000][9406.992s][info][gc,heap     ] GC(2028) Humongous regions: 5->5
[2024-08-15T15:05:11.047+0000][9406.992s][info][gc,metaspace] GC(2028) Metaspace: 441448K(448576K)->441448K(448576K) NonClass: 386608K(390848K)->386608K(390848K) Class: 54839K(57728K)->54839K(57728K)
[2024-08-15T15:05:11.047+0000][9406.992s][info][gc          ] GC(2028) Pause Young (Normal) (G1 Evacuation Pause) 9687M->3185M(12288M) 22.121ms
[2024-08-15T15:05:11.047+0000][9406.992s][info][gc,cpu      ] GC(2028) User=0.12s Sys=0.00s Real=0.02s
[2024-08-15T15:05:20.067+0000][9416.011s][info][gc,start    ] GC(2029) Pause Young (Normal) (G1 Evacuation Pause)
[2024-08-15T15:05:20.067+0000][9416.011s][info][gc,task     ] GC(2029) Using 6 workers of 6 for evacuation
[2024-08-15T15:05:20.094+0000][9416.038s][info][gc,phases   ] GC(2029)   Pre Evacuate Collection Set: 0.2ms
[2024-08-15T15:05:20.094+0000][9416.038s][info][gc,phases   ] GC(2029)   Merge Heap Roots: 0.3ms
[2024-08-15T15:05:20.094+0000][9416.038s][info][gc,phases   ] GC(2029)   Evacuate Collection Set: 24.7ms
[2024-08-15T15:05:20.094+0000][9416.038s][info][gc,phases   ] GC(2029)   Post Evacuate Collection Set: 1.8ms
[2024-08-15T15:05:20.094+0000][9416.038s][info][gc,phases   ] GC(2029)   Other: 0.2ms
[2024-08-15T15:05:20.094+0000][9416.038s][info][gc,heap     ] GC(2029) Eden regions: 814->0(812)
[2024-08-15T15:05:20.094+0000][9416.038s][info][gc,heap     ] GC(2029) Survivor regions: 7->10(103)
[2024-08-15T15:05:20.094+0000][9416.038s][info][gc,heap     ] GC(2029) Old regions: 386->386
[2024-08-15T15:05:20.094+0000][9416.038s][info][gc,heap     ] GC(2029) Archive regions: 2->2
[2024-08-15T15:05:20.094+0000][9416.038s][info][gc,heap     ] GC(2029) Humongous regions: 5->5
[2024-08-15T15:05:20.094+0000][9416.038s][info][gc,metaspace] GC(2029) Metaspace: 441448K(448576K)->441448K(448576K) NonClass: 386608K(390848K)->386608K(390848K) Class: 54839K(57728K)->54839K(57728K)
[2024-08-15T15:05:20.094+0000][9416.038s][info][gc          ] GC(2029) Pause Young (Normal) (G1 Evacuation Pause) 9697M->3212M(12288M) 27.191ms
[2024-08-15T15:05:20.094+0000][9416.038s][info][gc,cpu      ] GC(2029) User=0.16s Sys=0.00s Real=0.02s
[2024-08-15T15:05:29.058+0000][9425.002s][info][gc,start    ] GC(2030) Pause Young (Concurrent Start) (G1 Evacuation Pause)
[2024-08-15T15:05:29.058+0000][9425.002s][info][gc,task     ] GC(2030) Using 6 workers of 6 for evacuation
[2024-08-15T15:05:29.092+0000][9425.037s][info][gc,phases   ] GC(2030)   Pre Evacuate Collection Set: 0.6ms
[2024-08-15T15:05:29.092+0000][9425.037s][info][gc,phases   ] GC(2030)   Merge Heap Roots: 0.2ms
[2024-08-15T15:05:29.092+0000][9425.037s][info][gc,phases   ] GC(2030)   Evacuate Collection Set: 31.4ms
[2024-08-15T15:05:29.092+0000][9425.037s][info][gc,phases   ] GC(2030)   Post Evacuate Collection Set: 1.7ms
[2024-08-15T15:05:29.092+0000][9425.037s][info][gc,phases   ] GC(2030)   Other: 0.3ms
[2024-08-15T15:05:29.092+0000][9425.037s][info][gc,heap     ] GC(2030) Eden regions: 812->0(807)
[2024-08-15T15:05:29.092+0000][9425.037s][info][gc,heap     ] GC(2030) Survivor regions: 10->14(103)
[2024-08-15T15:05:29.092+0000][9425.037s][info][gc,heap     ] GC(2030) Old regions: 386->386
[2024-08-15T15:05:29.092+0000][9425.037s][info][gc,heap     ] GC(2030) Archive regions: 2->2
[2024-08-15T15:05:29.092+0000][9425.037s][info][gc,heap     ] GC(2030) Humongous regions: 5->5
[2024-08-15T15:05:29.092+0000][9425.037s][info][gc,metaspace] GC(2030) Metaspace: 441448K(448576K)->441448K(448576K) NonClass: 386608K(390848K)->386608K(390848K) Class: 54839K(57728K)->54839K(57728K)
[2024-08-15T15:05:29.092+0000][9425.037s][info][gc          ] GC(2030) Pause Young (Concurrent Start) (G1 Evacuation Pause) 9708M->3236M(12288M) 34.310ms
[2024-08-15T15:05:29.092+0000][9425.037s][info][gc,cpu      ] GC(2030) User=0.20s Sys=0.00s Real=0.03s
[2024-08-15T15:05:29.092+0000][9425.037s][info][gc          ] GC(2031) Concurrent Mark Cycle
[2024-08-15T15:05:29.092+0000][9425.037s][info][gc,marking  ] GC(2031) Concurrent Clear Claimed Marks
[2024-08-15T15:05:29.093+0000][9425.037s][info][gc,marking  ] GC(2031) Concurrent Clear Claimed Marks 0.396ms
[2024-08-15T15:05:29.093+0000][9425.037s][info][gc,marking  ] GC(2031) Concurrent Scan Root Regions
[2024-08-15T15:05:29.137+0000][9425.082s][info][gc,marking  ] GC(2031) Concurrent Scan Root Regions 44.448ms
[2024-08-15T15:05:29.137+0000][9425.082s][info][gc,marking  ] GC(2031) Concurrent Mark
[2024-08-15T15:05:29.137+0000][9425.082s][info][gc,marking  ] GC(2031) Concurrent Mark From Roots
[2024-08-15T15:05:29.137+0000][9425.082s][info][gc,task     ] GC(2031) Using 2 workers of 2 for marking
[2024-08-15T15:05:31.338+0000][9427.282s][info][gc,marking  ] GC(2031) Concurrent Mark From Roots 2200.484ms
[2024-08-15T15:05:31.338+0000][9427.282s][info][gc,marking  ] GC(2031) Concurrent Preclean
[2024-08-15T15:05:31.339+0000][9427.284s][info][gc,marking  ] GC(2031) Concurrent Preclean 1.554ms
[2024-08-15T15:05:31.339+0000][9427.284s][info][gc,start    ] GC(2031) Pause Remark
[2024-08-15T15:05:31.364+0000][9427.309s][info][gc          ] GC(2031) Pause Remark 5692M->5692M(12288M) 24.962ms
[2024-08-15T15:05:31.364+0000][9427.309s][info][gc,cpu      ] GC(2031) User=0.11s Sys=0.00s Real=0.03s
[2024-08-15T15:05:31.364+0000][9427.309s][info][gc,marking  ] GC(2031) Concurrent Mark 2227.437ms
[2024-08-15T15:05:31.364+0000][9427.309s][info][gc,marking  ] GC(2031) Concurrent Rebuild Remembered Sets
[2024-08-15T15:05:32.754+0000][9428.698s][info][gc,marking  ] GC(2031) Concurrent Rebuild Remembered Sets 1389.286ms
[2024-08-15T15:05:32.754+0000][9428.699s][info][gc,start    ] GC(2031) Pause Cleanup
[2024-08-15T15:05:32.755+0000][9428.699s][info][gc          ] GC(2031) Pause Cleanup 8916M->8916M(12288M) 0.639ms
[2024-08-15T15:05:32.755+0000][9428.699s][info][gc,cpu      ] GC(2031) User=0.00s Sys=0.00s Real=0.00s
[2024-08-15T15:05:32.755+0000][9428.699s][info][gc,marking  ] GC(2031) Concurrent Cleanup for Next Mark
[2024-08-15T15:05:32.783+0000][9428.728s][info][gc,marking  ] GC(2031) Concurrent Cleanup for Next Mark 28.302ms
[2024-08-15T15:05:32.783+0000][9428.728s][info][gc          ] GC(2031) Concurrent Mark Cycle 3690.945ms
[2024-08-15T15:05:33.059+0000][9429.004s][info][gc,start    ] GC(2032) Pause Young (Prepare Mixed) (G1 Evacuation Pause)
[2024-08-15T15:05:33.059+0000][9429.004s][info][gc,task     ] GC(2032) Using 6 workers of 6 for evacuation
[2024-08-15T15:05:33.154+0000][9429.098s][info][gc,phases   ] GC(2032)   Pre Evacuate Collection Set: 0.2ms
[2024-08-15T15:05:33.154+0000][9429.098s][info][gc,phases   ] GC(2032)   Merge Heap Roots: 0.3ms
[2024-08-15T15:05:33.154+0000][9429.098s][info][gc,phases   ] GC(2032)   Evacuate Collection Set: 75.9ms
[2024-08-15T15:05:33.154+0000][9429.098s][info][gc,phases   ] GC(2032)   Post Evacuate Collection Set: 18.2ms
[2024-08-15T15:05:33.154+0000][9429.098s][info][gc,phases   ] GC(2032)   Other: 0.2ms
[2024-08-15T15:05:33.154+0000][9429.098s][info][gc,heap     ] GC(2032) Eden regions: 807->0(55)
[2024-08-15T15:05:33.154+0000][9429.098s][info][gc,heap     ] GC(2032) Survivor regions: 14->21(103)
[2024-08-15T15:05:33.154+0000][9429.098s][info][gc,heap     ] GC(2032) Old regions: 386->386
[2024-08-15T15:05:33.154+0000][9429.098s][info][gc,heap     ] GC(2032) Archive regions: 2->2
[2024-08-15T15:05:33.154+0000][9429.098s][info][gc,heap     ] GC(2032) Humongous regions: 5->5
[2024-08-15T15:05:33.154+0000][9429.098s][info][gc,metaspace] GC(2032) Metaspace: 441450K(448576K)->441450K(448576K) NonClass: 386610K(390848K)->386610K(390848K) Class: 54839K(57728K)->54839K(57728K)
[2024-08-15T15:05:33.154+0000][9429.098s][info][gc          ] GC(2032) Pause Young (Prepare Mixed) (G1 Evacuation Pause) 9692M->3295M(12288M) 94.811ms
[2024-08-15T15:05:33.154+0000][9429.098s][info][gc,cpu      ] GC(2032) User=0.56s Sys=0.00s Real=0.09s
[2024-08-15T15:05:33.363+0000][9429.308s][info][gc,start    ] GC(2033) Pause Young (Mixed) (G1 Evacuation Pause)
[2024-08-15T15:05:33.363+0000][9429.308s][info][gc,task     ] GC(2033) Using 6 workers of 6 for evacuation
[2024-08-15T15:05:33.458+0000][9429.403s][info][gc,phases   ] GC(2033)   Pre Evacuate Collection Set: 0.2ms
[2024-08-15T15:05:33.458+0000][9429.403s][info][gc,phases   ] GC(2033)   Merge Heap Roots: 0.4ms
[2024-08-15T15:05:33.458+0000][9429.403s][info][gc,phases   ] GC(2033)   Evacuate Collection Set: 92.6ms
[2024-08-15T15:05:33.458+0000][9429.403s][info][gc,phases   ] GC(2033)   Post Evacuate Collection Set: 1.7ms
[2024-08-15T15:05:33.458+0000][9429.403s][info][gc,phases   ] GC(2033)   Other: 0.2ms
[2024-08-15T15:05:33.458+0000][9429.403s][info][gc,heap     ] GC(2033) Eden regions: 55->0(808)
[2024-08-15T15:05:33.458+0000][9429.403s][info][gc,heap     ] GC(2033) Survivor regions: 21->3(10)
[2024-08-15T15:05:33.458+0000][9429.403s][info][gc,heap     ] GC(2033) Old regions: 386->393
[2024-08-15T15:05:33.458+0000][9429.403s][info][gc,heap     ] GC(2033) Archive regions: 2->2
[2024-08-15T15:05:33.458+0000][9429.403s][info][gc,heap     ] GC(2033) Humongous regions: 5->5
[2024-08-15T15:05:33.458+0000][9429.403s][info][gc,metaspace] GC(2033) Metaspace: 441450K(448576K)->441450K(448576K) NonClass: 386610K(390848K)->386610K(390848K) Class: 54839K(57728K)->54839K(57728K)
[2024-08-15T15:05:33.458+0000][9429.403s][info][gc          ] GC(2033) Pause Young (Mixed) (G1 Evacuation Pause) 3735M->3211M(12288M) 95.179ms
[2024-08-15T15:05:33.458+0000][9429.403s][info][gc,cpu      ] GC(2033) User=0.56s Sys=0.00s Real=0.09s
[2024-08-15T15:05:36.056+0000][9432.000s][info][gc,start    ] GC(2034) Pause Young (Normal) (G1 Evacuation Pause)
[2024-08-15T15:05:36.056+0000][9432.000s][info][gc,task     ] GC(2034) Using 6 workers of 6 for evacuation
[2024-08-15T15:05:36.117+0000][9432.061s][info][gc,phases   ] GC(2034)   Pre Evacuate Collection Set: 0.2ms
[2024-08-15T15:05:36.117+0000][9432.061s][info][gc,phases   ] GC(2034)   Merge Heap Roots: 0.2ms
[2024-08-15T15:05:36.117+0000][9432.061s][info][gc,phases   ] GC(2034)   Evacuate Collection Set: 44.8ms
[2024-08-15T15:05:36.117+0000][9432.061s][info][gc,phases   ] GC(2034)   Post Evacuate Collection Set: 15.7ms
[2024-08-15T15:05:36.117+0000][9432.061s][info][gc,phases   ] GC(2034)   Other: 0.2ms
[2024-08-15T15:05:36.117+0000][9432.061s][info][gc,heap     ] GC(2034) Eden regions: 808->0(803)
[2024-08-15T15:05:36.117+0000][9432.061s][info][gc,heap     ] GC(2034) Survivor regions: 3->7(102)
[2024-08-15T15:05:36.117+0000][9432.061s][info][gc,heap     ] GC(2034) Old regions: 393->393
[2024-08-15T15:05:36.117+0000][9432.061s][info][gc,heap     ] GC(2034) Archive regions: 2->2
[2024-08-15T15:05:36.117+0000][9432.061s][info][gc,heap     ] GC(2034) Humongous regions: 5->5
[2024-08-15T15:05:36.117+0000][9432.062s][info][gc,metaspace] GC(2034) Metaspace: 441450K(448576K)->441450K(448576K) NonClass: 386610K(390848K)->386610K(390848K) Class: 54839K(57728K)->54839K(57728K)
[2024-08-15T15:05:36.117+0000][9432.062s][info][gc          ] GC(2034) Pause Young (Normal) (G1 Evacuation Pause) 9675M->3243M(12288M) 61.272ms
[2024-08-15T15:05:36.117+0000][9432.062s][info][gc,cpu      ] GC(2034) User=0.36s Sys=0.00s Real=0.06s
[2024-08-15T15:05:38.585+0000][9434.530s][info][gc,start    ] GC(2035) Pause Young (Normal) (G1 Evacuation Pause)
[2024-08-15T15:05:38.585+0000][9434.530s][info][gc,task     ] GC(2035) Using 6 workers of 6 for evacuation
[2024-08-15T15:05:38.652+0000][9434.597s][info][gc,phases   ] GC(2035)   Pre Evacuate Collection Set: 0.2ms
[2024-08-15T15:05:38.652+0000][9434.597s][info][gc,phases   ] GC(2035)   Merge Heap Roots: 0.3ms
[2024-08-15T15:05:38.652+0000][9434.597s][info][gc,phases   ] GC(2035)   Evacuate Collection Set: 51.6ms
[2024-08-15T15:05:38.652+0000][9434.597s][info][gc,phases   ] GC(2035)   Post Evacuate Collection Set: 14.5ms
[2024-08-15T15:05:38.652+0000][9434.597s][info][gc,phases   ] GC(2035)   Other: 0.2ms
[2024-08-15T15:05:38.652+0000][9434.597s][info][gc,heap     ] GC(2035) Eden regions: 803->0(799)
[2024-08-15T15:05:38.652+0000][9434.597s][info][gc,heap     ] GC(2035) Survivor regions: 7->11(102)
[2024-08-15T15:05:38.652+0000][9434.597s][info][gc,heap     ] GC(2035) Old regions: 393->393
[2024-08-15T15:05:38.652+0000][9434.597s][info][gc,heap     ] GC(2035) Archive regions: 2->2
[2024-08-15T15:05:38.652+0000][9434.597s][info][gc,heap     ] GC(2035) Humongous regions: 5->5
[2024-08-15T15:05:38.652+0000][9434.597s][info][gc,metaspace] GC(2035) Metaspace: 441450K(448576K)->441450K(448576K) NonClass: 386610K(390848K)->386610K(390848K) Class: 54839K(57728K)->54839K(57728K)
[2024-08-15T15:05:38.652+0000][9434.597s][info][gc          ] GC(2035) Pause Young (Normal) (G1 Evacuation Pause) 9667M->3270M(12288M) 66.836ms
[2024-08-15T15:05:38.652+0000][9434.597s][info][gc,cpu      ] GC(2035) User=0.39s Sys=0.00s Real=0.06s
[2024-08-15T15:05:41.244+0000][9437.189s][info][gc,start    ] GC(2036) Pause Young (Concurrent Start) (G1 Evacuation Pause)
[2024-08-15T15:05:41.244+0000][9437.189s][info][gc,task     ] GC(2036) Using 6 workers of 6 for evacuation
[2024-08-15T15:05:41.333+0000][9437.277s][info][gc,phases   ] GC(2036)   Pre Evacuate Collection Set: 0.6ms
[2024-08-15T15:05:41.333+0000][9437.277s][info][gc,phases   ] GC(2036)   Merge Heap Roots: 0.4ms
[2024-08-15T15:05:41.333+0000][9437.277s][info][gc,phases   ] GC(2036)   Evacuate Collection Set: 69.7ms
[2024-08-15T15:05:41.333+0000][9437.277s][info][gc,phases   ] GC(2036)   Post Evacuate Collection Set: 17.8ms
[2024-08-15T15:05:41.333+0000][9437.277s][info][gc,phases   ] GC(2036)   Other: 0.3ms
[2024-08-15T15:05:41.333+0000][9437.277s][info][gc,heap     ] GC(2036) Eden regions: 799->0(796)
[2024-08-15T15:05:41.333+0000][9437.277s][info][gc,heap     ] GC(2036) Survivor regions: 11->15(102)
[2024-08-15T15:05:41.333+0000][9437.277s][info][gc,heap     ] GC(2036) Old regions: 393->393
[2024-08-15T15:05:41.333+0000][9437.277s][info][gc,heap     ] GC(2036) Archive regions: 2->2
[2024-08-15T15:05:41.333+0000][9437.277s][info][gc,heap     ] GC(2036) Humongous regions: 5->5
[2024-08-15T15:05:41.333+0000][9437.277s][info][gc,metaspace] GC(2036) Metaspace: 441450K(448576K)->441450K(448576K) NonClass: 386610K(390848K)->386610K(390848K) Class: 54839K(57728K)->54839K(57728K)
[2024-08-15T15:05:41.333+0000][9437.277s][info][gc          ] GC(2036) Pause Young (Concurrent Start) (G1 Evacuation Pause) 9662M->3306M(12288M) 88.807ms
[2024-08-15T15:05:41.333+0000][9437.277s][info][gc,cpu      ] GC(2036) User=0.51s Sys=0.00s Real=0.08s
[2024-08-15T15:05:41.333+0000][9437.277s][info][gc          ] GC(2037) Concurrent Mark Cycle
[2024-08-15T15:05:41.333+0000][9437.277s][info][gc,marking  ] GC(2037) Concurrent Clear Claimed Marks
[2024-08-15T15:05:41.333+0000][9437.278s][info][gc,marking  ] GC(2037) Concurrent Clear Claimed Marks 0.395ms
[2024-08-15T15:05:41.333+0000][9437.278s][info][gc,marking  ] GC(2037) Concurrent Scan Root Regions
[2024-08-15T15:05:41.409+0000][9437.353s][info][gc,marking  ] GC(2037) Concurrent Scan Root Regions 75.390ms
[2024-08-15T15:05:41.409+0000][9437.353s][info][gc,marking  ] GC(2037) Concurrent Mark
[2024-08-15T15:05:41.409+0000][9437.353s][info][gc,marking  ] GC(2037) Concurrent Mark From Roots
[2024-08-15T15:05:41.409+0000][9437.353s][info][gc,task     ] GC(2037) Using 2 workers of 2 for marking
[2024-08-15T15:05:43.910+0000][9439.854s][info][gc,marking  ] GC(2037) Concurrent Mark From Roots 2501.123ms
[2024-08-15T15:05:43.910+0000][9439.854s][info][gc,marking  ] GC(2037) Concurrent Preclean
[2024-08-15T15:05:43.912+0000][9439.856s][info][gc,marking  ] GC(2037) Concurrent Preclean 1.863ms
[2024-08-15T15:05:43.912+0000][9439.857s][info][gc,start    ] GC(2037) Pause Remark
[2024-08-15T15:05:43.935+0000][9439.880s][info][gc          ] GC(2037) Pause Remark 9078M->9078M(12288M) 23.246ms
[2024-08-15T15:05:43.935+0000][9439.880s][info][gc,cpu      ] GC(2037) User=0.10s Sys=0.00s Real=0.03s
[2024-08-15T15:05:43.935+0000][9439.880s][info][gc,marking  ] GC(2037) Concurrent Mark 2526.680ms
[2024-08-15T15:05:43.935+0000][9439.880s][info][gc,marking  ] GC(2037) Concurrent Rebuild Remembered Sets
[2024-08-15T15:05:44.196+0000][9440.140s][info][gc,start    ] GC(2038) Pause Young (Normal) (G1 Evacuation Pause)
[2024-08-15T15:05:44.196+0000][9440.141s][info][gc,task     ] GC(2038) Using 6 workers of 6 for evacuation
[2024-08-15T15:05:44.276+0000][9440.220s][info][gc,phases   ] GC(2038)   Pre Evacuate Collection Set: 0.2ms
[2024-08-15T15:05:44.276+0000][9440.220s][info][gc,phases   ] GC(2038)   Merge Heap Roots: 0.3ms
[2024-08-15T15:05:44.276+0000][9440.220s][info][gc,phases   ] GC(2038)   Evacuate Collection Set: 68.0ms
[2024-08-15T15:05:44.276+0000][9440.220s][info][gc,phases   ] GC(2038)   Post Evacuate Collection Set: 11.1ms
[2024-08-15T15:05:44.276+0000][9440.220s][info][gc,phases   ] GC(2038)   Other: 0.2ms
[2024-08-15T15:05:44.276+0000][9440.220s][info][gc,heap     ] GC(2038) Eden regions: 796->0(792)
[2024-08-15T15:05:44.276+0000][9440.220s][info][gc,heap     ] GC(2038) Survivor regions: 15->18(102)
[2024-08-15T15:05:44.276+0000][9440.220s][info][gc,heap     ] GC(2038) Old regions: 393->393
[2024-08-15T15:05:44.276+0000][9440.220s][info][gc,heap     ] GC(2038) Archive regions: 2->2
[2024-08-15T15:05:44.276+0000][9440.220s][info][gc,heap     ] GC(2038) Humongous regions: 5->5
[2024-08-15T15:05:44.276+0000][9440.220s][info][gc,metaspace] GC(2038) Metaspace: 441450K(448576K)->441450K(448576K) NonClass: 386610K(390848K)->386610K(390848K) Class: 54839K(57728K)->54839K(57728K)
[2024-08-15T15:05:44.276+0000][9440.220s][info][gc          ] GC(2038) Pause Young (Normal) (G1 Evacuation Pause) 9674M->3329M(12288M) 79.849ms
[2024-08-15T15:05:44.276+0000][9440.220s][info][gc,cpu      ] GC(2038) User=0.47s Sys=0.00s Real=0.08s
[2024-08-15T15:05:45.474+0000][9441.418s][info][gc,marking  ] GC(2037) Concurrent Rebuild Remembered Sets 1538.450ms
[2024-08-15T15:05:45.474+0000][9441.419s][info][gc,start    ] GC(2037) Pause Cleanup
[2024-08-15T15:05:45.475+0000][9441.419s][info][gc          ] GC(2037) Pause Cleanup 6178M->6178M(12288M) 0.660ms
[2024-08-15T15:05:45.475+0000][9441.419s][info][gc,cpu      ] GC(2037) User=0.00s Sys=0.00s Real=0.00s
[2024-08-15T15:05:45.475+0000][9441.419s][info][gc,marking  ] GC(2037) Concurrent Cleanup for Next Mark
[2024-08-15T15:05:45.492+0000][9441.437s][info][gc,marking  ] GC(2037) Concurrent Cleanup for Next Mark 17.392ms
[2024-08-15T15:05:45.492+0000][9441.437s][info][gc          ] GC(2037) Concurrent Mark Cycle 4159.446ms
[2024-08-15T15:05:46.560+0000][9442.504s][info][gc,start    ] GC(2039) Pause Young (Prepare Mixed) (G1 Evacuation Pause)
[2024-08-15T15:05:46.560+0000][9442.504s][info][gc,task     ] GC(2039) Using 6 workers of 6 for evacuation
[2024-08-15T15:05:46.667+0000][9442.612s][info][gc,phases   ] GC(2039)   Pre Evacuate Collection Set: 0.2ms
[2024-08-15T15:05:46.667+0000][9442.612s][info][gc,phases   ] GC(2039)   Merge Heap Roots: 0.7ms
[2024-08-15T15:05:46.667+0000][9442.612s][info][gc,phases   ] GC(2039)   Evacuate Collection Set: 91.3ms
[2024-08-15T15:05:46.667+0000][9442.612s][info][gc,phases   ] GC(2039)   Post Evacuate Collection Set: 15.3ms
[2024-08-15T15:05:46.667+0000][9442.612s][info][gc,phases   ] GC(2039)   Other: 0.2ms
[2024-08-15T15:05:46.667+0000][9442.612s][info][gc,heap     ] GC(2039) Eden regions: 792->0(54)
[2024-08-15T15:05:46.667+0000][9442.612s][info][gc,heap     ] GC(2039) Survivor regions: 18->22(102)
[2024-08-15T15:05:46.667+0000][9442.612s][info][gc,heap     ] GC(2039) Old regions: 393->393
[2024-08-15T15:05:46.667+0000][9442.612s][info][gc,heap     ] GC(2039) Archive regions: 2->2
[2024-08-15T15:05:46.667+0000][9442.612s][info][gc,heap     ] GC(2039) Humongous regions: 5->5
[2024-08-15T15:05:46.667+0000][9442.612s][info][gc,metaspace] GC(2039) Metaspace: 441450K(448576K)->441450K(448576K) NonClass: 386610K(390848K)->386610K(390848K) Class: 54839K(57728K)->54839K(57728K)
[2024-08-15T15:05:46.667+0000][9442.612s][info][gc          ] GC(2039) Pause Young (Prepare Mixed) (G1 Evacuation Pause) 9665M->3363M(12288M) 107.693ms
[2024-08-15T15:05:46.668+0000][9442.612s][info][gc,cpu      ] GC(2039) User=0.64s Sys=0.00s Real=0.11s
[2024-08-15T15:05:46.906+0000][9442.850s][info][gc,start    ] GC(2040) Pause Young (Mixed) (G1 Evacuation Pause)
[2024-08-15T15:05:46.906+0000][9442.850s][info][gc,task     ] GC(2040) Using 6 workers of 6 for evacuation
[2024-08-15T15:05:47.021+0000][9442.966s][info][gc,phases   ] GC(2040)   Pre Evacuate Collection Set: 0.2ms
[2024-08-15T15:05:47.021+0000][9442.966s][info][gc,phases   ] GC(2040)   Merge Heap Roots: 0.4ms
[2024-08-15T15:05:47.021+0000][9442.966s][info][gc,phases   ] GC(2040)   Evacuate Collection Set: 112.1ms
[2024-08-15T15:05:47.021+0000][9442.966s][info][gc,phases   ] GC(2040)   Post Evacuate Collection Set: 2.5ms
[2024-08-15T15:05:47.021+0000][9442.966s][info][gc,phases   ] GC(2040)   Other: 0.2ms
[2024-08-15T15:05:47.021+0000][9442.966s][info][gc,heap     ] GC(2040) Eden regions: 54->0(803)
[2024-08-15T15:05:47.021+0000][9442.966s][info][gc,heap     ] GC(2040) Survivor regions: 22->7(10)
[2024-08-15T15:05:47.021+0000][9442.966s][info][gc,heap     ] GC(2040) Old regions: 393->395
[2024-08-15T15:05:47.021+0000][9442.966s][info][gc,heap     ] GC(2040) Archive regions: 2->2
[2024-08-15T15:05:47.021+0000][9442.966s][info][gc,heap     ] GC(2040) Humongous regions: 5->5
[2024-08-15T15:05:47.021+0000][9442.966s][info][gc,metaspace] GC(2040) Metaspace: 441450K(448576K)->441450K(448576K) NonClass: 386610K(390848K)->386610K(390848K) Class: 54839K(57728K)->54839K(57728K)
[2024-08-15T15:05:47.021+0000][9442.966s][info][gc          ] GC(2040) Pause Young (Mixed) (G1 Evacuation Pause) 3795M->3254M(12288M) 115.550ms
[2024-08-15T15:05:47.021+0000][9442.966s][info][gc,cpu      ] GC(2040) User=0.69s Sys=0.00s Real=0.11s
[2024-08-15T15:05:49.574+0000][9445.519s][info][gc,start    ] GC(2041) Pause Young (Normal) (G1 Evacuation Pause)
[2024-08-15T15:05:49.574+0000][9445.519s][info][gc,task     ] GC(2041) Using 6 workers of 6 for evacuation
[2024-08-15T15:05:49.651+0000][9445.595s][info][gc,phases   ] GC(2041)   Pre Evacuate Collection Set: 0.2ms
[2024-08-15T15:05:49.651+0000][9445.595s][info][gc,phases   ] GC(2041)   Merge Heap Roots: 0.3ms
[2024-08-15T15:05:49.651+0000][9445.595s][info][gc,phases   ] GC(2041)   Evacuate Collection Set: 58.8ms
[2024-08-15T15:05:49.651+0000][9445.595s][info][gc,phases   ] GC(2041)   Post Evacuate Collection Set: 16.8ms
[2024-08-15T15:05:49.651+0000][9445.595s][info][gc,phases   ] GC(2041)   Other: 0.2ms
[2024-08-15T15:05:49.651+0000][9445.595s][info][gc,heap     ] GC(2041) Eden regions: 803->0(800)
[2024-08-15T15:05:49.651+0000][9445.595s][info][gc,heap     ] GC(2041) Survivor regions: 7->10(102)
[2024-08-15T15:05:49.651+0000][9445.595s][info][gc,heap     ] GC(2041) Old regions: 395->395
[2024-08-15T15:05:49.651+0000][9445.595s][info][gc,heap     ] GC(2041) Archive regions: 2->2
[2024-08-15T15:05:49.651+0000][9445.595s][info][gc,heap     ] GC(2041) Humongous regions: 5->5
[2024-08-15T15:05:49.651+0000][9445.595s][info][gc,metaspace] GC(2041) Metaspace: 441450K(448576K)->441450K(448576K) NonClass: 386610K(390848K)->386610K(390848K) Class: 54839K(57728K)->54839K(57728K)
[2024-08-15T15:05:49.651+0000][9445.595s][info][gc          ] GC(2041) Pause Young (Normal) (G1 Evacuation Pause) 9678M->3280M(12288M) 76.338ms
[2024-08-15T15:05:49.651+0000][9445.595s][info][gc,cpu      ] GC(2041) User=0.44s Sys=0.00s Real=0.08s
[2024-08-15T15:05:52.062+0000][9448.006s][info][gc,start    ] GC(2042) Pause Young (Normal) (G1 Evacuation Pause)
[2024-08-15T15:05:52.062+0000][9448.006s][info][gc,task     ] GC(2042) Using 6 workers of 6 for evacuation
[2024-08-15T15:05:52.163+0000][9448.107s][info][gc,phases   ] GC(2042)   Pre Evacuate Collection Set: 0.2ms
[2024-08-15T15:05:52.163+0000][9448.107s][info][gc,phases   ] GC(2042)   Merge Heap Roots: 0.4ms
[2024-08-15T15:05:52.163+0000][9448.108s][info][gc,phases   ] GC(2042)   Evacuate Collection Set: 81.3ms
[2024-08-15T15:05:52.163+0000][9448.108s][info][gc,phases   ] GC(2042)   Post Evacuate Collection Set: 19.3ms
[2024-08-15T15:05:52.163+0000][9448.108s][info][gc,phases   ] GC(2042)   Other: 0.2ms
[2024-08-15T15:05:52.163+0000][9448.108s][info][gc,heap     ] GC(2042) Eden regions: 800->0(796)
[2024-08-15T15:05:52.163+0000][9448.108s][info][gc,heap     ] GC(2042) Survivor regions: 10->15(102)
[2024-08-15T15:05:52.163+0000][9448.108s][info][gc,heap     ] GC(2042) Old regions: 395->395
[2024-08-15T15:05:52.163+0000][9448.108s][info][gc,heap     ] GC(2042) Archive regions: 2->2
[2024-08-15T15:05:52.163+0000][9448.108s][info][gc,heap     ] GC(2042) Humongous regions: 5->5
[2024-08-15T15:05:52.163+0000][9448.108s][info][gc,metaspace] GC(2042) Metaspace: 441450K(448576K)->441450K(448576K) NonClass: 386610K(390848K)->386610K(390848K) Class: 54839K(57728K)->54839K(57728K)
[2024-08-15T15:05:52.163+0000][9448.108s][info][gc          ] GC(2042) Pause Young (Normal) (G1 Evacuation Pause) 9680M->3316M(12288M) 101.409ms
[2024-08-15T15:05:52.163+0000][9448.108s][info][gc,cpu      ] GC(2042) User=0.59s Sys=0.00s Real=0.10s
[2024-08-15T15:05:54.485+0000][9450.430s][info][gc,start    ] GC(2043) Pause Young (Concurrent Start) (G1 Evacuation Pause)
[2024-08-15T15:05:54.485+0000][9450.430s][info][gc,task     ] GC(2043) Using 6 workers of 6 for evacuation
[2024-08-15T15:05:54.597+0000][9450.541s][info][gc,phases   ] GC(2043)   Pre Evacuate Collection Set: 0.5ms
[2024-08-15T15:05:54.597+0000][9450.542s][info][gc,phases   ] GC(2043)   Merge Heap Roots: 0.4ms
[2024-08-15T15:05:54.597+0000][9450.542s][info][gc,phases   ] GC(2043)   Evacuate Collection Set: 91.5ms
[2024-08-15T15:05:54.597+0000][9450.542s][info][gc,phases   ] GC(2043)   Post Evacuate Collection Set: 19.1ms
[2024-08-15T15:05:54.597+0000][9450.542s][info][gc,phases   ] GC(2043)   Other: 0.3ms
[2024-08-15T15:05:54.597+0000][9450.542s][info][gc,heap     ] GC(2043) Eden regions: 796->0(788)
[2024-08-15T15:05:54.597+0000][9450.542s][info][gc,heap     ] GC(2043) Survivor regions: 15->19(102)
[2024-08-15T15:05:54.597+0000][9450.542s][info][gc,heap     ] GC(2043) Old regions: 395->395
[2024-08-15T15:05:54.597+0000][9450.542s][info][gc,heap     ] GC(2043) Archive regions: 2->2
[2024-08-15T15:05:54.597+0000][9450.542s][info][gc,heap     ] GC(2043) Humongous regions: 5->5
[2024-08-15T15:05:54.597+0000][9450.542s][info][gc,metaspace] GC(2043) Metaspace: 441450K(448576K)->441450K(448576K) NonClass: 386610K(390848K)->386610K(390848K) Class: 54839K(57728K)->54839K(57728K)
[2024-08-15T15:05:54.597+0000][9450.542s][info][gc          ] GC(2043) Pause Young (Concurrent Start) (G1 Evacuation Pause) 9684M->3349M(12288M) 111.894ms
[2024-08-15T15:05:54.597+0000][9450.542s][info][gc,cpu      ] GC(2043) User=0.66s Sys=0.00s Real=0.11s
[2024-08-15T15:05:54.597+0000][9450.542s][info][gc          ] GC(2044) Concurrent Mark Cycle
[2024-08-15T15:05:54.597+0000][9450.542s][info][gc,marking  ] GC(2044) Concurrent Clear Claimed Marks
[2024-08-15T15:05:54.597+0000][9450.542s][info][gc,marking  ] GC(2044) Concurrent Clear Claimed Marks 0.405ms
[2024-08-15T15:05:54.598+0000][9450.542s][info][gc,marking  ] GC(2044) Concurrent Scan Root Regions
[2024-08-15T15:05:54.651+0000][9450.596s][info][gc,marking  ] GC(2044) Concurrent Scan Root Regions 53.955ms
[2024-08-15T15:05:54.651+0000][9450.596s][info][gc,marking  ] GC(2044) Concurrent Mark
[2024-08-15T15:05:54.651+0000][9450.596s][info][gc,marking  ] GC(2044) Concurrent Mark From Roots
[2024-08-15T15:05:54.652+0000][9450.596s][info][gc,task     ] GC(2044) Using 2 workers of 2 for marking
[2024-08-15T15:05:56.943+0000][9452.888s][info][gc,marking  ] GC(2044) Concurrent Mark From Roots 2291.611ms
[2024-08-15T15:05:56.943+0000][9452.888s][info][gc,marking  ] GC(2044) Concurrent Preclean
[2024-08-15T15:05:56.945+0000][9452.889s][info][gc,marking  ] GC(2044) Concurrent Preclean 1.420ms
[2024-08-15T15:05:56.945+0000][9452.889s][info][gc,start    ] GC(2044) Pause Remark
[2024-08-15T15:05:56.968+0000][9452.913s][info][gc          ] GC(2044) Pause Remark 8633M->8633M(12288M) 23.793ms
[2024-08-15T15:05:56.969+0000][9452.913s][info][gc,cpu      ] GC(2044) User=0.10s Sys=0.01s Real=0.02s
[2024-08-15T15:05:56.969+0000][9452.913s][info][gc,marking  ] GC(2044) Concurrent Mark 2317.149ms
[2024-08-15T15:05:56.969+0000][9452.913s][info][gc,marking  ] GC(2044) Concurrent Rebuild Remembered Sets
[2024-08-15T15:05:57.390+0000][9453.334s][info][gc,start    ] GC(2045) Pause Young (Normal) (G1 Evacuation Pause)
[2024-08-15T15:05:57.390+0000][9453.334s][info][gc,task     ] GC(2045) Using 6 workers of 6 for evacuation
[2024-08-15T15:05:57.513+0000][9453.457s][info][gc,phases   ] GC(2045)   Pre Evacuate Collection Set: 0.2ms
[2024-08-15T15:05:57.513+0000][9453.457s][info][gc,phases   ] GC(2045)   Merge Heap Roots: 0.9ms
[2024-08-15T15:05:57.513+0000][9453.457s][info][gc,phases   ] GC(2045)   Evacuate Collection Set: 100.0ms
[2024-08-15T15:05:57.513+0000][9453.457s][info][gc,phases   ] GC(2045)   Post Evacuate Collection Set: 22.1ms
[2024-08-15T15:05:57.513+0000][9453.457s][info][gc,phases   ] GC(2045)   Other: 0.2ms
[2024-08-15T15:05:57.513+0000][9453.457s][info][gc,heap     ] GC(2045) Eden regions: 788->0(780)
[2024-08-15T15:05:57.513+0000][9453.457s][info][gc,heap     ] GC(2045) Survivor regions: 19->23(101)
[2024-08-15T15:05:57.513+0000][9453.457s][info][gc,heap     ] GC(2045) Old regions: 395->395
[2024-08-15T15:05:57.513+0000][9453.458s][info][gc,heap     ] GC(2045) Archive regions: 2->2
[2024-08-15T15:05:57.513+0000][9453.458s][info][gc,heap     ] GC(2045) Humongous regions: 5->5
[2024-08-15T15:05:57.513+0000][9453.458s][info][gc,metaspace] GC(2045) Metaspace: 441450K(448576K)->441450K(448576K) NonClass: 386610K(390848K)->386610K(390848K) Class: 54839K(57728K)->54839K(57728K)
[2024-08-15T15:05:57.513+0000][9453.458s][info][gc          ] GC(2045) Pause Young (Normal) (G1 Evacuation Pause) 9653M->3382M(12288M) 123.403ms
[2024-08-15T15:05:57.513+0000][9453.458s][info][gc,cpu      ] GC(2045) User=0.71s Sys=0.00s Real=0.12s
[2024-08-15T15:05:58.417+0000][9454.361s][info][gc,marking  ] GC(2044) Concurrent Rebuild Remembered Sets 1448.014ms
[2024-08-15T15:05:58.417+0000][9454.361s][info][gc,start    ] GC(2044) Pause Cleanup
[2024-08-15T15:05:58.417+0000][9454.362s][info][gc          ] GC(2044) Pause Cleanup 5390M->5390M(12288M) 0.634ms
[2024-08-15T15:05:58.417+0000][9454.362s][info][gc,cpu      ] GC(2044) User=0.00s Sys=0.00s Real=0.00s
[2024-08-15T15:05:58.418+0000][9454.362s][info][gc,marking  ] GC(2044) Concurrent Cleanup for Next Mark
[2024-08-15T15:05:58.434+0000][9454.379s][info][gc,marking  ] GC(2044) Concurrent Cleanup for Next Mark 16.501ms
[2024-08-15T15:05:58.434+0000][9454.379s][info][gc          ] GC(2044) Concurrent Mark Cycle 3837.044ms
[2024-08-15T15:06:00.349+0000][9456.294s][info][gc,start    ] GC(2046) Pause Young (Prepare Mixed) (G1 Evacuation Pause)
[2024-08-15T15:06:00.349+0000][9456.294s][info][gc,task     ] GC(2046) Using 6 workers of 6 for evacuation
[2024-08-15T15:06:00.478+0000][9456.423s][info][gc,phases   ] GC(2046)   Pre Evacuate Collection Set: 0.2ms
[2024-08-15T15:06:00.478+0000][9456.423s][info][gc,phases   ] GC(2046)   Merge Heap Roots: 0.7ms
[2024-08-15T15:06:00.478+0000][9456.423s][info][gc,phases   ] GC(2046)   Evacuate Collection Set: 110.9ms
[2024-08-15T15:06:00.478+0000][9456.423s][info][gc,phases   ] GC(2046)   Post Evacuate Collection Set: 17.6ms
[2024-08-15T15:06:00.478+0000][9456.423s][info][gc,phases   ] GC(2046)   Other: 0.2ms
[2024-08-15T15:06:00.478+0000][9456.423s][info][gc,heap     ] GC(2046) Eden regions: 780->0(50)
[2024-08-15T15:06:00.478+0000][9456.423s][info][gc,heap     ] GC(2046) Survivor regions: 23->26(101)
[2024-08-15T15:06:00.478+0000][9456.423s][info][gc,heap     ] GC(2046) Old regions: 395->395
[2024-08-15T15:06:00.479+0000][9456.423s][info][gc,heap     ] GC(2046) Archive regions: 2->2
[2024-08-15T15:06:00.479+0000][9456.423s][info][gc,heap     ] GC(2046) Humongous regions: 5->5
[2024-08-15T15:06:00.479+0000][9456.423s][info][gc,metaspace] GC(2046) Metaspace: 441450K(448576K)->441450K(448576K) NonClass: 386610K(390848K)->386610K(390848K) Class: 54839K(57728K)->54839K(57728K)
[2024-08-15T15:06:00.479+0000][9456.423s][info][gc          ] GC(2046) Pause Young (Prepare Mixed) (G1 Evacuation Pause) 9622M->3410M(12288M) 129.571ms
[2024-08-15T15:06:00.479+0000][9456.423s][info][gc,cpu      ] GC(2046) User=0.76s Sys=0.00s Real=0.13s
[2024-08-15T15:06:00.998+0000][9456.943s][info][gc,start    ] GC(2047) Pause Young (Mixed) (G1 Evacuation Pause)
[2024-08-15T15:06:00.998+0000][9456.943s][info][gc,task     ] GC(2047) Using 6 workers of 6 for evacuation
[2024-08-15T15:06:01.124+0000][9457.069s][info][gc,phases   ] GC(2047)   Pre Evacuate Collection Set: 0.2ms
[2024-08-15T15:06:01.124+0000][9457.069s][info][gc,phases   ] GC(2047)   Merge Heap Roots: 0.5ms
[2024-08-15T15:06:01.124+0000][9457.069s][info][gc,phases   ] GC(2047)   Evacuate Collection Set: 124.1ms
[2024-08-15T15:06:01.124+0000][9457.069s][info][gc,phases   ] GC(2047)   Post Evacuate Collection Set: 1.3ms
[2024-08-15T15:06:01.124+0000][9457.069s][info][gc,phases   ] GC(2047)   Other: 0.2ms
[2024-08-15T15:06:01.124+0000][9457.069s][info][gc,heap     ] GC(2047) Eden regions: 50->0(799)
[2024-08-15T15:06:01.124+0000][9457.069s][info][gc,heap     ] GC(2047) Survivor regions: 26->3(10)
[2024-08-15T15:06:01.124+0000][9457.069s][info][gc,heap     ] GC(2047) Old regions: 395->404
[2024-08-15T15:06:01.124+0000][9457.069s][info][gc,heap     ] GC(2047) Archive regions: 2->2
[2024-08-15T15:06:01.124+0000][9457.069s][info][gc,heap     ] GC(2047) Humongous regions: 5->5
[2024-08-15T15:06:01.124+0000][9457.069s][info][gc,metaspace] GC(2047) Metaspace: 441450K(448576K)->441450K(448576K) NonClass: 386610K(390848K)->386610K(390848K) Class: 54839K(57728K)->54839K(57728K)
[2024-08-15T15:06:01.124+0000][9457.069s][info][gc          ] GC(2047) Pause Young (Mixed) (G1 Evacuation Pause) 3810M->3300M(12288M) 126.257ms
[2024-08-15T15:06:01.124+0000][9457.069s][info][gc,cpu      ] GC(2047) User=0.75s Sys=0.00s Real=0.13s
[2024-08-15T15:06:09.820+0000][9465.765s][info][gc,start    ] GC(2048) Pause Young (Normal) (G1 Evacuation Pause)
[2024-08-15T15:06:09.820+0000][9465.765s][info][gc,task     ] GC(2048) Using 6 workers of 6 for evacuation
[2024-08-15T15:06:09.834+0000][9465.778s][info][gc,phases   ] GC(2048)   Pre Evacuate Collection Set: 0.2ms
[2024-08-15T15:06:09.834+0000][9465.778s][info][gc,phases   ] GC(2048)   Merge Heap Roots: 0.2ms
[2024-08-15T15:06:09.834+0000][9465.778s][info][gc,phases   ] GC(2048)   Evacuate Collection Set: 11.1ms
[2024-08-15T15:06:09.834+0000][9465.778s][info][gc,phases   ] GC(2048)   Post Evacuate Collection Set: 1.7ms
[2024-08-15T15:06:09.834+0000][9465.778s][info][gc,phases   ] GC(2048)   Other: 0.2ms
[2024-08-15T15:06:09.834+0000][9465.778s][info][gc,heap     ] GC(2048) Eden regions: 799->0(797)
[2024-08-15T15:06:09.834+0000][9465.778s][info][gc,heap     ] GC(2048) Survivor regions: 3->5(101)
[2024-08-15T15:06:09.834+0000][9465.778s][info][gc,heap     ] GC(2048) Old regions: 404->404
[2024-08-15T15:06:09.834+0000][9465.778s][info][gc,heap     ] GC(2048) Archive regions: 2->2
[2024-08-15T15:06:09.834+0000][9465.778s][info][gc,heap     ] GC(2048) Humongous regions: 5->5
[2024-08-15T15:06:09.834+0000][9465.778s][info][gc,metaspace] GC(2048) Metaspace: 441450K(448576K)->441450K(448576K) NonClass: 386610K(390848K)->386610K(390848K) Class: 54839K(57728K)->54839K(57728K)
[2024-08-15T15:06:09.834+0000][9465.778s][info][gc          ] GC(2048) Pause Young (Normal) (G1 Evacuation Pause) 9692M->3313M(12288M) 13.422ms
[2024-08-15T15:06:09.834+0000][9465.778s][info][gc,cpu      ] GC(2048) User=0.08s Sys=0.00s Real=0.01s
[2024-08-15T15:06:18.385+0000][9474.329s][info][gc,start    ] GC(2049) Pause Young (Normal) (G1 Evacuation Pause)
[2024-08-15T15:06:18.385+0000][9474.329s][info][gc,task     ] GC(2049) Using 6 workers of 6 for evacuation
[2024-08-15T15:06:18.403+0000][9474.348s][info][gc,phases   ] GC(2049)   Pre Evacuate Collection Set: 0.2ms
[2024-08-15T15:06:18.403+0000][9474.348s][info][gc,phases   ] GC(2049)   Merge Heap Roots: 0.2ms
[2024-08-15T15:06:18.403+0000][9474.348s][info][gc,phases   ] GC(2049)   Evacuate Collection Set: 16.2ms
[2024-08-15T15:06:18.403+0000][9474.348s][info][gc,phases   ] GC(2049)   Post Evacuate Collection Set: 1.8ms
[2024-08-15T15:06:18.403+0000][9474.348s][info][gc,phases   ] GC(2049)   Other: 0.2ms
[2024-08-15T15:06:18.403+0000][9474.348s][info][gc,heap     ] GC(2049) Eden regions: 797->0(796)
[2024-08-15T15:06:18.403+0000][9474.348s][info][gc,heap     ] GC(2049) Survivor regions: 5->7(101)
[2024-08-15T15:06:18.403+0000][9474.348s][info][gc,heap     ] GC(2049) Old regions: 404->404
[2024-08-15T15:06:18.403+0000][9474.348s][info][gc,heap     ] GC(2049) Archive regions: 2->2
[2024-08-15T15:06:18.403+0000][9474.348s][info][gc,heap     ] GC(2049) Humongous regions: 5->5
[2024-08-15T15:06:18.403+0000][9474.348s][info][gc,metaspace] GC(2049) Metaspace: 441450K(448576K)->441450K(448576K) NonClass: 386610K(390848K)->386610K(390848K) Class: 54839K(57728K)->54839K(57728K)
[2024-08-15T15:06:18.403+0000][9474.348s][info][gc          ] GC(2049) Pause Young (Normal) (G1 Evacuation Pause) 9689M->3325M(12288M) 18.579ms
[2024-08-15T15:06:18.403+0000][9474.348s][info][gc,cpu      ] GC(2049) User=0.11s Sys=0.00s Real=0.02s
[2024-08-15T15:06:27.137+0000][9483.082s][info][gc,start    ] GC(2050) Pause Young (Concurrent Start) (G1 Evacuation Pause)
[2024-08-15T15:06:27.137+0000][9483.082s][info][gc,task     ] GC(2050) Using 6 workers of 6 for evacuation
[2024-08-15T15:06:27.167+0000][9483.111s][info][gc,phases   ] GC(2050)   Pre Evacuate Collection Set: 0.6ms
[2024-08-15T15:06:27.167+0000][9483.111s][info][gc,phases   ] GC(2050)   Merge Heap Roots: 0.2ms
[2024-08-15T15:06:27.167+0000][9483.111s][info][gc,phases   ] GC(2050)   Evacuate Collection Set: 26.6ms
[2024-08-15T15:06:27.167+0000][9483.112s][info][gc,phases   ] GC(2050)   Post Evacuate Collection Set: 1.7ms
[2024-08-15T15:06:27.167+0000][9483.112s][info][gc,phases   ] GC(2050)   Other: 0.3ms
[2024-08-15T15:06:27.167+0000][9483.112s][info][gc,heap     ] GC(2050) Eden regions: 796->0(793)
[2024-08-15T15:06:27.167+0000][9483.112s][info][gc,heap     ] GC(2050) Survivor regions: 7->10(101)
[2024-08-15T15:06:27.167+0000][9483.112s][info][gc,heap     ] GC(2050) Old regions: 404->404
[2024-08-15T15:06:27.167+0000][9483.112s][info][gc,heap     ] GC(2050) Archive regions: 2->2
[2024-08-15T15:06:27.167+0000][9483.112s][info][gc,heap     ] GC(2050) Humongous regions: 5->5
[2024-08-15T15:06:27.167+0000][9483.112s][info][gc,metaspace] GC(2050) Metaspace: 441450K(448576K)->441450K(448576K) NonClass: 386610K(390848K)->386610K(390848K) Class: 54839K(57728K)->54839K(57728K)
[2024-08-15T15:06:27.167+0000][9483.112s][info][gc          ] GC(2050) Pause Young (Concurrent Start) (G1 Evacuation Pause) 9693M->3352M(12288M) 29.533ms
[2024-08-15T15:06:27.167+0000][9483.112s][info][gc,cpu      ] GC(2050) User=0.17s Sys=0.00s Real=0.03s
[2024-08-15T15:06:27.167+0000][9483.112s][info][gc          ] GC(2051) Concurrent Mark Cycle
[2024-08-15T15:06:27.167+0000][9483.112s][info][gc,marking  ] GC(2051) Concurrent Clear Claimed Marks
[2024-08-15T15:06:27.167+0000][9483.112s][info][gc,marking  ] GC(2051) Concurrent Clear Claimed Marks 0.388ms
[2024-08-15T15:06:27.167+0000][9483.112s][info][gc,marking  ] GC(2051) Concurrent Scan Root Regions
[2024-08-15T15:06:27.187+0000][9483.131s][info][gc,marking  ] GC(2051) Concurrent Scan Root Regions 19.029ms
[2024-08-15T15:06:27.187+0000][9483.131s][info][gc,marking  ] GC(2051) Concurrent Mark
[2024-08-15T15:06:27.187+0000][9483.131s][info][gc,marking  ] GC(2051) Concurrent Mark From Roots
[2024-08-15T15:06:27.187+0000][9483.131s][info][gc,task     ] GC(2051) Using 2 workers of 2 for marking
[2024-08-15T15:06:29.480+0000][9485.425s][info][gc,marking  ] GC(2051) Concurrent Mark From Roots 2293.553ms
[2024-08-15T15:06:29.480+0000][9485.425s][info][gc,marking  ] GC(2051) Concurrent Preclean
[2024-08-15T15:06:29.482+0000][9485.426s][info][gc,marking  ] GC(2051) Concurrent Preclean 1.448ms
[2024-08-15T15:06:29.482+0000][9485.426s][info][gc,start    ] GC(2051) Pause Remark
[2024-08-15T15:06:29.505+0000][9485.450s][info][gc          ] GC(2051) Pause Remark 4877M->4877M(12288M) 23.622ms
[2024-08-15T15:06:29.505+0000][9485.450s][info][gc,cpu      ] GC(2051) User=0.10s Sys=0.00s Real=0.03s
[2024-08-15T15:06:29.506+0000][9485.450s][info][gc,marking  ] GC(2051) Concurrent Mark 2318.996ms
[2024-08-15T15:06:29.506+0000][9485.450s][info][gc,marking  ] GC(2051) Concurrent Rebuild Remembered Sets
[2024-08-15T15:06:30.895+0000][9486.840s][info][gc,marking  ] GC(2051) Concurrent Rebuild Remembered Sets 1389.807ms
[2024-08-15T15:06:30.896+0000][9486.840s][info][gc,start    ] GC(2051) Pause Cleanup
[2024-08-15T15:06:30.896+0000][9486.841s][info][gc          ] GC(2051) Pause Cleanup 5836M->5836M(12288M) 0.647ms
[2024-08-15T15:06:30.896+0000][9486.841s][info][gc,cpu      ] GC(2051) User=0.00s Sys=0.00s Real=0.00s
[2024-08-15T15:06:30.897+0000][9486.841s][info][gc,marking  ] GC(2051) Concurrent Cleanup for Next Mark
[2024-08-15T15:06:30.925+0000][9486.870s][info][gc,marking  ] GC(2051) Concurrent Cleanup for Next Mark 28.462ms
[2024-08-15T15:06:30.925+0000][9486.870s][info][gc          ] GC(2051) Concurrent Mark Cycle 3758.027ms
[2024-08-15T15:06:36.133+0000][9492.077s][info][gc,start    ] GC(2052) Pause Young (Prepare Mixed) (G1 Evacuation Pause)
[2024-08-15T15:06:36.133+0000][9492.078s][info][gc,task     ] GC(2052) Using 6 workers of 6 for evacuation
[2024-08-15T15:06:36.164+0000][9492.108s][info][gc,phases   ] GC(2052)   Pre Evacuate Collection Set: 0.2ms
[2024-08-15T15:06:36.164+0000][9492.108s][info][gc,phases   ] GC(2052)   Merge Heap Roots: 0.3ms
[2024-08-15T15:06:36.164+0000][9492.108s][info][gc,phases   ] GC(2052)   Evacuate Collection Set: 28.2ms
[2024-08-15T15:06:36.164+0000][9492.108s][info][gc,phases   ] GC(2052)   Post Evacuate Collection Set: 1.8ms
[2024-08-15T15:06:36.164+0000][9492.108s][info][gc,phases   ] GC(2052)   Other: 0.2ms
[2024-08-15T15:06:36.164+0000][9492.108s][info][gc,heap     ] GC(2052) Eden regions: 793->0(63)
[2024-08-15T15:06:36.164+0000][9492.108s][info][gc,heap     ] GC(2052) Survivor regions: 10->13(101)
[2024-08-15T15:06:36.164+0000][9492.108s][info][gc,heap     ] GC(2052) Old regions: 404->404
[2024-08-15T15:06:36.164+0000][9492.108s][info][gc,heap     ] GC(2052) Archive regions: 2->2
[2024-08-15T15:06:36.164+0000][9492.108s][info][gc,heap     ] GC(2052) Humongous regions: 5->5
[2024-08-15T15:06:36.164+0000][9492.108s][info][gc,metaspace] GC(2052) Metaspace: 441450K(448576K)->441450K(448576K) NonClass: 386610K(390848K)->386610K(390848K) Class: 54839K(57728K)->54839K(57728K)
[2024-08-15T15:06:36.164+0000][9492.108s][info][gc          ] GC(2052) Pause Young (Prepare Mixed) (G1 Evacuation Pause) 9696M->3380M(12288M) 30.785ms
[2024-08-15T15:06:36.164+0000][9492.108s][info][gc,cpu      ] GC(2052) User=0.18s Sys=0.00s Real=0.04s
[2024-08-15T15:06:36.830+0000][9492.774s][info][gc,start    ] GC(2053) Pause Young (Mixed) (G1 Evacuation Pause)
[2024-08-15T15:06:36.830+0000][9492.774s][info][gc,task     ] GC(2053) Using 6 workers of 6 for evacuation
[2024-08-15T15:06:36.905+0000][9492.849s][info][gc,phases   ] GC(2053)   Pre Evacuate Collection Set: 0.2ms
[2024-08-15T15:06:36.905+0000][9492.849s][info][gc,phases   ] GC(2053)   Merge Heap Roots: 0.4ms
[2024-08-15T15:06:36.905+0000][9492.849s][info][gc,phases   ] GC(2053)   Evacuate Collection Set: 73.4ms
[2024-08-15T15:06:36.905+0000][9492.849s][info][gc,phases   ] GC(2053)   Post Evacuate Collection Set: 1.3ms
[2024-08-15T15:06:36.905+0000][9492.849s][info][gc,phases   ] GC(2053)   Other: 0.2ms
[2024-08-15T15:06:36.905+0000][9492.849s][info][gc,heap     ] GC(2053) Eden regions: 63->0(802)
[2024-08-15T15:06:36.905+0000][9492.849s][info][gc,heap     ] GC(2053) Survivor regions: 13->6(10)
[2024-08-15T15:06:36.905+0000][9492.850s][info][gc,heap     ] GC(2053) Old regions: 404->399
[2024-08-15T15:06:36.905+0000][9492.850s][info][gc,heap     ] GC(2053) Archive regions: 2->2
[2024-08-15T15:06:36.905+0000][9492.850s][info][gc,heap     ] GC(2053) Humongous regions: 5->5
[2024-08-15T15:06:36.905+0000][9492.850s][info][gc,metaspace] GC(2053) Metaspace: 441450K(448576K)->441450K(448576K) NonClass: 386610K(390848K)->386610K(390848K) Class: 54839K(57728K)->54839K(57728K)
[2024-08-15T15:06:36.905+0000][9492.850s][info][gc          ] GC(2053) Pause Young (Mixed) (G1 Evacuation Pause) 3884M->3277M(12288M) 75.423ms
[2024-08-15T15:06:36.905+0000][9492.850s][info][gc,cpu      ] GC(2053) User=0.44s Sys=0.00s Real=0.08s
[2024-08-15T15:06:45.722+0000][9501.667s][info][gc,start    ] GC(2054) Pause Young (Normal) (G1 Evacuation Pause)
[2024-08-15T15:06:45.722+0000][9501.667s][info][gc,task     ] GC(2054) Using 6 workers of 6 for evacuation
[2024-08-15T15:06:45.744+0000][9501.689s][info][gc,phases   ] GC(2054)   Pre Evacuate Collection Set: 0.2ms
[2024-08-15T15:06:45.744+0000][9501.689s][info][gc,phases   ] GC(2054)   Merge Heap Roots: 0.3ms
[2024-08-15T15:06:45.744+0000][9501.689s][info][gc,phases   ] GC(2054)   Evacuate Collection Set: 19.4ms
[2024-08-15T15:06:45.744+0000][9501.689s][info][gc,phases   ] GC(2054)   Post Evacuate Collection Set: 1.9ms
[2024-08-15T15:06:45.744+0000][9501.689s][info][gc,phases   ] GC(2054)   Other: 0.2ms
[2024-08-15T15:06:45.744+0000][9501.689s][info][gc,heap     ] GC(2054) Eden regions: 802->0(799)
[2024-08-15T15:06:45.744+0000][9501.689s][info][gc,heap     ] GC(2054) Survivor regions: 6->9(101)
[2024-08-15T15:06:45.744+0000][9501.689s][info][gc,heap     ] GC(2054) Old regions: 399->399
[2024-08-15T15:06:45.744+0000][9501.689s][info][gc,heap     ] GC(2054) Archive regions: 2->2
[2024-08-15T15:06:45.744+0000][9501.689s][info][gc,heap     ] GC(2054) Humongous regions: 5->5
[2024-08-15T15:06:45.744+0000][9501.689s][info][gc,metaspace] GC(2054) Metaspace: 441450K(448576K)->441450K(448576K) NonClass: 386610K(390848K)->386610K(390848K) Class: 54839K(57728K)->54839K(57728K)
[2024-08-15T15:06:45.744+0000][9501.689s][info][gc          ] GC(2054) Pause Young (Normal) (G1 Evacuation Pause) 9693M->3299M(12288M) 21.999ms
[2024-08-15T15:06:45.744+0000][9501.689s][info][gc,cpu      ] GC(2054) User=0.12s Sys=0.00s Real=0.03s
[2024-08-15T15:06:54.370+0000][9510.315s][info][gc,start    ] GC(2055) Pause Young (Normal) (G1 Evacuation Pause)
[2024-08-15T15:06:54.370+0000][9510.315s][info][gc,task     ] GC(2055) Using 6 workers of 6 for evacuation
[2024-08-15T15:06:54.398+0000][9510.342s][info][gc,phases   ] GC(2055)   Pre Evacuate Collection Set: 0.2ms
[2024-08-15T15:06:54.398+0000][9510.342s][info][gc,phases   ] GC(2055)   Merge Heap Roots: 0.3ms
[2024-08-15T15:06:54.398+0000][9510.342s][info][gc,phases   ] GC(2055)   Evacuate Collection Set: 24.9ms
[2024-08-15T15:06:54.398+0000][9510.342s][info][gc,phases   ] GC(2055)   Post Evacuate Collection Set: 1.7ms
[2024-08-15T15:06:54.398+0000][9510.342s][info][gc,phases   ] GC(2055)   Other: 0.2ms
[2024-08-15T15:06:54.398+0000][9510.342s][info][gc,heap     ] GC(2055) Eden regions: 799->0(798)
[2024-08-15T15:06:54.398+0000][9510.342s][info][gc,heap     ] GC(2055) Survivor regions: 9->10(101)
[2024-08-15T15:06:54.398+0000][9510.342s][info][gc,heap     ] GC(2055) Old regions: 399->399
[2024-08-15T15:06:54.398+0000][9510.342s][info][gc,heap     ] GC(2055) Archive regions: 2->2
[2024-08-15T15:06:54.398+0000][9510.342s][info][gc,heap     ] GC(2055) Humongous regions: 5->5
[2024-08-15T15:06:54.398+0000][9510.342s][info][gc,metaspace] GC(2055) Metaspace: 441450K(448576K)->441450K(448576K) NonClass: 386610K(390848K)->386610K(390848K) Class: 54839K(57728K)->54839K(57728K)
[2024-08-15T15:06:54.398+0000][9510.342s][info][gc          ] GC(2055) Pause Young (Normal) (G1 Evacuation Pause) 9691M->3314M(12288M) 27.282ms
[2024-08-15T15:06:54.398+0000][9510.342s][info][gc,cpu      ] GC(2055) User=0.16s Sys=0.00s Real=0.03s
[2024-08-15T15:07:03.278+0000][9519.223s][info][gc,start    ] GC(2056) Pause Young (Concurrent Start) (G1 Evacuation Pause)
[2024-08-15T15:07:03.278+0000][9519.223s][info][gc,task     ] GC(2056) Using 6 workers of 6 for evacuation
[2024-08-15T15:07:03.315+0000][9519.260s][info][gc,phases   ] GC(2056)   Pre Evacuate Collection Set: 0.5ms
[2024-08-15T15:07:03.315+0000][9519.260s][info][gc,phases   ] GC(2056)   Merge Heap Roots: 0.3ms
[2024-08-15T15:07:03.315+0000][9519.260s][info][gc,phases   ] GC(2056)   Evacuate Collection Set: 34.7ms
[2024-08-15T15:07:03.315+0000][9519.260s][info][gc,phases   ] GC(2056)   Post Evacuate Collection Set: 1.8ms
[2024-08-15T15:07:03.315+0000][9519.260s][info][gc,phases   ] GC(2056)   Other: 0.3ms
[2024-08-15T15:07:03.315+0000][9519.260s][info][gc,heap     ] GC(2056) Eden regions: 798->0(793)
[2024-08-15T15:07:03.315+0000][9519.260s][info][gc,heap     ] GC(2056) Survivor regions: 10->14(101)
[2024-08-15T15:07:03.315+0000][9519.260s][info][gc,heap     ] GC(2056) Old regions: 399->399
[2024-08-15T15:07:03.315+0000][9519.260s][info][gc,heap     ] GC(2056) Archive regions: 2->2
[2024-08-15T15:07:03.315+0000][9519.260s][info][gc,heap     ] GC(2056) Humongous regions: 5->5
[2024-08-15T15:07:03.315+0000][9519.260s][info][gc,metaspace] GC(2056) Metaspace: 441450K(448576K)->441450K(448576K) NonClass: 386610K(390848K)->386610K(390848K) Class: 54839K(57728K)->54839K(57728K)
[2024-08-15T15:07:03.316+0000][9519.260s][info][gc          ] GC(2056) Pause Young (Concurrent Start) (G1 Evacuation Pause) 9698M->3343M(12288M) 37.609ms
[2024-08-15T15:07:03.316+0000][9519.260s][info][gc,cpu      ] GC(2056) User=0.22s Sys=0.00s Real=0.04s
[2024-08-15T15:07:03.316+0000][9519.260s][info][gc          ] GC(2057) Concurrent Mark Cycle
[2024-08-15T15:07:03.316+0000][9519.260s][info][gc,marking  ] GC(2057) Concurrent Clear Claimed Marks
[2024-08-15T15:07:03.316+0000][9519.261s][info][gc,marking  ] GC(2057) Concurrent Clear Claimed Marks 0.432ms
[2024-08-15T15:07:03.316+0000][9519.261s][info][gc,marking  ] GC(2057) Concurrent Scan Root Regions
[2024-08-15T15:07:03.339+0000][9519.283s][info][gc,marking  ] GC(2057) Concurrent Scan Root Regions 22.444ms
[2024-08-15T15:07:03.339+0000][9519.283s][info][gc,marking  ] GC(2057) Concurrent Mark
[2024-08-15T15:07:03.339+0000][9519.283s][info][gc,marking  ] GC(2057) Concurrent Mark From Roots
[2024-08-15T15:07:03.339+0000][9519.283s][info][gc,task     ] GC(2057) Using 2 workers of 2 for marking
[2024-08-15T15:07:05.707+0000][9521.652s][info][gc,marking  ] GC(2057) Concurrent Mark From Roots 2368.892ms
[2024-08-15T15:07:05.707+0000][9521.652s][info][gc,marking  ] GC(2057) Concurrent Preclean
[2024-08-15T15:07:05.709+0000][9521.654s][info][gc,marking  ] GC(2057) Concurrent Preclean 1.743ms
[2024-08-15T15:07:05.709+0000][9521.654s][info][gc,start    ] GC(2057) Pause Remark
[2024-08-15T15:07:05.734+0000][9521.679s][info][gc          ] GC(2057) Pause Remark 4983M->4983M(12288M) 25.055ms
[2024-08-15T15:07:05.735+0000][9521.679s][info][gc,cpu      ] GC(2057) User=0.11s Sys=0.00s Real=0.02s
[2024-08-15T15:07:05.735+0000][9521.679s][info][gc,marking  ] GC(2057) Concurrent Mark 2396.113ms
[2024-08-15T15:07:05.735+0000][9521.679s][info][gc,marking  ] GC(2057) Concurrent Rebuild Remembered Sets
[2024-08-15T15:07:07.213+0000][9523.158s][info][gc,marking  ] GC(2057) Concurrent Rebuild Remembered Sets 1478.521ms
[2024-08-15T15:07:07.213+0000][9523.158s][info][gc,start    ] GC(2057) Pause Cleanup
[2024-08-15T15:07:07.214+0000][9523.159s][info][gc          ] GC(2057) Pause Cleanup 6023M->6023M(12288M) 0.643ms
[2024-08-15T15:07:07.214+0000][9523.159s][info][gc,cpu      ] GC(2057) User=0.01s Sys=0.00s Real=0.00s
[2024-08-15T15:07:07.214+0000][9523.159s][info][gc,marking  ] GC(2057) Concurrent Cleanup for Next Mark
[2024-08-15T15:07:07.232+0000][9523.176s][info][gc,marking  ] GC(2057) Concurrent Cleanup for Next Mark 17.401ms
[2024-08-15T15:07:07.232+0000][9523.176s][info][gc          ] GC(2057) Concurrent Mark Cycle 3916.028ms
[2024-08-15T15:07:11.735+0000][9527.680s][info][gc,start    ] GC(2058) Pause Young (Prepare Mixed) (G1 Evacuation Pause)
[2024-08-15T15:07:11.735+0000][9527.680s][info][gc,task     ] GC(2058) Using 6 workers of 6 for evacuation
[2024-08-15T15:07:11.776+0000][9527.721s][info][gc,phases   ] GC(2058)   Pre Evacuate Collection Set: 0.2ms
[2024-08-15T15:07:11.776+0000][9527.721s][info][gc,phases   ] GC(2058)   Merge Heap Roots: 0.4ms
[2024-08-15T15:07:11.776+0000][9527.721s][info][gc,phases   ] GC(2058)   Evacuate Collection Set: 37.9ms
[2024-08-15T15:07:11.776+0000][9527.721s][info][gc,phases   ] GC(2058)   Post Evacuate Collection Set: 2.1ms
[2024-08-15T15:07:11.776+0000][9527.721s][info][gc,phases   ] GC(2058)   Other: 0.2ms
[2024-08-15T15:07:11.776+0000][9527.721s][info][gc,heap     ] GC(2058) Eden regions: 793->0(62)
[2024-08-15T15:07:11.776+0000][9527.721s][info][gc,heap     ] GC(2058) Survivor regions: 14->14(101)
[2024-08-15T15:07:11.776+0000][9527.721s][info][gc,heap     ] GC(2058) Old regions: 399->399
[2024-08-15T15:07:11.776+0000][9527.721s][info][gc,heap     ] GC(2058) Archive regions: 2->2
[2024-08-15T15:07:11.776+0000][9527.721s][info][gc,heap     ] GC(2058) Humongous regions: 5->5
[2024-08-15T15:07:11.776+0000][9527.721s][info][gc,metaspace] GC(2058) Metaspace: 441452K(448576K)->441452K(448576K) NonClass: 386612K(390848K)->386612K(390848K) Class: 54839K(57728K)->54839K(57728K)
[2024-08-15T15:07:11.776+0000][9527.721s][info][gc          ] GC(2058) Pause Young (Prepare Mixed) (G1 Evacuation Pause) 9687M->3346M(12288M) 40.826ms
[2024-08-15T15:07:11.776+0000][9527.721s][info][gc,cpu      ] GC(2058) User=0.24s Sys=0.00s Real=0.04s
[2024-08-15T15:07:12.456+0000][9528.400s][info][gc,start    ] GC(2059) Pause Young (Mixed) (G1 Evacuation Pause)
[2024-08-15T15:07:12.456+0000][9528.400s][info][gc,task     ] GC(2059) Using 6 workers of 6 for evacuation
[2024-08-15T15:07:12.541+0000][9528.485s][info][gc,phases   ] GC(2059)   Pre Evacuate Collection Set: 0.2ms
[2024-08-15T15:07:12.541+0000][9528.485s][info][gc,phases   ] GC(2059)   Merge Heap Roots: 0.5ms
[2024-08-15T15:07:12.541+0000][9528.485s][info][gc,phases   ] GC(2059)   Evacuate Collection Set: 82.9ms
[2024-08-15T15:07:12.541+0000][9528.485s][info][gc,phases   ] GC(2059)   Post Evacuate Collection Set: 1.4ms
[2024-08-15T15:07:12.541+0000][9528.485s][info][gc,phases   ] GC(2059)   Other: 0.2ms
[2024-08-15T15:07:12.541+0000][9528.485s][info][gc,heap     ] GC(2059) Eden regions: 62->0(803)
[2024-08-15T15:07:12.541+0000][9528.485s][info][gc,heap     ] GC(2059) Survivor regions: 14->5(10)
[2024-08-15T15:07:12.541+0000][9528.485s][info][gc,heap     ] GC(2059) Old regions: 399->399
[2024-08-15T15:07:12.541+0000][9528.485s][info][gc,heap     ] GC(2059) Archive regions: 2->2
[2024-08-15T15:07:12.541+0000][9528.485s][info][gc,heap     ] GC(2059) Humongous regions: 5->5
[2024-08-15T15:07:12.541+0000][9528.485s][info][gc,metaspace] GC(2059) Metaspace: 441452K(448576K)->441452K(448576K) NonClass: 386612K(390848K)->386612K(390848K) Class: 54839K(57728K)->54839K(57728K)
[2024-08-15T15:07:12.541+0000][9528.485s][info][gc          ] GC(2059) Pause Young (Mixed) (G1 Evacuation Pause) 3842M->3275M(12288M) 85.326ms
[2024-08-15T15:07:12.541+0000][9528.486s][info][gc,cpu      ] GC(2059) User=0.50s Sys=0.00s Real=0.08s
[2024-08-15T15:07:21.125+0000][9537.070s][info][gc,start    ] GC(2060) Pause Young (Normal) (G1 Evacuation Pause)
[2024-08-15T15:07:21.125+0000][9537.070s][info][gc,task     ] GC(2060) Using 6 workers of 6 for evacuation
[2024-08-15T15:07:21.148+0000][9537.092s][info][gc,phases   ] GC(2060)   Pre Evacuate Collection Set: 0.2ms
[2024-08-15T15:07:21.148+0000][9537.092s][info][gc,phases   ] GC(2060)   Merge Heap Roots: 0.3ms
[2024-08-15T15:07:21.148+0000][9537.092s][info][gc,phases   ] GC(2060)   Evacuate Collection Set: 19.9ms
[2024-08-15T15:07:21.148+0000][9537.092s][info][gc,phases   ] GC(2060)   Post Evacuate Collection Set: 1.9ms
[2024-08-15T15:07:21.148+0000][9537.092s][info][gc,phases   ] GC(2060)   Other: 0.2ms
[2024-08-15T15:07:21.148+0000][9537.092s][info][gc,heap     ] GC(2060) Eden regions: 803->0(802)
[2024-08-15T15:07:21.148+0000][9537.092s][info][gc,heap     ] GC(2060) Survivor regions: 5->7(101)
[2024-08-15T15:07:21.148+0000][9537.093s][info][gc,heap     ] GC(2060) Old regions: 399->399
[2024-08-15T15:07:21.148+0000][9537.093s][info][gc,heap     ] GC(2060) Archive regions: 2->2
[2024-08-15T15:07:21.148+0000][9537.093s][info][gc,heap     ] GC(2060) Humongous regions: 5->5
[2024-08-15T15:07:21.148+0000][9537.093s][info][gc,metaspace] GC(2060) Metaspace: 441452K(448576K)->441452K(448576K) NonClass: 386612K(390848K)->386612K(390848K) Class: 54839K(57728K)->54839K(57728K)
[2024-08-15T15:07:21.148+0000][9537.093s][info][gc          ] GC(2060) Pause Young (Normal) (G1 Evacuation Pause) 9699M->3285M(12288M) 22.492ms
[2024-08-15T15:07:21.148+0000][9537.093s][info][gc,cpu      ] GC(2060) User=0.14s Sys=0.00s Real=0.02s
[2024-08-15T15:07:30.037+0000][9545.982s][info][gc,start    ] GC(2061) Pause Young (Normal) (G1 Evacuation Pause)
[2024-08-15T15:07:30.037+0000][9545.982s][info][gc,task     ] GC(2061) Using 6 workers of 6 for evacuation
[2024-08-15T15:07:30.062+0000][9546.007s][info][gc,phases   ] GC(2061)   Pre Evacuate Collection Set: 0.2ms
[2024-08-15T15:07:30.062+0000][9546.007s][info][gc,phases   ] GC(2061)   Merge Heap Roots: 0.2ms
[2024-08-15T15:07:30.062+0000][9546.007s][info][gc,phases   ] GC(2061)   Evacuate Collection Set: 23.0ms
[2024-08-15T15:07:30.062+0000][9546.007s][info][gc,phases   ] GC(2061)   Post Evacuate Collection Set: 1.7ms
[2024-08-15T15:07:30.062+0000][9546.007s][info][gc,phases   ] GC(2061)   Other: 0.2ms
[2024-08-15T15:07:30.062+0000][9546.007s][info][gc,heap     ] GC(2061) Eden regions: 802->0(799)
[2024-08-15T15:07:30.062+0000][9546.007s][info][gc,heap     ] GC(2061) Survivor regions: 7->10(102)
[2024-08-15T15:07:30.062+0000][9546.007s][info][gc,heap     ] GC(2061) Old regions: 399->399
[2024-08-15T15:07:30.062+0000][9546.007s][info][gc,heap     ] GC(2061) Archive regions: 2->2
[2024-08-15T15:07:30.062+0000][9546.007s][info][gc,heap     ] GC(2061) Humongous regions: 5->5
[2024-08-15T15:07:30.062+0000][9546.007s][info][gc,metaspace] GC(2061) Metaspace: 441452K(448576K)->441452K(448576K) NonClass: 386612K(390848K)->386612K(390848K) Class: 54839K(57728K)->54839K(57728K)
[2024-08-15T15:07:30.062+0000][9546.007s][info][gc          ] GC(2061) Pause Young (Normal) (G1 Evacuation Pause) 9701M->3314M(12288M) 25.495ms
[2024-08-15T15:07:30.063+0000][9546.007s][info][gc,cpu      ] GC(2061) User=0.15s Sys=0.00s Real=0.02s
[2024-08-15T15:07:38.733+0000][9554.678s][info][gc,start    ] GC(2062) Pause Young (Concurrent Start) (G1 Evacuation Pause)
[2024-08-15T15:07:38.733+0000][9554.678s][info][gc,task     ] GC(2062) Using 6 workers of 6 for evacuation
[2024-08-15T15:07:38.765+0000][9554.710s][info][gc,phases   ] GC(2062)   Pre Evacuate Collection Set: 0.6ms
[2024-08-15T15:07:38.765+0000][9554.710s][info][gc,phases   ] GC(2062)   Merge Heap Roots: 0.3ms
[2024-08-15T15:07:38.765+0000][9554.710s][info][gc,phases   ] GC(2062)   Evacuate Collection Set: 29.4ms
[2024-08-15T15:07:38.765+0000][9554.710s][info][gc,phases   ] GC(2062)   Post Evacuate Collection Set: 1.9ms
[2024-08-15T15:07:38.765+0000][9554.710s][info][gc,phases   ] GC(2062)   Other: 0.3ms
[2024-08-15T15:07:38.765+0000][9554.710s][info][gc,heap     ] GC(2062) Eden regions: 799->0(796)
[2024-08-15T15:07:38.765+0000][9554.710s][info][gc,heap     ] GC(2062) Survivor regions: 10->13(102)
[2024-08-15T15:07:38.765+0000][9554.710s][info][gc,heap     ] GC(2062) Old regions: 399->399
[2024-08-15T15:07:38.765+0000][9554.710s][info][gc,heap     ] GC(2062) Archive regions: 2->2
[2024-08-15T15:07:38.765+0000][9554.710s][info][gc,heap     ] GC(2062) Humongous regions: 5->5
[2024-08-15T15:07:38.766+0000][9554.710s][info][gc,metaspace] GC(2062) Metaspace: 441463K(448576K)->441463K(448576K) NonClass: 386623K(390848K)->386623K(390848K) Class: 54839K(57728K)->54839K(57728K)
[2024-08-15T15:07:38.766+0000][9554.710s][info][gc          ] GC(2062) Pause Young (Concurrent Start) (G1 Evacuation Pause) 9706M->3339M(12288M) 32.409ms
[2024-08-15T15:07:38.766+0000][9554.710s][info][gc,cpu      ] GC(2062) User=0.18s Sys=0.00s Real=0.04s
[2024-08-15T15:07:38.766+0000][9554.710s][info][gc          ] GC(2063) Concurrent Mark Cycle
[2024-08-15T15:07:38.766+0000][9554.710s][info][gc,marking  ] GC(2063) Concurrent Clear Claimed Marks
[2024-08-15T15:07:38.766+0000][9554.711s][info][gc,marking  ] GC(2063) Concurrent Clear Claimed Marks 0.409ms
[2024-08-15T15:07:38.766+0000][9554.711s][info][gc,marking  ] GC(2063) Concurrent Scan Root Regions
[2024-08-15T15:07:38.792+0000][9554.737s][info][gc,marking  ] GC(2063) Concurrent Scan Root Regions 26.104ms
[2024-08-15T15:07:38.792+0000][9554.737s][info][gc,marking  ] GC(2063) Concurrent Mark
[2024-08-15T15:07:38.792+0000][9554.737s][info][gc,marking  ] GC(2063) Concurrent Mark From Roots
[2024-08-15T15:07:38.792+0000][9554.737s][info][gc,task     ] GC(2063) Using 2 workers of 2 for marking
[2024-08-15T15:07:41.290+0000][9557.235s][info][gc,marking  ] GC(2063) Concurrent Mark From Roots 2497.675ms
[2024-08-15T15:07:41.290+0000][9557.235s][info][gc,marking  ] GC(2063) Concurrent Preclean
[2024-08-15T15:07:41.292+0000][9557.236s][info][gc,marking  ] GC(2063) Concurrent Preclean 1.800ms
[2024-08-15T15:07:41.292+0000][9557.236s][info][gc,start    ] GC(2063) Pause Remark
[2024-08-15T15:07:41.315+0000][9557.260s][info][gc          ] GC(2063) Pause Remark 5095M->5095M(12288M) 23.493ms
[2024-08-15T15:07:41.315+0000][9557.260s][info][gc,cpu      ] GC(2063) User=0.10s Sys=0.00s Real=0.03s
[2024-08-15T15:07:41.316+0000][9557.260s][info][gc,marking  ] GC(2063) Concurrent Mark 2523.320ms
[2024-08-15T15:07:41.316+0000][9557.260s][info][gc,marking  ] GC(2063) Concurrent Rebuild Remembered Sets
[2024-08-15T15:07:42.739+0000][9558.683s][info][gc,marking  ] GC(2063) Concurrent Rebuild Remembered Sets 1423.107ms
[2024-08-15T15:07:42.739+0000][9558.683s][info][gc,start    ] GC(2063) Pause Cleanup
[2024-08-15T15:07:42.740+0000][9558.684s][info][gc          ] GC(2063) Pause Cleanup 6043M->6043M(12288M) 0.659ms
[2024-08-15T15:07:42.740+0000][9558.684s][info][gc,cpu      ] GC(2063) User=0.00s Sys=0.00s Real=0.00s
[2024-08-15T15:07:42.740+0000][9558.684s][info][gc,marking  ] GC(2063) Concurrent Cleanup for Next Mark
[2024-08-15T15:07:42.757+0000][9558.702s][info][gc,marking  ] GC(2063) Concurrent Cleanup for Next Mark 17.721ms
[2024-08-15T15:07:42.757+0000][9558.702s][info][gc          ] GC(2063) Concurrent Mark Cycle 3991.853ms
[2024-08-15T15:07:47.632+0000][9563.577s][info][gc,start    ] GC(2064) Pause Young (Prepare Mixed) (G1 Evacuation Pause)
[2024-08-15T15:07:47.632+0000][9563.577s][info][gc,task     ] GC(2064) Using 6 workers of 6 for evacuation
[2024-08-15T15:07:47.669+0000][9563.614s][info][gc,phases   ] GC(2064)   Pre Evacuate Collection Set: 0.2ms
[2024-08-15T15:07:47.669+0000][9563.614s][info][gc,phases   ] GC(2064)   Merge Heap Roots: 0.4ms
[2024-08-15T15:07:47.669+0000][9563.614s][info][gc,phases   ] GC(2064)   Evacuate Collection Set: 34.3ms
[2024-08-15T15:07:47.669+0000][9563.614s][info][gc,phases   ] GC(2064)   Post Evacuate Collection Set: 1.8ms
[2024-08-15T15:07:47.669+0000][9563.614s][info][gc,phases   ] GC(2064)   Other: 0.2ms
[2024-08-15T15:07:47.669+0000][9563.614s][info][gc,heap     ] GC(2064) Eden regions: 796->0(62)
[2024-08-15T15:07:47.669+0000][9563.614s][info][gc,heap     ] GC(2064) Survivor regions: 13->14(102)
[2024-08-15T15:07:47.669+0000][9563.614s][info][gc,heap     ] GC(2064) Old regions: 399->399
[2024-08-15T15:07:47.669+0000][9563.614s][info][gc,heap     ] GC(2064) Archive regions: 2->2
[2024-08-15T15:07:47.669+0000][9563.614s][info][gc,heap     ] GC(2064) Humongous regions: 5->5
[2024-08-15T15:07:47.669+0000][9563.614s][info][gc,metaspace] GC(2064) Metaspace: 441463K(448576K)->441463K(448576K) NonClass: 386623K(390848K)->386623K(390848K) Class: 54839K(57728K)->54839K(57728K)
[2024-08-15T15:07:47.669+0000][9563.614s][info][gc          ] GC(2064) Pause Young (Prepare Mixed) (G1 Evacuation Pause) 9707M->3345M(12288M) 36.904ms
[2024-08-15T15:07:47.669+0000][9563.614s][info][gc,cpu      ] GC(2064) User=0.22s Sys=0.00s Real=0.04s
[2024-08-15T15:07:48.341+0000][9564.286s][info][gc,start    ] GC(2065) Pause Young (Mixed) (G1 Evacuation Pause)
[2024-08-15T15:07:48.341+0000][9564.286s][info][gc,task     ] GC(2065) Using 6 workers of 6 for evacuation
[2024-08-15T15:07:48.428+0000][9564.373s][info][gc,phases   ] GC(2065)   Pre Evacuate Collection Set: 0.2ms
[2024-08-15T15:07:48.428+0000][9564.373s][info][gc,phases   ] GC(2065)   Merge Heap Roots: 0.4ms
[2024-08-15T15:07:48.428+0000][9564.373s][info][gc,phases   ] GC(2065)   Evacuate Collection Set: 84.9ms
[2024-08-15T15:07:48.428+0000][9564.373s][info][gc,phases   ] GC(2065)   Post Evacuate Collection Set: 1.5ms
[2024-08-15T15:07:48.428+0000][9564.373s][info][gc,phases   ] GC(2065)   Other: 0.2ms
[2024-08-15T15:07:48.428+0000][9564.373s][info][gc,heap     ] GC(2065) Eden regions: 62->0(803)
[2024-08-15T15:07:48.428+0000][9564.373s][info][gc,heap     ] GC(2065) Survivor regions: 14->5(10)
[2024-08-15T15:07:48.428+0000][9564.373s][info][gc,heap     ] GC(2065) Old regions: 399->400
[2024-08-15T15:07:48.428+0000][9564.373s][info][gc,heap     ] GC(2065) Archive regions: 2->2
[2024-08-15T15:07:48.428+0000][9564.373s][info][gc,heap     ] GC(2065) Humongous regions: 5->5
[2024-08-15T15:07:48.428+0000][9564.373s][info][gc,metaspace] GC(2065) Metaspace: 441463K(448576K)->441463K(448576K) NonClass: 386623K(390848K)->386623K(390848K) Class: 54839K(57728K)->54839K(57728K)
[2024-08-15T15:07:48.428+0000][9564.373s][info][gc          ] GC(2065) Pause Young (Mixed) (G1 Evacuation Pause) 3841M->3278M(12288M) 87.212ms
[2024-08-15T15:07:48.428+0000][9564.373s][info][gc,cpu      ] GC(2065) User=0.52s Sys=0.00s Real=0.09s
[2024-08-15T15:07:57.128+0000][9573.073s][info][gc,start    ] GC(2066) Pause Young (Normal) (G1 Evacuation Pause)
[2024-08-15T15:07:57.128+0000][9573.073s][info][gc,task     ] GC(2066) Using 6 workers of 6 for evacuation
[2024-08-15T15:07:57.150+0000][9573.095s][info][gc,phases   ] GC(2066)   Pre Evacuate Collection Set: 0.2ms
[2024-08-15T15:07:57.150+0000][9573.095s][info][gc,phases   ] GC(2066)   Merge Heap Roots: 0.3ms
[2024-08-15T15:07:57.150+0000][9573.095s][info][gc,phases   ] GC(2066)   Evacuate Collection Set: 19.7ms
[2024-08-15T15:07:57.150+0000][9573.095s][info][gc,phases   ] GC(2066)   Post Evacuate Collection Set: 1.7ms
[2024-08-15T15:07:57.150+0000][9573.095s][info][gc,phases   ] GC(2066)   Other: 0.2ms
[2024-08-15T15:07:57.150+0000][9573.095s][info][gc,heap     ] GC(2066) Eden regions: 803->0(800)
[2024-08-15T15:07:57.151+0000][9573.095s][info][gc,heap     ] GC(2066) Survivor regions: 5->8(101)
[2024-08-15T15:07:57.151+0000][9573.095s][info][gc,heap     ] GC(2066) Old regions: 400->400
[2024-08-15T15:07:57.151+0000][9573.095s][info][gc,heap     ] GC(2066) Archive regions: 2->2
[2024-08-15T15:07:57.151+0000][9573.095s][info][gc,heap     ] GC(2066) Humongous regions: 5->5
[2024-08-15T15:07:57.151+0000][9573.095s][info][gc,metaspace] GC(2066) Metaspace: 441463K(448576K)->441463K(448576K) NonClass: 386623K(390848K)->386623K(390848K) Class: 54839K(57728K)->54839K(57728K)
[2024-08-15T15:07:57.151+0000][9573.095s][info][gc          ] GC(2066) Pause Young (Normal) (G1 Evacuation Pause) 9702M->3301M(12288M) 22.118ms
[2024-08-15T15:07:57.151+0000][9573.095s][info][gc,cpu      ] GC(2066) User=0.13s Sys=0.00s Real=0.02s
[2024-08-15T15:08:05.779+0000][9581.723s][info][gc,start    ] GC(2067) Pause Young (Normal) (G1 Evacuation Pause)
[2024-08-15T15:08:05.779+0000][9581.723s][info][gc,task     ] GC(2067) Using 6 workers of 6 for evacuation
[2024-08-15T15:08:05.806+0000][9581.750s][info][gc,phases   ] GC(2067)   Pre Evacuate Collection Set: 0.2ms
[2024-08-15T15:08:05.806+0000][9581.750s][info][gc,phases   ] GC(2067)   Merge Heap Roots: 0.3ms
[2024-08-15T15:08:05.806+0000][9581.750s][info][gc,phases   ] GC(2067)   Evacuate Collection Set: 24.6ms
[2024-08-15T15:08:05.806+0000][9581.750s][info][gc,phases   ] GC(2067)   Post Evacuate Collection Set: 1.7ms
[2024-08-15T15:08:05.806+0000][9581.750s][info][gc,phases   ] GC(2067)   Other: 0.2ms
[2024-08-15T15:08:05.806+0000][9581.750s][info][gc,heap     ] GC(2067) Eden regions: 800->0(798)
[2024-08-15T15:08:05.806+0000][9581.750s][info][gc,heap     ] GC(2067) Survivor regions: 8->10(101)
[2024-08-15T15:08:05.806+0000][9581.750s][info][gc,heap     ] GC(2067) Old regions: 400->400
[2024-08-15T15:08:05.806+0000][9581.750s][info][gc,heap     ] GC(2067) Archive regions: 2->2
[2024-08-15T15:08:05.806+0000][9581.750s][info][gc,heap     ] GC(2067) Humongous regions: 5->5
[2024-08-15T15:08:05.806+0000][9581.750s][info][gc,metaspace] GC(2067) Metaspace: 441463K(448576K)->441463K(448576K) NonClass: 386623K(390848K)->386623K(390848K) Class: 54839K(57728K)->54839K(57728K)
[2024-08-15T15:08:05.806+0000][9581.750s][info][gc          ] GC(2067) Pause Young (Normal) (G1 Evacuation Pause) 9701M->3318M(12288M) 27.071ms
[2024-08-15T15:08:05.806+0000][9581.751s][info][gc,cpu      ] GC(2067) User=0.16s Sys=0.00s Real=0.03s
[2024-08-15T15:08:14.368+0000][9590.313s][info][gc,start    ] GC(2068) Pause Young (Concurrent Start) (G1 Evacuation Pause)
[2024-08-15T15:08:14.368+0000][9590.313s][info][gc,task     ] GC(2068) Using 6 workers of 6 for evacuation
[2024-08-15T15:08:14.403+0000][9590.347s][info][gc,phases   ] GC(2068)   Pre Evacuate Collection Set: 0.6ms
[2024-08-15T15:08:14.403+0000][9590.347s][info][gc,phases   ] GC(2068)   Merge Heap Roots: 0.3ms
[2024-08-15T15:08:14.403+0000][9590.347s][info][gc,phases   ] GC(2068)   Evacuate Collection Set: 31.8ms
[2024-08-15T15:08:14.403+0000][9590.347s][info][gc,phases   ] GC(2068)   Post Evacuate Collection Set: 1.7ms
[2024-08-15T15:08:14.403+0000][9590.347s][info][gc,phases   ] GC(2068)   Other: 0.3ms
[2024-08-15T15:08:14.403+0000][9590.347s][info][gc,heap     ] GC(2068) Eden regions: 798->0(797)
[2024-08-15T15:08:14.403+0000][9590.347s][info][gc,heap     ] GC(2068) Survivor regions: 10->11(101)
[2024-08-15T15:08:14.403+0000][9590.348s][info][gc,heap     ] GC(2068) Old regions: 400->400
[2024-08-15T15:08:14.403+0000][9590.348s][info][gc,heap     ] GC(2068) Archive regions: 2->2
[2024-08-15T15:08:14.403+0000][9590.348s][info][gc,heap     ] GC(2068) Humongous regions: 5->5
[2024-08-15T15:08:14.403+0000][9590.348s][info][gc,metaspace] GC(2068) Metaspace: 441463K(448576K)->441463K(448576K) NonClass: 386623K(390848K)->386623K(390848K) Class: 54839K(57728K)->54839K(57728K)
[2024-08-15T15:08:14.403+0000][9590.348s][info][gc          ] GC(2068) Pause Young (Concurrent Start) (G1 Evacuation Pause) 9702M->3323M(12288M) 34.732ms
[2024-08-15T15:08:14.403+0000][9590.348s][info][gc,cpu      ] GC(2068) User=0.20s Sys=0.00s Real=0.03s
[2024-08-15T15:08:14.403+0000][9590.348s][info][gc          ] GC(2069) Concurrent Mark Cycle
[2024-08-15T15:08:14.403+0000][9590.348s][info][gc,marking  ] GC(2069) Concurrent Clear Claimed Marks
[2024-08-15T15:08:14.403+0000][9590.348s][info][gc,marking  ] GC(2069) Concurrent Clear Claimed Marks 0.390ms
[2024-08-15T15:08:14.403+0000][9590.348s][info][gc,marking  ] GC(2069) Concurrent Scan Root Regions
[2024-08-15T15:08:14.437+0000][9590.381s][info][gc,marking  ] GC(2069) Concurrent Scan Root Regions 33.041ms
[2024-08-15T15:08:14.437+0000][9590.381s][info][gc,marking  ] GC(2069) Concurrent Mark
[2024-08-15T15:08:14.437+0000][9590.381s][info][gc,marking  ] GC(2069) Concurrent Mark From Roots
[2024-08-15T15:08:14.437+0000][9590.381s][info][gc,task     ] GC(2069) Using 2 workers of 2 for marking
[2024-08-15T15:08:16.756+0000][9592.701s][info][gc,marking  ] GC(2069) Concurrent Mark From Roots 2319.621ms
[2024-08-15T15:08:16.756+0000][9592.701s][info][gc,marking  ] GC(2069) Concurrent Preclean
[2024-08-15T15:08:16.758+0000][9592.702s][info][gc,marking  ] GC(2069) Concurrent Preclean 1.639ms
[2024-08-15T15:08:16.758+0000][9592.703s][info][gc,start    ] GC(2069) Pause Remark
[2024-08-15T15:08:16.783+0000][9592.728s][info][gc          ] GC(2069) Pause Remark 4915M->4915M(12288M) 25.023ms
[2024-08-15T15:08:16.783+0000][9592.728s][info][gc,cpu      ] GC(2069) User=0.11s Sys=0.00s Real=0.03s
[2024-08-15T15:08:16.783+0000][9592.728s][info][gc,marking  ] GC(2069) Concurrent Mark 2346.652ms
[2024-08-15T15:08:16.783+0000][9592.728s][info][gc,marking  ] GC(2069) Concurrent Rebuild Remembered Sets
[2024-08-15T15:08:18.173+0000][9594.118s][info][gc,marking  ] GC(2069) Concurrent Rebuild Remembered Sets 1389.808ms
[2024-08-15T15:08:18.173+0000][9594.118s][info][gc,start    ] GC(2069) Pause Cleanup
[2024-08-15T15:08:18.174+0000][9594.119s][info][gc          ] GC(2069) Pause Cleanup 5883M->5883M(12288M) 0.616ms
[2024-08-15T15:08:18.174+0000][9594.119s][info][gc,cpu      ] GC(2069) User=0.00s Sys=0.00s Real=0.00s
[2024-08-15T15:08:18.174+0000][9594.119s][info][gc,marking  ] GC(2069) Concurrent Cleanup for Next Mark
[2024-08-15T15:08:18.191+0000][9594.135s][info][gc,marking  ] GC(2069) Concurrent Cleanup for Next Mark 16.797ms
[2024-08-15T15:08:18.191+0000][9594.135s][info][gc          ] GC(2069) Concurrent Mark Cycle 3787.837ms
[2024-08-15T15:08:23.506+0000][9599.451s][info][gc,start    ] GC(2070) Pause Young (Prepare Mixed) (G1 Evacuation Pause)
[2024-08-15T15:08:23.506+0000][9599.451s][info][gc,task     ] GC(2070) Using 6 workers of 6 for evacuation
[2024-08-15T15:08:23.547+0000][9599.492s][info][gc,phases   ] GC(2070)   Pre Evacuate Collection Set: 0.2ms
[2024-08-15T15:08:23.547+0000][9599.492s][info][gc,phases   ] GC(2070)   Merge Heap Roots: 0.4ms
[2024-08-15T15:08:23.547+0000][9599.492s][info][gc,phases   ] GC(2070)   Evacuate Collection Set: 38.8ms
[2024-08-15T15:08:23.547+0000][9599.492s][info][gc,phases   ] GC(2070)   Post Evacuate Collection Set: 1.8ms
[2024-08-15T15:08:23.547+0000][9599.492s][info][gc,phases   ] GC(2070)   Other: 0.2ms
[2024-08-15T15:08:23.547+0000][9599.492s][info][gc,heap     ] GC(2070) Eden regions: 797->0(62)
[2024-08-15T15:08:23.547+0000][9599.492s][info][gc,heap     ] GC(2070) Survivor regions: 11->14(101)
[2024-08-15T15:08:23.547+0000][9599.492s][info][gc,heap     ] GC(2070) Old regions: 400->400
[2024-08-15T15:08:23.547+0000][9599.492s][info][gc,heap     ] GC(2070) Archive regions: 2->2
[2024-08-15T15:08:23.547+0000][9599.492s][info][gc,heap     ] GC(2070) Humongous regions: 5->5
[2024-08-15T15:08:23.547+0000][9599.492s][info][gc,metaspace] GC(2070) Metaspace: 441463K(448576K)->441463K(448576K) NonClass: 386623K(390848K)->386623K(390848K) Class: 54839K(57728K)->54839K(57728K)
[2024-08-15T15:08:23.547+0000][9599.492s][info][gc          ] GC(2070) Pause Young (Prepare Mixed) (G1 Evacuation Pause) 9699M->3350M(12288M) 41.318ms
[2024-08-15T15:08:23.547+0000][9599.492s][info][gc,cpu      ] GC(2070) User=0.24s Sys=0.00s Real=0.04s
[2024-08-15T15:08:24.202+0000][9600.146s][info][gc,start    ] GC(2071) Pause Young (Mixed) (G1 Evacuation Pause)
[2024-08-15T15:08:24.202+0000][9600.147s][info][gc,task     ] GC(2071) Using 6 workers of 6 for evacuation
[2024-08-15T15:08:24.286+0000][9600.230s][info][gc,phases   ] GC(2071)   Pre Evacuate Collection Set: 0.2ms
[2024-08-15T15:08:24.286+0000][9600.230s][info][gc,phases   ] GC(2071)   Merge Heap Roots: 0.5ms
[2024-08-15T15:08:24.286+0000][9600.230s][info][gc,phases   ] GC(2071)   Evacuate Collection Set: 81.7ms
[2024-08-15T15:08:24.286+0000][9600.230s][info][gc,phases   ] GC(2071)   Post Evacuate Collection Set: 1.3ms
[2024-08-15T15:08:24.286+0000][9600.230s][info][gc,phases   ] GC(2071)   Other: 0.2ms
[2024-08-15T15:08:24.286+0000][9600.230s][info][gc,heap     ] GC(2071) Eden regions: 62->0(803)
[2024-08-15T15:08:24.286+0000][9600.230s][info][gc,heap     ] GC(2071) Survivor regions: 14->5(10)
[2024-08-15T15:08:24.286+0000][9600.230s][info][gc,heap     ] GC(2071) Old regions: 400->400
[2024-08-15T15:08:24.286+0000][9600.230s][info][gc,heap     ] GC(2071) Archive regions: 2->2
[2024-08-15T15:08:24.286+0000][9600.230s][info][gc,heap     ] GC(2071) Humongous regions: 5->5
[2024-08-15T15:08:24.286+0000][9600.230s][info][gc,metaspace] GC(2071) Metaspace: 441463K(448576K)->441463K(448576K) NonClass: 386623K(390848K)->386623K(390848K) Class: 54839K(57728K)->54839K(57728K)
[2024-08-15T15:08:24.286+0000][9600.230s][info][gc          ] GC(2071) Pause Young (Mixed) (G1 Evacuation Pause) 3846M->3280M(12288M) 83.890ms
[2024-08-15T15:08:24.286+0000][9600.230s][info][gc,cpu      ] GC(2071) User=0.49s Sys=0.00s Real=0.09s
[2024-08-15T15:08:33.085+0000][9609.030s][info][gc,start    ] GC(2072) Pause Young (Normal) (G1 Evacuation Pause)
[2024-08-15T15:08:33.085+0000][9609.030s][info][gc,task     ] GC(2072) Using 6 workers of 6 for evacuation
[2024-08-15T15:08:33.107+0000][9609.052s][info][gc,phases   ] GC(2072)   Pre Evacuate Collection Set: 0.2ms
[2024-08-15T15:08:33.107+0000][9609.052s][info][gc,phases   ] GC(2072)   Merge Heap Roots: 0.3ms
[2024-08-15T15:08:33.107+0000][9609.052s][info][gc,phases   ] GC(2072)   Evacuate Collection Set: 19.5ms
[2024-08-15T15:08:33.107+0000][9609.052s][info][gc,phases   ] GC(2072)   Post Evacuate Collection Set: 1.7ms
[2024-08-15T15:08:33.107+0000][9609.052s][info][gc,phases   ] GC(2072)   Other: 0.2ms
[2024-08-15T15:08:33.107+0000][9609.052s][info][gc,heap     ] GC(2072) Eden regions: 803->0(800)
[2024-08-15T15:08:33.107+0000][9609.052s][info][gc,heap     ] GC(2072) Survivor regions: 5->8(101)
[2024-08-15T15:08:33.107+0000][9609.052s][info][gc,heap     ] GC(2072) Old regions: 400->400
[2024-08-15T15:08:33.107+0000][9609.052s][info][gc,heap     ] GC(2072) Archive regions: 2->2
[2024-08-15T15:08:33.107+0000][9609.052s][info][gc,heap     ] GC(2072) Humongous regions: 5->5
[2024-08-15T15:08:33.107+0000][9609.052s][info][gc,metaspace] GC(2072) Metaspace: 441463K(448576K)->441463K(448576K) NonClass: 386623K(390848K)->386623K(390848K) Class: 54839K(57728K)->54839K(57728K)
[2024-08-15T15:08:33.107+0000][9609.052s][info][gc          ] GC(2072) Pause Young (Normal) (G1 Evacuation Pause) 9704M->3304M(12288M) 21.961ms
[2024-08-15T15:08:33.107+0000][9609.052s][info][gc,cpu      ] GC(2072) User=0.13s Sys=0.00s Real=0.02s
[2024-08-15T15:08:41.584+0000][9617.529s][info][gc,start    ] GC(2073) Pause Young (Normal) (G1 Evacuation Pause)
[2024-08-15T15:08:41.584+0000][9617.529s][info][gc,task     ] GC(2073) Using 6 workers of 6 for evacuation
[2024-08-15T15:08:41.610+0000][9617.555s][info][gc,phases   ] GC(2073)   Pre Evacuate Collection Set: 0.2ms
[2024-08-15T15:08:41.610+0000][9617.555s][info][gc,phases   ] GC(2073)   Merge Heap Roots: 0.3ms
[2024-08-15T15:08:41.610+0000][9617.555s][info][gc,phases   ] GC(2073)   Evacuate Collection Set: 23.7ms
[2024-08-15T15:08:41.610+0000][9617.555s][info][gc,phases   ] GC(2073)   Post Evacuate Collection Set: 1.8ms
[2024-08-15T15:08:41.610+0000][9617.555s][info][gc,phases   ] GC(2073)   Other: 0.2ms
[2024-08-15T15:08:41.610+0000][9617.555s][info][gc,heap     ] GC(2073) Eden regions: 800->0(798)
[2024-08-15T15:08:41.610+0000][9617.555s][info][gc,heap     ] GC(2073) Survivor regions: 8->10(101)
[2024-08-15T15:08:41.610+0000][9617.555s][info][gc,heap     ] GC(2073) Old regions: 400->400
[2024-08-15T15:08:41.610+0000][9617.555s][info][gc,heap     ] GC(2073) Archive regions: 2->2
[2024-08-15T15:08:41.610+0000][9617.555s][info][gc,heap     ] GC(2073) Humongous regions: 5->5
[2024-08-15T15:08:41.610+0000][9617.555s][info][gc,metaspace] GC(2073) Metaspace: 441463K(448576K)->441463K(448576K) NonClass: 386623K(390848K)->386623K(390848K) Class: 54839K(57728K)->54839K(57728K)
[2024-08-15T15:08:41.610+0000][9617.555s][info][gc          ] GC(2073) Pause Young (Normal) (G1 Evacuation Pause) 9704M->3316M(12288M) 26.266ms
[2024-08-15T15:08:41.611+0000][9617.555s][info][gc,cpu      ] GC(2073) User=0.15s Sys=0.00s Real=0.02s
[2024-08-15T15:08:50.295+0000][9626.239s][info][gc,start    ] GC(2074) Pause Young (Concurrent Start) (G1 Evacuation Pause)
[2024-08-15T15:08:50.295+0000][9626.239s][info][gc,task     ] GC(2074) Using 6 workers of 6 for evacuation
[2024-08-15T15:08:50.327+0000][9626.271s][info][gc,phases   ] GC(2074)   Pre Evacuate Collection Set: 0.6ms
[2024-08-15T15:08:50.327+0000][9626.271s][info][gc,phases   ] GC(2074)   Merge Heap Roots: 0.3ms
[2024-08-15T15:08:50.327+0000][9626.271s][info][gc,phases   ] GC(2074)   Evacuate Collection Set: 28.9ms
[2024-08-15T15:08:50.327+0000][9626.271s][info][gc,phases   ] GC(2074)   Post Evacuate Collection Set: 1.7ms
[2024-08-15T15:08:50.327+0000][9626.271s][info][gc,phases   ] GC(2074)   Other: 0.3ms
[2024-08-15T15:08:50.327+0000][9626.271s][info][gc,heap     ] GC(2074) Eden regions: 798->0(795)
[2024-08-15T15:08:50.327+0000][9626.271s][info][gc,heap     ] GC(2074) Survivor regions: 10->13(101)
[2024-08-15T15:08:50.327+0000][9626.271s][info][gc,heap     ] GC(2074) Old regions: 400->400
[2024-08-15T15:08:50.327+0000][9626.271s][info][gc,heap     ] GC(2074) Archive regions: 2->2
[2024-08-15T15:08:50.327+0000][9626.271s][info][gc,heap     ] GC(2074) Humongous regions: 5->5
[2024-08-15T15:08:50.327+0000][9626.271s][info][gc,metaspace] GC(2074) Metaspace: 441463K(448576K)->441463K(448576K) NonClass: 386623K(390848K)->386623K(390848K) Class: 54839K(57728K)->54839K(57728K)
[2024-08-15T15:08:50.327+0000][9626.271s][info][gc          ] GC(2074) Pause Young (Concurrent Start) (G1 Evacuation Pause) 9700M->3340M(12288M) 31.795ms
[2024-08-15T15:08:50.327+0000][9626.271s][info][gc,cpu      ] GC(2074) User=0.19s Sys=0.00s Real=0.04s
[2024-08-15T15:08:50.327+0000][9626.271s][info][gc          ] GC(2075) Concurrent Mark Cycle
[2024-08-15T15:08:50.327+0000][9626.271s][info][gc,marking  ] GC(2075) Concurrent Clear Claimed Marks
[2024-08-15T15:08:50.327+0000][9626.272s][info][gc,marking  ] GC(2075) Concurrent Clear Claimed Marks 0.428ms
[2024-08-15T15:08:50.327+0000][9626.272s][info][gc,marking  ] GC(2075) Concurrent Scan Root Regions
[2024-08-15T15:08:50.362+0000][9626.306s][info][gc,marking  ] GC(2075) Concurrent Scan Root Regions 34.482ms
[2024-08-15T15:08:50.362+0000][9626.306s][info][gc,marking  ] GC(2075) Concurrent Mark
[2024-08-15T15:08:50.362+0000][9626.306s][info][gc,marking  ] GC(2075) Concurrent Mark From Roots
[2024-08-15T15:08:50.362+0000][9626.306s][info][gc,task     ] GC(2075) Using 2 workers of 2 for marking
[2024-08-15T15:08:52.839+0000][9628.783s][info][gc,marking  ] GC(2075) Concurrent Mark From Roots 2477.131ms
[2024-08-15T15:08:52.839+0000][9628.783s][info][gc,marking  ] GC(2075) Concurrent Preclean
[2024-08-15T15:08:52.841+0000][9628.785s][info][gc,marking  ] GC(2075) Concurrent Preclean 1.898ms
[2024-08-15T15:08:52.841+0000][9628.786s][info][gc,start    ] GC(2075) Pause Remark
[2024-08-15T15:08:52.864+0000][9628.809s][info][gc          ] GC(2075) Pause Remark 5096M->5096M(12288M) 23.416ms
[2024-08-15T15:08:52.864+0000][9628.809s][info][gc,cpu      ] GC(2075) User=0.10s Sys=0.00s Real=0.03s
[2024-08-15T15:08:52.865+0000][9628.809s][info][gc,marking  ] GC(2075) Concurrent Mark 2503.015ms
[2024-08-15T15:08:52.865+0000][9628.809s][info][gc,marking  ] GC(2075) Concurrent Rebuild Remembered Sets
[2024-08-15T15:08:54.345+0000][9630.290s][info][gc,marking  ] GC(2075) Concurrent Rebuild Remembered Sets 1480.490ms
[2024-08-15T15:08:54.345+0000][9630.290s][info][gc,start    ] GC(2075) Pause Cleanup
[2024-08-15T15:08:54.346+0000][9630.291s][info][gc          ] GC(2075) Pause Cleanup 6172M->6172M(12288M) 0.615ms
[2024-08-15T15:08:54.346+0000][9630.291s][info][gc,cpu      ] GC(2075) User=0.01s Sys=0.00s Real=0.00s
[2024-08-15T15:08:54.346+0000][9630.291s][info][gc,marking  ] GC(2075) Concurrent Cleanup for Next Mark
[2024-08-15T15:08:54.374+0000][9630.319s][info][gc,marking  ] GC(2075) Concurrent Cleanup for Next Mark 28.250ms
[2024-08-15T15:08:54.374+0000][9630.319s][info][gc          ] GC(2075) Concurrent Mark Cycle 4047.720ms
[2024-08-15T15:08:59.089+0000][9635.033s][info][gc,start    ] GC(2076) Pause Young (Prepare Mixed) (G1 Evacuation Pause)
[2024-08-15T15:08:59.089+0000][9635.033s][info][gc,task     ] GC(2076) Using 6 workers of 6 for evacuation
[2024-08-15T15:08:59.132+0000][9635.077s][info][gc,phases   ] GC(2076)   Pre Evacuate Collection Set: 0.2ms
[2024-08-15T15:08:59.132+0000][9635.077s][info][gc,phases   ] GC(2076)   Merge Heap Roots: 0.3ms
[2024-08-15T15:08:59.132+0000][9635.077s][info][gc,phases   ] GC(2076)   Evacuate Collection Set: 40.9ms
[2024-08-15T15:08:59.132+0000][9635.077s][info][gc,phases   ] GC(2076)   Post Evacuate Collection Set: 1.8ms
[2024-08-15T15:08:59.132+0000][9635.077s][info][gc,phases   ] GC(2076)   Other: 0.2ms
[2024-08-15T15:08:59.132+0000][9635.077s][info][gc,heap     ] GC(2076) Eden regions: 795->0(60)
[2024-08-15T15:08:59.132+0000][9635.077s][info][gc,heap     ] GC(2076) Survivor regions: 13->16(101)
[2024-08-15T15:08:59.132+0000][9635.077s][info][gc,heap     ] GC(2076) Old regions: 400->400
[2024-08-15T15:08:59.132+0000][9635.077s][info][gc,heap     ] GC(2076) Archive regions: 2->2
[2024-08-15T15:08:59.132+0000][9635.077s][info][gc,heap     ] GC(2076) Humongous regions: 5->5
[2024-08-15T15:08:59.132+0000][9635.077s][info][gc,metaspace] GC(2076) Metaspace: 441463K(448576K)->441463K(448576K) NonClass: 386623K(390848K)->386623K(390848K) Class: 54839K(57728K)->54839K(57728K)
[2024-08-15T15:08:59.132+0000][9635.077s][info][gc          ] GC(2076) Pause Young (Prepare Mixed) (G1 Evacuation Pause) 9700M->3365M(12288M) 43.430ms
[2024-08-15T15:08:59.132+0000][9635.077s][info][gc,cpu      ] GC(2076) User=0.26s Sys=0.01s Real=0.04s
[2024-08-15T15:08:59.767+0000][9635.712s][info][gc,start    ] GC(2077) Pause Young (Mixed) (G1 Evacuation Pause)
[2024-08-15T15:08:59.767+0000][9635.712s][info][gc,task     ] GC(2077) Using 6 workers of 6 for evacuation
[2024-08-15T15:08:59.857+0000][9635.801s][info][gc,phases   ] GC(2077)   Pre Evacuate Collection Set: 0.2ms
[2024-08-15T15:08:59.857+0000][9635.801s][info][gc,phases   ] GC(2077)   Merge Heap Roots: 0.5ms
[2024-08-15T15:08:59.857+0000][9635.801s][info][gc,phases   ] GC(2077)   Evacuate Collection Set: 87.0ms
[2024-08-15T15:08:59.857+0000][9635.801s][info][gc,phases   ] GC(2077)   Post Evacuate Collection Set: 1.5ms
[2024-08-15T15:08:59.857+0000][9635.801s][info][gc,phases   ] GC(2077)   Other: 0.2ms
[2024-08-15T15:08:59.857+0000][9635.801s][info][gc,heap     ] GC(2077) Eden regions: 60->0(799)
[2024-08-15T15:08:59.857+0000][9635.801s][info][gc,heap     ] GC(2077) Survivor regions: 16->6(10)
[2024-08-15T15:08:59.857+0000][9635.801s][info][gc,heap     ] GC(2077) Old regions: 400->402
[2024-08-15T15:08:59.857+0000][9635.801s][info][gc,heap     ] GC(2077) Archive regions: 2->2
[2024-08-15T15:08:59.857+0000][9635.801s][info][gc,heap     ] GC(2077) Humongous regions: 5->5
[2024-08-15T15:08:59.857+0000][9635.801s][info][gc,metaspace] GC(2077) Metaspace: 441463K(448576K)->441463K(448576K) NonClass: 386623K(390848K)->386623K(390848K) Class: 54839K(57728K)->54839K(57728K)
[2024-08-15T15:08:59.857+0000][9635.801s][info][gc          ] GC(2077) Pause Young (Mixed) (G1 Evacuation Pause) 3845M->3305M(12288M) 89.419ms
[2024-08-15T15:08:59.857+0000][9635.802s][info][gc,cpu      ] GC(2077) User=0.51s Sys=0.00s Real=0.09s
[2024-08-15T15:09:04.645+0000][9640.589s][info][gc,start    ] GC(2078) Pause Young (Normal) (G1 Evacuation Pause)
[2024-08-15T15:09:04.645+0000][9640.589s][info][gc,task     ] GC(2078) Using 6 workers of 6 for evacuation
[2024-08-15T15:09:04.689+0000][9640.634s][info][gc,phases   ] GC(2078)   Pre Evacuate Collection Set: 0.2ms
[2024-08-15T15:09:04.689+0000][9640.634s][info][gc,phases   ] GC(2078)   Merge Heap Roots: 0.2ms
[2024-08-15T15:09:04.689+0000][9640.634s][info][gc,phases   ] GC(2078)   Evacuate Collection Set: 34.1ms
[2024-08-15T15:09:04.689+0000][9640.634s][info][gc,phases   ] GC(2078)   Post Evacuate Collection Set: 9.8ms
[2024-08-15T15:09:04.689+0000][9640.634s][info][gc,phases   ] GC(2078)   Other: 0.2ms
[2024-08-15T15:09:04.689+0000][9640.634s][info][gc,heap     ] GC(2078) Eden regions: 799->0(797)
[2024-08-15T15:09:04.689+0000][9640.634s][info][gc,heap     ] GC(2078) Survivor regions: 6->8(101)
[2024-08-15T15:09:04.689+0000][9640.634s][info][gc,heap     ] GC(2078) Old regions: 402->402
[2024-08-15T15:09:04.689+0000][9640.634s][info][gc,heap     ] GC(2078) Archive regions: 2->2
[2024-08-15T15:09:04.689+0000][9640.634s][info][gc,heap     ] GC(2078) Humongous regions: 5->5
[2024-08-15T15:09:04.689+0000][9640.634s][info][gc,metaspace] GC(2078) Metaspace: 441463K(448576K)->441463K(448576K) NonClass: 386623K(390848K)->386623K(390848K) Class: 54839K(57728K)->54839K(57728K)
[2024-08-15T15:09:04.689+0000][9640.634s][info][gc          ] GC(2078) Pause Young (Normal) (G1 Evacuation Pause) 9697M->3322M(12288M) 44.572ms
[2024-08-15T15:09:04.689+0000][9640.634s][info][gc,cpu      ] GC(2078) User=0.26s Sys=0.00s Real=0.04s
[2024-08-15T15:09:07.233+0000][9643.178s][info][gc,start    ] GC(2079) Pause Young (Normal) (G1 Evacuation Pause)
[2024-08-15T15:09:07.233+0000][9643.178s][info][gc,task     ] GC(2079) Using 6 workers of 6 for evacuation
[2024-08-15T15:09:07.304+0000][9643.249s][info][gc,phases   ] GC(2079)   Pre Evacuate Collection Set: 0.2ms
[2024-08-15T15:09:07.304+0000][9643.249s][info][gc,phases   ] GC(2079)   Merge Heap Roots: 0.2ms
[2024-08-15T15:09:07.304+0000][9643.249s][info][gc,phases   ] GC(2079)   Evacuate Collection Set: 54.1ms
[2024-08-15T15:09:07.305+0000][9643.249s][info][gc,phases   ] GC(2079)   Post Evacuate Collection Set: 16.6ms
[2024-08-15T15:09:07.305+0000][9643.249s][info][gc,phases   ] GC(2079)   Other: 0.2ms
[2024-08-15T15:09:07.305+0000][9643.249s][info][gc,heap     ] GC(2079) Eden regions: 797->0(793)
[2024-08-15T15:09:07.305+0000][9643.249s][info][gc,heap     ] GC(2079) Survivor regions: 8->11(101)
[2024-08-15T15:09:07.305+0000][9643.249s][info][gc,heap     ] GC(2079) Old regions: 402->402
[2024-08-15T15:09:07.305+0000][9643.249s][info][gc,heap     ] GC(2079) Archive regions: 2->2
[2024-08-15T15:09:07.305+0000][9643.249s][info][gc,heap     ] GC(2079) Humongous regions: 5->5
[2024-08-15T15:09:07.305+0000][9643.249s][info][gc,metaspace] GC(2079) Metaspace: 441463K(448576K)->441463K(448576K) NonClass: 386623K(390848K)->386623K(390848K) Class: 54839K(57728K)->54839K(57728K)
[2024-08-15T15:09:07.305+0000][9643.249s][info][gc          ] GC(2079) Pause Young (Normal) (G1 Evacuation Pause) 9698M->3344M(12288M) 71.334ms
[2024-08-15T15:09:07.305+0000][9643.249s][info][gc,cpu      ] GC(2079) User=0.42s Sys=0.00s Real=0.08s
[2024-08-15T15:09:09.664+0000][9645.609s][info][gc,start    ] GC(2080) Pause Young (Concurrent Start) (G1 Evacuation Pause)
[2024-08-15T15:09:09.664+0000][9645.609s][info][gc,task     ] GC(2080) Using 6 workers of 6 for evacuation
[2024-08-15T15:09:09.763+0000][9645.707s][info][gc,phases   ] GC(2080)   Pre Evacuate Collection Set: 0.5ms
[2024-08-15T15:09:09.763+0000][9645.707s][info][gc,phases   ] GC(2080)   Merge Heap Roots: 0.3ms
[2024-08-15T15:09:09.763+0000][9645.707s][info][gc,phases   ] GC(2080)   Evacuate Collection Set: 76.1ms
[2024-08-15T15:09:09.763+0000][9645.707s][info][gc,phases   ] GC(2080)   Post Evacuate Collection Set: 21.7ms
[2024-08-15T15:09:09.763+0000][9645.708s][info][gc,phases   ] GC(2080)   Other: 0.3ms
[2024-08-15T15:09:09.763+0000][9645.708s][info][gc,heap     ] GC(2080) Eden regions: 793->0(786)
[2024-08-15T15:09:09.763+0000][9645.708s][info][gc,heap     ] GC(2080) Survivor regions: 11->16(101)
[2024-08-15T15:09:09.763+0000][9645.708s][info][gc,heap     ] GC(2080) Old regions: 402->402
[2024-08-15T15:09:09.763+0000][9645.708s][info][gc,heap     ] GC(2080) Archive regions: 2->2
[2024-08-15T15:09:09.763+0000][9645.708s][info][gc,heap     ] GC(2080) Humongous regions: 5->5
[2024-08-15T15:09:09.763+0000][9645.708s][info][gc,metaspace] GC(2080) Metaspace: 441463K(448576K)->441463K(448576K) NonClass: 386623K(390848K)->386623K(390848K) Class: 54839K(57728K)->54839K(57728K)
[2024-08-15T15:09:09.763+0000][9645.708s][info][gc          ] GC(2080) Pause Young (Concurrent Start) (G1 Evacuation Pause) 9688M->3383M(12288M) 98.977ms
[2024-08-15T15:09:09.763+0000][9645.708s][info][gc,cpu      ] GC(2080) User=0.57s Sys=0.00s Real=0.09s
[2024-08-15T15:09:09.763+0000][9645.708s][info][gc          ] GC(2081) Concurrent Mark Cycle
[2024-08-15T15:09:09.763+0000][9645.708s][info][gc,marking  ] GC(2081) Concurrent Clear Claimed Marks
[2024-08-15T15:09:09.764+0000][9645.708s][info][gc,marking  ] GC(2081) Concurrent Clear Claimed Marks 0.411ms
[2024-08-15T15:09:09.764+0000][9645.708s][info][gc,marking  ] GC(2081) Concurrent Scan Root Regions
[2024-08-15T15:09:09.828+0000][9645.772s][info][gc,marking  ] GC(2081) Concurrent Scan Root Regions 64.050ms
[2024-08-15T15:09:09.828+0000][9645.772s][info][gc,marking  ] GC(2081) Concurrent Mark
[2024-08-15T15:09:09.828+0000][9645.772s][info][gc,marking  ] GC(2081) Concurrent Mark From Roots
[2024-08-15T15:09:09.828+0000][9645.772s][info][gc,task     ] GC(2081) Using 2 workers of 2 for marking
[2024-08-15T15:09:12.226+0000][9648.171s][info][gc,marking  ] GC(2081) Concurrent Mark From Roots 2398.815ms
[2024-08-15T15:09:12.226+0000][9648.171s][info][gc,marking  ] GC(2081) Concurrent Preclean
[2024-08-15T15:09:12.228+0000][9648.173s][info][gc,marking  ] GC(2081) Concurrent Preclean 1.776ms
[2024-08-15T15:09:12.228+0000][9648.173s][info][gc,start    ] GC(2081) Pause Remark
[2024-08-15T15:09:12.252+0000][9648.196s][info][gc          ] GC(2081) Pause Remark 8447M->8447M(12288M) 23.338ms
[2024-08-15T15:09:12.252+0000][9648.196s][info][gc,cpu      ] GC(2081) User=0.10s Sys=0.00s Real=0.02s
[2024-08-15T15:09:12.252+0000][9648.197s][info][gc,marking  ] GC(2081) Concurrent Mark 2424.303ms
[2024-08-15T15:09:12.252+0000][9648.197s][info][gc,marking  ] GC(2081) Concurrent Rebuild Remembered Sets
[2024-08-15T15:09:12.757+0000][9648.702s][info][gc,start    ] GC(2082) Pause Young (Normal) (G1 Evacuation Pause)
[2024-08-15T15:09:12.757+0000][9648.702s][info][gc,task     ] GC(2082) Using 6 workers of 6 for evacuation
[2024-08-15T15:09:12.844+0000][9648.789s][info][gc,phases   ] GC(2082)   Pre Evacuate Collection Set: 0.2ms
[2024-08-15T15:09:12.844+0000][9648.789s][info][gc,phases   ] GC(2082)   Merge Heap Roots: 0.3ms
[2024-08-15T15:09:12.844+0000][9648.789s][info][gc,phases   ] GC(2082)   Evacuate Collection Set: 71.6ms
[2024-08-15T15:09:12.844+0000][9648.789s][info][gc,phases   ] GC(2082)   Post Evacuate Collection Set: 14.2ms
[2024-08-15T15:09:12.844+0000][9648.789s][info][gc,phases   ] GC(2082)   Other: 0.2ms
[2024-08-15T15:09:12.844+0000][9648.789s][info][gc,heap     ] GC(2082) Eden regions: 786->0(781)
[2024-08-15T15:09:12.844+0000][9648.789s][info][gc,heap     ] GC(2082) Survivor regions: 16->19(101)
[2024-08-15T15:09:12.844+0000][9648.789s][info][gc,heap     ] GC(2082) Old regions: 402->402
[2024-08-15T15:09:12.844+0000][9648.789s][info][gc,heap     ] GC(2082) Archive regions: 2->2
[2024-08-15T15:09:12.844+0000][9648.789s][info][gc,heap     ] GC(2082) Humongous regions: 5->5
[2024-08-15T15:09:12.844+0000][9648.789s][info][gc,metaspace] GC(2082) Metaspace: 441463K(448576K)->441463K(448576K) NonClass: 386623K(390848K)->386623K(390848K) Class: 54839K(57728K)->54839K(57728K)
[2024-08-15T15:09:12.844+0000][9648.789s][info][gc          ] GC(2082) Pause Young (Normal) (G1 Evacuation Pause) 9671M->3409M(12288M) 86.567ms
[2024-08-15T15:09:12.844+0000][9648.789s][info][gc,cpu      ] GC(2082) User=0.51s Sys=0.00s Real=0.09s
[2024-08-15T15:09:13.797+0000][9649.741s][info][gc,marking  ] GC(2081) Concurrent Rebuild Remembered Sets 1544.580ms
[2024-08-15T15:09:13.797+0000][9649.741s][info][gc,start    ] GC(2081) Pause Cleanup
[2024-08-15T15:09:13.797+0000][9649.742s][info][gc          ] GC(2081) Pause Cleanup 5517M->5517M(12288M) 0.591ms
[2024-08-15T15:09:13.797+0000][9649.742s][info][gc,cpu      ] GC(2081) User=0.01s Sys=0.00s Real=0.00s
[2024-08-15T15:09:13.797+0000][9649.742s][info][gc,marking  ] GC(2081) Concurrent Cleanup for Next Mark
[2024-08-15T15:09:13.814+0000][9649.759s][info][gc,marking  ] GC(2081) Concurrent Cleanup for Next Mark 16.872ms
[2024-08-15T15:09:13.814+0000][9649.759s][info][gc          ] GC(2081) Concurrent Mark Cycle 4051.328ms
[2024-08-15T15:09:15.426+0000][9651.371s][info][gc,start    ] GC(2083) Pause Young (Prepare Mixed) (G1 Evacuation Pause)
[2024-08-15T15:09:15.426+0000][9651.371s][info][gc,task     ] GC(2083) Using 6 workers of 6 for evacuation
[2024-08-15T15:09:15.534+0000][9651.479s][info][gc,phases   ] GC(2083)   Pre Evacuate Collection Set: 0.2ms
[2024-08-15T15:09:15.534+0000][9651.479s][info][gc,phases   ] GC(2083)   Merge Heap Roots: 0.5ms
[2024-08-15T15:09:15.534+0000][9651.479s][info][gc,phases   ] GC(2083)   Evacuate Collection Set: 92.7ms
[2024-08-15T15:09:15.534+0000][9651.479s][info][gc,phases   ] GC(2083)   Post Evacuate Collection Set: 14.6ms
[2024-08-15T15:09:15.534+0000][9651.479s][info][gc,phases   ] GC(2083)   Other: 0.2ms
[2024-08-15T15:09:15.534+0000][9651.479s][info][gc,heap     ] GC(2083) Eden regions: 781->0(53)
[2024-08-15T15:09:15.534+0000][9651.479s][info][gc,heap     ] GC(2083) Survivor regions: 19->23(100)
[2024-08-15T15:09:15.534+0000][9651.479s][info][gc,heap     ] GC(2083) Old regions: 402->402
[2024-08-15T15:09:15.534+0000][9651.479s][info][gc,heap     ] GC(2083) Archive regions: 2->2
[2024-08-15T15:09:15.534+0000][9651.479s][info][gc,heap     ] GC(2083) Humongous regions: 5->5
[2024-08-15T15:09:15.534+0000][9651.479s][info][gc,metaspace] GC(2083) Metaspace: 441463K(448576K)->441463K(448576K) NonClass: 386623K(390848K)->386623K(390848K) Class: 54839K(57728K)->54839K(57728K)
[2024-08-15T15:09:15.534+0000][9651.479s][info][gc          ] GC(2083) Pause Young (Prepare Mixed) (G1 Evacuation Pause) 9657M->3442M(12288M) 108.185ms
[2024-08-15T15:09:15.534+0000][9651.479s][info][gc,cpu      ] GC(2083) User=0.63s Sys=0.00s Real=0.10s
[2024-08-15T15:09:15.748+0000][9651.693s][info][gc,start    ] GC(2084) Pause Young (Mixed) (G1 Evacuation Pause)
[2024-08-15T15:09:15.748+0000][9651.693s][info][gc,task     ] GC(2084) Using 6 workers of 6 for evacuation
[2024-08-15T15:09:15.864+0000][9651.809s][info][gc,phases   ] GC(2084)   Pre Evacuate Collection Set: 0.2ms
[2024-08-15T15:09:15.865+0000][9651.809s][info][gc,phases   ] GC(2084)   Merge Heap Roots: 0.4ms
[2024-08-15T15:09:15.865+0000][9651.809s][info][gc,phases   ] GC(2084)   Evacuate Collection Set: 113.0ms
[2024-08-15T15:09:15.865+0000][9651.809s][info][gc,phases   ] GC(2084)   Post Evacuate Collection Set: 2.5ms
[2024-08-15T15:09:15.865+0000][9651.809s][info][gc,phases   ] GC(2084)   Other: 0.2ms
[2024-08-15T15:09:15.865+0000][9651.809s][info][gc,heap     ] GC(2084) Eden regions: 53->0(790)
[2024-08-15T15:09:15.865+0000][9651.809s][info][gc,heap     ] GC(2084) Survivor regions: 23->5(10)
[2024-08-15T15:09:15.865+0000][9651.809s][info][gc,heap     ] GC(2084) Old regions: 402->411
[2024-08-15T15:09:15.865+0000][9651.809s][info][gc,heap     ] GC(2084) Archive regions: 2->2
[2024-08-15T15:09:15.865+0000][9651.809s][info][gc,heap     ] GC(2084) Humongous regions: 5->5
[2024-08-15T15:09:15.865+0000][9651.809s][info][gc,metaspace] GC(2084) Metaspace: 441463K(448576K)->441463K(448576K) NonClass: 386623K(390848K)->386623K(390848K) Class: 54839K(57728K)->54839K(57728K)
[2024-08-15T15:09:15.865+0000][9651.809s][info][gc          ] GC(2084) Pause Young (Mixed) (G1 Evacuation Pause) 3866M->3368M(12288M) 116.380ms
[2024-08-15T15:09:15.865+0000][9651.809s][info][gc,cpu      ] GC(2084) User=0.70s Sys=0.00s Real=0.12s
[2024-08-15T15:09:18.253+0000][9654.198s][info][gc,start    ] GC(2085) Pause Young (Normal) (G1 Evacuation Pause)
[2024-08-15T15:09:18.253+0000][9654.198s][info][gc,task     ] GC(2085) Using 6 workers of 6 for evacuation
[2024-08-15T15:09:18.308+0000][9654.253s][info][gc,phases   ] GC(2085)   Pre Evacuate Collection Set: 0.2ms
[2024-08-15T15:09:18.308+0000][9654.253s][info][gc,phases   ] GC(2085)   Merge Heap Roots: 0.4ms
[2024-08-15T15:09:18.308+0000][9654.253s][info][gc,phases   ] GC(2085)   Evacuate Collection Set: 43.1ms
[2024-08-15T15:09:18.308+0000][9654.253s][info][gc,phases   ] GC(2085)   Post Evacuate Collection Set: 11.4ms
[2024-08-15T15:09:18.308+0000][9654.253s][info][gc,phases   ] GC(2085)   Other: 0.2ms
[2024-08-15T15:09:18.308+0000][9654.253s][info][gc,heap     ] GC(2085) Eden regions: 790->0(787)
[2024-08-15T15:09:18.308+0000][9654.253s][info][gc,heap     ] GC(2085) Survivor regions: 5->8(100)
[2024-08-15T15:09:18.308+0000][9654.253s][info][gc,heap     ] GC(2085) Old regions: 411->411
[2024-08-15T15:09:18.308+0000][9654.253s][info][gc,heap     ] GC(2085) Archive regions: 2->2
[2024-08-15T15:09:18.308+0000][9654.253s][info][gc,heap     ] GC(2085) Humongous regions: 5->5
[2024-08-15T15:09:18.308+0000][9654.253s][info][gc,metaspace] GC(2085) Metaspace: 441463K(448576K)->441463K(448576K) NonClass: 386623K(390848K)->386623K(390848K) Class: 54839K(57728K)->54839K(57728K)
[2024-08-15T15:09:18.309+0000][9654.253s][info][gc          ] GC(2085) Pause Young (Normal) (G1 Evacuation Pause) 9688M->3388M(12288M) 55.284ms
[2024-08-15T15:09:18.309+0000][9654.253s][info][gc,cpu      ] GC(2085) User=0.32s Sys=0.00s Real=0.06s
[2024-08-15T15:09:20.746+0000][9656.690s][info][gc,start    ] GC(2086) Pause Young (Normal) (G1 Evacuation Pause)
[2024-08-15T15:09:20.746+0000][9656.691s][info][gc,task     ] GC(2086) Using 6 workers of 6 for evacuation
[2024-08-15T15:09:20.827+0000][9656.771s][info][gc,phases   ] GC(2086)   Pre Evacuate Collection Set: 0.2ms
[2024-08-15T15:09:20.827+0000][9656.771s][info][gc,phases   ] GC(2086)   Merge Heap Roots: 0.3ms
[2024-08-15T15:09:20.827+0000][9656.771s][info][gc,phases   ] GC(2086)   Evacuate Collection Set: 63.6ms
[2024-08-15T15:09:20.827+0000][9656.771s][info][gc,phases   ] GC(2086)   Post Evacuate Collection Set: 16.5ms
[2024-08-15T15:09:20.827+0000][9656.771s][info][gc,phases   ] GC(2086)   Other: 0.2ms
[2024-08-15T15:09:20.827+0000][9656.771s][info][gc,heap     ] GC(2086) Eden regions: 787->0(784)
[2024-08-15T15:09:20.827+0000][9656.771s][info][gc,heap     ] GC(2086) Survivor regions: 8->11(100)
[2024-08-15T15:09:20.827+0000][9656.771s][info][gc,heap     ] GC(2086) Old regions: 411->411
[2024-08-15T15:09:20.827+0000][9656.771s][info][gc,heap     ] GC(2086) Archive regions: 2->2
[2024-08-15T15:09:20.827+0000][9656.771s][info][gc,heap     ] GC(2086) Humongous regions: 5->5
[2024-08-15T15:09:20.827+0000][9656.771s][info][gc,metaspace] GC(2086) Metaspace: 441463K(448576K)->441463K(448576K) NonClass: 386623K(390848K)->386623K(390848K) Class: 54839K(57728K)->54839K(57728K)
[2024-08-15T15:09:20.827+0000][9656.771s][info][gc          ] GC(2086) Pause Young (Normal) (G1 Evacuation Pause) 9684M->3416M(12288M) 80.871ms
[2024-08-15T15:09:20.827+0000][9656.771s][info][gc,cpu      ] GC(2086) User=0.47s Sys=0.00s Real=0.08s
[2024-08-15T15:09:23.241+0000][9659.186s][info][gc,start    ] GC(2087) Pause Young (Concurrent Start) (G1 Evacuation Pause)
[2024-08-15T15:09:23.241+0000][9659.186s][info][gc,task     ] GC(2087) Using 6 workers of 6 for evacuation
[2024-08-15T15:09:23.327+0000][9659.271s][info][gc,phases   ] GC(2087)   Pre Evacuate Collection Set: 0.5ms
[2024-08-15T15:09:23.327+0000][9659.271s][info][gc,phases   ] GC(2087)   Merge Heap Roots: 0.4ms
[2024-08-15T15:09:23.327+0000][9659.271s][info][gc,phases   ] GC(2087)   Evacuate Collection Set: 70.6ms
[2024-08-15T15:09:23.327+0000][9659.271s][info][gc,phases   ] GC(2087)   Post Evacuate Collection Set: 13.9ms
[2024-08-15T15:09:23.327+0000][9659.271s][info][gc,phases   ] GC(2087)   Other: 0.3ms
[2024-08-15T15:09:23.327+0000][9659.271s][info][gc,heap     ] GC(2087) Eden regions: 784->0(778)
[2024-08-15T15:09:23.327+0000][9659.271s][info][gc,heap     ] GC(2087) Survivor regions: 11->16(100)
[2024-08-15T15:09:23.327+0000][9659.271s][info][gc,heap     ] GC(2087) Old regions: 411->411
[2024-08-15T15:09:23.327+0000][9659.271s][info][gc,heap     ] GC(2087) Archive regions: 2->2
[2024-08-15T15:09:23.327+0000][9659.271s][info][gc,heap     ] GC(2087) Humongous regions: 5->5
[2024-08-15T15:09:23.327+0000][9659.271s][info][gc,metaspace] GC(2087) Metaspace: 441463K(448576K)->441463K(448576K) NonClass: 386623K(390848K)->386623K(390848K) Class: 54839K(57728K)->54839K(57728K)
[2024-08-15T15:09:23.327+0000][9659.271s][info][gc          ] GC(2087) Pause Young (Concurrent Start) (G1 Evacuation Pause) 9688M->3453M(12288M) 85.771ms
[2024-08-15T15:09:23.327+0000][9659.271s][info][gc,cpu      ] GC(2087) User=0.49s Sys=0.00s Real=0.09s
[2024-08-15T15:09:23.327+0000][9659.271s][info][gc          ] GC(2088) Concurrent Mark Cycle
[2024-08-15T15:09:23.327+0000][9659.272s][info][gc,marking  ] GC(2088) Concurrent Clear Claimed Marks
[2024-08-15T15:09:23.327+0000][9659.272s][info][gc,marking  ] GC(2088) Concurrent Clear Claimed Marks 0.436ms
[2024-08-15T15:09:23.327+0000][9659.272s][info][gc,marking  ] GC(2088) Concurrent Scan Root Regions
[2024-08-15T15:09:23.379+0000][9659.324s][info][gc,marking  ] GC(2088) Concurrent Scan Root Regions 51.625ms
[2024-08-15T15:09:23.379+0000][9659.324s][info][gc,marking  ] GC(2088) Concurrent Mark
[2024-08-15T15:09:23.379+0000][9659.324s][info][gc,marking  ] GC(2088) Concurrent Mark From Roots
[2024-08-15T15:09:23.379+0000][9659.324s][info][gc,task     ] GC(2088) Using 2 workers of 2 for marking
[2024-08-15T15:09:25.835+0000][9661.780s][info][gc,marking  ] GC(2088) Concurrent Mark From Roots 2456.054ms
[2024-08-15T15:09:25.835+0000][9661.780s][info][gc,marking  ] GC(2088) Concurrent Preclean
[2024-08-15T15:09:25.837+0000][9661.782s][info][gc,marking  ] GC(2088) Concurrent Preclean 1.849ms
[2024-08-15T15:09:25.837+0000][9661.782s][info][gc,start    ] GC(2088) Pause Remark
[2024-08-15T15:09:25.860+0000][9661.805s][info][gc          ] GC(2088) Pause Remark 8017M->8017M(12288M) 23.349ms
[2024-08-15T15:09:25.861+0000][9661.805s][info][gc,cpu      ] GC(2088) User=0.10s Sys=0.00s Real=0.02s
[2024-08-15T15:09:25.861+0000][9661.805s][info][gc,marking  ] GC(2088) Concurrent Mark 2481.695ms
[2024-08-15T15:09:25.861+0000][9661.805s][info][gc,marking  ] GC(2088) Concurrent Rebuild Remembered Sets
[2024-08-15T15:09:26.608+0000][9662.553s][info][gc,start    ] GC(2089) Pause Young (Normal) (G1 Evacuation Pause)
[2024-08-15T15:09:26.608+0000][9662.553s][info][gc,task     ] GC(2089) Using 6 workers of 6 for evacuation
[2024-08-15T15:09:26.715+0000][9662.660s][info][gc,phases   ] GC(2089)   Pre Evacuate Collection Set: 0.2ms
[2024-08-15T15:09:26.715+0000][9662.660s][info][gc,phases   ] GC(2089)   Merge Heap Roots: 0.8ms
[2024-08-15T15:09:26.715+0000][9662.660s][info][gc,phases   ] GC(2089)   Evacuate Collection Set: 88.0ms
[2024-08-15T15:09:26.715+0000][9662.660s][info][gc,phases   ] GC(2089)   Post Evacuate Collection Set: 17.8ms
[2024-08-15T15:09:26.715+0000][9662.660s][info][gc,phases   ] GC(2089)   Other: 0.2ms
[2024-08-15T15:09:26.715+0000][9662.660s][info][gc,heap     ] GC(2089) Eden regions: 778->0(772)
[2024-08-15T15:09:26.715+0000][9662.660s][info][gc,heap     ] GC(2089) Survivor regions: 16->19(100)
[2024-08-15T15:09:26.715+0000][9662.660s][info][gc,heap     ] GC(2089) Old regions: 411->411
[2024-08-15T15:09:26.715+0000][9662.660s][info][gc,heap     ] GC(2089) Archive regions: 2->2
[2024-08-15T15:09:26.715+0000][9662.660s][info][gc,heap     ] GC(2089) Humongous regions: 5->5
[2024-08-15T15:09:26.715+0000][9662.660s][info][gc,metaspace] GC(2089) Metaspace: 441463K(448576K)->441463K(448576K) NonClass: 386623K(390848K)->386623K(390848K) Class: 54839K(57728K)->54839K(57728K)
[2024-08-15T15:09:26.715+0000][9662.660s][info][gc          ] GC(2089) Pause Young (Normal) (G1 Evacuation Pause) 9677M->3480M(12288M) 107.018ms
[2024-08-15T15:09:26.715+0000][9662.660s][info][gc,cpu      ] GC(2089) User=0.62s Sys=0.00s Real=0.11s
[2024-08-15T15:09:27.500+0000][9663.445s][info][gc,marking  ] GC(2088) Concurrent Rebuild Remembered Sets 1639.335ms
[2024-08-15T15:09:27.500+0000][9663.445s][info][gc,start    ] GC(2088) Pause Cleanup
[2024-08-15T15:09:27.501+0000][9663.445s][info][gc          ] GC(2088) Pause Cleanup 5248M->5248M(12288M) 0.661ms
[2024-08-15T15:09:27.501+0000][9663.446s][info][gc,cpu      ] GC(2088) User=0.00s Sys=0.00s Real=0.00s
[2024-08-15T15:09:27.501+0000][9663.446s][info][gc,marking  ] GC(2088) Concurrent Cleanup for Next Mark
[2024-08-15T15:09:27.518+0000][9663.463s][info][gc,marking  ] GC(2088) Concurrent Cleanup for Next Mark 17.337ms
[2024-08-15T15:09:27.518+0000][9663.463s][info][gc          ] GC(2088) Concurrent Mark Cycle 4191.525ms
[2024-08-15T15:09:29.136+0000][9665.081s][info][gc,start    ] GC(2090) Pause Young (Prepare Mixed) (G1 Evacuation Pause)
[2024-08-15T15:09:29.136+0000][9665.081s][info][gc,task     ] GC(2090) Using 6 workers of 6 for evacuation
[2024-08-15T15:09:29.261+0000][9665.206s][info][gc,phases   ] GC(2090)   Pre Evacuate Collection Set: 0.2ms
[2024-08-15T15:09:29.261+0000][9665.206s][info][gc,phases   ] GC(2090)   Merge Heap Roots: 0.7ms
[2024-08-15T15:09:29.261+0000][9665.206s][info][gc,phases   ] GC(2090)   Evacuate Collection Set: 104.9ms
[2024-08-15T15:09:29.261+0000][9665.206s][info][gc,phases   ] GC(2090)   Post Evacuate Collection Set: 18.9ms
[2024-08-15T15:09:29.261+0000][9665.206s][info][gc,phases   ] GC(2090)   Other: 0.2ms
[2024-08-15T15:09:29.261+0000][9665.206s][info][gc,heap     ] GC(2090) Eden regions: 772->0(53)
[2024-08-15T15:09:29.261+0000][9665.206s][info][gc,heap     ] GC(2090) Survivor regions: 19->23(99)
[2024-08-15T15:09:29.261+0000][9665.206s][info][gc,heap     ] GC(2090) Old regions: 411->411
[2024-08-15T15:09:29.261+0000][9665.206s][info][gc,heap     ] GC(2090) Archive regions: 2->2
[2024-08-15T15:09:29.261+0000][9665.206s][info][gc,heap     ] GC(2090) Humongous regions: 5->5
[2024-08-15T15:09:29.261+0000][9665.206s][info][gc,metaspace] GC(2090) Metaspace: 441463K(448576K)->441463K(448576K) NonClass: 386623K(390848K)->386623K(390848K) Class: 54839K(57728K)->54839K(57728K)
[2024-08-15T15:09:29.261+0000][9665.206s][info][gc          ] GC(2090) Pause Young (Prepare Mixed) (G1 Evacuation Pause) 9656M->3512M(12288M) 124.947ms
[2024-08-15T15:09:29.261+0000][9665.206s][info][gc,cpu      ] GC(2090) User=0.73s Sys=0.00s Real=0.12s
[2024-08-15T15:09:29.460+0000][9665.405s][info][gc,start    ] GC(2091) Pause Young (Mixed) (G1 Evacuation Pause)
[2024-08-15T15:09:29.460+0000][9665.405s][info][gc,task     ] GC(2091) Using 6 workers of 6 for evacuation
[2024-08-15T15:09:29.568+0000][9665.512s][info][gc,phases   ] GC(2091)   Pre Evacuate Collection Set: 0.2ms
[2024-08-15T15:09:29.568+0000][9665.512s][info][gc,phases   ] GC(2091)   Merge Heap Roots: 0.4ms
[2024-08-15T15:09:29.568+0000][9665.512s][info][gc,phases   ] GC(2091)   Evacuate Collection Set: 104.1ms
[2024-08-15T15:09:29.568+0000][9665.512s][info][gc,phases   ] GC(2091)   Post Evacuate Collection Set: 2.6ms
[2024-08-15T15:09:29.568+0000][9665.512s][info][gc,phases   ] GC(2091)   Other: 0.2ms
[2024-08-15T15:09:29.568+0000][9665.512s][info][gc,heap     ] GC(2091) Eden regions: 53->0(786)
[2024-08-15T15:09:29.568+0000][9665.512s][info][gc,heap     ] GC(2091) Survivor regions: 23->3(10)
[2024-08-15T15:09:29.568+0000][9665.512s][info][gc,heap     ] GC(2091) Old regions: 411->417
[2024-08-15T15:09:29.568+0000][9665.512s][info][gc,heap     ] GC(2091) Archive regions: 2->2
[2024-08-15T15:09:29.568+0000][9665.512s][info][gc,heap     ] GC(2091) Humongous regions: 5->5
[2024-08-15T15:09:29.568+0000][9665.512s][info][gc,metaspace] GC(2091) Metaspace: 441463K(448576K)->441463K(448576K) NonClass: 386623K(390848K)->386623K(390848K) Class: 54839K(57728K)->54839K(57728K)
[2024-08-15T15:09:29.568+0000][9665.512s][info][gc          ] GC(2091) Pause Young (Mixed) (G1 Evacuation Pause) 3936M->3402M(12288M) 107.507ms
[2024-08-15T15:09:29.568+0000][9665.513s][info][gc,cpu      ] GC(2091) User=0.64s Sys=0.00s Real=0.11s
[2024-08-15T15:09:31.994+0000][9667.939s][info][gc,start    ] GC(2092) Pause Young (Normal) (G1 Evacuation Pause)
[2024-08-15T15:09:31.994+0000][9667.939s][info][gc,task     ] GC(2092) Using 6 workers of 6 for evacuation
[2024-08-15T15:09:32.060+0000][9668.005s][info][gc,phases   ] GC(2092)   Pre Evacuate Collection Set: 0.2ms
[2024-08-15T15:09:32.060+0000][9668.005s][info][gc,phases   ] GC(2092)   Merge Heap Roots: 0.3ms
[2024-08-15T15:09:32.060+0000][9668.005s][info][gc,phases   ] GC(2092)   Evacuate Collection Set: 48.9ms
[2024-08-15T15:09:32.060+0000][9668.005s][info][gc,phases   ] GC(2092)   Post Evacuate Collection Set: 17.0ms
[2024-08-15T15:09:32.060+0000][9668.005s][info][gc,phases   ] GC(2092)   Other: 0.2ms
[2024-08-15T15:09:32.060+0000][9668.005s][info][gc,heap     ] GC(2092) Eden regions: 786->0(783)
[2024-08-15T15:09:32.060+0000][9668.005s][info][gc,heap     ] GC(2092) Survivor regions: 3->6(99)
[2024-08-15T15:09:32.060+0000][9668.005s][info][gc,heap     ] GC(2092) Old regions: 417->417
[2024-08-15T15:09:32.060+0000][9668.005s][info][gc,heap     ] GC(2092) Archive regions: 2->2
[2024-08-15T15:09:32.060+0000][9668.005s][info][gc,heap     ] GC(2092) Humongous regions: 5->5
[2024-08-15T15:09:32.060+0000][9668.005s][info][gc,metaspace] GC(2092) Metaspace: 441463K(448576K)->441463K(448576K) NonClass: 386623K(390848K)->386623K(390848K) Class: 54839K(57728K)->54839K(57728K)
[2024-08-15T15:09:32.061+0000][9668.005s][info][gc          ] GC(2092) Pause Young (Normal) (G1 Evacuation Pause) 9690M->3424M(12288M) 66.579ms
[2024-08-15T15:09:32.061+0000][9668.005s][info][gc,cpu      ] GC(2092) User=0.39s Sys=0.00s Real=0.07s
[2024-08-15T15:09:34.407+0000][9670.352s][info][gc,start    ] GC(2093) Pause Young (Normal) (G1 Evacuation Pause)
[2024-08-15T15:09:34.407+0000][9670.352s][info][gc,task     ] GC(2093) Using 6 workers of 6 for evacuation
[2024-08-15T15:09:34.490+0000][9670.435s][info][gc,phases   ] GC(2093)   Pre Evacuate Collection Set: 0.2ms
[2024-08-15T15:09:34.490+0000][9670.435s][info][gc,phases   ] GC(2093)   Merge Heap Roots: 0.4ms
[2024-08-15T15:09:34.490+0000][9670.435s][info][gc,phases   ] GC(2093)   Evacuate Collection Set: 64.6ms
[2024-08-15T15:09:34.490+0000][9670.435s][info][gc,phases   ] GC(2093)   Post Evacuate Collection Set: 17.5ms
[2024-08-15T15:09:34.490+0000][9670.435s][info][gc,phases   ] GC(2093)   Other: 0.2ms
[2024-08-15T15:09:34.490+0000][9670.435s][info][gc,heap     ] GC(2093) Eden regions: 783->0(780)
[2024-08-15T15:09:34.490+0000][9670.435s][info][gc,heap     ] GC(2093) Survivor regions: 6->9(99)
[2024-08-15T15:09:34.490+0000][9670.435s][info][gc,heap     ] GC(2093) Old regions: 417->417
[2024-08-15T15:09:34.490+0000][9670.435s][info][gc,heap     ] GC(2093) Archive regions: 2->2
[2024-08-15T15:09:34.490+0000][9670.435s][info][gc,heap     ] GC(2093) Humongous regions: 5->5
[2024-08-15T15:09:34.490+0000][9670.435s][info][gc,metaspace] GC(2093) Metaspace: 441463K(448576K)->441463K(448576K) NonClass: 386623K(390848K)->386623K(390848K) Class: 54839K(57728K)->54839K(57728K)
[2024-08-15T15:09:34.490+0000][9670.435s][info][gc          ] GC(2093) Pause Young (Normal) (G1 Evacuation Pause) 9688M->3450M(12288M) 82.956ms
[2024-08-15T15:09:34.490+0000][9670.435s][info][gc,cpu      ] GC(2093) User=0.48s Sys=0.00s Real=0.08s
[2024-08-15T15:09:36.699+0000][9672.643s][info][gc,start    ] GC(2094) Pause Young (Concurrent Start) (G1 Evacuation Pause)
[2024-08-15T15:09:36.699+0000][9672.643s][info][gc,task     ] GC(2094) Using 6 workers of 6 for evacuation
[2024-08-15T15:09:36.794+0000][9672.739s][info][gc,phases   ] GC(2094)   Pre Evacuate Collection Set: 0.6ms
[2024-08-15T15:09:36.794+0000][9672.739s][info][gc,phases   ] GC(2094)   Merge Heap Roots: 0.4ms
[2024-08-15T15:09:36.794+0000][9672.739s][info][gc,phases   ] GC(2094)   Evacuate Collection Set: 76.1ms
[2024-08-15T15:09:36.794+0000][9672.739s][info][gc,phases   ] GC(2094)   Post Evacuate Collection Set: 18.1ms
[2024-08-15T15:09:36.794+0000][9672.739s][info][gc,phases   ] GC(2094)   Other: 0.3ms
[2024-08-15T15:09:36.794+0000][9672.739s][info][gc,heap     ] GC(2094) Eden regions: 780->0(774)
[2024-08-15T15:09:36.794+0000][9672.739s][info][gc,heap     ] GC(2094) Survivor regions: 9->15(99)
[2024-08-15T15:09:36.794+0000][9672.739s][info][gc,heap     ] GC(2094) Old regions: 417->417
[2024-08-15T15:09:36.794+0000][9672.739s][info][gc,heap     ] GC(2094) Archive regions: 2->2
[2024-08-15T15:09:36.794+0000][9672.739s][info][gc,heap     ] GC(2094) Humongous regions: 5->5
[2024-08-15T15:09:36.794+0000][9672.739s][info][gc,metaspace] GC(2094) Metaspace: 441463K(448576K)->441463K(448576K) NonClass: 386623K(390848K)->386623K(390848K) Class: 54839K(57728K)->54839K(57728K)
[2024-08-15T15:09:36.794+0000][9672.739s][info][gc          ] GC(2094) Pause Young (Concurrent Start) (G1 Evacuation Pause) 9690M->3492M(12288M) 95.469ms
[2024-08-15T15:09:36.794+0000][9672.739s][info][gc,cpu      ] GC(2094) User=0.55s Sys=0.00s Real=0.09s
[2024-08-15T15:09:36.794+0000][9672.739s][info][gc          ] GC(2095) Concurrent Mark Cycle
[2024-08-15T15:09:36.794+0000][9672.739s][info][gc,marking  ] GC(2095) Concurrent Clear Claimed Marks
[2024-08-15T15:09:36.795+0000][9672.739s][info][gc,marking  ] GC(2095) Concurrent Clear Claimed Marks 0.407ms
[2024-08-15T15:09:36.795+0000][9672.739s][info][gc,marking  ] GC(2095) Concurrent Scan Root Regions
[2024-08-15T15:09:36.841+0000][9672.786s][info][gc,marking  ] GC(2095) Concurrent Scan Root Regions 46.264ms
[2024-08-15T15:09:36.841+0000][9672.786s][info][gc,marking  ] GC(2095) Concurrent Mark
[2024-08-15T15:09:36.841+0000][9672.786s][info][gc,marking  ] GC(2095) Concurrent Mark From Roots
[2024-08-15T15:09:36.841+0000][9672.786s][info][gc,task     ] GC(2095) Using 2 workers of 2 for marking
[2024-08-15T15:09:39.424+0000][9675.369s][info][gc,marking  ] GC(2095) Concurrent Mark From Roots 2583.119ms
[2024-08-15T15:09:39.424+0000][9675.369s][info][gc,marking  ] GC(2095) Concurrent Preclean
[2024-08-15T15:09:39.426+0000][9675.371s][info][gc,marking  ] GC(2095) Concurrent Preclean 1.762ms
[2024-08-15T15:09:39.426+0000][9675.371s][info][gc,start    ] GC(2095) Pause Remark
[2024-08-15T15:09:39.450+0000][9675.395s][info][gc          ] GC(2095) Pause Remark 8804M->8804M(12288M) 23.919ms
[2024-08-15T15:09:39.450+0000][9675.395s][info][gc,cpu      ] GC(2095) User=0.10s Sys=0.00s Real=0.02s
[2024-08-15T15:09:39.450+0000][9675.395s][info][gc,marking  ] GC(2095) Concurrent Mark 2609.199ms
[2024-08-15T15:09:39.450+0000][9675.395s][info][gc,marking  ] GC(2095) Concurrent Rebuild Remembered Sets
[2024-08-15T15:09:39.886+0000][9675.830s][info][gc,start    ] GC(2096) Pause Young (Normal) (G1 Evacuation Pause)
[2024-08-15T15:09:39.886+0000][9675.830s][info][gc,task     ] GC(2096) Using 6 workers of 6 for evacuation
[2024-08-15T15:09:39.993+0000][9675.937s][info][gc,phases   ] GC(2096)   Pre Evacuate Collection Set: 0.2ms
[2024-08-15T15:09:39.993+0000][9675.937s][info][gc,phases   ] GC(2096)   Merge Heap Roots: 0.7ms
[2024-08-15T15:09:39.993+0000][9675.937s][info][gc,phases   ] GC(2096)   Evacuate Collection Set: 87.8ms
[2024-08-15T15:09:39.993+0000][9675.937s][info][gc,phases   ] GC(2096)   Post Evacuate Collection Set: 18.0ms
[2024-08-15T15:09:39.993+0000][9675.937s][info][gc,phases   ] GC(2096)   Other: 0.2ms
[2024-08-15T15:09:39.993+0000][9675.937s][info][gc,heap     ] GC(2096) Eden regions: 774->0(766)
[2024-08-15T15:09:39.993+0000][9675.937s][info][gc,heap     ] GC(2096) Survivor regions: 15->19(99)
[2024-08-15T15:09:39.993+0000][9675.937s][info][gc,heap     ] GC(2096) Old regions: 417->417
[2024-08-15T15:09:39.993+0000][9675.937s][info][gc,heap     ] GC(2096) Archive regions: 2->2
[2024-08-15T15:09:39.993+0000][9675.937s][info][gc,heap     ] GC(2096) Humongous regions: 5->5
[2024-08-15T15:09:39.993+0000][9675.937s][info][gc,metaspace] GC(2096) Metaspace: 441464K(448576K)->441464K(448576K) NonClass: 386624K(390848K)->386624K(390848K) Class: 54839K(57728K)->54839K(57728K)
[2024-08-15T15:09:39.993+0000][9675.937s][info][gc          ] GC(2096) Pause Young (Normal) (G1 Evacuation Pause) 9684M->3530M(12288M) 107.016ms
[2024-08-15T15:09:39.993+0000][9675.937s][info][gc,cpu      ] GC(2096) User=0.62s Sys=0.00s Real=0.10s
[2024-08-15T15:09:41.108+0000][9677.053s][info][gc,marking  ] GC(2095) Concurrent Rebuild Remembered Sets 1658.261ms
[2024-08-15T15:09:41.109+0000][9677.053s][info][gc,start    ] GC(2095) Pause Cleanup
[2024-08-15T15:09:41.109+0000][9677.054s][info][gc          ] GC(2095) Pause Cleanup 6190M->6190M(12288M) 0.645ms
[2024-08-15T15:09:41.109+0000][9677.054s][info][gc,cpu      ] GC(2095) User=0.00s Sys=0.00s Real=0.00s
[2024-08-15T15:09:41.109+0000][9677.054s][info][gc,marking  ] GC(2095) Concurrent Cleanup for Next Mark
[2024-08-15T15:09:41.130+0000][9677.075s][info][gc,marking  ] GC(2095) Concurrent Cleanup for Next Mark 20.427ms
[2024-08-15T15:09:41.130+0000][9677.075s][info][gc          ] GC(2095) Concurrent Mark Cycle 4335.736ms
[2024-08-15T15:09:43.877+0000][9679.821s][info][gc,start    ] GC(2097) Pause Young (Prepare Mixed) (G1 Evacuation Pause)
[2024-08-15T15:09:43.877+0000][9679.821s][info][gc,task     ] GC(2097) Using 6 workers of 6 for evacuation
[2024-08-15T15:09:43.976+0000][9679.921s][info][gc,phases   ] GC(2097)   Pre Evacuate Collection Set: 0.2ms
[2024-08-15T15:09:43.976+0000][9679.921s][info][gc,phases   ] GC(2097)   Merge Heap Roots: 1.1ms
[2024-08-15T15:09:43.976+0000][9679.921s][info][gc,phases   ] GC(2097)   Evacuate Collection Set: 90.1ms
[2024-08-15T15:09:43.976+0000][9679.921s][info][gc,phases   ] GC(2097)   Post Evacuate Collection Set: 8.2ms
[2024-08-15T15:09:43.976+0000][9679.921s][info][gc,phases   ] GC(2097)   Other: 0.2ms
[2024-08-15T15:09:43.976+0000][9679.921s][info][gc,heap     ] GC(2097) Eden regions: 766->0(55)
[2024-08-15T15:09:43.976+0000][9679.921s][info][gc,heap     ] GC(2097) Survivor regions: 19->21(99)
[2024-08-15T15:09:43.976+0000][9679.921s][info][gc,heap     ] GC(2097) Old regions: 417->417
[2024-08-15T15:09:43.976+0000][9679.921s][info][gc,heap     ] GC(2097) Archive regions: 2->2
[2024-08-15T15:09:43.976+0000][9679.921s][info][gc,heap     ] GC(2097) Humongous regions: 5->5
[2024-08-15T15:09:43.976+0000][9679.921s][info][gc,metaspace] GC(2097) Metaspace: 441464K(448576K)->441464K(448576K) NonClass: 386624K(390848K)->386624K(390848K) Class: 54839K(57728K)->54839K(57728K)
[2024-08-15T15:09:43.976+0000][9679.921s][info][gc          ] GC(2097) Pause Young (Prepare Mixed) (G1 Evacuation Pause) 9658M->3542M(12288M) 99.827ms
[2024-08-15T15:09:43.976+0000][9679.921s][info][gc,cpu      ] GC(2097) User=0.58s Sys=0.00s Real=0.10s
[2024-08-15T15:09:44.271+0000][9680.216s][info][gc,start    ] GC(2098) Pause Young (Mixed) (G1 Evacuation Pause)
[2024-08-15T15:09:44.271+0000][9680.216s][info][gc,task     ] GC(2098) Using 6 workers of 6 for evacuation
[2024-08-15T15:09:44.371+0000][9680.316s][info][gc,phases   ] GC(2098)   Pre Evacuate Collection Set: 0.2ms
[2024-08-15T15:09:44.371+0000][9680.316s][info][gc,phases   ] GC(2098)   Merge Heap Roots: 0.4ms
[2024-08-15T15:09:44.371+0000][9680.316s][info][gc,phases   ] GC(2098)   Evacuate Collection Set: 98.0ms
[2024-08-15T15:09:44.371+0000][9680.316s][info][gc,phases   ] GC(2098)   Post Evacuate Collection Set: 1.3ms
[2024-08-15T15:09:44.371+0000][9680.316s][info][gc,phases   ] GC(2098)   Other: 0.2ms
[2024-08-15T15:09:44.371+0000][9680.316s][info][gc,heap     ] GC(2098) Eden regions: 55->0(785)
[2024-08-15T15:09:44.371+0000][9680.316s][info][gc,heap     ] GC(2098) Survivor regions: 21->5(10)
[2024-08-15T15:09:44.371+0000][9680.316s][info][gc,heap     ] GC(2098) Old regions: 417->416
[2024-08-15T15:09:44.371+0000][9680.316s][info][gc,heap     ] GC(2098) Archive regions: 2->2
[2024-08-15T15:09:44.371+0000][9680.316s][info][gc,heap     ] GC(2098) Humongous regions: 5->5
[2024-08-15T15:09:44.371+0000][9680.316s][info][gc,metaspace] GC(2098) Metaspace: 441464K(448576K)->441464K(448576K) NonClass: 386624K(390848K)->386624K(390848K) Class: 54839K(57728K)->54839K(57728K)
[2024-08-15T15:09:44.371+0000][9680.316s][info][gc          ] GC(2098) Pause Young (Mixed) (G1 Evacuation Pause) 3982M->3411M(12288M) 100.166ms
[2024-08-15T15:09:44.372+0000][9680.316s][info][gc,cpu      ] GC(2098) User=0.59s Sys=0.00s Real=0.10s
[2024-08-15T15:09:51.631+0000][9687.576s][info][gc,start    ] GC(2099) Pause Young (Normal) (G1 Evacuation Pause)
[2024-08-15T15:09:51.631+0000][9687.576s][info][gc,task     ] GC(2099) Using 6 workers of 6 for evacuation
[2024-08-15T15:09:51.655+0000][9687.599s][info][gc,phases   ] GC(2099)   Pre Evacuate Collection Set: 0.2ms
[2024-08-15T15:09:51.655+0000][9687.599s][info][gc,phases   ] GC(2099)   Merge Heap Roots: 0.3ms
[2024-08-15T15:09:51.655+0000][9687.599s][info][gc,phases   ] GC(2099)   Evacuate Collection Set: 21.1ms
[2024-08-15T15:09:51.655+0000][9687.599s][info][gc,phases   ] GC(2099)   Post Evacuate Collection Set: 1.9ms
[2024-08-15T15:09:51.655+0000][9687.599s][info][gc,phases   ] GC(2099)   Other: 0.2ms
[2024-08-15T15:09:51.655+0000][9687.599s][info][gc,heap     ] GC(2099) Eden regions: 785->0(784)
[2024-08-15T15:09:51.655+0000][9687.599s][info][gc,heap     ] GC(2099) Survivor regions: 5->7(99)
[2024-08-15T15:09:51.655+0000][9687.599s][info][gc,heap     ] GC(2099) Old regions: 416->416
[2024-08-15T15:09:51.655+0000][9687.599s][info][gc,heap     ] GC(2099) Archive regions: 2->2
[2024-08-15T15:09:51.655+0000][9687.599s][info][gc,heap     ] GC(2099) Humongous regions: 5->5
[2024-08-15T15:09:51.655+0000][9687.599s][info][gc,metaspace] GC(2099) Metaspace: 441464K(448576K)->441464K(448576K) NonClass: 386624K(390848K)->386624K(390848K) Class: 54839K(57728K)->54839K(57728K)
[2024-08-15T15:09:51.655+0000][9687.599s][info][gc          ] GC(2099) Pause Young (Normal) (G1 Evacuation Pause) 9691M->3427M(12288M) 23.725ms
[2024-08-15T15:09:51.655+0000][9687.599s][info][gc,cpu      ] GC(2099) User=0.13s Sys=0.01s Real=0.02s
[2024-08-15T15:10:00.251+0000][9696.196s][info][gc,start    ] GC(2100) Pause Young (Normal) (G1 Evacuation Pause)
[2024-08-15T15:10:00.251+0000][9696.196s][info][gc,task     ] GC(2100) Using 6 workers of 6 for evacuation
[2024-08-15T15:10:00.279+0000][9696.223s][info][gc,phases   ] GC(2100)   Pre Evacuate Collection Set: 0.2ms
[2024-08-15T15:10:00.279+0000][9696.223s][info][gc,phases   ] GC(2100)   Merge Heap Roots: 0.3ms
[2024-08-15T15:10:00.279+0000][9696.223s][info][gc,phases   ] GC(2100)   Evacuate Collection Set: 24.8ms
[2024-08-15T15:10:00.279+0000][9696.223s][info][gc,phases   ] GC(2100)   Post Evacuate Collection Set: 1.8ms
[2024-08-15T15:10:00.279+0000][9696.223s][info][gc,phases   ] GC(2100)   Other: 0.2ms
[2024-08-15T15:10:00.279+0000][9696.223s][info][gc,heap     ] GC(2100) Eden regions: 784->0(781)
[2024-08-15T15:10:00.279+0000][9696.223s][info][gc,heap     ] GC(2100) Survivor regions: 7->10(99)
[2024-08-15T15:10:00.279+0000][9696.223s][info][gc,heap     ] GC(2100) Old regions: 416->416
[2024-08-15T15:10:00.279+0000][9696.223s][info][gc,heap     ] GC(2100) Archive regions: 2->2
[2024-08-15T15:10:00.279+0000][9696.223s][info][gc,heap     ] GC(2100) Humongous regions: 5->5
[2024-08-15T15:10:00.279+0000][9696.223s][info][gc,metaspace] GC(2100) Metaspace: 441464K(448576K)->441464K(448576K) NonClass: 386625K(390848K)->386625K(390848K) Class: 54839K(57728K)->54839K(57728K)
[2024-08-15T15:10:00.279+0000][9696.223s][info][gc          ] GC(2100) Pause Young (Normal) (G1 Evacuation Pause) 9699M->3451M(12288M) 27.311ms
[2024-08-15T15:10:00.279+0000][9696.223s][info][gc,cpu      ] GC(2100) User=0.16s Sys=0.00s Real=0.03s
[2024-08-15T15:10:08.155+0000][9704.100s][info][gc,start    ] GC(2101) Pause Young (Concurrent Start) (G1 Evacuation Pause)
[2024-08-15T15:10:08.155+0000][9704.100s][info][gc,task     ] GC(2101) Using 6 workers of 6 for evacuation
[2024-08-15T15:10:08.188+0000][9704.132s][info][gc,phases   ] GC(2101)   Pre Evacuate Collection Set: 0.6ms
[2024-08-15T15:10:08.188+0000][9704.132s][info][gc,phases   ] GC(2101)   Merge Heap Roots: 0.3ms
[2024-08-15T15:10:08.188+0000][9704.132s][info][gc,phases   ] GC(2101)   Evacuate Collection Set: 30.0ms
[2024-08-15T15:10:08.188+0000][9704.132s][info][gc,phases   ] GC(2101)   Post Evacuate Collection Set: 1.8ms
[2024-08-15T15:10:08.188+0000][9704.133s][info][gc,phases   ] GC(2101)   Other: 0.3ms
[2024-08-15T15:10:08.188+0000][9704.133s][info][gc,heap     ] GC(2101) Eden regions: 781->0(779)
[2024-08-15T15:10:08.188+0000][9704.133s][info][gc,heap     ] GC(2101) Survivor regions: 10->12(99)
[2024-08-15T15:10:08.188+0000][9704.133s][info][gc,heap     ] GC(2101) Old regions: 416->416
[2024-08-15T15:10:08.188+0000][9704.133s][info][gc,heap     ] GC(2101) Archive regions: 2->2
[2024-08-15T15:10:08.188+0000][9704.133s][info][gc,heap     ] GC(2101) Humongous regions: 5->5
[2024-08-15T15:10:08.188+0000][9704.133s][info][gc,metaspace] GC(2101) Metaspace: 441464K(448576K)->441464K(448576K) NonClass: 386625K(390848K)->386625K(390848K) Class: 54839K(57728K)->54839K(57728K)
[2024-08-15T15:10:08.188+0000][9704.133s][info][gc          ] GC(2101) Pause Young (Concurrent Start) (G1 Evacuation Pause) 9699M->3463M(12288M) 33.063ms
[2024-08-15T15:10:08.188+0000][9704.133s][info][gc,cpu      ] GC(2101) User=0.19s Sys=0.00s Real=0.04s
[2024-08-15T15:10:08.188+0000][9704.133s][info][gc          ] GC(2102) Concurrent Mark Cycle
[2024-08-15T15:10:08.188+0000][9704.133s][info][gc,marking  ] GC(2102) Concurrent Clear Claimed Marks
[2024-08-15T15:10:08.188+0000][9704.133s][info][gc,marking  ] GC(2102) Concurrent Clear Claimed Marks 0.400ms
[2024-08-15T15:10:08.188+0000][9704.133s][info][gc,marking  ] GC(2102) Concurrent Scan Root Regions
[2024-08-15T15:10:08.214+0000][9704.159s][info][gc,marking  ] GC(2102) Concurrent Scan Root Regions 25.731ms
[2024-08-15T15:10:08.214+0000][9704.159s][info][gc,marking  ] GC(2102) Concurrent Mark
[2024-08-15T15:10:08.214+0000][9704.159s][info][gc,marking  ] GC(2102) Concurrent Mark From Roots
[2024-08-15T15:10:08.214+0000][9704.159s][info][gc,task     ] GC(2102) Using 2 workers of 2 for marking
[2024-08-15T15:10:10.647+0000][9706.591s][info][gc,marking  ] GC(2102) Concurrent Mark From Roots 2432.332ms
[2024-08-15T15:10:10.647+0000][9706.591s][info][gc,marking  ] GC(2102) Concurrent Preclean
[2024-08-15T15:10:10.648+0000][9706.593s][info][gc,marking  ] GC(2102) Concurrent Preclean 1.648ms
[2024-08-15T15:10:10.648+0000][9706.593s][info][gc,start    ] GC(2102) Pause Remark
[2024-08-15T15:10:10.673+0000][9706.617s][info][gc          ] GC(2102) Pause Remark 5371M->5371M(12288M) 24.311ms
[2024-08-15T15:10:10.673+0000][9706.617s][info][gc,cpu      ] GC(2102) User=0.10s Sys=0.00s Real=0.02s
[2024-08-15T15:10:10.673+0000][9706.618s][info][gc,marking  ] GC(2102) Concurrent Mark 2458.657ms
[2024-08-15T15:10:10.673+0000][9706.618s][info][gc,marking  ] GC(2102) Concurrent Rebuild Remembered Sets
[2024-08-15T15:10:12.217+0000][9708.162s][info][gc,marking  ] GC(2102) Concurrent Rebuild Remembered Sets 1544.321ms
[2024-08-15T15:10:12.217+0000][9708.162s][info][gc,start    ] GC(2102) Pause Cleanup
[2024-08-15T15:10:12.218+0000][9708.163s][info][gc          ] GC(2102) Pause Cleanup 7347M->7347M(12288M) 0.734ms
[2024-08-15T15:10:12.218+0000][9708.163s][info][gc,cpu      ] GC(2102) User=0.00s Sys=0.00s Real=0.00s
[2024-08-15T15:10:12.218+0000][9708.163s][info][gc,marking  ] GC(2102) Concurrent Cleanup for Next Mark
[2024-08-15T15:10:12.236+0000][9708.180s][info][gc,marking  ] GC(2102) Concurrent Cleanup for Next Mark 17.386ms
[2024-08-15T15:10:12.236+0000][9708.180s][info][gc          ] GC(2102) Concurrent Mark Cycle 4047.644ms
[2024-08-15T15:10:15.490+0000][9711.434s][info][gc,start    ] GC(2103) Pause Young (Prepare Mixed) (G1 Evacuation Pause)
[2024-08-15T15:10:15.490+0000][9711.434s][info][gc,task     ] GC(2103) Using 6 workers of 6 for evacuation
[2024-08-15T15:10:15.530+0000][9711.475s][info][gc,phases   ] GC(2103)   Pre Evacuate Collection Set: 0.2ms
[2024-08-15T15:10:15.530+0000][9711.475s][info][gc,phases   ] GC(2103)   Merge Heap Roots: 0.4ms
[2024-08-15T15:10:15.530+0000][9711.475s][info][gc,phases   ] GC(2103)   Evacuate Collection Set: 38.0ms
[2024-08-15T15:10:15.530+0000][9711.475s][info][gc,phases   ] GC(2103)   Post Evacuate Collection Set: 1.9ms
[2024-08-15T15:10:15.530+0000][9711.475s][info][gc,phases   ] GC(2103)   Other: 0.2ms
[2024-08-15T15:10:15.530+0000][9711.475s][info][gc,heap     ] GC(2103) Eden regions: 779->0(62)
[2024-08-15T15:10:15.530+0000][9711.475s][info][gc,heap     ] GC(2103) Survivor regions: 12->14(99)
[2024-08-15T15:10:15.530+0000][9711.475s][info][gc,heap     ] GC(2103) Old regions: 416->416
[2024-08-15T15:10:15.530+0000][9711.475s][info][gc,heap     ] GC(2103) Archive regions: 2->2
[2024-08-15T15:10:15.530+0000][9711.475s][info][gc,heap     ] GC(2103) Humongous regions: 5->5
[2024-08-15T15:10:15.530+0000][9711.475s][info][gc,metaspace] GC(2103) Metaspace: 441465K(448576K)->441465K(448576K) NonClass: 386625K(390848K)->386625K(390848K) Class: 54839K(57728K)->54839K(57728K)
[2024-08-15T15:10:15.530+0000][9711.475s][info][gc          ] GC(2103) Pause Young (Prepare Mixed) (G1 Evacuation Pause) 9695M->3481M(12288M) 40.741ms
[2024-08-15T15:10:15.530+0000][9711.475s][info][gc,cpu      ] GC(2103) User=0.24s Sys=0.00s Real=0.04s
[2024-08-15T15:10:16.196+0000][9712.141s][info][gc,start    ] GC(2104) Pause Young (Mixed) (G1 Evacuation Pause)
[2024-08-15T15:10:16.196+0000][9712.141s][info][gc,task     ] GC(2104) Using 6 workers of 6 for evacuation
[2024-08-15T15:10:16.273+0000][9712.217s][info][gc,phases   ] GC(2104)   Pre Evacuate Collection Set: 0.2ms
[2024-08-15T15:10:16.273+0000][9712.217s][info][gc,phases   ] GC(2104)   Merge Heap Roots: 0.4ms
[2024-08-15T15:10:16.273+0000][9712.217s][info][gc,phases   ] GC(2104)   Evacuate Collection Set: 74.3ms
[2024-08-15T15:10:16.273+0000][9712.217s][info][gc,phases   ] GC(2104)   Post Evacuate Collection Set: 1.3ms
[2024-08-15T15:10:16.273+0000][9712.217s][info][gc,phases   ] GC(2104)   Other: 0.2ms
[2024-08-15T15:10:16.273+0000][9712.217s][info][gc,heap     ] GC(2104) Eden regions: 62->0(791)
[2024-08-15T15:10:16.273+0000][9712.217s][info][gc,heap     ] GC(2104) Survivor regions: 14->5(10)
[2024-08-15T15:10:16.273+0000][9712.217s][info][gc,heap     ] GC(2104) Old regions: 416->411
[2024-08-15T15:10:16.273+0000][9712.217s][info][gc,heap     ] GC(2104) Archive regions: 2->2
[2024-08-15T15:10:16.273+0000][9712.217s][info][gc,heap     ] GC(2104) Humongous regions: 5->5
[2024-08-15T15:10:16.273+0000][9712.217s][info][gc,metaspace] GC(2104) Metaspace: 441465K(448576K)->441465K(448576K) NonClass: 386625K(390848K)->386625K(390848K) Class: 54839K(57728K)->54839K(57728K)
[2024-08-15T15:10:16.273+0000][9712.217s][info][gc          ] GC(2104) Pause Young (Mixed) (G1 Evacuation Pause) 3977M->3367M(12288M) 76.370ms
[2024-08-15T15:10:16.273+0000][9712.217s][info][gc,cpu      ] GC(2104) User=0.46s Sys=0.00s Real=0.07s
[2024-08-15T15:10:24.986+0000][9720.931s][info][gc,start    ] GC(2105) Pause Young (Normal) (G1 Evacuation Pause)
[2024-08-15T15:10:24.986+0000][9720.931s][info][gc,task     ] GC(2105) Using 6 workers of 6 for evacuation
[2024-08-15T15:10:25.009+0000][9720.954s][info][gc,phases   ] GC(2105)   Pre Evacuate Collection Set: 0.2ms
[2024-08-15T15:10:25.009+0000][9720.954s][info][gc,phases   ] GC(2105)   Merge Heap Roots: 0.3ms
[2024-08-15T15:10:25.009+0000][9720.954s][info][gc,phases   ] GC(2105)   Evacuate Collection Set: 20.3ms
[2024-08-15T15:10:25.009+0000][9720.954s][info][gc,phases   ] GC(2105)   Post Evacuate Collection Set: 1.7ms
[2024-08-15T15:10:25.009+0000][9720.954s][info][gc,phases   ] GC(2105)   Other: 0.2ms
[2024-08-15T15:10:25.009+0000][9720.954s][info][gc,heap     ] GC(2105) Eden regions: 791->0(788)
[2024-08-15T15:10:25.009+0000][9720.954s][info][gc,heap     ] GC(2105) Survivor regions: 5->8(100)
[2024-08-15T15:10:25.009+0000][9720.954s][info][gc,heap     ] GC(2105) Old regions: 411->411
[2024-08-15T15:10:25.009+0000][9720.954s][info][gc,heap     ] GC(2105) Archive regions: 2->2
[2024-08-15T15:10:25.009+0000][9720.954s][info][gc,heap     ] GC(2105) Humongous regions: 5->5
[2024-08-15T15:10:25.009+0000][9720.954s][info][gc,metaspace] GC(2105) Metaspace: 441465K(448576K)->441465K(448576K) NonClass: 386625K(390848K)->386625K(390848K) Class: 54839K(57728K)->54839K(57728K)
[2024-08-15T15:10:25.009+0000][9720.954s][info][gc          ] GC(2105) Pause Young (Normal) (G1 Evacuation Pause) 9695M->3386M(12288M) 22.689ms
[2024-08-15T15:10:25.009+0000][9720.954s][info][gc,cpu      ] GC(2105) User=0.13s Sys=0.00s Real=0.02s
[2024-08-15T15:10:33.892+0000][9729.836s][info][gc,start    ] GC(2106) Pause Young (Normal) (G1 Evacuation Pause)
[2024-08-15T15:10:33.892+0000][9729.836s][info][gc,task     ] GC(2106) Using 6 workers of 6 for evacuation
[2024-08-15T15:10:33.921+0000][9729.865s][info][gc,phases   ] GC(2106)   Pre Evacuate Collection Set: 0.2ms
[2024-08-15T15:10:33.921+0000][9729.865s][info][gc,phases   ] GC(2106)   Merge Heap Roots: 0.3ms
[2024-08-15T15:10:33.921+0000][9729.865s][info][gc,phases   ] GC(2106)   Evacuate Collection Set: 26.4ms
[2024-08-15T15:10:33.921+0000][9729.865s][info][gc,phases   ] GC(2106)   Post Evacuate Collection Set: 1.9ms
[2024-08-15T15:10:33.921+0000][9729.865s][info][gc,phases   ] GC(2106)   Other: 0.2ms
[2024-08-15T15:10:33.921+0000][9729.865s][info][gc,heap     ] GC(2106) Eden regions: 788->0(785)
[2024-08-15T15:10:33.921+0000][9729.865s][info][gc,heap     ] GC(2106) Survivor regions: 8->11(100)
[2024-08-15T15:10:33.921+0000][9729.865s][info][gc,heap     ] GC(2106) Old regions: 411->411
[2024-08-15T15:10:33.921+0000][9729.865s][info][gc,heap     ] GC(2106) Archive regions: 2->2
[2024-08-15T15:10:33.921+0000][9729.865s][info][gc,heap     ] GC(2106) Humongous regions: 5->5
[2024-08-15T15:10:33.921+0000][9729.865s][info][gc,metaspace] GC(2106) Metaspace: 441465K(448576K)->441465K(448576K) NonClass: 386625K(390848K)->386625K(390848K) Class: 54839K(57728K)->54839K(57728K)
[2024-08-15T15:10:33.921+0000][9729.865s][info][gc          ] GC(2106) Pause Young (Normal) (G1 Evacuation Pause) 9690M->3415M(12288M) 29.013ms
[2024-08-15T15:10:33.921+0000][9729.865s][info][gc,cpu      ] GC(2106) User=0.17s Sys=0.00s Real=0.03s
[2024-08-15T15:10:41.789+0000][9737.734s][info][gc,start    ] GC(2107) Pause Young (Concurrent Start) (G1 Evacuation Pause)
[2024-08-15T15:10:41.789+0000][9737.734s][info][gc,task     ] GC(2107) Using 6 workers of 6 for evacuation
[2024-08-15T15:10:41.822+0000][9737.767s][info][gc,phases   ] GC(2107)   Pre Evacuate Collection Set: 0.6ms
[2024-08-15T15:10:41.822+0000][9737.767s][info][gc,phases   ] GC(2107)   Merge Heap Roots: 0.3ms
[2024-08-15T15:10:41.822+0000][9737.767s][info][gc,phases   ] GC(2107)   Evacuate Collection Set: 30.0ms
[2024-08-15T15:10:41.822+0000][9737.767s][info][gc,phases   ] GC(2107)   Post Evacuate Collection Set: 1.9ms
[2024-08-15T15:10:41.822+0000][9737.767s][info][gc,phases   ] GC(2107)   Other: 0.3ms
[2024-08-15T15:10:41.822+0000][9737.767s][info][gc,heap     ] GC(2107) Eden regions: 785->0(785)
[2024-08-15T15:10:41.822+0000][9737.767s][info][gc,heap     ] GC(2107) Survivor regions: 11->11(100)
[2024-08-15T15:10:41.822+0000][9737.767s][info][gc,heap     ] GC(2107) Old regions: 411->411
[2024-08-15T15:10:41.822+0000][9737.767s][info][gc,heap     ] GC(2107) Archive regions: 2->2
[2024-08-15T15:10:41.822+0000][9737.767s][info][gc,heap     ] GC(2107) Humongous regions: 5->5
[2024-08-15T15:10:41.822+0000][9737.767s][info][gc,metaspace] GC(2107) Metaspace: 441466K(448576K)->441466K(448576K) NonClass: 386626K(390848K)->386626K(390848K) Class: 54839K(57728K)->54839K(57728K)
[2024-08-15T15:10:41.822+0000][9737.767s][info][gc          ] GC(2107) Pause Young (Concurrent Start) (G1 Evacuation Pause) 9695M->3411M(12288M) 33.099ms
[2024-08-15T15:10:41.822+0000][9737.767s][info][gc,cpu      ] GC(2107) User=0.19s Sys=0.00s Real=0.03s
[2024-08-15T15:10:41.822+0000][9737.767s][info][gc          ] GC(2108) Concurrent Mark Cycle
[2024-08-15T15:10:41.822+0000][9737.767s][info][gc,marking  ] GC(2108) Concurrent Clear Claimed Marks
[2024-08-15T15:10:41.823+0000][9737.767s][info][gc,marking  ] GC(2108) Concurrent Clear Claimed Marks 0.388ms
[2024-08-15T15:10:41.823+0000][9737.768s][info][gc,marking  ] GC(2108) Concurrent Scan Root Regions
[2024-08-15T15:10:41.853+0000][9737.797s][info][gc,marking  ] GC(2108) Concurrent Scan Root Regions 29.794ms
[2024-08-15T15:10:41.853+0000][9737.797s][info][gc,marking  ] GC(2108) Concurrent Mark
[2024-08-15T15:10:41.853+0000][9737.797s][info][gc,marking  ] GC(2108) Concurrent Mark From Roots
[2024-08-15T15:10:41.853+0000][9737.797s][info][gc,task     ] GC(2108) Using 2 workers of 2 for marking
[2024-08-15T15:10:44.191+0000][9740.135s][info][gc,marking  ] GC(2108) Concurrent Mark From Roots 2337.890ms
[2024-08-15T15:10:44.191+0000][9740.135s][info][gc,marking  ] GC(2108) Concurrent Preclean
[2024-08-15T15:10:44.192+0000][9740.137s][info][gc,marking  ] GC(2108) Concurrent Preclean 1.775ms
[2024-08-15T15:10:44.193+0000][9740.137s][info][gc,start    ] GC(2108) Pause Remark
[2024-08-15T15:10:44.216+0000][9740.160s][info][gc          ] GC(2108) Pause Remark 4955M->4955M(12288M) 23.275ms
[2024-08-15T15:10:44.216+0000][9740.161s][info][gc,cpu      ] GC(2108) User=0.10s Sys=0.00s Real=0.03s
[2024-08-15T15:10:44.216+0000][9740.161s][info][gc,marking  ] GC(2108) Concurrent Mark 2363.332ms
[2024-08-15T15:10:44.216+0000][9740.161s][info][gc,marking  ] GC(2108) Concurrent Rebuild Remembered Sets
[2024-08-15T15:10:45.657+0000][9741.602s][info][gc,marking  ] GC(2108) Concurrent Rebuild Remembered Sets 1441.001ms
[2024-08-15T15:10:45.657+0000][9741.602s][info][gc,start    ] GC(2108) Pause Cleanup
[2024-08-15T15:10:45.658+0000][9741.603s][info][gc          ] GC(2108) Pause Cleanup 5935M->5935M(12288M) 0.678ms
[2024-08-15T15:10:45.658+0000][9741.603s][info][gc,cpu      ] GC(2108) User=0.00s Sys=0.00s Real=0.00s
[2024-08-15T15:10:45.658+0000][9741.603s][info][gc,marking  ] GC(2108) Concurrent Cleanup for Next Mark
[2024-08-15T15:10:45.676+0000][9741.621s][info][gc,marking  ] GC(2108) Concurrent Cleanup for Next Mark 18.121ms
[2024-08-15T15:10:45.676+0000][9741.621s][info][gc          ] GC(2108) Concurrent Mark Cycle 3853.775ms
[2024-08-15T15:10:50.885+0000][9746.830s][info][gc,start    ] GC(2109) Pause Young (Prepare Mixed) (G1 Evacuation Pause)
[2024-08-15T15:10:50.885+0000][9746.830s][info][gc,task     ] GC(2109) Using 6 workers of 6 for evacuation
[2024-08-15T15:10:50.926+0000][9746.870s][info][gc,phases   ] GC(2109)   Pre Evacuate Collection Set: 0.2ms
[2024-08-15T15:10:50.926+0000][9746.870s][info][gc,phases   ] GC(2109)   Merge Heap Roots: 0.4ms
[2024-08-15T15:10:50.926+0000][9746.870s][info][gc,phases   ] GC(2109)   Evacuate Collection Set: 38.0ms
[2024-08-15T15:10:50.926+0000][9746.870s][info][gc,phases   ] GC(2109)   Post Evacuate Collection Set: 1.7ms
[2024-08-15T15:10:50.926+0000][9746.870s][info][gc,phases   ] GC(2109)   Other: 0.2ms
[2024-08-15T15:10:50.926+0000][9746.871s][info][gc,heap     ] GC(2109) Eden regions: 785->0(62)
[2024-08-15T15:10:50.926+0000][9746.871s][info][gc,heap     ] GC(2109) Survivor regions: 11->14(100)
[2024-08-15T15:10:50.926+0000][9746.871s][info][gc,heap     ] GC(2109) Old regions: 411->411
[2024-08-15T15:10:50.926+0000][9746.871s][info][gc,heap     ] GC(2109) Archive regions: 2->2
[2024-08-15T15:10:50.926+0000][9746.871s][info][gc,heap     ] GC(2109) Humongous regions: 5->5
[2024-08-15T15:10:50.926+0000][9746.871s][info][gc,metaspace] GC(2109) Metaspace: 441466K(448576K)->441466K(448576K) NonClass: 386626K(390848K)->386626K(390848K) Class: 54839K(57728K)->54839K(57728K)
[2024-08-15T15:10:50.926+0000][9746.871s][info][gc          ] GC(2109) Pause Young (Prepare Mixed) (G1 Evacuation Pause) 9691M->3435M(12288M) 40.493ms
[2024-08-15T15:10:50.926+0000][9746.871s][info][gc,cpu      ] GC(2109) User=0.24s Sys=0.00s Real=0.04s
[2024-08-15T15:10:51.600+0000][9747.545s][info][gc,start    ] GC(2110) Pause Young (Mixed) (G1 Evacuation Pause)
[2024-08-15T15:10:51.600+0000][9747.545s][info][gc,task     ] GC(2110) Using 6 workers of 6 for evacuation
[2024-08-15T15:10:51.683+0000][9747.628s][info][gc,phases   ] GC(2110)   Pre Evacuate Collection Set: 0.2ms
[2024-08-15T15:10:51.683+0000][9747.628s][info][gc,phases   ] GC(2110)   Merge Heap Roots: 0.4ms
[2024-08-15T15:10:51.683+0000][9747.628s][info][gc,phases   ] GC(2110)   Evacuate Collection Set: 80.6ms
[2024-08-15T15:10:51.683+0000][9747.628s][info][gc,phases   ] GC(2110)   Post Evacuate Collection Set: 1.2ms
[2024-08-15T15:10:51.683+0000][9747.628s][info][gc,phases   ] GC(2110)   Other: 0.2ms
[2024-08-15T15:10:51.683+0000][9747.628s][info][gc,heap     ] GC(2110) Eden regions: 62->0(794)
[2024-08-15T15:10:51.683+0000][9747.628s][info][gc,heap     ] GC(2110) Survivor regions: 14->5(10)
[2024-08-15T15:10:51.683+0000][9747.628s][info][gc,heap     ] GC(2110) Old regions: 411->408
[2024-08-15T15:10:51.683+0000][9747.628s][info][gc,heap     ] GC(2110) Archive regions: 2->2
[2024-08-15T15:10:51.683+0000][9747.628s][info][gc,heap     ] GC(2110) Humongous regions: 5->5
[2024-08-15T15:10:51.683+0000][9747.628s][info][gc,metaspace] GC(2110) Metaspace: 441466K(448576K)->441466K(448576K) NonClass: 386626K(390848K)->386626K(390848K) Class: 54839K(57728K)->54839K(57728K)
[2024-08-15T15:10:51.683+0000][9747.628s][info][gc          ] GC(2110) Pause Young (Mixed) (G1 Evacuation Pause) 3931M->3344M(12288M) 82.619ms
[2024-08-15T15:10:51.683+0000][9747.628s][info][gc,cpu      ] GC(2110) User=0.49s Sys=0.00s Real=0.09s
[2024-08-15T15:11:00.303+0000][9756.248s][info][gc,start    ] GC(2111) Pause Young (Normal) (G1 Evacuation Pause)
[2024-08-15T15:11:00.303+0000][9756.248s][info][gc,task     ] GC(2111) Using 6 workers of 6 for evacuation
[2024-08-15T15:11:00.324+0000][9756.268s][info][gc,phases   ] GC(2111)   Pre Evacuate Collection Set: 0.2ms
[2024-08-15T15:11:00.324+0000][9756.268s][info][gc,phases   ] GC(2111)   Merge Heap Roots: 0.3ms
[2024-08-15T15:11:00.324+0000][9756.268s][info][gc,phases   ] GC(2111)   Evacuate Collection Set: 18.2ms
[2024-08-15T15:11:00.324+0000][9756.268s][info][gc,phases   ] GC(2111)   Post Evacuate Collection Set: 1.8ms
[2024-08-15T15:11:00.324+0000][9756.268s][info][gc,phases   ] GC(2111)   Other: 0.2ms
[2024-08-15T15:11:00.324+0000][9756.268s][info][gc,heap     ] GC(2111) Eden regions: 794->0(793)
[2024-08-15T15:11:00.324+0000][9756.268s][info][gc,heap     ] GC(2111) Survivor regions: 5->7(100)
[2024-08-15T15:11:00.324+0000][9756.268s][info][gc,heap     ] GC(2111) Old regions: 408->408
[2024-08-15T15:11:00.324+0000][9756.268s][info][gc,heap     ] GC(2111) Archive regions: 2->2
[2024-08-15T15:11:00.324+0000][9756.268s][info][gc,heap     ] GC(2111) Humongous regions: 5->5
[2024-08-15T15:11:00.324+0000][9756.268s][info][gc,metaspace] GC(2111) Metaspace: 441466K(448576K)->441466K(448576K) NonClass: 386626K(390848K)->386626K(390848K) Class: 54839K(57728K)->54839K(57728K)
[2024-08-15T15:11:00.324+0000][9756.268s][info][gc          ] GC(2111) Pause Young (Normal) (G1 Evacuation Pause) 9696M->3358M(12288M) 20.672ms
[2024-08-15T15:11:00.324+0000][9756.268s][info][gc,cpu      ] GC(2111) User=0.11s Sys=0.00s Real=0.03s
[2024-08-15T15:11:09.160+0000][9765.105s][info][gc,start    ] GC(2112) Pause Young (Normal) (G1 Evacuation Pause)
[2024-08-15T15:11:09.160+0000][9765.105s][info][gc,task     ] GC(2112) Using 6 workers of 6 for evacuation
[2024-08-15T15:11:09.191+0000][9765.136s][info][gc,phases   ] GC(2112)   Pre Evacuate Collection Set: 0.2ms
[2024-08-15T15:11:09.191+0000][9765.136s][info][gc,phases   ] GC(2112)   Merge Heap Roots: 0.3ms
[2024-08-15T15:11:09.191+0000][9765.136s][info][gc,phases   ] GC(2112)   Evacuate Collection Set: 28.5ms
[2024-08-15T15:11:09.191+0000][9765.136s][info][gc,phases   ] GC(2112)   Post Evacuate Collection Set: 1.7ms
[2024-08-15T15:11:09.191+0000][9765.136s][info][gc,phases   ] GC(2112)   Other: 0.2ms
[2024-08-15T15:11:09.191+0000][9765.136s][info][gc,heap     ] GC(2112) Eden regions: 793->0(790)
[2024-08-15T15:11:09.191+0000][9765.136s][info][gc,heap     ] GC(2112) Survivor regions: 7->10(100)
[2024-08-15T15:11:09.191+0000][9765.136s][info][gc,heap     ] GC(2112) Old regions: 408->408
[2024-08-15T15:11:09.191+0000][9765.136s][info][gc,heap     ] GC(2112) Archive regions: 2->2
[2024-08-15T15:11:09.191+0000][9765.136s][info][gc,heap     ] GC(2112) Humongous regions: 5->5
[2024-08-15T15:11:09.191+0000][9765.136s][info][gc,metaspace] GC(2112) Metaspace: 441466K(448576K)->441466K(448576K) NonClass: 386626K(390848K)->386626K(390848K) Class: 54839K(57728K)->54839K(57728K)
[2024-08-15T15:11:09.191+0000][9765.136s][info][gc          ] GC(2112) Pause Young (Normal) (G1 Evacuation Pause) 9702M->3384M(12288M) 30.923ms
[2024-08-15T15:11:09.191+0000][9765.136s][info][gc,cpu      ] GC(2112) User=0.18s Sys=0.00s Real=0.03s
[2024-08-15T15:11:17.834+0000][9773.779s][info][gc,start    ] GC(2113) Pause Young (Concurrent Start) (G1 Evacuation Pause)
[2024-08-15T15:11:17.834+0000][9773.779s][info][gc,task     ] GC(2113) Using 6 workers of 6 for evacuation
[2024-08-15T15:11:17.867+0000][9773.811s][info][gc,phases   ] GC(2113)   Pre Evacuate Collection Set: 0.6ms
[2024-08-15T15:11:17.867+0000][9773.811s][info][gc,phases   ] GC(2113)   Merge Heap Roots: 0.3ms
[2024-08-15T15:11:17.867+0000][9773.811s][info][gc,phases   ] GC(2113)   Evacuate Collection Set: 29.3ms
[2024-08-15T15:11:17.867+0000][9773.811s][info][gc,phases   ] GC(2113)   Post Evacuate Collection Set: 1.7ms
[2024-08-15T15:11:17.867+0000][9773.811s][info][gc,phases   ] GC(2113)   Other: 0.3ms
[2024-08-15T15:11:17.867+0000][9773.811s][info][gc,heap     ] GC(2113) Eden regions: 790->0(785)
[2024-08-15T15:11:17.867+0000][9773.811s][info][gc,heap     ] GC(2113) Survivor regions: 10->14(100)
[2024-08-15T15:11:17.867+0000][9773.811s][info][gc,heap     ] GC(2113) Old regions: 408->408
[2024-08-15T15:11:17.867+0000][9773.811s][info][gc,heap     ] GC(2113) Archive regions: 2->2
[2024-08-15T15:11:17.867+0000][9773.811s][info][gc,heap     ] GC(2113) Humongous regions: 5->5
[2024-08-15T15:11:17.867+0000][9773.811s][info][gc,metaspace] GC(2113) Metaspace: 441466K(448576K)->441466K(448576K) NonClass: 386626K(390848K)->386626K(390848K) Class: 54839K(57728K)->54839K(57728K)
[2024-08-15T15:11:17.867+0000][9773.811s][info][gc          ] GC(2113) Pause Young (Concurrent Start) (G1 Evacuation Pause) 9704M->3410M(12288M) 32.198ms
[2024-08-15T15:11:17.867+0000][9773.811s][info][gc,cpu      ] GC(2113) User=0.18s Sys=0.00s Real=0.04s
[2024-08-15T15:11:17.867+0000][9773.811s][info][gc          ] GC(2114) Concurrent Mark Cycle
[2024-08-15T15:11:17.867+0000][9773.811s][info][gc,marking  ] GC(2114) Concurrent Clear Claimed Marks
[2024-08-15T15:11:17.867+0000][9773.812s][info][gc,marking  ] GC(2114) Concurrent Clear Claimed Marks 0.408ms
[2024-08-15T15:11:17.867+0000][9773.812s][info][gc,marking  ] GC(2114) Concurrent Scan Root Regions
[2024-08-15T15:11:17.890+0000][9773.835s][info][gc,marking  ] GC(2114) Concurrent Scan Root Regions 23.141ms
[2024-08-15T15:11:17.890+0000][9773.835s][info][gc,marking  ] GC(2114) Concurrent Mark
[2024-08-15T15:11:17.890+0000][9773.835s][info][gc,marking  ] GC(2114) Concurrent Mark From Roots
[2024-08-15T15:11:17.890+0000][9773.835s][info][gc,task     ] GC(2114) Using 2 workers of 2 for marking
[2024-08-15T15:11:20.260+0000][9776.204s][info][gc,marking  ] GC(2114) Concurrent Mark From Roots 2369.216ms
[2024-08-15T15:11:20.260+0000][9776.204s][info][gc,marking  ] GC(2114) Concurrent Preclean
[2024-08-15T15:11:20.262+0000][9776.206s][info][gc,marking  ] GC(2114) Concurrent Preclean 2.112ms
[2024-08-15T15:11:20.262+0000][9776.207s][info][gc,start    ] GC(2114) Pause Remark
[2024-08-15T15:11:20.285+0000][9776.230s][info][gc          ] GC(2114) Pause Remark 5026M->5026M(12288M) 23.135ms
[2024-08-15T15:11:20.285+0000][9776.230s][info][gc,cpu      ] GC(2114) User=0.10s Sys=0.00s Real=0.03s
[2024-08-15T15:11:20.285+0000][9776.230s][info][gc,marking  ] GC(2114) Concurrent Mark 2395.007ms
[2024-08-15T15:11:20.285+0000][9776.230s][info][gc,marking  ] GC(2114) Concurrent Rebuild Remembered Sets
[2024-08-15T15:11:21.776+0000][9777.720s][info][gc,marking  ] GC(2114) Concurrent Rebuild Remembered Sets 1490.263ms
[2024-08-15T15:11:21.776+0000][9777.720s][info][gc,start    ] GC(2114) Pause Cleanup
[2024-08-15T15:11:21.777+0000][9777.721s][info][gc          ] GC(2114) Pause Cleanup 6086M->6086M(12288M) 0.806ms
[2024-08-15T15:11:21.777+0000][9777.721s][info][gc,cpu      ] GC(2114) User=0.00s Sys=0.00s Real=0.00s
[2024-08-15T15:11:21.777+0000][9777.721s][info][gc,marking  ] GC(2114) Concurrent Cleanup for Next Mark
[2024-08-15T15:11:21.794+0000][9777.739s][info][gc,marking  ] GC(2114) Concurrent Cleanup for Next Mark 17.349ms
[2024-08-15T15:11:21.794+0000][9777.739s][info][gc          ] GC(2114) Concurrent Mark Cycle 3927.508ms
[2024-08-15T15:11:26.521+0000][9782.466s][info][gc,start    ] GC(2115) Pause Young (Prepare Mixed) (G1 Evacuation Pause)
[2024-08-15T15:11:26.521+0000][9782.466s][info][gc,task     ] GC(2115) Using 6 workers of 6 for evacuation
[2024-08-15T15:11:26.564+0000][9782.508s][info][gc,phases   ] GC(2115)   Pre Evacuate Collection Set: 0.2ms
[2024-08-15T15:11:26.564+0000][9782.508s][info][gc,phases   ] GC(2115)   Merge Heap Roots: 0.3ms
[2024-08-15T15:11:26.564+0000][9782.508s][info][gc,phases   ] GC(2115)   Evacuate Collection Set: 40.4ms
[2024-08-15T15:11:26.564+0000][9782.508s][info][gc,phases   ] GC(2115)   Post Evacuate Collection Set: 1.8ms
[2024-08-15T15:11:26.564+0000][9782.508s][info][gc,phases   ] GC(2115)   Other: 0.2ms
[2024-08-15T15:11:26.564+0000][9782.508s][info][gc,heap     ] GC(2115) Eden regions: 785->0(61)
[2024-08-15T15:11:26.564+0000][9782.508s][info][gc,heap     ] GC(2115) Survivor regions: 14->15(100)
[2024-08-15T15:11:26.564+0000][9782.508s][info][gc,heap     ] GC(2115) Old regions: 408->408
[2024-08-15T15:11:26.564+0000][9782.508s][info][gc,heap     ] GC(2115) Archive regions: 2->2
[2024-08-15T15:11:26.564+0000][9782.508s][info][gc,heap     ] GC(2115) Humongous regions: 5->5
[2024-08-15T15:11:26.564+0000][9782.508s][info][gc,metaspace] GC(2115) Metaspace: 441466K(448576K)->441466K(448576K) NonClass: 386626K(390848K)->386626K(390848K) Class: 54839K(57728K)->54839K(57728K)
[2024-08-15T15:11:26.564+0000][9782.508s][info][gc          ] GC(2115) Pause Young (Prepare Mixed) (G1 Evacuation Pause) 9690M->3419M(12288M) 42.908ms
[2024-08-15T15:11:26.564+0000][9782.509s][info][gc,cpu      ] GC(2115) User=0.25s Sys=0.00s Real=0.05s
[2024-08-15T15:11:27.204+0000][9783.148s][info][gc,start    ] GC(2116) Pause Young (Mixed) (G1 Evacuation Pause)
[2024-08-15T15:11:27.204+0000][9783.148s][info][gc,task     ] GC(2116) Using 6 workers of 6 for evacuation
[2024-08-15T15:11:27.298+0000][9783.243s][info][gc,phases   ] GC(2116)   Pre Evacuate Collection Set: 0.2ms
[2024-08-15T15:11:27.298+0000][9783.243s][info][gc,phases   ] GC(2116)   Merge Heap Roots: 0.5ms
[2024-08-15T15:11:27.298+0000][9783.243s][info][gc,phases   ] GC(2116)   Evacuate Collection Set: 92.2ms
[2024-08-15T15:11:27.298+0000][9783.243s][info][gc,phases   ] GC(2116)   Post Evacuate Collection Set: 1.3ms
[2024-08-15T15:11:27.298+0000][9783.243s][info][gc,phases   ] GC(2116)   Other: 0.2ms
[2024-08-15T15:11:27.298+0000][9783.243s][info][gc,heap     ] GC(2116) Eden regions: 61->0(794)
[2024-08-15T15:11:27.298+0000][9783.243s][info][gc,heap     ] GC(2116) Survivor regions: 15->5(10)
[2024-08-15T15:11:27.298+0000][9783.243s][info][gc,heap     ] GC(2116) Old regions: 408->409
[2024-08-15T15:11:27.298+0000][9783.243s][info][gc,heap     ] GC(2116) Archive regions: 2->2
[2024-08-15T15:11:27.298+0000][9783.243s][info][gc,heap     ] GC(2116) Humongous regions: 5->5
[2024-08-15T15:11:27.298+0000][9783.243s][info][gc,metaspace] GC(2116) Metaspace: 441466K(448576K)->441466K(448576K) NonClass: 386626K(390848K)->386626K(390848K) Class: 54839K(57728K)->54839K(57728K)
[2024-08-15T15:11:27.298+0000][9783.243s][info][gc          ] GC(2116) Pause Young (Mixed) (G1 Evacuation Pause) 3907M->3348M(12288M) 94.391ms
[2024-08-15T15:11:27.298+0000][9783.243s][info][gc,cpu      ] GC(2116) User=0.56s Sys=0.00s Real=0.09s
[2024-08-15T15:11:35.586+0000][9791.530s][info][gc,start    ] GC(2117) Pause Young (Normal) (G1 Evacuation Pause)
[2024-08-15T15:11:35.586+0000][9791.530s][info][gc,task     ] GC(2117) Using 6 workers of 6 for evacuation
[2024-08-15T15:11:35.608+0000][9791.553s][info][gc,phases   ] GC(2117)   Pre Evacuate Collection Set: 0.2ms
[2024-08-15T15:11:35.608+0000][9791.553s][info][gc,phases   ] GC(2117)   Merge Heap Roots: 0.3ms
[2024-08-15T15:11:35.608+0000][9791.553s][info][gc,phases   ] GC(2117)   Evacuate Collection Set: 20.0ms
[2024-08-15T15:11:35.608+0000][9791.553s][info][gc,phases   ] GC(2117)   Post Evacuate Collection Set: 1.8ms
[2024-08-15T15:11:35.608+0000][9791.553s][info][gc,phases   ] GC(2117)   Other: 0.2ms
[2024-08-15T15:11:35.608+0000][9791.553s][info][gc,heap     ] GC(2117) Eden regions: 794->0(792)
[2024-08-15T15:11:35.608+0000][9791.553s][info][gc,heap     ] GC(2117) Survivor regions: 5->7(100)
[2024-08-15T15:11:35.608+0000][9791.553s][info][gc,heap     ] GC(2117) Old regions: 409->409
[2024-08-15T15:11:35.608+0000][9791.553s][info][gc,heap     ] GC(2117) Archive regions: 2->2
[2024-08-15T15:11:35.608+0000][9791.553s][info][gc,heap     ] GC(2117) Humongous regions: 5->5
[2024-08-15T15:11:35.608+0000][9791.553s][info][gc,metaspace] GC(2117) Metaspace: 441472K(448576K)->441472K(448576K) NonClass: 386632K(390848K)->386632K(390848K) Class: 54839K(57728K)->54839K(57728K)
[2024-08-15T15:11:35.608+0000][9791.553s][info][gc          ] GC(2117) Pause Young (Normal) (G1 Evacuation Pause) 9700M->3363M(12288M) 22.564ms
[2024-08-15T15:11:35.608+0000][9791.553s][info][gc,cpu      ] GC(2117) User=0.16s Sys=0.00s Real=0.02s
[2024-08-15T15:11:44.268+0000][9800.213s][info][gc,start    ] GC(2118) Pause Young (Normal) (G1 Evacuation Pause)
[2024-08-15T15:11:44.268+0000][9800.213s][info][gc,task     ] GC(2118) Using 6 workers of 6 for evacuation
[2024-08-15T15:11:44.293+0000][9800.238s][info][gc,phases   ] GC(2118)   Pre Evacuate Collection Set: 0.2ms
[2024-08-15T15:11:44.293+0000][9800.238s][info][gc,phases   ] GC(2118)   Merge Heap Roots: 0.3ms
[2024-08-15T15:11:44.293+0000][9800.238s][info][gc,phases   ] GC(2118)   Evacuate Collection Set: 22.6ms
[2024-08-15T15:11:44.293+0000][9800.238s][info][gc,phases   ] GC(2118)   Post Evacuate Collection Set: 1.8ms
[2024-08-15T15:11:44.293+0000][9800.238s][info][gc,phases   ] GC(2118)   Other: 0.2ms
[2024-08-15T15:11:44.293+0000][9800.238s][info][gc,heap     ] GC(2118) Eden regions: 792->0(789)
[2024-08-15T15:11:44.293+0000][9800.238s][info][gc,heap     ] GC(2118) Survivor regions: 7->10(100)
[2024-08-15T15:11:44.293+0000][9800.238s][info][gc,heap     ] GC(2118) Old regions: 409->409
[2024-08-15T15:11:44.293+0000][9800.238s][info][gc,heap     ] GC(2118) Archive regions: 2->2
[2024-08-15T15:11:44.293+0000][9800.238s][info][gc,heap     ] GC(2118) Humongous regions: 5->5
[2024-08-15T15:11:44.293+0000][9800.238s][info][gc,metaspace] GC(2118) Metaspace: 441473K(448576K)->441473K(448576K) NonClass: 386633K(390848K)->386633K(390848K) Class: 54839K(57728K)->54839K(57728K)
[2024-08-15T15:11:44.293+0000][9800.238s][info][gc          ] GC(2118) Pause Young (Normal) (G1 Evacuation Pause) 9699M->3387M(12288M) 25.163ms
[2024-08-15T15:11:44.293+0000][9800.238s][info][gc,cpu      ] GC(2118) User=0.15s Sys=0.00s Real=0.02s
[2024-08-15T15:11:52.680+0000][9808.625s][info][gc,start    ] GC(2119) Pause Young (Concurrent Start) (G1 Evacuation Pause)
[2024-08-15T15:11:52.680+0000][9808.625s][info][gc,task     ] GC(2119) Using 6 workers of 6 for evacuation
[2024-08-15T15:11:52.712+0000][9808.657s][info][gc,phases   ] GC(2119)   Pre Evacuate Collection Set: 0.5ms
[2024-08-15T15:11:52.712+0000][9808.657s][info][gc,phases   ] GC(2119)   Merge Heap Roots: 0.3ms
[2024-08-15T15:11:52.712+0000][9808.657s][info][gc,phases   ] GC(2119)   Evacuate Collection Set: 29.8ms
[2024-08-15T15:11:52.712+0000][9808.657s][info][gc,phases   ] GC(2119)   Post Evacuate Collection Set: 1.7ms
[2024-08-15T15:11:52.712+0000][9808.657s][info][gc,phases   ] GC(2119)   Other: 0.3ms
[2024-08-15T15:11:52.712+0000][9808.657s][info][gc,heap     ] GC(2119) Eden regions: 789->0(784)
[2024-08-15T15:11:52.712+0000][9808.657s][info][gc,heap     ] GC(2119) Survivor regions: 10->14(100)
[2024-08-15T15:11:52.713+0000][9808.657s][info][gc,heap     ] GC(2119) Old regions: 409->409
[2024-08-15T15:11:52.713+0000][9808.657s][info][gc,heap     ] GC(2119) Archive regions: 2->2
[2024-08-15T15:11:52.713+0000][9808.657s][info][gc,heap     ] GC(2119) Humongous regions: 5->5
[2024-08-15T15:11:52.713+0000][9808.657s][info][gc,metaspace] GC(2119) Metaspace: 441473K(448576K)->441473K(448576K) NonClass: 386633K(390848K)->386633K(390848K) Class: 54839K(57728K)->54839K(57728K)
[2024-08-15T15:11:52.713+0000][9808.657s][info][gc          ] GC(2119) Pause Young (Concurrent Start) (G1 Evacuation Pause) 9699M->3415M(12288M) 32.632ms
[2024-08-15T15:11:52.713+0000][9808.657s][info][gc,cpu      ] GC(2119) User=0.19s Sys=0.00s Real=0.03s
[2024-08-15T15:11:52.713+0000][9808.657s][info][gc          ] GC(2120) Concurrent Mark Cycle
[2024-08-15T15:11:52.713+0000][9808.657s][info][gc,marking  ] GC(2120) Concurrent Clear Claimed Marks
[2024-08-15T15:11:52.713+0000][9808.658s][info][gc,marking  ] GC(2120) Concurrent Clear Claimed Marks 0.377ms
[2024-08-15T15:11:52.713+0000][9808.658s][info][gc,marking  ] GC(2120) Concurrent Scan Root Regions
[2024-08-15T15:11:52.741+0000][9808.686s][info][gc,marking  ] GC(2120) Concurrent Scan Root Regions 28.072ms
[2024-08-15T15:11:52.741+0000][9808.686s][info][gc,marking  ] GC(2120) Concurrent Mark
[2024-08-15T15:11:52.741+0000][9808.686s][info][gc,marking  ] GC(2120) Concurrent Mark From Roots
[2024-08-15T15:11:52.741+0000][9808.686s][info][gc,task     ] GC(2120) Using 2 workers of 2 for marking
[2024-08-15T15:11:55.115+0000][9811.060s][info][gc,marking  ] GC(2120) Concurrent Mark From Roots 2373.716ms
[2024-08-15T15:11:55.115+0000][9811.060s][info][gc,marking  ] GC(2120) Concurrent Preclean
[2024-08-15T15:11:55.117+0000][9811.062s][info][gc,marking  ] GC(2120) Concurrent Preclean 2.072ms
[2024-08-15T15:11:55.117+0000][9811.062s][info][gc,start    ] GC(2120) Pause Remark
[2024-08-15T15:11:55.140+0000][9811.085s][info][gc          ] GC(2120) Pause Remark 5028M->5028M(12288M) 23.060ms
[2024-08-15T15:11:55.140+0000][9811.085s][info][gc,cpu      ] GC(2120) User=0.10s Sys=0.00s Real=0.02s
[2024-08-15T15:11:55.141+0000][9811.085s][info][gc,marking  ] GC(2120) Concurrent Mark 2399.408ms
[2024-08-15T15:11:55.141+0000][9811.085s][info][gc,marking  ] GC(2120) Concurrent Rebuild Remembered Sets
[2024-08-15T15:11:56.616+0000][9812.560s][info][gc,marking  ] GC(2120) Concurrent Rebuild Remembered Sets 1475.204ms
[2024-08-15T15:11:56.616+0000][9812.561s][info][gc,start    ] GC(2120) Pause Cleanup
[2024-08-15T15:11:56.617+0000][9812.561s][info][gc          ] GC(2120) Pause Cleanup 6063M->6063M(12288M) 0.651ms
[2024-08-15T15:11:56.617+0000][9812.561s][info][gc,cpu      ] GC(2120) User=0.00s Sys=0.00s Real=0.00s
[2024-08-15T15:11:56.617+0000][9812.561s][info][gc,marking  ] GC(2120) Concurrent Cleanup for Next Mark
[2024-08-15T15:11:56.634+0000][9812.578s][info][gc,marking  ] GC(2120) Concurrent Cleanup for Next Mark 16.939ms
[2024-08-15T15:11:56.634+0000][9812.578s][info][gc          ] GC(2120) Concurrent Mark Cycle 3921.056ms
[2024-08-15T15:12:01.593+0000][9817.538s][info][gc,start    ] GC(2121) Pause Young (Prepare Mixed) (G1 Evacuation Pause)
[2024-08-15T15:12:01.593+0000][9817.538s][info][gc,task     ] GC(2121) Using 6 workers of 6 for evacuation
[2024-08-15T15:12:01.630+0000][9817.575s][info][gc,phases   ] GC(2121)   Pre Evacuate Collection Set: 0.2ms
[2024-08-15T15:12:01.630+0000][9817.575s][info][gc,phases   ] GC(2121)   Merge Heap Roots: 0.4ms
[2024-08-15T15:12:01.630+0000][9817.575s][info][gc,phases   ] GC(2121)   Evacuate Collection Set: 34.0ms
[2024-08-15T15:12:01.630+0000][9817.575s][info][gc,phases   ] GC(2121)   Post Evacuate Collection Set: 1.8ms
[2024-08-15T15:12:01.630+0000][9817.575s][info][gc,phases   ] GC(2121)   Other: 0.2ms
[2024-08-15T15:12:01.630+0000][9817.575s][info][gc,heap     ] GC(2121) Eden regions: 784->0(60)
[2024-08-15T15:12:01.630+0000][9817.575s][info][gc,heap     ] GC(2121) Survivor regions: 14->16(100)
[2024-08-15T15:12:01.630+0000][9817.575s][info][gc,heap     ] GC(2121) Old regions: 409->409
[2024-08-15T15:12:01.630+0000][9817.575s][info][gc,heap     ] GC(2121) Archive regions: 2->2
[2024-08-15T15:12:01.630+0000][9817.575s][info][gc,heap     ] GC(2121) Humongous regions: 5->5
[2024-08-15T15:12:01.630+0000][9817.575s][info][gc,metaspace] GC(2121) Metaspace: 441473K(448576K)->441473K(448576K) NonClass: 386633K(390848K)->386633K(390848K) Class: 54839K(57728K)->54839K(57728K)
[2024-08-15T15:12:01.630+0000][9817.575s][info][gc          ] GC(2121) Pause Young (Prepare Mixed) (G1 Evacuation Pause) 9687M->3435M(12288M) 36.601ms
[2024-08-15T15:12:01.630+0000][9817.575s][info][gc,cpu      ] GC(2121) User=0.21s Sys=0.00s Real=0.04s
[2024-08-15T15:12:02.335+0000][9818.280s][info][gc,start    ] GC(2122) Pause Young (Mixed) (G1 Evacuation Pause)
[2024-08-15T15:12:02.335+0000][9818.280s][info][gc,task     ] GC(2122) Using 6 workers of 6 for evacuation
[2024-08-15T15:12:02.427+0000][9818.372s][info][gc,phases   ] GC(2122)   Pre Evacuate Collection Set: 0.2ms
[2024-08-15T15:12:02.427+0000][9818.372s][info][gc,phases   ] GC(2122)   Merge Heap Roots: 0.5ms
[2024-08-15T15:12:02.427+0000][9818.372s][info][gc,phases   ] GC(2122)   Evacuate Collection Set: 90.0ms
[2024-08-15T15:12:02.427+0000][9818.372s][info][gc,phases   ] GC(2122)   Post Evacuate Collection Set: 1.5ms
[2024-08-15T15:12:02.427+0000][9818.372s][info][gc,phases   ] GC(2122)   Other: 0.2ms
[2024-08-15T15:12:02.427+0000][9818.372s][info][gc,heap     ] GC(2122) Eden regions: 60->0(792)
[2024-08-15T15:12:02.427+0000][9818.372s][info][gc,heap     ] GC(2122) Survivor regions: 16->6(10)
[2024-08-15T15:12:02.427+0000][9818.372s][info][gc,heap     ] GC(2122) Old regions: 409->410
[2024-08-15T15:12:02.427+0000][9818.372s][info][gc,heap     ] GC(2122) Archive regions: 2->2
[2024-08-15T15:12:02.427+0000][9818.372s][info][gc,heap     ] GC(2122) Humongous regions: 5->5
[2024-08-15T15:12:02.427+0000][9818.372s][info][gc,metaspace] GC(2122) Metaspace: 441473K(448576K)->441473K(448576K) NonClass: 386633K(390848K)->386633K(390848K) Class: 54839K(57728K)->54839K(57728K)
[2024-08-15T15:12:02.428+0000][9818.372s][info][gc          ] GC(2122) Pause Young (Mixed) (G1 Evacuation Pause) 3915M->3364M(12288M) 92.404ms
[2024-08-15T15:12:02.428+0000][9818.372s][info][gc,cpu      ] GC(2122) User=0.54s Sys=0.00s Real=0.09s
[2024-08-15T15:12:11.116+0000][9827.060s][info][gc,start    ] GC(2123) Pause Young (Normal) (G1 Evacuation Pause)
[2024-08-15T15:12:11.116+0000][9827.060s][info][gc,task     ] GC(2123) Using 6 workers of 6 for evacuation
[2024-08-15T15:12:11.137+0000][9827.082s][info][gc,phases   ] GC(2123)   Pre Evacuate Collection Set: 0.2ms
[2024-08-15T15:12:11.137+0000][9827.082s][info][gc,phases   ] GC(2123)   Merge Heap Roots: 0.3ms
[2024-08-15T15:12:11.137+0000][9827.082s][info][gc,phases   ] GC(2123)   Evacuate Collection Set: 18.8ms
[2024-08-15T15:12:11.137+0000][9827.082s][info][gc,phases   ] GC(2123)   Post Evacuate Collection Set: 1.7ms
[2024-08-15T15:12:11.137+0000][9827.082s][info][gc,phases   ] GC(2123)   Other: 0.2ms
[2024-08-15T15:12:11.137+0000][9827.082s][info][gc,heap     ] GC(2123) Eden regions: 792->0(788)
[2024-08-15T15:12:11.137+0000][9827.082s][info][gc,heap     ] GC(2123) Survivor regions: 6->9(100)
[2024-08-15T15:12:11.137+0000][9827.082s][info][gc,heap     ] GC(2123) Old regions: 410->410
[2024-08-15T15:12:11.137+0000][9827.082s][info][gc,heap     ] GC(2123) Archive regions: 2->2
[2024-08-15T15:12:11.137+0000][9827.082s][info][gc,heap     ] GC(2123) Humongous regions: 5->5
[2024-08-15T15:12:11.137+0000][9827.082s][info][gc,metaspace] GC(2123) Metaspace: 441473K(448576K)->441473K(448576K) NonClass: 386633K(390848K)->386633K(390848K) Class: 54839K(57728K)->54839K(57728K)
[2024-08-15T15:12:11.137+0000][9827.082s][info][gc          ] GC(2123) Pause Young (Normal) (G1 Evacuation Pause) 9700M->3386M(12288M) 21.211ms
[2024-08-15T15:12:11.137+0000][9827.082s][info][gc,cpu      ] GC(2123) User=0.13s Sys=0.00s Real=0.02s
[2024-08-15T15:12:19.427+0000][9835.372s][info][gc,start    ] GC(2124) Pause Young (Normal) (G1 Evacuation Pause)
[2024-08-15T15:12:19.427+0000][9835.372s][info][gc,task     ] GC(2124) Using 6 workers of 6 for evacuation
[2024-08-15T15:12:19.453+0000][9835.397s][info][gc,phases   ] GC(2124)   Pre Evacuate Collection Set: 0.2ms
[2024-08-15T15:12:19.453+0000][9835.397s][info][gc,phases   ] GC(2124)   Merge Heap Roots: 0.2ms
[2024-08-15T15:12:19.453+0000][9835.397s][info][gc,phases   ] GC(2124)   Evacuate Collection Set: 23.2ms
[2024-08-15T15:12:19.453+0000][9835.398s][info][gc,phases   ] GC(2124)   Post Evacuate Collection Set: 1.8ms
[2024-08-15T15:12:19.453+0000][9835.398s][info][gc,phases   ] GC(2124)   Other: 0.2ms
[2024-08-15T15:12:19.453+0000][9835.398s][info][gc,heap     ] GC(2124) Eden regions: 788->0(787)
[2024-08-15T15:12:19.453+0000][9835.398s][info][gc,heap     ] GC(2124) Survivor regions: 9->10(100)
[2024-08-15T15:12:19.453+0000][9835.398s][info][gc,heap     ] GC(2124) Old regions: 410->410
[2024-08-15T15:12:19.453+0000][9835.398s][info][gc,heap     ] GC(2124) Archive regions: 2->2
[2024-08-15T15:12:19.453+0000][9835.398s][info][gc,heap     ] GC(2124) Humongous regions: 5->5
[2024-08-15T15:12:19.453+0000][9835.398s][info][gc,metaspace] GC(2124) Metaspace: 441473K(448576K)->441473K(448576K) NonClass: 386633K(390848K)->386633K(390848K) Class: 54839K(57728K)->54839K(57728K)
[2024-08-15T15:12:19.453+0000][9835.398s][info][gc          ] GC(2124) Pause Young (Normal) (G1 Evacuation Pause) 9690M->3396M(12288M) 25.614ms
[2024-08-15T15:12:19.453+0000][9835.398s][info][gc,cpu      ] GC(2124) User=0.15s Sys=0.00s Real=0.02s
[2024-08-15T15:12:28.165+0000][9844.109s][info][gc,start    ] GC(2125) Pause Young (Concurrent Start) (G1 Evacuation Pause)
[2024-08-15T15:12:28.165+0000][9844.109s][info][gc,task     ] GC(2125) Using 6 workers of 6 for evacuation
[2024-08-15T15:12:28.200+0000][9844.145s][info][gc,phases   ] GC(2125)   Pre Evacuate Collection Set: 0.6ms
[2024-08-15T15:12:28.200+0000][9844.145s][info][gc,phases   ] GC(2125)   Merge Heap Roots: 0.3ms
[2024-08-15T15:12:28.200+0000][9844.145s][info][gc,phases   ] GC(2125)   Evacuate Collection Set: 33.1ms
[2024-08-15T15:12:28.201+0000][9844.145s][info][gc,phases   ] GC(2125)   Post Evacuate Collection Set: 1.7ms
[2024-08-15T15:12:28.201+0000][9844.145s][info][gc,phases   ] GC(2125)   Other: 0.3ms
[2024-08-15T15:12:28.201+0000][9844.145s][info][gc,heap     ] GC(2125) Eden regions: 787->0(784)
[2024-08-15T15:12:28.201+0000][9844.145s][info][gc,heap     ] GC(2125) Survivor regions: 10->13(100)
[2024-08-15T15:12:28.201+0000][9844.145s][info][gc,heap     ] GC(2125) Old regions: 410->410
[2024-08-15T15:12:28.201+0000][9844.145s][info][gc,heap     ] GC(2125) Archive regions: 2->2
[2024-08-15T15:12:28.201+0000][9844.145s][info][gc,heap     ] GC(2125) Humongous regions: 5->5
[2024-08-15T15:12:28.201+0000][9844.145s][info][gc,metaspace] GC(2125) Metaspace: 441473K(448576K)->441473K(448576K) NonClass: 386633K(390848K)->386633K(390848K) Class: 54839K(57728K)->54839K(57728K)
[2024-08-15T15:12:28.201+0000][9844.145s][info][gc          ] GC(2125) Pause Young (Concurrent Start) (G1 Evacuation Pause) 9692M->3423M(12288M) 35.967ms
[2024-08-15T15:12:28.201+0000][9844.145s][info][gc,cpu      ] GC(2125) User=0.21s Sys=0.00s Real=0.03s
[2024-08-15T15:12:28.201+0000][9844.145s][info][gc          ] GC(2126) Concurrent Mark Cycle
[2024-08-15T15:12:28.201+0000][9844.145s][info][gc,marking  ] GC(2126) Concurrent Clear Claimed Marks
[2024-08-15T15:12:28.201+0000][9844.146s][info][gc,marking  ] GC(2126) Concurrent Clear Claimed Marks 0.378ms
[2024-08-15T15:12:28.201+0000][9844.146s][info][gc,marking  ] GC(2126) Concurrent Scan Root Regions
[2024-08-15T15:12:28.240+0000][9844.184s][info][gc,marking  ] GC(2126) Concurrent Scan Root Regions 38.507ms
[2024-08-15T15:12:28.240+0000][9844.184s][info][gc,marking  ] GC(2126) Concurrent Mark
[2024-08-15T15:12:28.240+0000][9844.184s][info][gc,marking  ] GC(2126) Concurrent Mark From Roots
[2024-08-15T15:12:28.240+0000][9844.184s][info][gc,task     ] GC(2126) Using 2 workers of 2 for marking
[2024-08-15T15:12:30.787+0000][9846.732s][info][gc,marking  ] GC(2126) Concurrent Mark From Roots 2547.323ms
[2024-08-15T15:12:30.787+0000][9846.732s][info][gc,marking  ] GC(2126) Concurrent Preclean
[2024-08-15T15:12:30.789+0000][9846.733s][info][gc,marking  ] GC(2126) Concurrent Preclean 1.600ms
[2024-08-15T15:12:30.789+0000][9846.733s][info][gc,start    ] GC(2126) Pause Remark
[2024-08-15T15:12:30.812+0000][9846.756s][info][gc          ] GC(2126) Pause Remark 5211M->5199M(12288M) 23.049ms
[2024-08-15T15:12:30.812+0000][9846.757s][info][gc,cpu      ] GC(2126) User=0.10s Sys=0.00s Real=0.02s
[2024-08-15T15:12:30.812+0000][9846.757s][info][gc,marking  ] GC(2126) Concurrent Mark 2572.375ms
[2024-08-15T15:12:30.812+0000][9846.757s][info][gc,marking  ] GC(2126) Concurrent Rebuild Remembered Sets
[2024-08-15T15:12:32.262+0000][9848.206s][info][gc,marking  ] GC(2126) Concurrent Rebuild Remembered Sets 1449.803ms
[2024-08-15T15:12:32.262+0000][9848.207s][info][gc,start    ] GC(2126) Pause Cleanup
[2024-08-15T15:12:32.263+0000][9848.207s][info][gc          ] GC(2126) Pause Cleanup 6219M->6219M(12288M) 0.650ms
[2024-08-15T15:12:32.263+0000][9848.207s][info][gc,cpu      ] GC(2126) User=0.00s Sys=0.00s Real=0.00s
[2024-08-15T15:12:32.263+0000][9848.207s][info][gc,marking  ] GC(2126) Concurrent Cleanup for Next Mark
[2024-08-15T15:12:32.280+0000][9848.225s][info][gc,marking  ] GC(2126) Concurrent Cleanup for Next Mark 17.299ms
[2024-08-15T15:12:32.280+0000][9848.225s][info][gc          ] GC(2126) Concurrent Mark Cycle 4079.477ms
[2024-08-15T15:12:36.524+0000][9852.468s][info][gc,start    ] GC(2127) Pause Young (Prepare Mixed) (G1 Evacuation Pause)
[2024-08-15T15:12:36.524+0000][9852.468s][info][gc,task     ] GC(2127) Using 6 workers of 6 for evacuation
[2024-08-15T15:12:36.560+0000][9852.505s][info][gc,phases   ] GC(2127)   Pre Evacuate Collection Set: 0.2ms
[2024-08-15T15:12:36.560+0000][9852.505s][info][gc,phases   ] GC(2127)   Merge Heap Roots: 0.3ms
[2024-08-15T15:12:36.560+0000][9852.505s][info][gc,phases   ] GC(2127)   Evacuate Collection Set: 34.0ms
[2024-08-15T15:12:36.560+0000][9852.505s][info][gc,phases   ] GC(2127)   Post Evacuate Collection Set: 1.9ms
[2024-08-15T15:12:36.560+0000][9852.505s][info][gc,phases   ] GC(2127)   Other: 0.2ms
[2024-08-15T15:12:36.560+0000][9852.505s][info][gc,heap     ] GC(2127) Eden regions: 784->0(61)
[2024-08-15T15:12:36.560+0000][9852.505s][info][gc,heap     ] GC(2127) Survivor regions: 13->15(100)
[2024-08-15T15:12:36.560+0000][9852.505s][info][gc,heap     ] GC(2127) Old regions: 408->408
[2024-08-15T15:12:36.560+0000][9852.505s][info][gc,heap     ] GC(2127) Archive regions: 2->2
[2024-08-15T15:12:36.560+0000][9852.505s][info][gc,heap     ] GC(2127) Humongous regions: 5->5
[2024-08-15T15:12:36.560+0000][9852.505s][info][gc,metaspace] GC(2127) Metaspace: 441474K(448576K)->441474K(448576K) NonClass: 386635K(390848K)->386635K(390848K) Class: 54839K(57728K)->54839K(57728K)
[2024-08-15T15:12:36.560+0000][9852.505s][info][gc          ] GC(2127) Pause Young (Prepare Mixed) (G1 Evacuation Pause) 9683M->3421M(12288M) 36.677ms
[2024-08-15T15:12:36.560+0000][9852.505s][info][gc,cpu      ] GC(2127) User=0.22s Sys=0.00s Real=0.03s
[2024-08-15T15:12:37.239+0000][9853.183s][info][gc,start    ] GC(2128) Pause Young (Mixed) (G1 Evacuation Pause)
[2024-08-15T15:12:37.239+0000][9853.183s][info][gc,task     ] GC(2128) Using 6 workers of 6 for evacuation
[2024-08-15T15:12:37.333+0000][9853.278s][info][gc,phases   ] GC(2128)   Pre Evacuate Collection Set: 0.2ms
[2024-08-15T15:12:37.333+0000][9853.278s][info][gc,phases   ] GC(2128)   Merge Heap Roots: 0.6ms
[2024-08-15T15:12:37.333+0000][9853.278s][info][gc,phases   ] GC(2128)   Evacuate Collection Set: 92.6ms
[2024-08-15T15:12:37.333+0000][9853.278s][info][gc,phases   ] GC(2128)   Post Evacuate Collection Set: 1.3ms
[2024-08-15T15:12:37.333+0000][9853.278s][info][gc,phases   ] GC(2128)   Other: 0.2ms
[2024-08-15T15:12:37.334+0000][9853.278s][info][gc,heap     ] GC(2128) Eden regions: 61->0(793)
[2024-08-15T15:12:37.334+0000][9853.278s][info][gc,heap     ] GC(2128) Survivor regions: 15->5(10)
[2024-08-15T15:12:37.334+0000][9853.278s][info][gc,heap     ] GC(2128) Old regions: 408->410
[2024-08-15T15:12:37.334+0000][9853.278s][info][gc,heap     ] GC(2128) Archive regions: 2->2
[2024-08-15T15:12:37.334+0000][9853.278s][info][gc,heap     ] GC(2128) Humongous regions: 5->5
[2024-08-15T15:12:37.334+0000][9853.278s][info][gc,metaspace] GC(2128) Metaspace: 441474K(448576K)->441474K(448576K) NonClass: 386635K(390848K)->386635K(390848K) Class: 54839K(57728K)->54839K(57728K)
[2024-08-15T15:12:37.334+0000][9853.278s][info][gc          ] GC(2128) Pause Young (Mixed) (G1 Evacuation Pause) 3909M->3358M(12288M) 94.887ms
[2024-08-15T15:12:37.334+0000][9853.278s][info][gc,cpu      ] GC(2128) User=0.56s Sys=0.00s Real=0.09s
[2024-08-15T15:12:46.383+0000][9862.327s][info][gc,start    ] GC(2129) Pause Young (Normal) (G1 Evacuation Pause)
[2024-08-15T15:12:46.383+0000][9862.327s][info][gc,task     ] GC(2129) Using 6 workers of 6 for evacuation
[2024-08-15T15:12:46.404+0000][9862.349s][info][gc,phases   ] GC(2129)   Pre Evacuate Collection Set: 0.2ms
[2024-08-15T15:12:46.404+0000][9862.349s][info][gc,phases   ] GC(2129)   Merge Heap Roots: 0.3ms
[2024-08-15T15:12:46.404+0000][9862.349s][info][gc,phases   ] GC(2129)   Evacuate Collection Set: 18.8ms
[2024-08-15T15:12:46.404+0000][9862.349s][info][gc,phases   ] GC(2129)   Post Evacuate Collection Set: 1.8ms
[2024-08-15T15:12:46.404+0000][9862.349s][info][gc,phases   ] GC(2129)   Other: 0.2ms
[2024-08-15T15:12:46.404+0000][9862.349s][info][gc,heap     ] GC(2129) Eden regions: 793->0(789)
[2024-08-15T15:12:46.404+0000][9862.349s][info][gc,heap     ] GC(2129) Survivor regions: 5->8(100)
[2024-08-15T15:12:46.404+0000][9862.349s][info][gc,heap     ] GC(2129) Old regions: 410->410
[2024-08-15T15:12:46.404+0000][9862.349s][info][gc,heap     ] GC(2129) Archive regions: 2->2
[2024-08-15T15:12:46.404+0000][9862.349s][info][gc,heap     ] GC(2129) Humongous regions: 5->5
[2024-08-15T15:12:46.404+0000][9862.349s][info][gc,metaspace] GC(2129) Metaspace: 441474K(448576K)->441474K(448576K) NonClass: 386635K(390848K)->386635K(390848K) Class: 54839K(57728K)->54839K(57728K)
[2024-08-15T15:12:46.404+0000][9862.349s][info][gc          ] GC(2129) Pause Young (Normal) (G1 Evacuation Pause) 9702M->3381M(12288M) 21.365ms
[2024-08-15T15:12:46.404+0000][9862.349s][info][gc,cpu      ] GC(2129) User=0.12s Sys=0.01s Real=0.03s
[2024-08-15T15:12:55.027+0000][9870.972s][info][gc,start    ] GC(2130) Pause Young (Normal) (G1 Evacuation Pause)
[2024-08-15T15:12:55.027+0000][9870.972s][info][gc,task     ] GC(2130) Using 6 workers of 6 for evacuation
[2024-08-15T15:12:55.053+0000][9870.998s][info][gc,phases   ] GC(2130)   Pre Evacuate Collection Set: 0.2ms
[2024-08-15T15:12:55.053+0000][9870.998s][info][gc,phases   ] GC(2130)   Merge Heap Roots: 0.2ms
[2024-08-15T15:12:55.053+0000][9870.998s][info][gc,phases   ] GC(2130)   Evacuate Collection Set: 23.8ms
[2024-08-15T15:12:55.053+0000][9870.998s][info][gc,phases   ] GC(2130)   Post Evacuate Collection Set: 1.7ms
[2024-08-15T15:12:55.053+0000][9870.998s][info][gc,phases   ] GC(2130)   Other: 0.2ms
[2024-08-15T15:12:55.053+0000][9870.998s][info][gc,heap     ] GC(2130) Eden regions: 789->0(785)
[2024-08-15T15:12:55.053+0000][9870.998s][info][gc,heap     ] GC(2130) Survivor regions: 8->12(100)
[2024-08-15T15:12:55.053+0000][9870.998s][info][gc,heap     ] GC(2130) Old regions: 410->410
[2024-08-15T15:12:55.053+0000][9870.998s][info][gc,heap     ] GC(2130) Archive regions: 2->2
[2024-08-15T15:12:55.053+0000][9870.998s][info][gc,heap     ] GC(2130) Humongous regions: 5->5
[2024-08-15T15:12:55.053+0000][9870.998s][info][gc,metaspace] GC(2130) Metaspace: 441474K(448576K)->441474K(448576K) NonClass: 386635K(390848K)->386635K(390848K) Class: 54839K(57728K)->54839K(57728K)
[2024-08-15T15:12:55.053+0000][9870.998s][info][gc          ] GC(2130) Pause Young (Normal) (G1 Evacuation Pause) 9693M->3408M(12288M) 26.150ms
[2024-08-15T15:12:55.053+0000][9870.998s][info][gc,cpu      ] GC(2130) User=0.15s Sys=0.00s Real=0.02s
[2024-08-15T15:13:03.292+0000][9879.236s][info][gc,start    ] GC(2131) Pause Young (Concurrent Start) (G1 Evacuation Pause)
[2024-08-15T15:13:03.292+0000][9879.236s][info][gc,task     ] GC(2131) Using 6 workers of 6 for evacuation
[2024-08-15T15:13:03.323+0000][9879.268s][info][gc,phases   ] GC(2131)   Pre Evacuate Collection Set: 0.6ms
[2024-08-15T15:13:03.323+0000][9879.268s][info][gc,phases   ] GC(2131)   Merge Heap Roots: 0.3ms
[2024-08-15T15:13:03.323+0000][9879.268s][info][gc,phases   ] GC(2131)   Evacuate Collection Set: 28.5ms
[2024-08-15T15:13:03.323+0000][9879.268s][info][gc,phases   ] GC(2131)   Post Evacuate Collection Set: 1.7ms
[2024-08-15T15:13:03.323+0000][9879.268s][info][gc,phases   ] GC(2131)   Other: 0.3ms
[2024-08-15T15:13:03.323+0000][9879.268s][info][gc,heap     ] GC(2131) Eden regions: 785->0(786)
[2024-08-15T15:13:03.323+0000][9879.268s][info][gc,heap     ] GC(2131) Survivor regions: 12->12(100)
[2024-08-15T15:13:03.323+0000][9879.268s][info][gc,heap     ] GC(2131) Old regions: 410->410
[2024-08-15T15:13:03.323+0000][9879.268s][info][gc,heap     ] GC(2131) Archive regions: 2->2
[2024-08-15T15:13:03.323+0000][9879.268s][info][gc,heap     ] GC(2131) Humongous regions: 5->5
[2024-08-15T15:13:03.323+0000][9879.268s][info][gc,metaspace] GC(2131) Metaspace: 441474K(448576K)->441474K(448576K) NonClass: 386635K(390848K)->386635K(390848K) Class: 54839K(57728K)->54839K(57728K)
[2024-08-15T15:13:03.323+0000][9879.268s][info][gc          ] GC(2131) Pause Young (Concurrent Start) (G1 Evacuation Pause) 9688M->3412M(12288M) 31.403ms
[2024-08-15T15:13:03.323+0000][9879.268s][info][gc,cpu      ] GC(2131) User=0.18s Sys=0.00s Real=0.04s
[2024-08-15T15:13:03.323+0000][9879.268s][info][gc          ] GC(2132) Concurrent Mark Cycle
[2024-08-15T15:13:03.323+0000][9879.268s][info][gc,marking  ] GC(2132) Concurrent Clear Claimed Marks
[2024-08-15T15:13:03.324+0000][9879.268s][info][gc,marking  ] GC(2132) Concurrent Clear Claimed Marks 0.411ms
[2024-08-15T15:13:03.324+0000][9879.268s][info][gc,marking  ] GC(2132) Concurrent Scan Root Regions
[2024-08-15T15:13:03.350+0000][9879.294s][info][gc,marking  ] GC(2132) Concurrent Scan Root Regions 26.055ms
[2024-08-15T15:13:03.350+0000][9879.294s][info][gc,marking  ] GC(2132) Concurrent Mark
[2024-08-15T15:13:03.350+0000][9879.294s][info][gc,marking  ] GC(2132) Concurrent Mark From Roots
[2024-08-15T15:13:03.350+0000][9879.294s][info][gc,task     ] GC(2132) Using 2 workers of 2 for marking
[2024-08-15T15:13:05.842+0000][9881.786s][info][gc,marking  ] GC(2132) Concurrent Mark From Roots 2491.858ms
[2024-08-15T15:13:05.842+0000][9881.786s][info][gc,marking  ] GC(2132) Concurrent Preclean
[2024-08-15T15:13:05.843+0000][9881.788s][info][gc,marking  ] GC(2132) Concurrent Preclean 1.707ms
[2024-08-15T15:13:05.844+0000][9881.788s][info][gc,start    ] GC(2132) Pause Remark
[2024-08-15T15:13:05.867+0000][9881.811s][info][gc          ] GC(2132) Pause Remark 5796M->5796M(12288M) 23.062ms
[2024-08-15T15:13:05.867+0000][9881.811s][info][gc,cpu      ] GC(2132) User=0.10s Sys=0.00s Real=0.02s
[2024-08-15T15:13:05.867+0000][9881.811s][info][gc,marking  ] GC(2132) Concurrent Mark 2517.141ms
[2024-08-15T15:13:05.867+0000][9881.812s][info][gc,marking  ] GC(2132) Concurrent Rebuild Remembered Sets
[2024-08-15T15:13:07.409+0000][9883.354s][info][gc,marking  ] GC(2132) Concurrent Rebuild Remembered Sets 1542.374ms
[2024-08-15T15:13:07.409+0000][9883.354s][info][gc,start    ] GC(2132) Pause Cleanup
[2024-08-15T15:13:07.410+0000][9883.355s][info][gc          ] GC(2132) Pause Cleanup 9108M->9108M(12288M) 0.678ms
[2024-08-15T15:13:07.410+0000][9883.355s][info][gc,cpu      ] GC(2132) User=0.00s Sys=0.00s Real=0.00s
[2024-08-15T15:13:07.410+0000][9883.355s][info][gc,marking  ] GC(2132) Concurrent Cleanup for Next Mark
[2024-08-15T15:13:07.427+0000][9883.372s][info][gc,marking  ] GC(2132) Concurrent Cleanup for Next Mark 17.183ms
[2024-08-15T15:13:07.428+0000][9883.372s][info][gc          ] GC(2132) Concurrent Mark Cycle 4104.365ms
[2024-08-15T15:13:07.646+0000][9883.591s][info][gc,start    ] GC(2133) Pause Young (Prepare Mixed) (G1 Evacuation Pause)
[2024-08-15T15:13:07.646+0000][9883.591s][info][gc,task     ] GC(2133) Using 6 workers of 6 for evacuation
[2024-08-15T15:13:07.715+0000][9883.659s][info][gc,phases   ] GC(2133)   Pre Evacuate Collection Set: 0.2ms
[2024-08-15T15:13:07.715+0000][9883.659s][info][gc,phases   ] GC(2133)   Merge Heap Roots: 0.3ms
[2024-08-15T15:13:07.715+0000][9883.659s][info][gc,phases   ] GC(2133)   Evacuate Collection Set: 56.3ms
[2024-08-15T15:13:07.715+0000][9883.659s][info][gc,phases   ] GC(2133)   Post Evacuate Collection Set: 11.7ms
[2024-08-15T15:13:07.715+0000][9883.659s][info][gc,phases   ] GC(2133)   Other: 0.2ms
[2024-08-15T15:13:07.715+0000][9883.659s][info][gc,heap     ] GC(2133) Eden regions: 786->0(61)
[2024-08-15T15:13:07.715+0000][9883.659s][info][gc,heap     ] GC(2133) Survivor regions: 12->15(100)
[2024-08-15T15:13:07.715+0000][9883.659s][info][gc,heap     ] GC(2133) Old regions: 410->410
[2024-08-15T15:13:07.715+0000][9883.659s][info][gc,heap     ] GC(2133) Archive regions: 2->2
[2024-08-15T15:13:07.715+0000][9883.659s][info][gc,heap     ] GC(2133) Humongous regions: 5->5
[2024-08-15T15:13:07.715+0000][9883.659s][info][gc,metaspace] GC(2133) Metaspace: 441474K(448576K)->441474K(448576K) NonClass: 386635K(390848K)->386635K(390848K) Class: 54839K(57728K)->54839K(57728K)
[2024-08-15T15:13:07.715+0000][9883.660s][info][gc          ] GC(2133) Pause Young (Prepare Mixed) (G1 Evacuation Pause) 9700M->3436M(12288M) 68.818ms
[2024-08-15T15:13:07.715+0000][9883.660s][info][gc,cpu      ] GC(2133) User=0.41s Sys=0.00s Real=0.06s
[2024-08-15T15:13:07.952+0000][9883.897s][info][gc,start    ] GC(2134) Pause Young (Mixed) (G1 Evacuation Pause)
[2024-08-15T15:13:07.952+0000][9883.897s][info][gc,task     ] GC(2134) Using 6 workers of 6 for evacuation
[2024-08-15T15:13:08.050+0000][9883.994s][info][gc,phases   ] GC(2134)   Pre Evacuate Collection Set: 0.2ms
[2024-08-15T15:13:08.050+0000][9883.994s][info][gc,phases   ] GC(2134)   Merge Heap Roots: 0.4ms
[2024-08-15T15:13:08.050+0000][9883.994s][info][gc,phases   ] GC(2134)   Evacuate Collection Set: 94.1ms
[2024-08-15T15:13:08.050+0000][9883.994s][info][gc,phases   ] GC(2134)   Post Evacuate Collection Set: 2.4ms
[2024-08-15T15:13:08.050+0000][9883.994s][info][gc,phases   ] GC(2134)   Other: 0.2ms
[2024-08-15T15:13:08.050+0000][9883.994s][info][gc,heap     ] GC(2134) Eden regions: 61->0(793)
[2024-08-15T15:13:08.050+0000][9883.994s][info][gc,heap     ] GC(2134) Survivor regions: 15->2(10)
[2024-08-15T15:13:08.050+0000][9883.994s][info][gc,heap     ] GC(2134) Old regions: 410->412
[2024-08-15T15:13:08.050+0000][9883.994s][info][gc,heap     ] GC(2134) Archive regions: 2->2
[2024-08-15T15:13:08.050+0000][9883.994s][info][gc,heap     ] GC(2134) Humongous regions: 5->5
[2024-08-15T15:13:08.050+0000][9883.994s][info][gc,metaspace] GC(2134) Metaspace: 441474K(448576K)->441474K(448576K) NonClass: 386635K(390848K)->386635K(390848K) Class: 54839K(57728K)->54839K(57728K)
[2024-08-15T15:13:08.050+0000][9883.994s][info][gc          ] GC(2134) Pause Young (Mixed) (G1 Evacuation Pause) 3924M->3356M(12288M) 97.310ms
[2024-08-15T15:13:08.050+0000][9883.994s][info][gc,cpu      ] GC(2134) User=0.58s Sys=0.00s Real=0.10s
[2024-08-15T15:13:10.652+0000][9886.597s][info][gc,start    ] GC(2135) Pause Young (Normal) (G1 Evacuation Pause)
[2024-08-15T15:13:10.652+0000][9886.597s][info][gc,task     ] GC(2135) Using 6 workers of 6 for evacuation
[2024-08-15T15:13:10.715+0000][9886.660s][info][gc,phases   ] GC(2135)   Pre Evacuate Collection Set: 0.2ms
[2024-08-15T15:13:10.715+0000][9886.660s][info][gc,phases   ] GC(2135)   Merge Heap Roots: 0.2ms
[2024-08-15T15:13:10.715+0000][9886.660s][info][gc,phases   ] GC(2135)   Evacuate Collection Set: 45.3ms
[2024-08-15T15:13:10.715+0000][9886.660s][info][gc,phases   ] GC(2135)   Post Evacuate Collection Set: 16.9ms
[2024-08-15T15:13:10.715+0000][9886.660s][info][gc,phases   ] GC(2135)   Other: 0.2ms
[2024-08-15T15:13:10.715+0000][9886.660s][info][gc,heap     ] GC(2135) Eden regions: 793->0(786)
[2024-08-15T15:13:10.715+0000][9886.660s][info][gc,heap     ] GC(2135) Survivor regions: 2->7(100)
[2024-08-15T15:13:10.715+0000][9886.660s][info][gc,heap     ] GC(2135) Old regions: 412->412
[2024-08-15T15:13:10.715+0000][9886.660s][info][gc,heap     ] GC(2135) Archive regions: 2->2
[2024-08-15T15:13:10.715+0000][9886.660s][info][gc,heap     ] GC(2135) Humongous regions: 5->5
[2024-08-15T15:13:10.715+0000][9886.660s][info][gc,metaspace] GC(2135) Metaspace: 441474K(448576K)->441474K(448576K) NonClass: 386635K(390848K)->386635K(390848K) Class: 54839K(57728K)->54839K(57728K)
[2024-08-15T15:13:10.715+0000][9886.660s][info][gc          ] GC(2135) Pause Young (Normal) (G1 Evacuation Pause) 9700M->3391M(12288M) 62.832ms
[2024-08-15T15:13:10.715+0000][9886.660s][info][gc,cpu      ] GC(2135) User=0.36s Sys=0.00s Real=0.06s
[2024-08-15T15:13:13.351+0000][9889.296s][info][gc,start    ] GC(2136) Pause Young (Normal) (G1 Evacuation Pause)
[2024-08-15T15:13:13.351+0000][9889.296s][info][gc,task     ] GC(2136) Using 6 workers of 6 for evacuation
[2024-08-15T15:13:13.432+0000][9889.377s][info][gc,phases   ] GC(2136)   Pre Evacuate Collection Set: 0.2ms
[2024-08-15T15:13:13.432+0000][9889.377s][info][gc,phases   ] GC(2136)   Merge Heap Roots: 0.3ms
[2024-08-15T15:13:13.432+0000][9889.377s][info][gc,phases   ] GC(2136)   Evacuate Collection Set: 62.9ms
[2024-08-15T15:13:13.432+0000][9889.377s][info][gc,phases   ] GC(2136)   Post Evacuate Collection Set: 16.9ms
[2024-08-15T15:13:13.432+0000][9889.377s][info][gc,phases   ] GC(2136)   Other: 0.2ms
[2024-08-15T15:13:13.432+0000][9889.377s][info][gc,heap     ] GC(2136) Eden regions: 786->0(781)
[2024-08-15T15:13:13.432+0000][9889.377s][info][gc,heap     ] GC(2136) Survivor regions: 7->11(100)
[2024-08-15T15:13:13.432+0000][9889.377s][info][gc,heap     ] GC(2136) Old regions: 412->412
[2024-08-15T15:13:13.432+0000][9889.377s][info][gc,heap     ] GC(2136) Archive regions: 2->2
[2024-08-15T15:13:13.432+0000][9889.377s][info][gc,heap     ] GC(2136) Humongous regions: 5->5
[2024-08-15T15:13:13.432+0000][9889.377s][info][gc,metaspace] GC(2136) Metaspace: 441474K(448576K)->441474K(448576K) NonClass: 386635K(390848K)->386635K(390848K) Class: 54839K(57728K)->54839K(57728K)
[2024-08-15T15:13:13.432+0000][9889.377s][info][gc          ] GC(2136) Pause Young (Normal) (G1 Evacuation Pause) 9679M->3422M(12288M) 80.680ms
[2024-08-15T15:13:13.432+0000][9889.377s][info][gc,cpu      ] GC(2136) User=0.48s Sys=0.00s Real=0.08s
[2024-08-15T15:13:15.982+0000][9891.926s][info][gc,start    ] GC(2137) Pause Young (Concurrent Start) (G1 Evacuation Pause)
[2024-08-15T15:13:15.982+0000][9891.926s][info][gc,task     ] GC(2137) Using 6 workers of 6 for evacuation
[2024-08-15T15:13:16.085+0000][9892.030s][info][gc,phases   ] GC(2137)   Pre Evacuate Collection Set: 0.5ms
[2024-08-15T15:13:16.085+0000][9892.030s][info][gc,phases   ] GC(2137)   Merge Heap Roots: 0.3ms
[2024-08-15T15:13:16.085+0000][9892.030s][info][gc,phases   ] GC(2137)   Evacuate Collection Set: 81.1ms
[2024-08-15T15:13:16.085+0000][9892.030s][info][gc,phases   ] GC(2137)   Post Evacuate Collection Set: 21.4ms
[2024-08-15T15:13:16.085+0000][9892.030s][info][gc,phases   ] GC(2137)   Other: 0.3ms
[2024-08-15T15:13:16.085+0000][9892.030s][info][gc,heap     ] GC(2137) Eden regions: 781->0(777)
[2024-08-15T15:13:16.085+0000][9892.030s][info][gc,heap     ] GC(2137) Survivor regions: 11->15(99)
[2024-08-15T15:13:16.085+0000][9892.030s][info][gc,heap     ] GC(2137) Old regions: 412->412
[2024-08-15T15:13:16.085+0000][9892.030s][info][gc,heap     ] GC(2137) Archive regions: 2->2
[2024-08-15T15:13:16.085+0000][9892.030s][info][gc,heap     ] GC(2137) Humongous regions: 5->5
[2024-08-15T15:13:16.085+0000][9892.030s][info][gc,metaspace] GC(2137) Metaspace: 441474K(448576K)->441474K(448576K) NonClass: 386635K(390848K)->386635K(390848K) Class: 54839K(57728K)->54839K(57728K)
[2024-08-15T15:13:16.085+0000][9892.030s][info][gc          ] GC(2137) Pause Young (Concurrent Start) (G1 Evacuation Pause) 9670M->3459M(12288M) 103.704ms
[2024-08-15T15:13:16.086+0000][9892.030s][info][gc,cpu      ] GC(2137) User=0.60s Sys=0.00s Real=0.11s
[2024-08-15T15:13:16.086+0000][9892.030s][info][gc          ] GC(2138) Concurrent Mark Cycle
[2024-08-15T15:13:16.086+0000][9892.030s][info][gc,marking  ] GC(2138) Concurrent Clear Claimed Marks
[2024-08-15T15:13:16.086+0000][9892.031s][info][gc,marking  ] GC(2138) Concurrent Clear Claimed Marks 0.405ms
[2024-08-15T15:13:16.086+0000][9892.031s][info][gc,marking  ] GC(2138) Concurrent Scan Root Regions
[2024-08-15T15:13:16.154+0000][9892.098s][info][gc,marking  ] GC(2138) Concurrent Scan Root Regions 67.843ms
[2024-08-15T15:13:16.154+0000][9892.098s][info][gc,marking  ] GC(2138) Concurrent Mark
[2024-08-15T15:13:16.154+0000][9892.099s][info][gc,marking  ] GC(2138) Concurrent Mark From Roots
[2024-08-15T15:13:16.154+0000][9892.099s][info][gc,task     ] GC(2138) Using 2 workers of 2 for marking
[2024-08-15T15:13:18.612+0000][9894.557s][info][gc,marking  ] GC(2138) Concurrent Mark From Roots 2458.293ms
[2024-08-15T15:13:18.612+0000][9894.557s][info][gc,marking  ] GC(2138) Concurrent Preclean
[2024-08-15T15:13:18.614+0000][9894.558s][info][gc,marking  ] GC(2138) Concurrent Preclean 1.436ms
[2024-08-15T15:13:18.614+0000][9894.559s][info][gc,start    ] GC(2138) Pause Remark
[2024-08-15T15:13:18.637+0000][9894.582s][info][gc          ] GC(2138) Pause Remark 8863M->8863M(12288M) 23.298ms
[2024-08-15T15:13:18.637+0000][9894.582s][info][gc,cpu      ] GC(2138) User=0.10s Sys=0.00s Real=0.03s
[2024-08-15T15:13:18.637+0000][9894.582s][info][gc,marking  ] GC(2138) Concurrent Mark 2483.491ms
[2024-08-15T15:13:18.637+0000][9894.582s][info][gc,marking  ] GC(2138) Concurrent Rebuild Remembered Sets
[2024-08-15T15:13:18.992+0000][9894.937s][info][gc,start    ] GC(2139) Pause Young (Normal) (G1 Evacuation Pause)
[2024-08-15T15:13:18.992+0000][9894.937s][info][gc,task     ] GC(2139) Using 6 workers of 6 for evacuation
[2024-08-15T15:13:19.103+0000][9895.047s][info][gc,phases   ] GC(2139)   Pre Evacuate Collection Set: 0.2ms
[2024-08-15T15:13:19.103+0000][9895.048s][info][gc,phases   ] GC(2139)   Merge Heap Roots: 0.4ms
[2024-08-15T15:13:19.103+0000][9895.048s][info][gc,phases   ] GC(2139)   Evacuate Collection Set: 90.8ms
[2024-08-15T15:13:19.103+0000][9895.048s][info][gc,phases   ] GC(2139)   Post Evacuate Collection Set: 19.3ms
[2024-08-15T15:13:19.103+0000][9895.048s][info][gc,phases   ] GC(2139)   Other: 0.2ms
[2024-08-15T15:13:19.103+0000][9895.048s][info][gc,heap     ] GC(2139) Eden regions: 777->0(771)
[2024-08-15T15:13:19.103+0000][9895.048s][info][gc,heap     ] GC(2139) Survivor regions: 15->19(99)
[2024-08-15T15:13:19.103+0000][9895.048s][info][gc,heap     ] GC(2139) Old regions: 412->412
[2024-08-15T15:13:19.103+0000][9895.048s][info][gc,heap     ] GC(2139) Archive regions: 2->2
[2024-08-15T15:13:19.103+0000][9895.048s][info][gc,heap     ] GC(2139) Humongous regions: 5->5
[2024-08-15T15:13:19.103+0000][9895.048s][info][gc,metaspace] GC(2139) Metaspace: 441474K(448576K)->441474K(448576K) NonClass: 386635K(390848K)->386635K(390848K) Class: 54839K(57728K)->54839K(57728K)
[2024-08-15T15:13:19.103+0000][9895.048s][info][gc          ] GC(2139) Pause Young (Normal) (G1 Evacuation Pause) 9675M->3492M(12288M) 110.915ms
[2024-08-15T15:13:19.103+0000][9895.048s][info][gc,cpu      ] GC(2139) User=0.65s Sys=0.00s Real=0.11s
[2024-08-15T15:13:20.250+0000][9896.194s][info][gc,marking  ] GC(2138) Concurrent Rebuild Remembered Sets 1612.203ms
[2024-08-15T15:13:20.250+0000][9896.194s][info][gc,start    ] GC(2138) Pause Cleanup
[2024-08-15T15:13:20.250+0000][9896.195s][info][gc          ] GC(2138) Pause Cleanup 6096M->6096M(12288M) 0.655ms
[2024-08-15T15:13:20.250+0000][9896.195s][info][gc,cpu      ] GC(2138) User=0.00s Sys=0.00s Real=0.00s
[2024-08-15T15:13:20.251+0000][9896.195s][info][gc,marking  ] GC(2138) Concurrent Cleanup for Next Mark
[2024-08-15T15:13:20.268+0000][9896.212s][info][gc,marking  ] GC(2138) Concurrent Cleanup for Next Mark 16.988ms
[2024-08-15T15:13:20.268+0000][9896.212s][info][gc          ] GC(2138) Concurrent Mark Cycle 4182.018ms
[2024-08-15T15:13:21.602+0000][9897.546s][info][gc,start    ] GC(2140) Pause Young (Prepare Mixed) (G1 Evacuation Pause)
[2024-08-15T15:13:21.602+0000][9897.546s][info][gc,task     ] GC(2140) Using 6 workers of 6 for evacuation
[2024-08-15T15:13:21.704+0000][9897.648s][info][gc,phases   ] GC(2140)   Pre Evacuate Collection Set: 0.2ms
[2024-08-15T15:13:21.704+0000][9897.648s][info][gc,phases   ] GC(2140)   Merge Heap Roots: 0.7ms
[2024-08-15T15:13:21.704+0000][9897.648s][info][gc,phases   ] GC(2140)   Evacuate Collection Set: 88.0ms
[2024-08-15T15:13:21.704+0000][9897.648s][info][gc,phases   ] GC(2140)   Post Evacuate Collection Set: 13.1ms
[2024-08-15T15:13:21.704+0000][9897.648s][info][gc,phases   ] GC(2140)   Other: 0.2ms
[2024-08-15T15:13:21.704+0000][9897.648s][info][gc,heap     ] GC(2140) Eden regions: 771->0(55)
[2024-08-15T15:13:21.704+0000][9897.648s][info][gc,heap     ] GC(2140) Survivor regions: 19->21(99)
[2024-08-15T15:13:21.704+0000][9897.648s][info][gc,heap     ] GC(2140) Old regions: 412->412
[2024-08-15T15:13:21.704+0000][9897.648s][info][gc,heap     ] GC(2140) Archive regions: 2->2
[2024-08-15T15:13:21.704+0000][9897.648s][info][gc,heap     ] GC(2140) Humongous regions: 5->5
[2024-08-15T15:13:21.704+0000][9897.648s][info][gc,metaspace] GC(2140) Metaspace: 441474K(448576K)->441474K(448576K) NonClass: 386635K(390848K)->386635K(390848K) Class: 54839K(57728K)->54839K(57728K)
[2024-08-15T15:13:21.704+0000][9897.648s][info][gc          ] GC(2140) Pause Young (Prepare Mixed) (G1 Evacuation Pause) 9660M->3508M(12288M) 102.251ms
[2024-08-15T15:13:21.704+0000][9897.648s][info][gc,cpu      ] GC(2140) User=0.60s Sys=0.00s Real=0.11s
[2024-08-15T15:13:21.907+0000][9897.852s][info][gc,start    ] GC(2141) Pause Young (Mixed) (G1 Evacuation Pause)
[2024-08-15T15:13:21.907+0000][9897.852s][info][gc,task     ] GC(2141) Using 6 workers of 6 for evacuation
[2024-08-15T15:13:22.023+0000][9897.967s][info][gc,phases   ] GC(2141)   Pre Evacuate Collection Set: 0.2ms
[2024-08-15T15:13:22.023+0000][9897.967s][info][gc,phases   ] GC(2141)   Merge Heap Roots: 0.4ms
[2024-08-15T15:13:22.023+0000][9897.967s][info][gc,phases   ] GC(2141)   Evacuate Collection Set: 112.7ms
[2024-08-15T15:13:22.023+0000][9897.967s][info][gc,phases   ] GC(2141)   Post Evacuate Collection Set: 2.3ms
[2024-08-15T15:13:22.023+0000][9897.967s][info][gc,phases   ] GC(2141)   Other: 0.2ms
[2024-08-15T15:13:22.023+0000][9897.967s][info][gc,heap     ] GC(2141) Eden regions: 55->0(778)
[2024-08-15T15:13:22.023+0000][9897.967s][info][gc,heap     ] GC(2141) Survivor regions: 21->6(10)
[2024-08-15T15:13:22.023+0000][9897.967s][info][gc,heap     ] GC(2141) Old regions: 412->421
[2024-08-15T15:13:22.023+0000][9897.967s][info][gc,heap     ] GC(2141) Archive regions: 2->2
[2024-08-15T15:13:22.023+0000][9897.967s][info][gc,heap     ] GC(2141) Humongous regions: 5->5
[2024-08-15T15:13:22.023+0000][9897.967s][info][gc,metaspace] GC(2141) Metaspace: 441474K(448576K)->441474K(448576K) NonClass: 386635K(390848K)->386635K(390848K) Class: 54839K(57728K)->54839K(57728K)
[2024-08-15T15:13:22.023+0000][9897.967s][info][gc          ] GC(2141) Pause Young (Mixed) (G1 Evacuation Pause) 3948M->3449M(12288M) 115.821ms
[2024-08-15T15:13:22.023+0000][9897.967s][info][gc,cpu      ] GC(2141) User=0.69s Sys=0.00s Real=0.11s
[2024-08-15T15:13:24.579+0000][9900.523s][info][gc,start    ] GC(2142) Pause Young (Normal) (G1 Evacuation Pause)
[2024-08-15T15:13:24.579+0000][9900.523s][info][gc,task     ] GC(2142) Using 6 workers of 6 for evacuation
[2024-08-15T15:13:24.656+0000][9900.600s][info][gc,phases   ] GC(2142)   Pre Evacuate Collection Set: 0.2ms
[2024-08-15T15:13:24.656+0000][9900.600s][info][gc,phases   ] GC(2142)   Merge Heap Roots: 0.4ms
[2024-08-15T15:13:24.656+0000][9900.600s][info][gc,phases   ] GC(2142)   Evacuate Collection Set: 58.2ms
[2024-08-15T15:13:24.656+0000][9900.600s][info][gc,phases   ] GC(2142)   Post Evacuate Collection Set: 17.8ms
[2024-08-15T15:13:24.656+0000][9900.600s][info][gc,phases   ] GC(2142)   Other: 0.2ms
[2024-08-15T15:13:24.656+0000][9900.600s][info][gc,heap     ] GC(2142) Eden regions: 778->0(775)
[2024-08-15T15:13:24.656+0000][9900.600s][info][gc,heap     ] GC(2142) Survivor regions: 6->9(98)
[2024-08-15T15:13:24.656+0000][9900.600s][info][gc,heap     ] GC(2142) Old regions: 421->421
[2024-08-15T15:13:24.656+0000][9900.600s][info][gc,heap     ] GC(2142) Archive regions: 2->2
[2024-08-15T15:13:24.656+0000][9900.600s][info][gc,heap     ] GC(2142) Humongous regions: 5->5
[2024-08-15T15:13:24.656+0000][9900.600s][info][gc,metaspace] GC(2142) Metaspace: 441474K(448576K)->441474K(448576K) NonClass: 386635K(390848K)->386635K(390848K) Class: 54839K(57728K)->54839K(57728K)
[2024-08-15T15:13:24.656+0000][9900.600s][info][gc          ] GC(2142) Pause Young (Normal) (G1 Evacuation Pause) 9673M->3472M(12288M) 76.864ms
[2024-08-15T15:13:24.656+0000][9900.600s][info][gc,cpu      ] GC(2142) User=0.44s Sys=0.00s Real=0.08s
[2024-08-15T15:13:27.026+0000][9902.971s][info][gc,start    ] GC(2143) Pause Young (Normal) (G1 Evacuation Pause)
[2024-08-15T15:13:27.026+0000][9902.971s][info][gc,task     ] GC(2143) Using 6 workers of 6 for evacuation
[2024-08-15T15:13:27.097+0000][9903.041s][info][gc,phases   ] GC(2143)   Pre Evacuate Collection Set: 0.2ms
[2024-08-15T15:13:27.097+0000][9903.041s][info][gc,phases   ] GC(2143)   Merge Heap Roots: 0.3ms
[2024-08-15T15:13:27.097+0000][9903.041s][info][gc,phases   ] GC(2143)   Evacuate Collection Set: 55.5ms
[2024-08-15T15:13:27.097+0000][9903.041s][info][gc,phases   ] GC(2143)   Post Evacuate Collection Set: 14.4ms
[2024-08-15T15:13:27.097+0000][9903.041s][info][gc,phases   ] GC(2143)   Other: 0.2ms
[2024-08-15T15:13:27.097+0000][9903.042s][info][gc,heap     ] GC(2143) Eden regions: 775->0(772)
[2024-08-15T15:13:27.097+0000][9903.042s][info][gc,heap     ] GC(2143) Survivor regions: 9->12(98)
[2024-08-15T15:13:27.097+0000][9903.042s][info][gc,heap     ] GC(2143) Old regions: 421->421
[2024-08-15T15:13:27.097+0000][9903.042s][info][gc,heap     ] GC(2143) Archive regions: 2->2
[2024-08-15T15:13:27.097+0000][9903.042s][info][gc,heap     ] GC(2143) Humongous regions: 5->5
[2024-08-15T15:13:27.097+0000][9903.042s][info][gc,metaspace] GC(2143) Metaspace: 441474K(448576K)->441474K(448576K) NonClass: 386635K(390848K)->386635K(390848K) Class: 54839K(57728K)->54839K(57728K)
[2024-08-15T15:13:27.097+0000][9903.042s][info][gc          ] GC(2143) Pause Young (Normal) (G1 Evacuation Pause) 9672M->3495M(12288M) 70.675ms
[2024-08-15T15:13:27.097+0000][9903.042s][info][gc,cpu      ] GC(2143) User=0.41s Sys=0.00s Real=0.07s
[2024-08-15T15:13:29.484+0000][9905.429s][info][gc,start    ] GC(2144) Pause Young (Concurrent Start) (G1 Evacuation Pause)
[2024-08-15T15:13:29.484+0000][9905.429s][info][gc,task     ] GC(2144) Using 6 workers of 6 for evacuation
[2024-08-15T15:13:29.577+0000][9905.522s][info][gc,phases   ] GC(2144)   Pre Evacuate Collection Set: 0.6ms
[2024-08-15T15:13:29.577+0000][9905.522s][info][gc,phases   ] GC(2144)   Merge Heap Roots: 0.4ms
[2024-08-15T15:13:29.577+0000][9905.522s][info][gc,phases   ] GC(2144)   Evacuate Collection Set: 75.7ms
[2024-08-15T15:13:29.577+0000][9905.522s][info][gc,phases   ] GC(2144)   Post Evacuate Collection Set: 16.4ms
[2024-08-15T15:13:29.577+0000][9905.522s][info][gc,phases   ] GC(2144)   Other: 0.3ms
[2024-08-15T15:13:29.577+0000][9905.522s][info][gc,heap     ] GC(2144) Eden regions: 772->0(768)
[2024-08-15T15:13:29.577+0000][9905.522s][info][gc,heap     ] GC(2144) Survivor regions: 12->16(98)
[2024-08-15T15:13:29.577+0000][9905.522s][info][gc,heap     ] GC(2144) Old regions: 421->421
[2024-08-15T15:13:29.577+0000][9905.522s][info][gc,heap     ] GC(2144) Archive regions: 2->2
[2024-08-15T15:13:29.577+0000][9905.522s][info][gc,heap     ] GC(2144) Humongous regions: 5->5
[2024-08-15T15:13:29.577+0000][9905.522s][info][gc,metaspace] GC(2144) Metaspace: 441474K(448576K)->441474K(448576K) NonClass: 386635K(390848K)->386635K(390848K) Class: 54839K(57728K)->54839K(57728K)
[2024-08-15T15:13:29.577+0000][9905.522s][info][gc          ] GC(2144) Pause Young (Concurrent Start) (G1 Evacuation Pause) 9671M->3532M(12288M) 93.434ms
[2024-08-15T15:13:29.577+0000][9905.522s][info][gc,cpu      ] GC(2144) User=0.54s Sys=0.00s Real=0.09s
[2024-08-15T15:13:29.577+0000][9905.522s][info][gc          ] GC(2145) Concurrent Mark Cycle
[2024-08-15T15:13:29.578+0000][9905.522s][info][gc,marking  ] GC(2145) Concurrent Clear Claimed Marks
[2024-08-15T15:13:29.578+0000][9905.523s][info][gc,marking  ] GC(2145) Concurrent Clear Claimed Marks 0.414ms
[2024-08-15T15:13:29.578+0000][9905.523s][info][gc,marking  ] GC(2145) Concurrent Scan Root Regions
[2024-08-15T15:13:29.631+0000][9905.575s][info][gc,marking  ] GC(2145) Concurrent Scan Root Regions 52.750ms
[2024-08-15T15:13:29.631+0000][9905.575s][info][gc,marking  ] GC(2145) Concurrent Mark
[2024-08-15T15:13:29.631+0000][9905.575s][info][gc,marking  ] GC(2145) Concurrent Mark From Roots
[2024-08-15T15:13:29.631+0000][9905.575s][info][gc,task     ] GC(2145) Using 2 workers of 2 for marking
[2024-08-15T15:13:32.042+0000][9907.987s][info][gc,marking  ] GC(2145) Concurrent Mark From Roots 2411.187ms
[2024-08-15T15:13:32.042+0000][9907.987s][info][gc,marking  ] GC(2145) Concurrent Preclean
[2024-08-15T15:13:32.043+0000][9907.988s][info][gc,marking  ] GC(2145) Concurrent Preclean 1.526ms
[2024-08-15T15:13:32.044+0000][9907.988s][info][gc,start    ] GC(2145) Pause Remark
[2024-08-15T15:13:32.067+0000][9908.011s][info][gc          ] GC(2145) Pause Remark 8716M->8716M(12288M) 23.052ms
[2024-08-15T15:13:32.067+0000][9908.011s][info][gc,cpu      ] GC(2145) User=0.10s Sys=0.00s Real=0.02s
[2024-08-15T15:13:32.067+0000][9908.012s][info][gc,marking  ] GC(2145) Concurrent Mark 2436.157ms
[2024-08-15T15:13:32.067+0000][9908.012s][info][gc,marking  ] GC(2145) Concurrent Rebuild Remembered Sets
[2024-08-15T15:13:32.452+0000][9908.397s][info][gc,start    ] GC(2146) Pause Young (Normal) (G1 Evacuation Pause)
[2024-08-15T15:13:32.452+0000][9908.397s][info][gc,task     ] GC(2146) Using 6 workers of 6 for evacuation
[2024-08-15T15:13:32.563+0000][9908.507s][info][gc,phases   ] GC(2146)   Pre Evacuate Collection Set: 0.2ms
[2024-08-15T15:13:32.563+0000][9908.507s][info][gc,phases   ] GC(2146)   Merge Heap Roots: 0.4ms
[2024-08-15T15:13:32.563+0000][9908.507s][info][gc,phases   ] GC(2146)   Evacuate Collection Set: 90.3ms
[2024-08-15T15:13:32.563+0000][9908.507s][info][gc,phases   ] GC(2146)   Post Evacuate Collection Set: 19.1ms
[2024-08-15T15:13:32.563+0000][9908.507s][info][gc,phases   ] GC(2146)   Other: 0.2ms
[2024-08-15T15:13:32.563+0000][9908.507s][info][gc,heap     ] GC(2146) Eden regions: 768->0(760)
[2024-08-15T15:13:32.563+0000][9908.507s][info][gc,heap     ] GC(2146) Survivor regions: 16->20(98)
[2024-08-15T15:13:32.563+0000][9908.507s][info][gc,heap     ] GC(2146) Old regions: 421->421
[2024-08-15T15:13:32.563+0000][9908.507s][info][gc,heap     ] GC(2146) Archive regions: 2->2
[2024-08-15T15:13:32.563+0000][9908.507s][info][gc,heap     ] GC(2146) Humongous regions: 5->5
[2024-08-15T15:13:32.563+0000][9908.507s][info][gc,metaspace] GC(2146) Metaspace: 441474K(448576K)->441474K(448576K) NonClass: 386635K(390848K)->386635K(390848K) Class: 54839K(57728K)->54839K(57728K)
[2024-08-15T15:13:32.563+0000][9908.507s][info][gc          ] GC(2146) Pause Young (Normal) (G1 Evacuation Pause) 9676M->3560M(12288M) 110.251ms
[2024-08-15T15:13:32.563+0000][9908.507s][info][gc,cpu      ] GC(2146) User=0.64s Sys=0.00s Real=0.11s
[2024-08-15T15:13:33.558+0000][9909.503s][info][gc,marking  ] GC(2145) Concurrent Rebuild Remembered Sets 1491.307ms
[2024-08-15T15:13:33.558+0000][9909.503s][info][gc,start    ] GC(2145) Pause Cleanup
[2024-08-15T15:13:33.559+0000][9909.504s][info][gc          ] GC(2145) Pause Cleanup 5960M->5960M(12288M) 0.651ms
[2024-08-15T15:13:33.559+0000][9909.504s][info][gc,cpu      ] GC(2145) User=0.00s Sys=0.00s Real=0.00s
[2024-08-15T15:13:33.559+0000][9909.504s][info][gc,marking  ] GC(2145) Concurrent Cleanup for Next Mark
[2024-08-15T15:13:33.576+0000][9909.521s][info][gc,marking  ] GC(2145) Concurrent Cleanup for Next Mark 17.156ms
[2024-08-15T15:13:33.576+0000][9909.521s][info][gc          ] GC(2145) Concurrent Mark Cycle 3998.930ms
[2024-08-15T15:13:34.863+0000][9910.807s][info][gc,start    ] GC(2147) Pause Young (Prepare Mixed) (G1 Evacuation Pause)
[2024-08-15T15:13:34.863+0000][9910.807s][info][gc,task     ] GC(2147) Using 6 workers of 6 for evacuation
[2024-08-15T15:13:34.993+0000][9910.937s][info][gc,phases   ] GC(2147)   Pre Evacuate Collection Set: 0.2ms
[2024-08-15T15:13:34.993+0000][9910.937s][info][gc,phases   ] GC(2147)   Merge Heap Roots: 0.8ms
[2024-08-15T15:13:34.993+0000][9910.937s][info][gc,phases   ] GC(2147)   Evacuate Collection Set: 109.1ms
[2024-08-15T15:13:34.993+0000][9910.937s][info][gc,phases   ] GC(2147)   Post Evacuate Collection Set: 19.9ms
[2024-08-15T15:13:34.993+0000][9910.937s][info][gc,phases   ] GC(2147)   Other: 0.2ms
[2024-08-15T15:13:34.993+0000][9910.937s][info][gc,heap     ] GC(2147) Eden regions: 760->0(51)
[2024-08-15T15:13:34.993+0000][9910.937s][info][gc,heap     ] GC(2147) Survivor regions: 20->25(98)
[2024-08-15T15:13:34.993+0000][9910.937s][info][gc,heap     ] GC(2147) Old regions: 421->421
[2024-08-15T15:13:34.993+0000][9910.937s][info][gc,heap     ] GC(2147) Archive regions: 2->2
[2024-08-15T15:13:34.993+0000][9910.937s][info][gc,heap     ] GC(2147) Humongous regions: 5->5
[2024-08-15T15:13:34.993+0000][9910.938s][info][gc,metaspace] GC(2147) Metaspace: 441481K(448640K)->441481K(448640K) NonClass: 386641K(390912K)->386641K(390912K) Class: 54839K(57728K)->54839K(57728K)
[2024-08-15T15:13:34.993+0000][9910.938s][info][gc          ] GC(2147) Pause Young (Prepare Mixed) (G1 Evacuation Pause) 9640M->3601M(12288M) 130.235ms
[2024-08-15T15:13:34.993+0000][9910.938s][info][gc,cpu      ] GC(2147) User=0.77s Sys=0.00s Real=0.13s
[2024-08-15T15:13:35.151+0000][9911.095s][info][gc,start    ] GC(2148) Pause Young (Mixed) (G1 Evacuation Pause)
[2024-08-15T15:13:35.151+0000][9911.095s][info][gc,task     ] GC(2148) Using 6 workers of 6 for evacuation
[2024-08-15T15:13:35.279+0000][9911.224s][info][gc,phases   ] GC(2148)   Pre Evacuate Collection Set: 0.2ms
[2024-08-15T15:13:35.279+0000][9911.224s][info][gc,phases   ] GC(2148)   Merge Heap Roots: 0.6ms
[2024-08-15T15:13:35.279+0000][9911.224s][info][gc,phases   ] GC(2148)   Evacuate Collection Set: 124.5ms
[2024-08-15T15:13:35.279+0000][9911.224s][info][gc,phases   ] GC(2148)   Post Evacuate Collection Set: 2.7ms
[2024-08-15T15:13:35.279+0000][9911.224s][info][gc,phases   ] GC(2148)   Other: 0.2ms
[2024-08-15T15:13:35.279+0000][9911.224s][info][gc,heap     ] GC(2148) Eden regions: 51->0(773)
[2024-08-15T15:13:35.279+0000][9911.224s][info][gc,heap     ] GC(2148) Survivor regions: 25->3(10)
[2024-08-15T15:13:35.279+0000][9911.224s][info][gc,heap     ] GC(2148) Old regions: 421->430
[2024-08-15T15:13:35.279+0000][9911.224s][info][gc,heap     ] GC(2148) Archive regions: 2->2
[2024-08-15T15:13:35.279+0000][9911.224s][info][gc,heap     ] GC(2148) Humongous regions: 5->5
[2024-08-15T15:13:35.279+0000][9911.224s][info][gc,metaspace] GC(2148) Metaspace: 441481K(448640K)->441481K(448640K) NonClass: 386641K(390912K)->386641K(390912K) Class: 54839K(57728K)->54839K(57728K)
[2024-08-15T15:13:35.279+0000][9911.224s][info][gc          ] GC(2148) Pause Young (Mixed) (G1 Evacuation Pause) 4009M->3501M(12288M) 128.245ms
[2024-08-15T15:13:35.279+0000][9911.224s][info][gc,cpu      ] GC(2148) User=0.76s Sys=0.00s Real=0.13s
[2024-08-15T15:13:37.461+0000][9913.406s][info][gc,start    ] GC(2149) Pause Young (Normal) (G1 Evacuation Pause)
[2024-08-15T15:13:37.461+0000][9913.406s][info][gc,task     ] GC(2149) Using 6 workers of 6 for evacuation
[2024-08-15T15:13:37.533+0000][9913.478s][info][gc,phases   ] GC(2149)   Pre Evacuate Collection Set: 0.2ms
[2024-08-15T15:13:37.533+0000][9913.478s][info][gc,phases   ] GC(2149)   Merge Heap Roots: 0.3ms
[2024-08-15T15:13:37.533+0000][9913.478s][info][gc,phases   ] GC(2149)   Evacuate Collection Set: 54.3ms
[2024-08-15T15:13:37.533+0000][9913.478s][info][gc,phases   ] GC(2149)   Post Evacuate Collection Set: 17.4ms
[2024-08-15T15:13:37.533+0000][9913.478s][info][gc,phases   ] GC(2149)   Other: 0.2ms
[2024-08-15T15:13:37.533+0000][9913.478s][info][gc,heap     ] GC(2149) Eden regions: 773->0(770)
[2024-08-15T15:13:37.533+0000][9913.478s][info][gc,heap     ] GC(2149) Survivor regions: 3->6(97)
[2024-08-15T15:13:37.533+0000][9913.478s][info][gc,heap     ] GC(2149) Old regions: 430->430
[2024-08-15T15:13:37.533+0000][9913.478s][info][gc,heap     ] GC(2149) Archive regions: 2->2
[2024-08-15T15:13:37.533+0000][9913.478s][info][gc,heap     ] GC(2149) Humongous regions: 5->5
[2024-08-15T15:13:37.533+0000][9913.478s][info][gc,metaspace] GC(2149) Metaspace: 441481K(448640K)->441481K(448640K) NonClass: 386641K(390912K)->386641K(390912K) Class: 54839K(57728K)->54839K(57728K)
[2024-08-15T15:13:37.534+0000][9913.478s][info][gc          ] GC(2149) Pause Young (Normal) (G1 Evacuation Pause) 9685M->3524M(12288M) 72.439ms
[2024-08-15T15:13:37.534+0000][9913.478s][info][gc,cpu      ] GC(2149) User=0.42s Sys=0.00s Real=0.07s
[2024-08-15T15:13:39.987+0000][9915.931s][info][gc,start    ] GC(2150) Pause Young (Normal) (G1 Evacuation Pause)
[2024-08-15T15:13:39.987+0000][9915.931s][info][gc,task     ] GC(2150) Using 6 workers of 6 for evacuation
[2024-08-15T15:13:40.069+0000][9916.013s][info][gc,phases   ] GC(2150)   Pre Evacuate Collection Set: 0.2ms
[2024-08-15T15:13:40.069+0000][9916.013s][info][gc,phases   ] GC(2150)   Merge Heap Roots: 0.4ms
[2024-08-15T15:13:40.069+0000][9916.013s][info][gc,phases   ] GC(2150)   Evacuate Collection Set: 63.6ms
[2024-08-15T15:13:40.069+0000][9916.013s][info][gc,phases   ] GC(2150)   Post Evacuate Collection Set: 17.6ms
[2024-08-15T15:13:40.069+0000][9916.013s][info][gc,phases   ] GC(2150)   Other: 0.2ms
[2024-08-15T15:13:40.069+0000][9916.013s][info][gc,heap     ] GC(2150) Eden regions: 770->0(766)
[2024-08-15T15:13:40.069+0000][9916.013s][info][gc,heap     ] GC(2150) Survivor regions: 6->10(97)
[2024-08-15T15:13:40.069+0000][9916.013s][info][gc,heap     ] GC(2150) Old regions: 430->430
[2024-08-15T15:13:40.069+0000][9916.013s][info][gc,heap     ] GC(2150) Archive regions: 2->2
[2024-08-15T15:13:40.069+0000][9916.013s][info][gc,heap     ] GC(2150) Humongous regions: 5->5
[2024-08-15T15:13:40.069+0000][9916.013s][info][gc,metaspace] GC(2150) Metaspace: 441483K(448640K)->441483K(448640K) NonClass: 386643K(390912K)->386643K(390912K) Class: 54839K(57728K)->54839K(57728K)
[2024-08-15T15:13:40.069+0000][9916.013s][info][gc          ] GC(2150) Pause Young (Normal) (G1 Evacuation Pause) 9684M->3557M(12288M) 82.010ms
[2024-08-15T15:13:40.069+0000][9916.013s][info][gc,cpu      ] GC(2150) User=0.48s Sys=0.00s Real=0.08s
[2024-08-15T15:13:46.757+0000][9922.702s][info][gc,start    ] GC(2151) Pause Young (Concurrent Start) (G1 Evacuation Pause)
[2024-08-15T15:13:46.757+0000][9922.702s][info][gc,task     ] GC(2151) Using 6 workers of 6 for evacuation
[2024-08-15T15:13:46.815+0000][9922.760s][info][gc,phases   ] GC(2151)   Pre Evacuate Collection Set: 0.6ms
[2024-08-15T15:13:46.815+0000][9922.760s][info][gc,phases   ] GC(2151)   Merge Heap Roots: 0.3ms
[2024-08-15T15:13:46.815+0000][9922.760s][info][gc,phases   ] GC(2151)   Evacuate Collection Set: 50.8ms
[2024-08-15T15:13:46.815+0000][9922.760s][info][gc,phases   ] GC(2151)   Post Evacuate Collection Set: 6.3ms
[2024-08-15T15:13:46.815+0000][9922.760s][info][gc,phases   ] GC(2151)   Other: 0.3ms
[2024-08-15T15:13:46.815+0000][9922.760s][info][gc,heap     ] GC(2151) Eden regions: 766->0(762)
[2024-08-15T15:13:46.815+0000][9922.760s][info][gc,heap     ] GC(2151) Survivor regions: 10->14(97)
[2024-08-15T15:13:46.815+0000][9922.760s][info][gc,heap     ] GC(2151) Old regions: 430->430
[2024-08-15T15:13:46.815+0000][9922.760s][info][gc,heap     ] GC(2151) Archive regions: 2->2
[2024-08-15T15:13:46.815+0000][9922.760s][info][gc,heap     ] GC(2151) Humongous regions: 5->5
[2024-08-15T15:13:46.815+0000][9922.760s][info][gc,metaspace] GC(2151) Metaspace: 441483K(448640K)->441483K(448640K) NonClass: 386643K(390912K)->386643K(390912K) Class: 54839K(57728K)->54839K(57728K)
[2024-08-15T15:13:46.816+0000][9922.760s][info][gc          ] GC(2151) Pause Young (Concurrent Start) (G1 Evacuation Pause) 9685M->3587M(12288M) 58.255ms
[2024-08-15T15:13:46.816+0000][9922.760s][info][gc,cpu      ] GC(2151) User=0.34s Sys=0.00s Real=0.06s
[2024-08-15T15:13:46.816+0000][9922.760s][info][gc          ] GC(2152) Concurrent Mark Cycle
[2024-08-15T15:13:46.816+0000][9922.760s][info][gc,marking  ] GC(2152) Concurrent Clear Claimed Marks
[2024-08-15T15:13:46.816+0000][9922.761s][info][gc,marking  ] GC(2152) Concurrent Clear Claimed Marks 0.435ms
[2024-08-15T15:13:46.816+0000][9922.761s][info][gc,marking  ] GC(2152) Concurrent Scan Root Regions
[2024-08-15T15:13:46.857+0000][9922.802s][info][gc,marking  ] GC(2152) Concurrent Scan Root Regions 41.326ms
[2024-08-15T15:13:46.857+0000][9922.802s][info][gc,marking  ] GC(2152) Concurrent Mark
[2024-08-15T15:13:46.857+0000][9922.802s][info][gc,marking  ] GC(2152) Concurrent Mark From Roots
[2024-08-15T15:13:46.857+0000][9922.802s][info][gc,task     ] GC(2152) Using 2 workers of 2 for marking
[2024-08-15T15:13:49.365+0000][9925.309s][info][gc,marking  ] GC(2152) Concurrent Mark From Roots 2507.133ms
[2024-08-15T15:13:49.365+0000][9925.309s][info][gc,marking  ] GC(2152) Concurrent Preclean
[2024-08-15T15:13:49.366+0000][9925.311s][info][gc,marking  ] GC(2152) Concurrent Preclean 1.732ms
[2024-08-15T15:13:49.367+0000][9925.311s][info][gc,start    ] GC(2152) Pause Remark
[2024-08-15T15:13:49.392+0000][9925.336s][info][gc          ] GC(2152) Pause Remark 5326M->5318M(12288M) 25.261ms
[2024-08-15T15:13:49.392+0000][9925.337s][info][gc,cpu      ] GC(2152) User=0.10s Sys=0.00s Real=0.02s
[2024-08-15T15:13:49.392+0000][9925.337s][info][gc,marking  ] GC(2152) Concurrent Mark 2534.563ms
[2024-08-15T15:13:49.392+0000][9925.337s][info][gc,marking  ] GC(2152) Concurrent Rebuild Remembered Sets
[2024-08-15T15:13:50.879+0000][9926.823s][info][gc,marking  ] GC(2152) Concurrent Rebuild Remembered Sets 1486.542ms
[2024-08-15T15:13:50.879+0000][9926.823s][info][gc,start    ] GC(2152) Pause Cleanup
[2024-08-15T15:13:50.879+0000][9926.824s][info][gc          ] GC(2152) Pause Cleanup 6354M->6354M(12288M) 0.666ms
[2024-08-15T15:13:50.879+0000][9926.824s][info][gc,cpu      ] GC(2152) User=0.00s Sys=0.00s Real=0.00s
[2024-08-15T15:13:50.879+0000][9926.824s][info][gc,marking  ] GC(2152) Concurrent Cleanup for Next Mark
[2024-08-15T15:13:50.896+0000][9926.841s][info][gc,marking  ] GC(2152) Concurrent Cleanup for Next Mark 16.551ms
[2024-08-15T15:13:50.896+0000][9926.841s][info][gc          ] GC(2152) Concurrent Mark Cycle 4080.476ms
[2024-08-15T15:13:55.433+0000][9931.378s][info][gc,start    ] GC(2153) Pause Young (Prepare Mixed) (G1 Evacuation Pause)
[2024-08-15T15:13:55.433+0000][9931.378s][info][gc,task     ] GC(2153) Using 6 workers of 6 for evacuation
[2024-08-15T15:13:55.484+0000][9931.428s][info][gc,phases   ] GC(2153)   Pre Evacuate Collection Set: 0.2ms
[2024-08-15T15:13:55.484+0000][9931.428s][info][gc,phases   ] GC(2153)   Merge Heap Roots: 0.4ms
[2024-08-15T15:13:55.484+0000][9931.428s][info][gc,phases   ] GC(2153)   Evacuate Collection Set: 47.8ms
[2024-08-15T15:13:55.484+0000][9931.428s][info][gc,phases   ] GC(2153)   Post Evacuate Collection Set: 1.9ms
[2024-08-15T15:13:55.484+0000][9931.428s][info][gc,phases   ] GC(2153)   Other: 0.2ms
[2024-08-15T15:13:55.484+0000][9931.429s][info][gc,heap     ] GC(2153) Eden regions: 762->0(59)
[2024-08-15T15:13:55.484+0000][9931.429s][info][gc,heap     ] GC(2153) Survivor regions: 14->17(97)
[2024-08-15T15:13:55.484+0000][9931.429s][info][gc,heap     ] GC(2153) Old regions: 429->429
[2024-08-15T15:13:55.484+0000][9931.429s][info][gc,heap     ] GC(2153) Archive regions: 2->2
[2024-08-15T15:13:55.484+0000][9931.429s][info][gc,heap     ] GC(2153) Humongous regions: 5->5
[2024-08-15T15:13:55.484+0000][9931.429s][info][gc,metaspace] GC(2153) Metaspace: 441483K(448640K)->441483K(448640K) NonClass: 386643K(390912K)->386643K(390912K) Class: 54839K(57728K)->54839K(57728K)
[2024-08-15T15:13:55.484+0000][9931.429s][info][gc          ] GC(2153) Pause Young (Prepare Mixed) (G1 Evacuation Pause) 9675M->3605M(12288M) 50.552ms
[2024-08-15T15:13:55.484+0000][9931.429s][info][gc,cpu      ] GC(2153) User=0.30s Sys=0.00s Real=0.06s
[2024-08-15T15:13:56.144+0000][9932.089s][info][gc,start    ] GC(2154) Pause Young (Mixed) (G1 Evacuation Pause)
[2024-08-15T15:13:56.144+0000][9932.089s][info][gc,task     ] GC(2154) Using 6 workers of 6 for evacuation
[2024-08-15T15:13:56.230+0000][9932.174s][info][gc,phases   ] GC(2154)   Pre Evacuate Collection Set: 0.2ms
[2024-08-15T15:13:56.230+0000][9932.174s][info][gc,phases   ] GC(2154)   Merge Heap Roots: 0.4ms
[2024-08-15T15:13:56.230+0000][9932.174s][info][gc,phases   ] GC(2154)   Evacuate Collection Set: 83.5ms
[2024-08-15T15:13:56.230+0000][9932.174s][info][gc,phases   ] GC(2154)   Post Evacuate Collection Set: 1.4ms
[2024-08-15T15:13:56.230+0000][9932.174s][info][gc,phases   ] GC(2154)   Other: 0.2ms
[2024-08-15T15:13:56.230+0000][9932.174s][info][gc,heap     ] GC(2154) Eden regions: 59->0(775)
[2024-08-15T15:13:56.230+0000][9932.174s][info][gc,heap     ] GC(2154) Survivor regions: 17->6(10)
[2024-08-15T15:13:56.230+0000][9932.174s][info][gc,heap     ] GC(2154) Old regions: 429->425
[2024-08-15T15:13:56.230+0000][9932.174s][info][gc,heap     ] GC(2154) Archive regions: 2->2
[2024-08-15T15:13:56.230+0000][9932.174s][info][gc,heap     ] GC(2154) Humongous regions: 5->5
[2024-08-15T15:13:56.230+0000][9932.174s][info][gc,metaspace] GC(2154) Metaspace: 441483K(448640K)->441483K(448640K) NonClass: 386643K(390912K)->386643K(390912K) Class: 54839K(57728K)->54839K(57728K)
[2024-08-15T15:13:56.230+0000][9932.174s][info][gc          ] GC(2154) Pause Young (Mixed) (G1 Evacuation Pause) 4077M->3489M(12288M) 85.759ms
[2024-08-15T15:13:56.230+0000][9932.174s][info][gc,cpu      ] GC(2154) User=0.51s Sys=0.00s Real=0.08s
[2024-08-15T15:14:04.383+0000][9940.327s][info][gc,start    ] GC(2155) Pause Young (Normal) (G1 Evacuation Pause)
[2024-08-15T15:14:04.383+0000][9940.327s][info][gc,task     ] GC(2155) Using 6 workers of 6 for evacuation
[2024-08-15T15:14:04.404+0000][9940.349s][info][gc,phases   ] GC(2155)   Pre Evacuate Collection Set: 0.2ms
[2024-08-15T15:14:04.404+0000][9940.349s][info][gc,phases   ] GC(2155)   Merge Heap Roots: 0.3ms
[2024-08-15T15:14:04.404+0000][9940.349s][info][gc,phases   ] GC(2155)   Evacuate Collection Set: 19.2ms
[2024-08-15T15:14:04.404+0000][9940.349s][info][gc,phases   ] GC(2155)   Post Evacuate Collection Set: 1.8ms
[2024-08-15T15:14:04.404+0000][9940.349s][info][gc,phases   ] GC(2155)   Other: 0.2ms
[2024-08-15T15:14:04.404+0000][9940.349s][info][gc,heap     ] GC(2155) Eden regions: 775->0(774)
[2024-08-15T15:14:04.404+0000][9940.349s][info][gc,heap     ] GC(2155) Survivor regions: 6->7(98)
[2024-08-15T15:14:04.404+0000][9940.349s][info][gc,heap     ] GC(2155) Old regions: 425->425
[2024-08-15T15:14:04.404+0000][9940.349s][info][gc,heap     ] GC(2155) Archive regions: 2->2
[2024-08-15T15:14:04.404+0000][9940.349s][info][gc,heap     ] GC(2155) Humongous regions: 5->5
[2024-08-15T15:14:04.404+0000][9940.349s][info][gc,metaspace] GC(2155) Metaspace: 441483K(448640K)->441483K(448640K) NonClass: 386643K(390912K)->386643K(390912K) Class: 54839K(57728K)->54839K(57728K)
[2024-08-15T15:14:04.404+0000][9940.349s][info][gc          ] GC(2155) Pause Young (Normal) (G1 Evacuation Pause) 9689M->3496M(12288M) 21.712ms
[2024-08-15T15:14:04.405+0000][9940.349s][info][gc,cpu      ] GC(2155) User=0.13s Sys=0.00s Real=0.03s
[2024-08-15T15:14:12.827+0000][9948.772s][info][gc,start    ] GC(2156) Pause Young (Normal) (G1 Evacuation Pause)
[2024-08-15T15:14:12.827+0000][9948.772s][info][gc,task     ] GC(2156) Using 6 workers of 6 for evacuation
[2024-08-15T15:14:12.855+0000][9948.800s][info][gc,phases   ] GC(2156)   Pre Evacuate Collection Set: 0.2ms
[2024-08-15T15:14:12.855+0000][9948.800s][info][gc,phases   ] GC(2156)   Merge Heap Roots: 0.3ms
[2024-08-15T15:14:12.855+0000][9948.800s][info][gc,phases   ] GC(2156)   Evacuate Collection Set: 25.9ms
[2024-08-15T15:14:12.855+0000][9948.800s][info][gc,phases   ] GC(2156)   Post Evacuate Collection Set: 1.8ms
[2024-08-15T15:14:12.855+0000][9948.800s][info][gc,phases   ] GC(2156)   Other: 0.2ms
[2024-08-15T15:14:12.855+0000][9948.800s][info][gc,heap     ] GC(2156) Eden regions: 774->0(771)
[2024-08-15T15:14:12.855+0000][9948.800s][info][gc,heap     ] GC(2156) Survivor regions: 7->10(98)
[2024-08-15T15:14:12.855+0000][9948.800s][info][gc,heap     ] GC(2156) Old regions: 425->425
[2024-08-15T15:14:12.855+0000][9948.800s][info][gc,heap     ] GC(2156) Archive regions: 2->2
[2024-08-15T15:14:12.856+0000][9948.800s][info][gc,heap     ] GC(2156) Humongous regions: 5->5
[2024-08-15T15:14:12.856+0000][9948.800s][info][gc,metaspace] GC(2156) Metaspace: 441483K(448640K)->441483K(448640K) NonClass: 386643K(390912K)->386643K(390912K) Class: 54839K(57728K)->54839K(57728K)
[2024-08-15T15:14:12.856+0000][9948.800s][info][gc          ] GC(2156) Pause Young (Normal) (G1 Evacuation Pause) 9688M->3520M(12288M) 28.402ms
[2024-08-15T15:14:12.856+0000][9948.800s][info][gc,cpu      ] GC(2156) User=0.16s Sys=0.01s Real=0.03s
[2024-08-15T15:14:21.229+0000][9957.174s][info][gc,start    ] GC(2157) Pause Young (Concurrent Start) (G1 Evacuation Pause)
[2024-08-15T15:14:21.229+0000][9957.174s][info][gc,task     ] GC(2157) Using 6 workers of 6 for evacuation
[2024-08-15T15:14:21.265+0000][9957.209s][info][gc,phases   ] GC(2157)   Pre Evacuate Collection Set: 0.5ms
[2024-08-15T15:14:21.265+0000][9957.209s][info][gc,phases   ] GC(2157)   Merge Heap Roots: 0.2ms
[2024-08-15T15:14:21.265+0000][9957.209s][info][gc,phases   ] GC(2157)   Evacuate Collection Set: 32.5ms
[2024-08-15T15:14:21.265+0000][9957.209s][info][gc,phases   ] GC(2157)   Post Evacuate Collection Set: 1.8ms
[2024-08-15T15:14:21.265+0000][9957.209s][info][gc,phases   ] GC(2157)   Other: 0.3ms
[2024-08-15T15:14:21.265+0000][9957.209s][info][gc,heap     ] GC(2157) Eden regions: 771->0(768)
[2024-08-15T15:14:21.265+0000][9957.209s][info][gc,heap     ] GC(2157) Survivor regions: 10->14(98)
[2024-08-15T15:14:21.265+0000][9957.209s][info][gc,heap     ] GC(2157) Old regions: 425->425
[2024-08-15T15:14:21.265+0000][9957.209s][info][gc,heap     ] GC(2157) Archive regions: 2->2
[2024-08-15T15:14:21.265+0000][9957.209s][info][gc,heap     ] GC(2157) Humongous regions: 5->5
[2024-08-15T15:14:21.265+0000][9957.209s][info][gc,metaspace] GC(2157) Metaspace: 441483K(448640K)->441483K(448640K) NonClass: 386643K(390912K)->386643K(390912K) Class: 54839K(57728K)->54839K(57728K)
[2024-08-15T15:14:21.265+0000][9957.209s][info][gc          ] GC(2157) Pause Young (Concurrent Start) (G1 Evacuation Pause) 9688M->3547M(12288M) 35.432ms
[2024-08-15T15:14:21.265+0000][9957.209s][info][gc,cpu      ] GC(2157) User=0.21s Sys=0.00s Real=0.04s
[2024-08-15T15:14:21.265+0000][9957.209s][info][gc          ] GC(2158) Concurrent Mark Cycle
[2024-08-15T15:14:21.265+0000][9957.209s][info][gc,marking  ] GC(2158) Concurrent Clear Claimed Marks
[2024-08-15T15:14:21.265+0000][9957.210s][info][gc,marking  ] GC(2158) Concurrent Clear Claimed Marks 0.382ms
[2024-08-15T15:14:21.265+0000][9957.210s][info][gc,marking  ] GC(2158) Concurrent Scan Root Regions
[2024-08-15T15:14:21.292+0000][9957.236s][info][gc,marking  ] GC(2158) Concurrent Scan Root Regions 26.499ms
[2024-08-15T15:14:21.292+0000][9957.236s][info][gc,marking  ] GC(2158) Concurrent Mark
[2024-08-15T15:14:21.292+0000][9957.236s][info][gc,marking  ] GC(2158) Concurrent Mark From Roots
[2024-08-15T15:14:21.292+0000][9957.236s][info][gc,task     ] GC(2158) Using 2 workers of 2 for marking
[2024-08-15T15:14:23.867+0000][9959.812s][info][gc,marking  ] GC(2158) Concurrent Mark From Roots 2575.158ms
[2024-08-15T15:14:23.867+0000][9959.812s][info][gc,marking  ] GC(2158) Concurrent Preclean
[2024-08-15T15:14:23.868+0000][9959.813s][info][gc,marking  ] GC(2158) Concurrent Preclean 1.493ms
[2024-08-15T15:14:23.869+0000][9959.813s][info][gc,start    ] GC(2158) Pause Remark
[2024-08-15T15:14:23.892+0000][9959.837s][info][gc          ] GC(2158) Pause Remark 5315M->5315M(12288M) 23.803ms
[2024-08-15T15:14:23.893+0000][9959.837s][info][gc,cpu      ] GC(2158) User=0.10s Sys=0.00s Real=0.02s
[2024-08-15T15:14:23.893+0000][9959.837s][info][gc,marking  ] GC(2158) Concurrent Mark 2600.897ms
[2024-08-15T15:14:23.893+0000][9959.837s][info][gc,marking  ] GC(2158) Concurrent Rebuild Remembered Sets
[2024-08-15T15:14:25.440+0000][9961.384s][info][gc,marking  ] GC(2158) Concurrent Rebuild Remembered Sets 1547.086ms
[2024-08-15T15:14:25.440+0000][9961.384s][info][gc,start    ] GC(2158) Pause Cleanup
[2024-08-15T15:14:25.441+0000][9961.385s][info][gc          ] GC(2158) Pause Cleanup 6383M->6383M(12288M) 0.648ms
[2024-08-15T15:14:25.441+0000][9961.385s][info][gc,cpu      ] GC(2158) User=0.00s Sys=0.00s Real=0.00s
[2024-08-15T15:14:25.441+0000][9961.385s][info][gc,marking  ] GC(2158) Concurrent Cleanup for Next Mark
[2024-08-15T15:14:25.459+0000][9961.403s][info][gc,marking  ] GC(2158) Concurrent Cleanup for Next Mark 17.915ms
[2024-08-15T15:14:25.459+0000][9961.403s][info][gc          ] GC(2158) Concurrent Mark Cycle 4193.835ms
[2024-08-15T15:14:29.897+0000][9965.842s][info][gc,start    ] GC(2159) Pause Young (Prepare Mixed) (G1 Evacuation Pause)
[2024-08-15T15:14:29.897+0000][9965.842s][info][gc,task     ] GC(2159) Using 6 workers of 6 for evacuation
[2024-08-15T15:14:29.936+0000][9965.881s][info][gc,phases   ] GC(2159)   Pre Evacuate Collection Set: 0.2ms
[2024-08-15T15:14:29.936+0000][9965.881s][info][gc,phases   ] GC(2159)   Merge Heap Roots: 0.4ms
[2024-08-15T15:14:29.936+0000][9965.881s][info][gc,phases   ] GC(2159)   Evacuate Collection Set: 36.6ms
[2024-08-15T15:14:29.936+0000][9965.881s][info][gc,phases   ] GC(2159)   Post Evacuate Collection Set: 2.0ms
[2024-08-15T15:14:29.936+0000][9965.881s][info][gc,phases   ] GC(2159)   Other: 0.2ms
[2024-08-15T15:14:29.936+0000][9965.881s][info][gc,heap     ] GC(2159) Eden regions: 768->0(60)
[2024-08-15T15:14:29.936+0000][9965.881s][info][gc,heap     ] GC(2159) Survivor regions: 14->16(98)
[2024-08-15T15:14:29.936+0000][9965.881s][info][gc,heap     ] GC(2159) Old regions: 425->425
[2024-08-15T15:14:29.936+0000][9965.881s][info][gc,heap     ] GC(2159) Archive regions: 2->2
[2024-08-15T15:14:29.936+0000][9965.881s][info][gc,heap     ] GC(2159) Humongous regions: 5->5
[2024-08-15T15:14:29.936+0000][9965.881s][info][gc,metaspace] GC(2159) Metaspace: 441486K(448640K)->441486K(448640K) NonClass: 386646K(390912K)->386646K(390912K) Class: 54839K(57728K)->54839K(57728K)
[2024-08-15T15:14:29.936+0000][9965.881s][info][gc          ] GC(2159) Pause Young (Prepare Mixed) (G1 Evacuation Pause) 9691M->3569M(12288M) 39.381ms
[2024-08-15T15:14:29.936+0000][9965.881s][info][gc,cpu      ] GC(2159) User=0.24s Sys=0.00s Real=0.04s
[2024-08-15T15:14:30.403+0000][9966.347s][info][gc,start    ] GC(2160) Pause Young (Mixed) (G1 Evacuation Pause)
[2024-08-15T15:14:30.403+0000][9966.347s][info][gc,task     ] GC(2160) Using 6 workers of 6 for evacuation
[2024-08-15T15:14:30.487+0000][9966.432s][info][gc,phases   ] GC(2160)   Pre Evacuate Collection Set: 0.2ms
[2024-08-15T15:14:30.487+0000][9966.432s][info][gc,phases   ] GC(2160)   Merge Heap Roots: 0.5ms
[2024-08-15T15:14:30.487+0000][9966.432s][info][gc,phases   ] GC(2160)   Evacuate Collection Set: 82.5ms
[2024-08-15T15:14:30.487+0000][9966.432s][info][gc,phases   ] GC(2160)   Post Evacuate Collection Set: 1.3ms
[2024-08-15T15:14:30.487+0000][9966.432s][info][gc,phases   ] GC(2160)   Other: 0.2ms
[2024-08-15T15:14:30.487+0000][9966.432s][info][gc,heap     ] GC(2160) Eden regions: 60->0(774)
[2024-08-15T15:14:30.487+0000][9966.432s][info][gc,heap     ] GC(2160) Survivor regions: 16->6(10)
[2024-08-15T15:14:30.487+0000][9966.432s][info][gc,heap     ] GC(2160) Old regions: 425->426
[2024-08-15T15:14:30.487+0000][9966.432s][info][gc,heap     ] GC(2160) Archive regions: 2->2
[2024-08-15T15:14:30.487+0000][9966.432s][info][gc,heap     ] GC(2160) Humongous regions: 5->5
[2024-08-15T15:14:30.487+0000][9966.432s][info][gc,metaspace] GC(2160) Metaspace: 441486K(448640K)->441486K(448640K) NonClass: 386646K(390912K)->386646K(390912K) Class: 54839K(57728K)->54839K(57728K)
[2024-08-15T15:14:30.487+0000][9966.432s][info][gc          ] GC(2160) Pause Young (Mixed) (G1 Evacuation Pause) 4049M->3495M(12288M) 84.688ms
[2024-08-15T15:14:30.487+0000][9966.432s][info][gc,cpu      ] GC(2160) User=0.50s Sys=0.00s Real=0.09s
[2024-08-15T15:14:38.533+0000][9974.478s][info][gc,start    ] GC(2161) Pause Young (Normal) (G1 Evacuation Pause)
[2024-08-15T15:14:38.533+0000][9974.478s][info][gc,task     ] GC(2161) Using 6 workers of 6 for evacuation
[2024-08-15T15:14:38.554+0000][9974.498s][info][gc,phases   ] GC(2161)   Pre Evacuate Collection Set: 0.2ms
[2024-08-15T15:14:38.554+0000][9974.498s][info][gc,phases   ] GC(2161)   Merge Heap Roots: 0.3ms
[2024-08-15T15:14:38.554+0000][9974.498s][info][gc,phases   ] GC(2161)   Evacuate Collection Set: 18.1ms
[2024-08-15T15:14:38.554+0000][9974.498s][info][gc,phases   ] GC(2161)   Post Evacuate Collection Set: 1.7ms
[2024-08-15T15:14:38.554+0000][9974.498s][info][gc,phases   ] GC(2161)   Other: 0.2ms
[2024-08-15T15:14:38.554+0000][9974.498s][info][gc,heap     ] GC(2161) Eden regions: 774->0(772)
[2024-08-15T15:14:38.554+0000][9974.498s][info][gc,heap     ] GC(2161) Survivor regions: 6->8(98)
[2024-08-15T15:14:38.554+0000][9974.499s][info][gc,heap     ] GC(2161) Old regions: 426->426
[2024-08-15T15:14:38.554+0000][9974.499s][info][gc,heap     ] GC(2161) Archive regions: 2->2
[2024-08-15T15:14:38.554+0000][9974.499s][info][gc,heap     ] GC(2161) Humongous regions: 5->5
[2024-08-15T15:14:38.554+0000][9974.499s][info][gc,metaspace] GC(2161) Metaspace: 441492K(448640K)->441492K(448640K) NonClass: 386652K(390912K)->386652K(390912K) Class: 54839K(57728K)->54839K(57728K)
[2024-08-15T15:14:38.554+0000][9974.499s][info][gc          ] GC(2161) Pause Young (Normal) (G1 Evacuation Pause) 9687M->3509M(12288M) 20.567ms
[2024-08-15T15:14:38.554+0000][9974.499s][info][gc,cpu      ] GC(2161) User=0.12s Sys=0.00s Real=0.02s
[2024-08-15T15:14:46.803+0000][9982.748s][info][gc,start    ] GC(2162) Pause Young (Normal) (G1 Evacuation Pause)
[2024-08-15T15:14:46.803+0000][9982.748s][info][gc,task     ] GC(2162) Using 6 workers of 6 for evacuation
[2024-08-15T15:14:46.828+0000][9982.772s][info][gc,phases   ] GC(2162)   Pre Evacuate Collection Set: 0.2ms
[2024-08-15T15:14:46.828+0000][9982.772s][info][gc,phases   ] GC(2162)   Merge Heap Roots: 0.3ms
[2024-08-15T15:14:46.828+0000][9982.772s][info][gc,phases   ] GC(2162)   Evacuate Collection Set: 22.2ms
[2024-08-15T15:14:46.828+0000][9982.772s][info][gc,phases   ] GC(2162)   Post Evacuate Collection Set: 1.9ms
[2024-08-15T15:14:46.828+0000][9982.772s][info][gc,phases   ] GC(2162)   Other: 0.2ms
[2024-08-15T15:14:46.828+0000][9982.772s][info][gc,heap     ] GC(2162) Eden regions: 772->0(772)
[2024-08-15T15:14:46.828+0000][9982.772s][info][gc,heap     ] GC(2162) Survivor regions: 8->9(98)
[2024-08-15T15:14:46.828+0000][9982.772s][info][gc,heap     ] GC(2162) Old regions: 426->426
[2024-08-15T15:14:46.828+0000][9982.772s][info][gc,heap     ] GC(2162) Archive regions: 2->2
[2024-08-15T15:14:46.828+0000][9982.772s][info][gc,heap     ] GC(2162) Humongous regions: 5->5
[2024-08-15T15:14:46.828+0000][9982.772s][info][gc,metaspace] GC(2162) Metaspace: 441492K(448640K)->441492K(448640K) NonClass: 386652K(390912K)->386652K(390912K) Class: 54839K(57728K)->54839K(57728K)
[2024-08-15T15:14:46.828+0000][9982.772s][info][gc          ] GC(2162) Pause Young (Normal) (G1 Evacuation Pause) 9685M->3515M(12288M) 24.767ms
[2024-08-15T15:14:46.828+0000][9982.772s][info][gc,cpu      ] GC(2162) User=0.14s Sys=0.00s Real=0.03s
[2024-08-15T15:14:55.132+0000][9991.077s][info][gc,start    ] GC(2163) Pause Young (Concurrent Start) (G1 Evacuation Pause)
[2024-08-15T15:14:55.132+0000][9991.077s][info][gc,task     ] GC(2163) Using 6 workers of 6 for evacuation
[2024-08-15T15:14:55.166+0000][9991.111s][info][gc,phases   ] GC(2163)   Pre Evacuate Collection Set: 0.5ms
[2024-08-15T15:14:55.166+0000][9991.111s][info][gc,phases   ] GC(2163)   Merge Heap Roots: 0.3ms
[2024-08-15T15:14:55.166+0000][9991.111s][info][gc,phases   ] GC(2163)   Evacuate Collection Set: 31.4ms
[2024-08-15T15:14:55.166+0000][9991.111s][info][gc,phases   ] GC(2163)   Post Evacuate Collection Set: 1.7ms
[2024-08-15T15:14:55.166+0000][9991.111s][info][gc,phases   ] GC(2163)   Other: 0.3ms
[2024-08-15T15:14:55.166+0000][9991.111s][info][gc,heap     ] GC(2163) Eden regions: 772->0(770)
[2024-08-15T15:14:55.166+0000][9991.111s][info][gc,heap     ] GC(2163) Survivor regions: 9->12(98)
[2024-08-15T15:14:55.166+0000][9991.111s][info][gc,heap     ] GC(2163) Old regions: 426->426
[2024-08-15T15:14:55.166+0000][9991.111s][info][gc,heap     ] GC(2163) Archive regions: 2->2
[2024-08-15T15:14:55.166+0000][9991.111s][info][gc,heap     ] GC(2163) Humongous regions: 5->5
[2024-08-15T15:14:55.166+0000][9991.111s][info][gc,metaspace] GC(2163) Metaspace: 441492K(448640K)->441492K(448640K) NonClass: 386653K(390912K)->386653K(390912K) Class: 54839K(57728K)->54839K(57728K)
[2024-08-15T15:14:55.166+0000][9991.111s][info][gc          ] GC(2163) Pause Young (Concurrent Start) (G1 Evacuation Pause) 9691M->3541M(12288M) 34.283ms
[2024-08-15T15:14:55.166+0000][9991.111s][info][gc,cpu      ] GC(2163) User=0.20s Sys=0.00s Real=0.04s
[2024-08-15T15:14:55.166+0000][9991.111s][info][gc          ] GC(2164) Concurrent Mark Cycle
[2024-08-15T15:14:55.166+0000][9991.111s][info][gc,marking  ] GC(2164) Concurrent Clear Claimed Marks
[2024-08-15T15:14:55.167+0000][9991.111s][info][gc,marking  ] GC(2164) Concurrent Clear Claimed Marks 0.376ms
[2024-08-15T15:14:55.167+0000][9991.111s][info][gc,marking  ] GC(2164) Concurrent Scan Root Regions
[2024-08-15T15:14:55.193+0000][9991.138s][info][gc,marking  ] GC(2164) Concurrent Scan Root Regions 26.431ms
[2024-08-15T15:14:55.193+0000][9991.138s][info][gc,marking  ] GC(2164) Concurrent Mark
[2024-08-15T15:14:55.193+0000][9991.138s][info][gc,marking  ] GC(2164) Concurrent Mark From Roots
[2024-08-15T15:14:55.193+0000][9991.138s][info][gc,task     ] GC(2164) Using 2 workers of 2 for marking
[2024-08-15T15:14:57.705+0000][9993.649s][info][gc,marking  ] GC(2164) Concurrent Mark From Roots 2511.293ms
[2024-08-15T15:14:57.705+0000][9993.649s][info][gc,marking  ] GC(2164) Concurrent Preclean
[2024-08-15T15:14:57.706+0000][9993.651s][info][gc,marking  ] GC(2164) Concurrent Preclean 1.691ms
[2024-08-15T15:14:57.706+0000][9993.651s][info][gc,start    ] GC(2164) Pause Remark
[2024-08-15T15:14:57.730+0000][9993.674s][info][gc          ] GC(2164) Pause Remark 5249M->5246M(12288M) 23.116ms
[2024-08-15T15:14:57.730+0000][9993.674s][info][gc,cpu      ] GC(2164) User=0.10s Sys=0.01s Real=0.02s
[2024-08-15T15:14:57.730+0000][9993.674s][info][gc,marking  ] GC(2164) Concurrent Mark 2536.434ms
[2024-08-15T15:14:57.730+0000][9993.674s][info][gc,marking  ] GC(2164) Concurrent Rebuild Remembered Sets
[2024-08-15T15:14:59.276+0000][9995.221s][info][gc,marking  ] GC(2164) Concurrent Rebuild Remembered Sets 1546.757ms
[2024-08-15T15:14:59.277+0000][9995.221s][info][gc,start    ] GC(2164) Pause Cleanup
[2024-08-15T15:14:59.277+0000][9995.222s][info][gc          ] GC(2164) Pause Cleanup 6314M->6314M(12288M) 0.692ms
[2024-08-15T15:14:59.277+0000][9995.222s][info][gc,cpu      ] GC(2164) User=0.00s Sys=0.00s Real=0.00s
[2024-08-15T15:14:59.277+0000][9995.222s][info][gc,marking  ] GC(2164) Concurrent Cleanup for Next Mark
[2024-08-15T15:14:59.295+0000][9995.239s][info][gc,marking  ] GC(2164) Concurrent Cleanup for Next Mark 17.281ms
[2024-08-15T15:14:59.295+0000][9995.239s][info][gc          ] GC(2164) Concurrent Mark Cycle 4128.381ms
[2024-08-15T15:15:03.847+0000][9999.792s][info][gc,start    ] GC(2165) Pause Young (Prepare Mixed) (G1 Evacuation Pause)
[2024-08-15T15:15:03.848+0000][9999.792s][info][gc,task     ] GC(2165) Using 6 workers of 6 for evacuation
[2024-08-15T15:15:03.884+0000][9999.829s][info][gc,phases   ] GC(2165)   Pre Evacuate Collection Set: 0.2ms
[2024-08-15T15:15:03.884+0000][9999.829s][info][gc,phases   ] GC(2165)   Merge Heap Roots: 0.3ms
[2024-08-15T15:15:03.884+0000][9999.829s][info][gc,phases   ] GC(2165)   Evacuate Collection Set: 34.2ms
[2024-08-15T15:15:03.884+0000][9999.829s][info][gc,phases   ] GC(2165)   Post Evacuate Collection Set: 1.9ms
[2024-08-15T15:15:03.884+0000][9999.829s][info][gc,phases   ] GC(2165)   Other: 0.2ms
[2024-08-15T15:15:03.884+0000][9999.829s][info][gc,heap     ] GC(2165) Eden regions: 770->0(61)
[2024-08-15T15:15:03.884+0000][9999.829s][info][gc,heap     ] GC(2165) Survivor regions: 12->15(98)
[2024-08-15T15:15:03.884+0000][9999.829s][info][gc,heap     ] GC(2165) Old regions: 425->425
[2024-08-15T15:15:03.884+0000][9999.829s][info][gc,heap     ] GC(2165) Archive regions: 2->2
[2024-08-15T15:15:03.884+0000][9999.829s][info][gc,heap     ] GC(2165) Humongous regions: 5->5
[2024-08-15T15:15:03.884+0000][9999.829s][info][gc,metaspace] GC(2165) Metaspace: 441495K(448640K)->441495K(448640K) NonClass: 386655K(390912K)->386655K(390912K) Class: 54839K(57728K)->54839K(57728K)
[2024-08-15T15:15:03.884+0000][9999.829s][info][gc          ] GC(2165) Pause Young (Prepare Mixed) (G1 Evacuation Pause) 9698M->3562M(12288M) 36.885ms
[2024-08-15T15:15:03.884+0000][9999.829s][info][gc,cpu      ] GC(2165) User=0.22s Sys=0.00s Real=0.04s
[2024-08-15T15:15:04.527+0000][10000.471s][info][gc,start    ] GC(2166) Pause Young (Mixed) (G1 Evacuation Pause)
[2024-08-15T15:15:04.527+0000][10000.471s][info][gc,task     ] GC(2166) Using 6 workers of 6 for evacuation
[2024-08-15T15:15:04.611+0000][10000.556s][info][gc,phases   ] GC(2166)   Pre Evacuate Collection Set: 0.2ms
[2024-08-15T15:15:04.611+0000][10000.556s][info][gc,phases   ] GC(2166)   Merge Heap Roots: 0.5ms
[2024-08-15T15:15:04.611+0000][10000.556s][info][gc,phases   ] GC(2166)   Evacuate Collection Set: 82.2ms
[2024-08-15T15:15:04.611+0000][10000.556s][info][gc,phases   ] GC(2166)   Post Evacuate Collection Set: 1.3ms
[2024-08-15T15:15:04.611+0000][10000.556s][info][gc,phases   ] GC(2166)   Other: 0.2ms
[2024-08-15T15:15:04.611+0000][10000.556s][info][gc,heap     ] GC(2166) Eden regions: 61->0(777)
[2024-08-15T15:15:04.611+0000][10000.556s][info][gc,heap     ] GC(2166) Survivor regions: 15->5(10)
[2024-08-15T15:15:04.611+0000][10000.556s][info][gc,heap     ] GC(2166) Old regions: 425->426
[2024-08-15T15:15:04.611+0000][10000.556s][info][gc,heap     ] GC(2166) Archive regions: 2->2
[2024-08-15T15:15:04.611+0000][10000.556s][info][gc,heap     ] GC(2166) Humongous regions: 5->5
[2024-08-15T15:15:04.611+0000][10000.556s][info][gc,metaspace] GC(2166) Metaspace: 441495K(448640K)->441495K(448640K) NonClass: 386655K(390912K)->386655K(390912K) Class: 54839K(57728K)->54839K(57728K)
[2024-08-15T15:15:04.611+0000][10000.556s][info][gc          ] GC(2166) Pause Young (Mixed) (G1 Evacuation Pause) 4050M->3485M(12288M) 84.456ms
[2024-08-15T15:15:04.611+0000][10000.556s][info][gc,cpu      ] GC(2166) User=0.50s Sys=0.00s Real=0.08s
[2024-08-15T15:15:12.909+0000][10008.853s][info][gc,start    ] GC(2167) Pause Young (Normal) (G1 Evacuation Pause)
[2024-08-15T15:15:12.909+0000][10008.853s][info][gc,task     ] GC(2167) Using 6 workers of 6 for evacuation
[2024-08-15T15:15:12.931+0000][10008.876s][info][gc,phases   ] GC(2167)   Pre Evacuate Collection Set: 0.2ms
[2024-08-15T15:15:12.931+0000][10008.876s][info][gc,phases   ] GC(2167)   Merge Heap Roots: 0.3ms
[2024-08-15T15:15:12.931+0000][10008.876s][info][gc,phases   ] GC(2167)   Evacuate Collection Set: 19.7ms
[2024-08-15T15:15:12.931+0000][10008.876s][info][gc,phases   ] GC(2167)   Post Evacuate Collection Set: 1.7ms
[2024-08-15T15:15:12.931+0000][10008.876s][info][gc,phases   ] GC(2167)   Other: 0.2ms
[2024-08-15T15:15:12.931+0000][10008.876s][info][gc,heap     ] GC(2167) Eden regions: 777->0(772)
[2024-08-15T15:15:12.931+0000][10008.876s][info][gc,heap     ] GC(2167) Survivor regions: 5->9(98)
[2024-08-15T15:15:12.931+0000][10008.876s][info][gc,heap     ] GC(2167) Old regions: 426->426
[2024-08-15T15:15:12.931+0000][10008.876s][info][gc,heap     ] GC(2167) Archive regions: 2->2
[2024-08-15T15:15:12.931+0000][10008.876s][info][gc,heap     ] GC(2167) Humongous regions: 5->5
[2024-08-15T15:15:12.931+0000][10008.876s][info][gc,metaspace] GC(2167) Metaspace: 441495K(448640K)->441495K(448640K) NonClass: 386655K(390912K)->386655K(390912K) Class: 54839K(57728K)->54839K(57728K)
[2024-08-15T15:15:12.931+0000][10008.876s][info][gc          ] GC(2167) Pause Young (Normal) (G1 Evacuation Pause) 9701M->3512M(12288M) 22.219ms
[2024-08-15T15:15:12.931+0000][10008.876s][info][gc,cpu      ] GC(2167) User=0.13s Sys=0.01s Real=0.02s
[2024-08-15T15:15:20.943+0000][10016.887s][info][gc,start    ] GC(2168) Pause Young (Normal) (G1 Evacuation Pause)
[2024-08-15T15:15:20.943+0000][10016.887s][info][gc,task     ] GC(2168) Using 6 workers of 6 for evacuation
[2024-08-15T15:15:20.972+0000][10016.917s][info][gc,phases   ] GC(2168)   Pre Evacuate Collection Set: 0.2ms
[2024-08-15T15:15:20.972+0000][10016.917s][info][gc,phases   ] GC(2168)   Merge Heap Roots: 0.3ms
[2024-08-15T15:15:20.972+0000][10016.917s][info][gc,phases   ] GC(2168)   Evacuate Collection Set: 27.2ms
[2024-08-15T15:15:20.972+0000][10016.917s][info][gc,phases   ] GC(2168)   Post Evacuate Collection Set: 1.7ms
[2024-08-15T15:15:20.972+0000][10016.917s][info][gc,phases   ] GC(2168)   Other: 0.2ms
[2024-08-15T15:15:20.972+0000][10016.917s][info][gc,heap     ] GC(2168) Eden regions: 772->0(772)
[2024-08-15T15:15:20.972+0000][10016.917s][info][gc,heap     ] GC(2168) Survivor regions: 9->10(98)
[2024-08-15T15:15:20.972+0000][10016.917s][info][gc,heap     ] GC(2168) Old regions: 426->426
[2024-08-15T15:15:20.972+0000][10016.917s][info][gc,heap     ] GC(2168) Archive regions: 2->2
[2024-08-15T15:15:20.972+0000][10016.917s][info][gc,heap     ] GC(2168) Humongous regions: 5->5
[2024-08-15T15:15:20.972+0000][10016.917s][info][gc,metaspace] GC(2168) Metaspace: 441495K(448640K)->441495K(448640K) NonClass: 386655K(390912K)->386655K(390912K) Class: 54839K(57728K)->54839K(57728K)
[2024-08-15T15:15:20.972+0000][10016.917s][info][gc          ] GC(2168) Pause Young (Normal) (G1 Evacuation Pause) 9688M->3525M(12288M) 29.665ms
[2024-08-15T15:15:20.972+0000][10016.917s][info][gc,cpu      ] GC(2168) User=0.17s Sys=0.00s Real=0.03s
[2024-08-15T15:15:29.385+0000][10025.330s][info][gc,start    ] GC(2169) Pause Young (Concurrent Start) (G1 Evacuation Pause)
[2024-08-15T15:15:29.385+0000][10025.330s][info][gc,task     ] GC(2169) Using 6 workers of 6 for evacuation
[2024-08-15T15:15:29.416+0000][10025.361s][info][gc,phases   ] GC(2169)   Pre Evacuate Collection Set: 0.6ms
[2024-08-15T15:15:29.416+0000][10025.361s][info][gc,phases   ] GC(2169)   Merge Heap Roots: 0.2ms
[2024-08-15T15:15:29.416+0000][10025.361s][info][gc,phases   ] GC(2169)   Evacuate Collection Set: 27.8ms
[2024-08-15T15:15:29.416+0000][10025.361s][info][gc,phases   ] GC(2169)   Post Evacuate Collection Set: 1.8ms
[2024-08-15T15:15:29.416+0000][10025.361s][info][gc,phases   ] GC(2169)   Other: 0.3ms
[2024-08-15T15:15:29.416+0000][10025.361s][info][gc,heap     ] GC(2169) Eden regions: 772->0(767)
[2024-08-15T15:15:29.416+0000][10025.361s][info][gc,heap     ] GC(2169) Survivor regions: 10->14(98)
[2024-08-15T15:15:29.416+0000][10025.361s][info][gc,heap     ] GC(2169) Old regions: 426->426
[2024-08-15T15:15:29.416+0000][10025.361s][info][gc,heap     ] GC(2169) Archive regions: 2->2
[2024-08-15T15:15:29.416+0000][10025.361s][info][gc,heap     ] GC(2169) Humongous regions: 5->5
[2024-08-15T15:15:29.416+0000][10025.361s][info][gc,metaspace] GC(2169) Metaspace: 441495K(448640K)->441495K(448640K) NonClass: 386655K(390912K)->386655K(390912K) Class: 54839K(57728K)->54839K(57728K)
[2024-08-15T15:15:29.416+0000][10025.361s][info][gc          ] GC(2169) Pause Young (Concurrent Start) (G1 Evacuation Pause) 9701M->3551M(12288M) 30.718ms
[2024-08-15T15:15:29.416+0000][10025.361s][info][gc,cpu      ] GC(2169) User=0.18s Sys=0.00s Real=0.03s
[2024-08-15T15:15:29.416+0000][10025.361s][info][gc          ] GC(2170) Concurrent Mark Cycle
[2024-08-15T15:15:29.416+0000][10025.361s][info][gc,marking  ] GC(2170) Concurrent Clear Claimed Marks
[2024-08-15T15:15:29.416+0000][10025.361s][info][gc,marking  ] GC(2170) Concurrent Clear Claimed Marks 0.394ms
[2024-08-15T15:15:29.417+0000][10025.361s][info][gc,marking  ] GC(2170) Concurrent Scan Root Regions
[2024-08-15T15:15:29.446+0000][10025.390s][info][gc,marking  ] GC(2170) Concurrent Scan Root Regions 29.009ms
[2024-08-15T15:15:29.446+0000][10025.390s][info][gc,marking  ] GC(2170) Concurrent Mark
[2024-08-15T15:15:29.446+0000][10025.390s][info][gc,marking  ] GC(2170) Concurrent Mark From Roots
[2024-08-15T15:15:29.446+0000][10025.390s][info][gc,task     ] GC(2170) Using 2 workers of 2 for marking
[2024-08-15T15:15:32.157+0000][10028.101s][info][gc,marking  ] GC(2170) Concurrent Mark From Roots 2711.140ms
[2024-08-15T15:15:32.157+0000][10028.101s][info][gc,marking  ] GC(2170) Concurrent Preclean
[2024-08-15T15:15:32.158+0000][10028.103s][info][gc,marking  ] GC(2170) Concurrent Preclean 1.486ms
[2024-08-15T15:15:32.158+0000][10028.103s][info][gc,start    ] GC(2170) Pause Remark
[2024-08-15T15:15:32.182+0000][10028.127s][info][gc          ] GC(2170) Pause Remark 6163M->6163M(12288M) 23.636ms
[2024-08-15T15:15:32.182+0000][10028.127s][info][gc,cpu      ] GC(2170) User=0.08s Sys=0.01s Real=0.02s
[2024-08-15T15:15:32.182+0000][10028.127s][info][gc,marking  ] GC(2170) Concurrent Mark 2736.663ms
[2024-08-15T15:15:32.182+0000][10028.127s][info][gc,marking  ] GC(2170) Concurrent Rebuild Remembered Sets
[2024-08-15T15:15:33.889+0000][10029.834s][info][gc,marking  ] GC(2170) Concurrent Rebuild Remembered Sets 1707.031ms
[2024-08-15T15:15:33.889+0000][10029.834s][info][gc,start    ] GC(2170) Pause Cleanup
[2024-08-15T15:15:33.890+0000][10029.835s][info][gc          ] GC(2170) Pause Cleanup 7303M->7303M(12288M) 0.673ms
[2024-08-15T15:15:33.890+0000][10029.835s][info][gc,cpu      ] GC(2170) User=0.00s Sys=0.00s Real=0.00s
[2024-08-15T15:15:33.890+0000][10029.835s][info][gc,marking  ] GC(2170) Concurrent Cleanup for Next Mark
[2024-08-15T15:15:33.908+0000][10029.853s][info][gc,marking  ] GC(2170) Concurrent Cleanup for Next Mark 17.600ms
[2024-08-15T15:15:33.908+0000][10029.853s][info][gc          ] GC(2170) Concurrent Mark Cycle 4491.875ms
[2024-08-15T15:15:35.998+0000][10031.943s][info][gc,start    ] GC(2171) Pause Young (Prepare Mixed) (G1 Evacuation Pause)
[2024-08-15T15:15:35.998+0000][10031.943s][info][gc,task     ] GC(2171) Using 6 workers of 6 for evacuation
[2024-08-15T15:15:36.033+0000][10031.978s][info][gc,phases   ] GC(2171)   Pre Evacuate Collection Set: 0.2ms
[2024-08-15T15:15:36.033+0000][10031.978s][info][gc,phases   ] GC(2171)   Merge Heap Roots: 0.3ms
[2024-08-15T15:15:36.033+0000][10031.978s][info][gc,phases   ] GC(2171)   Evacuate Collection Set: 32.3ms
[2024-08-15T15:15:36.033+0000][10031.978s][info][gc,phases   ] GC(2171)   Post Evacuate Collection Set: 1.9ms
[2024-08-15T15:15:36.033+0000][10031.978s][info][gc,phases   ] GC(2171)   Other: 0.2ms
[2024-08-15T15:15:36.033+0000][10031.978s][info][gc,heap     ] GC(2171) Eden regions: 767->0(63)
[2024-08-15T15:15:36.033+0000][10031.978s][info][gc,heap     ] GC(2171) Survivor regions: 14->13(98)
[2024-08-15T15:15:36.033+0000][10031.978s][info][gc,heap     ] GC(2171) Old regions: 426->426
[2024-08-15T15:15:36.033+0000][10031.978s][info][gc,heap     ] GC(2171) Archive regions: 2->2
[2024-08-15T15:15:36.033+0000][10031.978s][info][gc,heap     ] GC(2171) Humongous regions: 5->5
[2024-08-15T15:15:36.033+0000][10031.978s][info][gc,metaspace] GC(2171) Metaspace: 441499K(448640K)->441499K(448640K) NonClass: 386659K(390912K)->386659K(390912K) Class: 54839K(57728K)->54839K(57728K)
[2024-08-15T15:15:36.033+0000][10031.978s][info][gc          ] GC(2171) Pause Young (Prepare Mixed) (G1 Evacuation Pause) 9687M->3547M(12288M) 35.007ms
[2024-08-15T15:15:36.033+0000][10031.978s][info][gc,cpu      ] GC(2171) User=0.20s Sys=0.00s Real=0.03s
[2024-08-15T15:15:36.327+0000][10032.271s][info][gc,start    ] GC(2172) Pause Young (Mixed) (G1 Evacuation Pause)
[2024-08-15T15:15:36.327+0000][10032.271s][info][gc,task     ] GC(2172) Using 6 workers of 6 for evacuation
[2024-08-15T15:15:36.423+0000][10032.368s][info][gc,phases   ] GC(2172)   Pre Evacuate Collection Set: 0.2ms
[2024-08-15T15:15:36.424+0000][10032.368s][info][gc,phases   ] GC(2172)   Merge Heap Roots: 0.8ms
[2024-08-15T15:15:36.424+0000][10032.368s][info][gc,phases   ] GC(2172)   Evacuate Collection Set: 94.1ms
[2024-08-15T15:15:36.424+0000][10032.368s][info][gc,phases   ] GC(2172)   Post Evacuate Collection Set: 1.5ms
[2024-08-15T15:15:36.424+0000][10032.368s][info][gc,phases   ] GC(2172)   Other: 0.2ms
[2024-08-15T15:15:36.424+0000][10032.368s][info][gc,heap     ] GC(2172) Eden regions: 63->0(780)
[2024-08-15T15:15:36.424+0000][10032.368s][info][gc,heap     ] GC(2172) Survivor regions: 13->4(10)
[2024-08-15T15:15:36.424+0000][10032.368s][info][gc,heap     ] GC(2172) Old regions: 426->425
[2024-08-15T15:15:36.424+0000][10032.368s][info][gc,heap     ] GC(2172) Archive regions: 2->2
[2024-08-15T15:15:36.424+0000][10032.368s][info][gc,heap     ] GC(2172) Humongous regions: 5->5
[2024-08-15T15:15:36.424+0000][10032.368s][info][gc,metaspace] GC(2172) Metaspace: 441499K(448640K)->441499K(448640K) NonClass: 386659K(390912K)->386659K(390912K) Class: 54839K(57728K)->54839K(57728K)
[2024-08-15T15:15:36.424+0000][10032.368s][info][gc          ] GC(2172) Pause Young (Mixed) (G1 Evacuation Pause) 4051M->3474M(12288M) 96.788ms
[2024-08-15T15:15:36.424+0000][10032.368s][info][gc,cpu      ] GC(2172) User=0.57s Sys=0.00s Real=0.10s
[2024-08-15T15:15:43.704+0000][10039.648s][info][gc,start    ] GC(2173) Pause Young (Normal) (G1 Evacuation Pause)
[2024-08-15T15:15:43.704+0000][10039.649s][info][gc,task     ] GC(2173) Using 6 workers of 6 for evacuation
[2024-08-15T15:15:43.723+0000][10039.668s][info][gc,phases   ] GC(2173)   Pre Evacuate Collection Set: 0.2ms
[2024-08-15T15:15:43.723+0000][10039.668s][info][gc,phases   ] GC(2173)   Merge Heap Roots: 0.3ms
[2024-08-15T15:15:43.723+0000][10039.668s][info][gc,phases   ] GC(2173)   Evacuate Collection Set: 16.7ms
[2024-08-15T15:15:43.723+0000][10039.668s][info][gc,phases   ] GC(2173)   Post Evacuate Collection Set: 1.8ms
[2024-08-15T15:15:43.723+0000][10039.668s][info][gc,phases   ] GC(2173)   Other: 0.2ms
[2024-08-15T15:15:43.723+0000][10039.668s][info][gc,heap     ] GC(2173) Eden regions: 780->0(778)
[2024-08-15T15:15:43.723+0000][10039.668s][info][gc,heap     ] GC(2173) Survivor regions: 4->6(98)
[2024-08-15T15:15:43.723+0000][10039.668s][info][gc,heap     ] GC(2173) Old regions: 425->425
[2024-08-15T15:15:43.723+0000][10039.668s][info][gc,heap     ] GC(2173) Archive regions: 2->2
[2024-08-15T15:15:43.723+0000][10039.668s][info][gc,heap     ] GC(2173) Humongous regions: 5->5
[2024-08-15T15:15:43.723+0000][10039.668s][info][gc,metaspace] GC(2173) Metaspace: 441500K(448640K)->441500K(448640K) NonClass: 386661K(390912K)->386661K(390912K) Class: 54839K(57728K)->54839K(57728K)
[2024-08-15T15:15:43.723+0000][10039.668s][info][gc          ] GC(2173) Pause Young (Normal) (G1 Evacuation Pause) 9714M->3490M(12288M) 19.280ms
[2024-08-15T15:15:43.723+0000][10039.668s][info][gc,cpu      ] GC(2173) User=0.11s Sys=0.00s Real=0.02s
[2024-08-15T15:15:48.041+0000][10043.985s][info][gc,start    ] GC(2174) Pause Young (Concurrent Start) (G1 Humongous Allocation)
[2024-08-15T15:15:48.041+0000][10043.985s][info][gc,task     ] GC(2174) Using 6 workers of 6 for evacuation
[2024-08-15T15:15:48.070+0000][10044.015s][info][gc,phases   ] GC(2174)   Pre Evacuate Collection Set: 0.5ms
[2024-08-15T15:15:48.070+0000][10044.015s][info][gc,phases   ] GC(2174)   Merge Heap Roots: 0.2ms
[2024-08-15T15:15:48.070+0000][10044.015s][info][gc,phases   ] GC(2174)   Evacuate Collection Set: 26.8ms
[2024-08-15T15:15:48.070+0000][10044.015s][info][gc,phases   ] GC(2174)   Post Evacuate Collection Set: 1.4ms
[2024-08-15T15:15:48.070+0000][10044.015s][info][gc,phases   ] GC(2174)   Other: 0.3ms
[2024-08-15T15:15:48.070+0000][10044.015s][info][gc,heap     ] GC(2174) Eden regions: 391->0(770)
[2024-08-15T15:15:48.070+0000][10044.015s][info][gc,heap     ] GC(2174) Survivor regions: 6->10(98)
[2024-08-15T15:15:48.070+0000][10044.015s][info][gc,heap     ] GC(2174) Old regions: 425->425
[2024-08-15T15:15:48.070+0000][10044.015s][info][gc,heap     ] GC(2174) Archive regions: 2->2
[2024-08-15T15:15:48.070+0000][10044.015s][info][gc,heap     ] GC(2174) Humongous regions: 5->5
[2024-08-15T15:15:48.070+0000][10044.015s][info][gc,metaspace] GC(2174) Metaspace: 441500K(448640K)->441500K(448640K) NonClass: 386661K(390912K)->386661K(390912K) Class: 54839K(57728K)->54839K(57728K)
[2024-08-15T15:15:48.070+0000][10044.015s][info][gc          ] GC(2174) Pause Young (Concurrent Start) (G1 Humongous Allocation) 6618M->3518M(12288M) 29.268ms
[2024-08-15T15:15:48.070+0000][10044.015s][info][gc,cpu      ] GC(2174) User=0.17s Sys=0.00s Real=0.03s
[2024-08-15T15:15:48.070+0000][10044.015s][info][gc          ] GC(2175) Concurrent Mark Cycle
[2024-08-15T15:15:48.070+0000][10044.015s][info][gc,marking  ] GC(2175) Concurrent Clear Claimed Marks
[2024-08-15T15:15:48.071+0000][10044.015s][info][gc,marking  ] GC(2175) Concurrent Clear Claimed Marks 0.416ms
[2024-08-15T15:15:48.071+0000][10044.015s][info][gc,marking  ] GC(2175) Concurrent Scan Root Regions
[2024-08-15T15:15:48.121+0000][10044.065s][info][gc,marking  ] GC(2175) Concurrent Scan Root Regions 50.173ms
[2024-08-15T15:15:48.121+0000][10044.065s][info][gc,marking  ] GC(2175) Concurrent Mark
[2024-08-15T15:15:48.121+0000][10044.066s][info][gc,marking  ] GC(2175) Concurrent Mark From Roots
[2024-08-15T15:15:48.121+0000][10044.066s][info][gc,task     ] GC(2175) Using 2 workers of 2 for marking
[2024-08-15T15:15:50.752+0000][10046.697s][info][gc,marking  ] GC(2175) Concurrent Mark From Roots 2631.143ms
[2024-08-15T15:15:50.752+0000][10046.697s][info][gc,marking  ] GC(2175) Concurrent Preclean
[2024-08-15T15:15:50.754+0000][10046.699s][info][gc,marking  ] GC(2175) Concurrent Preclean 1.953ms
[2024-08-15T15:15:50.754+0000][10046.699s][info][gc,start    ] GC(2175) Pause Remark
[2024-08-15T15:15:50.786+0000][10046.730s][info][gc          ] GC(2175) Pause Remark 8862M->8862M(12288M) 31.453ms
[2024-08-15T15:15:50.786+0000][10046.730s][info][gc,cpu      ] GC(2175) User=0.15s Sys=0.00s Real=0.04s
[2024-08-15T15:15:50.786+0000][10046.731s][info][gc,marking  ] GC(2175) Concurrent Mark 2665.026ms
[2024-08-15T15:15:50.786+0000][10046.731s][info][gc,marking  ] GC(2175) Concurrent Rebuild Remembered Sets
[2024-08-15T15:15:51.189+0000][10047.134s][info][gc,start    ] GC(2176) Pause Young (Normal) (G1 Evacuation Pause)
[2024-08-15T15:15:51.189+0000][10047.134s][info][gc,task     ] GC(2176) Using 6 workers of 6 for evacuation
[2024-08-15T15:15:51.329+0000][10047.274s][info][gc,phases   ] GC(2176)   Pre Evacuate Collection Set: 0.2ms
[2024-08-15T15:15:51.329+0000][10047.274s][info][gc,phases   ] GC(2176)   Merge Heap Roots: 1.1ms
[2024-08-15T15:15:51.329+0000][10047.274s][info][gc,phases   ] GC(2176)   Evacuate Collection Set: 108.0ms
[2024-08-15T15:15:51.329+0000][10047.274s][info][gc,phases   ] GC(2176)   Post Evacuate Collection Set: 30.9ms
[2024-08-15T15:15:51.329+0000][10047.274s][info][gc,phases   ] GC(2176)   Other: 0.2ms
[2024-08-15T15:15:51.329+0000][10047.274s][info][gc,heap     ] GC(2176) Eden regions: 770->0(755)
[2024-08-15T15:15:51.329+0000][10047.274s][info][gc,heap     ] GC(2176) Survivor regions: 10->19(98)
[2024-08-15T15:15:51.329+0000][10047.274s][info][gc,heap     ] GC(2176) Old regions: 425->425
[2024-08-15T15:15:51.329+0000][10047.274s][info][gc,heap     ] GC(2176) Archive regions: 2->2
[2024-08-15T15:15:51.329+0000][10047.274s][info][gc,heap     ] GC(2176) Humongous regions: 7->7
[2024-08-15T15:15:51.329+0000][10047.274s][info][gc,metaspace] GC(2176) Metaspace: 441500K(448640K)->441500K(448640K) NonClass: 386661K(390912K)->386661K(390912K) Class: 54839K(57728K)->54839K(57728K)
[2024-08-15T15:15:51.330+0000][10047.274s][info][gc          ] GC(2176) Pause Young (Normal) (G1 Evacuation Pause) 9694M->3611M(12288M) 140.440ms
[2024-08-15T15:15:51.330+0000][10047.274s][info][gc,cpu      ] GC(2176) User=0.81s Sys=0.00s Real=0.14s
[2024-08-15T15:15:52.425+0000][10048.370s][info][gc,marking  ] GC(2175) Concurrent Rebuild Remembered Sets 1639.125ms
[2024-08-15T15:15:52.425+0000][10048.370s][info][gc,start    ] GC(2175) Pause Cleanup
[2024-08-15T15:15:52.426+0000][10048.371s][info][gc          ] GC(2175) Pause Cleanup 6047M->6047M(12288M) 0.665ms
[2024-08-15T15:15:52.426+0000][10048.371s][info][gc,cpu      ] GC(2175) User=0.00s Sys=0.00s Real=0.00s
[2024-08-15T15:15:52.426+0000][10048.371s][info][gc,marking  ] GC(2175) Concurrent Cleanup for Next Mark
[2024-08-15T15:15:52.443+0000][10048.388s][info][gc,marking  ] GC(2175) Concurrent Cleanup for Next Mark 17.315ms
[2024-08-15T15:15:52.443+0000][10048.388s][info][gc          ] GC(2175) Concurrent Mark Cycle 4373.302ms
[2024-08-15T15:15:53.899+0000][10049.843s][info][gc,start    ] GC(2177) Pause Young (Prepare Mixed) (G1 Evacuation Pause)
[2024-08-15T15:15:53.899+0000][10049.843s][info][gc,task     ] GC(2177) Using 6 workers of 6 for evacuation
[2024-08-15T15:15:54.008+0000][10049.953s][info][gc,phases   ] GC(2177)   Pre Evacuate Collection Set: 0.2ms
[2024-08-15T15:15:54.008+0000][10049.953s][info][gc,phases   ] GC(2177)   Merge Heap Roots: 0.4ms
[2024-08-15T15:15:54.008+0000][10049.953s][info][gc,phases   ] GC(2177)   Evacuate Collection Set: 91.1ms
[2024-08-15T15:15:54.008+0000][10049.953s][info][gc,phases   ] GC(2177)   Post Evacuate Collection Set: 17.8ms
[2024-08-15T15:15:54.008+0000][10049.953s][info][gc,phases   ] GC(2177)   Other: 0.2ms
[2024-08-15T15:15:54.008+0000][10049.953s][info][gc,heap     ] GC(2177) Eden regions: 755->0(52)
[2024-08-15T15:15:54.008+0000][10049.953s][info][gc,heap     ] GC(2177) Survivor regions: 19->24(97)
[2024-08-15T15:15:54.008+0000][10049.953s][info][gc,heap     ] GC(2177) Old regions: 425->425
[2024-08-15T15:15:54.008+0000][10049.953s][info][gc,heap     ] GC(2177) Archive regions: 2->2
[2024-08-15T15:15:54.008+0000][10049.953s][info][gc,heap     ] GC(2177) Humongous regions: 7->7
[2024-08-15T15:15:54.008+0000][10049.953s][info][gc,metaspace] GC(2177) Metaspace: 441500K(448640K)->441500K(448640K) NonClass: 386661K(390912K)->386661K(390912K) Class: 54839K(57728K)->54839K(57728K)
[2024-08-15T15:15:54.008+0000][10049.953s][info][gc          ] GC(2177) Pause Young (Prepare Mixed) (G1 Evacuation Pause) 9651M->3648M(12288M) 109.676ms
[2024-08-15T15:15:54.008+0000][10049.953s][info][gc,cpu      ] GC(2177) User=0.64s Sys=0.00s Real=0.11s
[2024-08-15T15:15:54.218+0000][10050.163s][info][gc,start    ] GC(2178) Pause Young (Mixed) (G1 Evacuation Pause)
[2024-08-15T15:15:54.218+0000][10050.163s][info][gc,task     ] GC(2178) Using 6 workers of 6 for evacuation
[2024-08-15T15:15:54.342+0000][10050.286s][info][gc,phases   ] GC(2178)   Pre Evacuate Collection Set: 0.2ms
[2024-08-15T15:15:54.342+0000][10050.287s][info][gc,phases   ] GC(2178)   Merge Heap Roots: 0.4ms
[2024-08-15T15:15:54.342+0000][10050.287s][info][gc,phases   ] GC(2178)   Evacuate Collection Set: 120.3ms
[2024-08-15T15:15:54.342+0000][10050.287s][info][gc,phases   ] GC(2178)   Post Evacuate Collection Set: 2.8ms
[2024-08-15T15:15:54.342+0000][10050.287s][info][gc,phases   ] GC(2178)   Other: 0.2ms
[2024-08-15T15:15:54.342+0000][10050.287s][info][gc,heap     ] GC(2178) Eden regions: 52->0(755)
[2024-08-15T15:15:54.342+0000][10050.287s][info][gc,heap     ] GC(2178) Survivor regions: 24->3(10)
[2024-08-15T15:15:54.342+0000][10050.287s][info][gc,heap     ] GC(2178) Old regions: 425->442
[2024-08-15T15:15:54.342+0000][10050.287s][info][gc,heap     ] GC(2178) Archive regions: 2->2
[2024-08-15T15:15:54.342+0000][10050.287s][info][gc,heap     ] GC(2178) Humongous regions: 7->7
[2024-08-15T15:15:54.342+0000][10050.287s][info][gc,metaspace] GC(2178) Metaspace: 441500K(448640K)->441500K(448640K) NonClass: 386661K(390912K)->386661K(390912K) Class: 54839K(57728K)->54839K(57728K)
[2024-08-15T15:15:54.342+0000][10050.287s][info][gc          ] GC(2178) Pause Young (Mixed) (G1 Evacuation Pause) 4064M->3613M(12288M) 123.932ms
[2024-08-15T15:15:54.342+0000][10050.287s][info][gc,cpu      ] GC(2178) User=0.73s Sys=0.00s Real=0.12s
[2024-08-15T15:15:56.995+0000][10052.940s][info][gc,start    ] GC(2179) Pause Young (Normal) (G1 Evacuation Pause)
[2024-08-15T15:15:56.995+0000][10052.940s][info][gc,task     ] GC(2179) Using 6 workers of 6 for evacuation
[2024-08-15T15:15:57.067+0000][10053.012s][info][gc,phases   ] GC(2179)   Pre Evacuate Collection Set: 0.2ms
[2024-08-15T15:15:57.067+0000][10053.012s][info][gc,phases   ] GC(2179)   Merge Heap Roots: 0.3ms
[2024-08-15T15:15:57.067+0000][10053.012s][info][gc,phases   ] GC(2179)   Evacuate Collection Set: 52.8ms
[2024-08-15T15:15:57.067+0000][10053.012s][info][gc,phases   ] GC(2179)   Post Evacuate Collection Set: 18.5ms
[2024-08-15T15:15:57.067+0000][10053.012s][info][gc,phases   ] GC(2179)   Other: 0.2ms
[2024-08-15T15:15:57.067+0000][10053.012s][info][gc,heap     ] GC(2179) Eden regions: 755->0(753)
[2024-08-15T15:15:57.067+0000][10053.012s][info][gc,heap     ] GC(2179) Survivor regions: 3->6(95)
[2024-08-15T15:15:57.067+0000][10053.012s][info][gc,heap     ] GC(2179) Old regions: 442->442
[2024-08-15T15:15:57.067+0000][10053.012s][info][gc,heap     ] GC(2179) Archive regions: 2->2
[2024-08-15T15:15:57.067+0000][10053.012s][info][gc,heap     ] GC(2179) Humongous regions: 7->7
[2024-08-15T15:15:57.067+0000][10053.012s][info][gc,metaspace] GC(2179) Metaspace: 441500K(448640K)->441500K(448640K) NonClass: 386661K(390912K)->386661K(390912K) Class: 54839K(57728K)->54839K(57728K)
[2024-08-15T15:15:57.067+0000][10053.012s][info][gc          ] GC(2179) Pause Young (Normal) (G1 Evacuation Pause) 9653M->3633M(12288M) 72.060ms
[2024-08-15T15:15:57.067+0000][10053.012s][info][gc,cpu      ] GC(2179) User=0.42s Sys=0.00s Real=0.07s
[2024-08-15T15:15:59.518+0000][10055.462s][info][gc,start    ] GC(2180) Pause Young (Normal) (G1 Evacuation Pause)
[2024-08-15T15:15:59.518+0000][10055.462s][info][gc,task     ] GC(2180) Using 6 workers of 6 for evacuation
[2024-08-15T15:15:59.603+0000][10055.547s][info][gc,phases   ] GC(2180)   Pre Evacuate Collection Set: 0.2ms
[2024-08-15T15:15:59.603+0000][10055.547s][info][gc,phases   ] GC(2180)   Merge Heap Roots: 0.4ms
[2024-08-15T15:15:59.603+0000][10055.547s][info][gc,phases   ] GC(2180)   Evacuate Collection Set: 65.8ms
[2024-08-15T15:15:59.603+0000][10055.547s][info][gc,phases   ] GC(2180)   Post Evacuate Collection Set: 18.6ms
[2024-08-15T15:15:59.603+0000][10055.547s][info][gc,phases   ] GC(2180)   Other: 0.2ms
[2024-08-15T15:15:59.603+0000][10055.547s][info][gc,heap     ] GC(2180) Eden regions: 753->0(750)
[2024-08-15T15:15:59.603+0000][10055.547s][info][gc,heap     ] GC(2180) Survivor regions: 6->10(95)
[2024-08-15T15:15:59.603+0000][10055.547s][info][gc,heap     ] GC(2180) Old regions: 442->442
[2024-08-15T15:15:59.603+0000][10055.547s][info][gc,heap     ] GC(2180) Archive regions: 2->2
[2024-08-15T15:15:59.603+0000][10055.547s][info][gc,heap     ] GC(2180) Humongous regions: 7->7
[2024-08-15T15:15:59.603+0000][10055.547s][info][gc,metaspace] GC(2180) Metaspace: 441500K(448640K)->441500K(448640K) NonClass: 386661K(390912K)->386661K(390912K) Class: 54839K(57728K)->54839K(57728K)
[2024-08-15T15:15:59.603+0000][10055.548s][info][gc          ] GC(2180) Pause Young (Normal) (G1 Evacuation Pause) 9657M->3665M(12288M) 85.133ms
[2024-08-15T15:15:59.603+0000][10055.548s][info][gc,cpu      ] GC(2180) User=0.49s Sys=0.00s Real=0.08s
[2024-08-15T15:16:02.019+0000][10057.963s][info][gc,start    ] GC(2181) Pause Young (Concurrent Start) (G1 Evacuation Pause)
[2024-08-15T15:16:02.019+0000][10057.963s][info][gc,task     ] GC(2181) Using 6 workers of 6 for evacuation
[2024-08-15T15:16:02.131+0000][10058.075s][info][gc,phases   ] GC(2181)   Pre Evacuate Collection Set: 0.5ms
[2024-08-15T15:16:02.131+0000][10058.075s][info][gc,phases   ] GC(2181)   Merge Heap Roots: 0.5ms
[2024-08-15T15:16:02.131+0000][10058.075s][info][gc,phases   ] GC(2181)   Evacuate Collection Set: 88.0ms
[2024-08-15T15:16:02.131+0000][10058.075s][info][gc,phases   ] GC(2181)   Post Evacuate Collection Set: 22.6ms
[2024-08-15T15:16:02.131+0000][10058.075s][info][gc,phases   ] GC(2181)   Other: 0.3ms
[2024-08-15T15:16:02.131+0000][10058.075s][info][gc,heap     ] GC(2181) Eden regions: 750->0(745)
[2024-08-15T15:16:02.131+0000][10058.075s][info][gc,heap     ] GC(2181) Survivor regions: 10->15(95)
[2024-08-15T15:16:02.131+0000][10058.075s][info][gc,heap     ] GC(2181) Old regions: 442->442
[2024-08-15T15:16:02.131+0000][10058.075s][info][gc,heap     ] GC(2181) Archive regions: 2->2
[2024-08-15T15:16:02.131+0000][10058.075s][info][gc,heap     ] GC(2181) Humongous regions: 7->7
[2024-08-15T15:16:02.131+0000][10058.075s][info][gc,metaspace] GC(2181) Metaspace: 441500K(448640K)->441500K(448640K) NonClass: 386661K(390912K)->386661K(390912K) Class: 54839K(57728K)->54839K(57728K)
[2024-08-15T15:16:02.131+0000][10058.075s][info][gc          ] GC(2181) Pause Young (Concurrent Start) (G1 Evacuation Pause) 9665M->3705M(12288M) 111.969ms
[2024-08-15T15:16:02.131+0000][10058.075s][info][gc,cpu      ] GC(2181) User=0.64s Sys=0.00s Real=0.11s
[2024-08-15T15:16:02.131+0000][10058.075s][info][gc          ] GC(2182) Concurrent Mark Cycle
[2024-08-15T15:16:02.131+0000][10058.075s][info][gc,marking  ] GC(2182) Concurrent Clear Claimed Marks
[2024-08-15T15:16:02.131+0000][10058.076s][info][gc,marking  ] GC(2182) Concurrent Clear Claimed Marks 0.422ms
[2024-08-15T15:16:02.131+0000][10058.076s][info][gc,marking  ] GC(2182) Concurrent Scan Root Regions
[2024-08-15T15:16:02.169+0000][10058.113s][info][gc,marking  ] GC(2182) Concurrent Scan Root Regions 37.409ms
[2024-08-15T15:16:02.169+0000][10058.113s][info][gc,marking  ] GC(2182) Concurrent Mark
[2024-08-15T15:16:02.169+0000][10058.113s][info][gc,marking  ] GC(2182) Concurrent Mark From Roots
[2024-08-15T15:16:02.169+0000][10058.113s][info][gc,task     ] GC(2182) Using 2 workers of 2 for marking
[2024-08-15T15:16:04.477+0000][10060.422s][info][gc,marking  ] GC(2182) Concurrent Mark From Roots 2308.560ms
[2024-08-15T15:16:04.477+0000][10060.422s][info][gc,marking  ] GC(2182) Concurrent Preclean
[2024-08-15T15:16:04.479+0000][10060.423s][info][gc,marking  ] GC(2182) Concurrent Preclean 1.491ms
[2024-08-15T15:16:04.479+0000][10060.424s][info][gc,start    ] GC(2182) Pause Remark
[2024-08-15T15:16:04.503+0000][10060.448s][info][gc          ] GC(2182) Pause Remark 8813M->8797M(12288M) 24.009ms
[2024-08-15T15:16:04.503+0000][10060.448s][info][gc,cpu      ] GC(2182) User=0.10s Sys=0.00s Real=0.03s
[2024-08-15T15:16:04.503+0000][10060.448s][info][gc,marking  ] GC(2182) Concurrent Mark 2334.492ms
[2024-08-15T15:16:04.503+0000][10060.448s][info][gc,marking  ] GC(2182) Concurrent Rebuild Remembered Sets
[2024-08-15T15:16:05.014+0000][10060.959s][info][gc,start    ] GC(2183) Pause Young (Normal) (G1 Evacuation Pause)
[2024-08-15T15:16:05.014+0000][10060.959s][info][gc,task     ] GC(2183) Using 6 workers of 6 for evacuation
[2024-08-15T15:16:05.114+0000][10061.059s][info][gc,phases   ] GC(2183)   Pre Evacuate Collection Set: 0.2ms
[2024-08-15T15:16:05.114+0000][10061.059s][info][gc,phases   ] GC(2183)   Merge Heap Roots: 0.7ms
[2024-08-15T15:16:05.114+0000][10061.059s][info][gc,phases   ] GC(2183)   Evacuate Collection Set: 84.5ms
[2024-08-15T15:16:05.114+0000][10061.059s][info][gc,phases   ] GC(2183)   Post Evacuate Collection Set: 14.4ms
[2024-08-15T15:16:05.114+0000][10061.059s][info][gc,phases   ] GC(2183)   Other: 0.2ms
[2024-08-15T15:16:05.114+0000][10061.059s][info][gc,heap     ] GC(2183) Eden regions: 745->0(741)
[2024-08-15T15:16:05.114+0000][10061.059s][info][gc,heap     ] GC(2183) Survivor regions: 15->19(95)
[2024-08-15T15:16:05.114+0000][10061.059s][info][gc,heap     ] GC(2183) Old regions: 441->441
[2024-08-15T15:16:05.114+0000][10061.059s][info][gc,heap     ] GC(2183) Archive regions: 2->2
[2024-08-15T15:16:05.114+0000][10061.059s][info][gc,heap     ] GC(2183) Humongous regions: 6->6
[2024-08-15T15:16:05.114+0000][10061.059s][info][gc,metaspace] GC(2183) Metaspace: 441500K(448640K)->441500K(448640K) NonClass: 386661K(390912K)->386661K(390912K) Class: 54839K(57728K)->54839K(57728K)
[2024-08-15T15:16:05.114+0000][10061.059s][info][gc          ] GC(2183) Pause Young (Normal) (G1 Evacuation Pause) 9649M->3724M(12288M) 100.052ms
[2024-08-15T15:16:05.115+0000][10061.059s][info][gc,cpu      ] GC(2183) User=0.59s Sys=0.00s Real=0.10s
[2024-08-15T15:16:06.033+0000][10061.978s][info][gc,marking  ] GC(2182) Concurrent Rebuild Remembered Sets 1529.792ms
[2024-08-15T15:16:06.033+0000][10061.978s][info][gc,start    ] GC(2182) Pause Cleanup
[2024-08-15T15:16:06.034+0000][10061.979s][info][gc          ] GC(2182) Pause Cleanup 5824M->5824M(12288M) 0.662ms
[2024-08-15T15:16:06.034+0000][10061.979s][info][gc,cpu      ] GC(2182) User=0.00s Sys=0.00s Real=0.00s
[2024-08-15T15:16:06.034+0000][10061.979s][info][gc,marking  ] GC(2182) Concurrent Cleanup for Next Mark
[2024-08-15T15:16:06.050+0000][10061.995s][info][gc,marking  ] GC(2182) Concurrent Cleanup for Next Mark 16.055ms
[2024-08-15T15:16:06.050+0000][10061.995s][info][gc          ] GC(2182) Concurrent Mark Cycle 3919.339ms
[2024-08-15T15:16:07.451+0000][10063.396s][info][gc,start    ] GC(2184) Pause Young (Prepare Mixed) (G1 Evacuation Pause)
[2024-08-15T15:16:07.451+0000][10063.396s][info][gc,task     ] GC(2184) Using 6 workers of 6 for evacuation
[2024-08-15T15:16:07.583+0000][10063.528s][info][gc,phases   ] GC(2184)   Pre Evacuate Collection Set: 0.2ms
[2024-08-15T15:16:07.583+0000][10063.528s][info][gc,phases   ] GC(2184)   Merge Heap Roots: 0.8ms
[2024-08-15T15:16:07.583+0000][10063.528s][info][gc,phases   ] GC(2184)   Evacuate Collection Set: 112.2ms
[2024-08-15T15:16:07.583+0000][10063.528s][info][gc,phases   ] GC(2184)   Post Evacuate Collection Set: 18.7ms
[2024-08-15T15:16:07.584+0000][10063.528s][info][gc,phases   ] GC(2184)   Other: 0.2ms
[2024-08-15T15:16:07.584+0000][10063.528s][info][gc,heap     ] GC(2184) Eden regions: 741->0(52)
[2024-08-15T15:16:07.584+0000][10063.528s][info][gc,heap     ] GC(2184) Survivor regions: 19->24(95)
[2024-08-15T15:16:07.584+0000][10063.528s][info][gc,heap     ] GC(2184) Old regions: 441->441
[2024-08-15T15:16:07.584+0000][10063.528s][info][gc,heap     ] GC(2184) Archive regions: 2->2
[2024-08-15T15:16:07.584+0000][10063.528s][info][gc,heap     ] GC(2184) Humongous regions: 6->6
[2024-08-15T15:16:07.584+0000][10063.528s][info][gc,metaspace] GC(2184) Metaspace: 441500K(448640K)->441500K(448640K) NonClass: 386661K(390912K)->386661K(390912K) Class: 54839K(57728K)->54839K(57728K)
[2024-08-15T15:16:07.584+0000][10063.528s][info][gc          ] GC(2184) Pause Young (Prepare Mixed) (G1 Evacuation Pause) 9652M->3761M(12288M) 132.125ms
[2024-08-15T15:16:07.584+0000][10063.528s][info][gc,cpu      ] GC(2184) User=0.78s Sys=0.00s Real=0.14s
[2024-08-15T15:16:07.745+0000][10063.690s][info][gc,start    ] GC(2185) Pause Young (Mixed) (G1 Evacuation Pause)
[2024-08-15T15:16:07.745+0000][10063.690s][info][gc,task     ] GC(2185) Using 6 workers of 6 for evacuation
[2024-08-15T15:16:07.859+0000][10063.803s][info][gc,phases   ] GC(2185)   Pre Evacuate Collection Set: 0.2ms
[2024-08-15T15:16:07.859+0000][10063.803s][info][gc,phases   ] GC(2185)   Merge Heap Roots: 0.4ms
[2024-08-15T15:16:07.859+0000][10063.803s][info][gc,phases   ] GC(2185)   Evacuate Collection Set: 111.1ms
[2024-08-15T15:16:07.859+0000][10063.803s][info][gc,phases   ] GC(2185)   Post Evacuate Collection Set: 1.4ms
[2024-08-15T15:16:07.859+0000][10063.803s][info][gc,phases   ] GC(2185)   Other: 0.2ms
[2024-08-15T15:16:07.859+0000][10063.803s][info][gc,heap     ] GC(2185) Eden regions: 52->0(753)
[2024-08-15T15:16:07.859+0000][10063.803s][info][gc,heap     ] GC(2185) Survivor regions: 24->3(10)
[2024-08-15T15:16:07.859+0000][10063.803s][info][gc,heap     ] GC(2185) Old regions: 441->449
[2024-08-15T15:16:07.859+0000][10063.803s][info][gc,heap     ] GC(2185) Archive regions: 2->2
[2024-08-15T15:16:07.859+0000][10063.803s][info][gc,heap     ] GC(2185) Humongous regions: 6->6
[2024-08-15T15:16:07.859+0000][10063.803s][info][gc,metaspace] GC(2185) Metaspace: 441500K(448640K)->441500K(448640K) NonClass: 386661K(390912K)->386661K(390912K) Class: 54839K(57728K)->54839K(57728K)
[2024-08-15T15:16:07.859+0000][10063.803s][info][gc          ] GC(2185) Pause Young (Mixed) (G1 Evacuation Pause) 4177M->3664M(12288M) 113.357ms
[2024-08-15T15:16:07.859+0000][10063.803s][info][gc,cpu      ] GC(2185) User=0.68s Sys=0.00s Real=0.11s
[2024-08-15T15:16:10.145+0000][10066.089s][info][gc,start    ] GC(2186) Pause Young (Normal) (G1 Evacuation Pause)
[2024-08-15T15:16:10.145+0000][10066.089s][info][gc,task     ] GC(2186) Using 6 workers of 6 for evacuation
[2024-08-15T15:16:10.208+0000][10066.152s][info][gc,phases   ] GC(2186)   Pre Evacuate Collection Set: 0.2ms
[2024-08-15T15:16:10.208+0000][10066.153s][info][gc,phases   ] GC(2186)   Merge Heap Roots: 0.4ms
[2024-08-15T15:16:10.208+0000][10066.153s][info][gc,phases   ] GC(2186)   Evacuate Collection Set: 47.4ms
[2024-08-15T15:16:10.208+0000][10066.153s][info][gc,phases   ] GC(2186)   Post Evacuate Collection Set: 15.1ms
[2024-08-15T15:16:10.208+0000][10066.153s][info][gc,phases   ] GC(2186)   Other: 0.2ms
[2024-08-15T15:16:10.208+0000][10066.153s][info][gc,heap     ] GC(2186) Eden regions: 753->0(751)
[2024-08-15T15:16:10.208+0000][10066.153s][info][gc,heap     ] GC(2186) Survivor regions: 3->5(95)
[2024-08-15T15:16:10.208+0000][10066.153s][info][gc,heap     ] GC(2186) Old regions: 449->449
[2024-08-15T15:16:10.208+0000][10066.153s][info][gc,heap     ] GC(2186) Archive regions: 2->2
[2024-08-15T15:16:10.208+0000][10066.153s][info][gc,heap     ] GC(2186) Humongous regions: 6->6
[2024-08-15T15:16:10.208+0000][10066.153s][info][gc,metaspace] GC(2186) Metaspace: 441500K(448640K)->441500K(448640K) NonClass: 386661K(390912K)->386661K(390912K) Class: 54839K(57728K)->54839K(57728K)
[2024-08-15T15:16:10.208+0000][10066.153s][info][gc          ] GC(2186) Pause Young (Normal) (G1 Evacuation Pause) 9688M->3680M(12288M) 63.311ms
[2024-08-15T15:16:10.208+0000][10066.153s][info][gc,cpu      ] GC(2186) User=0.36s Sys=0.00s Real=0.06s
[2024-08-15T15:16:12.481+0000][10068.426s][info][gc,start    ] GC(2187) Pause Young (Normal) (G1 Evacuation Pause)
[2024-08-15T15:16:12.481+0000][10068.426s][info][gc,task     ] GC(2187) Using 6 workers of 6 for evacuation
[2024-08-15T15:16:12.566+0000][10068.510s][info][gc,phases   ] GC(2187)   Pre Evacuate Collection Set: 0.2ms
[2024-08-15T15:16:12.566+0000][10068.510s][info][gc,phases   ] GC(2187)   Merge Heap Roots: 0.4ms
[2024-08-15T15:16:12.566+0000][10068.510s][info][gc,phases   ] GC(2187)   Evacuate Collection Set: 64.8ms
[2024-08-15T15:16:12.566+0000][10068.510s][info][gc,phases   ] GC(2187)   Post Evacuate Collection Set: 19.2ms
[2024-08-15T15:16:12.566+0000][10068.510s][info][gc,phases   ] GC(2187)   Other: 0.2ms
[2024-08-15T15:16:12.566+0000][10068.510s][info][gc,heap     ] GC(2187) Eden regions: 751->0(747)
[2024-08-15T15:16:12.566+0000][10068.511s][info][gc,heap     ] GC(2187) Survivor regions: 5->10(95)
[2024-08-15T15:16:12.566+0000][10068.511s][info][gc,heap     ] GC(2187) Old regions: 449->449
[2024-08-15T15:16:12.566+0000][10068.511s][info][gc,heap     ] GC(2187) Archive regions: 2->2
[2024-08-15T15:16:12.566+0000][10068.511s][info][gc,heap     ] GC(2187) Humongous regions: 6->6
[2024-08-15T15:16:12.566+0000][10068.511s][info][gc,metaspace] GC(2187) Metaspace: 441500K(448640K)->441500K(448640K) NonClass: 386661K(390912K)->386661K(390912K) Class: 54839K(57728K)->54839K(57728K)
[2024-08-15T15:16:12.566+0000][10068.511s][info][gc          ] GC(2187) Pause Young (Normal) (G1 Evacuation Pause) 9688M->3714M(12288M) 84.814ms
[2024-08-15T15:16:12.566+0000][10068.511s][info][gc,cpu      ] GC(2187) User=0.50s Sys=0.00s Real=0.09s
[2024-08-15T15:16:14.856+0000][10070.800s][info][gc,start    ] GC(2188) Pause Young (Concurrent Start) (G1 Evacuation Pause)
[2024-08-15T15:16:14.856+0000][10070.800s][info][gc,task     ] GC(2188) Using 6 workers of 6 for evacuation
[2024-08-15T15:16:14.960+0000][10070.905s][info][gc,phases   ] GC(2188)   Pre Evacuate Collection Set: 0.6ms
[2024-08-15T15:16:14.960+0000][10070.905s][info][gc,phases   ] GC(2188)   Merge Heap Roots: 0.5ms
[2024-08-15T15:16:14.960+0000][10070.905s][info][gc,phases   ] GC(2188)   Evacuate Collection Set: 84.8ms
[2024-08-15T15:16:14.960+0000][10070.905s][info][gc,phases   ] GC(2188)   Post Evacuate Collection Set: 18.8ms
[2024-08-15T15:16:14.960+0000][10070.905s][info][gc,phases   ] GC(2188)   Other: 0.3ms
[2024-08-15T15:16:14.960+0000][10070.905s][info][gc,heap     ] GC(2188) Eden regions: 747->0(743)
[2024-08-15T15:16:14.960+0000][10070.905s][info][gc,heap     ] GC(2188) Survivor regions: 10->14(95)
[2024-08-15T15:16:14.960+0000][10070.905s][info][gc,heap     ] GC(2188) Old regions: 449->449
[2024-08-15T15:16:14.960+0000][10070.905s][info][gc,heap     ] GC(2188) Archive regions: 2->2
[2024-08-15T15:16:14.960+0000][10070.905s][info][gc,heap     ] GC(2188) Humongous regions: 6->6
[2024-08-15T15:16:14.960+0000][10070.905s][info][gc,metaspace] GC(2188) Metaspace: 441501K(448640K)->441501K(448640K) NonClass: 386661K(390912K)->386661K(390912K) Class: 54839K(57728K)->54839K(57728K)
[2024-08-15T15:16:14.960+0000][10070.905s][info][gc          ] GC(2188) Pause Young (Concurrent Start) (G1 Evacuation Pause) 9690M->3751M(12288M) 104.969ms
[2024-08-15T15:16:14.961+0000][10070.905s][info][gc,cpu      ] GC(2188) User=0.61s Sys=0.00s Real=0.10s
[2024-08-15T15:16:14.961+0000][10070.905s][info][gc          ] GC(2189) Concurrent Mark Cycle
[2024-08-15T15:16:14.961+0000][10070.905s][info][gc,marking  ] GC(2189) Concurrent Clear Claimed Marks
[2024-08-15T15:16:14.961+0000][10070.906s][info][gc,marking  ] GC(2189) Concurrent Clear Claimed Marks 0.441ms
[2024-08-15T15:16:14.961+0000][10070.906s][info][gc,marking  ] GC(2189) Concurrent Scan Root Regions
[2024-08-15T15:16:15.009+0000][10070.954s][info][gc,marking  ] GC(2189) Concurrent Scan Root Regions 48.037ms
[2024-08-15T15:16:15.009+0000][10070.954s][info][gc,marking  ] GC(2189) Concurrent Mark
[2024-08-15T15:16:15.009+0000][10070.954s][info][gc,marking  ] GC(2189) Concurrent Mark From Roots
[2024-08-15T15:16:15.009+0000][10070.954s][info][gc,task     ] GC(2189) Using 2 workers of 2 for marking
[2024-08-15T15:16:17.629+0000][10073.574s][info][gc,marking  ] GC(2189) Concurrent Mark From Roots 2620.030ms
[2024-08-15T15:16:17.629+0000][10073.574s][info][gc,marking  ] GC(2189) Concurrent Preclean
[2024-08-15T15:16:17.631+0000][10073.576s][info][gc,marking  ] GC(2189) Concurrent Preclean 1.788ms
[2024-08-15T15:16:17.631+0000][10073.576s][info][gc,start    ] GC(2189) Pause Remark
[2024-08-15T15:16:17.655+0000][10073.600s][info][gc          ] GC(2189) Pause Remark 8063M->8063M(12288M) 23.662ms
[2024-08-15T15:16:17.655+0000][10073.600s][info][gc,cpu      ] GC(2189) User=0.10s Sys=0.00s Real=0.02s
[2024-08-15T15:16:17.655+0000][10073.600s][info][gc,marking  ] GC(2189) Concurrent Mark 2645.928ms
[2024-08-15T15:16:17.655+0000][10073.600s][info][gc,marking  ] GC(2189) Concurrent Rebuild Remembered Sets
[2024-08-15T15:16:19.349+0000][10075.294s][info][gc,marking  ] GC(2189) Concurrent Rebuild Remembered Sets 1694.129ms
[2024-08-15T15:16:19.349+0000][10075.294s][info][gc,start    ] GC(2189) Pause Cleanup
[2024-08-15T15:16:19.350+0000][10075.295s][info][gc          ] GC(2189) Pause Cleanup 9572M->9572M(12288M) 0.931ms
[2024-08-15T15:16:19.350+0000][10075.295s][info][gc,cpu      ] GC(2189) User=0.00s Sys=0.00s Real=0.00s
[2024-08-15T15:16:19.351+0000][10075.295s][info][gc,marking  ] GC(2189) Concurrent Cleanup for Next Mark
[2024-08-15T15:16:19.369+0000][10075.314s][info][gc,marking  ] GC(2189) Concurrent Cleanup for Next Mark 18.707ms
[2024-08-15T15:16:19.369+0000][10075.314s][info][gc          ] GC(2189) Concurrent Mark Cycle 4408.690ms
[2024-08-15T15:16:19.435+0000][10075.380s][info][gc,start    ] GC(2190) Pause Young (Prepare Mixed) (G1 Evacuation Pause)
[2024-08-15T15:16:19.435+0000][10075.380s][info][gc,task     ] GC(2190) Using 6 workers of 6 for evacuation
[2024-08-15T15:16:19.525+0000][10075.470s][info][gc,phases   ] GC(2190)   Pre Evacuate Collection Set: 0.2ms
[2024-08-15T15:16:19.525+0000][10075.470s][info][gc,phases   ] GC(2190)   Merge Heap Roots: 1.1ms
[2024-08-15T15:16:19.525+0000][10075.470s][info][gc,phases   ] GC(2190)   Evacuate Collection Set: 75.6ms
[2024-08-15T15:16:19.525+0000][10075.470s][info][gc,phases   ] GC(2190)   Post Evacuate Collection Set: 12.9ms
[2024-08-15T15:16:19.525+0000][10075.470s][info][gc,phases   ] GC(2190)   Other: 0.2ms
[2024-08-15T15:16:19.525+0000][10075.470s][info][gc,heap     ] GC(2190) Eden regions: 743->0(60)
[2024-08-15T15:16:19.525+0000][10075.470s][info][gc,heap     ] GC(2190) Survivor regions: 14->16(95)
[2024-08-15T15:16:19.525+0000][10075.470s][info][gc,heap     ] GC(2190) Old regions: 449->449
[2024-08-15T15:16:19.525+0000][10075.470s][info][gc,heap     ] GC(2190) Archive regions: 2->2
[2024-08-15T15:16:19.525+0000][10075.470s][info][gc,heap     ] GC(2190) Humongous regions: 6->6
[2024-08-15T15:16:19.525+0000][10075.470s][info][gc,metaspace] GC(2190) Metaspace: 441501K(448640K)->441501K(448640K) NonClass: 386661K(390912K)->386661K(390912K) Class: 54839K(57728K)->54839K(57728K)
[2024-08-15T15:16:19.525+0000][10075.470s][info][gc          ] GC(2190) Pause Young (Prepare Mixed) (G1 Evacuation Pause) 9695M->3764M(12288M) 90.120ms
[2024-08-15T15:16:19.525+0000][10075.470s][info][gc,cpu      ] GC(2190) User=0.52s Sys=0.00s Real=0.10s
[2024-08-15T15:16:19.814+0000][10075.758s][info][gc,start    ] GC(2191) Pause Young (Mixed) (G1 Evacuation Pause)
[2024-08-15T15:16:19.814+0000][10075.758s][info][gc,task     ] GC(2191) Using 6 workers of 6 for evacuation
[2024-08-15T15:16:19.885+0000][10075.829s][info][gc,phases   ] GC(2191)   Pre Evacuate Collection Set: 0.2ms
[2024-08-15T15:16:19.885+0000][10075.829s][info][gc,phases   ] GC(2191)   Merge Heap Roots: 0.4ms
[2024-08-15T15:16:19.885+0000][10075.829s][info][gc,phases   ] GC(2191)   Evacuate Collection Set: 68.8ms
[2024-08-15T15:16:19.885+0000][10075.829s][info][gc,phases   ] GC(2191)   Post Evacuate Collection Set: 1.3ms
[2024-08-15T15:16:19.885+0000][10075.829s][info][gc,phases   ] GC(2191)   Other: 0.2ms
[2024-08-15T15:16:19.885+0000][10075.829s][info][gc,heap     ] GC(2191) Eden regions: 60->0(760)
[2024-08-15T15:16:19.885+0000][10075.829s][info][gc,heap     ] GC(2191) Survivor regions: 16->6(10)
[2024-08-15T15:16:19.885+0000][10075.829s][info][gc,heap     ] GC(2191) Old regions: 449->439
[2024-08-15T15:16:19.885+0000][10075.829s][info][gc,heap     ] GC(2191) Archive regions: 2->2
[2024-08-15T15:16:19.885+0000][10075.829s][info][gc,heap     ] GC(2191) Humongous regions: 6->6
[2024-08-15T15:16:19.885+0000][10075.829s][info][gc,metaspace] GC(2191) Metaspace: 441501K(448640K)->441501K(448640K) NonClass: 386661K(390912K)->386661K(390912K) Class: 54839K(57728K)->54839K(57728K)
[2024-08-15T15:16:19.885+0000][10075.829s][info][gc          ] GC(2191) Pause Young (Mixed) (G1 Evacuation Pause) 4244M->3604M(12288M) 71.013ms
[2024-08-15T15:16:19.885+0000][10075.829s][info][gc,cpu      ] GC(2191) User=0.43s Sys=0.00s Real=0.08s
[2024-08-15T15:16:23.917+0000][10079.861s][info][gc,start    ] GC(2192) Pause Young (Normal) (G1 Evacuation Pause)
[2024-08-15T15:16:23.917+0000][10079.862s][info][gc,task     ] GC(2192) Using 6 workers of 6 for evacuation
[2024-08-15T15:16:23.938+0000][10079.882s][info][gc,phases   ] GC(2192)   Pre Evacuate Collection Set: 0.2ms
[2024-08-15T15:16:23.938+0000][10079.882s][info][gc,phases   ] GC(2192)   Merge Heap Roots: 0.3ms
[2024-08-15T15:16:23.938+0000][10079.882s][info][gc,phases   ] GC(2192)   Evacuate Collection Set: 18.3ms
[2024-08-15T15:16:23.938+0000][10079.882s][info][gc,phases   ] GC(2192)   Post Evacuate Collection Set: 1.8ms
[2024-08-15T15:16:23.938+0000][10079.882s][info][gc,phases   ] GC(2192)   Other: 0.2ms
[2024-08-15T15:16:23.938+0000][10079.882s][info][gc,heap     ] GC(2192) Eden regions: 760->0(760)
[2024-08-15T15:16:23.938+0000][10079.882s][info][gc,heap     ] GC(2192) Survivor regions: 6->7(96)
[2024-08-15T15:16:23.938+0000][10079.882s][info][gc,heap     ] GC(2192) Old regions: 439->439
[2024-08-15T15:16:23.938+0000][10079.882s][info][gc,heap     ] GC(2192) Archive regions: 2->2
[2024-08-15T15:16:23.938+0000][10079.882s][info][gc,heap     ] GC(2192) Humongous regions: 6->6
[2024-08-15T15:16:23.938+0000][10079.882s][info][gc,metaspace] GC(2192) Metaspace: 441501K(448640K)->441501K(448640K) NonClass: 386661K(390912K)->386661K(390912K) Class: 54839K(57728K)->54839K(57728K)
[2024-08-15T15:16:23.938+0000][10079.882s][info][gc          ] GC(2192) Pause Young (Normal) (G1 Evacuation Pause) 9684M->3610M(12288M) 20.922ms
[2024-08-15T15:16:23.938+0000][10079.882s][info][gc,cpu      ] GC(2192) User=0.12s Sys=0.00s Real=0.02s
[2024-08-15T15:16:30.774+0000][10086.719s][info][gc,start    ] GC(2193) Pause Young (Normal) (G1 Evacuation Pause)
[2024-08-15T15:16:30.774+0000][10086.719s][info][gc,task     ] GC(2193) Using 6 workers of 6 for evacuation
[2024-08-15T15:16:30.799+0000][10086.744s][info][gc,phases   ] GC(2193)   Pre Evacuate Collection Set: 0.2ms
[2024-08-15T15:16:30.799+0000][10086.744s][info][gc,phases   ] GC(2193)   Merge Heap Roots: 0.2ms
[2024-08-15T15:16:30.799+0000][10086.744s][info][gc,phases   ] GC(2193)   Evacuate Collection Set: 22.7ms
[2024-08-15T15:16:30.799+0000][10086.744s][info][gc,phases   ] GC(2193)   Post Evacuate Collection Set: 1.7ms
[2024-08-15T15:16:30.799+0000][10086.744s][info][gc,phases   ] GC(2193)   Other: 0.2ms
[2024-08-15T15:16:30.799+0000][10086.744s][info][gc,heap     ] GC(2193) Eden regions: 760->0(759)
[2024-08-15T15:16:30.799+0000][10086.744s][info][gc,heap     ] GC(2193) Survivor regions: 7->9(96)
[2024-08-15T15:16:30.799+0000][10086.744s][info][gc,heap     ] GC(2193) Old regions: 439->439
[2024-08-15T15:16:30.799+0000][10086.744s][info][gc,heap     ] GC(2193) Archive regions: 2->2
[2024-08-15T15:16:30.799+0000][10086.744s][info][gc,heap     ] GC(2193) Humongous regions: 6->6
[2024-08-15T15:16:30.799+0000][10086.744s][info][gc,metaspace] GC(2193) Metaspace: 441503K(448640K)->441503K(448640K) NonClass: 386664K(390912K)->386664K(390912K) Class: 54839K(57728K)->54839K(57728K)
[2024-08-15T15:16:30.799+0000][10086.744s][info][gc          ] GC(2193) Pause Young (Normal) (G1 Evacuation Pause) 9690M->3622M(12288M) 25.177ms
[2024-08-15T15:16:30.799+0000][10086.744s][info][gc,cpu      ] GC(2193) User=0.14s Sys=0.00s Real=0.03s
[2024-08-15T15:16:39.099+0000][10095.044s][info][gc,start    ] GC(2194) Pause Young (Concurrent Start) (G1 Evacuation Pause)
[2024-08-15T15:16:39.099+0000][10095.044s][info][gc,task     ] GC(2194) Using 6 workers of 6 for evacuation
[2024-08-15T15:16:39.132+0000][10095.077s][info][gc,phases   ] GC(2194)   Pre Evacuate Collection Set: 0.6ms
[2024-08-15T15:16:39.132+0000][10095.077s][info][gc,phases   ] GC(2194)   Merge Heap Roots: 0.2ms
[2024-08-15T15:16:39.132+0000][10095.077s][info][gc,phases   ] GC(2194)   Evacuate Collection Set: 30.1ms
[2024-08-15T15:16:39.132+0000][10095.077s][info][gc,phases   ] GC(2194)   Post Evacuate Collection Set: 1.7ms
[2024-08-15T15:16:39.132+0000][10095.077s][info][gc,phases   ] GC(2194)   Other: 0.3ms
[2024-08-15T15:16:39.132+0000][10095.077s][info][gc,heap     ] GC(2194) Eden regions: 759->0(756)
[2024-08-15T15:16:39.132+0000][10095.077s][info][gc,heap     ] GC(2194) Survivor regions: 9->12(96)
[2024-08-15T15:16:39.132+0000][10095.077s][info][gc,heap     ] GC(2194) Old regions: 439->439
[2024-08-15T15:16:39.132+0000][10095.077s][info][gc,heap     ] GC(2194) Archive regions: 2->2
[2024-08-15T15:16:39.132+0000][10095.077s][info][gc,heap     ] GC(2194) Humongous regions: 6->6
[2024-08-15T15:16:39.132+0000][10095.077s][info][gc,metaspace] GC(2194) Metaspace: 441506K(448640K)->441506K(448640K) NonClass: 386667K(390912K)->386667K(390912K) Class: 54839K(57728K)->54839K(57728K)
[2024-08-15T15:16:39.132+0000][10095.077s][info][gc          ] GC(2194) Pause Young (Concurrent Start) (G1 Evacuation Pause) 9694M->3647M(12288M) 33.007ms
[2024-08-15T15:16:39.133+0000][10095.077s][info][gc,cpu      ] GC(2194) User=0.19s Sys=0.00s Real=0.03s
[2024-08-15T15:16:39.133+0000][10095.077s][info][gc          ] GC(2195) Concurrent Mark Cycle
[2024-08-15T15:16:39.133+0000][10095.077s][info][gc,marking  ] GC(2195) Concurrent Clear Claimed Marks
[2024-08-15T15:16:39.133+0000][10095.078s][info][gc,marking  ] GC(2195) Concurrent Clear Claimed Marks 0.406ms
[2024-08-15T15:16:39.133+0000][10095.078s][info][gc,marking  ] GC(2195) Concurrent Scan Root Regions
[2024-08-15T15:16:39.162+0000][10095.107s][info][gc,marking  ] GC(2195) Concurrent Scan Root Regions 29.002ms
[2024-08-15T15:16:39.162+0000][10095.107s][info][gc,marking  ] GC(2195) Concurrent Mark
[2024-08-15T15:16:39.162+0000][10095.107s][info][gc,marking  ] GC(2195) Concurrent Mark From Roots
[2024-08-15T15:16:39.162+0000][10095.107s][info][gc,task     ] GC(2195) Using 2 workers of 2 for marking
[2024-08-15T15:16:41.715+0000][10097.660s][info][gc,marking  ] GC(2195) Concurrent Mark From Roots 2553.408ms
[2024-08-15T15:16:41.715+0000][10097.660s][info][gc,marking  ] GC(2195) Concurrent Preclean
[2024-08-15T15:16:41.717+0000][10097.661s][info][gc,marking  ] GC(2195) Concurrent Preclean 1.290ms
[2024-08-15T15:16:41.717+0000][10097.662s][info][gc,start    ] GC(2195) Pause Remark
[2024-08-15T15:16:41.741+0000][10097.685s][info][gc          ] GC(2195) Pause Remark 5439M->5439M(12288M) 23.711ms
[2024-08-15T15:16:41.741+0000][10097.685s][info][gc,cpu      ] GC(2195) User=0.10s Sys=0.00s Real=0.02s
[2024-08-15T15:16:41.741+0000][10097.685s][info][gc,marking  ] GC(2195) Concurrent Mark 2578.824ms
[2024-08-15T15:16:41.741+0000][10097.685s][info][gc,marking  ] GC(2195) Concurrent Rebuild Remembered Sets
[2024-08-15T15:16:43.222+0000][10099.167s][info][gc,marking  ] GC(2195) Concurrent Rebuild Remembered Sets 1481.351ms
[2024-08-15T15:16:43.222+0000][10099.167s][info][gc,start    ] GC(2195) Pause Cleanup
[2024-08-15T15:16:43.223+0000][10099.168s][info][gc          ] GC(2195) Pause Cleanup 6391M->6391M(12288M) 0.724ms
[2024-08-15T15:16:43.223+0000][10099.168s][info][gc,cpu      ] GC(2195) User=0.00s Sys=0.00s Real=0.01s
[2024-08-15T15:16:43.223+0000][10099.168s][info][gc,marking  ] GC(2195) Concurrent Cleanup for Next Mark
[2024-08-15T15:16:43.240+0000][10099.185s][info][gc,marking  ] GC(2195) Concurrent Cleanup for Next Mark 17.129ms
[2024-08-15T15:16:43.240+0000][10099.185s][info][gc          ] GC(2195) Concurrent Mark Cycle 4107.955ms
[2024-08-15T15:16:47.792+0000][10103.737s][info][gc,start    ] GC(2196) Pause Young (Prepare Mixed) (G1 Evacuation Pause)
[2024-08-15T15:16:47.792+0000][10103.737s][info][gc,task     ] GC(2196) Using 6 workers of 6 for evacuation
[2024-08-15T15:16:47.829+0000][10103.773s][info][gc,phases   ] GC(2196)   Pre Evacuate Collection Set: 0.2ms
[2024-08-15T15:16:47.829+0000][10103.773s][info][gc,phases   ] GC(2196)   Merge Heap Roots: 0.3ms
[2024-08-15T15:16:47.829+0000][10103.774s][info][gc,phases   ] GC(2196)   Evacuate Collection Set: 34.3ms
[2024-08-15T15:16:47.829+0000][10103.774s][info][gc,phases   ] GC(2196)   Post Evacuate Collection Set: 1.9ms
[2024-08-15T15:16:47.829+0000][10103.774s][info][gc,phases   ] GC(2196)   Other: 0.2ms
[2024-08-15T15:16:47.829+0000][10103.774s][info][gc,heap     ] GC(2196) Eden regions: 756->0(61)
[2024-08-15T15:16:47.829+0000][10103.774s][info][gc,heap     ] GC(2196) Survivor regions: 12->15(96)
[2024-08-15T15:16:47.829+0000][10103.774s][info][gc,heap     ] GC(2196) Old regions: 439->439
[2024-08-15T15:16:47.829+0000][10103.774s][info][gc,heap     ] GC(2196) Archive regions: 2->2
[2024-08-15T15:16:47.829+0000][10103.774s][info][gc,heap     ] GC(2196) Humongous regions: 6->6
[2024-08-15T15:16:47.829+0000][10103.774s][info][gc,metaspace] GC(2196) Metaspace: 441506K(448640K)->441506K(448640K) NonClass: 386667K(390912K)->386667K(390912K) Class: 54839K(57728K)->54839K(57728K)
[2024-08-15T15:16:47.829+0000][10103.774s][info][gc          ] GC(2196) Pause Young (Prepare Mixed) (G1 Evacuation Pause) 9695M->3671M(12288M) 36.955ms
[2024-08-15T15:16:47.829+0000][10103.774s][info][gc,cpu      ] GC(2196) User=0.21s Sys=0.00s Real=0.04s
[2024-08-15T15:16:48.479+0000][10104.424s][info][gc,start    ] GC(2197) Pause Young (Mixed) (G1 Evacuation Pause)
[2024-08-15T15:16:48.479+0000][10104.424s][info][gc,task     ] GC(2197) Using 6 workers of 6 for evacuation
[2024-08-15T15:16:48.557+0000][10104.501s][info][gc,phases   ] GC(2197)   Pre Evacuate Collection Set: 0.2ms
[2024-08-15T15:16:48.557+0000][10104.501s][info][gc,phases   ] GC(2197)   Merge Heap Roots: 0.3ms
[2024-08-15T15:16:48.557+0000][10104.501s][info][gc,phases   ] GC(2197)   Evacuate Collection Set: 75.8ms
[2024-08-15T15:16:48.557+0000][10104.501s][info][gc,phases   ] GC(2197)   Post Evacuate Collection Set: 1.2ms
[2024-08-15T15:16:48.557+0000][10104.501s][info][gc,phases   ] GC(2197)   Other: 0.2ms
[2024-08-15T15:16:48.557+0000][10104.501s][info][gc,heap     ] GC(2197) Eden regions: 61->0(769)
[2024-08-15T15:16:48.557+0000][10104.501s][info][gc,heap     ] GC(2197) Survivor regions: 15->5(10)
[2024-08-15T15:16:48.557+0000][10104.501s][info][gc,heap     ] GC(2197) Old regions: 439->432
[2024-08-15T15:16:48.557+0000][10104.501s][info][gc,heap     ] GC(2197) Archive regions: 2->2
[2024-08-15T15:16:48.557+0000][10104.501s][info][gc,heap     ] GC(2197) Humongous regions: 6->6
[2024-08-15T15:16:48.557+0000][10104.501s][info][gc,metaspace] GC(2197) Metaspace: 441506K(448640K)->441506K(448640K) NonClass: 386667K(390912K)->386667K(390912K) Class: 54839K(57728K)->54839K(57728K)
[2024-08-15T15:16:48.557+0000][10104.501s][info][gc          ] GC(2197) Pause Young (Mixed) (G1 Evacuation Pause) 4159M->3544M(12288M) 77.770ms
[2024-08-15T15:16:48.557+0000][10104.501s][info][gc,cpu      ] GC(2197) User=0.46s Sys=0.00s Real=0.08s
[2024-08-15T15:16:56.858+0000][10112.803s][info][gc,start    ] GC(2198) Pause Young (Normal) (G1 Evacuation Pause)
[2024-08-15T15:16:56.858+0000][10112.803s][info][gc,task     ] GC(2198) Using 6 workers of 6 for evacuation
[2024-08-15T15:16:56.881+0000][10112.826s][info][gc,phases   ] GC(2198)   Pre Evacuate Collection Set: 0.2ms
[2024-08-15T15:16:56.881+0000][10112.826s][info][gc,phases   ] GC(2198)   Merge Heap Roots: 0.2ms
[2024-08-15T15:16:56.881+0000][10112.826s][info][gc,phases   ] GC(2198)   Evacuate Collection Set: 20.3ms
[2024-08-15T15:16:56.881+0000][10112.826s][info][gc,phases   ] GC(2198)   Post Evacuate Collection Set: 1.7ms
[2024-08-15T15:16:56.881+0000][10112.826s][info][gc,phases   ] GC(2198)   Other: 0.2ms
[2024-08-15T15:16:56.881+0000][10112.826s][info][gc,heap     ] GC(2198) Eden regions: 769->0(766)
[2024-08-15T15:16:56.881+0000][10112.826s][info][gc,heap     ] GC(2198) Survivor regions: 5->8(97)
[2024-08-15T15:16:56.881+0000][10112.826s][info][gc,heap     ] GC(2198) Old regions: 432->432
[2024-08-15T15:16:56.881+0000][10112.826s][info][gc,heap     ] GC(2198) Archive regions: 2->2
[2024-08-15T15:16:56.881+0000][10112.826s][info][gc,heap     ] GC(2198) Humongous regions: 6->6
[2024-08-15T15:16:56.881+0000][10112.826s][info][gc,metaspace] GC(2198) Metaspace: 441508K(448640K)->441508K(448640K) NonClass: 386668K(390912K)->386668K(390912K) Class: 54839K(57728K)->54839K(57728K)
[2024-08-15T15:16:56.881+0000][10112.826s][info][gc          ] GC(2198) Pause Young (Normal) (G1 Evacuation Pause) 9696M->3567M(12288M) 22.730ms
[2024-08-15T15:16:56.881+0000][10112.826s][info][gc,cpu      ] GC(2198) User=0.12s Sys=0.01s Real=0.02s
[2024-08-15T15:17:05.112+0000][10121.057s][info][gc,start    ] GC(2199) Pause Young (Normal) (G1 Evacuation Pause)
[2024-08-15T15:17:05.112+0000][10121.057s][info][gc,task     ] GC(2199) Using 6 workers of 6 for evacuation
[2024-08-15T15:17:05.138+0000][10121.082s][info][gc,phases   ] GC(2199)   Pre Evacuate Collection Set: 0.2ms
[2024-08-15T15:17:05.138+0000][10121.082s][info][gc,phases   ] GC(2199)   Merge Heap Roots: 0.2ms
[2024-08-15T15:17:05.138+0000][10121.082s][info][gc,phases   ] GC(2199)   Evacuate Collection Set: 23.4ms
[2024-08-15T15:17:05.138+0000][10121.082s][info][gc,phases   ] GC(2199)   Post Evacuate Collection Set: 1.7ms
[2024-08-15T15:17:05.138+0000][10121.082s][info][gc,phases   ] GC(2199)   Other: 0.2ms
[2024-08-15T15:17:05.138+0000][10121.082s][info][gc,heap     ] GC(2199) Eden regions: 766->0(762)
[2024-08-15T15:17:05.138+0000][10121.082s][info][gc,heap     ] GC(2199) Survivor regions: 8->12(97)
[2024-08-15T15:17:05.138+0000][10121.082s][info][gc,heap     ] GC(2199) Old regions: 432->432
[2024-08-15T15:17:05.138+0000][10121.082s][info][gc,heap     ] GC(2199) Archive regions: 2->2
[2024-08-15T15:17:05.138+0000][10121.082s][info][gc,heap     ] GC(2199) Humongous regions: 6->6
[2024-08-15T15:17:05.138+0000][10121.082s][info][gc,metaspace] GC(2199) Metaspace: 441508K(448640K)->441508K(448640K) NonClass: 386669K(390912K)->386669K(390912K) Class: 54839K(57728K)->54839K(57728K)
[2024-08-15T15:17:05.138+0000][10121.082s][info][gc          ] GC(2199) Pause Young (Normal) (G1 Evacuation Pause) 9695M->3599M(12288M) 25.769ms
[2024-08-15T15:17:05.138+0000][10121.083s][info][gc,cpu      ] GC(2199) User=0.15s Sys=0.00s Real=0.03s
[2024-08-15T15:17:12.692+0000][10128.637s][info][gc,start    ] GC(2200) Pause Young (Concurrent Start) (G1 Evacuation Pause)
[2024-08-15T15:17:12.692+0000][10128.637s][info][gc,task     ] GC(2200) Using 6 workers of 6 for evacuation
[2024-08-15T15:17:12.723+0000][10128.667s][info][gc,phases   ] GC(2200)   Pre Evacuate Collection Set: 0.6ms
[2024-08-15T15:17:12.723+0000][10128.667s][info][gc,phases   ] GC(2200)   Merge Heap Roots: 0.2ms
[2024-08-15T15:17:12.723+0000][10128.667s][info][gc,phases   ] GC(2200)   Evacuate Collection Set: 27.4ms
[2024-08-15T15:17:12.723+0000][10128.667s][info][gc,phases   ] GC(2200)   Post Evacuate Collection Set: 1.7ms
[2024-08-15T15:17:12.723+0000][10128.667s][info][gc,phases   ] GC(2200)   Other: 0.3ms
[2024-08-15T15:17:12.723+0000][10128.667s][info][gc,heap     ] GC(2200) Eden regions: 762->0(764)
[2024-08-15T15:17:12.723+0000][10128.667s][info][gc,heap     ] GC(2200) Survivor regions: 12->11(97)
[2024-08-15T15:17:12.723+0000][10128.667s][info][gc,heap     ] GC(2200) Old regions: 432->432
[2024-08-15T15:17:12.723+0000][10128.667s][info][gc,heap     ] GC(2200) Archive regions: 2->2
[2024-08-15T15:17:12.723+0000][10128.667s][info][gc,heap     ] GC(2200) Humongous regions: 6->6
[2024-08-15T15:17:12.723+0000][10128.667s][info][gc,metaspace] GC(2200) Metaspace: 441508K(448640K)->441508K(448640K) NonClass: 386669K(390912K)->386669K(390912K) Class: 54839K(57728K)->54839K(57728K)
[2024-08-15T15:17:12.723+0000][10128.667s][info][gc          ] GC(2200) Pause Young (Concurrent Start) (G1 Evacuation Pause) 9695M->3592M(12288M) 30.233ms
[2024-08-15T15:17:12.723+0000][10128.667s][info][gc,cpu      ] GC(2200) User=0.17s Sys=0.00s Real=0.03s
[2024-08-15T15:17:12.723+0000][10128.667s][info][gc          ] GC(2201) Concurrent Mark Cycle
[2024-08-15T15:17:12.723+0000][10128.667s][info][gc,marking  ] GC(2201) Concurrent Clear Claimed Marks
[2024-08-15T15:17:12.723+0000][10128.668s][info][gc,marking  ] GC(2201) Concurrent Clear Claimed Marks 0.408ms
[2024-08-15T15:17:12.723+0000][10128.668s][info][gc,marking  ] GC(2201) Concurrent Scan Root Regions
[2024-08-15T15:17:12.748+0000][10128.692s][info][gc,marking  ] GC(2201) Concurrent Scan Root Regions 24.362ms
[2024-08-15T15:17:12.748+0000][10128.692s][info][gc,marking  ] GC(2201) Concurrent Mark
[2024-08-15T15:17:12.748+0000][10128.692s][info][gc,marking  ] GC(2201) Concurrent Mark From Roots
[2024-08-15T15:17:12.748+0000][10128.692s][info][gc,task     ] GC(2201) Using 2 workers of 2 for marking
[2024-08-15T15:17:15.232+0000][10131.177s][info][gc,marking  ] GC(2201) Concurrent Mark From Roots 2484.618ms
[2024-08-15T15:17:15.232+0000][10131.177s][info][gc,marking  ] GC(2201) Concurrent Preclean
[2024-08-15T15:17:15.234+0000][10131.178s][info][gc,marking  ] GC(2201) Concurrent Preclean 1.553ms
[2024-08-15T15:17:15.234+0000][10131.179s][info][gc,start    ] GC(2201) Pause Remark
[2024-08-15T15:17:15.259+0000][10131.204s][info][gc          ] GC(2201) Pause Remark 5392M->5392M(12288M) 25.339ms
[2024-08-15T15:17:15.259+0000][10131.204s][info][gc,cpu      ] GC(2201) User=0.11s Sys=0.00s Real=0.03s
[2024-08-15T15:17:15.260+0000][10131.204s][info][gc,marking  ] GC(2201) Concurrent Mark 2512.163ms
[2024-08-15T15:17:15.260+0000][10131.204s][info][gc,marking  ] GC(2201) Concurrent Rebuild Remembered Sets
[2024-08-15T15:17:16.798+0000][10132.742s][info][gc,marking  ] GC(2201) Concurrent Rebuild Remembered Sets 1537.815ms
[2024-08-15T15:17:16.798+0000][10132.742s][info][gc,start    ] GC(2201) Pause Cleanup
[2024-08-15T15:17:16.799+0000][10132.743s][info][gc          ] GC(2201) Pause Cleanup 6516M->6516M(12288M) 0.740ms
[2024-08-15T15:17:16.799+0000][10132.743s][info][gc,cpu      ] GC(2201) User=0.00s Sys=0.00s Real=0.00s
[2024-08-15T15:17:16.799+0000][10132.743s][info][gc,marking  ] GC(2201) Concurrent Cleanup for Next Mark
[2024-08-15T15:17:16.816+0000][10132.761s][info][gc,marking  ] GC(2201) Concurrent Cleanup for Next Mark 17.303ms
[2024-08-15T15:17:16.816+0000][10132.761s][info][gc          ] GC(2201) Concurrent Mark Cycle 4093.266ms
[2024-08-15T15:17:20.971+0000][10136.916s][info][gc,start    ] GC(2202) Pause Young (Prepare Mixed) (G1 Evacuation Pause)
[2024-08-15T15:17:20.971+0000][10136.916s][info][gc,task     ] GC(2202) Using 6 workers of 6 for evacuation
[2024-08-15T15:17:21.005+0000][10136.950s][info][gc,phases   ] GC(2202)   Pre Evacuate Collection Set: 0.2ms
[2024-08-15T15:17:21.005+0000][10136.950s][info][gc,phases   ] GC(2202)   Merge Heap Roots: 0.3ms
[2024-08-15T15:17:21.005+0000][10136.950s][info][gc,phases   ] GC(2202)   Evacuate Collection Set: 31.8ms
[2024-08-15T15:17:21.005+0000][10136.950s][info][gc,phases   ] GC(2202)   Post Evacuate Collection Set: 1.7ms
[2024-08-15T15:17:21.005+0000][10136.950s][info][gc,phases   ] GC(2202)   Other: 0.2ms
[2024-08-15T15:17:21.005+0000][10136.950s][info][gc,heap     ] GC(2202) Eden regions: 764->0(63)
[2024-08-15T15:17:21.005+0000][10136.950s][info][gc,heap     ] GC(2202) Survivor regions: 11->13(97)
[2024-08-15T15:17:21.005+0000][10136.950s][info][gc,heap     ] GC(2202) Old regions: 432->432
[2024-08-15T15:17:21.005+0000][10136.950s][info][gc,heap     ] GC(2202) Archive regions: 2->2
[2024-08-15T15:17:21.005+0000][10136.950s][info][gc,heap     ] GC(2202) Humongous regions: 6->6
[2024-08-15T15:17:21.005+0000][10136.950s][info][gc,metaspace] GC(2202) Metaspace: 441511K(448640K)->441511K(448640K) NonClass: 386671K(390912K)->386671K(390912K) Class: 54839K(57728K)->54839K(57728K)
[2024-08-15T15:17:21.005+0000][10136.950s][info][gc          ] GC(2202) Pause Young (Prepare Mixed) (G1 Evacuation Pause) 9704M->3608M(12288M) 34.214ms
[2024-08-15T15:17:21.005+0000][10136.950s][info][gc,cpu      ] GC(2202) User=0.20s Sys=0.00s Real=0.04s
[2024-08-15T15:17:21.651+0000][10137.596s][info][gc,start    ] GC(2203) Pause Young (Mixed) (G1 Evacuation Pause)
[2024-08-15T15:17:21.651+0000][10137.596s][info][gc,task     ] GC(2203) Using 6 workers of 6 for evacuation
[2024-08-15T15:17:21.741+0000][10137.685s][info][gc,phases   ] GC(2203)   Pre Evacuate Collection Set: 0.2ms
[2024-08-15T15:17:21.741+0000][10137.685s][info][gc,phases   ] GC(2203)   Merge Heap Roots: 0.5ms
[2024-08-15T15:17:21.741+0000][10137.685s][info][gc,phases   ] GC(2203)   Evacuate Collection Set: 87.3ms
[2024-08-15T15:17:21.741+0000][10137.685s][info][gc,phases   ] GC(2203)   Post Evacuate Collection Set: 1.4ms
[2024-08-15T15:17:21.741+0000][10137.685s][info][gc,phases   ] GC(2203)   Other: 0.2ms
[2024-08-15T15:17:21.741+0000][10137.685s][info][gc,heap     ] GC(2203) Eden regions: 63->0(774)
[2024-08-15T15:17:21.741+0000][10137.685s][info][gc,heap     ] GC(2203) Survivor regions: 13->5(10)
[2024-08-15T15:17:21.741+0000][10137.685s][info][gc,heap     ] GC(2203) Old regions: 432->428
[2024-08-15T15:17:21.741+0000][10137.685s][info][gc,heap     ] GC(2203) Archive regions: 2->2
[2024-08-15T15:17:21.741+0000][10137.685s][info][gc,heap     ] GC(2203) Humongous regions: 6->6
[2024-08-15T15:17:21.741+0000][10137.685s][info][gc,metaspace] GC(2203) Metaspace: 441511K(448640K)->441511K(448640K) NonClass: 386671K(390912K)->386671K(390912K) Class: 54839K(57728K)->54839K(57728K)
[2024-08-15T15:17:21.741+0000][10137.685s][info][gc          ] GC(2203) Pause Young (Mixed) (G1 Evacuation Pause) 4112M->3509M(12288M) 89.501ms
[2024-08-15T15:17:21.741+0000][10137.685s][info][gc,cpu      ] GC(2203) User=0.53s Sys=0.00s Real=0.09s
[2024-08-15T15:17:29.816+0000][10145.761s][info][gc,start    ] GC(2204) Pause Young (Normal) (G1 Evacuation Pause)
[2024-08-15T15:17:29.816+0000][10145.761s][info][gc,task     ] GC(2204) Using 6 workers of 6 for evacuation
[2024-08-15T15:17:29.835+0000][10145.779s][info][gc,phases   ] GC(2204)   Pre Evacuate Collection Set: 0.2ms
[2024-08-15T15:17:29.835+0000][10145.779s][info][gc,phases   ] GC(2204)   Merge Heap Roots: 0.2ms
[2024-08-15T15:17:29.835+0000][10145.779s][info][gc,phases   ] GC(2204)   Evacuate Collection Set: 16.5ms
[2024-08-15T15:17:29.835+0000][10145.779s][info][gc,phases   ] GC(2204)   Post Evacuate Collection Set: 1.7ms
[2024-08-15T15:17:29.835+0000][10145.779s][info][gc,phases   ] GC(2204)   Other: 0.2ms
[2024-08-15T15:17:29.835+0000][10145.779s][info][gc,heap     ] GC(2204) Eden regions: 774->0(771)
[2024-08-15T15:17:29.835+0000][10145.780s][info][gc,heap     ] GC(2204) Survivor regions: 5->8(98)
[2024-08-15T15:17:29.835+0000][10145.780s][info][gc,heap     ] GC(2204) Old regions: 428->428
[2024-08-15T15:17:29.835+0000][10145.780s][info][gc,heap     ] GC(2204) Archive regions: 2->2
[2024-08-15T15:17:29.835+0000][10145.780s][info][gc,heap     ] GC(2204) Humongous regions: 6->6
[2024-08-15T15:17:29.835+0000][10145.780s][info][gc,metaspace] GC(2204) Metaspace: 441511K(448640K)->441511K(448640K) NonClass: 386671K(390912K)->386671K(390912K) Class: 54839K(57728K)->54839K(57728K)
[2024-08-15T15:17:29.835+0000][10145.780s][info][gc          ] GC(2204) Pause Young (Normal) (G1 Evacuation Pause) 9701M->3532M(12288M) 18.933ms
[2024-08-15T15:17:29.835+0000][10145.780s][info][gc,cpu      ] GC(2204) User=0.10s Sys=0.00s Real=0.01s
[2024-08-15T15:17:37.771+0000][10153.716s][info][gc,start    ] GC(2205) Pause Young (Normal) (G1 Evacuation Pause)
[2024-08-15T15:17:37.771+0000][10153.716s][info][gc,task     ] GC(2205) Using 6 workers of 6 for evacuation
[2024-08-15T15:17:37.799+0000][10153.743s][info][gc,phases   ] GC(2205)   Pre Evacuate Collection Set: 0.2ms
[2024-08-15T15:17:37.799+0000][10153.743s][info][gc,phases   ] GC(2205)   Merge Heap Roots: 0.2ms
[2024-08-15T15:17:37.799+0000][10153.743s][info][gc,phases   ] GC(2205)   Evacuate Collection Set: 25.4ms
[2024-08-15T15:17:37.799+0000][10153.743s][info][gc,phases   ] GC(2205)   Post Evacuate Collection Set: 1.8ms
[2024-08-15T15:17:37.799+0000][10153.743s][info][gc,phases   ] GC(2205)   Other: 0.2ms
[2024-08-15T15:17:37.799+0000][10153.743s][info][gc,heap     ] GC(2205) Eden regions: 771->0(768)
[2024-08-15T15:17:37.799+0000][10153.743s][info][gc,heap     ] GC(2205) Survivor regions: 8->11(98)
[2024-08-15T15:17:37.799+0000][10153.743s][info][gc,heap     ] GC(2205) Old regions: 428->428
[2024-08-15T15:17:37.799+0000][10153.743s][info][gc,heap     ] GC(2205) Archive regions: 2->2
[2024-08-15T15:17:37.799+0000][10153.743s][info][gc,heap     ] GC(2205) Humongous regions: 6->6
[2024-08-15T15:17:37.799+0000][10153.743s][info][gc,metaspace] GC(2205) Metaspace: 441513K(448640K)->441513K(448640K) NonClass: 386673K(390912K)->386673K(390912K) Class: 54839K(57728K)->54839K(57728K)
[2024-08-15T15:17:37.799+0000][10153.744s][info][gc          ] GC(2205) Pause Young (Normal) (G1 Evacuation Pause) 9700M->3557M(12288M) 27.939ms
[2024-08-15T15:17:37.799+0000][10153.744s][info][gc,cpu      ] GC(2205) User=0.16s Sys=0.00s Real=0.03s
[2024-08-15T15:17:45.730+0000][10161.675s][info][gc,start    ] GC(2206) Pause Young (Concurrent Start) (G1 Evacuation Pause)
[2024-08-15T15:17:45.730+0000][10161.675s][info][gc,task     ] GC(2206) Using 6 workers of 6 for evacuation
[2024-08-15T15:17:45.760+0000][10161.705s][info][gc,phases   ] GC(2206)   Pre Evacuate Collection Set: 0.6ms
[2024-08-15T15:17:45.760+0000][10161.705s][info][gc,phases   ] GC(2206)   Merge Heap Roots: 0.2ms
[2024-08-15T15:17:45.760+0000][10161.705s][info][gc,phases   ] GC(2206)   Evacuate Collection Set: 27.0ms
[2024-08-15T15:17:45.760+0000][10161.705s][info][gc,phases   ] GC(2206)   Post Evacuate Collection Set: 1.9ms
[2024-08-15T15:17:45.760+0000][10161.705s][info][gc,phases   ] GC(2206)   Other: 0.3ms
[2024-08-15T15:17:45.760+0000][10161.705s][info][gc,heap     ] GC(2206) Eden regions: 768->0(764)
[2024-08-15T15:17:45.760+0000][10161.705s][info][gc,heap     ] GC(2206) Survivor regions: 11->14(98)
[2024-08-15T15:17:45.760+0000][10161.705s][info][gc,heap     ] GC(2206) Old regions: 428->428
[2024-08-15T15:17:45.760+0000][10161.705s][info][gc,heap     ] GC(2206) Archive regions: 2->2
[2024-08-15T15:17:45.760+0000][10161.705s][info][gc,heap     ] GC(2206) Humongous regions: 6->6
[2024-08-15T15:17:45.760+0000][10161.705s][info][gc,metaspace] GC(2206) Metaspace: 441513K(448640K)->441513K(448640K) NonClass: 386673K(390912K)->386673K(390912K) Class: 54839K(57728K)->54839K(57728K)
[2024-08-15T15:17:45.760+0000][10161.705s][info][gc          ] GC(2206) Pause Young (Concurrent Start) (G1 Evacuation Pause) 9701M->3582M(12288M) 30.045ms
[2024-08-15T15:17:45.760+0000][10161.705s][info][gc,cpu      ] GC(2206) User=0.18s Sys=0.00s Real=0.03s
[2024-08-15T15:17:45.760+0000][10161.705s][info][gc          ] GC(2207) Concurrent Mark Cycle
[2024-08-15T15:17:45.760+0000][10161.705s][info][gc,marking  ] GC(2207) Concurrent Clear Claimed Marks
[2024-08-15T15:17:45.761+0000][10161.705s][info][gc,marking  ] GC(2207) Concurrent Clear Claimed Marks 0.446ms
[2024-08-15T15:17:45.761+0000][10161.705s][info][gc,marking  ] GC(2207) Concurrent Scan Root Regions
[2024-08-15T15:17:45.786+0000][10161.731s][info][gc,marking  ] GC(2207) Concurrent Scan Root Regions 25.772ms
[2024-08-15T15:17:45.786+0000][10161.731s][info][gc,marking  ] GC(2207) Concurrent Mark
[2024-08-15T15:17:45.786+0000][10161.731s][info][gc,marking  ] GC(2207) Concurrent Mark From Roots
[2024-08-15T15:17:45.786+0000][10161.731s][info][gc,task     ] GC(2207) Using 2 workers of 2 for marking
[2024-08-15T15:17:48.344+0000][10164.288s][info][gc,marking  ] GC(2207) Concurrent Mark From Roots 2557.431ms
[2024-08-15T15:17:48.344+0000][10164.289s][info][gc,marking  ] GC(2207) Concurrent Preclean
[2024-08-15T15:17:48.346+0000][10164.290s][info][gc,marking  ] GC(2207) Concurrent Preclean 1.824ms
[2024-08-15T15:17:48.346+0000][10164.291s][info][gc,start    ] GC(2207) Pause Remark
[2024-08-15T15:17:48.370+0000][10164.314s][info][gc          ] GC(2207) Pause Remark 5526M->5526M(12288M) 23.843ms
[2024-08-15T15:17:48.370+0000][10164.314s][info][gc,cpu      ] GC(2207) User=0.10s Sys=0.00s Real=0.02s
[2024-08-15T15:17:48.370+0000][10164.315s][info][gc,marking  ] GC(2207) Concurrent Mark 2583.563ms
[2024-08-15T15:17:48.370+0000][10164.315s][info][gc,marking  ] GC(2207) Concurrent Rebuild Remembered Sets
[2024-08-15T15:17:49.900+0000][10165.845s][info][gc,marking  ] GC(2207) Concurrent Rebuild Remembered Sets 1530.089ms
[2024-08-15T15:17:49.900+0000][10165.845s][info][gc,start    ] GC(2207) Pause Cleanup
[2024-08-15T15:17:49.901+0000][10165.846s][info][gc          ] GC(2207) Pause Cleanup 6634M->6634M(12288M) 0.680ms
[2024-08-15T15:17:49.901+0000][10165.846s][info][gc,cpu      ] GC(2207) User=0.00s Sys=0.00s Real=0.00s
[2024-08-15T15:17:49.901+0000][10165.846s][info][gc,marking  ] GC(2207) Concurrent Cleanup for Next Mark
[2024-08-15T15:17:49.918+0000][10165.863s][info][gc,marking  ] GC(2207) Concurrent Cleanup for Next Mark 17.450ms
[2024-08-15T15:17:49.919+0000][10165.863s][info][gc          ] GC(2207) Concurrent Mark Cycle 4158.441ms
[2024-08-15T15:17:53.950+0000][10169.894s][info][gc,start    ] GC(2208) Pause Young (Prepare Mixed) (G1 Evacuation Pause)
[2024-08-15T15:17:53.950+0000][10169.894s][info][gc,task     ] GC(2208) Using 6 workers of 6 for evacuation
[2024-08-15T15:17:53.987+0000][10169.931s][info][gc,phases   ] GC(2208)   Pre Evacuate Collection Set: 0.2ms
[2024-08-15T15:17:53.987+0000][10169.931s][info][gc,phases   ] GC(2208)   Merge Heap Roots: 0.3ms
[2024-08-15T15:17:53.987+0000][10169.931s][info][gc,phases   ] GC(2208)   Evacuate Collection Set: 34.5ms
[2024-08-15T15:17:53.987+0000][10169.931s][info][gc,phases   ] GC(2208)   Post Evacuate Collection Set: 1.8ms
[2024-08-15T15:17:53.987+0000][10169.931s][info][gc,phases   ] GC(2208)   Other: 0.2ms
[2024-08-15T15:17:53.987+0000][10169.931s][info][gc,heap     ] GC(2208) Eden regions: 764->0(62)
[2024-08-15T15:17:53.987+0000][10169.931s][info][gc,heap     ] GC(2208) Survivor regions: 14->14(98)
[2024-08-15T15:17:53.987+0000][10169.931s][info][gc,heap     ] GC(2208) Old regions: 428->428
[2024-08-15T15:17:53.987+0000][10169.931s][info][gc,heap     ] GC(2208) Archive regions: 2->2
[2024-08-15T15:17:53.987+0000][10169.931s][info][gc,heap     ] GC(2208) Humongous regions: 6->6
[2024-08-15T15:17:53.987+0000][10169.931s][info][gc,metaspace] GC(2208) Metaspace: 441513K(448640K)->441513K(448640K) NonClass: 386673K(390912K)->386673K(390912K) Class: 54839K(57728K)->54839K(57728K)
[2024-08-15T15:17:53.987+0000][10169.931s][info][gc          ] GC(2208) Pause Young (Prepare Mixed) (G1 Evacuation Pause) 9694M->3581M(12288M) 37.065ms
[2024-08-15T15:17:53.987+0000][10169.931s][info][gc,cpu      ] GC(2208) User=0.22s Sys=0.00s Real=0.04s
[2024-08-15T15:17:54.629+0000][10170.574s][info][gc,start    ] GC(2209) Pause Young (Mixed) (G1 Evacuation Pause)
[2024-08-15T15:17:54.629+0000][10170.574s][info][gc,task     ] GC(2209) Using 6 workers of 6 for evacuation
[2024-08-15T15:17:54.710+0000][10170.655s][info][gc,phases   ] GC(2209)   Pre Evacuate Collection Set: 0.2ms
[2024-08-15T15:17:54.711+0000][10170.655s][info][gc,phases   ] GC(2209)   Merge Heap Roots: 0.4ms
[2024-08-15T15:17:54.711+0000][10170.655s][info][gc,phases   ] GC(2209)   Evacuate Collection Set: 79.2ms
[2024-08-15T15:17:54.711+0000][10170.655s][info][gc,phases   ] GC(2209)   Post Evacuate Collection Set: 1.3ms
[2024-08-15T15:17:54.711+0000][10170.655s][info][gc,phases   ] GC(2209)   Other: 0.2ms
[2024-08-15T15:17:54.711+0000][10170.655s][info][gc,heap     ] GC(2209) Eden regions: 62->0(774)
[2024-08-15T15:17:54.711+0000][10170.655s][info][gc,heap     ] GC(2209) Survivor regions: 14->6(10)
[2024-08-15T15:17:54.711+0000][10170.655s][info][gc,heap     ] GC(2209) Old regions: 428->427
[2024-08-15T15:17:54.711+0000][10170.655s][info][gc,heap     ] GC(2209) Archive regions: 2->2
[2024-08-15T15:17:54.711+0000][10170.655s][info][gc,heap     ] GC(2209) Humongous regions: 6->6
[2024-08-15T15:17:54.711+0000][10170.655s][info][gc,metaspace] GC(2209) Metaspace: 441513K(448640K)->441513K(448640K) NonClass: 386673K(390912K)->386673K(390912K) Class: 54839K(57728K)->54839K(57728K)
[2024-08-15T15:17:54.711+0000][10170.655s][info][gc          ] GC(2209) Pause Young (Mixed) (G1 Evacuation Pause) 4077M->3508M(12288M) 81.404ms
[2024-08-15T15:17:54.711+0000][10170.655s][info][gc,cpu      ] GC(2209) User=0.48s Sys=0.00s Real=0.08s
[2024-08-15T15:18:02.505+0000][10178.449s][info][gc,start    ] GC(2210) Pause Young (Normal) (G1 Evacuation Pause)
[2024-08-15T15:18:02.505+0000][10178.449s][info][gc,task     ] GC(2210) Using 6 workers of 6 for evacuation
[2024-08-15T15:18:02.524+0000][10178.469s][info][gc,phases   ] GC(2210)   Pre Evacuate Collection Set: 0.2ms
[2024-08-15T15:18:02.524+0000][10178.469s][info][gc,phases   ] GC(2210)   Merge Heap Roots: 0.2ms
[2024-08-15T15:18:02.524+0000][10178.469s][info][gc,phases   ] GC(2210)   Evacuate Collection Set: 17.4ms
[2024-08-15T15:18:02.524+0000][10178.469s][info][gc,phases   ] GC(2210)   Post Evacuate Collection Set: 1.7ms
[2024-08-15T15:18:02.524+0000][10178.469s][info][gc,phases   ] GC(2210)   Other: 0.2ms
[2024-08-15T15:18:02.524+0000][10178.469s][info][gc,heap     ] GC(2210) Eden regions: 774->0(773)
[2024-08-15T15:18:02.524+0000][10178.469s][info][gc,heap     ] GC(2210) Survivor regions: 6->7(98)
[2024-08-15T15:18:02.524+0000][10178.469s][info][gc,heap     ] GC(2210) Old regions: 427->427
[2024-08-15T15:18:02.524+0000][10178.469s][info][gc,heap     ] GC(2210) Archive regions: 2->2
[2024-08-15T15:18:02.525+0000][10178.469s][info][gc,heap     ] GC(2210) Humongous regions: 6->6
[2024-08-15T15:18:02.525+0000][10178.469s][info][gc,metaspace] GC(2210) Metaspace: 441513K(448640K)->441513K(448640K) NonClass: 386673K(390912K)->386673K(390912K) Class: 54839K(57728K)->54839K(57728K)
[2024-08-15T15:18:02.525+0000][10178.469s][info][gc          ] GC(2210) Pause Young (Normal) (G1 Evacuation Pause) 9700M->3519M(12288M) 19.788ms
[2024-08-15T15:18:02.525+0000][10178.469s][info][gc,cpu      ] GC(2210) User=0.12s Sys=0.00s Real=0.02s
[2024-08-15T15:18:10.707+0000][10186.651s][info][gc,start    ] GC(2211) Pause Young (Normal) (G1 Evacuation Pause)
[2024-08-15T15:18:10.707+0000][10186.651s][info][gc,task     ] GC(2211) Using 6 workers of 6 for evacuation
[2024-08-15T15:18:10.731+0000][10186.675s][info][gc,phases   ] GC(2211)   Pre Evacuate Collection Set: 0.2ms
[2024-08-15T15:18:10.731+0000][10186.675s][info][gc,phases   ] GC(2211)   Merge Heap Roots: 0.3ms
[2024-08-15T15:18:10.731+0000][10186.675s][info][gc,phases   ] GC(2211)   Evacuate Collection Set: 21.7ms
[2024-08-15T15:18:10.731+0000][10186.675s][info][gc,phases   ] GC(2211)   Post Evacuate Collection Set: 1.8ms
[2024-08-15T15:18:10.731+0000][10186.675s][info][gc,phases   ] GC(2211)   Other: 0.2ms
[2024-08-15T15:18:10.731+0000][10186.675s][info][gc,heap     ] GC(2211) Eden regions: 773->0(770)
[2024-08-15T15:18:10.731+0000][10186.675s][info][gc,heap     ] GC(2211) Survivor regions: 7->10(98)
[2024-08-15T15:18:10.731+0000][10186.675s][info][gc,heap     ] GC(2211) Old regions: 427->427
[2024-08-15T15:18:10.731+0000][10186.675s][info][gc,heap     ] GC(2211) Archive regions: 2->2
[2024-08-15T15:18:10.731+0000][10186.675s][info][gc,heap     ] GC(2211) Humongous regions: 6->6
[2024-08-15T15:18:10.731+0000][10186.675s][info][gc,metaspace] GC(2211) Metaspace: 441516K(448640K)->441516K(448640K) NonClass: 386676K(390912K)->386676K(390912K) Class: 54839K(57728K)->54839K(57728K)
[2024-08-15T15:18:10.731+0000][10186.675s][info][gc          ] GC(2211) Pause Young (Normal) (G1 Evacuation Pause) 9703M->3544M(12288M) 24.236ms
[2024-08-15T15:18:10.731+0000][10186.675s][info][gc,cpu      ] GC(2211) User=0.14s Sys=0.00s Real=0.02s
[2024-08-15T15:18:14.492+0000][10190.437s][info][gc,start    ] GC(2212) Pause Young (Concurrent Start) (G1 Evacuation Pause)
[2024-08-15T15:18:14.492+0000][10190.437s][info][gc,task     ] GC(2212) Using 6 workers of 6 for evacuation
[2024-08-15T15:18:14.580+0000][10190.524s][info][gc,phases   ] GC(2212)   Pre Evacuate Collection Set: 0.6ms
[2024-08-15T15:18:14.580+0000][10190.524s][info][gc,phases   ] GC(2212)   Merge Heap Roots: 0.2ms
[2024-08-15T15:18:14.580+0000][10190.524s][info][gc,phases   ] GC(2212)   Evacuate Collection Set: 69.2ms
[2024-08-15T15:18:14.580+0000][10190.524s][info][gc,phases   ] GC(2212)   Post Evacuate Collection Set: 17.1ms
[2024-08-15T15:18:14.580+0000][10190.524s][info][gc,phases   ] GC(2212)   Other: 0.3ms
[2024-08-15T15:18:14.580+0000][10190.524s][info][gc,heap     ] GC(2212) Eden regions: 770->0(757)
[2024-08-15T15:18:14.580+0000][10190.524s][info][gc,heap     ] GC(2212) Survivor regions: 10->18(98)
[2024-08-15T15:18:14.580+0000][10190.524s][info][gc,heap     ] GC(2212) Old regions: 427->427
[2024-08-15T15:18:14.580+0000][10190.524s][info][gc,heap     ] GC(2212) Archive regions: 2->2
[2024-08-15T15:18:14.580+0000][10190.524s][info][gc,heap     ] GC(2212) Humongous regions: 6->6
[2024-08-15T15:18:14.580+0000][10190.524s][info][gc,metaspace] GC(2212) Metaspace: 441516K(448640K)->441516K(448640K) NonClass: 386676K(390912K)->386676K(390912K) Class: 54839K(57728K)->54839K(57728K)
[2024-08-15T15:18:14.580+0000][10190.524s][info][gc          ] GC(2212) Pause Young (Concurrent Start) (G1 Evacuation Pause) 9704M->3608M(12288M) 87.430ms
[2024-08-15T15:18:14.580+0000][10190.525s][info][gc,cpu      ] GC(2212) User=0.50s Sys=0.00s Real=0.09s
[2024-08-15T15:18:14.580+0000][10190.525s][info][gc          ] GC(2213) Concurrent Mark Cycle
[2024-08-15T15:18:14.580+0000][10190.525s][info][gc,marking  ] GC(2213) Concurrent Clear Claimed Marks
[2024-08-15T15:18:14.580+0000][10190.525s][info][gc,marking  ] GC(2213) Concurrent Clear Claimed Marks 0.402ms
[2024-08-15T15:18:14.580+0000][10190.525s][info][gc,marking  ] GC(2213) Concurrent Scan Root Regions
[2024-08-15T15:18:14.643+0000][10190.588s][info][gc,marking  ] GC(2213) Concurrent Scan Root Regions 62.742ms
[2024-08-15T15:18:14.643+0000][10190.588s][info][gc,marking  ] GC(2213) Concurrent Mark
[2024-08-15T15:18:14.643+0000][10190.588s][info][gc,marking  ] GC(2213) Concurrent Mark From Roots
[2024-08-15T15:18:14.643+0000][10190.588s][info][gc,task     ] GC(2213) Using 2 workers of 2 for marking
[2024-08-15T15:18:17.223+0000][10193.167s][info][gc,marking  ] GC(2213) Concurrent Mark From Roots 2579.366ms
[2024-08-15T15:18:17.223+0000][10193.167s][info][gc,marking  ] GC(2213) Concurrent Preclean
[2024-08-15T15:18:17.225+0000][10193.169s][info][gc,marking  ] GC(2213) Concurrent Preclean 2.010ms
[2024-08-15T15:18:17.225+0000][10193.169s][info][gc,start    ] GC(2213) Pause Remark
[2024-08-15T15:18:17.248+0000][10193.193s][info][gc          ] GC(2213) Pause Remark 8620M->8620M(12288M) 23.427ms
[2024-08-15T15:18:17.248+0000][10193.193s][info][gc,cpu      ] GC(2213) User=0.10s Sys=0.01s Real=0.02s
[2024-08-15T15:18:17.248+0000][10193.193s][info][gc,marking  ] GC(2213) Concurrent Mark 2605.244ms
[2024-08-15T15:18:17.248+0000][10193.193s][info][gc,marking  ] GC(2213) Concurrent Rebuild Remembered Sets
[2024-08-15T15:18:17.738+0000][10193.682s][info][gc,start    ] GC(2214) Pause Young (Normal) (G1 Evacuation Pause)
[2024-08-15T15:18:17.738+0000][10193.682s][info][gc,task     ] GC(2214) Using 6 workers of 6 for evacuation
[2024-08-15T15:18:17.832+0000][10193.776s][info][gc,phases   ] GC(2214)   Pre Evacuate Collection Set: 0.2ms
[2024-08-15T15:18:17.832+0000][10193.776s][info][gc,phases   ] GC(2214)   Merge Heap Roots: 0.3ms
[2024-08-15T15:18:17.832+0000][10193.776s][info][gc,phases   ] GC(2214)   Evacuate Collection Set: 75.8ms
[2024-08-15T15:18:17.832+0000][10193.776s][info][gc,phases   ] GC(2214)   Post Evacuate Collection Set: 17.6ms
[2024-08-15T15:18:17.832+0000][10193.776s][info][gc,phases   ] GC(2214)   Other: 0.2ms
[2024-08-15T15:18:17.832+0000][10193.776s][info][gc,heap     ] GC(2214) Eden regions: 757->0(747)
[2024-08-15T15:18:17.832+0000][10193.776s][info][gc,heap     ] GC(2214) Survivor regions: 18->23(97)
[2024-08-15T15:18:17.832+0000][10193.776s][info][gc,heap     ] GC(2214) Old regions: 427->427
[2024-08-15T15:18:17.832+0000][10193.776s][info][gc,heap     ] GC(2214) Archive regions: 2->2
[2024-08-15T15:18:17.832+0000][10193.776s][info][gc,heap     ] GC(2214) Humongous regions: 6->6
[2024-08-15T15:18:17.832+0000][10193.776s][info][gc,metaspace] GC(2214) Metaspace: 441516K(448640K)->441516K(448640K) NonClass: 386676K(390912K)->386676K(390912K) Class: 54839K(57728K)->54839K(57728K)
[2024-08-15T15:18:17.832+0000][10193.777s][info][gc          ] GC(2214) Pause Young (Normal) (G1 Evacuation Pause) 9664M->3648M(12288M) 94.110ms
[2024-08-15T15:18:17.832+0000][10193.777s][info][gc,cpu      ] GC(2214) User=0.54s Sys=0.00s Real=0.09s
[2024-08-15T15:18:18.949+0000][10194.894s][info][gc,marking  ] GC(2213) Concurrent Rebuild Remembered Sets 1700.850ms
[2024-08-15T15:18:18.949+0000][10194.894s][info][gc,start    ] GC(2213) Pause Cleanup
[2024-08-15T15:18:18.950+0000][10194.895s][info][gc          ] GC(2213) Pause Cleanup 5968M->5968M(12288M) 0.657ms
[2024-08-15T15:18:18.950+0000][10194.895s][info][gc,cpu      ] GC(2213) User=0.00s Sys=0.00s Real=0.00s
[2024-08-15T15:18:18.950+0000][10194.895s][info][gc,marking  ] GC(2213) Concurrent Cleanup for Next Mark
[2024-08-15T15:18:18.968+0000][10194.913s][info][gc,marking  ] GC(2213) Concurrent Cleanup for Next Mark 17.973ms
[2024-08-15T15:18:18.968+0000][10194.913s][info][gc          ] GC(2213) Concurrent Mark Cycle 4388.299ms
[2024-08-15T15:18:20.347+0000][10196.292s][info][gc,start    ] GC(2215) Pause Young (Prepare Mixed) (G1 Evacuation Pause)
[2024-08-15T15:18:20.347+0000][10196.292s][info][gc,task     ] GC(2215) Using 6 workers of 6 for evacuation
[2024-08-15T15:18:20.469+0000][10196.414s][info][gc,phases   ] GC(2215)   Pre Evacuate Collection Set: 0.2ms
[2024-08-15T15:18:20.469+0000][10196.414s][info][gc,phases   ] GC(2215)   Merge Heap Roots: 0.5ms
[2024-08-15T15:18:20.469+0000][10196.414s][info][gc,phases   ] GC(2215)   Evacuate Collection Set: 101.4ms
[2024-08-15T15:18:20.470+0000][10196.414s][info][gc,phases   ] GC(2215)   Post Evacuate Collection Set: 19.9ms
[2024-08-15T15:18:20.470+0000][10196.414s][info][gc,phases   ] GC(2215)   Other: 0.2ms
[2024-08-15T15:18:20.470+0000][10196.414s][info][gc,heap     ] GC(2215) Eden regions: 747->0(48)
[2024-08-15T15:18:20.470+0000][10196.414s][info][gc,heap     ] GC(2215) Survivor regions: 23->28(97)
[2024-08-15T15:18:20.470+0000][10196.414s][info][gc,heap     ] GC(2215) Old regions: 427->427
[2024-08-15T15:18:20.470+0000][10196.414s][info][gc,heap     ] GC(2215) Archive regions: 2->2
[2024-08-15T15:18:20.470+0000][10196.414s][info][gc,heap     ] GC(2215) Humongous regions: 6->6
[2024-08-15T15:18:20.470+0000][10196.414s][info][gc,metaspace] GC(2215) Metaspace: 441516K(448640K)->441516K(448640K) NonClass: 386676K(390912K)->386676K(390912K) Class: 54839K(57728K)->54839K(57728K)
[2024-08-15T15:18:20.470+0000][10196.414s][info][gc          ] GC(2215) Pause Young (Prepare Mixed) (G1 Evacuation Pause) 9624M->3689M(12288M) 122.281ms
[2024-08-15T15:18:20.470+0000][10196.414s][info][gc,cpu      ] GC(2215) User=0.71s Sys=0.00s Real=0.12s
[2024-08-15T15:18:20.650+0000][10196.594s][info][gc,start    ] GC(2216) Pause Young (Mixed) (G1 Evacuation Pause)
[2024-08-15T15:18:20.650+0000][10196.594s][info][gc,task     ] GC(2216) Using 6 workers of 6 for evacuation
[2024-08-15T15:18:20.784+0000][10196.729s][info][gc,phases   ] GC(2216)   Pre Evacuate Collection Set: 0.2ms
[2024-08-15T15:18:20.784+0000][10196.729s][info][gc,phases   ] GC(2216)   Merge Heap Roots: 0.5ms
[2024-08-15T15:18:20.784+0000][10196.729s][info][gc,phases   ] GC(2216)   Evacuate Collection Set: 131.5ms
[2024-08-15T15:18:20.784+0000][10196.729s][info][gc,phases   ] GC(2216)   Post Evacuate Collection Set: 2.5ms
[2024-08-15T15:18:20.784+0000][10196.729s][info][gc,phases   ] GC(2216)   Other: 0.2ms
[2024-08-15T15:18:20.784+0000][10196.729s][info][gc,heap     ] GC(2216) Eden regions: 48->0(754)
[2024-08-15T15:18:20.784+0000][10196.729s][info][gc,heap     ] GC(2216) Survivor regions: 28->3(10)
[2024-08-15T15:18:20.785+0000][10196.729s][info][gc,heap     ] GC(2216) Old regions: 427->444
[2024-08-15T15:18:20.785+0000][10196.729s][info][gc,heap     ] GC(2216) Archive regions: 2->2
[2024-08-15T15:18:20.785+0000][10196.729s][info][gc,heap     ] GC(2216) Humongous regions: 6->6
[2024-08-15T15:18:20.785+0000][10196.729s][info][gc,metaspace] GC(2216) Metaspace: 441516K(448640K)->441516K(448640K) NonClass: 386676K(390912K)->386676K(390912K) Class: 54839K(57728K)->54839K(57728K)
[2024-08-15T15:18:20.785+0000][10196.729s][info][gc          ] GC(2216) Pause Young (Mixed) (G1 Evacuation Pause) 4073M->3624M(12288M) 134.938ms
[2024-08-15T15:18:20.785+0000][10196.729s][info][gc,cpu      ] GC(2216) User=0.80s Sys=0.00s Real=0.14s
[2024-08-15T15:18:23.278+0000][10199.223s][info][gc,start    ] GC(2217) Pause Young (Normal) (G1 Evacuation Pause)
[2024-08-15T15:18:23.279+0000][10199.223s][info][gc,task     ] GC(2217) Using 6 workers of 6 for evacuation
[2024-08-15T15:18:23.344+0000][10199.289s][info][gc,phases   ] GC(2217)   Pre Evacuate Collection Set: 0.2ms
[2024-08-15T15:18:23.344+0000][10199.289s][info][gc,phases   ] GC(2217)   Merge Heap Roots: 0.3ms
[2024-08-15T15:18:23.344+0000][10199.289s][info][gc,phases   ] GC(2217)   Evacuate Collection Set: 48.5ms
[2024-08-15T15:18:23.344+0000][10199.289s][info][gc,phases   ] GC(2217)   Post Evacuate Collection Set: 16.5ms
[2024-08-15T15:18:23.344+0000][10199.289s][info][gc,phases   ] GC(2217)   Other: 0.2ms
[2024-08-15T15:18:23.344+0000][10199.289s][info][gc,heap     ] GC(2217) Eden regions: 754->0(751)
[2024-08-15T15:18:23.344+0000][10199.289s][info][gc,heap     ] GC(2217) Survivor regions: 3->7(95)
[2024-08-15T15:18:23.344+0000][10199.289s][info][gc,heap     ] GC(2217) Old regions: 444->444
[2024-08-15T15:18:23.344+0000][10199.289s][info][gc,heap     ] GC(2217) Archive regions: 2->2
[2024-08-15T15:18:23.344+0000][10199.289s][info][gc,heap     ] GC(2217) Humongous regions: 6->6
[2024-08-15T15:18:23.344+0000][10199.289s][info][gc,metaspace] GC(2217) Metaspace: 441516K(448640K)->441516K(448640K) NonClass: 386676K(390912K)->386676K(390912K) Class: 54839K(57728K)->54839K(57728K)
[2024-08-15T15:18:23.344+0000][10199.289s][info][gc          ] GC(2217) Pause Young (Normal) (G1 Evacuation Pause) 9656M->3650M(12288M) 65.768ms
[2024-08-15T15:18:23.344+0000][10199.289s][info][gc,cpu      ] GC(2217) User=0.38s Sys=0.00s Real=0.07s
[2024-08-15T15:18:25.687+0000][10201.631s][info][gc,start    ] GC(2218) Pause Young (Normal) (G1 Evacuation Pause)
[2024-08-15T15:18:25.687+0000][10201.631s][info][gc,task     ] GC(2218) Using 6 workers of 6 for evacuation
[2024-08-15T15:18:25.763+0000][10201.707s][info][gc,phases   ] GC(2218)   Pre Evacuate Collection Set: 0.2ms
[2024-08-15T15:18:25.763+0000][10201.707s][info][gc,phases   ] GC(2218)   Merge Heap Roots: 0.4ms
[2024-08-15T15:18:25.763+0000][10201.707s][info][gc,phases   ] GC(2218)   Evacuate Collection Set: 58.6ms
[2024-08-15T15:18:25.763+0000][10201.707s][info][gc,phases   ] GC(2218)   Post Evacuate Collection Set: 16.9ms
[2024-08-15T15:18:25.763+0000][10201.707s][info][gc,phases   ] GC(2218)   Other: 0.2ms
[2024-08-15T15:18:25.763+0000][10201.708s][info][gc,heap     ] GC(2218) Eden regions: 751->0(749)
[2024-08-15T15:18:25.763+0000][10201.708s][info][gc,heap     ] GC(2218) Survivor regions: 7->10(95)
[2024-08-15T15:18:25.763+0000][10201.708s][info][gc,heap     ] GC(2218) Old regions: 444->444
[2024-08-15T15:18:25.763+0000][10201.708s][info][gc,heap     ] GC(2218) Archive regions: 2->2
[2024-08-15T15:18:25.763+0000][10201.708s][info][gc,heap     ] GC(2218) Humongous regions: 6->6
[2024-08-15T15:18:25.763+0000][10201.708s][info][gc,metaspace] GC(2218) Metaspace: 441516K(448640K)->441516K(448640K) NonClass: 386676K(390912K)->386676K(390912K) Class: 54839K(57728K)->54839K(57728K)
[2024-08-15T15:18:25.763+0000][10201.708s][info][gc          ] GC(2218) Pause Young (Normal) (G1 Evacuation Pause) 9658M->3676M(12288M) 76.354ms
[2024-08-15T15:18:25.763+0000][10201.708s][info][gc,cpu      ] GC(2218) User=0.44s Sys=0.00s Real=0.07s
[2024-08-15T15:18:27.994+0000][10203.938s][info][gc,start    ] GC(2219) Pause Young (Concurrent Start) (G1 Evacuation Pause)
[2024-08-15T15:18:27.994+0000][10203.939s][info][gc,task     ] GC(2219) Using 6 workers of 6 for evacuation
[2024-08-15T15:18:28.085+0000][10204.030s][info][gc,phases   ] GC(2219)   Pre Evacuate Collection Set: 0.5ms
[2024-08-15T15:18:28.085+0000][10204.030s][info][gc,phases   ] GC(2219)   Merge Heap Roots: 0.4ms
[2024-08-15T15:18:28.085+0000][10204.030s][info][gc,phases   ] GC(2219)   Evacuate Collection Set: 73.9ms
[2024-08-15T15:18:28.085+0000][10204.030s][info][gc,phases   ] GC(2219)   Post Evacuate Collection Set: 16.0ms
[2024-08-15T15:18:28.085+0000][10204.030s][info][gc,phases   ] GC(2219)   Other: 0.3ms
[2024-08-15T15:18:28.085+0000][10204.030s][info][gc,heap     ] GC(2219) Eden regions: 749->0(746)
[2024-08-15T15:18:28.085+0000][10204.030s][info][gc,heap     ] GC(2219) Survivor regions: 10->14(95)
[2024-08-15T15:18:28.085+0000][10204.030s][info][gc,heap     ] GC(2219) Old regions: 444->444
[2024-08-15T15:18:28.085+0000][10204.030s][info][gc,heap     ] GC(2219) Archive regions: 2->2
[2024-08-15T15:18:28.085+0000][10204.030s][info][gc,heap     ] GC(2219) Humongous regions: 6->6
[2024-08-15T15:18:28.085+0000][10204.030s][info][gc,metaspace] GC(2219) Metaspace: 441516K(448640K)->441516K(448640K) NonClass: 386676K(390912K)->386676K(390912K) Class: 54839K(57728K)->54839K(57728K)
[2024-08-15T15:18:28.085+0000][10204.030s][info][gc          ] GC(2219) Pause Young (Concurrent Start) (G1 Evacuation Pause) 9668M->3709M(12288M) 91.167ms
[2024-08-15T15:18:28.085+0000][10204.030s][info][gc,cpu      ] GC(2219) User=0.53s Sys=0.00s Real=0.10s
[2024-08-15T15:18:28.085+0000][10204.030s][info][gc          ] GC(2220) Concurrent Mark Cycle
[2024-08-15T15:18:28.085+0000][10204.030s][info][gc,marking  ] GC(2220) Concurrent Clear Claimed Marks
[2024-08-15T15:18:28.086+0000][10204.030s][info][gc,marking  ] GC(2220) Concurrent Clear Claimed Marks 0.440ms
[2024-08-15T15:18:28.086+0000][10204.030s][info][gc,marking  ] GC(2220) Concurrent Scan Root Regions
[2024-08-15T15:18:28.139+0000][10204.083s][info][gc,marking  ] GC(2220) Concurrent Scan Root Regions 53.247ms
[2024-08-15T15:18:28.139+0000][10204.084s][info][gc,marking  ] GC(2220) Concurrent Mark
[2024-08-15T15:18:28.139+0000][10204.084s][info][gc,marking  ] GC(2220) Concurrent Mark From Roots
[2024-08-15T15:18:28.139+0000][10204.084s][info][gc,task     ] GC(2220) Using 2 workers of 2 for marking
[2024-08-15T15:18:30.527+0000][10206.472s][info][gc,marking  ] GC(2220) Concurrent Mark From Roots 2388.157ms
[2024-08-15T15:18:30.527+0000][10206.472s][info][gc,marking  ] GC(2220) Concurrent Preclean
[2024-08-15T15:18:30.529+0000][10206.474s][info][gc,marking  ] GC(2220) Concurrent Preclean 1.948ms
[2024-08-15T15:18:30.529+0000][10206.474s][info][gc,start    ] GC(2220) Pause Remark
[2024-08-15T15:18:30.553+0000][10206.497s][info][gc          ] GC(2220) Pause Remark 9065M->9065M(12288M) 23.405ms
[2024-08-15T15:18:30.553+0000][10206.497s][info][gc,cpu      ] GC(2220) User=0.10s Sys=0.00s Real=0.02s
[2024-08-15T15:18:30.553+0000][10206.497s][info][gc,marking  ] GC(2220) Concurrent Mark 2413.904ms
[2024-08-15T15:18:30.553+0000][10206.497s][info][gc,marking  ] GC(2220) Concurrent Rebuild Remembered Sets
[2024-08-15T15:18:30.831+0000][10206.776s][info][gc,start    ] GC(2221) Pause Young (Normal) (G1 Evacuation Pause)
[2024-08-15T15:18:30.831+0000][10206.776s][info][gc,task     ] GC(2221) Using 6 workers of 6 for evacuation
[2024-08-15T15:18:30.924+0000][10206.869s][info][gc,phases   ] GC(2221)   Pre Evacuate Collection Set: 0.2ms
[2024-08-15T15:18:30.924+0000][10206.869s][info][gc,phases   ] GC(2221)   Merge Heap Roots: 0.5ms
[2024-08-15T15:18:30.924+0000][10206.869s][info][gc,phases   ] GC(2221)   Evacuate Collection Set: 79.0ms
[2024-08-15T15:18:30.924+0000][10206.869s][info][gc,phases   ] GC(2221)   Post Evacuate Collection Set: 13.1ms
[2024-08-15T15:18:30.924+0000][10206.869s][info][gc,phases   ] GC(2221)   Other: 0.2ms
[2024-08-15T15:18:30.924+0000][10206.869s][info][gc,heap     ] GC(2221) Eden regions: 746->0(740)
[2024-08-15T15:18:30.924+0000][10206.869s][info][gc,heap     ] GC(2221) Survivor regions: 14->18(95)
[2024-08-15T15:18:30.924+0000][10206.869s][info][gc,heap     ] GC(2221) Old regions: 444->444
[2024-08-15T15:18:30.924+0000][10206.869s][info][gc,heap     ] GC(2221) Archive regions: 2->2
[2024-08-15T15:18:30.924+0000][10206.869s][info][gc,heap     ] GC(2221) Humongous regions: 6->6
[2024-08-15T15:18:30.924+0000][10206.869s][info][gc,metaspace] GC(2221) Metaspace: 441516K(448640K)->441516K(448640K) NonClass: 386676K(390912K)->386676K(390912K) Class: 54839K(57728K)->54839K(57728K)
[2024-08-15T15:18:30.924+0000][10206.869s][info][gc          ] GC(2221) Pause Young (Normal) (G1 Evacuation Pause) 9677M->3739M(12288M) 93.040ms
[2024-08-15T15:18:30.924+0000][10206.869s][info][gc,cpu      ] GC(2221) User=0.54s Sys=0.00s Real=0.10s
[2024-08-15T15:18:32.134+0000][10208.079s][info][gc,marking  ] GC(2220) Concurrent Rebuild Remembered Sets 1581.509ms
[2024-08-15T15:18:32.134+0000][10208.079s][info][gc,start    ] GC(2220) Pause Cleanup
[2024-08-15T15:18:32.135+0000][10208.080s][info][gc          ] GC(2220) Pause Cleanup 6395M->6395M(12288M) 0.721ms
[2024-08-15T15:18:32.135+0000][10208.080s][info][gc,cpu      ] GC(2220) User=0.00s Sys=0.00s Real=0.01s
[2024-08-15T15:18:32.135+0000][10208.080s][info][gc,marking  ] GC(2220) Concurrent Cleanup for Next Mark
[2024-08-15T15:18:32.164+0000][10208.109s][info][gc,marking  ] GC(2220) Concurrent Cleanup for Next Mark 28.609ms
[2024-08-15T15:18:32.164+0000][10208.109s][info][gc          ] GC(2220) Concurrent Mark Cycle 4078.872ms
[2024-08-15T15:18:33.449+0000][10209.394s][info][gc,start    ] GC(2222) Pause Young (Prepare Mixed) (G1 Evacuation Pause)
[2024-08-15T15:18:33.449+0000][10209.394s][info][gc,task     ] GC(2222) Using 6 workers of 6 for evacuation
[2024-08-15T15:18:33.572+0000][10209.516s][info][gc,phases   ] GC(2222)   Pre Evacuate Collection Set: 0.2ms
[2024-08-15T15:18:33.572+0000][10209.517s][info][gc,phases   ] GC(2222)   Merge Heap Roots: 0.9ms
[2024-08-15T15:18:33.572+0000][10209.517s][info][gc,phases   ] GC(2222)   Evacuate Collection Set: 102.6ms
[2024-08-15T15:18:33.572+0000][10209.517s][info][gc,phases   ] GC(2222)   Post Evacuate Collection Set: 18.7ms
[2024-08-15T15:18:33.572+0000][10209.517s][info][gc,phases   ] GC(2222)   Other: 0.2ms
[2024-08-15T15:18:33.572+0000][10209.517s][info][gc,heap     ] GC(2222) Eden regions: 740->0(54)
[2024-08-15T15:18:33.572+0000][10209.517s][info][gc,heap     ] GC(2222) Survivor regions: 18->22(95)
[2024-08-15T15:18:33.572+0000][10209.517s][info][gc,heap     ] GC(2222) Old regions: 444->444
[2024-08-15T15:18:33.572+0000][10209.517s][info][gc,heap     ] GC(2222) Archive regions: 2->2
[2024-08-15T15:18:33.572+0000][10209.517s][info][gc,heap     ] GC(2222) Humongous regions: 6->6
[2024-08-15T15:18:33.572+0000][10209.517s][info][gc,metaspace] GC(2222) Metaspace: 441516K(448640K)->441516K(448640K) NonClass: 386676K(390912K)->386676K(390912K) Class: 54839K(57728K)->54839K(57728K)
[2024-08-15T15:18:33.572+0000][10209.517s][info][gc          ] GC(2222) Pause Young (Prepare Mixed) (G1 Evacuation Pause) 9659M->3776M(12288M) 122.627ms
[2024-08-15T15:18:33.572+0000][10209.517s][info][gc,cpu      ] GC(2222) User=0.72s Sys=0.00s Real=0.12s
[2024-08-15T15:18:33.748+0000][10209.692s][info][gc,start    ] GC(2223) Pause Young (Mixed) (G1 Evacuation Pause)
[2024-08-15T15:18:33.748+0000][10209.692s][info][gc,task     ] GC(2223) Using 6 workers of 6 for evacuation
[2024-08-15T15:18:33.866+0000][10209.811s][info][gc,phases   ] GC(2223)   Pre Evacuate Collection Set: 0.2ms
[2024-08-15T15:18:33.866+0000][10209.811s][info][gc,phases   ] GC(2223)   Merge Heap Roots: 0.5ms
[2024-08-15T15:18:33.866+0000][10209.811s][info][gc,phases   ] GC(2223)   Evacuate Collection Set: 114.6ms
[2024-08-15T15:18:33.866+0000][10209.811s][info][gc,phases   ] GC(2223)   Post Evacuate Collection Set: 2.7ms
[2024-08-15T15:18:33.866+0000][10209.811s][info][gc,phases   ] GC(2223)   Other: 0.2ms
[2024-08-15T15:18:33.866+0000][10209.811s][info][gc,heap     ] GC(2223) Eden regions: 54->0(755)
[2024-08-15T15:18:33.866+0000][10209.811s][info][gc,heap     ] GC(2223) Survivor regions: 22->3(10)
[2024-08-15T15:18:33.866+0000][10209.811s][info][gc,heap     ] GC(2223) Old regions: 444->447
[2024-08-15T15:18:33.866+0000][10209.811s][info][gc,heap     ] GC(2223) Archive regions: 2->2
[2024-08-15T15:18:33.866+0000][10209.811s][info][gc,heap     ] GC(2223) Humongous regions: 6->6
[2024-08-15T15:18:33.866+0000][10209.811s][info][gc,metaspace] GC(2223) Metaspace: 441516K(448640K)->441516K(448640K) NonClass: 386676K(390912K)->386676K(390912K) Class: 54839K(57728K)->54839K(57728K)
[2024-08-15T15:18:33.866+0000][10209.811s][info][gc          ] GC(2223) Pause Young (Mixed) (G1 Evacuation Pause) 4208M->3651M(12288M) 118.294ms
[2024-08-15T15:18:33.866+0000][10209.811s][info][gc,cpu      ] GC(2223) User=0.71s Sys=0.00s Real=0.12s
[2024-08-15T15:18:37.472+0000][10213.416s][info][gc,start    ] GC(2224) Pause Young (Normal) (G1 Evacuation Pause)
[2024-08-15T15:18:37.472+0000][10213.416s][info][gc,task     ] GC(2224) Using 6 workers of 6 for evacuation
[2024-08-15T15:18:37.523+0000][10213.468s][info][gc,phases   ] GC(2224)   Pre Evacuate Collection Set: 0.2ms
[2024-08-15T15:18:37.523+0000][10213.468s][info][gc,phases   ] GC(2224)   Merge Heap Roots: 0.3ms
[2024-08-15T15:18:37.523+0000][10213.468s][info][gc,phases   ] GC(2224)   Evacuate Collection Set: 38.8ms
[2024-08-15T15:18:37.523+0000][10213.468s][info][gc,phases   ] GC(2224)   Post Evacuate Collection Set: 12.1ms
[2024-08-15T15:18:37.523+0000][10213.468s][info][gc,phases   ] GC(2224)   Other: 0.2ms
[2024-08-15T15:18:37.523+0000][10213.468s][info][gc,heap     ] GC(2224) Eden regions: 755->0(752)
[2024-08-15T15:18:37.523+0000][10213.468s][info][gc,heap     ] GC(2224) Survivor regions: 3->6(95)
[2024-08-15T15:18:37.523+0000][10213.468s][info][gc,heap     ] GC(2224) Old regions: 447->447
[2024-08-15T15:18:37.523+0000][10213.468s][info][gc,heap     ] GC(2224) Archive regions: 2->2
[2024-08-15T15:18:37.523+0000][10213.468s][info][gc,heap     ] GC(2224) Humongous regions: 6->6
[2024-08-15T15:18:37.523+0000][10213.468s][info][gc,metaspace] GC(2224) Metaspace: 441523K(448640K)->441523K(448640K) NonClass: 386684K(390912K)->386684K(390912K) Class: 54839K(57728K)->54839K(57728K)
[2024-08-15T15:18:37.523+0000][10213.468s][info][gc          ] GC(2224) Pause Young (Normal) (G1 Evacuation Pause) 9691M->3671M(12288M) 51.647ms
[2024-08-15T15:18:37.524+0000][10213.468s][info][gc,cpu      ] GC(2224) User=0.30s Sys=0.00s Real=0.06s
[2024-08-15T15:18:45.445+0000][10221.390s][info][gc,start    ] GC(2225) Pause Young (Normal) (G1 Evacuation Pause)
[2024-08-15T15:18:45.446+0000][10221.390s][info][gc,task     ] GC(2225) Using 6 workers of 6 for evacuation
[2024-08-15T15:18:45.474+0000][10221.419s][info][gc,phases   ] GC(2225)   Pre Evacuate Collection Set: 0.2ms
[2024-08-15T15:18:45.474+0000][10221.419s][info][gc,phases   ] GC(2225)   Merge Heap Roots: 0.3ms
[2024-08-15T15:18:45.474+0000][10221.419s][info][gc,phases   ] GC(2225)   Evacuate Collection Set: 26.0ms
[2024-08-15T15:18:45.474+0000][10221.419s][info][gc,phases   ] GC(2225)   Post Evacuate Collection Set: 1.8ms
[2024-08-15T15:18:45.474+0000][10221.419s][info][gc,phases   ] GC(2225)   Other: 0.2ms
[2024-08-15T15:18:45.474+0000][10221.419s][info][gc,heap     ] GC(2225) Eden regions: 752->0(749)
[2024-08-15T15:18:45.474+0000][10221.419s][info][gc,heap     ] GC(2225) Survivor regions: 6->9(95)
[2024-08-15T15:18:45.474+0000][10221.419s][info][gc,heap     ] GC(2225) Old regions: 447->447
[2024-08-15T15:18:45.474+0000][10221.419s][info][gc,heap     ] GC(2225) Archive regions: 2->2
[2024-08-15T15:18:45.474+0000][10221.419s][info][gc,heap     ] GC(2225) Humongous regions: 6->6
[2024-08-15T15:18:45.474+0000][10221.419s][info][gc,metaspace] GC(2225) Metaspace: 441523K(448640K)->441523K(448640K) NonClass: 386684K(390912K)->386684K(390912K) Class: 54839K(57728K)->54839K(57728K)
[2024-08-15T15:18:45.474+0000][10221.419s][info][gc          ] GC(2225) Pause Young (Normal) (G1 Evacuation Pause) 9687M->3693M(12288M) 28.592ms
[2024-08-15T15:18:45.474+0000][10221.419s][info][gc,cpu      ] GC(2225) User=0.16s Sys=0.00s Real=0.02s
[2024-08-15T15:18:53.217+0000][10229.162s][info][gc,start    ] GC(2226) Pause Young (Concurrent Start) (G1 Evacuation Pause)
[2024-08-15T15:18:53.217+0000][10229.162s][info][gc,task     ] GC(2226) Using 6 workers of 6 for evacuation
[2024-08-15T15:18:53.248+0000][10229.193s][info][gc,phases   ] GC(2226)   Pre Evacuate Collection Set: 0.5ms
[2024-08-15T15:18:53.248+0000][10229.193s][info][gc,phases   ] GC(2226)   Merge Heap Roots: 0.3ms
[2024-08-15T15:18:53.248+0000][10229.193s][info][gc,phases   ] GC(2226)   Evacuate Collection Set: 28.4ms
[2024-08-15T15:18:53.248+0000][10229.193s][info][gc,phases   ] GC(2226)   Post Evacuate Collection Set: 1.8ms
[2024-08-15T15:18:53.248+0000][10229.193s][info][gc,phases   ] GC(2226)   Other: 0.3ms
[2024-08-15T15:18:53.248+0000][10229.193s][info][gc,heap     ] GC(2226) Eden regions: 749->0(747)
[2024-08-15T15:18:53.248+0000][10229.193s][info][gc,heap     ] GC(2226) Survivor regions: 9->12(95)
[2024-08-15T15:18:53.248+0000][10229.193s][info][gc,heap     ] GC(2226) Old regions: 447->447
[2024-08-15T15:18:53.248+0000][10229.193s][info][gc,heap     ] GC(2226) Archive regions: 2->2
[2024-08-15T15:18:53.248+0000][10229.193s][info][gc,heap     ] GC(2226) Humongous regions: 6->6
[2024-08-15T15:18:53.248+0000][10229.193s][info][gc,metaspace] GC(2226) Metaspace: 441523K(448640K)->441523K(448640K) NonClass: 386684K(390912K)->386684K(390912K) Class: 54839K(57728K)->54839K(57728K)
[2024-08-15T15:18:53.248+0000][10229.193s][info][gc          ] GC(2226) Pause Young (Concurrent Start) (G1 Evacuation Pause) 9685M->3719M(12288M) 31.247ms
[2024-08-15T15:18:53.248+0000][10229.193s][info][gc,cpu      ] GC(2226) User=0.18s Sys=0.00s Real=0.03s
[2024-08-15T15:18:53.248+0000][10229.193s][info][gc          ] GC(2227) Concurrent Mark Cycle
[2024-08-15T15:18:53.248+0000][10229.193s][info][gc,marking  ] GC(2227) Concurrent Clear Claimed Marks
[2024-08-15T15:18:53.249+0000][10229.193s][info][gc,marking  ] GC(2227) Concurrent Clear Claimed Marks 0.385ms
[2024-08-15T15:18:53.249+0000][10229.193s][info][gc,marking  ] GC(2227) Concurrent Scan Root Regions
[2024-08-15T15:18:53.278+0000][10229.223s][info][gc,marking  ] GC(2227) Concurrent Scan Root Regions 29.454ms
[2024-08-15T15:18:53.278+0000][10229.223s][info][gc,marking  ] GC(2227) Concurrent Mark
[2024-08-15T15:18:53.278+0000][10229.223s][info][gc,marking  ] GC(2227) Concurrent Mark From Roots
[2024-08-15T15:18:53.278+0000][10229.223s][info][gc,task     ] GC(2227) Using 2 workers of 2 for marking
[2024-08-15T15:18:55.912+0000][10231.857s][info][gc,marking  ] GC(2227) Concurrent Mark From Roots 2634.072ms
[2024-08-15T15:18:55.912+0000][10231.857s][info][gc,marking  ] GC(2227) Concurrent Preclean
[2024-08-15T15:18:55.914+0000][10231.859s][info][gc,marking  ] GC(2227) Concurrent Preclean 1.621ms
[2024-08-15T15:18:55.914+0000][10231.859s][info][gc,start    ] GC(2227) Pause Remark
[2024-08-15T15:18:55.938+0000][10231.882s][info][gc          ] GC(2227) Pause Remark 5623M->5623M(12288M) 23.487ms
[2024-08-15T15:18:55.938+0000][10231.882s][info][gc,cpu      ] GC(2227) User=0.10s Sys=0.00s Real=0.03s
[2024-08-15T15:18:55.938+0000][10231.883s][info][gc,marking  ] GC(2227) Concurrent Mark 2659.631ms
[2024-08-15T15:18:55.938+0000][10231.883s][info][gc,marking  ] GC(2227) Concurrent Rebuild Remembered Sets
[2024-08-15T15:18:57.530+0000][10233.475s][info][gc,marking  ] GC(2227) Concurrent Rebuild Remembered Sets 1592.450ms
[2024-08-15T15:18:57.531+0000][10233.475s][info][gc,start    ] GC(2227) Pause Cleanup
[2024-08-15T15:18:57.531+0000][10233.476s][info][gc          ] GC(2227) Pause Cleanup 6795M->6795M(12288M) 0.710ms
[2024-08-15T15:18:57.531+0000][10233.476s][info][gc,cpu      ] GC(2227) User=0.00s Sys=0.00s Real=0.00s
[2024-08-15T15:18:57.531+0000][10233.476s][info][gc,marking  ] GC(2227) Concurrent Cleanup for Next Mark
[2024-08-15T15:18:57.560+0000][10233.505s][info][gc,marking  ] GC(2227) Concurrent Cleanup for Next Mark 28.670ms
[2024-08-15T15:18:57.560+0000][10233.505s][info][gc          ] GC(2227) Concurrent Mark Cycle 4311.785ms
[2024-08-15T15:19:01.293+0000][10237.237s][info][gc,start    ] GC(2228) Pause Young (Prepare Mixed) (G1 Evacuation Pause)
[2024-08-15T15:19:01.293+0000][10237.237s][info][gc,task     ] GC(2228) Using 6 workers of 6 for evacuation
[2024-08-15T15:19:01.333+0000][10237.277s][info][gc,phases   ] GC(2228)   Pre Evacuate Collection Set: 0.2ms
[2024-08-15T15:19:01.333+0000][10237.277s][info][gc,phases   ] GC(2228)   Merge Heap Roots: 0.4ms
[2024-08-15T15:19:01.333+0000][10237.277s][info][gc,phases   ] GC(2228)   Evacuate Collection Set: 37.6ms
[2024-08-15T15:19:01.333+0000][10237.277s][info][gc,phases   ] GC(2228)   Post Evacuate Collection Set: 1.8ms
[2024-08-15T15:19:01.333+0000][10237.277s][info][gc,phases   ] GC(2228)   Other: 0.2ms
[2024-08-15T15:19:01.333+0000][10237.277s][info][gc,heap     ] GC(2228) Eden regions: 747->0(60)
[2024-08-15T15:19:01.333+0000][10237.277s][info][gc,heap     ] GC(2228) Survivor regions: 12->16(95)
[2024-08-15T15:19:01.333+0000][10237.277s][info][gc,heap     ] GC(2228) Old regions: 447->447
[2024-08-15T15:19:01.333+0000][10237.277s][info][gc,heap     ] GC(2228) Archive regions: 2->2
[2024-08-15T15:19:01.333+0000][10237.277s][info][gc,heap     ] GC(2228) Humongous regions: 6->6
[2024-08-15T15:19:01.333+0000][10237.277s][info][gc,metaspace] GC(2228) Metaspace: 441524K(448640K)->441524K(448640K) NonClass: 386684K(390912K)->386684K(390912K) Class: 54839K(57728K)->54839K(57728K)
[2024-08-15T15:19:01.333+0000][10237.277s][info][gc          ] GC(2228) Pause Young (Prepare Mixed) (G1 Evacuation Pause) 9695M->3753M(12288M) 40.232ms
[2024-08-15T15:19:01.333+0000][10237.278s][info][gc,cpu      ] GC(2228) User=0.23s Sys=0.00s Real=0.04s
[2024-08-15T15:19:01.964+0000][10237.909s][info][gc,start    ] GC(2229) Pause Young (Mixed) (G1 Evacuation Pause)
[2024-08-15T15:19:01.964+0000][10237.909s][info][gc,task     ] GC(2229) Using 6 workers of 6 for evacuation
[2024-08-15T15:19:02.041+0000][10237.986s][info][gc,phases   ] GC(2229)   Pre Evacuate Collection Set: 0.2ms
[2024-08-15T15:19:02.041+0000][10237.986s][info][gc,phases   ] GC(2229)   Merge Heap Roots: 0.4ms
[2024-08-15T15:19:02.041+0000][10237.986s][info][gc,phases   ] GC(2229)   Evacuate Collection Set: 74.8ms
[2024-08-15T15:19:02.041+0000][10237.986s][info][gc,phases   ] GC(2229)   Post Evacuate Collection Set: 1.2ms
[2024-08-15T15:19:02.041+0000][10237.986s][info][gc,phases   ] GC(2229)   Other: 0.2ms
[2024-08-15T15:19:02.041+0000][10237.986s][info][gc,heap     ] GC(2229) Eden regions: 60->0(755)
[2024-08-15T15:19:02.041+0000][10237.986s][info][gc,heap     ] GC(2229) Survivor regions: 16->3(10)
[2024-08-15T15:19:02.041+0000][10237.986s][info][gc,heap     ] GC(2229) Old regions: 447->446
[2024-08-15T15:19:02.041+0000][10237.986s][info][gc,heap     ] GC(2229) Archive regions: 2->2
[2024-08-15T15:19:02.041+0000][10237.986s][info][gc,heap     ] GC(2229) Humongous regions: 6->6
[2024-08-15T15:19:02.041+0000][10237.986s][info][gc,metaspace] GC(2229) Metaspace: 441524K(448640K)->441524K(448640K) NonClass: 386684K(390912K)->386684K(390912K) Class: 54839K(57728K)->54839K(57728K)
[2024-08-15T15:19:02.041+0000][10237.986s][info][gc          ] GC(2229) Pause Young (Mixed) (G1 Evacuation Pause) 4233M->3633M(12288M) 76.837ms
[2024-08-15T15:19:02.041+0000][10237.986s][info][gc,cpu      ] GC(2229) User=0.46s Sys=0.00s Real=0.07s
[2024-08-15T15:19:09.442+0000][10245.386s][info][gc,start    ] GC(2230) Pause Young (Normal) (G1 Evacuation Pause)
[2024-08-15T15:19:09.442+0000][10245.386s][info][gc,task     ] GC(2230) Using 6 workers of 6 for evacuation
[2024-08-15T15:19:09.454+0000][10245.399s][info][gc,phases   ] GC(2230)   Pre Evacuate Collection Set: 0.2ms
[2024-08-15T15:19:09.454+0000][10245.399s][info][gc,phases   ] GC(2230)   Merge Heap Roots: 0.2ms
[2024-08-15T15:19:09.454+0000][10245.399s][info][gc,phases   ] GC(2230)   Evacuate Collection Set: 10.3ms
[2024-08-15T15:19:09.454+0000][10245.399s][info][gc,phases   ] GC(2230)   Post Evacuate Collection Set: 1.6ms
[2024-08-15T15:19:09.454+0000][10245.399s][info][gc,phases   ] GC(2230)   Other: 0.2ms
[2024-08-15T15:19:09.454+0000][10245.399s][info][gc,heap     ] GC(2230) Eden regions: 755->0(755)
[2024-08-15T15:19:09.454+0000][10245.399s][info][gc,heap     ] GC(2230) Survivor regions: 3->4(95)
[2024-08-15T15:19:09.454+0000][10245.399s][info][gc,heap     ] GC(2230) Old regions: 446->446
[2024-08-15T15:19:09.454+0000][10245.399s][info][gc,heap     ] GC(2230) Archive regions: 2->2
[2024-08-15T15:19:09.454+0000][10245.399s][info][gc,heap     ] GC(2230) Humongous regions: 6->6
[2024-08-15T15:19:09.454+0000][10245.399s][info][gc,metaspace] GC(2230) Metaspace: 441524K(448640K)->441524K(448640K) NonClass: 386684K(390912K)->386684K(390912K) Class: 54839K(57728K)->54839K(57728K)
[2024-08-15T15:19:09.454+0000][10245.399s][info][gc          ] GC(2230) Pause Young (Normal) (G1 Evacuation Pause) 9673M->3643M(12288M) 12.544ms
[2024-08-15T15:19:09.454+0000][10245.399s][info][gc,cpu      ] GC(2230) User=0.07s Sys=0.00s Real=0.01s
[2024-08-15T15:19:17.446+0000][10253.390s][info][gc,start    ] GC(2231) Pause Young (Normal) (G1 Evacuation Pause)
[2024-08-15T15:19:17.446+0000][10253.390s][info][gc,task     ] GC(2231) Using 6 workers of 6 for evacuation
[2024-08-15T15:19:17.463+0000][10253.408s][info][gc,phases   ] GC(2231)   Pre Evacuate Collection Set: 0.2ms
[2024-08-15T15:19:17.463+0000][10253.408s][info][gc,phases   ] GC(2231)   Merge Heap Roots: 0.2ms
[2024-08-15T15:19:17.463+0000][10253.408s][info][gc,phases   ] GC(2231)   Evacuate Collection Set: 15.0ms
[2024-08-15T15:19:17.463+0000][10253.408s][info][gc,phases   ] GC(2231)   Post Evacuate Collection Set: 1.7ms
[2024-08-15T15:19:17.463+0000][10253.408s][info][gc,phases   ] GC(2231)   Other: 0.2ms
[2024-08-15T15:19:17.463+0000][10253.408s][info][gc,heap     ] GC(2231) Eden regions: 755->0(752)
[2024-08-15T15:19:17.463+0000][10253.408s][info][gc,heap     ] GC(2231) Survivor regions: 4->8(95)
[2024-08-15T15:19:17.463+0000][10253.408s][info][gc,heap     ] GC(2231) Old regions: 446->446
[2024-08-15T15:19:17.463+0000][10253.408s][info][gc,heap     ] GC(2231) Archive regions: 2->2
[2024-08-15T15:19:17.463+0000][10253.408s][info][gc,heap     ] GC(2231) Humongous regions: 6->6
[2024-08-15T15:19:17.463+0000][10253.408s][info][gc,metaspace] GC(2231) Metaspace: 441524K(448640K)->441524K(448640K) NonClass: 386684K(390912K)->386684K(390912K) Class: 54839K(57728K)->54839K(57728K)
[2024-08-15T15:19:17.463+0000][10253.408s][info][gc          ] GC(2231) Pause Young (Normal) (G1 Evacuation Pause) 9683M->3670M(12288M) 17.400ms
[2024-08-15T15:19:17.463+0000][10253.408s][info][gc,cpu      ] GC(2231) User=0.10s Sys=0.00s Real=0.02s
[2024-08-15T15:19:25.301+0000][10261.246s][info][gc,start    ] GC(2232) Pause Young (Concurrent Start) (G1 Evacuation Pause)
[2024-08-15T15:19:25.301+0000][10261.246s][info][gc,task     ] GC(2232) Using 6 workers of 6 for evacuation
[2024-08-15T15:19:25.325+0000][10261.269s][info][gc,phases   ] GC(2232)   Pre Evacuate Collection Set: 0.5ms
[2024-08-15T15:19:25.325+0000][10261.269s][info][gc,phases   ] GC(2232)   Merge Heap Roots: 0.2ms
[2024-08-15T15:19:25.325+0000][10261.269s][info][gc,phases   ] GC(2232)   Evacuate Collection Set: 20.8ms
[2024-08-15T15:19:25.325+0000][10261.269s][info][gc,phases   ] GC(2232)   Post Evacuate Collection Set: 1.8ms
[2024-08-15T15:19:25.325+0000][10261.269s][info][gc,phases   ] GC(2232)   Other: 0.3ms
[2024-08-15T15:19:25.325+0000][10261.269s][info][gc,heap     ] GC(2232) Eden regions: 752->0(750)
[2024-08-15T15:19:25.325+0000][10261.269s][info][gc,heap     ] GC(2232) Survivor regions: 8->10(95)
[2024-08-15T15:19:25.325+0000][10261.269s][info][gc,heap     ] GC(2232) Old regions: 446->446
[2024-08-15T15:19:25.325+0000][10261.269s][info][gc,heap     ] GC(2232) Archive regions: 2->2
[2024-08-15T15:19:25.325+0000][10261.269s][info][gc,heap     ] GC(2232) Humongous regions: 6->6
[2024-08-15T15:19:25.325+0000][10261.269s][info][gc,metaspace] GC(2232) Metaspace: 441524K(448640K)->441524K(448640K) NonClass: 386684K(390912K)->386684K(390912K) Class: 54839K(57728K)->54839K(57728K)
[2024-08-15T15:19:25.325+0000][10261.269s][info][gc          ] GC(2232) Pause Young (Concurrent Start) (G1 Evacuation Pause) 9686M->3693M(12288M) 23.626ms
[2024-08-15T15:19:25.325+0000][10261.269s][info][gc,cpu      ] GC(2232) User=0.14s Sys=0.00s Real=0.03s
[2024-08-15T15:19:25.325+0000][10261.269s][info][gc          ] GC(2233) Concurrent Mark Cycle
[2024-08-15T15:19:25.325+0000][10261.269s][info][gc,marking  ] GC(2233) Concurrent Clear Claimed Marks
[2024-08-15T15:19:25.325+0000][10261.270s][info][gc,marking  ] GC(2233) Concurrent Clear Claimed Marks 0.386ms
[2024-08-15T15:19:25.325+0000][10261.270s][info][gc,marking  ] GC(2233) Concurrent Scan Root Regions
[2024-08-15T15:19:25.349+0000][10261.294s][info][gc,marking  ] GC(2233) Concurrent Scan Root Regions 23.896ms
[2024-08-15T15:19:25.349+0000][10261.294s][info][gc,marking  ] GC(2233) Concurrent Mark
[2024-08-15T15:19:25.349+0000][10261.294s][info][gc,marking  ] GC(2233) Concurrent Mark From Roots
[2024-08-15T15:19:25.349+0000][10261.294s][info][gc,task     ] GC(2233) Using 2 workers of 2 for marking
[2024-08-15T15:19:27.940+0000][10263.885s][info][gc,marking  ] GC(2233) Concurrent Mark From Roots 2591.032ms
[2024-08-15T15:19:27.940+0000][10263.885s][info][gc,marking  ] GC(2233) Concurrent Preclean
[2024-08-15T15:19:27.942+0000][10263.887s][info][gc,marking  ] GC(2233) Concurrent Preclean 1.742ms
[2024-08-15T15:19:27.942+0000][10263.887s][info][gc,start    ] GC(2233) Pause Remark
[2024-08-15T15:19:27.965+0000][10263.910s][info][gc          ] GC(2233) Pause Remark 5561M->5561M(12288M) 23.211ms
[2024-08-15T15:19:27.965+0000][10263.910s][info][gc,cpu      ] GC(2233) User=0.10s Sys=0.00s Real=0.03s
[2024-08-15T15:19:27.966+0000][10263.910s][info][gc,marking  ] GC(2233) Concurrent Mark 2616.398ms
[2024-08-15T15:19:27.966+0000][10263.910s][info][gc,marking  ] GC(2233) Concurrent Rebuild Remembered Sets
[2024-08-15T15:19:29.569+0000][10265.513s][info][gc,marking  ] GC(2233) Concurrent Rebuild Remembered Sets 1603.210ms
[2024-08-15T15:19:29.569+0000][10265.514s][info][gc,start    ] GC(2233) Pause Cleanup
[2024-08-15T15:19:29.570+0000][10265.514s][info][gc          ] GC(2233) Pause Cleanup 6753M->6753M(12288M) 0.710ms
[2024-08-15T15:19:29.570+0000][10265.514s][info][gc,cpu      ] GC(2233) User=0.00s Sys=0.00s Real=0.00s
[2024-08-15T15:19:29.570+0000][10265.514s][info][gc,marking  ] GC(2233) Concurrent Cleanup for Next Mark
[2024-08-15T15:19:29.587+0000][10265.532s][info][gc,marking  ] GC(2233) Concurrent Cleanup for Next Mark 17.454ms
[2024-08-15T15:19:29.587+0000][10265.532s][info][gc          ] GC(2233) Concurrent Mark Cycle 4262.532ms
[2024-08-15T15:19:33.419+0000][10269.363s][info][gc,start    ] GC(2234) Pause Young (Prepare Mixed) (G1 Evacuation Pause)
[2024-08-15T15:19:33.419+0000][10269.363s][info][gc,task     ] GC(2234) Using 6 workers of 6 for evacuation
[2024-08-15T15:19:33.449+0000][10269.394s][info][gc,phases   ] GC(2234)   Pre Evacuate Collection Set: 0.2ms
[2024-08-15T15:19:33.449+0000][10269.394s][info][gc,phases   ] GC(2234)   Merge Heap Roots: 0.3ms
[2024-08-15T15:19:33.449+0000][10269.394s][info][gc,phases   ] GC(2234)   Evacuate Collection Set: 27.8ms
[2024-08-15T15:19:33.449+0000][10269.394s][info][gc,phases   ] GC(2234)   Post Evacuate Collection Set: 1.9ms
[2024-08-15T15:19:33.449+0000][10269.394s][info][gc,phases   ] GC(2234)   Other: 0.2ms
[2024-08-15T15:19:33.449+0000][10269.394s][info][gc,heap     ] GC(2234) Eden regions: 750->0(62)
[2024-08-15T15:19:33.449+0000][10269.394s][info][gc,heap     ] GC(2234) Survivor regions: 10->14(95)
[2024-08-15T15:19:33.449+0000][10269.394s][info][gc,heap     ] GC(2234) Old regions: 446->446
[2024-08-15T15:19:33.449+0000][10269.394s][info][gc,heap     ] GC(2234) Archive regions: 2->2
[2024-08-15T15:19:33.449+0000][10269.394s][info][gc,heap     ] GC(2234) Humongous regions: 6->6
[2024-08-15T15:19:33.449+0000][10269.394s][info][gc,metaspace] GC(2234) Metaspace: 441529K(448640K)->441529K(448640K) NonClass: 386690K(390912K)->386690K(390912K) Class: 54839K(57728K)->54839K(57728K)
[2024-08-15T15:19:33.449+0000][10269.394s][info][gc          ] GC(2234) Pause Young (Prepare Mixed) (G1 Evacuation Pause) 9693M->3724M(12288M) 30.479ms
[2024-08-15T15:19:33.449+0000][10269.394s][info][gc,cpu      ] GC(2234) User=0.17s Sys=0.00s Real=0.03s
[2024-08-15T15:19:34.081+0000][10270.025s][info][gc,start    ] GC(2235) Pause Young (Mixed) (G1 Evacuation Pause)
[2024-08-15T15:19:34.081+0000][10270.025s][info][gc,task     ] GC(2235) Using 6 workers of 6 for evacuation
[2024-08-15T15:19:34.160+0000][10270.105s][info][gc,phases   ] GC(2235)   Pre Evacuate Collection Set: 0.2ms
[2024-08-15T15:19:34.160+0000][10270.105s][info][gc,phases   ] GC(2235)   Merge Heap Roots: 0.4ms
[2024-08-15T15:19:34.160+0000][10270.105s][info][gc,phases   ] GC(2235)   Evacuate Collection Set: 77.8ms
[2024-08-15T15:19:34.160+0000][10270.105s][info][gc,phases   ] GC(2235)   Post Evacuate Collection Set: 1.3ms
[2024-08-15T15:19:34.160+0000][10270.105s][info][gc,phases   ] GC(2235)   Other: 0.2ms
[2024-08-15T15:19:34.160+0000][10270.105s][info][gc,heap     ] GC(2235) Eden regions: 62->0(759)
[2024-08-15T15:19:34.160+0000][10270.105s][info][gc,heap     ] GC(2235) Survivor regions: 14->6(10)
[2024-08-15T15:19:34.160+0000][10270.105s][info][gc,heap     ] GC(2235) Old regions: 446->441
[2024-08-15T15:19:34.160+0000][10270.105s][info][gc,heap     ] GC(2235) Archive regions: 2->2
[2024-08-15T15:19:34.160+0000][10270.105s][info][gc,heap     ] GC(2235) Humongous regions: 6->6
[2024-08-15T15:19:34.160+0000][10270.105s][info][gc,metaspace] GC(2235) Metaspace: 441529K(448640K)->441529K(448640K) NonClass: 386690K(390912K)->386690K(390912K) Class: 54839K(57728K)->54839K(57728K)
[2024-08-15T15:19:34.160+0000][10270.105s][info][gc          ] GC(2235) Pause Young (Mixed) (G1 Evacuation Pause) 4220M->3619M(12288M) 79.978ms
[2024-08-15T15:19:34.161+0000][10270.105s][info][gc,cpu      ] GC(2235) User=0.47s Sys=0.00s Real=0.08s
[2024-08-15T15:19:41.707+0000][10277.652s][info][gc,start    ] GC(2236) Pause Young (Normal) (G1 Evacuation Pause)
[2024-08-15T15:19:41.707+0000][10277.652s][info][gc,task     ] GC(2236) Using 6 workers of 6 for evacuation
[2024-08-15T15:19:41.728+0000][10277.673s][info][gc,phases   ] GC(2236)   Pre Evacuate Collection Set: 0.2ms
[2024-08-15T15:19:41.728+0000][10277.673s][info][gc,phases   ] GC(2236)   Merge Heap Roots: 0.2ms
[2024-08-15T15:19:41.728+0000][10277.673s][info][gc,phases   ] GC(2236)   Evacuate Collection Set: 18.4ms
[2024-08-15T15:19:41.728+0000][10277.673s][info][gc,phases   ] GC(2236)   Post Evacuate Collection Set: 1.9ms
[2024-08-15T15:19:41.728+0000][10277.673s][info][gc,phases   ] GC(2236)   Other: 0.2ms
[2024-08-15T15:19:41.728+0000][10277.673s][info][gc,heap     ] GC(2236) Eden regions: 759->0(760)
[2024-08-15T15:19:41.728+0000][10277.673s][info][gc,heap     ] GC(2236) Survivor regions: 6->6(96)
[2024-08-15T15:19:41.728+0000][10277.673s][info][gc,heap     ] GC(2236) Old regions: 441->441
[2024-08-15T15:19:41.728+0000][10277.673s][info][gc,heap     ] GC(2236) Archive regions: 2->2
[2024-08-15T15:19:41.728+0000][10277.673s][info][gc,heap     ] GC(2236) Humongous regions: 6->6
[2024-08-15T15:19:41.728+0000][10277.673s][info][gc,metaspace] GC(2236) Metaspace: 441535K(448640K)->441535K(448640K) NonClass: 386695K(390912K)->386695K(390912K) Class: 54839K(57728K)->54839K(57728K)
[2024-08-15T15:19:41.728+0000][10277.673s][info][gc          ] GC(2236) Pause Young (Normal) (G1 Evacuation Pause) 9691M->3623M(12288M) 20.906ms
[2024-08-15T15:19:41.728+0000][10277.673s][info][gc,cpu      ] GC(2236) User=0.12s Sys=0.00s Real=0.02s
[2024-08-15T15:19:49.662+0000][10285.606s][info][gc,start    ] GC(2237) Pause Young (Normal) (G1 Evacuation Pause)
[2024-08-15T15:19:49.662+0000][10285.606s][info][gc,task     ] GC(2237) Using 6 workers of 6 for evacuation
[2024-08-15T15:19:49.685+0000][10285.630s][info][gc,phases   ] GC(2237)   Pre Evacuate Collection Set: 0.2ms
[2024-08-15T15:19:49.685+0000][10285.630s][info][gc,phases   ] GC(2237)   Merge Heap Roots: 0.3ms
[2024-08-15T15:19:49.685+0000][10285.630s][info][gc,phases   ] GC(2237)   Evacuate Collection Set: 21.0ms
[2024-08-15T15:19:49.685+0000][10285.630s][info][gc,phases   ] GC(2237)   Post Evacuate Collection Set: 1.7ms
[2024-08-15T15:19:49.685+0000][10285.630s][info][gc,phases   ] GC(2237)   Other: 0.2ms
[2024-08-15T15:19:49.685+0000][10285.630s][info][gc,heap     ] GC(2237) Eden regions: 760->0(756)
[2024-08-15T15:19:49.685+0000][10285.630s][info][gc,heap     ] GC(2237) Survivor regions: 6->10(96)
[2024-08-15T15:19:49.685+0000][10285.630s][info][gc,heap     ] GC(2237) Old regions: 441->441
[2024-08-15T15:19:49.685+0000][10285.630s][info][gc,heap     ] GC(2237) Archive regions: 2->2
[2024-08-15T15:19:49.685+0000][10285.630s][info][gc,heap     ] GC(2237) Humongous regions: 6->6
[2024-08-15T15:19:49.685+0000][10285.630s][info][gc,metaspace] GC(2237) Metaspace: 441535K(448640K)->441535K(448640K) NonClass: 386695K(390912K)->386695K(390912K) Class: 54839K(57728K)->54839K(57728K)
[2024-08-15T15:19:49.685+0000][10285.630s][info][gc          ] GC(2237) Pause Young (Normal) (G1 Evacuation Pause) 9703M->3650M(12288M) 23.435ms
[2024-08-15T15:19:49.685+0000][10285.630s][info][gc,cpu      ] GC(2237) User=0.14s Sys=0.00s Real=0.03s
[2024-08-15T15:19:57.516+0000][10293.460s][info][gc,start    ] GC(2238) Pause Young (Concurrent Start) (G1 Evacuation Pause)
[2024-08-15T15:19:57.516+0000][10293.460s][info][gc,task     ] GC(2238) Using 6 workers of 6 for evacuation
[2024-08-15T15:19:57.545+0000][10293.490s][info][gc,phases   ] GC(2238)   Pre Evacuate Collection Set: 0.5ms
[2024-08-15T15:19:57.545+0000][10293.490s][info][gc,phases   ] GC(2238)   Merge Heap Roots: 0.2ms
[2024-08-15T15:19:57.545+0000][10293.490s][info][gc,phases   ] GC(2238)   Evacuate Collection Set: 26.8ms
[2024-08-15T15:19:57.545+0000][10293.490s][info][gc,phases   ] GC(2238)   Post Evacuate Collection Set: 1.7ms
[2024-08-15T15:19:57.545+0000][10293.490s][info][gc,phases   ] GC(2238)   Other: 0.3ms
[2024-08-15T15:19:57.545+0000][10293.490s][info][gc,heap     ] GC(2238) Eden regions: 756->0(753)
[2024-08-15T15:19:57.545+0000][10293.490s][info][gc,heap     ] GC(2238) Survivor regions: 10->13(96)
[2024-08-15T15:19:57.545+0000][10293.490s][info][gc,heap     ] GC(2238) Old regions: 441->441
[2024-08-15T15:19:57.545+0000][10293.490s][info][gc,heap     ] GC(2238) Archive regions: 2->2
[2024-08-15T15:19:57.545+0000][10293.490s][info][gc,heap     ] GC(2238) Humongous regions: 6->6
[2024-08-15T15:19:57.545+0000][10293.490s][info][gc,metaspace] GC(2238) Metaspace: 441558K(448640K)->441558K(448640K) NonClass: 386718K(390912K)->386718K(390912K) Class: 54839K(57728K)->54839K(57728K)
[2024-08-15T15:19:57.545+0000][10293.490s][info][gc          ] GC(2238) Pause Young (Concurrent Start) (G1 Evacuation Pause) 9698M->3676M(12288M) 29.616ms
[2024-08-15T15:19:57.545+0000][10293.490s][info][gc,cpu      ] GC(2238) User=0.17s Sys=0.00s Real=0.03s
[2024-08-15T15:19:57.545+0000][10293.490s][info][gc          ] GC(2239) Concurrent Mark Cycle
[2024-08-15T15:19:57.545+0000][10293.490s][info][gc,marking  ] GC(2239) Concurrent Clear Claimed Marks
[2024-08-15T15:19:57.546+0000][10293.490s][info][gc,marking  ] GC(2239) Concurrent Clear Claimed Marks 0.380ms
[2024-08-15T15:19:57.546+0000][10293.490s][info][gc,marking  ] GC(2239) Concurrent Scan Root Regions
[2024-08-15T15:19:57.569+0000][10293.514s][info][gc,marking  ] GC(2239) Concurrent Scan Root Regions 23.696ms
[2024-08-15T15:19:57.570+0000][10293.514s][info][gc,marking  ] GC(2239) Concurrent Mark
[2024-08-15T15:19:57.570+0000][10293.514s][info][gc,marking  ] GC(2239) Concurrent Mark From Roots
[2024-08-15T15:19:57.570+0000][10293.514s][info][gc,task     ] GC(2239) Using 2 workers of 2 for marking
[2024-08-15T15:20:00.204+0000][10296.149s][info][gc,marking  ] GC(2239) Concurrent Mark From Roots 2634.648ms
[2024-08-15T15:20:00.204+0000][10296.149s][info][gc,marking  ] GC(2239) Concurrent Preclean
[2024-08-15T15:20:00.206+0000][10296.150s][info][gc,marking  ] GC(2239) Concurrent Preclean 1.397ms
[2024-08-15T15:20:00.206+0000][10296.150s][info][gc,start    ] GC(2239) Pause Remark
[2024-08-15T15:20:00.229+0000][10296.174s][info][gc          ] GC(2239) Pause Remark 5500M->5500M(12288M) 23.634ms
[2024-08-15T15:20:00.229+0000][10296.174s][info][gc,cpu      ] GC(2239) User=0.10s Sys=0.00s Real=0.02s
[2024-08-15T15:20:00.230+0000][10296.174s][info][gc,marking  ] GC(2239) Concurrent Mark 2660.067ms
[2024-08-15T15:20:00.230+0000][10296.174s][info][gc,marking  ] GC(2239) Concurrent Rebuild Remembered Sets
[2024-08-15T15:20:01.789+0000][10297.733s][info][gc,marking  ] GC(2239) Concurrent Rebuild Remembered Sets 1558.980ms
[2024-08-15T15:20:01.789+0000][10297.733s][info][gc,start    ] GC(2239) Pause Cleanup
[2024-08-15T15:20:01.789+0000][10297.734s][info][gc          ] GC(2239) Pause Cleanup 6632M->6632M(12288M) 0.680ms
[2024-08-15T15:20:01.789+0000][10297.734s][info][gc,cpu      ] GC(2239) User=0.00s Sys=0.00s Real=0.00s
[2024-08-15T15:20:01.790+0000][10297.734s][info][gc,marking  ] GC(2239) Concurrent Cleanup for Next Mark
[2024-08-15T15:20:01.807+0000][10297.752s][info][gc,marking  ] GC(2239) Concurrent Cleanup for Next Mark 17.693ms
[2024-08-15T15:20:01.807+0000][10297.752s][info][gc          ] GC(2239) Concurrent Mark Cycle 4261.934ms
[2024-08-15T15:20:05.818+0000][10301.762s][info][gc,start    ] GC(2240) Pause Young (Prepare Mixed) (G1 Evacuation Pause)
[2024-08-15T15:20:05.818+0000][10301.762s][info][gc,task     ] GC(2240) Using 6 workers of 6 for evacuation
[2024-08-15T15:20:05.852+0000][10301.797s][info][gc,phases   ] GC(2240)   Pre Evacuate Collection Set: 0.2ms
[2024-08-15T15:20:05.852+0000][10301.797s][info][gc,phases   ] GC(2240)   Merge Heap Roots: 0.3ms
[2024-08-15T15:20:05.852+0000][10301.797s][info][gc,phases   ] GC(2240)   Evacuate Collection Set: 31.9ms
[2024-08-15T15:20:05.852+0000][10301.797s][info][gc,phases   ] GC(2240)   Post Evacuate Collection Set: 1.9ms
[2024-08-15T15:20:05.852+0000][10301.797s][info][gc,phases   ] GC(2240)   Other: 0.2ms
[2024-08-15T15:20:05.852+0000][10301.797s][info][gc,heap     ] GC(2240) Eden regions: 753->0(60)
[2024-08-15T15:20:05.852+0000][10301.797s][info][gc,heap     ] GC(2240) Survivor regions: 13->16(96)
[2024-08-15T15:20:05.852+0000][10301.797s][info][gc,heap     ] GC(2240) Old regions: 441->441
[2024-08-15T15:20:05.852+0000][10301.797s][info][gc,heap     ] GC(2240) Archive regions: 2->2
[2024-08-15T15:20:05.852+0000][10301.797s][info][gc,heap     ] GC(2240) Humongous regions: 6->6
[2024-08-15T15:20:05.852+0000][10301.797s][info][gc,metaspace] GC(2240) Metaspace: 441564K(448640K)->441564K(448640K) NonClass: 386724K(390912K)->386724K(390912K) Class: 54839K(57728K)->54839K(57728K)
[2024-08-15T15:20:05.852+0000][10301.797s][info][gc          ] GC(2240) Pause Young (Prepare Mixed) (G1 Evacuation Pause) 9700M->3702M(12288M) 34.482ms
[2024-08-15T15:20:05.852+0000][10301.797s][info][gc,cpu      ] GC(2240) User=0.21s Sys=0.00s Real=0.03s
[2024-08-15T15:20:06.449+0000][10302.394s][info][gc,start    ] GC(2241) Pause Young (Mixed) (G1 Evacuation Pause)
[2024-08-15T15:20:06.449+0000][10302.394s][info][gc,task     ] GC(2241) Using 6 workers of 6 for evacuation
[2024-08-15T15:20:06.541+0000][10302.486s][info][gc,phases   ] GC(2241)   Pre Evacuate Collection Set: 0.2ms
[2024-08-15T15:20:06.541+0000][10302.486s][info][gc,phases   ] GC(2241)   Merge Heap Roots: 0.5ms
[2024-08-15T15:20:06.541+0000][10302.486s][info][gc,phases   ] GC(2241)   Evacuate Collection Set: 89.9ms
[2024-08-15T15:20:06.541+0000][10302.486s][info][gc,phases   ] GC(2241)   Post Evacuate Collection Set: 1.3ms
[2024-08-15T15:20:06.541+0000][10302.486s][info][gc,phases   ] GC(2241)   Other: 0.2ms
[2024-08-15T15:20:06.541+0000][10302.486s][info][gc,heap     ] GC(2241) Eden regions: 60->0(762)
[2024-08-15T15:20:06.541+0000][10302.486s][info][gc,heap     ] GC(2241) Survivor regions: 16->5(10)
[2024-08-15T15:20:06.541+0000][10302.486s][info][gc,heap     ] GC(2241) Old regions: 441->440
[2024-08-15T15:20:06.541+0000][10302.486s][info][gc,heap     ] GC(2241) Archive regions: 2->2
[2024-08-15T15:20:06.541+0000][10302.486s][info][gc,heap     ] GC(2241) Humongous regions: 6->6
[2024-08-15T15:20:06.541+0000][10302.486s][info][gc,metaspace] GC(2241) Metaspace: 441564K(448640K)->441564K(448640K) NonClass: 386724K(390912K)->386724K(390912K) Class: 54839K(57728K)->54839K(57728K)
[2024-08-15T15:20:06.542+0000][10302.486s][info][gc          ] GC(2241) Pause Young (Mixed) (G1 Evacuation Pause) 4182M->3610M(12288M) 92.210ms
[2024-08-15T15:20:06.542+0000][10302.486s][info][gc,cpu      ] GC(2241) User=0.55s Sys=0.00s Real=0.09s
[2024-08-15T15:20:09.219+0000][10305.163s][info][gc,start    ] GC(2242) Pause Young (Normal) (G1 Evacuation Pause)
[2024-08-15T15:20:09.219+0000][10305.163s][info][gc,task     ] GC(2242) Using 6 workers of 6 for evacuation
[2024-08-15T15:20:09.294+0000][10305.238s][info][gc,phases   ] GC(2242)   Pre Evacuate Collection Set: 0.2ms
[2024-08-15T15:20:09.294+0000][10305.238s][info][gc,phases   ] GC(2242)   Merge Heap Roots: 0.4ms
[2024-08-15T15:20:09.294+0000][10305.238s][info][gc,phases   ] GC(2242)   Evacuate Collection Set: 58.0ms
[2024-08-15T15:20:09.294+0000][10305.238s][info][gc,phases   ] GC(2242)   Post Evacuate Collection Set: 16.3ms
[2024-08-15T15:20:09.294+0000][10305.238s][info][gc,phases   ] GC(2242)   Other: 0.2ms
[2024-08-15T15:20:09.294+0000][10305.238s][info][gc,heap     ] GC(2242) Eden regions: 762->0(752)
[2024-08-15T15:20:09.294+0000][10305.238s][info][gc,heap     ] GC(2242) Survivor regions: 5->11(96)
[2024-08-15T15:20:09.294+0000][10305.238s][info][gc,heap     ] GC(2242) Old regions: 440->440
[2024-08-15T15:20:09.294+0000][10305.238s][info][gc,heap     ] GC(2242) Archive regions: 2->2
[2024-08-15T15:20:09.294+0000][10305.238s][info][gc,heap     ] GC(2242) Humongous regions: 6->6
[2024-08-15T15:20:09.294+0000][10305.238s][info][gc,metaspace] GC(2242) Metaspace: 441565K(448640K)->441565K(448640K) NonClass: 386725K(390912K)->386725K(390912K) Class: 54839K(57728K)->54839K(57728K)
[2024-08-15T15:20:09.294+0000][10305.238s][info][gc          ] GC(2242) Pause Young (Normal) (G1 Evacuation Pause) 9706M->3653M(12288M) 75.153ms
[2024-08-15T15:20:09.294+0000][10305.239s][info][gc,cpu      ] GC(2242) User=0.43s Sys=0.00s Real=0.07s
[2024-08-15T15:20:11.609+0000][10307.554s][info][gc,start    ] GC(2243) Pause Young (Normal) (G1 Evacuation Pause)
[2024-08-15T15:20:11.609+0000][10307.554s][info][gc,task     ] GC(2243) Using 6 workers of 6 for evacuation
[2024-08-15T15:20:11.713+0000][10307.657s][info][gc,phases   ] GC(2243)   Pre Evacuate Collection Set: 0.2ms
[2024-08-15T15:20:11.713+0000][10307.657s][info][gc,phases   ] GC(2243)   Merge Heap Roots: 0.5ms
[2024-08-15T15:20:11.713+0000][10307.657s][info][gc,phases   ] GC(2243)   Evacuate Collection Set: 82.8ms
[2024-08-15T15:20:11.713+0000][10307.657s][info][gc,phases   ] GC(2243)   Post Evacuate Collection Set: 19.6ms
[2024-08-15T15:20:11.713+0000][10307.657s][info][gc,phases   ] GC(2243)   Other: 0.2ms
[2024-08-15T15:20:11.713+0000][10307.657s][info][gc,heap     ] GC(2243) Eden regions: 752->0(746)
[2024-08-15T15:20:11.713+0000][10307.657s][info][gc,heap     ] GC(2243) Survivor regions: 11->17(96)
[2024-08-15T15:20:11.713+0000][10307.657s][info][gc,heap     ] GC(2243) Old regions: 440->440
[2024-08-15T15:20:11.713+0000][10307.657s][info][gc,heap     ] GC(2243) Archive regions: 2->2
[2024-08-15T15:20:11.713+0000][10307.657s][info][gc,heap     ] GC(2243) Humongous regions: 6->6
[2024-08-15T15:20:11.713+0000][10307.657s][info][gc,metaspace] GC(2243) Metaspace: 441565K(448640K)->441565K(448640K) NonClass: 386725K(390912K)->386725K(390912K) Class: 54839K(57728K)->54839K(57728K)
[2024-08-15T15:20:11.713+0000][10307.657s][info][gc          ] GC(2243) Pause Young (Normal) (G1 Evacuation Pause) 9669M->3700M(12288M) 103.324ms
[2024-08-15T15:20:11.713+0000][10307.657s][info][gc,cpu      ] GC(2243) User=0.60s Sys=0.00s Real=0.10s
[2024-08-15T15:20:15.564+0000][10311.508s][info][gc,start    ] GC(2244) Pause Young (Concurrent Start) (G1 Evacuation Pause)
[2024-08-15T15:20:15.564+0000][10311.508s][info][gc,task     ] GC(2244) Using 6 workers of 6 for evacuation
[2024-08-15T15:20:15.590+0000][10311.534s][info][gc,phases   ] GC(2244)   Pre Evacuate Collection Set: 0.5ms
[2024-08-15T15:20:15.590+0000][10311.534s][info][gc,phases   ] GC(2244)   Merge Heap Roots: 0.4ms
[2024-08-15T15:20:15.590+0000][10311.534s][info][gc,phases   ] GC(2244)   Evacuate Collection Set: 22.9ms
[2024-08-15T15:20:15.590+0000][10311.534s][info][gc,phases   ] GC(2244)   Post Evacuate Collection Set: 1.7ms
[2024-08-15T15:20:15.590+0000][10311.534s][info][gc,phases   ] GC(2244)   Other: 0.3ms
[2024-08-15T15:20:15.590+0000][10311.534s][info][gc,heap     ] GC(2244) Eden regions: 746->0(754)
[2024-08-15T15:20:15.590+0000][10311.534s][info][gc,heap     ] GC(2244) Survivor regions: 17->9(96)
[2024-08-15T15:20:15.590+0000][10311.534s][info][gc,heap     ] GC(2244) Old regions: 440->440
[2024-08-15T15:20:15.590+0000][10311.534s][info][gc,heap     ] GC(2244) Archive regions: 2->2
[2024-08-15T15:20:15.590+0000][10311.534s][info][gc,heap     ] GC(2244) Humongous regions: 6->6
[2024-08-15T15:20:15.590+0000][10311.534s][info][gc,metaspace] GC(2244) Metaspace: 441566K(448640K)->441566K(448640K) NonClass: 386725K(390912K)->386725K(390912K) Class: 54840K(57728K)->54840K(57728K)
[2024-08-15T15:20:15.590+0000][10311.534s][info][gc          ] GC(2244) Pause Young (Concurrent Start) (G1 Evacuation Pause) 9668M->3637M(12288M) 25.896ms
[2024-08-15T15:20:15.590+0000][10311.534s][info][gc,cpu      ] GC(2244) User=0.14s Sys=0.00s Real=0.02s
[2024-08-15T15:20:15.590+0000][10311.534s][info][gc          ] GC(2245) Concurrent Mark Cycle
[2024-08-15T15:20:15.590+0000][10311.534s][info][gc,marking  ] GC(2245) Concurrent Clear Claimed Marks
[2024-08-15T15:20:15.590+0000][10311.535s][info][gc,marking  ] GC(2245) Concurrent Clear Claimed Marks 0.394ms
[2024-08-15T15:20:15.590+0000][10311.535s][info][gc,marking  ] GC(2245) Concurrent Scan Root Regions
[2024-08-15T15:20:15.623+0000][10311.568s][info][gc,marking  ] GC(2245) Concurrent Scan Root Regions 32.915ms
[2024-08-15T15:20:15.623+0000][10311.568s][info][gc,marking  ] GC(2245) Concurrent Mark
[2024-08-15T15:20:15.623+0000][10311.568s][info][gc,marking  ] GC(2245) Concurrent Mark From Roots
[2024-08-15T15:20:15.623+0000][10311.568s][info][gc,task     ] GC(2245) Using 2 workers of 2 for marking
[2024-08-15T15:20:18.138+0000][10314.082s][info][gc,marking  ] GC(2245) Concurrent Mark From Roots 2514.678ms
[2024-08-15T15:20:18.138+0000][10314.082s][info][gc,marking  ] GC(2245) Concurrent Preclean
[2024-08-15T15:20:18.140+0000][10314.084s][info][gc,marking  ] GC(2245) Concurrent Preclean 1.833ms
[2024-08-15T15:20:18.140+0000][10314.084s][info][gc,start    ] GC(2245) Pause Remark
[2024-08-15T15:20:18.163+0000][10314.108s][info][gc          ] GC(2245) Pause Remark 5469M->5461M(12288M) 23.247ms
[2024-08-15T15:20:18.163+0000][10314.108s][info][gc,cpu      ] GC(2245) User=0.10s Sys=0.00s Real=0.03s
[2024-08-15T15:20:18.163+0000][10314.108s][info][gc,marking  ] GC(2245) Concurrent Mark 2540.179ms
[2024-08-15T15:20:18.163+0000][10314.108s][info][gc,marking  ] GC(2245) Concurrent Rebuild Remembered Sets
[2024-08-15T15:20:19.723+0000][10315.667s][info][gc,marking  ] GC(2245) Concurrent Rebuild Remembered Sets 1559.504ms
[2024-08-15T15:20:19.723+0000][10315.668s][info][gc,start    ] GC(2245) Pause Cleanup
[2024-08-15T15:20:19.724+0000][10315.668s][info][gc          ] GC(2245) Pause Cleanup 6613M->6613M(12288M) 0.754ms
[2024-08-15T15:20:19.724+0000][10315.668s][info][gc,cpu      ] GC(2245) User=0.00s Sys=0.00s Real=0.01s
[2024-08-15T15:20:19.724+0000][10315.669s][info][gc,marking  ] GC(2245) Concurrent Cleanup for Next Mark
[2024-08-15T15:20:19.742+0000][10315.686s][info][gc,marking  ] GC(2245) Concurrent Cleanup for Next Mark 17.891ms
[2024-08-15T15:20:19.742+0000][10315.686s][info][gc          ] GC(2245) Concurrent Mark Cycle 4152.151ms
[2024-08-15T15:20:23.512+0000][10319.457s][info][gc,start    ] GC(2246) Pause Young (Prepare Mixed) (G1 Evacuation Pause)
[2024-08-15T15:20:23.512+0000][10319.457s][info][gc,task     ] GC(2246) Using 6 workers of 6 for evacuation
[2024-08-15T15:20:23.541+0000][10319.485s][info][gc,phases   ] GC(2246)   Pre Evacuate Collection Set: 0.2ms
[2024-08-15T15:20:23.541+0000][10319.485s][info][gc,phases   ] GC(2246)   Merge Heap Roots: 0.4ms
[2024-08-15T15:20:23.541+0000][10319.485s][info][gc,phases   ] GC(2246)   Evacuate Collection Set: 25.8ms
[2024-08-15T15:20:23.541+0000][10319.485s][info][gc,phases   ] GC(2246)   Post Evacuate Collection Set: 1.8ms
[2024-08-15T15:20:23.541+0000][10319.485s][info][gc,phases   ] GC(2246)   Other: 0.2ms
[2024-08-15T15:20:23.541+0000][10319.485s][info][gc,heap     ] GC(2246) Eden regions: 754->0(66)
[2024-08-15T15:20:23.541+0000][10319.485s][info][gc,heap     ] GC(2246) Survivor regions: 9->10(96)
[2024-08-15T15:20:23.541+0000][10319.485s][info][gc,heap     ] GC(2246) Old regions: 439->439
[2024-08-15T15:20:23.541+0000][10319.485s][info][gc,heap     ] GC(2246) Archive regions: 2->2
[2024-08-15T15:20:23.541+0000][10319.485s][info][gc,heap     ] GC(2246) Humongous regions: 6->6
[2024-08-15T15:20:23.541+0000][10319.485s][info][gc,metaspace] GC(2246) Metaspace: 441566K(448640K)->441566K(448640K) NonClass: 386726K(390912K)->386726K(390912K) Class: 54840K(57728K)->54840K(57728K)
[2024-08-15T15:20:23.541+0000][10319.485s][info][gc          ] GC(2246) Pause Young (Prepare Mixed) (G1 Evacuation Pause) 9661M->3642M(12288M) 28.503ms
[2024-08-15T15:20:23.541+0000][10319.486s][info][gc,cpu      ] GC(2246) User=0.17s Sys=0.00s Real=0.03s
[2024-08-15T15:20:24.242+0000][10320.186s][info][gc,start    ] GC(2247) Pause Young (Mixed) (G1 Evacuation Pause)
[2024-08-15T15:20:24.242+0000][10320.186s][info][gc,task     ] GC(2247) Using 6 workers of 6 for evacuation
[2024-08-15T15:20:24.317+0000][10320.262s][info][gc,phases   ] GC(2247)   Pre Evacuate Collection Set: 0.2ms
[2024-08-15T15:20:24.317+0000][10320.262s][info][gc,phases   ] GC(2247)   Merge Heap Roots: 0.5ms
[2024-08-15T15:20:24.317+0000][10320.262s][info][gc,phases   ] GC(2247)   Evacuate Collection Set: 73.6ms
[2024-08-15T15:20:24.317+0000][10320.262s][info][gc,phases   ] GC(2247)   Post Evacuate Collection Set: 1.3ms
[2024-08-15T15:20:24.317+0000][10320.262s][info][gc,phases   ] GC(2247)   Other: 0.2ms
[2024-08-15T15:20:24.317+0000][10320.262s][info][gc,heap     ] GC(2247) Eden regions: 66->0(767)
[2024-08-15T15:20:24.317+0000][10320.262s][info][gc,heap     ] GC(2247) Survivor regions: 10->6(10)
[2024-08-15T15:20:24.317+0000][10320.262s][info][gc,heap     ] GC(2247) Old regions: 439->431
[2024-08-15T15:20:24.317+0000][10320.262s][info][gc,heap     ] GC(2247) Archive regions: 2->2
[2024-08-15T15:20:24.318+0000][10320.262s][info][gc,heap     ] GC(2247) Humongous regions: 6->6
[2024-08-15T15:20:24.318+0000][10320.262s][info][gc,metaspace] GC(2247) Metaspace: 441566K(448640K)->441566K(448640K) NonClass: 386726K(390912K)->386726K(390912K) Class: 54840K(57728K)->54840K(57728K)
[2024-08-15T15:20:24.318+0000][10320.262s][info][gc          ] GC(2247) Pause Young (Mixed) (G1 Evacuation Pause) 4170M->3540M(12288M) 75.767ms
[2024-08-15T15:20:24.318+0000][10320.262s][info][gc,cpu      ] GC(2247) User=0.45s Sys=0.00s Real=0.08s
[2024-08-15T15:20:32.426+0000][10328.370s][info][gc,start    ] GC(2248) Pause Young (Normal) (G1 Evacuation Pause)
[2024-08-15T15:20:32.426+0000][10328.370s][info][gc,task     ] GC(2248) Using 6 workers of 6 for evacuation
[2024-08-15T15:20:32.450+0000][10328.394s][info][gc,phases   ] GC(2248)   Pre Evacuate Collection Set: 0.2ms
[2024-08-15T15:20:32.450+0000][10328.394s][info][gc,phases   ] GC(2248)   Merge Heap Roots: 0.2ms
[2024-08-15T15:20:32.450+0000][10328.394s][info][gc,phases   ] GC(2248)   Evacuate Collection Set: 21.9ms
[2024-08-15T15:20:32.450+0000][10328.394s][info][gc,phases   ] GC(2248)   Post Evacuate Collection Set: 1.8ms
[2024-08-15T15:20:32.450+0000][10328.394s][info][gc,phases   ] GC(2248)   Other: 0.2ms
[2024-08-15T15:20:32.450+0000][10328.394s][info][gc,heap     ] GC(2248) Eden regions: 767->0(765)
[2024-08-15T15:20:32.450+0000][10328.394s][info][gc,heap     ] GC(2248) Survivor regions: 6->9(97)
[2024-08-15T15:20:32.450+0000][10328.394s][info][gc,heap     ] GC(2248) Old regions: 431->431
[2024-08-15T15:20:32.450+0000][10328.394s][info][gc,heap     ] GC(2248) Archive regions: 2->2
[2024-08-15T15:20:32.450+0000][10328.395s][info][gc,heap     ] GC(2248) Humongous regions: 6->6
[2024-08-15T15:20:32.450+0000][10328.395s][info][gc,metaspace] GC(2248) Metaspace: 441566K(448640K)->441566K(448640K) NonClass: 386726K(390912K)->386726K(390912K) Class: 54840K(57728K)->54840K(57728K)
[2024-08-15T15:20:32.450+0000][10328.395s][info][gc          ] GC(2248) Pause Young (Normal) (G1 Evacuation Pause) 9676M->3562M(12288M) 24.401ms
[2024-08-15T15:20:32.450+0000][10328.395s][info][gc,cpu      ] GC(2248) User=0.14s Sys=0.00s Real=0.02s
[2024-08-15T15:20:40.205+0000][10336.150s][info][gc,start    ] GC(2249) Pause Young (Normal) (G1 Evacuation Pause)
[2024-08-15T15:20:40.205+0000][10336.150s][info][gc,task     ] GC(2249) Using 6 workers of 6 for evacuation
[2024-08-15T15:20:40.233+0000][10336.177s][info][gc,phases   ] GC(2249)   Pre Evacuate Collection Set: 0.2ms
[2024-08-15T15:20:40.233+0000][10336.177s][info][gc,phases   ] GC(2249)   Merge Heap Roots: 0.3ms
[2024-08-15T15:20:40.233+0000][10336.177s][info][gc,phases   ] GC(2249)   Evacuate Collection Set: 25.1ms
[2024-08-15T15:20:40.233+0000][10336.177s][info][gc,phases   ] GC(2249)   Post Evacuate Collection Set: 1.7ms
[2024-08-15T15:20:40.233+0000][10336.177s][info][gc,phases   ] GC(2249)   Other: 0.2ms
[2024-08-15T15:20:40.233+0000][10336.177s][info][gc,heap     ] GC(2249) Eden regions: 765->0(765)
[2024-08-15T15:20:40.233+0000][10336.177s][info][gc,heap     ] GC(2249) Survivor regions: 9->10(97)
[2024-08-15T15:20:40.233+0000][10336.177s][info][gc,heap     ] GC(2249) Old regions: 431->431
[2024-08-15T15:20:40.233+0000][10336.177s][info][gc,heap     ] GC(2249) Archive regions: 2->2
[2024-08-15T15:20:40.233+0000][10336.177s][info][gc,heap     ] GC(2249) Humongous regions: 6->6
[2024-08-15T15:20:40.233+0000][10336.177s][info][gc,metaspace] GC(2249) Metaspace: 441568K(448640K)->441568K(448640K) NonClass: 386728K(390912K)->386728K(390912K) Class: 54840K(57728K)->54840K(57728K)
[2024-08-15T15:20:40.233+0000][10336.177s][info][gc          ] GC(2249) Pause Young (Normal) (G1 Evacuation Pause) 9682M->3567M(12288M) 27.520ms
[2024-08-15T15:20:40.233+0000][10336.177s][info][gc,cpu      ] GC(2249) User=0.16s Sys=0.00s Real=0.02s
[2024-08-15T15:20:46.208+0000][10342.152s][info][gc,start    ] GC(2250) Pause Young (Concurrent Start) (G1 Evacuation Pause)
[2024-08-15T15:20:46.208+0000][10342.152s][info][gc,task     ] GC(2250) Using 6 workers of 6 for evacuation
[2024-08-15T15:20:46.257+0000][10342.201s][info][gc,phases   ] GC(2250)   Pre Evacuate Collection Set: 0.5ms
[2024-08-15T15:20:46.257+0000][10342.201s][info][gc,phases   ] GC(2250)   Merge Heap Roots: 0.2ms
[2024-08-15T15:20:46.257+0000][10342.201s][info][gc,phases   ] GC(2250)   Evacuate Collection Set: 41.1ms
[2024-08-15T15:20:46.257+0000][10342.201s][info][gc,phases   ] GC(2250)   Post Evacuate Collection Set: 7.0ms
[2024-08-15T15:20:46.257+0000][10342.201s][info][gc,phases   ] GC(2250)   Other: 0.3ms
[2024-08-15T15:20:46.257+0000][10342.201s][info][gc,heap     ] GC(2250) Eden regions: 765->0(760)
[2024-08-15T15:20:46.257+0000][10342.201s][info][gc,heap     ] GC(2250) Survivor regions: 10->14(97)
[2024-08-15T15:20:46.257+0000][10342.201s][info][gc,heap     ] GC(2250) Old regions: 431->431
[2024-08-15T15:20:46.257+0000][10342.201s][info][gc,heap     ] GC(2250) Archive regions: 2->2
[2024-08-15T15:20:46.257+0000][10342.201s][info][gc,heap     ] GC(2250) Humongous regions: 6->6
[2024-08-15T15:20:46.257+0000][10342.202s][info][gc,metaspace] GC(2250) Metaspace: 441568K(448640K)->441568K(448640K) NonClass: 386728K(390912K)->386728K(390912K) Class: 54840K(57728K)->54840K(57728K)
[2024-08-15T15:20:46.257+0000][10342.202s][info][gc          ] GC(2250) Pause Young (Concurrent Start) (G1 Evacuation Pause) 9687M->3599M(12288M) 49.194ms
[2024-08-15T15:20:46.257+0000][10342.202s][info][gc,cpu      ] GC(2250) User=0.28s Sys=0.00s Real=0.05s
[2024-08-15T15:20:46.257+0000][10342.202s][info][gc          ] GC(2251) Concurrent Mark Cycle
[2024-08-15T15:20:46.257+0000][10342.202s][info][gc,marking  ] GC(2251) Concurrent Clear Claimed Marks
[2024-08-15T15:20:46.257+0000][10342.202s][info][gc,marking  ] GC(2251) Concurrent Clear Claimed Marks 0.399ms
[2024-08-15T15:20:46.257+0000][10342.202s][info][gc,marking  ] GC(2251) Concurrent Scan Root Regions
[2024-08-15T15:20:46.296+0000][10342.240s][info][gc,marking  ] GC(2251) Concurrent Scan Root Regions 38.161ms
[2024-08-15T15:20:46.296+0000][10342.240s][info][gc,marking  ] GC(2251) Concurrent Mark
[2024-08-15T15:20:46.296+0000][10342.240s][info][gc,marking  ] GC(2251) Concurrent Mark From Roots
[2024-08-15T15:20:46.296+0000][10342.240s][info][gc,task     ] GC(2251) Using 2 workers of 2 for marking
[2024-08-15T15:20:48.766+0000][10344.711s][info][gc,marking  ] GC(2251) Concurrent Mark From Roots 2470.781ms
[2024-08-15T15:20:48.766+0000][10344.711s][info][gc,marking  ] GC(2251) Concurrent Preclean
[2024-08-15T15:20:48.768+0000][10344.713s][info][gc,marking  ] GC(2251) Concurrent Preclean 1.528ms
[2024-08-15T15:20:48.768+0000][10344.713s][info][gc,start    ] GC(2251) Pause Remark
[2024-08-15T15:20:48.791+0000][10344.736s][info][gc          ] GC(2251) Pause Remark 8703M->8703M(12288M) 23.263ms
[2024-08-15T15:20:48.792+0000][10344.736s][info][gc,cpu      ] GC(2251) User=0.10s Sys=0.00s Real=0.02s
[2024-08-15T15:20:48.792+0000][10344.736s][info][gc,marking  ] GC(2251) Concurrent Mark 2496.013ms
[2024-08-15T15:20:48.792+0000][10344.736s][info][gc,marking  ] GC(2251) Concurrent Rebuild Remembered Sets
[2024-08-15T15:20:49.212+0000][10345.157s][info][gc,start    ] GC(2252) Pause Young (Normal) (G1 Evacuation Pause)
[2024-08-15T15:20:49.212+0000][10345.157s][info][gc,task     ] GC(2252) Using 6 workers of 6 for evacuation
[2024-08-15T15:20:49.298+0000][10345.243s][info][gc,phases   ] GC(2252)   Pre Evacuate Collection Set: 0.2ms
[2024-08-15T15:20:49.298+0000][10345.243s][info][gc,phases   ] GC(2252)   Merge Heap Roots: 0.3ms
[2024-08-15T15:20:49.298+0000][10345.243s][info][gc,phases   ] GC(2252)   Evacuate Collection Set: 69.5ms
[2024-08-15T15:20:49.298+0000][10345.243s][info][gc,phases   ] GC(2252)   Post Evacuate Collection Set: 16.0ms
[2024-08-15T15:20:49.298+0000][10345.243s][info][gc,phases   ] GC(2252)   Other: 0.2ms
[2024-08-15T15:20:49.298+0000][10345.243s][info][gc,heap     ] GC(2252) Eden regions: 760->0(751)
[2024-08-15T15:20:49.298+0000][10345.243s][info][gc,heap     ] GC(2252) Survivor regions: 14->19(97)
[2024-08-15T15:20:49.298+0000][10345.243s][info][gc,heap     ] GC(2252) Old regions: 431->431
[2024-08-15T15:20:49.298+0000][10345.243s][info][gc,heap     ] GC(2252) Archive regions: 2->2
[2024-08-15T15:20:49.298+0000][10345.243s][info][gc,heap     ] GC(2252) Humongous regions: 6->6
[2024-08-15T15:20:49.298+0000][10345.243s][info][gc,metaspace] GC(2252) Metaspace: 441575K(448640K)->441575K(448640K) NonClass: 386735K(390912K)->386735K(390912K) Class: 54840K(57728K)->54840K(57728K)
[2024-08-15T15:20:49.298+0000][10345.243s][info][gc          ] GC(2252) Pause Young (Normal) (G1 Evacuation Pause) 9679M->3643M(12288M) 86.215ms
[2024-08-15T15:20:49.298+0000][10345.243s][info][gc,cpu      ] GC(2252) User=0.49s Sys=0.01s Real=0.09s
[2024-08-15T15:20:50.419+0000][10346.364s][info][gc,marking  ] GC(2251) Concurrent Rebuild Remembered Sets 1627.625ms
[2024-08-15T15:20:50.419+0000][10346.364s][info][gc,start    ] GC(2251) Pause Cleanup
[2024-08-15T15:20:50.420+0000][10346.365s][info][gc          ] GC(2251) Pause Cleanup 5939M->5939M(12288M) 0.708ms
[2024-08-15T15:20:50.420+0000][10346.365s][info][gc,cpu      ] GC(2251) User=0.00s Sys=0.00s Real=0.00s
[2024-08-15T15:20:50.420+0000][10346.365s][info][gc,marking  ] GC(2251) Concurrent Cleanup for Next Mark
[2024-08-15T15:20:50.437+0000][10346.382s][info][gc,marking  ] GC(2251) Concurrent Cleanup for Next Mark 16.923ms
[2024-08-15T15:20:50.437+0000][10346.382s][info][gc          ] GC(2251) Concurrent Mark Cycle 4180.249ms
[2024-08-15T15:20:52.119+0000][10348.063s][info][gc,start    ] GC(2253) Pause Young (Prepare Mixed) (G1 Evacuation Pause)
[2024-08-15T15:20:52.119+0000][10348.063s][info][gc,task     ] GC(2253) Using 6 workers of 6 for evacuation
[2024-08-15T15:20:52.228+0000][10348.173s][info][gc,phases   ] GC(2253)   Pre Evacuate Collection Set: 0.2ms
[2024-08-15T15:20:52.228+0000][10348.173s][info][gc,phases   ] GC(2253)   Merge Heap Roots: 0.4ms
[2024-08-15T15:20:52.228+0000][10348.173s][info][gc,phases   ] GC(2253)   Evacuate Collection Set: 90.7ms
[2024-08-15T15:20:52.228+0000][10348.173s][info][gc,phases   ] GC(2253)   Post Evacuate Collection Set: 18.0ms
[2024-08-15T15:20:52.228+0000][10348.173s][info][gc,phases   ] GC(2253)   Other: 0.2ms
[2024-08-15T15:20:52.228+0000][10348.173s][info][gc,heap     ] GC(2253) Eden regions: 751->0(52)
[2024-08-15T15:20:52.228+0000][10348.173s][info][gc,heap     ] GC(2253) Survivor regions: 19->24(97)
[2024-08-15T15:20:52.228+0000][10348.173s][info][gc,heap     ] GC(2253) Old regions: 431->431
[2024-08-15T15:20:52.228+0000][10348.173s][info][gc,heap     ] GC(2253) Archive regions: 2->2
[2024-08-15T15:20:52.228+0000][10348.173s][info][gc,heap     ] GC(2253) Humongous regions: 6->6
[2024-08-15T15:20:52.228+0000][10348.173s][info][gc,metaspace] GC(2253) Metaspace: 441577K(448640K)->441577K(448640K) NonClass: 386737K(390912K)->386737K(390912K) Class: 54840K(57728K)->54840K(57728K)
[2024-08-15T15:20:52.228+0000][10348.173s][info][gc          ] GC(2253) Pause Young (Prepare Mixed) (G1 Evacuation Pause) 9651M->3681M(12288M) 109.635ms
[2024-08-15T15:20:52.228+0000][10348.173s][info][gc,cpu      ] GC(2253) User=0.64s Sys=0.00s Real=0.11s
[2024-08-15T15:20:52.428+0000][10348.372s][info][gc,start    ] GC(2254) Pause Young (Mixed) (G1 Evacuation Pause)
[2024-08-15T15:20:52.428+0000][10348.372s][info][gc,task     ] GC(2254) Using 6 workers of 6 for evacuation
[2024-08-15T15:20:52.560+0000][10348.505s][info][gc,phases   ] GC(2254)   Pre Evacuate Collection Set: 0.2ms
[2024-08-15T15:20:52.560+0000][10348.505s][info][gc,phases   ] GC(2254)   Merge Heap Roots: 0.6ms
[2024-08-15T15:20:52.560+0000][10348.505s][info][gc,phases   ] GC(2254)   Evacuate Collection Set: 129.2ms
[2024-08-15T15:20:52.560+0000][10348.505s][info][gc,phases   ] GC(2254)   Post Evacuate Collection Set: 2.7ms
[2024-08-15T15:20:52.560+0000][10348.505s][info][gc,phases   ] GC(2254)   Other: 0.2ms
[2024-08-15T15:20:52.560+0000][10348.505s][info][gc,heap     ] GC(2254) Eden regions: 52->0(759)
[2024-08-15T15:20:52.560+0000][10348.505s][info][gc,heap     ] GC(2254) Survivor regions: 24->3(10)
[2024-08-15T15:20:52.560+0000][10348.505s][info][gc,heap     ] GC(2254) Old regions: 431->442
[2024-08-15T15:20:52.560+0000][10348.505s][info][gc,heap     ] GC(2254) Archive regions: 2->2
[2024-08-15T15:20:52.560+0000][10348.505s][info][gc,heap     ] GC(2254) Humongous regions: 6->6
[2024-08-15T15:20:52.560+0000][10348.505s][info][gc,metaspace] GC(2254) Metaspace: 441577K(448640K)->441577K(448640K) NonClass: 386737K(390912K)->386737K(390912K) Class: 54840K(57728K)->54840K(57728K)
[2024-08-15T15:20:52.560+0000][10348.505s][info][gc          ] GC(2254) Pause Young (Mixed) (G1 Evacuation Pause) 4097M->3607M(12288M) 132.862ms
[2024-08-15T15:20:52.560+0000][10348.505s][info][gc,cpu      ] GC(2254) User=0.79s Sys=0.00s Real=0.13s
[2024-08-15T15:20:55.093+0000][10351.038s][info][gc,start    ] GC(2255) Pause Young (Normal) (G1 Evacuation Pause)
[2024-08-15T15:20:55.093+0000][10351.038s][info][gc,task     ] GC(2255) Using 6 workers of 6 for evacuation
[2024-08-15T15:20:55.157+0000][10351.102s][info][gc,phases   ] GC(2255)   Pre Evacuate Collection Set: 0.2ms
[2024-08-15T15:20:55.157+0000][10351.102s][info][gc,phases   ] GC(2255)   Merge Heap Roots: 0.3ms
[2024-08-15T15:20:55.157+0000][10351.102s][info][gc,phases   ] GC(2255)   Evacuate Collection Set: 47.2ms
[2024-08-15T15:20:55.157+0000][10351.102s][info][gc,phases   ] GC(2255)   Post Evacuate Collection Set: 16.5ms
[2024-08-15T15:20:55.157+0000][10351.102s][info][gc,phases   ] GC(2255)   Other: 0.2ms
[2024-08-15T15:20:55.158+0000][10351.102s][info][gc,heap     ] GC(2255) Eden regions: 759->0(756)
[2024-08-15T15:20:55.158+0000][10351.102s][info][gc,heap     ] GC(2255) Survivor regions: 3->6(96)
[2024-08-15T15:20:55.158+0000][10351.102s][info][gc,heap     ] GC(2255) Old regions: 442->442
[2024-08-15T15:20:55.158+0000][10351.102s][info][gc,heap     ] GC(2255) Archive regions: 2->2
[2024-08-15T15:20:55.158+0000][10351.102s][info][gc,heap     ] GC(2255) Humongous regions: 6->6
[2024-08-15T15:20:55.158+0000][10351.102s][info][gc,metaspace] GC(2255) Metaspace: 441577K(448640K)->441577K(448640K) NonClass: 386737K(390912K)->386737K(390912K) Class: 54840K(57728K)->54840K(57728K)
[2024-08-15T15:20:55.158+0000][10351.102s][info][gc          ] GC(2255) Pause Young (Normal) (G1 Evacuation Pause) 9679M->3631M(12288M) 64.502ms
[2024-08-15T15:20:55.158+0000][10351.102s][info][gc,cpu      ] GC(2255) User=0.38s Sys=0.00s Real=0.07s
[2024-08-15T15:20:57.705+0000][10353.649s][info][gc,start    ] GC(2256) Pause Young (Normal) (G1 Evacuation Pause)
[2024-08-15T15:20:57.705+0000][10353.649s][info][gc,task     ] GC(2256) Using 6 workers of 6 for evacuation
[2024-08-15T15:20:57.783+0000][10353.728s][info][gc,phases   ] GC(2256)   Pre Evacuate Collection Set: 0.2ms
[2024-08-15T15:20:57.783+0000][10353.728s][info][gc,phases   ] GC(2256)   Merge Heap Roots: 0.4ms
[2024-08-15T15:20:57.783+0000][10353.728s][info][gc,phases   ] GC(2256)   Evacuate Collection Set: 61.2ms
[2024-08-15T15:20:57.783+0000][10353.728s][info][gc,phases   ] GC(2256)   Post Evacuate Collection Set: 16.7ms
[2024-08-15T15:20:57.783+0000][10353.728s][info][gc,phases   ] GC(2256)   Other: 0.2ms
[2024-08-15T15:20:57.783+0000][10353.728s][info][gc,heap     ] GC(2256) Eden regions: 756->0(752)
[2024-08-15T15:20:57.783+0000][10353.728s][info][gc,heap     ] GC(2256) Survivor regions: 6->10(96)
[2024-08-15T15:20:57.783+0000][10353.728s][info][gc,heap     ] GC(2256) Old regions: 442->442
[2024-08-15T15:20:57.783+0000][10353.728s][info][gc,heap     ] GC(2256) Archive regions: 2->2
[2024-08-15T15:20:57.783+0000][10353.728s][info][gc,heap     ] GC(2256) Humongous regions: 6->6
[2024-08-15T15:20:57.783+0000][10353.728s][info][gc,metaspace] GC(2256) Metaspace: 441577K(448640K)->441577K(448640K) NonClass: 386737K(390912K)->386737K(390912K) Class: 54840K(57728K)->54840K(57728K)
[2024-08-15T15:20:57.783+0000][10353.728s][info][gc          ] GC(2256) Pause Young (Normal) (G1 Evacuation Pause) 9679M->3663M(12288M) 78.696ms
[2024-08-15T15:20:57.783+0000][10353.728s][info][gc,cpu      ] GC(2256) User=0.46s Sys=0.00s Real=0.08s
[2024-08-15T15:21:00.088+0000][10356.032s][info][gc,start    ] GC(2257) Pause Young (Concurrent Start) (G1 Evacuation Pause)
[2024-08-15T15:21:00.088+0000][10356.032s][info][gc,task     ] GC(2257) Using 6 workers of 6 for evacuation
[2024-08-15T15:21:00.162+0000][10356.107s][info][gc,phases   ] GC(2257)   Pre Evacuate Collection Set: 0.5ms
[2024-08-15T15:21:00.162+0000][10356.107s][info][gc,phases   ] GC(2257)   Merge Heap Roots: 0.3ms
[2024-08-15T15:21:00.162+0000][10356.107s][info][gc,phases   ] GC(2257)   Evacuate Collection Set: 60.4ms
[2024-08-15T15:21:00.162+0000][10356.107s][info][gc,phases   ] GC(2257)   Post Evacuate Collection Set: 12.8ms
[2024-08-15T15:21:00.162+0000][10356.107s][info][gc,phases   ] GC(2257)   Other: 0.3ms
[2024-08-15T15:21:00.162+0000][10356.107s][info][gc,heap     ] GC(2257) Eden regions: 752->0(750)
[2024-08-15T15:21:00.162+0000][10356.107s][info][gc,heap     ] GC(2257) Survivor regions: 10->13(96)
[2024-08-15T15:21:00.162+0000][10356.107s][info][gc,heap     ] GC(2257) Old regions: 442->442
[2024-08-15T15:21:00.162+0000][10356.107s][info][gc,heap     ] GC(2257) Archive regions: 2->2
[2024-08-15T15:21:00.162+0000][10356.107s][info][gc,heap     ] GC(2257) Humongous regions: 6->6
[2024-08-15T15:21:00.162+0000][10356.107s][info][gc,metaspace] GC(2257) Metaspace: 441577K(448640K)->441577K(448640K) NonClass: 386737K(390912K)->386737K(390912K) Class: 54840K(57728K)->54840K(57728K)
[2024-08-15T15:21:00.162+0000][10356.107s][info][gc          ] GC(2257) Pause Young (Concurrent Start) (G1 Evacuation Pause) 9679M->3687M(12288M) 74.480ms
[2024-08-15T15:21:00.162+0000][10356.107s][info][gc,cpu      ] GC(2257) User=0.43s Sys=0.00s Real=0.07s
[2024-08-15T15:21:00.162+0000][10356.107s][info][gc          ] GC(2258) Concurrent Mark Cycle
[2024-08-15T15:21:00.162+0000][10356.107s][info][gc,marking  ] GC(2258) Concurrent Clear Claimed Marks
[2024-08-15T15:21:00.163+0000][10356.107s][info][gc,marking  ] GC(2258) Concurrent Clear Claimed Marks 0.418ms
[2024-08-15T15:21:00.163+0000][10356.107s][info][gc,marking  ] GC(2258) Concurrent Scan Root Regions
[2024-08-15T15:21:00.202+0000][10356.147s][info][gc,marking  ] GC(2258) Concurrent Scan Root Regions 39.443ms
[2024-08-15T15:21:00.202+0000][10356.147s][info][gc,marking  ] GC(2258) Concurrent Mark
[2024-08-15T15:21:00.202+0000][10356.147s][info][gc,marking  ] GC(2258) Concurrent Mark From Roots
[2024-08-15T15:21:00.202+0000][10356.147s][info][gc,task     ] GC(2258) Using 2 workers of 2 for marking
[2024-08-15T15:21:02.750+0000][10358.694s][info][gc,marking  ] GC(2258) Concurrent Mark From Roots 2547.444ms
[2024-08-15T15:21:02.750+0000][10358.694s][info][gc,marking  ] GC(2258) Concurrent Preclean
[2024-08-15T15:21:02.751+0000][10358.696s][info][gc,marking  ] GC(2258) Concurrent Preclean 1.453ms
[2024-08-15T15:21:02.751+0000][10358.696s][info][gc,start    ] GC(2258) Pause Remark
[2024-08-15T15:21:02.777+0000][10358.721s][info][gc          ] GC(2258) Pause Remark 9387M->9379M(12288M) 25.137ms
[2024-08-15T15:21:02.777+0000][10358.721s][info][gc,cpu      ] GC(2258) User=0.11s Sys=0.00s Real=0.03s
[2024-08-15T15:21:02.777+0000][10358.721s][info][gc,marking  ] GC(2258) Concurrent Mark 2574.476ms
[2024-08-15T15:21:02.777+0000][10358.721s][info][gc,marking  ] GC(2258) Concurrent Rebuild Remembered Sets
[2024-08-15T15:21:02.909+0000][10358.854s][info][gc,start    ] GC(2259) Pause Young (Normal) (G1 Evacuation Pause)
[2024-08-15T15:21:02.909+0000][10358.854s][info][gc,task     ] GC(2259) Using 6 workers of 6 for evacuation
[2024-08-15T15:21:03.008+0000][10358.953s][info][gc,phases   ] GC(2259)   Pre Evacuate Collection Set: 0.2ms
[2024-08-15T15:21:03.008+0000][10358.953s][info][gc,phases   ] GC(2259)   Merge Heap Roots: 0.4ms
[2024-08-15T15:21:03.008+0000][10358.953s][info][gc,phases   ] GC(2259)   Evacuate Collection Set: 79.9ms
[2024-08-15T15:21:03.008+0000][10358.953s][info][gc,phases   ] GC(2259)   Post Evacuate Collection Set: 18.1ms
[2024-08-15T15:21:03.008+0000][10358.953s][info][gc,phases   ] GC(2259)   Other: 0.2ms
[2024-08-15T15:21:03.008+0000][10358.953s][info][gc,heap     ] GC(2259) Eden regions: 750->0(745)
[2024-08-15T15:21:03.008+0000][10358.953s][info][gc,heap     ] GC(2259) Survivor regions: 13->17(96)
[2024-08-15T15:21:03.008+0000][10358.953s][info][gc,heap     ] GC(2259) Old regions: 442->442
[2024-08-15T15:21:03.008+0000][10358.953s][info][gc,heap     ] GC(2259) Archive regions: 2->2
[2024-08-15T15:21:03.008+0000][10358.953s][info][gc,heap     ] GC(2259) Humongous regions: 5->5
[2024-08-15T15:21:03.008+0000][10358.953s][info][gc,metaspace] GC(2259) Metaspace: 441577K(448640K)->441577K(448640K) NonClass: 386737K(390912K)->386737K(390912K) Class: 54840K(57728K)->54840K(57728K)
[2024-08-15T15:21:03.008+0000][10358.953s][info][gc          ] GC(2259) Pause Young (Normal) (G1 Evacuation Pause) 9679M->3711M(12288M) 98.929ms
[2024-08-15T15:21:03.008+0000][10358.953s][info][gc,cpu      ] GC(2259) User=0.58s Sys=0.00s Real=0.10s
[2024-08-15T15:21:04.463+0000][10360.408s][info][gc,marking  ] GC(2258) Concurrent Rebuild Remembered Sets 1686.177ms
[2024-08-15T15:21:04.463+0000][10360.408s][info][gc,start    ] GC(2258) Pause Cleanup
[2024-08-15T15:21:04.464+0000][10360.408s][info][gc          ] GC(2258) Pause Cleanup 6859M->6859M(12288M) 0.702ms
[2024-08-15T15:21:04.464+0000][10360.409s][info][gc,cpu      ] GC(2258) User=0.00s Sys=0.00s Real=0.00s
[2024-08-15T15:21:04.464+0000][10360.409s][info][gc,marking  ] GC(2258) Concurrent Cleanup for Next Mark
[2024-08-15T15:21:04.482+0000][10360.427s][info][gc,marking  ] GC(2258) Concurrent Cleanup for Next Mark 18.155ms
[2024-08-15T15:21:04.482+0000][10360.427s][info][gc          ] GC(2258) Concurrent Mark Cycle 4319.904ms
[2024-08-15T15:21:05.432+0000][10361.377s][info][gc,start    ] GC(2260) Pause Young (Prepare Mixed) (G1 Evacuation Pause)
[2024-08-15T15:21:05.432+0000][10361.377s][info][gc,task     ] GC(2260) Using 6 workers of 6 for evacuation
[2024-08-15T15:21:05.546+0000][10361.490s][info][gc,phases   ] GC(2260)   Pre Evacuate Collection Set: 0.1ms
[2024-08-15T15:21:05.546+0000][10361.490s][info][gc,phases   ] GC(2260)   Merge Heap Roots: 0.5ms
[2024-08-15T15:21:05.546+0000][10361.490s][info][gc,phases   ] GC(2260)   Evacuate Collection Set: 94.2ms
[2024-08-15T15:21:05.546+0000][10361.490s][info][gc,phases   ] GC(2260)   Post Evacuate Collection Set: 18.6ms
[2024-08-15T15:21:05.546+0000][10361.490s][info][gc,phases   ] GC(2260)   Other: 0.2ms
[2024-08-15T15:21:05.546+0000][10361.490s][info][gc,heap     ] GC(2260) Eden regions: 745->0(55)
[2024-08-15T15:21:05.546+0000][10361.490s][info][gc,heap     ] GC(2260) Survivor regions: 17->21(96)
[2024-08-15T15:21:05.546+0000][10361.490s][info][gc,heap     ] GC(2260) Old regions: 442->442
[2024-08-15T15:21:05.546+0000][10361.490s][info][gc,heap     ] GC(2260) Archive regions: 2->2
[2024-08-15T15:21:05.546+0000][10361.490s][info][gc,heap     ] GC(2260) Humongous regions: 5->5
[2024-08-15T15:21:05.546+0000][10361.490s][info][gc,metaspace] GC(2260) Metaspace: 441577K(448640K)->441577K(448640K) NonClass: 386737K(390912K)->386737K(390912K) Class: 54840K(57728K)->54840K(57728K)
[2024-08-15T15:21:05.546+0000][10361.490s][info][gc          ] GC(2260) Pause Young (Prepare Mixed) (G1 Evacuation Pause) 9671M->3743M(12288M) 113.771ms
[2024-08-15T15:21:05.546+0000][10361.490s][info][gc,cpu      ] GC(2260) User=0.66s Sys=0.00s Real=0.12s
[2024-08-15T15:21:05.791+0000][10361.736s][info][gc,start    ] GC(2261) Pause Young (Mixed) (G1 Evacuation Pause)
[2024-08-15T15:21:05.791+0000][10361.736s][info][gc,task     ] GC(2261) Using 6 workers of 6 for evacuation
[2024-08-15T15:21:05.892+0000][10361.837s][info][gc,phases   ] GC(2261)   Pre Evacuate Collection Set: 0.2ms
[2024-08-15T15:21:05.892+0000][10361.837s][info][gc,phases   ] GC(2261)   Merge Heap Roots: 0.5ms
[2024-08-15T15:21:05.892+0000][10361.837s][info][gc,phases   ] GC(2261)   Evacuate Collection Set: 97.8ms
[2024-08-15T15:21:05.892+0000][10361.837s][info][gc,phases   ] GC(2261)   Post Evacuate Collection Set: 2.4ms
[2024-08-15T15:21:05.892+0000][10361.837s][info][gc,phases   ] GC(2261)   Other: 0.2ms
[2024-08-15T15:21:05.892+0000][10361.837s][info][gc,heap     ] GC(2261) Eden regions: 55->0(760)
[2024-08-15T15:21:05.892+0000][10361.837s][info][gc,heap     ] GC(2261) Survivor regions: 21->6(10)
[2024-08-15T15:21:05.892+0000][10361.837s][info][gc,heap     ] GC(2261) Old regions: 442->440
[2024-08-15T15:21:05.892+0000][10361.837s][info][gc,heap     ] GC(2261) Archive regions: 2->2
[2024-08-15T15:21:05.892+0000][10361.837s][info][gc,heap     ] GC(2261) Humongous regions: 5->5
[2024-08-15T15:21:05.892+0000][10361.837s][info][gc,metaspace] GC(2261) Metaspace: 441577K(448640K)->441577K(448640K) NonClass: 386737K(390912K)->386737K(390912K) Class: 54840K(57728K)->54840K(57728K)
[2024-08-15T15:21:05.892+0000][10361.837s][info][gc          ] GC(2261) Pause Young (Mixed) (G1 Evacuation Pause) 4183M->3603M(12288M) 101.142ms
[2024-08-15T15:21:05.892+0000][10361.837s][info][gc,cpu      ] GC(2261) User=0.60s Sys=0.00s Real=0.10s
[2024-08-15T15:21:10.114+0000][10366.058s][info][gc,start    ] GC(2262) Pause Young (Normal) (G1 Evacuation Pause)
[2024-08-15T15:21:10.114+0000][10366.058s][info][gc,task     ] GC(2262) Using 6 workers of 6 for evacuation
[2024-08-15T15:21:10.172+0000][10366.116s][info][gc,phases   ] GC(2262)   Pre Evacuate Collection Set: 0.2ms
[2024-08-15T15:21:10.172+0000][10366.116s][info][gc,phases   ] GC(2262)   Merge Heap Roots: 0.3ms
[2024-08-15T15:21:10.172+0000][10366.116s][info][gc,phases   ] GC(2262)   Evacuate Collection Set: 46.3ms
[2024-08-15T15:21:10.172+0000][10366.116s][info][gc,phases   ] GC(2262)   Post Evacuate Collection Set: 11.2ms
[2024-08-15T15:21:10.172+0000][10366.116s][info][gc,phases   ] GC(2262)   Other: 0.2ms
[2024-08-15T15:21:10.172+0000][10366.116s][info][gc,heap     ] GC(2262) Eden regions: 760->0(757)
[2024-08-15T15:21:10.172+0000][10366.116s][info][gc,heap     ] GC(2262) Survivor regions: 6->9(96)
[2024-08-15T15:21:10.172+0000][10366.116s][info][gc,heap     ] GC(2262) Old regions: 440->440
[2024-08-15T15:21:10.172+0000][10366.116s][info][gc,heap     ] GC(2262) Archive regions: 2->2
[2024-08-15T15:21:10.172+0000][10366.116s][info][gc,heap     ] GC(2262) Humongous regions: 5->5
[2024-08-15T15:21:10.172+0000][10366.116s][info][gc,metaspace] GC(2262) Metaspace: 441577K(448640K)->441577K(448640K) NonClass: 386737K(390912K)->386737K(390912K) Class: 54840K(57728K)->54840K(57728K)
[2024-08-15T15:21:10.172+0000][10366.117s][info][gc          ] GC(2262) Pause Young (Normal) (G1 Evacuation Pause) 9683M->3630M(12288M) 58.312ms
[2024-08-15T15:21:10.172+0000][10366.117s][info][gc,cpu      ] GC(2262) User=0.34s Sys=0.00s Real=0.06s
[2024-08-15T15:21:18.044+0000][10373.989s][info][gc,start    ] GC(2263) Pause Young (Normal) (G1 Evacuation Pause)
[2024-08-15T15:21:18.044+0000][10373.989s][info][gc,task     ] GC(2263) Using 6 workers of 6 for evacuation
[2024-08-15T15:21:18.079+0000][10374.023s][info][gc,phases   ] GC(2263)   Pre Evacuate Collection Set: 0.2ms
[2024-08-15T15:21:18.079+0000][10374.024s][info][gc,phases   ] GC(2263)   Merge Heap Roots: 0.3ms
[2024-08-15T15:21:18.079+0000][10374.024s][info][gc,phases   ] GC(2263)   Evacuate Collection Set: 32.1ms
[2024-08-15T15:21:18.079+0000][10374.024s][info][gc,phases   ] GC(2263)   Post Evacuate Collection Set: 1.8ms
[2024-08-15T15:21:18.079+0000][10374.024s][info][gc,phases   ] GC(2263)   Other: 0.2ms
[2024-08-15T15:21:18.079+0000][10374.024s][info][gc,heap     ] GC(2263) Eden regions: 757->0(757)
[2024-08-15T15:21:18.079+0000][10374.024s][info][gc,heap     ] GC(2263) Survivor regions: 9->11(96)
[2024-08-15T15:21:18.079+0000][10374.024s][info][gc,heap     ] GC(2263) Old regions: 440->440
[2024-08-15T15:21:18.079+0000][10374.024s][info][gc,heap     ] GC(2263) Archive regions: 2->2
[2024-08-15T15:21:18.079+0000][10374.024s][info][gc,heap     ] GC(2263) Humongous regions: 5->5
[2024-08-15T15:21:18.079+0000][10374.024s][info][gc,metaspace] GC(2263) Metaspace: 441577K(448640K)->441577K(448640K) NonClass: 386737K(390912K)->386737K(390912K) Class: 54840K(57728K)->54840K(57728K)
[2024-08-15T15:21:18.079+0000][10374.024s][info][gc          ] GC(2263) Pause Young (Normal) (G1 Evacuation Pause) 9686M->3647M(12288M) 34.572ms
[2024-08-15T15:21:18.079+0000][10374.024s][info][gc,cpu      ] GC(2263) User=0.21s Sys=0.00s Real=0.03s
[2024-08-15T15:21:23.297+0000][10379.242s][info][gc,start    ] GC(2264) Pause Young (Concurrent Start) (G1 Evacuation Pause)
[2024-08-15T15:21:23.297+0000][10379.242s][info][gc,task     ] GC(2264) Using 6 workers of 6 for evacuation
[2024-08-15T15:21:23.336+0000][10379.280s][info][gc,phases   ] GC(2264)   Pre Evacuate Collection Set: 0.6ms
[2024-08-15T15:21:23.336+0000][10379.280s][info][gc,phases   ] GC(2264)   Merge Heap Roots: 0.3ms
[2024-08-15T15:21:23.336+0000][10379.280s][info][gc,phases   ] GC(2264)   Evacuate Collection Set: 35.3ms
[2024-08-15T15:21:23.336+0000][10379.280s][info][gc,phases   ] GC(2264)   Post Evacuate Collection Set: 1.7ms
[2024-08-15T15:21:23.336+0000][10379.280s][info][gc,phases   ] GC(2264)   Other: 0.3ms
[2024-08-15T15:21:23.336+0000][10379.280s][info][gc,heap     ] GC(2264) Eden regions: 757->0(755)
[2024-08-15T15:21:23.336+0000][10379.280s][info][gc,heap     ] GC(2264) Survivor regions: 11->13(96)
[2024-08-15T15:21:23.336+0000][10379.280s][info][gc,heap     ] GC(2264) Old regions: 440->440
[2024-08-15T15:21:23.336+0000][10379.280s][info][gc,heap     ] GC(2264) Archive regions: 2->2
[2024-08-15T15:21:23.336+0000][10379.280s][info][gc,heap     ] GC(2264) Humongous regions: 5->5
[2024-08-15T15:21:23.336+0000][10379.280s][info][gc,metaspace] GC(2264) Metaspace: 441577K(448640K)->441577K(448640K) NonClass: 386737K(390912K)->386737K(390912K) Class: 54840K(57728K)->54840K(57728K)
[2024-08-15T15:21:23.336+0000][10379.280s][info][gc          ] GC(2264) Pause Young (Concurrent Start) (G1 Evacuation Pause) 9703M->3663M(12288M) 38.197ms
[2024-08-15T15:21:23.336+0000][10379.280s][info][gc,cpu      ] GC(2264) User=0.22s Sys=0.00s Real=0.04s
[2024-08-15T15:21:23.336+0000][10379.280s][info][gc          ] GC(2265) Concurrent Mark Cycle
[2024-08-15T15:21:23.336+0000][10379.280s][info][gc,marking  ] GC(2265) Concurrent Clear Claimed Marks
[2024-08-15T15:21:23.336+0000][10379.281s][info][gc,marking  ] GC(2265) Concurrent Clear Claimed Marks 0.427ms
[2024-08-15T15:21:23.336+0000][10379.281s][info][gc,marking  ] GC(2265) Concurrent Scan Root Regions
[2024-08-15T15:21:23.369+0000][10379.314s][info][gc,marking  ] GC(2265) Concurrent Scan Root Regions 32.794ms
[2024-08-15T15:21:23.369+0000][10379.314s][info][gc,marking  ] GC(2265) Concurrent Mark
[2024-08-15T15:21:23.369+0000][10379.314s][info][gc,marking  ] GC(2265) Concurrent Mark From Roots
[2024-08-15T15:21:23.369+0000][10379.314s][info][gc,task     ] GC(2265) Using 2 workers of 2 for marking
[2024-08-15T15:21:25.856+0000][10381.801s][info][gc,marking  ] GC(2265) Concurrent Mark From Roots 2487.281ms
[2024-08-15T15:21:25.856+0000][10381.801s][info][gc,marking  ] GC(2265) Concurrent Preclean
[2024-08-15T15:21:25.858+0000][10381.803s][info][gc,marking  ] GC(2265) Concurrent Preclean 1.717ms
[2024-08-15T15:21:25.858+0000][10381.803s][info][gc,start    ] GC(2265) Pause Remark
[2024-08-15T15:21:25.882+0000][10381.826s][info][gc          ] GC(2265) Pause Remark 5395M->5395M(12288M) 23.491ms
[2024-08-15T15:21:25.882+0000][10381.826s][info][gc,cpu      ] GC(2265) User=0.10s Sys=0.00s Real=0.02s
[2024-08-15T15:21:25.882+0000][10381.827s][info][gc,marking  ] GC(2265) Concurrent Mark 2512.857ms
[2024-08-15T15:21:25.882+0000][10381.827s][info][gc,marking  ] GC(2265) Concurrent Rebuild Remembered Sets
[2024-08-15T15:21:27.364+0000][10383.309s][info][gc,marking  ] GC(2265) Concurrent Rebuild Remembered Sets 1482.526ms
[2024-08-15T15:21:27.365+0000][10383.309s][info][gc,start    ] GC(2265) Pause Cleanup
[2024-08-15T15:21:27.365+0000][10383.310s][info][gc          ] GC(2265) Pause Cleanup 6407M->6407M(12288M) 0.765ms
[2024-08-15T15:21:27.365+0000][10383.310s][info][gc,cpu      ] GC(2265) User=0.00s Sys=0.00s Real=0.00s
[2024-08-15T15:21:27.366+0000][10383.310s][info][gc,marking  ] GC(2265) Concurrent Cleanup for Next Mark
[2024-08-15T15:21:27.383+0000][10383.327s][info][gc,marking  ] GC(2265) Concurrent Cleanup for Next Mark 17.249ms
[2024-08-15T15:21:27.383+0000][10383.327s][info][gc          ] GC(2265) Concurrent Mark Cycle 4047.108ms
[2024-08-15T15:21:31.847+0000][10387.792s][info][gc,start    ] GC(2266) Pause Young (Prepare Mixed) (G1 Evacuation Pause)
[2024-08-15T15:21:31.847+0000][10387.792s][info][gc,task     ] GC(2266) Using 6 workers of 6 for evacuation
[2024-08-15T15:21:31.897+0000][10387.842s][info][gc,phases   ] GC(2266)   Pre Evacuate Collection Set: 0.2ms
[2024-08-15T15:21:31.897+0000][10387.842s][info][gc,phases   ] GC(2266)   Merge Heap Roots: 0.4ms
[2024-08-15T15:21:31.897+0000][10387.842s][info][gc,phases   ] GC(2266)   Evacuate Collection Set: 47.4ms
[2024-08-15T15:21:31.897+0000][10387.842s][info][gc,phases   ] GC(2266)   Post Evacuate Collection Set: 1.8ms
[2024-08-15T15:21:31.897+0000][10387.842s][info][gc,phases   ] GC(2266)   Other: 0.2ms
[2024-08-15T15:21:31.897+0000][10387.842s][info][gc,heap     ] GC(2266) Eden regions: 755->0(60)
[2024-08-15T15:21:31.897+0000][10387.842s][info][gc,heap     ] GC(2266) Survivor regions: 13->16(96)
[2024-08-15T15:21:31.897+0000][10387.842s][info][gc,heap     ] GC(2266) Old regions: 440->440
[2024-08-15T15:21:31.897+0000][10387.842s][info][gc,heap     ] GC(2266) Archive regions: 2->2
[2024-08-15T15:21:31.897+0000][10387.842s][info][gc,heap     ] GC(2266) Humongous regions: 5->5
[2024-08-15T15:21:31.897+0000][10387.842s][info][gc,metaspace] GC(2266) Metaspace: 441583K(448640K)->441583K(448640K) NonClass: 386742K(390912K)->386742K(390912K) Class: 54840K(57728K)->54840K(57728K)
[2024-08-15T15:21:31.897+0000][10387.842s][info][gc          ] GC(2266) Pause Young (Prepare Mixed) (G1 Evacuation Pause) 9703M->3687M(12288M) 49.975ms
[2024-08-15T15:21:31.897+0000][10387.842s][info][gc,cpu      ] GC(2266) User=0.30s Sys=0.00s Real=0.05s
[2024-08-15T15:21:32.554+0000][10388.499s][info][gc,start    ] GC(2267) Pause Young (Mixed) (G1 Evacuation Pause)
[2024-08-15T15:21:32.554+0000][10388.499s][info][gc,task     ] GC(2267) Using 6 workers of 6 for evacuation
[2024-08-15T15:21:32.642+0000][10388.586s][info][gc,phases   ] GC(2267)   Pre Evacuate Collection Set: 0.2ms
[2024-08-15T15:21:32.642+0000][10388.586s][info][gc,phases   ] GC(2267)   Merge Heap Roots: 0.5ms
[2024-08-15T15:21:32.642+0000][10388.586s][info][gc,phases   ] GC(2267)   Evacuate Collection Set: 85.7ms
[2024-08-15T15:21:32.642+0000][10388.586s][info][gc,phases   ] GC(2267)   Post Evacuate Collection Set: 1.3ms
[2024-08-15T15:21:32.642+0000][10388.586s][info][gc,phases   ] GC(2267)   Other: 0.2ms
[2024-08-15T15:21:32.642+0000][10388.586s][info][gc,heap     ] GC(2267) Eden regions: 60->0(766)
[2024-08-15T15:21:32.642+0000][10388.586s][info][gc,heap     ] GC(2267) Survivor regions: 16->5(10)
[2024-08-15T15:21:32.642+0000][10388.586s][info][gc,heap     ] GC(2267) Old regions: 440->437
[2024-08-15T15:21:32.642+0000][10388.586s][info][gc,heap     ] GC(2267) Archive regions: 2->2
[2024-08-15T15:21:32.642+0000][10388.586s][info][gc,heap     ] GC(2267) Humongous regions: 5->5
[2024-08-15T15:21:32.642+0000][10388.586s][info][gc,metaspace] GC(2267) Metaspace: 441583K(448640K)->441583K(448640K) NonClass: 386742K(390912K)->386742K(390912K) Class: 54840K(57728K)->54840K(57728K)
[2024-08-15T15:21:32.642+0000][10388.586s][info][gc          ] GC(2267) Pause Young (Mixed) (G1 Evacuation Pause) 4167M->3573M(12288M) 87.898ms
[2024-08-15T15:21:32.642+0000][10388.587s][info][gc,cpu      ] GC(2267) User=0.52s Sys=0.00s Real=0.09s
[2024-08-15T15:21:40.895+0000][10396.839s][info][gc,start    ] GC(2268) Pause Young (Normal) (G1 Evacuation Pause)
[2024-08-15T15:21:40.895+0000][10396.839s][info][gc,task     ] GC(2268) Using 6 workers of 6 for evacuation
[2024-08-15T15:21:40.915+0000][10396.859s][info][gc,phases   ] GC(2268)   Pre Evacuate Collection Set: 0.2ms
[2024-08-15T15:21:40.915+0000][10396.859s][info][gc,phases   ] GC(2268)   Merge Heap Roots: 0.3ms
[2024-08-15T15:21:40.915+0000][10396.859s][info][gc,phases   ] GC(2268)   Evacuate Collection Set: 17.5ms
[2024-08-15T15:21:40.915+0000][10396.859s][info][gc,phases   ] GC(2268)   Post Evacuate Collection Set: 1.9ms
[2024-08-15T15:21:40.915+0000][10396.859s][info][gc,phases   ] GC(2268)   Other: 0.2ms
[2024-08-15T15:21:40.915+0000][10396.859s][info][gc,heap     ] GC(2268) Eden regions: 766->0(763)
[2024-08-15T15:21:40.915+0000][10396.859s][info][gc,heap     ] GC(2268) Survivor regions: 5->8(97)
[2024-08-15T15:21:40.915+0000][10396.859s][info][gc,heap     ] GC(2268) Old regions: 437->437
[2024-08-15T15:21:40.915+0000][10396.859s][info][gc,heap     ] GC(2268) Archive regions: 2->2
[2024-08-15T15:21:40.915+0000][10396.859s][info][gc,heap     ] GC(2268) Humongous regions: 5->5
[2024-08-15T15:21:40.915+0000][10396.859s][info][gc,metaspace] GC(2268) Metaspace: 441584K(448640K)->441584K(448640K) NonClass: 386744K(390912K)->386744K(390912K) Class: 54840K(57728K)->54840K(57728K)
[2024-08-15T15:21:40.915+0000][10396.860s][info][gc          ] GC(2268) Pause Young (Normal) (G1 Evacuation Pause) 9701M->3596M(12288M) 20.086ms
[2024-08-15T15:21:40.915+0000][10396.860s][info][gc,cpu      ] GC(2268) User=0.11s Sys=0.00s Real=0.02s
[2024-08-15T15:21:49.267+0000][10405.211s][info][gc,start    ] GC(2269) Pause Young (Normal) (G1 Evacuation Pause)
[2024-08-15T15:21:49.267+0000][10405.211s][info][gc,task     ] GC(2269) Using 6 workers of 6 for evacuation
[2024-08-15T15:21:49.294+0000][10405.238s][info][gc,phases   ] GC(2269)   Pre Evacuate Collection Set: 0.2ms
[2024-08-15T15:21:49.294+0000][10405.239s][info][gc,phases   ] GC(2269)   Merge Heap Roots: 0.3ms
[2024-08-15T15:21:49.294+0000][10405.239s][info][gc,phases   ] GC(2269)   Evacuate Collection Set: 24.9ms
[2024-08-15T15:21:49.294+0000][10405.239s][info][gc,phases   ] GC(2269)   Post Evacuate Collection Set: 1.8ms
[2024-08-15T15:21:49.294+0000][10405.239s][info][gc,phases   ] GC(2269)   Other: 0.2ms
[2024-08-15T15:21:49.294+0000][10405.239s][info][gc,heap     ] GC(2269) Eden regions: 763->0(760)
[2024-08-15T15:21:49.294+0000][10405.239s][info][gc,heap     ] GC(2269) Survivor regions: 8->11(97)
[2024-08-15T15:21:49.294+0000][10405.239s][info][gc,heap     ] GC(2269) Old regions: 437->437
[2024-08-15T15:21:49.294+0000][10405.239s][info][gc,heap     ] GC(2269) Archive regions: 2->2
[2024-08-15T15:21:49.294+0000][10405.239s][info][gc,heap     ] GC(2269) Humongous regions: 5->5
[2024-08-15T15:21:49.294+0000][10405.239s][info][gc,metaspace] GC(2269) Metaspace: 441584K(448640K)->441584K(448640K) NonClass: 386744K(390912K)->386744K(390912K) Class: 54840K(57728K)->54840K(57728K)
[2024-08-15T15:21:49.294+0000][10405.239s][info][gc          ] GC(2269) Pause Young (Normal) (G1 Evacuation Pause) 9700M->3621M(12288M) 27.399ms
[2024-08-15T15:21:49.294+0000][10405.239s][info][gc,cpu      ] GC(2269) User=0.16s Sys=0.01s Real=0.02s
[2024-08-15T15:21:57.194+0000][10413.138s][info][gc,start    ] GC(2270) Pause Young (Concurrent Start) (G1 Evacuation Pause)
[2024-08-15T15:21:57.194+0000][10413.138s][info][gc,task     ] GC(2270) Using 6 workers of 6 for evacuation
[2024-08-15T15:21:57.226+0000][10413.171s][info][gc,phases   ] GC(2270)   Pre Evacuate Collection Set: 0.6ms
[2024-08-15T15:21:57.226+0000][10413.171s][info][gc,phases   ] GC(2270)   Merge Heap Roots: 0.2ms
[2024-08-15T15:21:57.226+0000][10413.171s][info][gc,phases   ] GC(2270)   Evacuate Collection Set: 29.9ms
[2024-08-15T15:21:57.226+0000][10413.171s][info][gc,phases   ] GC(2270)   Post Evacuate Collection Set: 1.7ms
[2024-08-15T15:21:57.226+0000][10413.171s][info][gc,phases   ] GC(2270)   Other: 0.3ms
[2024-08-15T15:21:57.226+0000][10413.171s][info][gc,heap     ] GC(2270) Eden regions: 760->0(759)
[2024-08-15T15:21:57.226+0000][10413.171s][info][gc,heap     ] GC(2270) Survivor regions: 11->12(97)
[2024-08-15T15:21:57.226+0000][10413.171s][info][gc,heap     ] GC(2270) Old regions: 437->437
[2024-08-15T15:21:57.226+0000][10413.171s][info][gc,heap     ] GC(2270) Archive regions: 2->2
[2024-08-15T15:21:57.226+0000][10413.171s][info][gc,heap     ] GC(2270) Humongous regions: 5->5
[2024-08-15T15:21:57.226+0000][10413.171s][info][gc,metaspace] GC(2270) Metaspace: 441584K(448640K)->441584K(448640K) NonClass: 386744K(390912K)->386744K(390912K) Class: 54840K(57728K)->54840K(57728K)
[2024-08-15T15:21:57.226+0000][10413.171s][info][gc          ] GC(2270) Pause Young (Concurrent Start) (G1 Evacuation Pause) 9701M->3629M(12288M) 32.830ms
[2024-08-15T15:21:57.226+0000][10413.171s][info][gc,cpu      ] GC(2270) User=0.19s Sys=0.00s Real=0.04s
[2024-08-15T15:21:57.226+0000][10413.171s][info][gc          ] GC(2271) Concurrent Mark Cycle
[2024-08-15T15:21:57.227+0000][10413.171s][info][gc,marking  ] GC(2271) Concurrent Clear Claimed Marks
[2024-08-15T15:21:57.227+0000][10413.172s][info][gc,marking  ] GC(2271) Concurrent Clear Claimed Marks 0.404ms
[2024-08-15T15:21:57.227+0000][10413.172s][info][gc,marking  ] GC(2271) Concurrent Scan Root Regions
[2024-08-15T15:21:57.249+0000][10413.194s][info][gc,marking  ] GC(2271) Concurrent Scan Root Regions 21.940ms
[2024-08-15T15:21:57.249+0000][10413.194s][info][gc,marking  ] GC(2271) Concurrent Mark
[2024-08-15T15:21:57.249+0000][10413.194s][info][gc,marking  ] GC(2271) Concurrent Mark From Roots
[2024-08-15T15:21:57.249+0000][10413.194s][info][gc,task     ] GC(2271) Using 2 workers of 2 for marking
[2024-08-15T15:21:59.764+0000][10415.708s][info][gc,marking  ] GC(2271) Concurrent Mark From Roots 2514.903ms
[2024-08-15T15:21:59.764+0000][10415.708s][info][gc,marking  ] GC(2271) Concurrent Preclean
[2024-08-15T15:21:59.765+0000][10415.710s][info][gc,marking  ] GC(2271) Concurrent Preclean 1.613ms
[2024-08-15T15:21:59.766+0000][10415.710s][info][gc,start    ] GC(2271) Pause Remark
[2024-08-15T15:21:59.789+0000][10415.734s][info][gc          ] GC(2271) Pause Remark 5393M->5392M(12288M) 23.851ms
[2024-08-15T15:21:59.790+0000][10415.734s][info][gc,cpu      ] GC(2271) User=0.10s Sys=0.00s Real=0.02s
[2024-08-15T15:21:59.790+0000][10415.734s][info][gc,marking  ] GC(2271) Concurrent Mark 2540.725ms
[2024-08-15T15:21:59.790+0000][10415.734s][info][gc,marking  ] GC(2271) Concurrent Rebuild Remembered Sets
[2024-08-15T15:22:01.297+0000][10417.241s][info][gc,marking  ] GC(2271) Concurrent Rebuild Remembered Sets 1507.145ms
[2024-08-15T15:22:01.297+0000][10417.242s][info][gc,start    ] GC(2271) Pause Cleanup
[2024-08-15T15:22:01.298+0000][10417.242s][info][gc          ] GC(2271) Pause Cleanup 6456M->6456M(12288M) 0.666ms
[2024-08-15T15:22:01.298+0000][10417.242s][info][gc,cpu      ] GC(2271) User=0.00s Sys=0.00s Real=0.00s
[2024-08-15T15:22:01.298+0000][10417.242s][info][gc,marking  ] GC(2271) Concurrent Cleanup for Next Mark
[2024-08-15T15:22:01.315+0000][10417.259s][info][gc,marking  ] GC(2271) Concurrent Cleanup for Next Mark 16.988ms
[2024-08-15T15:22:01.315+0000][10417.259s][info][gc          ] GC(2271) Concurrent Mark Cycle 4088.319ms
[2024-08-15T15:22:05.612+0000][10421.557s][info][gc,start    ] GC(2272) Pause Young (Prepare Mixed) (G1 Evacuation Pause)
[2024-08-15T15:22:05.612+0000][10421.557s][info][gc,task     ] GC(2272) Using 6 workers of 6 for evacuation
[2024-08-15T15:22:05.647+0000][10421.592s][info][gc,phases   ] GC(2272)   Pre Evacuate Collection Set: 0.2ms
[2024-08-15T15:22:05.647+0000][10421.592s][info][gc,phases   ] GC(2272)   Merge Heap Roots: 0.3ms
[2024-08-15T15:22:05.647+0000][10421.592s][info][gc,phases   ] GC(2272)   Evacuate Collection Set: 32.4ms
[2024-08-15T15:22:05.647+0000][10421.592s][info][gc,phases   ] GC(2272)   Post Evacuate Collection Set: 1.8ms
[2024-08-15T15:22:05.647+0000][10421.592s][info][gc,phases   ] GC(2272)   Other: 0.2ms
[2024-08-15T15:22:05.647+0000][10421.592s][info][gc,heap     ] GC(2272) Eden regions: 759->0(61)
[2024-08-15T15:22:05.647+0000][10421.592s][info][gc,heap     ] GC(2272) Survivor regions: 12->15(97)
[2024-08-15T15:22:05.647+0000][10421.592s][info][gc,heap     ] GC(2272) Old regions: 436->436
[2024-08-15T15:22:05.647+0000][10421.592s][info][gc,heap     ] GC(2272) Archive regions: 2->2
[2024-08-15T15:22:05.647+0000][10421.592s][info][gc,heap     ] GC(2272) Humongous regions: 5->5
[2024-08-15T15:22:05.647+0000][10421.592s][info][gc,metaspace] GC(2272) Metaspace: 441584K(448640K)->441584K(448640K) NonClass: 386744K(390912K)->386744K(390912K) Class: 54840K(57728K)->54840K(57728K)
[2024-08-15T15:22:05.647+0000][10421.592s][info][gc          ] GC(2272) Pause Young (Prepare Mixed) (G1 Evacuation Pause) 9700M->3652M(12288M) 34.984ms
[2024-08-15T15:22:05.647+0000][10421.592s][info][gc,cpu      ] GC(2272) User=0.20s Sys=0.00s Real=0.04s
[2024-08-15T15:22:06.282+0000][10422.227s][info][gc,start    ] GC(2273) Pause Young (Mixed) (G1 Evacuation Pause)
[2024-08-15T15:22:06.282+0000][10422.227s][info][gc,task     ] GC(2273) Using 6 workers of 6 for evacuation
[2024-08-15T15:22:06.366+0000][10422.311s][info][gc,phases   ] GC(2273)   Pre Evacuate Collection Set: 0.2ms
[2024-08-15T15:22:06.366+0000][10422.311s][info][gc,phases   ] GC(2273)   Merge Heap Roots: 0.4ms
[2024-08-15T15:22:06.367+0000][10422.311s][info][gc,phases   ] GC(2273)   Evacuate Collection Set: 82.2ms
[2024-08-15T15:22:06.367+0000][10422.311s][info][gc,phases   ] GC(2273)   Post Evacuate Collection Set: 1.3ms
[2024-08-15T15:22:06.367+0000][10422.311s][info][gc,phases   ] GC(2273)   Other: 0.2ms
[2024-08-15T15:22:06.367+0000][10422.311s][info][gc,heap     ] GC(2273) Eden regions: 61->0(765)
[2024-08-15T15:22:06.367+0000][10422.311s][info][gc,heap     ] GC(2273) Survivor regions: 15->6(10)
[2024-08-15T15:22:06.367+0000][10422.311s][info][gc,heap     ] GC(2273) Old regions: 436->436
[2024-08-15T15:22:06.367+0000][10422.311s][info][gc,heap     ] GC(2273) Archive regions: 2->2
[2024-08-15T15:22:06.367+0000][10422.311s][info][gc,heap     ] GC(2273) Humongous regions: 5->5
[2024-08-15T15:22:06.367+0000][10422.311s][info][gc,metaspace] GC(2273) Metaspace: 441584K(448640K)->441584K(448640K) NonClass: 386744K(390912K)->386744K(390912K) Class: 54840K(57728K)->54840K(57728K)
[2024-08-15T15:22:06.367+0000][10422.311s][info][gc          ] GC(2273) Pause Young (Mixed) (G1 Evacuation Pause) 4140M->3578M(12288M) 84.278ms
[2024-08-15T15:22:06.367+0000][10422.311s][info][gc,cpu      ] GC(2273) User=0.50s Sys=0.00s Real=0.09s
[2024-08-15T15:22:14.405+0000][10430.350s][info][gc,start    ] GC(2274) Pause Young (Normal) (G1 Evacuation Pause)
[2024-08-15T15:22:14.405+0000][10430.350s][info][gc,task     ] GC(2274) Using 6 workers of 6 for evacuation
[2024-08-15T15:22:14.426+0000][10430.371s][info][gc,phases   ] GC(2274)   Pre Evacuate Collection Set: 0.2ms
[2024-08-15T15:22:14.426+0000][10430.371s][info][gc,phases   ] GC(2274)   Merge Heap Roots: 0.3ms
[2024-08-15T15:22:14.426+0000][10430.371s][info][gc,phases   ] GC(2274)   Evacuate Collection Set: 19.0ms
[2024-08-15T15:22:14.426+0000][10430.371s][info][gc,phases   ] GC(2274)   Post Evacuate Collection Set: 1.7ms
[2024-08-15T15:22:14.426+0000][10430.371s][info][gc,phases   ] GC(2274)   Other: 0.2ms
[2024-08-15T15:22:14.426+0000][10430.371s][info][gc,heap     ] GC(2274) Eden regions: 765->0(762)
[2024-08-15T15:22:14.426+0000][10430.371s][info][gc,heap     ] GC(2274) Survivor regions: 6->9(97)
[2024-08-15T15:22:14.426+0000][10430.371s][info][gc,heap     ] GC(2274) Old regions: 436->436
[2024-08-15T15:22:14.426+0000][10430.371s][info][gc,heap     ] GC(2274) Archive regions: 2->2
[2024-08-15T15:22:14.426+0000][10430.371s][info][gc,heap     ] GC(2274) Humongous regions: 5->5
[2024-08-15T15:22:14.426+0000][10430.371s][info][gc,metaspace] GC(2274) Metaspace: 441584K(448640K)->441584K(448640K) NonClass: 386744K(390912K)->386744K(390912K) Class: 54840K(57728K)->54840K(57728K)
[2024-08-15T15:22:14.427+0000][10430.371s][info][gc          ] GC(2274) Pause Young (Normal) (G1 Evacuation Pause) 9698M->3598M(12288M) 21.462ms
[2024-08-15T15:22:14.427+0000][10430.371s][info][gc,cpu      ] GC(2274) User=0.13s Sys=0.00s Real=0.02s
[2024-08-15T15:22:22.427+0000][10438.371s][info][gc,start    ] GC(2275) Pause Young (Normal) (G1 Evacuation Pause)
[2024-08-15T15:22:22.427+0000][10438.371s][info][gc,task     ] GC(2275) Using 6 workers of 6 for evacuation
[2024-08-15T15:22:22.454+0000][10438.399s][info][gc,phases   ] GC(2275)   Pre Evacuate Collection Set: 0.2ms
[2024-08-15T15:22:22.454+0000][10438.399s][info][gc,phases   ] GC(2275)   Merge Heap Roots: 0.3ms
[2024-08-15T15:22:22.454+0000][10438.399s][info][gc,phases   ] GC(2275)   Evacuate Collection Set: 25.2ms
[2024-08-15T15:22:22.454+0000][10438.399s][info][gc,phases   ] GC(2275)   Post Evacuate Collection Set: 1.8ms
[2024-08-15T15:22:22.454+0000][10438.399s][info][gc,phases   ] GC(2275)   Other: 0.2ms
[2024-08-15T15:22:22.454+0000][10438.399s][info][gc,heap     ] GC(2275) Eden regions: 762->0(761)
[2024-08-15T15:22:22.454+0000][10438.399s][info][gc,heap     ] GC(2275) Survivor regions: 9->10(97)
[2024-08-15T15:22:22.454+0000][10438.399s][info][gc,heap     ] GC(2275) Old regions: 436->436
[2024-08-15T15:22:22.454+0000][10438.399s][info][gc,heap     ] GC(2275) Archive regions: 2->2
[2024-08-15T15:22:22.454+0000][10438.399s][info][gc,heap     ] GC(2275) Humongous regions: 5->5
[2024-08-15T15:22:22.454+0000][10438.399s][info][gc,metaspace] GC(2275) Metaspace: 441584K(448640K)->441584K(448640K) NonClass: 386744K(390912K)->386744K(390912K) Class: 54840K(57728K)->54840K(57728K)
[2024-08-15T15:22:22.454+0000][10438.399s][info][gc          ] GC(2275) Pause Young (Normal) (G1 Evacuation Pause) 9694M->3605M(12288M) 27.662ms
[2024-08-15T15:22:22.454+0000][10438.399s][info][gc,cpu      ] GC(2275) User=0.16s Sys=0.00s Real=0.02s
[2024-08-15T15:22:30.182+0000][10446.127s][info][gc,start    ] GC(2276) Pause Young (Concurrent Start) (G1 Evacuation Pause)
[2024-08-15T15:22:30.182+0000][10446.127s][info][gc,task     ] GC(2276) Using 6 workers of 6 for evacuation
[2024-08-15T15:22:30.216+0000][10446.161s][info][gc,phases   ] GC(2276)   Pre Evacuate Collection Set: 0.5ms
[2024-08-15T15:22:30.216+0000][10446.161s][info][gc,phases   ] GC(2276)   Merge Heap Roots: 0.3ms
[2024-08-15T15:22:30.216+0000][10446.161s][info][gc,phases   ] GC(2276)   Evacuate Collection Set: 31.0ms
[2024-08-15T15:22:30.216+0000][10446.161s][info][gc,phases   ] GC(2276)   Post Evacuate Collection Set: 1.7ms
[2024-08-15T15:22:30.216+0000][10446.161s][info][gc,phases   ] GC(2276)   Other: 0.3ms
[2024-08-15T15:22:30.216+0000][10446.161s][info][gc,heap     ] GC(2276) Eden regions: 761->0(759)
[2024-08-15T15:22:30.216+0000][10446.161s][info][gc,heap     ] GC(2276) Survivor regions: 10->12(97)
[2024-08-15T15:22:30.216+0000][10446.161s][info][gc,heap     ] GC(2276) Old regions: 436->436
[2024-08-15T15:22:30.216+0000][10446.161s][info][gc,heap     ] GC(2276) Archive regions: 2->2
[2024-08-15T15:22:30.216+0000][10446.161s][info][gc,heap     ] GC(2276) Humongous regions: 5->5
[2024-08-15T15:22:30.216+0000][10446.161s][info][gc,metaspace] GC(2276) Metaspace: 441584K(448640K)->441584K(448640K) NonClass: 386744K(390912K)->386744K(390912K) Class: 54840K(57728K)->54840K(57728K)
[2024-08-15T15:22:30.216+0000][10446.161s][info][gc          ] GC(2276) Pause Young (Concurrent Start) (G1 Evacuation Pause) 9693M->3623M(12288M) 33.882ms
[2024-08-15T15:22:30.216+0000][10446.161s][info][gc,cpu      ] GC(2276) User=0.19s Sys=0.01s Real=0.04s
[2024-08-15T15:22:30.216+0000][10446.161s][info][gc          ] GC(2277) Concurrent Mark Cycle
[2024-08-15T15:22:30.216+0000][10446.161s][info][gc,marking  ] GC(2277) Concurrent Clear Claimed Marks
[2024-08-15T15:22:30.217+0000][10446.161s][info][gc,marking  ] GC(2277) Concurrent Clear Claimed Marks 0.390ms
[2024-08-15T15:22:30.217+0000][10446.161s][info][gc,marking  ] GC(2277) Concurrent Scan Root Regions
[2024-08-15T15:22:30.257+0000][10446.202s][info][gc,marking  ] GC(2277) Concurrent Scan Root Regions 40.249ms
[2024-08-15T15:22:30.257+0000][10446.202s][info][gc,marking  ] GC(2277) Concurrent Mark
[2024-08-15T15:22:30.257+0000][10446.202s][info][gc,marking  ] GC(2277) Concurrent Mark From Roots
[2024-08-15T15:22:30.257+0000][10446.202s][info][gc,task     ] GC(2277) Using 2 workers of 2 for marking
[2024-08-15T15:22:32.711+0000][10448.656s][info][gc,marking  ] GC(2277) Concurrent Mark From Roots 2453.924ms
[2024-08-15T15:22:32.711+0000][10448.656s][info][gc,marking  ] GC(2277) Concurrent Preclean
[2024-08-15T15:22:32.713+0000][10448.657s][info][gc,marking  ] GC(2277) Concurrent Preclean 1.915ms
[2024-08-15T15:22:32.713+0000][10448.658s][info][gc,start    ] GC(2277) Pause Remark
[2024-08-15T15:22:32.736+0000][10448.681s][info][gc          ] GC(2277) Pause Remark 5359M->5359M(12288M) 23.351ms
[2024-08-15T15:22:32.736+0000][10448.681s][info][gc,cpu      ] GC(2277) User=0.10s Sys=0.00s Real=0.03s
[2024-08-15T15:22:32.737+0000][10448.681s][info][gc,marking  ] GC(2277) Concurrent Mark 2479.610ms
[2024-08-15T15:22:32.737+0000][10448.681s][info][gc,marking  ] GC(2277) Concurrent Rebuild Remembered Sets
[2024-08-15T15:22:34.248+0000][10450.193s][info][gc,marking  ] GC(2277) Concurrent Rebuild Remembered Sets 1511.834ms
[2024-08-15T15:22:34.249+0000][10450.193s][info][gc,start    ] GC(2277) Pause Cleanup
[2024-08-15T15:22:34.249+0000][10450.194s][info][gc          ] GC(2277) Pause Cleanup 6443M->6443M(12288M) 0.677ms
[2024-08-15T15:22:34.249+0000][10450.194s][info][gc,cpu      ] GC(2277) User=0.00s Sys=0.00s Real=0.00s
[2024-08-15T15:22:34.249+0000][10450.194s][info][gc,marking  ] GC(2277) Concurrent Cleanup for Next Mark
[2024-08-15T15:22:34.267+0000][10450.211s][info][gc,marking  ] GC(2277) Concurrent Cleanup for Next Mark 17.288ms
[2024-08-15T15:22:34.267+0000][10450.211s][info][gc          ] GC(2277) Concurrent Mark Cycle 4050.478ms
[2024-08-15T15:22:38.598+0000][10454.543s][info][gc,start    ] GC(2278) Pause Young (Prepare Mixed) (G1 Evacuation Pause)
[2024-08-15T15:22:38.598+0000][10454.543s][info][gc,task     ] GC(2278) Using 6 workers of 6 for evacuation
[2024-08-15T15:22:38.636+0000][10454.581s][info][gc,phases   ] GC(2278)   Pre Evacuate Collection Set: 0.2ms
[2024-08-15T15:22:38.636+0000][10454.581s][info][gc,phases   ] GC(2278)   Merge Heap Roots: 0.4ms
[2024-08-15T15:22:38.636+0000][10454.581s][info][gc,phases   ] GC(2278)   Evacuate Collection Set: 35.8ms
[2024-08-15T15:22:38.636+0000][10454.581s][info][gc,phases   ] GC(2278)   Post Evacuate Collection Set: 1.8ms
[2024-08-15T15:22:38.636+0000][10454.581s][info][gc,phases   ] GC(2278)   Other: 0.2ms
[2024-08-15T15:22:38.637+0000][10454.581s][info][gc,heap     ] GC(2278) Eden regions: 759->0(61)
[2024-08-15T15:22:38.637+0000][10454.581s][info][gc,heap     ] GC(2278) Survivor regions: 12->15(97)
[2024-08-15T15:22:38.637+0000][10454.581s][info][gc,heap     ] GC(2278) Old regions: 436->436
[2024-08-15T15:22:38.637+0000][10454.581s][info][gc,heap     ] GC(2278) Archive regions: 2->2
[2024-08-15T15:22:38.637+0000][10454.581s][info][gc,heap     ] GC(2278) Humongous regions: 5->5
[2024-08-15T15:22:38.637+0000][10454.581s][info][gc,metaspace] GC(2278) Metaspace: 441589K(448640K)->441589K(448640K) NonClass: 386749K(390912K)->386749K(390912K) Class: 54840K(57728K)->54840K(57728K)
[2024-08-15T15:22:38.637+0000][10454.581s][info][gc          ] GC(2278) Pause Young (Prepare Mixed) (G1 Evacuation Pause) 9695M->3651M(12288M) 38.400ms
[2024-08-15T15:22:38.637+0000][10454.581s][info][gc,cpu      ] GC(2278) User=0.22s Sys=0.00s Real=0.04s
[2024-08-15T15:22:39.256+0000][10455.201s][info][gc,start    ] GC(2279) Pause Young (Mixed) (G1 Evacuation Pause)
[2024-08-15T15:22:39.256+0000][10455.201s][info][gc,task     ] GC(2279) Using 6 workers of 6 for evacuation
[2024-08-15T15:22:39.349+0000][10455.293s][info][gc,phases   ] GC(2279)   Pre Evacuate Collection Set: 0.2ms
[2024-08-15T15:22:39.349+0000][10455.293s][info][gc,phases   ] GC(2279)   Merge Heap Roots: 0.5ms
[2024-08-15T15:22:39.349+0000][10455.293s][info][gc,phases   ] GC(2279)   Evacuate Collection Set: 90.0ms
[2024-08-15T15:22:39.349+0000][10455.293s][info][gc,phases   ] GC(2279)   Post Evacuate Collection Set: 1.4ms
[2024-08-15T15:22:39.349+0000][10455.293s][info][gc,phases   ] GC(2279)   Other: 0.2ms
[2024-08-15T15:22:39.349+0000][10455.293s][info][gc,heap     ] GC(2279) Eden regions: 61->0(763)
[2024-08-15T15:22:39.349+0000][10455.293s][info][gc,heap     ] GC(2279) Survivor regions: 15->6(10)
[2024-08-15T15:22:39.349+0000][10455.293s][info][gc,heap     ] GC(2279) Old regions: 436->438
[2024-08-15T15:22:39.349+0000][10455.293s][info][gc,heap     ] GC(2279) Archive regions: 2->2
[2024-08-15T15:22:39.349+0000][10455.293s][info][gc,heap     ] GC(2279) Humongous regions: 5->5
[2024-08-15T15:22:39.349+0000][10455.293s][info][gc,metaspace] GC(2279) Metaspace: 441589K(448640K)->441589K(448640K) NonClass: 386749K(390912K)->386749K(390912K) Class: 54840K(57728K)->54840K(57728K)
[2024-08-15T15:22:39.349+0000][10455.293s][info][gc          ] GC(2279) Pause Young (Mixed) (G1 Evacuation Pause) 4139M->3589M(12288M) 92.396ms
[2024-08-15T15:22:39.349+0000][10455.293s][info][gc,cpu      ] GC(2279) User=0.55s Sys=0.00s Real=0.09s
[2024-08-15T15:22:47.535+0000][10463.479s][info][gc,start    ] GC(2280) Pause Young (Normal) (G1 Evacuation Pause)
[2024-08-15T15:22:47.535+0000][10463.479s][info][gc,task     ] GC(2280) Using 6 workers of 6 for evacuation
[2024-08-15T15:22:47.556+0000][10463.501s][info][gc,phases   ] GC(2280)   Pre Evacuate Collection Set: 0.2ms
[2024-08-15T15:22:47.556+0000][10463.501s][info][gc,phases   ] GC(2280)   Merge Heap Roots: 0.3ms
[2024-08-15T15:22:47.556+0000][10463.501s][info][gc,phases   ] GC(2280)   Evacuate Collection Set: 19.0ms
[2024-08-15T15:22:47.556+0000][10463.501s][info][gc,phases   ] GC(2280)   Post Evacuate Collection Set: 1.9ms
[2024-08-15T15:22:47.556+0000][10463.501s][info][gc,phases   ] GC(2280)   Other: 0.2ms
[2024-08-15T15:22:47.556+0000][10463.501s][info][gc,heap     ] GC(2280) Eden regions: 763->0(761)
[2024-08-15T15:22:47.556+0000][10463.501s][info][gc,heap     ] GC(2280) Survivor regions: 6->8(97)
[2024-08-15T15:22:47.556+0000][10463.501s][info][gc,heap     ] GC(2280) Old regions: 438->438
[2024-08-15T15:22:47.556+0000][10463.501s][info][gc,heap     ] GC(2280) Archive regions: 2->2
[2024-08-15T15:22:47.556+0000][10463.501s][info][gc,heap     ] GC(2280) Humongous regions: 5->5
[2024-08-15T15:22:47.556+0000][10463.501s][info][gc,metaspace] GC(2280) Metaspace: 441589K(448640K)->441589K(448640K) NonClass: 386749K(390912K)->386749K(390912K) Class: 54840K(57728K)->54840K(57728K)
[2024-08-15T15:22:47.556+0000][10463.501s][info][gc          ] GC(2280) Pause Young (Normal) (G1 Evacuation Pause) 9693M->3606M(12288M) 21.540ms
[2024-08-15T15:22:47.556+0000][10463.501s][info][gc,cpu      ] GC(2280) User=0.12s Sys=0.00s Real=0.03s
[2024-08-15T15:22:55.571+0000][10471.516s][info][gc,start    ] GC(2281) Pause Young (Normal) (G1 Evacuation Pause)
[2024-08-15T15:22:55.571+0000][10471.516s][info][gc,task     ] GC(2281) Using 6 workers of 6 for evacuation
[2024-08-15T15:22:55.599+0000][10471.544s][info][gc,phases   ] GC(2281)   Pre Evacuate Collection Set: 0.2ms
[2024-08-15T15:22:55.599+0000][10471.544s][info][gc,phases   ] GC(2281)   Merge Heap Roots: 0.3ms
[2024-08-15T15:22:55.599+0000][10471.544s][info][gc,phases   ] GC(2281)   Evacuate Collection Set: 25.4ms
[2024-08-15T15:22:55.599+0000][10471.544s][info][gc,phases   ] GC(2281)   Post Evacuate Collection Set: 1.7ms
[2024-08-15T15:22:55.599+0000][10471.544s][info][gc,phases   ] GC(2281)   Other: 0.2ms
[2024-08-15T15:22:55.599+0000][10471.544s][info][gc,heap     ] GC(2281) Eden regions: 761->0(760)
[2024-08-15T15:22:55.599+0000][10471.544s][info][gc,heap     ] GC(2281) Survivor regions: 8->9(97)
[2024-08-15T15:22:55.599+0000][10471.544s][info][gc,heap     ] GC(2281) Old regions: 438->438
[2024-08-15T15:22:55.599+0000][10471.544s][info][gc,heap     ] GC(2281) Archive regions: 2->2
[2024-08-15T15:22:55.599+0000][10471.544s][info][gc,heap     ] GC(2281) Humongous regions: 5->5
[2024-08-15T15:22:55.599+0000][10471.544s][info][gc,metaspace] GC(2281) Metaspace: 441589K(448640K)->441589K(448640K) NonClass: 386749K(390912K)->386749K(390912K) Class: 54840K(57728K)->54840K(57728K)
[2024-08-15T15:22:55.599+0000][10471.544s][info][gc          ] GC(2281) Pause Young (Normal) (G1 Evacuation Pause) 9694M->3617M(12288M) 27.861ms
[2024-08-15T15:22:55.599+0000][10471.544s][info][gc,cpu      ] GC(2281) User=0.16s Sys=0.01s Real=0.03s
[2024-08-15T15:23:03.589+0000][10479.533s][info][gc,start    ] GC(2282) Pause Young (Concurrent Start) (G1 Evacuation Pause)
[2024-08-15T15:23:03.589+0000][10479.533s][info][gc,task     ] GC(2282) Using 6 workers of 6 for evacuation
[2024-08-15T15:23:03.621+0000][10479.566s][info][gc,phases   ] GC(2282)   Pre Evacuate Collection Set: 0.6ms
[2024-08-15T15:23:03.621+0000][10479.566s][info][gc,phases   ] GC(2282)   Merge Heap Roots: 0.3ms
[2024-08-15T15:23:03.621+0000][10479.566s][info][gc,phases   ] GC(2282)   Evacuate Collection Set: 29.8ms
[2024-08-15T15:23:03.621+0000][10479.566s][info][gc,phases   ] GC(2282)   Post Evacuate Collection Set: 1.7ms
[2024-08-15T15:23:03.621+0000][10479.566s][info][gc,phases   ] GC(2282)   Other: 0.3ms
[2024-08-15T15:23:03.621+0000][10479.566s][info][gc,heap     ] GC(2282) Eden regions: 760->0(757)
[2024-08-15T15:23:03.621+0000][10479.566s][info][gc,heap     ] GC(2282) Survivor regions: 9->12(97)
[2024-08-15T15:23:03.621+0000][10479.566s][info][gc,heap     ] GC(2282) Old regions: 438->438
[2024-08-15T15:23:03.621+0000][10479.566s][info][gc,heap     ] GC(2282) Archive regions: 2->2
[2024-08-15T15:23:03.621+0000][10479.566s][info][gc,heap     ] GC(2282) Humongous regions: 5->5
[2024-08-15T15:23:03.621+0000][10479.566s][info][gc,metaspace] GC(2282) Metaspace: 441589K(448640K)->441589K(448640K) NonClass: 386749K(390912K)->386749K(390912K) Class: 54840K(57728K)->54840K(57728K)
[2024-08-15T15:23:03.621+0000][10479.566s][info][gc          ] GC(2282) Pause Young (Concurrent Start) (G1 Evacuation Pause) 9697M->3641M(12288M) 32.713ms
[2024-08-15T15:23:03.621+0000][10479.566s][info][gc,cpu      ] GC(2282) User=0.19s Sys=0.00s Real=0.03s
[2024-08-15T15:23:03.622+0000][10479.566s][info][gc          ] GC(2283) Concurrent Mark Cycle
[2024-08-15T15:23:03.622+0000][10479.566s][info][gc,marking  ] GC(2283) Concurrent Clear Claimed Marks
[2024-08-15T15:23:03.622+0000][10479.567s][info][gc,marking  ] GC(2283) Concurrent Clear Claimed Marks 0.412ms
[2024-08-15T15:23:03.622+0000][10479.567s][info][gc,marking  ] GC(2283) Concurrent Scan Root Regions
[2024-08-15T15:23:03.658+0000][10479.603s][info][gc,marking  ] GC(2283) Concurrent Scan Root Regions 36.301ms
[2024-08-15T15:23:03.658+0000][10479.603s][info][gc,marking  ] GC(2283) Concurrent Mark
[2024-08-15T15:23:03.658+0000][10479.603s][info][gc,marking  ] GC(2283) Concurrent Mark From Roots
[2024-08-15T15:23:03.658+0000][10479.603s][info][gc,task     ] GC(2283) Using 2 workers of 2 for marking
[2024-08-15T15:23:06.263+0000][10482.208s][info][gc,marking  ] GC(2283) Concurrent Mark From Roots 2605.044ms
[2024-08-15T15:23:06.263+0000][10482.208s][info][gc,marking  ] GC(2283) Concurrent Preclean
[2024-08-15T15:23:06.265+0000][10482.210s][info][gc,marking  ] GC(2283) Concurrent Preclean 1.627ms
[2024-08-15T15:23:06.265+0000][10482.210s][info][gc,start    ] GC(2283) Pause Remark
[2024-08-15T15:23:06.289+0000][10482.233s][info][gc          ] GC(2283) Pause Remark 5517M->5517M(12288M) 23.496ms
[2024-08-15T15:23:06.289+0000][10482.233s][info][gc,cpu      ] GC(2283) User=0.10s Sys=0.00s Real=0.02s
[2024-08-15T15:23:06.289+0000][10482.234s][info][gc,marking  ] GC(2283) Concurrent Mark 2630.615ms
[2024-08-15T15:23:06.289+0000][10482.234s][info][gc,marking  ] GC(2283) Concurrent Rebuild Remembered Sets
[2024-08-15T15:23:07.861+0000][10483.805s][info][gc,marking  ] GC(2283) Concurrent Rebuild Remembered Sets 1571.853ms
[2024-08-15T15:23:07.861+0000][10483.806s][info][gc,start    ] GC(2283) Pause Cleanup
[2024-08-15T15:23:07.862+0000][10483.806s][info][gc          ] GC(2283) Pause Cleanup 6673M->6673M(12288M) 0.692ms
[2024-08-15T15:23:07.862+0000][10483.806s][info][gc,cpu      ] GC(2283) User=0.00s Sys=0.00s Real=0.00s
[2024-08-15T15:23:07.862+0000][10483.806s][info][gc,marking  ] GC(2283) Concurrent Cleanup for Next Mark
[2024-08-15T15:23:07.879+0000][10483.824s][info][gc,marking  ] GC(2283) Concurrent Cleanup for Next Mark 17.296ms
[2024-08-15T15:23:07.879+0000][10483.824s][info][gc          ] GC(2283) Concurrent Mark Cycle 4257.651ms
[2024-08-15T15:23:11.496+0000][10487.440s][info][gc,start    ] GC(2284) Pause Young (Prepare Mixed) (G1 Evacuation Pause)
[2024-08-15T15:23:11.496+0000][10487.440s][info][gc,task     ] GC(2284) Using 6 workers of 6 for evacuation
[2024-08-15T15:23:11.537+0000][10487.481s][info][gc,phases   ] GC(2284)   Pre Evacuate Collection Set: 0.2ms
[2024-08-15T15:23:11.537+0000][10487.481s][info][gc,phases   ] GC(2284)   Merge Heap Roots: 0.4ms
[2024-08-15T15:23:11.537+0000][10487.481s][info][gc,phases   ] GC(2284)   Evacuate Collection Set: 38.6ms
[2024-08-15T15:23:11.537+0000][10487.481s][info][gc,phases   ] GC(2284)   Post Evacuate Collection Set: 1.8ms
[2024-08-15T15:23:11.537+0000][10487.481s][info][gc,phases   ] GC(2284)   Other: 0.2ms
[2024-08-15T15:23:11.537+0000][10487.481s][info][gc,heap     ] GC(2284) Eden regions: 757->0(62)
[2024-08-15T15:23:11.537+0000][10487.481s][info][gc,heap     ] GC(2284) Survivor regions: 12->14(97)
[2024-08-15T15:23:11.537+0000][10487.481s][info][gc,heap     ] GC(2284) Old regions: 438->438
[2024-08-15T15:23:11.537+0000][10487.481s][info][gc,heap     ] GC(2284) Archive regions: 2->2
[2024-08-15T15:23:11.537+0000][10487.481s][info][gc,heap     ] GC(2284) Humongous regions: 5->5
[2024-08-15T15:23:11.537+0000][10487.481s][info][gc,metaspace] GC(2284) Metaspace: 441589K(448640K)->441589K(448640K) NonClass: 386749K(390912K)->386749K(390912K) Class: 54840K(57728K)->54840K(57728K)
[2024-08-15T15:23:11.537+0000][10487.481s][info][gc          ] GC(2284) Pause Young (Prepare Mixed) (G1 Evacuation Pause) 9697M->3655M(12288M) 41.234ms
[2024-08-15T15:23:11.537+0000][10487.481s][info][gc,cpu      ] GC(2284) User=0.25s Sys=0.00s Real=0.04s
[2024-08-15T15:23:12.173+0000][10488.118s][info][gc,start    ] GC(2285) Pause Young (Mixed) (G1 Evacuation Pause)
[2024-08-15T15:23:12.173+0000][10488.118s][info][gc,task     ] GC(2285) Using 6 workers of 6 for evacuation
[2024-08-15T15:23:12.261+0000][10488.206s][info][gc,phases   ] GC(2285)   Pre Evacuate Collection Set: 0.2ms
[2024-08-15T15:23:12.261+0000][10488.206s][info][gc,phases   ] GC(2285)   Merge Heap Roots: 0.5ms
[2024-08-15T15:23:12.261+0000][10488.206s][info][gc,phases   ] GC(2285)   Evacuate Collection Set: 85.8ms
[2024-08-15T15:23:12.261+0000][10488.206s][info][gc,phases   ] GC(2285)   Post Evacuate Collection Set: 1.3ms
[2024-08-15T15:23:12.261+0000][10488.206s][info][gc,phases   ] GC(2285)   Other: 0.2ms
[2024-08-15T15:23:12.261+0000][10488.206s][info][gc,heap     ] GC(2285) Eden regions: 62->0(764)
[2024-08-15T15:23:12.261+0000][10488.206s][info][gc,heap     ] GC(2285) Survivor regions: 14->5(10)
[2024-08-15T15:23:12.261+0000][10488.206s][info][gc,heap     ] GC(2285) Old regions: 438->439
[2024-08-15T15:23:12.261+0000][10488.206s][info][gc,heap     ] GC(2285) Archive regions: 2->2
[2024-08-15T15:23:12.261+0000][10488.206s][info][gc,heap     ] GC(2285) Humongous regions: 5->5
[2024-08-15T15:23:12.261+0000][10488.206s][info][gc,metaspace] GC(2285) Metaspace: 441589K(448640K)->441589K(448640K) NonClass: 386749K(390912K)->386749K(390912K) Class: 54840K(57728K)->54840K(57728K)
[2024-08-15T15:23:12.261+0000][10488.206s][info][gc          ] GC(2285) Pause Young (Mixed) (G1 Evacuation Pause) 4151M->3593M(12288M) 88.084ms
[2024-08-15T15:23:12.261+0000][10488.206s][info][gc,cpu      ] GC(2285) User=0.52s Sys=0.00s Real=0.09s
[2024-08-15T15:23:20.097+0000][10496.041s][info][gc,start    ] GC(2286) Pause Young (Normal) (G1 Evacuation Pause)
[2024-08-15T15:23:20.097+0000][10496.041s][info][gc,task     ] GC(2286) Using 6 workers of 6 for evacuation
[2024-08-15T15:23:20.116+0000][10496.060s][info][gc,phases   ] GC(2286)   Pre Evacuate Collection Set: 0.2ms
[2024-08-15T15:23:20.116+0000][10496.060s][info][gc,phases   ] GC(2286)   Merge Heap Roots: 0.2ms
[2024-08-15T15:23:20.116+0000][10496.060s][info][gc,phases   ] GC(2286)   Evacuate Collection Set: 16.6ms
[2024-08-15T15:23:20.116+0000][10496.060s][info][gc,phases   ] GC(2286)   Post Evacuate Collection Set: 1.7ms
[2024-08-15T15:23:20.116+0000][10496.060s][info][gc,phases   ] GC(2286)   Other: 0.2ms
[2024-08-15T15:23:20.116+0000][10496.060s][info][gc,heap     ] GC(2286) Eden regions: 764->0(763)
[2024-08-15T15:23:20.116+0000][10496.060s][info][gc,heap     ] GC(2286) Survivor regions: 5->6(97)
[2024-08-15T15:23:20.116+0000][10496.060s][info][gc,heap     ] GC(2286) Old regions: 439->439
[2024-08-15T15:23:20.116+0000][10496.060s][info][gc,heap     ] GC(2286) Archive regions: 2->2
[2024-08-15T15:23:20.116+0000][10496.060s][info][gc,heap     ] GC(2286) Humongous regions: 5->5
[2024-08-15T15:23:20.116+0000][10496.060s][info][gc,metaspace] GC(2286) Metaspace: 441589K(448640K)->441589K(448640K) NonClass: 386749K(390912K)->386749K(390912K) Class: 54840K(57728K)->54840K(57728K)
[2024-08-15T15:23:20.116+0000][10496.060s][info][gc          ] GC(2286) Pause Young (Normal) (G1 Evacuation Pause) 9705M->3599M(12288M) 18.961ms
[2024-08-15T15:23:20.116+0000][10496.060s][info][gc,cpu      ] GC(2286) User=0.11s Sys=0.00s Real=0.02s
[2024-08-15T15:23:28.154+0000][10504.098s][info][gc,start    ] GC(2287) Pause Young (Normal) (G1 Evacuation Pause)
[2024-08-15T15:23:28.154+0000][10504.098s][info][gc,task     ] GC(2287) Using 6 workers of 6 for evacuation
[2024-08-15T15:23:28.177+0000][10504.122s][info][gc,phases   ] GC(2287)   Pre Evacuate Collection Set: 0.2ms
[2024-08-15T15:23:28.177+0000][10504.122s][info][gc,phases   ] GC(2287)   Merge Heap Roots: 0.2ms
[2024-08-15T15:23:28.177+0000][10504.122s][info][gc,phases   ] GC(2287)   Evacuate Collection Set: 21.5ms
[2024-08-15T15:23:28.178+0000][10504.122s][info][gc,phases   ] GC(2287)   Post Evacuate Collection Set: 1.6ms
[2024-08-15T15:23:28.178+0000][10504.122s][info][gc,phases   ] GC(2287)   Other: 0.2ms
[2024-08-15T15:23:28.178+0000][10504.122s][info][gc,heap     ] GC(2287) Eden regions: 763->0(760)
[2024-08-15T15:23:28.178+0000][10504.122s][info][gc,heap     ] GC(2287) Survivor regions: 6->9(97)
[2024-08-15T15:23:28.178+0000][10504.122s][info][gc,heap     ] GC(2287) Old regions: 439->439
[2024-08-15T15:23:28.178+0000][10504.122s][info][gc,heap     ] GC(2287) Archive regions: 2->2
[2024-08-15T15:23:28.178+0000][10504.122s][info][gc,heap     ] GC(2287) Humongous regions: 5->5
[2024-08-15T15:23:28.178+0000][10504.122s][info][gc,metaspace] GC(2287) Metaspace: 441589K(448640K)->441589K(448640K) NonClass: 386749K(390912K)->386749K(390912K) Class: 54840K(57728K)->54840K(57728K)
[2024-08-15T15:23:28.178+0000][10504.122s][info][gc          ] GC(2287) Pause Young (Normal) (G1 Evacuation Pause) 9703M->3623M(12288M) 23.748ms
[2024-08-15T15:23:28.178+0000][10504.122s][info][gc,cpu      ] GC(2287) User=0.14s Sys=0.00s Real=0.03s
[2024-08-15T15:23:36.073+0000][10512.017s][info][gc,start    ] GC(2288) Pause Young (Concurrent Start) (G1 Evacuation Pause)
[2024-08-15T15:23:36.073+0000][10512.017s][info][gc,task     ] GC(2288) Using 6 workers of 6 for evacuation
[2024-08-15T15:23:36.103+0000][10512.048s][info][gc,phases   ] GC(2288)   Pre Evacuate Collection Set: 0.6ms
[2024-08-15T15:23:36.103+0000][10512.048s][info][gc,phases   ] GC(2288)   Merge Heap Roots: 0.3ms
[2024-08-15T15:23:36.103+0000][10512.048s][info][gc,phases   ] GC(2288)   Evacuate Collection Set: 27.9ms
[2024-08-15T15:23:36.103+0000][10512.048s][info][gc,phases   ] GC(2288)   Post Evacuate Collection Set: 1.8ms
[2024-08-15T15:23:36.103+0000][10512.048s][info][gc,phases   ] GC(2288)   Other: 0.3ms
[2024-08-15T15:23:36.103+0000][10512.048s][info][gc,heap     ] GC(2288) Eden regions: 760->0(756)
[2024-08-15T15:23:36.103+0000][10512.048s][info][gc,heap     ] GC(2288) Survivor regions: 9->13(97)
[2024-08-15T15:23:36.103+0000][10512.048s][info][gc,heap     ] GC(2288) Old regions: 439->439
[2024-08-15T15:23:36.103+0000][10512.048s][info][gc,heap     ] GC(2288) Archive regions: 2->2
[2024-08-15T15:23:36.103+0000][10512.048s][info][gc,heap     ] GC(2288) Humongous regions: 5->5
[2024-08-15T15:23:36.103+0000][10512.048s][info][gc,metaspace] GC(2288) Metaspace: 441589K(448640K)->441589K(448640K) NonClass: 386749K(390912K)->386749K(390912K) Class: 54840K(57728K)->54840K(57728K)
[2024-08-15T15:23:36.103+0000][10512.048s][info][gc          ] GC(2288) Pause Young (Concurrent Start) (G1 Evacuation Pause) 9703M->3651M(12288M) 30.871ms
[2024-08-15T15:23:36.103+0000][10512.048s][info][gc,cpu      ] GC(2288) User=0.18s Sys=0.00s Real=0.04s
[2024-08-15T15:23:36.103+0000][10512.048s][info][gc          ] GC(2289) Concurrent Mark Cycle
[2024-08-15T15:23:36.103+0000][10512.048s][info][gc,marking  ] GC(2289) Concurrent Clear Claimed Marks
[2024-08-15T15:23:36.104+0000][10512.049s][info][gc,marking  ] GC(2289) Concurrent Clear Claimed Marks 0.396ms
[2024-08-15T15:23:36.104+0000][10512.049s][info][gc,marking  ] GC(2289) Concurrent Scan Root Regions
[2024-08-15T15:23:36.139+0000][10512.084s][info][gc,marking  ] GC(2289) Concurrent Scan Root Regions 35.134ms
[2024-08-15T15:23:36.139+0000][10512.084s][info][gc,marking  ] GC(2289) Concurrent Mark
[2024-08-15T15:23:36.139+0000][10512.084s][info][gc,marking  ] GC(2289) Concurrent Mark From Roots
[2024-08-15T15:23:36.139+0000][10512.084s][info][gc,task     ] GC(2289) Using 2 workers of 2 for marking
[2024-08-15T15:23:38.818+0000][10514.762s][info][gc,marking  ] GC(2289) Concurrent Mark From Roots 2678.660ms
[2024-08-15T15:23:38.818+0000][10514.762s][info][gc,marking  ] GC(2289) Concurrent Preclean
[2024-08-15T15:23:38.820+0000][10514.764s][info][gc,marking  ] GC(2289) Concurrent Preclean 1.738ms
[2024-08-15T15:23:38.820+0000][10514.764s][info][gc,start    ] GC(2289) Pause Remark
[2024-08-15T15:23:38.843+0000][10514.788s][info][gc          ] GC(2289) Pause Remark 9395M->9395M(12288M) 23.215ms
[2024-08-15T15:23:38.843+0000][10514.788s][info][gc,cpu      ] GC(2289) User=0.10s Sys=0.00s Real=0.02s
[2024-08-15T15:23:38.843+0000][10514.788s][info][gc,marking  ] GC(2289) Concurrent Mark 2704.218ms
[2024-08-15T15:23:38.843+0000][10514.788s][info][gc,marking  ] GC(2289) Concurrent Rebuild Remembered Sets
[2024-08-15T15:23:38.973+0000][10514.918s][info][gc,start    ] GC(2290) Pause Young (Normal) (G1 Evacuation Pause)
[2024-08-15T15:23:38.973+0000][10514.918s][info][gc,task     ] GC(2290) Using 6 workers of 6 for evacuation
[2024-08-15T15:23:39.069+0000][10515.013s][info][gc,phases   ] GC(2290)   Pre Evacuate Collection Set: 0.2ms
[2024-08-15T15:23:39.069+0000][10515.013s][info][gc,phases   ] GC(2290)   Merge Heap Roots: 0.3ms
[2024-08-15T15:23:39.069+0000][10515.013s][info][gc,phases   ] GC(2290)   Evacuate Collection Set: 72.8ms
[2024-08-15T15:23:39.069+0000][10515.013s][info][gc,phases   ] GC(2290)   Post Evacuate Collection Set: 21.8ms
[2024-08-15T15:23:39.069+0000][10515.013s][info][gc,phases   ] GC(2290)   Other: 0.2ms
[2024-08-15T15:23:39.069+0000][10515.013s][info][gc,heap     ] GC(2290) Eden regions: 756->0(744)
[2024-08-15T15:23:39.069+0000][10515.013s][info][gc,heap     ] GC(2290) Survivor regions: 13->19(97)
[2024-08-15T15:23:39.069+0000][10515.013s][info][gc,heap     ] GC(2290) Old regions: 439->439
[2024-08-15T15:23:39.069+0000][10515.013s][info][gc,heap     ] GC(2290) Archive regions: 2->2
[2024-08-15T15:23:39.069+0000][10515.013s][info][gc,heap     ] GC(2290) Humongous regions: 5->5
[2024-08-15T15:23:39.069+0000][10515.013s][info][gc,metaspace] GC(2290) Metaspace: 441589K(448640K)->441589K(448640K) NonClass: 386749K(390912K)->386749K(390912K) Class: 54840K(57728K)->54840K(57728K)
[2024-08-15T15:23:39.069+0000][10515.013s][info][gc          ] GC(2290) Pause Young (Normal) (G1 Evacuation Pause) 9699M->3705M(12288M) 95.419ms
[2024-08-15T15:23:39.069+0000][10515.014s][info][gc,cpu      ] GC(2290) User=0.54s Sys=0.00s Real=0.10s
[2024-08-15T15:23:40.491+0000][10516.435s][info][gc,marking  ] GC(2289) Concurrent Rebuild Remembered Sets 1647.156ms
[2024-08-15T15:23:40.491+0000][10516.435s][info][gc,start    ] GC(2289) Pause Cleanup
[2024-08-15T15:23:40.491+0000][10516.436s][info][gc          ] GC(2289) Pause Cleanup 6957M->6957M(12288M) 0.679ms
[2024-08-15T15:23:40.491+0000][10516.436s][info][gc,cpu      ] GC(2289) User=0.00s Sys=0.00s Real=0.00s
[2024-08-15T15:23:40.492+0000][10516.436s][info][gc,marking  ] GC(2289) Concurrent Cleanup for Next Mark
[2024-08-15T15:23:40.520+0000][10516.464s][info][gc,marking  ] GC(2289) Concurrent Cleanup for Next Mark 28.111ms
[2024-08-15T15:23:40.520+0000][10516.464s][info][gc          ] GC(2289) Concurrent Mark Cycle 4416.231ms
[2024-08-15T15:23:41.544+0000][10517.488s][info][gc,start    ] GC(2291) Pause Young (Prepare Mixed) (G1 Evacuation Pause)
[2024-08-15T15:23:41.544+0000][10517.488s][info][gc,task     ] GC(2291) Using 6 workers of 6 for evacuation
[2024-08-15T15:23:41.627+0000][10517.571s][info][gc,phases   ] GC(2291)   Pre Evacuate Collection Set: 0.1ms
[2024-08-15T15:23:41.627+0000][10517.571s][info][gc,phases   ] GC(2291)   Merge Heap Roots: 0.3ms
[2024-08-15T15:23:41.627+0000][10517.571s][info][gc,phases   ] GC(2291)   Evacuate Collection Set: 70.7ms
[2024-08-15T15:23:41.627+0000][10517.571s][info][gc,phases   ] GC(2291)   Post Evacuate Collection Set: 11.6ms
[2024-08-15T15:23:41.627+0000][10517.571s][info][gc,phases   ] GC(2291)   Other: 0.2ms
[2024-08-15T15:23:41.627+0000][10517.571s][info][gc,heap     ] GC(2291) Eden regions: 744->0(53)
[2024-08-15T15:23:41.627+0000][10517.571s][info][gc,heap     ] GC(2291) Survivor regions: 19->23(96)
[2024-08-15T15:23:41.627+0000][10517.571s][info][gc,heap     ] GC(2291) Old regions: 439->439
[2024-08-15T15:23:41.627+0000][10517.571s][info][gc,heap     ] GC(2291) Archive regions: 2->2
[2024-08-15T15:23:41.627+0000][10517.571s][info][gc,heap     ] GC(2291) Humongous regions: 5->5
[2024-08-15T15:23:41.627+0000][10517.571s][info][gc,metaspace] GC(2291) Metaspace: 441589K(448640K)->441589K(448640K) NonClass: 386749K(390912K)->386749K(390912K) Class: 54840K(57728K)->54840K(57728K)
[2024-08-15T15:23:41.627+0000][10517.571s][info][gc          ] GC(2291) Pause Young (Prepare Mixed) (G1 Evacuation Pause) 9657M->3737M(12288M) 83.010ms
[2024-08-15T15:23:41.627+0000][10517.571s][info][gc,cpu      ] GC(2291) User=0.49s Sys=0.00s Real=0.08s
[2024-08-15T15:23:41.801+0000][10517.745s][info][gc,start    ] GC(2292) Pause Young (Mixed) (G1 Evacuation Pause)
[2024-08-15T15:23:41.801+0000][10517.745s][info][gc,task     ] GC(2292) Using 6 workers of 6 for evacuation
[2024-08-15T15:23:41.926+0000][10517.871s][info][gc,phases   ] GC(2292)   Pre Evacuate Collection Set: 0.2ms
[2024-08-15T15:23:41.927+0000][10517.871s][info][gc,phases   ] GC(2292)   Merge Heap Roots: 0.5ms
[2024-08-15T15:23:41.927+0000][10517.871s][info][gc,phases   ] GC(2292)   Evacuate Collection Set: 122.0ms
[2024-08-15T15:23:41.927+0000][10517.871s][info][gc,phases   ] GC(2292)   Post Evacuate Collection Set: 2.9ms
[2024-08-15T15:23:41.927+0000][10517.871s][info][gc,phases   ] GC(2292)   Other: 0.2ms
[2024-08-15T15:23:41.927+0000][10517.871s][info][gc,heap     ] GC(2292) Eden regions: 53->0(749)
[2024-08-15T15:23:41.927+0000][10517.871s][info][gc,heap     ] GC(2292) Survivor regions: 23->7(10)
[2024-08-15T15:23:41.927+0000][10517.871s][info][gc,heap     ] GC(2292) Old regions: 439->449
[2024-08-15T15:23:41.927+0000][10517.871s][info][gc,heap     ] GC(2292) Archive regions: 2->2
[2024-08-15T15:23:41.927+0000][10517.871s][info][gc,heap     ] GC(2292) Humongous regions: 5->5
[2024-08-15T15:23:41.927+0000][10517.871s][info][gc,metaspace] GC(2292) Metaspace: 441589K(448640K)->441589K(448640K) NonClass: 386749K(390912K)->386749K(390912K) Class: 54840K(57728K)->54840K(57728K)
[2024-08-15T15:23:41.927+0000][10517.871s][info][gc          ] GC(2292) Pause Young (Mixed) (G1 Evacuation Pause) 4161M->3682M(12288M) 125.883ms
[2024-08-15T15:23:41.927+0000][10517.871s][info][gc,cpu      ] GC(2292) User=0.75s Sys=0.00s Real=0.13s
[2024-08-15T15:23:44.282+0000][10520.226s][info][gc,start    ] GC(2293) Pause Young (Normal) (G1 Evacuation Pause)
[2024-08-15T15:23:44.282+0000][10520.226s][info][gc,task     ] GC(2293) Using 6 workers of 6 for evacuation
[2024-08-15T15:23:44.343+0000][10520.288s][info][gc,phases   ] GC(2293)   Pre Evacuate Collection Set: 0.2ms
[2024-08-15T15:23:44.343+0000][10520.288s][info][gc,phases   ] GC(2293)   Merge Heap Roots: 0.3ms
[2024-08-15T15:23:44.343+0000][10520.288s][info][gc,phases   ] GC(2293)   Evacuate Collection Set: 47.6ms
[2024-08-15T15:23:44.343+0000][10520.288s][info][gc,phases   ] GC(2293)   Post Evacuate Collection Set: 13.2ms
[2024-08-15T15:23:44.343+0000][10520.288s][info][gc,phases   ] GC(2293)   Other: 0.2ms
[2024-08-15T15:23:44.343+0000][10520.288s][info][gc,heap     ] GC(2293) Eden regions: 749->0(747)
[2024-08-15T15:23:44.343+0000][10520.288s][info][gc,heap     ] GC(2293) Survivor regions: 7->9(95)
[2024-08-15T15:23:44.343+0000][10520.288s][info][gc,heap     ] GC(2293) Old regions: 449->449
[2024-08-15T15:23:44.343+0000][10520.288s][info][gc,heap     ] GC(2293) Archive regions: 2->2
[2024-08-15T15:23:44.343+0000][10520.288s][info][gc,heap     ] GC(2293) Humongous regions: 5->5
[2024-08-15T15:23:44.343+0000][10520.288s][info][gc,metaspace] GC(2293) Metaspace: 441589K(448640K)->441589K(448640K) NonClass: 386749K(390912K)->386749K(390912K) Class: 54840K(57728K)->54840K(57728K)
[2024-08-15T15:23:44.343+0000][10520.288s][info][gc          ] GC(2293) Pause Young (Normal) (G1 Evacuation Pause) 9674M->3698M(12288M) 61.540ms
[2024-08-15T15:23:44.343+0000][10520.288s][info][gc,cpu      ] GC(2293) User=0.36s Sys=0.00s Real=0.07s
[2024-08-15T15:23:47.009+0000][10522.953s][info][gc,start    ] GC(2294) Pause Young (Normal) (G1 Evacuation Pause)
[2024-08-15T15:23:47.009+0000][10522.953s][info][gc,task     ] GC(2294) Using 6 workers of 6 for evacuation
[2024-08-15T15:23:47.095+0000][10523.040s][info][gc,phases   ] GC(2294)   Pre Evacuate Collection Set: 0.2ms
[2024-08-15T15:23:47.095+0000][10523.040s][info][gc,phases   ] GC(2294)   Merge Heap Roots: 0.3ms
[2024-08-15T15:23:47.095+0000][10523.040s][info][gc,phases   ] GC(2294)   Evacuate Collection Set: 69.9ms
[2024-08-15T15:23:47.095+0000][10523.040s][info][gc,phases   ] GC(2294)   Post Evacuate Collection Set: 15.8ms
[2024-08-15T15:23:47.095+0000][10523.040s][info][gc,phases   ] GC(2294)   Other: 0.2ms
[2024-08-15T15:23:47.095+0000][10523.040s][info][gc,heap     ] GC(2294) Eden regions: 747->0(743)
[2024-08-15T15:23:47.095+0000][10523.040s][info][gc,heap     ] GC(2294) Survivor regions: 9->13(95)
[2024-08-15T15:23:47.095+0000][10523.040s][info][gc,heap     ] GC(2294) Old regions: 449->449
[2024-08-15T15:23:47.095+0000][10523.040s][info][gc,heap     ] GC(2294) Archive regions: 2->2
[2024-08-15T15:23:47.095+0000][10523.040s][info][gc,heap     ] GC(2294) Humongous regions: 5->5
[2024-08-15T15:23:47.095+0000][10523.040s][info][gc,metaspace] GC(2294) Metaspace: 441589K(448640K)->441589K(448640K) NonClass: 386749K(390912K)->386749K(390912K) Class: 54840K(57728K)->54840K(57728K)
[2024-08-15T15:23:47.095+0000][10523.040s][info][gc          ] GC(2294) Pause Young (Normal) (G1 Evacuation Pause) 9674M->3734M(12288M) 86.503ms
[2024-08-15T15:23:47.095+0000][10523.040s][info][gc,cpu      ] GC(2294) User=0.50s Sys=0.00s Real=0.09s
[2024-08-15T15:23:49.635+0000][10525.579s][info][gc,start    ] GC(2295) Pause Young (Concurrent Start) (G1 Evacuation Pause)
[2024-08-15T15:23:49.635+0000][10525.579s][info][gc,task     ] GC(2295) Using 6 workers of 6 for evacuation
[2024-08-15T15:23:49.733+0000][10525.678s][info][gc,phases   ] GC(2295)   Pre Evacuate Collection Set: 0.6ms
[2024-08-15T15:23:49.733+0000][10525.678s][info][gc,phases   ] GC(2295)   Merge Heap Roots: 0.3ms
[2024-08-15T15:23:49.733+0000][10525.678s][info][gc,phases   ] GC(2295)   Evacuate Collection Set: 79.4ms
[2024-08-15T15:23:49.733+0000][10525.678s][info][gc,phases   ] GC(2295)   Post Evacuate Collection Set: 17.8ms
[2024-08-15T15:23:49.733+0000][10525.678s][info][gc,phases   ] GC(2295)   Other: 0.3ms
[2024-08-15T15:23:49.733+0000][10525.678s][info][gc,heap     ] GC(2295) Eden regions: 743->0(738)
[2024-08-15T15:23:49.733+0000][10525.678s][info][gc,heap     ] GC(2295) Survivor regions: 13->17(95)
[2024-08-15T15:23:49.733+0000][10525.678s][info][gc,heap     ] GC(2295) Old regions: 449->449
[2024-08-15T15:23:49.733+0000][10525.678s][info][gc,heap     ] GC(2295) Archive regions: 2->2
[2024-08-15T15:23:49.733+0000][10525.678s][info][gc,heap     ] GC(2295) Humongous regions: 5->5
[2024-08-15T15:23:49.733+0000][10525.678s][info][gc,metaspace] GC(2295) Metaspace: 441589K(448640K)->441589K(448640K) NonClass: 386749K(390912K)->386749K(390912K) Class: 54840K(57728K)->54840K(57728K)
[2024-08-15T15:23:49.733+0000][10525.678s][info][gc          ] GC(2295) Pause Young (Concurrent Start) (G1 Evacuation Pause) 9678M->3764M(12288M) 98.453ms
[2024-08-15T15:23:49.733+0000][10525.678s][info][gc,cpu      ] GC(2295) User=0.57s Sys=0.00s Real=0.10s
[2024-08-15T15:23:49.733+0000][10525.678s][info][gc          ] GC(2296) Concurrent Mark Cycle
[2024-08-15T15:23:49.733+0000][10525.678s][info][gc,marking  ] GC(2296) Concurrent Clear Claimed Marks
[2024-08-15T15:23:49.734+0000][10525.678s][info][gc,marking  ] GC(2296) Concurrent Clear Claimed Marks 0.395ms
[2024-08-15T15:23:49.734+0000][10525.678s][info][gc,marking  ] GC(2296) Concurrent Scan Root Regions
[2024-08-15T15:23:49.804+0000][10525.749s][info][gc,marking  ] GC(2296) Concurrent Scan Root Regions 70.375ms
[2024-08-15T15:23:49.804+0000][10525.749s][info][gc,marking  ] GC(2296) Concurrent Mark
[2024-08-15T15:23:49.804+0000][10525.749s][info][gc,marking  ] GC(2296) Concurrent Mark From Roots
[2024-08-15T15:23:49.804+0000][10525.749s][info][gc,task     ] GC(2296) Using 2 workers of 2 for marking
[2024-08-15T15:23:52.387+0000][10528.332s][info][gc,marking  ] GC(2296) Concurrent Mark From Roots 2583.446ms
[2024-08-15T15:23:52.387+0000][10528.332s][info][gc,marking  ] GC(2296) Concurrent Preclean
[2024-08-15T15:23:52.389+0000][10528.334s][info][gc,marking  ] GC(2296) Concurrent Preclean 1.930ms
[2024-08-15T15:23:52.390+0000][10528.334s][info][gc,start    ] GC(2296) Pause Remark
[2024-08-15T15:23:52.432+0000][10528.377s][info][gc          ] GC(2296) Pause Remark 8728M->8728M(12288M) 42.760ms
[2024-08-15T15:23:52.432+0000][10528.377s][info][gc,cpu      ] GC(2296) User=0.22s Sys=0.00s Real=0.04s
[2024-08-15T15:23:52.433+0000][10528.377s][info][gc,marking  ] GC(2296) Concurrent Mark 2628.682ms
[2024-08-15T15:23:52.433+0000][10528.377s][info][gc,marking  ] GC(2296) Concurrent Rebuild Remembered Sets
[2024-08-15T15:23:52.931+0000][10528.876s][info][gc,start    ] GC(2297) Pause Young (Normal) (G1 Evacuation Pause)
[2024-08-15T15:23:52.931+0000][10528.876s][info][gc,task     ] GC(2297) Using 6 workers of 6 for evacuation
[2024-08-15T15:23:53.037+0000][10528.981s][info][gc,phases   ] GC(2297)   Pre Evacuate Collection Set: 0.2ms
[2024-08-15T15:23:53.037+0000][10528.981s][info][gc,phases   ] GC(2297)   Merge Heap Roots: 0.7ms
[2024-08-15T15:23:53.037+0000][10528.982s][info][gc,phases   ] GC(2297)   Evacuate Collection Set: 88.1ms
[2024-08-15T15:23:53.037+0000][10528.982s][info][gc,phases   ] GC(2297)   Post Evacuate Collection Set: 16.3ms
[2024-08-15T15:23:53.037+0000][10528.982s][info][gc,phases   ] GC(2297)   Other: 0.2ms
[2024-08-15T15:23:53.037+0000][10528.982s][info][gc,heap     ] GC(2297) Eden regions: 738->0(730)
[2024-08-15T15:23:53.037+0000][10528.982s][info][gc,heap     ] GC(2297) Survivor regions: 17->21(95)
[2024-08-15T15:23:53.037+0000][10528.982s][info][gc,heap     ] GC(2297) Old regions: 449->449
[2024-08-15T15:23:53.037+0000][10528.982s][info][gc,heap     ] GC(2297) Archive regions: 2->2
[2024-08-15T15:23:53.037+0000][10528.982s][info][gc,heap     ] GC(2297) Humongous regions: 5->5
[2024-08-15T15:23:53.037+0000][10528.982s][info][gc,metaspace] GC(2297) Metaspace: 441504K(448640K)->441504K(448640K) NonClass: 386682K(390912K)->386682K(390912K) Class: 54821K(57728K)->54821K(57728K)
[2024-08-15T15:23:53.037+0000][10528.982s][info][gc          ] GC(2297) Pause Young (Normal) (G1 Evacuation Pause) 9668M->3798M(12288M) 105.602ms
[2024-08-15T15:23:53.037+0000][10528.982s][info][gc,cpu      ] GC(2297) User=0.61s Sys=0.00s Real=0.11s
[2024-08-15T15:23:54.107+0000][10530.052s][info][gc,marking  ] GC(2296) Concurrent Rebuild Remembered Sets 1674.158ms
[2024-08-15T15:23:54.107+0000][10530.052s][info][gc,start    ] GC(2296) Pause Cleanup
[2024-08-15T15:23:54.108+0000][10530.052s][info][gc          ] GC(2296) Pause Cleanup 6062M->6062M(12288M) 0.686ms
[2024-08-15T15:23:54.108+0000][10530.052s][info][gc,cpu      ] GC(2296) User=0.00s Sys=0.00s Real=0.00s
[2024-08-15T15:23:54.108+0000][10530.053s][info][gc,marking  ] GC(2296) Concurrent Cleanup for Next Mark
[2024-08-15T15:23:54.125+0000][10530.069s][info][gc,marking  ] GC(2296) Concurrent Cleanup for Next Mark 16.727ms
[2024-08-15T15:23:54.125+0000][10530.069s][info][gc          ] GC(2296) Concurrent Mark Cycle 4391.547ms
[2024-08-15T15:23:55.556+0000][10531.500s][info][gc,start    ] GC(2298) Pause Young (Prepare Mixed) (G1 Evacuation Pause)
[2024-08-15T15:23:55.556+0000][10531.500s][info][gc,task     ] GC(2298) Using 6 workers of 6 for evacuation
[2024-08-15T15:23:55.682+0000][10531.627s][info][gc,phases   ] GC(2298)   Pre Evacuate Collection Set: 0.2ms
[2024-08-15T15:23:55.682+0000][10531.627s][info][gc,phases   ] GC(2298)   Merge Heap Roots: 0.7ms
[2024-08-15T15:23:55.682+0000][10531.627s][info][gc,phases   ] GC(2298)   Evacuate Collection Set: 107.0ms
[2024-08-15T15:23:55.682+0000][10531.627s][info][gc,phases   ] GC(2298)   Post Evacuate Collection Set: 18.6ms
[2024-08-15T15:23:55.682+0000][10531.627s][info][gc,phases   ] GC(2298)   Other: 0.2ms
[2024-08-15T15:23:55.682+0000][10531.627s][info][gc,heap     ] GC(2298) Eden regions: 730->0(50)
[2024-08-15T15:23:55.682+0000][10531.627s][info][gc,heap     ] GC(2298) Survivor regions: 21->26(94)
[2024-08-15T15:23:55.682+0000][10531.627s][info][gc,heap     ] GC(2298) Old regions: 449->449
[2024-08-15T15:23:55.682+0000][10531.627s][info][gc,heap     ] GC(2298) Archive regions: 2->2
[2024-08-15T15:23:55.682+0000][10531.627s][info][gc,heap     ] GC(2298) Humongous regions: 5->5
[2024-08-15T15:23:55.682+0000][10531.627s][info][gc,metaspace] GC(2298) Metaspace: 441504K(448640K)->441504K(448640K) NonClass: 386682K(390912K)->386682K(390912K) Class: 54821K(57728K)->54821K(57728K)
[2024-08-15T15:23:55.682+0000][10531.627s][info][gc          ] GC(2298) Pause Young (Prepare Mixed) (G1 Evacuation Pause) 9638M->3834M(12288M) 126.716ms
[2024-08-15T15:23:55.682+0000][10531.627s][info][gc,cpu      ] GC(2298) User=0.75s Sys=0.00s Real=0.12s
[2024-08-15T15:23:55.859+0000][10531.803s][info][gc,start    ] GC(2299) Pause Young (Mixed) (G1 Evacuation Pause)
[2024-08-15T15:23:55.859+0000][10531.804s][info][gc,task     ] GC(2299) Using 6 workers of 6 for evacuation
[2024-08-15T15:23:55.982+0000][10531.926s][info][gc,phases   ] GC(2299)   Pre Evacuate Collection Set: 0.2ms
[2024-08-15T15:23:55.982+0000][10531.926s][info][gc,phases   ] GC(2299)   Merge Heap Roots: 0.4ms
[2024-08-15T15:23:55.982+0000][10531.926s][info][gc,phases   ] GC(2299)   Evacuate Collection Set: 119.6ms
[2024-08-15T15:23:55.982+0000][10531.926s][info][gc,phases   ] GC(2299)   Post Evacuate Collection Set: 2.5ms
[2024-08-15T15:23:55.982+0000][10531.926s][info][gc,phases   ] GC(2299)   Other: 0.2ms
[2024-08-15T15:23:55.982+0000][10531.926s][info][gc,heap     ] GC(2299) Eden regions: 50->0(743)
[2024-08-15T15:23:55.982+0000][10531.926s][info][gc,heap     ] GC(2299) Survivor regions: 26->3(10)
[2024-08-15T15:23:55.982+0000][10531.926s][info][gc,heap     ] GC(2299) Old regions: 449->459
[2024-08-15T15:23:55.982+0000][10531.926s][info][gc,heap     ] GC(2299) Archive regions: 2->2
[2024-08-15T15:23:55.982+0000][10531.926s][info][gc,heap     ] GC(2299) Humongous regions: 5->5
[2024-08-15T15:23:55.982+0000][10531.926s][info][gc,metaspace] GC(2299) Metaspace: 441504K(448640K)->441504K(448640K) NonClass: 386682K(390912K)->386682K(390912K) Class: 54821K(57728K)->54821K(57728K)
[2024-08-15T15:23:55.982+0000][10531.927s][info][gc          ] GC(2299) Pause Young (Mixed) (G1 Evacuation Pause) 4234M->3734M(12288M) 123.026ms
[2024-08-15T15:23:55.982+0000][10531.927s][info][gc,cpu      ] GC(2299) User=0.73s Sys=0.00s Real=0.12s
[2024-08-15T15:23:58.236+0000][10534.181s][info][gc,start    ] GC(2300) Pause Young (Normal) (G1 Evacuation Pause)
[2024-08-15T15:23:58.236+0000][10534.181s][info][gc,task     ] GC(2300) Using 6 workers of 6 for evacuation
[2024-08-15T15:23:58.280+0000][10534.225s][info][gc,phases   ] GC(2300)   Pre Evacuate Collection Set: 0.2ms
[2024-08-15T15:23:58.280+0000][10534.225s][info][gc,phases   ] GC(2300)   Merge Heap Roots: 0.3ms
[2024-08-15T15:23:58.280+0000][10534.225s][info][gc,phases   ] GC(2300)   Evacuate Collection Set: 32.0ms
[2024-08-15T15:23:58.280+0000][10534.225s][info][gc,phases   ] GC(2300)   Post Evacuate Collection Set: 11.2ms
[2024-08-15T15:23:58.280+0000][10534.225s][info][gc,phases   ] GC(2300)   Other: 0.2ms
[2024-08-15T15:23:58.280+0000][10534.225s][info][gc,heap     ] GC(2300) Eden regions: 743->0(742)
[2024-08-15T15:23:58.280+0000][10534.225s][info][gc,heap     ] GC(2300) Survivor regions: 3->5(94)
[2024-08-15T15:23:58.280+0000][10534.225s][info][gc,heap     ] GC(2300) Old regions: 459->459
[2024-08-15T15:23:58.280+0000][10534.225s][info][gc,heap     ] GC(2300) Archive regions: 2->2
[2024-08-15T15:23:58.280+0000][10534.225s][info][gc,heap     ] GC(2300) Humongous regions: 5->5
[2024-08-15T15:23:58.280+0000][10534.225s][info][gc,metaspace] GC(2300) Metaspace: 441504K(448640K)->441504K(448640K) NonClass: 386682K(390912K)->386682K(390912K) Class: 54821K(57728K)->54821K(57728K)
[2024-08-15T15:23:58.280+0000][10534.225s][info][gc          ] GC(2300) Pause Young (Normal) (G1 Evacuation Pause) 9678M->3744M(12288M) 43.985ms
[2024-08-15T15:23:58.280+0000][10534.225s][info][gc,cpu      ] GC(2300) User=0.26s Sys=0.00s Real=0.04s
[2024-08-15T15:24:00.530+0000][10536.474s][info][gc,start    ] GC(2301) Pause Young (Normal) (G1 Evacuation Pause)
[2024-08-15T15:24:00.530+0000][10536.474s][info][gc,task     ] GC(2301) Using 6 workers of 6 for evacuation
[2024-08-15T15:24:00.602+0000][10536.546s][info][gc,phases   ] GC(2301)   Pre Evacuate Collection Set: 0.2ms
[2024-08-15T15:24:00.602+0000][10536.546s][info][gc,phases   ] GC(2301)   Merge Heap Roots: 0.3ms
[2024-08-15T15:24:00.602+0000][10536.546s][info][gc,phases   ] GC(2301)   Evacuate Collection Set: 54.7ms
[2024-08-15T15:24:00.602+0000][10536.546s][info][gc,phases   ] GC(2301)   Post Evacuate Collection Set: 16.4ms
[2024-08-15T15:24:00.602+0000][10536.546s][info][gc,phases   ] GC(2301)   Other: 0.2ms
[2024-08-15T15:24:00.602+0000][10536.546s][info][gc,heap     ] GC(2301) Eden regions: 742->0(738)
[2024-08-15T15:24:00.602+0000][10536.546s][info][gc,heap     ] GC(2301) Survivor regions: 5->9(94)
[2024-08-15T15:24:00.602+0000][10536.546s][info][gc,heap     ] GC(2301) Old regions: 459->459
[2024-08-15T15:24:00.602+0000][10536.546s][info][gc,heap     ] GC(2301) Archive regions: 2->2
[2024-08-15T15:24:00.602+0000][10536.546s][info][gc,heap     ] GC(2301) Humongous regions: 5->5
[2024-08-15T15:24:00.602+0000][10536.546s][info][gc,metaspace] GC(2301) Metaspace: 441504K(448640K)->441504K(448640K) NonClass: 386682K(390912K)->386682K(390912K) Class: 54821K(57728K)->54821K(57728K)
[2024-08-15T15:24:00.602+0000][10536.546s][info][gc          ] GC(2301) Pause Young (Normal) (G1 Evacuation Pause) 9680M->3776M(12288M) 71.922ms
[2024-08-15T15:24:00.602+0000][10536.546s][info][gc,cpu      ] GC(2301) User=0.42s Sys=0.00s Real=0.07s
[2024-08-15T15:24:02.953+0000][10538.898s][info][gc,start    ] GC(2302) Pause Young (Concurrent Start) (G1 Evacuation Pause)
[2024-08-15T15:24:02.953+0000][10538.898s][info][gc,task     ] GC(2302) Using 6 workers of 6 for evacuation
[2024-08-15T15:24:03.040+0000][10538.985s][info][gc,phases   ] GC(2302)   Pre Evacuate Collection Set: 0.6ms
[2024-08-15T15:24:03.040+0000][10538.985s][info][gc,phases   ] GC(2302)   Merge Heap Roots: 0.4ms
[2024-08-15T15:24:03.040+0000][10538.985s][info][gc,phases   ] GC(2302)   Evacuate Collection Set: 67.5ms
[2024-08-15T15:24:03.040+0000][10538.985s][info][gc,phases   ] GC(2302)   Post Evacuate Collection Set: 17.8ms
[2024-08-15T15:24:03.040+0000][10538.985s][info][gc,phases   ] GC(2302)   Other: 0.3ms
[2024-08-15T15:24:03.040+0000][10538.985s][info][gc,heap     ] GC(2302) Eden regions: 738->0(735)
[2024-08-15T15:24:03.040+0000][10538.985s][info][gc,heap     ] GC(2302) Survivor regions: 9->12(94)
[2024-08-15T15:24:03.040+0000][10538.985s][info][gc,heap     ] GC(2302) Old regions: 459->459
[2024-08-15T15:24:03.040+0000][10538.985s][info][gc,heap     ] GC(2302) Archive regions: 2->2
[2024-08-15T15:24:03.040+0000][10538.985s][info][gc,heap     ] GC(2302) Humongous regions: 5->5
[2024-08-15T15:24:03.040+0000][10538.985s][info][gc,metaspace] GC(2302) Metaspace: 441504K(448640K)->441504K(448640K) NonClass: 386682K(390912K)->386682K(390912K) Class: 54821K(57728K)->54821K(57728K)
[2024-08-15T15:24:03.040+0000][10538.985s][info][gc          ] GC(2302) Pause Young (Concurrent Start) (G1 Evacuation Pause) 9680M->3806M(12288M) 86.577ms
[2024-08-15T15:24:03.040+0000][10538.985s][info][gc,cpu      ] GC(2302) User=0.50s Sys=0.00s Real=0.09s
[2024-08-15T15:24:03.040+0000][10538.985s][info][gc          ] GC(2303) Concurrent Mark Cycle
[2024-08-15T15:24:03.040+0000][10538.985s][info][gc,marking  ] GC(2303) Concurrent Clear Claimed Marks
[2024-08-15T15:24:03.041+0000][10538.985s][info][gc,marking  ] GC(2303) Concurrent Clear Claimed Marks 0.411ms
[2024-08-15T15:24:03.041+0000][10538.985s][info][gc,marking  ] GC(2303) Concurrent Scan Root Regions
[2024-08-15T15:24:03.088+0000][10539.032s][info][gc,marking  ] GC(2303) Concurrent Scan Root Regions 47.004ms
[2024-08-15T15:24:03.088+0000][10539.032s][info][gc,marking  ] GC(2303) Concurrent Mark
[2024-08-15T15:24:03.088+0000][10539.032s][info][gc,marking  ] GC(2303) Concurrent Mark From Roots
[2024-08-15T15:24:03.088+0000][10539.032s][info][gc,task     ] GC(2303) Using 2 workers of 2 for marking
[2024-08-15T15:24:05.572+0000][10541.516s][info][gc,marking  ] GC(2303) Concurrent Mark From Roots 2484.104ms
[2024-08-15T15:24:05.572+0000][10541.516s][info][gc,marking  ] GC(2303) Concurrent Preclean
[2024-08-15T15:24:05.573+0000][10541.518s][info][gc,marking  ] GC(2303) Concurrent Preclean 1.727ms
[2024-08-15T15:24:05.574+0000][10541.518s][info][gc,start    ] GC(2303) Pause Remark
[2024-08-15T15:24:05.598+0000][10541.542s][info][gc          ] GC(2303) Pause Remark 9458M->9458M(12288M) 24.076ms
[2024-08-15T15:24:05.598+0000][10541.542s][info][gc,cpu      ] GC(2303) User=0.10s Sys=0.00s Real=0.03s
[2024-08-15T15:24:05.598+0000][10541.543s][info][gc,marking  ] GC(2303) Concurrent Mark 2510.353ms
[2024-08-15T15:24:05.598+0000][10541.543s][info][gc,marking  ] GC(2303) Concurrent Rebuild Remembered Sets
[2024-08-15T15:24:05.699+0000][10541.644s][info][gc,start    ] GC(2304) Pause Young (Normal) (G1 Evacuation Pause)
[2024-08-15T15:24:05.699+0000][10541.644s][info][gc,task     ] GC(2304) Using 6 workers of 6 for evacuation
[2024-08-15T15:24:05.803+0000][10541.748s][info][gc,phases   ] GC(2304)   Pre Evacuate Collection Set: 0.2ms
[2024-08-15T15:24:05.803+0000][10541.748s][info][gc,phases   ] GC(2304)   Merge Heap Roots: 0.4ms
[2024-08-15T15:24:05.803+0000][10541.748s][info][gc,phases   ] GC(2304)   Evacuate Collection Set: 84.1ms
[2024-08-15T15:24:05.803+0000][10541.748s][info][gc,phases   ] GC(2304)   Post Evacuate Collection Set: 19.7ms
[2024-08-15T15:24:05.803+0000][10541.748s][info][gc,phases   ] GC(2304)   Other: 0.2ms
[2024-08-15T15:24:05.803+0000][10541.748s][info][gc,heap     ] GC(2304) Eden regions: 735->0(728)
[2024-08-15T15:24:05.803+0000][10541.748s][info][gc,heap     ] GC(2304) Survivor regions: 12->17(94)
[2024-08-15T15:24:05.803+0000][10541.748s][info][gc,heap     ] GC(2304) Old regions: 459->459
[2024-08-15T15:24:05.803+0000][10541.748s][info][gc,heap     ] GC(2304) Archive regions: 2->2
[2024-08-15T15:24:05.803+0000][10541.748s][info][gc,heap     ] GC(2304) Humongous regions: 5->5
[2024-08-15T15:24:05.803+0000][10541.748s][info][gc,metaspace] GC(2304) Metaspace: 441504K(448640K)->441504K(448640K) NonClass: 386682K(390912K)->386682K(390912K) Class: 54821K(57728K)->54821K(57728K)
[2024-08-15T15:24:05.803+0000][10541.748s][info][gc          ] GC(2304) Pause Young (Normal) (G1 Evacuation Pause) 9686M->3846M(12288M) 104.545ms
[2024-08-15T15:24:05.804+0000][10541.748s][info][gc,cpu      ] GC(2304) User=0.61s Sys=0.00s Real=0.11s
[2024-08-15T15:24:07.165+0000][10543.109s][info][gc,marking  ] GC(2303) Concurrent Rebuild Remembered Sets 1566.879ms
[2024-08-15T15:24:07.165+0000][10543.110s][info][gc,start    ] GC(2303) Pause Cleanup
[2024-08-15T15:24:07.166+0000][10543.110s][info][gc          ] GC(2303) Pause Cleanup 6854M->6854M(12288M) 0.725ms
[2024-08-15T15:24:07.166+0000][10543.110s][info][gc,cpu      ] GC(2303) User=0.00s Sys=0.00s Real=0.00s
[2024-08-15T15:24:07.166+0000][10543.111s][info][gc,marking  ] GC(2303) Concurrent Cleanup for Next Mark
[2024-08-15T15:24:07.183+0000][10543.128s][info][gc,marking  ] GC(2303) Concurrent Cleanup for Next Mark 16.951ms
[2024-08-15T15:24:07.183+0000][10543.128s][info][gc          ] GC(2303) Concurrent Mark Cycle 4142.831ms
[2024-08-15T15:24:10.611+0000][10546.556s][info][gc,start    ] GC(2305) Pause Young (Prepare Mixed) (G1 Evacuation Pause)
[2024-08-15T15:24:10.611+0000][10546.556s][info][gc,task     ] GC(2305) Using 6 workers of 6 for evacuation
[2024-08-15T15:24:10.709+0000][10546.653s][info][gc,phases   ] GC(2305)   Pre Evacuate Collection Set: 0.2ms
[2024-08-15T15:24:10.709+0000][10546.653s][info][gc,phases   ] GC(2305)   Merge Heap Roots: 0.7ms
[2024-08-15T15:24:10.709+0000][10546.653s][info][gc,phases   ] GC(2305)   Evacuate Collection Set: 86.8ms
[2024-08-15T15:24:10.709+0000][10546.653s][info][gc,phases   ] GC(2305)   Post Evacuate Collection Set: 9.9ms
[2024-08-15T15:24:10.709+0000][10546.653s][info][gc,phases   ] GC(2305)   Other: 0.2ms
[2024-08-15T15:24:10.709+0000][10546.653s][info][gc,heap     ] GC(2305) Eden regions: 728->0(56)
[2024-08-15T15:24:10.709+0000][10546.653s][info][gc,heap     ] GC(2305) Survivor regions: 17->20(94)
[2024-08-15T15:24:10.709+0000][10546.653s][info][gc,heap     ] GC(2305) Old regions: 459->459
[2024-08-15T15:24:10.709+0000][10546.653s][info][gc,heap     ] GC(2305) Archive regions: 2->2
[2024-08-15T15:24:10.709+0000][10546.653s][info][gc,heap     ] GC(2305) Humongous regions: 5->5
[2024-08-15T15:24:10.709+0000][10546.654s][info][gc,metaspace] GC(2305) Metaspace: 441504K(448640K)->441504K(448640K) NonClass: 386682K(390912K)->386682K(390912K) Class: 54821K(57728K)->54821K(57728K)
[2024-08-15T15:24:10.709+0000][10546.654s][info][gc          ] GC(2305) Pause Young (Prepare Mixed) (G1 Evacuation Pause) 9670M->3870M(12288M) 97.811ms
[2024-08-15T15:24:10.709+0000][10546.654s][info][gc,cpu      ] GC(2305) User=0.58s Sys=0.00s Real=0.10s
[2024-08-15T15:24:11.313+0000][10547.258s][info][gc,start    ] GC(2306) Pause Young (Mixed) (G1 Evacuation Pause)
[2024-08-15T15:24:11.313+0000][10547.258s][info][gc,task     ] GC(2306) Using 6 workers of 6 for evacuation
[2024-08-15T15:24:11.426+0000][10547.370s][info][gc,phases   ] GC(2306)   Pre Evacuate Collection Set: 0.2ms
[2024-08-15T15:24:11.426+0000][10547.370s][info][gc,phases   ] GC(2306)   Merge Heap Roots: 0.5ms
[2024-08-15T15:24:11.426+0000][10547.370s][info][gc,phases   ] GC(2306)   Evacuate Collection Set: 110.5ms
[2024-08-15T15:24:11.426+0000][10547.370s][info][gc,phases   ] GC(2306)   Post Evacuate Collection Set: 1.3ms
[2024-08-15T15:24:11.426+0000][10547.370s][info][gc,phases   ] GC(2306)   Other: 0.2ms
[2024-08-15T15:24:11.426+0000][10547.370s][info][gc,heap     ] GC(2306) Eden regions: 56->0(743)
[2024-08-15T15:24:11.426+0000][10547.370s][info][gc,heap     ] GC(2306) Survivor regions: 20->6(10)
[2024-08-15T15:24:11.426+0000][10547.370s][info][gc,heap     ] GC(2306) Old regions: 459->458
[2024-08-15T15:24:11.426+0000][10547.370s][info][gc,heap     ] GC(2306) Archive regions: 2->2
[2024-08-15T15:24:11.426+0000][10547.370s][info][gc,heap     ] GC(2306) Humongous regions: 5->5
[2024-08-15T15:24:11.426+0000][10547.370s][info][gc,metaspace] GC(2306) Metaspace: 441504K(448640K)->441504K(448640K) NonClass: 386682K(390912K)->386682K(390912K) Class: 54821K(57728K)->54821K(57728K)
[2024-08-15T15:24:11.426+0000][10547.370s][info][gc          ] GC(2306) Pause Young (Mixed) (G1 Evacuation Pause) 4318M->3754M(12288M) 112.644ms
[2024-08-15T15:24:11.426+0000][10547.370s][info][gc,cpu      ] GC(2306) User=0.67s Sys=0.01s Real=0.12s
[2024-08-15T15:24:19.137+0000][10555.082s][info][gc,start    ] GC(2307) Pause Young (Normal) (G1 Evacuation Pause)
[2024-08-15T15:24:19.137+0000][10555.082s][info][gc,task     ] GC(2307) Using 6 workers of 6 for evacuation
[2024-08-15T15:24:19.157+0000][10555.102s][info][gc,phases   ] GC(2307)   Pre Evacuate Collection Set: 0.2ms
[2024-08-15T15:24:19.157+0000][10555.102s][info][gc,phases   ] GC(2307)   Merge Heap Roots: 0.3ms
[2024-08-15T15:24:19.157+0000][10555.102s][info][gc,phases   ] GC(2307)   Evacuate Collection Set: 18.2ms
[2024-08-15T15:24:19.157+0000][10555.102s][info][gc,phases   ] GC(2307)   Post Evacuate Collection Set: 1.6ms
[2024-08-15T15:24:19.157+0000][10555.102s][info][gc,phases   ] GC(2307)   Other: 0.2ms
[2024-08-15T15:24:19.157+0000][10555.102s][info][gc,heap     ] GC(2307) Eden regions: 743->0(743)
[2024-08-15T15:24:19.157+0000][10555.102s][info][gc,heap     ] GC(2307) Survivor regions: 6->7(94)
[2024-08-15T15:24:19.157+0000][10555.102s][info][gc,heap     ] GC(2307) Old regions: 458->458
[2024-08-15T15:24:19.157+0000][10555.102s][info][gc,heap     ] GC(2307) Archive regions: 2->2
[2024-08-15T15:24:19.157+0000][10555.102s][info][gc,heap     ] GC(2307) Humongous regions: 5->5
[2024-08-15T15:24:19.157+0000][10555.102s][info][gc,metaspace] GC(2307) Metaspace: 441504K(448640K)->441504K(448640K) NonClass: 386682K(390912K)->386682K(390912K) Class: 54821K(57728K)->54821K(57728K)
[2024-08-15T15:24:19.157+0000][10555.102s][info][gc          ] GC(2307) Pause Young (Normal) (G1 Evacuation Pause) 9698M->3755M(12288M) 20.436ms
[2024-08-15T15:24:19.158+0000][10555.102s][info][gc,cpu      ] GC(2307) User=0.12s Sys=0.00s Real=0.02s
[2024-08-15T15:24:27.146+0000][10563.090s][info][gc,start    ] GC(2308) Pause Young (Normal) (G1 Evacuation Pause)
[2024-08-15T15:24:27.146+0000][10563.090s][info][gc,task     ] GC(2308) Using 6 workers of 6 for evacuation
[2024-08-15T15:24:27.172+0000][10563.117s][info][gc,phases   ] GC(2308)   Pre Evacuate Collection Set: 0.2ms
[2024-08-15T15:24:27.172+0000][10563.117s][info][gc,phases   ] GC(2308)   Merge Heap Roots: 0.2ms
[2024-08-15T15:24:27.172+0000][10563.117s][info][gc,phases   ] GC(2308)   Evacuate Collection Set: 23.9ms
[2024-08-15T15:24:27.172+0000][10563.117s][info][gc,phases   ] GC(2308)   Post Evacuate Collection Set: 1.7ms
[2024-08-15T15:24:27.172+0000][10563.117s][info][gc,phases   ] GC(2308)   Other: 0.2ms
[2024-08-15T15:24:27.172+0000][10563.117s][info][gc,heap     ] GC(2308) Eden regions: 743->0(740)
[2024-08-15T15:24:27.172+0000][10563.117s][info][gc,heap     ] GC(2308) Survivor regions: 7->10(94)
[2024-08-15T15:24:27.172+0000][10563.117s][info][gc,heap     ] GC(2308) Old regions: 458->458
[2024-08-15T15:24:27.172+0000][10563.117s][info][gc,heap     ] GC(2308) Archive regions: 2->2
[2024-08-15T15:24:27.172+0000][10563.117s][info][gc,heap     ] GC(2308) Humongous regions: 5->5
[2024-08-15T15:24:27.172+0000][10563.117s][info][gc,metaspace] GC(2308) Metaspace: 441504K(448640K)->441504K(448640K) NonClass: 386682K(390912K)->386682K(390912K) Class: 54821K(57728K)->54821K(57728K)
[2024-08-15T15:24:27.172+0000][10563.117s][info][gc          ] GC(2308) Pause Young (Normal) (G1 Evacuation Pause) 9699M->3779M(12288M) 26.335ms
[2024-08-15T15:24:27.172+0000][10563.117s][info][gc,cpu      ] GC(2308) User=0.16s Sys=0.00s Real=0.02s
[2024-08-15T15:24:35.012+0000][10570.957s][info][gc,start    ] GC(2309) Pause Young (Concurrent Start) (G1 Evacuation Pause)
[2024-08-15T15:24:35.012+0000][10570.957s][info][gc,task     ] GC(2309) Using 6 workers of 6 for evacuation
[2024-08-15T15:24:35.043+0000][10570.988s][info][gc,phases   ] GC(2309)   Pre Evacuate Collection Set: 0.6ms
[2024-08-15T15:24:35.043+0000][10570.988s][info][gc,phases   ] GC(2309)   Merge Heap Roots: 0.2ms
[2024-08-15T15:24:35.043+0000][10570.988s][info][gc,phases   ] GC(2309)   Evacuate Collection Set: 28.5ms
[2024-08-15T15:24:35.043+0000][10570.988s][info][gc,phases   ] GC(2309)   Post Evacuate Collection Set: 1.7ms
[2024-08-15T15:24:35.043+0000][10570.988s][info][gc,phases   ] GC(2309)   Other: 0.3ms
[2024-08-15T15:24:35.043+0000][10570.988s][info][gc,heap     ] GC(2309) Eden regions: 740->0(737)
[2024-08-15T15:24:35.043+0000][10570.988s][info][gc,heap     ] GC(2309) Survivor regions: 10->13(94)
[2024-08-15T15:24:35.043+0000][10570.988s][info][gc,heap     ] GC(2309) Old regions: 458->458
[2024-08-15T15:24:35.043+0000][10570.988s][info][gc,heap     ] GC(2309) Archive regions: 2->2
[2024-08-15T15:24:35.043+0000][10570.988s][info][gc,heap     ] GC(2309) Humongous regions: 5->5
[2024-08-15T15:24:35.043+0000][10570.988s][info][gc,metaspace] GC(2309) Metaspace: 441506K(448640K)->441506K(448640K) NonClass: 386685K(390912K)->386685K(390912K) Class: 54821K(57728K)->54821K(57728K)
[2024-08-15T15:24:35.043+0000][10570.988s][info][gc          ] GC(2309) Pause Young (Concurrent Start) (G1 Evacuation Pause) 9699M->3808M(12288M) 31.307ms
[2024-08-15T15:24:35.043+0000][10570.988s][info][gc,cpu      ] GC(2309) User=0.18s Sys=0.01s Real=0.04s
[2024-08-15T15:24:35.043+0000][10570.988s][info][gc          ] GC(2310) Concurrent Mark Cycle
[2024-08-15T15:24:35.043+0000][10570.988s][info][gc,marking  ] GC(2310) Concurrent Clear Claimed Marks
[2024-08-15T15:24:35.044+0000][10570.988s][info][gc,marking  ] GC(2310) Concurrent Clear Claimed Marks 0.395ms
[2024-08-15T15:24:35.044+0000][10570.988s][info][gc,marking  ] GC(2310) Concurrent Scan Root Regions
[2024-08-15T15:24:35.068+0000][10571.013s][info][gc,marking  ] GC(2310) Concurrent Scan Root Regions 24.250ms
[2024-08-15T15:24:35.068+0000][10571.013s][info][gc,marking  ] GC(2310) Concurrent Mark
[2024-08-15T15:24:35.068+0000][10571.013s][info][gc,marking  ] GC(2310) Concurrent Mark From Roots
[2024-08-15T15:24:35.068+0000][10571.013s][info][gc,task     ] GC(2310) Using 2 workers of 2 for marking
[2024-08-15T15:24:37.848+0000][10573.793s][info][gc,marking  ] GC(2310) Concurrent Mark From Roots 2779.997ms
[2024-08-15T15:24:37.848+0000][10573.793s][info][gc,marking  ] GC(2310) Concurrent Preclean
[2024-08-15T15:24:37.850+0000][10573.795s][info][gc,marking  ] GC(2310) Concurrent Preclean 1.758ms
[2024-08-15T15:24:37.850+0000][10573.795s][info][gc,start    ] GC(2310) Pause Remark
[2024-08-15T15:24:37.874+0000][10573.818s][info][gc          ] GC(2310) Pause Remark 5764M->5764M(12288M) 23.534ms
[2024-08-15T15:24:37.874+0000][10573.818s][info][gc,cpu      ] GC(2310) User=0.10s Sys=0.00s Real=0.02s
[2024-08-15T15:24:37.874+0000][10573.819s][info][gc,marking  ] GC(2310) Concurrent Mark 2805.796ms
[2024-08-15T15:24:37.874+0000][10573.819s][info][gc,marking  ] GC(2310) Concurrent Rebuild Remembered Sets
[2024-08-15T15:24:39.488+0000][10575.432s][info][gc,marking  ] GC(2310) Concurrent Rebuild Remembered Sets 1613.686ms
[2024-08-15T15:24:39.488+0000][10575.432s][info][gc,start    ] GC(2310) Pause Cleanup
[2024-08-15T15:24:39.489+0000][10575.433s][info][gc          ] GC(2310) Pause Cleanup 6912M->6912M(12288M) 0.692ms
[2024-08-15T15:24:39.489+0000][10575.433s][info][gc,cpu      ] GC(2310) User=0.00s Sys=0.00s Real=0.00s
[2024-08-15T15:24:39.489+0000][10575.433s][info][gc,marking  ] GC(2310) Concurrent Cleanup for Next Mark
[2024-08-15T15:24:39.507+0000][10575.451s][info][gc,marking  ] GC(2310) Concurrent Cleanup for Next Mark 17.989ms
[2024-08-15T15:24:39.507+0000][10575.451s][info][gc          ] GC(2310) Concurrent Mark Cycle 4463.346ms
[2024-08-15T15:24:43.243+0000][10579.187s][info][gc,start    ] GC(2311) Pause Young (Prepare Mixed) (G1 Evacuation Pause)
[2024-08-15T15:24:43.243+0000][10579.187s][info][gc,task     ] GC(2311) Using 6 workers of 6 for evacuation
[2024-08-15T15:24:43.281+0000][10579.226s][info][gc,phases   ] GC(2311)   Pre Evacuate Collection Set: 0.2ms
[2024-08-15T15:24:43.281+0000][10579.226s][info][gc,phases   ] GC(2311)   Merge Heap Roots: 0.4ms
[2024-08-15T15:24:43.281+0000][10579.226s][info][gc,phases   ] GC(2311)   Evacuate Collection Set: 35.6ms
[2024-08-15T15:24:43.281+0000][10579.226s][info][gc,phases   ] GC(2311)   Post Evacuate Collection Set: 1.9ms
[2024-08-15T15:24:43.281+0000][10579.226s][info][gc,phases   ] GC(2311)   Other: 0.2ms
[2024-08-15T15:24:43.281+0000][10579.226s][info][gc,heap     ] GC(2311) Eden regions: 737->0(60)
[2024-08-15T15:24:43.281+0000][10579.226s][info][gc,heap     ] GC(2311) Survivor regions: 13->16(94)
[2024-08-15T15:24:43.281+0000][10579.226s][info][gc,heap     ] GC(2311) Old regions: 458->458
[2024-08-15T15:24:43.281+0000][10579.226s][info][gc,heap     ] GC(2311) Archive regions: 2->2
[2024-08-15T15:24:43.281+0000][10579.226s][info][gc,heap     ] GC(2311) Humongous regions: 5->5
[2024-08-15T15:24:43.281+0000][10579.226s][info][gc,metaspace] GC(2311) Metaspace: 441507K(448640K)->441507K(448640K) NonClass: 386685K(390912K)->386685K(390912K) Class: 54821K(57728K)->54821K(57728K)
[2024-08-15T15:24:43.281+0000][10579.226s][info][gc          ] GC(2311) Pause Young (Prepare Mixed) (G1 Evacuation Pause) 9704M->3828M(12288M) 38.303ms
[2024-08-15T15:24:43.281+0000][10579.226s][info][gc,cpu      ] GC(2311) User=0.22s Sys=0.00s Real=0.04s
[2024-08-15T15:24:43.882+0000][10579.826s][info][gc,start    ] GC(2312) Pause Young (Mixed) (G1 Evacuation Pause)
[2024-08-15T15:24:43.882+0000][10579.826s][info][gc,task     ] GC(2312) Using 6 workers of 6 for evacuation
[2024-08-15T15:24:43.967+0000][10579.911s][info][gc,phases   ] GC(2312)   Pre Evacuate Collection Set: 0.2ms
[2024-08-15T15:24:43.967+0000][10579.911s][info][gc,phases   ] GC(2312)   Merge Heap Roots: 0.5ms
[2024-08-15T15:24:43.967+0000][10579.911s][info][gc,phases   ] GC(2312)   Evacuate Collection Set: 82.9ms
[2024-08-15T15:24:43.967+0000][10579.911s][info][gc,phases   ] GC(2312)   Post Evacuate Collection Set: 1.4ms
[2024-08-15T15:24:43.967+0000][10579.911s][info][gc,phases   ] GC(2312)   Other: 0.2ms
[2024-08-15T15:24:43.967+0000][10579.911s][info][gc,heap     ] GC(2312) Eden regions: 60->0(746)
[2024-08-15T15:24:43.967+0000][10579.911s][info][gc,heap     ] GC(2312) Survivor regions: 16->5(10)
[2024-08-15T15:24:43.967+0000][10579.911s][info][gc,heap     ] GC(2312) Old regions: 458->457
[2024-08-15T15:24:43.967+0000][10579.911s][info][gc,heap     ] GC(2312) Archive regions: 2->2
[2024-08-15T15:24:43.967+0000][10579.911s][info][gc,heap     ] GC(2312) Humongous regions: 5->5
[2024-08-15T15:24:43.967+0000][10579.911s][info][gc,metaspace] GC(2312) Metaspace: 441507K(448640K)->441507K(448640K) NonClass: 386685K(390912K)->386685K(390912K) Class: 54821K(57728K)->54821K(57728K)
[2024-08-15T15:24:43.967+0000][10579.911s][info][gc          ] GC(2312) Pause Young (Mixed) (G1 Evacuation Pause) 4308M->3736M(12288M) 85.233ms
[2024-08-15T15:24:43.967+0000][10579.911s][info][gc,cpu      ] GC(2312) User=0.51s Sys=0.00s Real=0.09s
[2024-08-15T15:24:51.834+0000][10587.779s][info][gc,start    ] GC(2313) Pause Young (Normal) (G1 Evacuation Pause)
[2024-08-15T15:24:51.834+0000][10587.779s][info][gc,task     ] GC(2313) Using 6 workers of 6 for evacuation
[2024-08-15T15:24:51.855+0000][10587.800s][info][gc,phases   ] GC(2313)   Pre Evacuate Collection Set: 0.2ms
[2024-08-15T15:24:51.856+0000][10587.800s][info][gc,phases   ] GC(2313)   Merge Heap Roots: 0.3ms
[2024-08-15T15:24:51.856+0000][10587.800s][info][gc,phases   ] GC(2313)   Evacuate Collection Set: 19.1ms
[2024-08-15T15:24:51.856+0000][10587.800s][info][gc,phases   ] GC(2313)   Post Evacuate Collection Set: 1.8ms
[2024-08-15T15:24:51.856+0000][10587.800s][info][gc,phases   ] GC(2313)   Other: 0.2ms
[2024-08-15T15:24:51.856+0000][10587.800s][info][gc,heap     ] GC(2313) Eden regions: 746->0(744)
[2024-08-15T15:24:51.856+0000][10587.800s][info][gc,heap     ] GC(2313) Survivor regions: 5->7(94)
[2024-08-15T15:24:51.856+0000][10587.800s][info][gc,heap     ] GC(2313) Old regions: 457->457
[2024-08-15T15:24:51.856+0000][10587.800s][info][gc,heap     ] GC(2313) Archive regions: 2->2
[2024-08-15T15:24:51.856+0000][10587.800s][info][gc,heap     ] GC(2313) Humongous regions: 5->5
[2024-08-15T15:24:51.856+0000][10587.800s][info][gc,metaspace] GC(2313) Metaspace: 441507K(448640K)->441507K(448640K) NonClass: 386685K(390912K)->386685K(390912K) Class: 54821K(57728K)->54821K(57728K)
[2024-08-15T15:24:51.856+0000][10587.800s][info][gc          ] GC(2313) Pause Young (Normal) (G1 Evacuation Pause) 9704M->3747M(12288M) 21.603ms
[2024-08-15T15:24:51.856+0000][10587.800s][info][gc,cpu      ] GC(2313) User=0.12s Sys=0.00s Real=0.03s
[2024-08-15T15:24:58.472+0000][10594.416s][info][gc,start    ] GC(2314) Pause Young (Normal) (G1 Evacuation Pause)
[2024-08-15T15:24:58.472+0000][10594.416s][info][gc,task     ] GC(2314) Using 6 workers of 6 for evacuation
[2024-08-15T15:24:58.504+0000][10594.449s][info][gc,phases   ] GC(2314)   Pre Evacuate Collection Set: 0.2ms
[2024-08-15T15:24:58.505+0000][10594.449s][info][gc,phases   ] GC(2314)   Merge Heap Roots: 0.3ms
[2024-08-15T15:24:58.505+0000][10594.449s][info][gc,phases   ] GC(2314)   Evacuate Collection Set: 27.9ms
[2024-08-15T15:24:58.505+0000][10594.449s][info][gc,phases   ] GC(2314)   Post Evacuate Collection Set: 4.1ms
[2024-08-15T15:24:58.505+0000][10594.449s][info][gc,phases   ] GC(2314)   Other: 0.2ms
[2024-08-15T15:24:58.505+0000][10594.449s][info][gc,heap     ] GC(2314) Eden regions: 744->0(740)
[2024-08-15T15:24:58.505+0000][10594.449s][info][gc,heap     ] GC(2314) Survivor regions: 7->10(94)
[2024-08-15T15:24:58.505+0000][10594.449s][info][gc,heap     ] GC(2314) Old regions: 457->457
[2024-08-15T15:24:58.505+0000][10594.449s][info][gc,heap     ] GC(2314) Archive regions: 2->2
[2024-08-15T15:24:58.505+0000][10594.449s][info][gc,heap     ] GC(2314) Humongous regions: 5->5
[2024-08-15T15:24:58.505+0000][10594.449s][info][gc,metaspace] GC(2314) Metaspace: 441507K(448640K)->441507K(448640K) NonClass: 386685K(390912K)->386685K(390912K) Class: 54821K(57728K)->54821K(57728K)
[2024-08-15T15:24:58.505+0000][10594.449s][info][gc          ] GC(2314) Pause Young (Normal) (G1 Evacuation Pause) 9699M->3771M(12288M) 32.775ms
[2024-08-15T15:24:58.505+0000][10594.449s][info][gc,cpu      ] GC(2314) User=0.19s Sys=0.00s Real=0.04s
[2024-08-15T15:25:00.793+0000][10596.738s][info][gc,start    ] GC(2315) Pause Young (Concurrent Start) (G1 Evacuation Pause)
[2024-08-15T15:25:00.793+0000][10596.738s][info][gc,task     ] GC(2315) Using 6 workers of 6 for evacuation
[2024-08-15T15:25:00.847+0000][10596.791s][info][gc,phases   ] GC(2315)   Pre Evacuate Collection Set: 0.5ms
[2024-08-15T15:25:00.847+0000][10596.791s][info][gc,phases   ] GC(2315)   Merge Heap Roots: 0.3ms
[2024-08-15T15:25:00.847+0000][10596.791s][info][gc,phases   ] GC(2315)   Evacuate Collection Set: 44.0ms
[2024-08-15T15:25:00.847+0000][10596.791s][info][gc,phases   ] GC(2315)   Post Evacuate Collection Set: 8.2ms
[2024-08-15T15:25:00.847+0000][10596.791s][info][gc,phases   ] GC(2315)   Other: 0.3ms
[2024-08-15T15:25:00.847+0000][10596.791s][info][gc,heap     ] GC(2315) Eden regions: 740->0(737)
[2024-08-15T15:25:00.847+0000][10596.791s][info][gc,heap     ] GC(2315) Survivor regions: 10->13(94)
[2024-08-15T15:25:00.847+0000][10596.791s][info][gc,heap     ] GC(2315) Old regions: 457->457
[2024-08-15T15:25:00.847+0000][10596.791s][info][gc,heap     ] GC(2315) Archive regions: 2->2
[2024-08-15T15:25:00.847+0000][10596.791s][info][gc,heap     ] GC(2315) Humongous regions: 5->5
[2024-08-15T15:25:00.847+0000][10596.791s][info][gc,metaspace] GC(2315) Metaspace: 441511K(448640K)->441511K(448640K) NonClass: 386689K(390912K)->386689K(390912K) Class: 54821K(57728K)->54821K(57728K)
[2024-08-15T15:25:00.847+0000][10596.791s][info][gc          ] GC(2315) Pause Young (Concurrent Start) (G1 Evacuation Pause) 9691M->3796M(12288M) 53.486ms
[2024-08-15T15:25:00.847+0000][10596.791s][info][gc,cpu      ] GC(2315) User=0.31s Sys=0.00s Real=0.06s
[2024-08-15T15:25:00.847+0000][10596.791s][info][gc          ] GC(2316) Concurrent Mark Cycle
[2024-08-15T15:25:00.847+0000][10596.791s][info][gc,marking  ] GC(2316) Concurrent Clear Claimed Marks
[2024-08-15T15:25:00.847+0000][10596.792s][info][gc,marking  ] GC(2316) Concurrent Clear Claimed Marks 0.409ms
[2024-08-15T15:25:00.847+0000][10596.792s][info][gc,marking  ] GC(2316) Concurrent Scan Root Regions
[2024-08-15T15:25:00.895+0000][10596.840s][info][gc,marking  ] GC(2316) Concurrent Scan Root Regions 48.069ms
[2024-08-15T15:25:00.895+0000][10596.840s][info][gc,marking  ] GC(2316) Concurrent Mark
[2024-08-15T15:25:00.895+0000][10596.840s][info][gc,marking  ] GC(2316) Concurrent Mark From Roots
[2024-08-15T15:25:00.895+0000][10596.840s][info][gc,task     ] GC(2316) Using 2 workers of 2 for marking
[2024-08-15T15:25:03.761+0000][10599.705s][info][gc,marking  ] GC(2316) Concurrent Mark From Roots 2865.436ms
[2024-08-15T15:25:03.761+0000][10599.705s][info][gc,marking  ] GC(2316) Concurrent Preclean
[2024-08-15T15:25:03.763+0000][10599.707s][info][gc,marking  ] GC(2316) Concurrent Preclean 1.683ms
[2024-08-15T15:25:03.763+0000][10599.707s][info][gc,start    ] GC(2316) Pause Remark
[2024-08-15T15:25:03.786+0000][10599.731s][info][gc          ] GC(2316) Pause Remark 8804M->8804M(12288M) 23.689ms
[2024-08-15T15:25:03.786+0000][10599.731s][info][gc,cpu      ] GC(2316) User=0.10s Sys=0.00s Real=0.03s
[2024-08-15T15:25:03.787+0000][10599.731s][info][gc,marking  ] GC(2316) Concurrent Mark 2891.189ms
[2024-08-15T15:25:03.787+0000][10599.731s][info][gc,marking  ] GC(2316) Concurrent Rebuild Remembered Sets
[2024-08-15T15:25:04.643+0000][10600.587s][info][gc,start    ] GC(2317) Pause Young (Normal) (G1 Evacuation Pause)
[2024-08-15T15:25:04.643+0000][10600.587s][info][gc,task     ] GC(2317) Using 6 workers of 6 for evacuation
[2024-08-15T15:25:04.718+0000][10600.663s][info][gc,phases   ] GC(2317)   Pre Evacuate Collection Set: 0.2ms
[2024-08-15T15:25:04.718+0000][10600.663s][info][gc,phases   ] GC(2317)   Merge Heap Roots: 0.8ms
[2024-08-15T15:25:04.718+0000][10600.663s][info][gc,phases   ] GC(2317)   Evacuate Collection Set: 62.0ms
[2024-08-15T15:25:04.718+0000][10600.663s][info][gc,phases   ] GC(2317)   Post Evacuate Collection Set: 12.8ms
[2024-08-15T15:25:04.718+0000][10600.663s][info][gc,phases   ] GC(2317)   Other: 0.2ms
[2024-08-15T15:25:04.718+0000][10600.663s][info][gc,heap     ] GC(2317) Eden regions: 737->0(734)
[2024-08-15T15:25:04.718+0000][10600.663s][info][gc,heap     ] GC(2317) Survivor regions: 13->15(94)
[2024-08-15T15:25:04.718+0000][10600.663s][info][gc,heap     ] GC(2317) Old regions: 457->457
[2024-08-15T15:25:04.718+0000][10600.663s][info][gc,heap     ] GC(2317) Archive regions: 2->2
[2024-08-15T15:25:04.718+0000][10600.663s][info][gc,heap     ] GC(2317) Humongous regions: 5->5
[2024-08-15T15:25:04.718+0000][10600.663s][info][gc,metaspace] GC(2317) Metaspace: 441511K(448640K)->441511K(448640K) NonClass: 386689K(390912K)->386689K(390912K) Class: 54821K(57728K)->54821K(57728K)
[2024-08-15T15:25:04.719+0000][10600.663s][info][gc          ] GC(2317) Pause Young (Normal) (G1 Evacuation Pause) 9692M->3814M(12288M) 75.981ms
[2024-08-15T15:25:04.719+0000][10600.663s][info][gc,cpu      ] GC(2317) User=0.44s Sys=0.00s Real=0.08s
[2024-08-15T15:25:05.621+0000][10601.566s][info][gc,marking  ] GC(2316) Concurrent Rebuild Remembered Sets 1834.652ms
[2024-08-15T15:25:05.621+0000][10601.566s][info][gc,start    ] GC(2316) Pause Cleanup
[2024-08-15T15:25:05.622+0000][10601.567s][info][gc          ] GC(2316) Pause Cleanup 5126M->5126M(12288M) 0.716ms
[2024-08-15T15:25:05.622+0000][10601.567s][info][gc,cpu      ] GC(2316) User=0.00s Sys=0.00s Real=0.00s
[2024-08-15T15:25:05.622+0000][10601.567s][info][gc,marking  ] GC(2316) Concurrent Cleanup for Next Mark
[2024-08-15T15:25:05.640+0000][10601.584s][info][gc,marking  ] GC(2316) Concurrent Cleanup for Next Mark 17.255ms
[2024-08-15T15:25:05.640+0000][10601.584s][info][gc          ] GC(2316) Concurrent Mark Cycle 4792.769ms
[2024-08-15T15:25:08.922+0000][10604.867s][info][gc,start    ] GC(2318) Pause Young (Prepare Mixed) (G1 Evacuation Pause)
[2024-08-15T15:25:08.922+0000][10604.867s][info][gc,task     ] GC(2318) Using 6 workers of 6 for evacuation
[2024-08-15T15:25:08.960+0000][10604.905s][info][gc,phases   ] GC(2318)   Pre Evacuate Collection Set: 0.2ms
[2024-08-15T15:25:08.960+0000][10604.905s][info][gc,phases   ] GC(2318)   Merge Heap Roots: 0.6ms
[2024-08-15T15:25:08.960+0000][10604.905s][info][gc,phases   ] GC(2318)   Evacuate Collection Set: 35.3ms
[2024-08-15T15:25:08.960+0000][10604.905s][info][gc,phases   ] GC(2318)   Post Evacuate Collection Set: 1.7ms
[2024-08-15T15:25:08.960+0000][10604.905s][info][gc,phases   ] GC(2318)   Other: 0.2ms
[2024-08-15T15:25:08.960+0000][10604.905s][info][gc,heap     ] GC(2318) Eden regions: 734->0(62)
[2024-08-15T15:25:08.960+0000][10604.905s][info][gc,heap     ] GC(2318) Survivor regions: 15->14(94)
[2024-08-15T15:25:08.960+0000][10604.905s][info][gc,heap     ] GC(2318) Old regions: 457->457
[2024-08-15T15:25:08.960+0000][10604.905s][info][gc,heap     ] GC(2318) Archive regions: 2->2
[2024-08-15T15:25:08.960+0000][10604.905s][info][gc,heap     ] GC(2318) Humongous regions: 5->5
[2024-08-15T15:25:08.960+0000][10604.905s][info][gc,metaspace] GC(2318) Metaspace: 441511K(448640K)->441511K(448640K) NonClass: 386689K(390912K)->386689K(390912K) Class: 54821K(57728K)->54821K(57728K)
[2024-08-15T15:25:08.960+0000][10604.905s][info][gc          ] GC(2318) Pause Young (Prepare Mixed) (G1 Evacuation Pause) 9686M->3807M(12288M) 38.023ms
[2024-08-15T15:25:08.961+0000][10604.905s][info][gc,cpu      ] GC(2318) User=0.22s Sys=0.00s Real=0.04s
[2024-08-15T15:25:09.596+0000][10605.541s][info][gc,start    ] GC(2319) Pause Young (Mixed) (G1 Evacuation Pause)
[2024-08-15T15:25:09.596+0000][10605.541s][info][gc,task     ] GC(2319) Using 6 workers of 6 for evacuation
[2024-08-15T15:25:09.675+0000][10605.620s][info][gc,phases   ] GC(2319)   Pre Evacuate Collection Set: 0.2ms
[2024-08-15T15:25:09.675+0000][10605.620s][info][gc,phases   ] GC(2319)   Merge Heap Roots: 0.4ms
[2024-08-15T15:25:09.675+0000][10605.620s][info][gc,phases   ] GC(2319)   Evacuate Collection Set: 77.3ms
[2024-08-15T15:25:09.675+0000][10605.620s][info][gc,phases   ] GC(2319)   Post Evacuate Collection Set: 1.4ms
[2024-08-15T15:25:09.675+0000][10605.620s][info][gc,phases   ] GC(2319)   Other: 0.2ms
[2024-08-15T15:25:09.675+0000][10605.620s][info][gc,heap     ] GC(2319) Eden regions: 62->0(748)
[2024-08-15T15:25:09.675+0000][10605.620s][info][gc,heap     ] GC(2319) Survivor regions: 14->6(10)
[2024-08-15T15:25:09.675+0000][10605.620s][info][gc,heap     ] GC(2319) Old regions: 457->454
[2024-08-15T15:25:09.675+0000][10605.620s][info][gc,heap     ] GC(2319) Archive regions: 2->2
[2024-08-15T15:25:09.675+0000][10605.620s][info][gc,heap     ] GC(2319) Humongous regions: 5->5
[2024-08-15T15:25:09.675+0000][10605.620s][info][gc,metaspace] GC(2319) Metaspace: 441511K(448640K)->441511K(448640K) NonClass: 386689K(390912K)->386689K(390912K) Class: 54821K(57728K)->54821K(57728K)
[2024-08-15T15:25:09.675+0000][10605.620s][info][gc          ] GC(2319) Pause Young (Mixed) (G1 Evacuation Pause) 4303M->3718M(12288M) 79.570ms
[2024-08-15T15:25:09.676+0000][10605.620s][info][gc,cpu      ] GC(2319) User=0.46s Sys=0.01s Real=0.08s
[2024-08-15T15:25:17.708+0000][10613.653s][info][gc,start    ] GC(2320) Pause Young (Normal) (G1 Evacuation Pause)
[2024-08-15T15:25:17.708+0000][10613.653s][info][gc,task     ] GC(2320) Using 6 workers of 6 for evacuation
[2024-08-15T15:25:17.729+0000][10613.673s][info][gc,phases   ] GC(2320)   Pre Evacuate Collection Set: 0.2ms
[2024-08-15T15:25:17.729+0000][10613.673s][info][gc,phases   ] GC(2320)   Merge Heap Roots: 0.3ms
[2024-08-15T15:25:17.729+0000][10613.673s][info][gc,phases   ] GC(2320)   Evacuate Collection Set: 18.3ms
[2024-08-15T15:25:17.729+0000][10613.673s][info][gc,phases   ] GC(2320)   Post Evacuate Collection Set: 1.8ms
[2024-08-15T15:25:17.729+0000][10613.673s][info][gc,phases   ] GC(2320)   Other: 0.2ms
[2024-08-15T15:25:17.729+0000][10613.673s][info][gc,heap     ] GC(2320) Eden regions: 748->0(746)
[2024-08-15T15:25:17.729+0000][10613.673s][info][gc,heap     ] GC(2320) Survivor regions: 6->8(95)
[2024-08-15T15:25:17.729+0000][10613.673s][info][gc,heap     ] GC(2320) Old regions: 454->454
[2024-08-15T15:25:17.729+0000][10613.673s][info][gc,heap     ] GC(2320) Archive regions: 2->2
[2024-08-15T15:25:17.729+0000][10613.673s][info][gc,heap     ] GC(2320) Humongous regions: 5->5
[2024-08-15T15:25:17.729+0000][10613.673s][info][gc,metaspace] GC(2320) Metaspace: 441512K(448640K)->441512K(448640K) NonClass: 386690K(390912K)->386690K(390912K) Class: 54821K(57728K)->54821K(57728K)
[2024-08-15T15:25:17.729+0000][10613.673s][info][gc          ] GC(2320) Pause Young (Normal) (G1 Evacuation Pause) 9702M->3734M(12288M) 20.730ms
[2024-08-15T15:25:17.729+0000][10613.673s][info][gc,cpu      ] GC(2320) User=0.12s Sys=0.00s Real=0.02s
[2024-08-15T15:25:25.908+0000][10621.853s][info][gc,start    ] GC(2321) Pause Young (Normal) (G1 Evacuation Pause)
[2024-08-15T15:25:25.908+0000][10621.853s][info][gc,task     ] GC(2321) Using 6 workers of 6 for evacuation
[2024-08-15T15:25:25.940+0000][10621.884s][info][gc,phases   ] GC(2321)   Pre Evacuate Collection Set: 0.2ms
[2024-08-15T15:25:25.940+0000][10621.884s][info][gc,phases   ] GC(2321)   Merge Heap Roots: 0.3ms
[2024-08-15T15:25:25.940+0000][10621.884s][info][gc,phases   ] GC(2321)   Evacuate Collection Set: 29.1ms
[2024-08-15T15:25:25.940+0000][10621.884s][info][gc,phases   ] GC(2321)   Post Evacuate Collection Set: 1.8ms
[2024-08-15T15:25:25.940+0000][10621.884s][info][gc,phases   ] GC(2321)   Other: 0.2ms
[2024-08-15T15:25:25.940+0000][10621.884s][info][gc,heap     ] GC(2321) Eden regions: 746->0(743)
[2024-08-15T15:25:25.940+0000][10621.884s][info][gc,heap     ] GC(2321) Survivor regions: 8->11(95)
[2024-08-15T15:25:25.940+0000][10621.884s][info][gc,heap     ] GC(2321) Old regions: 454->454
[2024-08-15T15:25:25.940+0000][10621.884s][info][gc,heap     ] GC(2321) Archive regions: 2->2
[2024-08-15T15:25:25.940+0000][10621.884s][info][gc,heap     ] GC(2321) Humongous regions: 5->5
[2024-08-15T15:25:25.940+0000][10621.884s][info][gc,metaspace] GC(2321) Metaspace: 441512K(448640K)->441512K(448640K) NonClass: 386690K(390912K)->386690K(390912K) Class: 54821K(57728K)->54821K(57728K)
[2024-08-15T15:25:25.940+0000][10621.884s][info][gc          ] GC(2321) Pause Young (Normal) (G1 Evacuation Pause) 9702M->3760M(12288M) 31.558ms
[2024-08-15T15:25:25.940+0000][10621.884s][info][gc,cpu      ] GC(2321) User=0.18s Sys=0.00s Real=0.03s
[2024-08-15T15:25:31.634+0000][10627.579s][info][gc,start    ] GC(2322) Pause Young (Concurrent Start) (G1 Humongous Allocation)
[2024-08-15T15:25:31.634+0000][10627.579s][info][gc,task     ] GC(2322) Using 6 workers of 6 for evacuation
[2024-08-15T15:25:31.676+0000][10627.621s][info][gc,phases   ] GC(2322)   Pre Evacuate Collection Set: 0.6ms
[2024-08-15T15:25:31.676+0000][10627.621s][info][gc,phases   ] GC(2322)   Merge Heap Roots: 0.2ms
[2024-08-15T15:25:31.676+0000][10627.621s][info][gc,phases   ] GC(2322)   Evacuate Collection Set: 39.4ms
[2024-08-15T15:25:31.676+0000][10627.621s][info][gc,phases   ] GC(2322)   Post Evacuate Collection Set: 1.7ms
[2024-08-15T15:25:31.676+0000][10627.621s][info][gc,phases   ] GC(2322)   Other: 0.3ms
[2024-08-15T15:25:31.676+0000][10627.621s][info][gc,heap     ] GC(2322) Eden regions: 520->0(735)
[2024-08-15T15:25:31.676+0000][10627.621s][info][gc,heap     ] GC(2322) Survivor regions: 11->15(95)
[2024-08-15T15:25:31.676+0000][10627.621s][info][gc,heap     ] GC(2322) Old regions: 454->454
[2024-08-15T15:25:31.676+0000][10627.621s][info][gc,heap     ] GC(2322) Archive regions: 2->2
[2024-08-15T15:25:31.676+0000][10627.621s][info][gc,heap     ] GC(2322) Humongous regions: 5->5
[2024-08-15T15:25:31.676+0000][10627.621s][info][gc,metaspace] GC(2322) Metaspace: 441512K(448640K)->441512K(448640K) NonClass: 386690K(390912K)->386690K(390912K) Class: 54821K(57728K)->54821K(57728K)
[2024-08-15T15:25:31.676+0000][10627.621s][info][gc          ] GC(2322) Pause Young (Concurrent Start) (G1 Humongous Allocation) 7920M->3795M(12288M) 42.239ms
[2024-08-15T15:25:31.676+0000][10627.621s][info][gc,cpu      ] GC(2322) User=0.25s Sys=0.00s Real=0.05s
[2024-08-15T15:25:31.676+0000][10627.621s][info][gc          ] GC(2323) Concurrent Mark Cycle
[2024-08-15T15:25:31.676+0000][10627.621s][info][gc,marking  ] GC(2323) Concurrent Clear Claimed Marks
[2024-08-15T15:25:31.677+0000][10627.621s][info][gc,marking  ] GC(2323) Concurrent Clear Claimed Marks 0.396ms
[2024-08-15T15:25:31.677+0000][10627.621s][info][gc,marking  ] GC(2323) Concurrent Scan Root Regions
[2024-08-15T15:25:31.758+0000][10627.703s][info][gc,marking  ] GC(2323) Concurrent Scan Root Regions 81.563ms
[2024-08-15T15:25:31.758+0000][10627.703s][info][gc,marking  ] GC(2323) Concurrent Mark
[2024-08-15T15:25:31.758+0000][10627.703s][info][gc,marking  ] GC(2323) Concurrent Mark From Roots
[2024-08-15T15:25:31.758+0000][10627.703s][info][gc,task     ] GC(2323) Using 2 workers of 2 for marking
[2024-08-15T15:25:34.162+0000][10630.106s][info][gc,marking  ] GC(2323) Concurrent Mark From Roots 2403.475ms
[2024-08-15T15:25:34.162+0000][10630.106s][info][gc,marking  ] GC(2323) Concurrent Preclean
[2024-08-15T15:25:34.163+0000][10630.108s][info][gc,marking  ] GC(2323) Concurrent Preclean 1.469ms
[2024-08-15T15:25:34.163+0000][10630.108s][info][gc,start    ] GC(2323) Pause Remark
[2024-08-15T15:25:34.187+0000][10630.132s][info][gc          ] GC(2323) Pause Remark 7899M->7899M(12288M) 23.633ms
[2024-08-15T15:25:34.187+0000][10630.132s][info][gc,cpu      ] GC(2323) User=0.10s Sys=0.00s Real=0.02s
[2024-08-15T15:25:34.187+0000][10630.132s][info][gc,marking  ] GC(2323) Concurrent Mark 2428.926ms
[2024-08-15T15:25:34.187+0000][10630.132s][info][gc,marking  ] GC(2323) Concurrent Rebuild Remembered Sets
[2024-08-15T15:25:35.178+0000][10631.123s][info][gc,start    ] GC(2324) Pause Young (Normal) (G1 Evacuation Pause)
[2024-08-15T15:25:35.178+0000][10631.123s][info][gc,task     ] GC(2324) Using 6 workers of 6 for evacuation
[2024-08-15T15:25:35.290+0000][10631.235s][info][gc,phases   ] GC(2324)   Pre Evacuate Collection Set: 0.2ms
[2024-08-15T15:25:35.290+0000][10631.235s][info][gc,phases   ] GC(2324)   Merge Heap Roots: 0.4ms
[2024-08-15T15:25:35.290+0000][10631.235s][info][gc,phases   ] GC(2324)   Evacuate Collection Set: 95.3ms
[2024-08-15T15:25:35.290+0000][10631.235s][info][gc,phases   ] GC(2324)   Post Evacuate Collection Set: 16.4ms
[2024-08-15T15:25:35.290+0000][10631.235s][info][gc,phases   ] GC(2324)   Other: 0.2ms
[2024-08-15T15:25:35.290+0000][10631.235s][info][gc,heap     ] GC(2324) Eden regions: 735->0(719)
[2024-08-15T15:25:35.290+0000][10631.235s][info][gc,heap     ] GC(2324) Survivor regions: 15->22(94)
[2024-08-15T15:25:35.290+0000][10631.235s][info][gc,heap     ] GC(2324) Old regions: 454->454
[2024-08-15T15:25:35.290+0000][10631.235s][info][gc,heap     ] GC(2324) Archive regions: 2->2
[2024-08-15T15:25:35.290+0000][10631.235s][info][gc,heap     ] GC(2324) Humongous regions: 9->9
[2024-08-15T15:25:35.290+0000][10631.235s][info][gc,metaspace] GC(2324) Metaspace: 441512K(448640K)->441512K(448640K) NonClass: 386690K(390912K)->386690K(390912K) Class: 54821K(57728K)->54821K(57728K)
[2024-08-15T15:25:35.291+0000][10631.235s][info][gc          ] GC(2324) Pause Young (Normal) (G1 Evacuation Pause) 9707M->3881M(12288M) 112.613ms
[2024-08-15T15:25:35.291+0000][10631.235s][info][gc,cpu      ] GC(2324) User=0.66s Sys=0.00s Real=0.11s
[2024-08-15T15:25:35.736+0000][10631.681s][info][gc,marking  ] GC(2323) Concurrent Rebuild Remembered Sets 1548.766ms
[2024-08-15T15:25:35.736+0000][10631.681s][info][gc,start    ] GC(2323) Pause Cleanup
[2024-08-15T15:25:35.737+0000][10631.682s][info][gc          ] GC(2323) Pause Cleanup 4601M->4601M(12288M) 0.723ms
[2024-08-15T15:25:35.737+0000][10631.682s][info][gc,cpu      ] GC(2323) User=0.00s Sys=0.00s Real=0.00s
[2024-08-15T15:25:35.737+0000][10631.682s][info][gc,marking  ] GC(2323) Concurrent Cleanup for Next Mark
[2024-08-15T15:25:35.754+0000][10631.698s][info][gc,marking  ] GC(2323) Concurrent Cleanup for Next Mark 16.626ms
[2024-08-15T15:25:35.754+0000][10631.698s][info][gc          ] GC(2323) Concurrent Mark Cycle 4077.500ms
[2024-08-15T15:25:37.909+0000][10633.853s][info][gc,start    ] GC(2325) Pause Young (Prepare Mixed) (G1 Evacuation Pause)
[2024-08-15T15:25:37.909+0000][10633.853s][info][gc,task     ] GC(2325) Using 6 workers of 6 for evacuation
[2024-08-15T15:25:38.033+0000][10633.978s][info][gc,phases   ] GC(2325)   Pre Evacuate Collection Set: 0.2ms
[2024-08-15T15:25:38.033+0000][10633.978s][info][gc,phases   ] GC(2325)   Merge Heap Roots: 0.4ms
[2024-08-15T15:25:38.033+0000][10633.978s][info][gc,phases   ] GC(2325)   Evacuate Collection Set: 102.4ms
[2024-08-15T15:25:38.033+0000][10633.978s][info][gc,phases   ] GC(2325)   Post Evacuate Collection Set: 21.3ms
[2024-08-15T15:25:38.033+0000][10633.978s][info][gc,phases   ] GC(2325)   Other: 0.2ms
[2024-08-15T15:25:38.033+0000][10633.978s][info][gc,heap     ] GC(2325) Eden regions: 719->0(51)
[2024-08-15T15:25:38.033+0000][10633.978s][info][gc,heap     ] GC(2325) Survivor regions: 22->25(93)
[2024-08-15T15:25:38.033+0000][10633.978s][info][gc,heap     ] GC(2325) Old regions: 454->454
[2024-08-15T15:25:38.033+0000][10633.978s][info][gc,heap     ] GC(2325) Archive regions: 2->2
[2024-08-15T15:25:38.033+0000][10633.978s][info][gc,heap     ] GC(2325) Humongous regions: 9->9
[2024-08-15T15:25:38.033+0000][10633.978s][info][gc,metaspace] GC(2325) Metaspace: 441512K(448640K)->441512K(448640K) NonClass: 386690K(390912K)->386690K(390912K) Class: 54821K(57728K)->54821K(57728K)
[2024-08-15T15:25:38.033+0000][10633.978s][info][gc          ] GC(2325) Pause Young (Prepare Mixed) (G1 Evacuation Pause) 9633M->3903M(12288M) 124.541ms
[2024-08-15T15:25:38.033+0000][10633.978s][info][gc,cpu      ] GC(2325) User=0.73s Sys=0.00s Real=0.12s
[2024-08-15T15:25:38.204+0000][10634.148s][info][gc,start    ] GC(2326) Pause Young (Mixed) (G1 Evacuation Pause)
[2024-08-15T15:25:38.204+0000][10634.148s][info][gc,task     ] GC(2326) Using 6 workers of 6 for evacuation
[2024-08-15T15:25:38.341+0000][10634.286s][info][gc,phases   ] GC(2326)   Pre Evacuate Collection Set: 0.2ms
[2024-08-15T15:25:38.341+0000][10634.286s][info][gc,phases   ] GC(2326)   Merge Heap Roots: 0.5ms
[2024-08-15T15:25:38.341+0000][10634.286s][info][gc,phases   ] GC(2326)   Evacuate Collection Set: 133.5ms
[2024-08-15T15:25:38.341+0000][10634.286s][info][gc,phases   ] GC(2326)   Post Evacuate Collection Set: 2.9ms
[2024-08-15T15:25:38.341+0000][10634.286s][info][gc,phases   ] GC(2326)   Other: 0.2ms
[2024-08-15T15:25:38.341+0000][10634.286s][info][gc,heap     ] GC(2326) Eden regions: 51->0(728)
[2024-08-15T15:25:38.341+0000][10634.286s][info][gc,heap     ] GC(2326) Survivor regions: 25->4(10)
[2024-08-15T15:25:38.341+0000][10634.286s][info][gc,heap     ] GC(2326) Old regions: 454->466
[2024-08-15T15:25:38.341+0000][10634.286s][info][gc,heap     ] GC(2326) Archive regions: 2->2
[2024-08-15T15:25:38.341+0000][10634.286s][info][gc,heap     ] GC(2326) Humongous regions: 9->9
[2024-08-15T15:25:38.341+0000][10634.286s][info][gc,metaspace] GC(2326) Metaspace: 441512K(448640K)->441512K(448640K) NonClass: 386690K(390912K)->386690K(390912K) Class: 54821K(57728K)->54821K(57728K)
[2024-08-15T15:25:38.341+0000][10634.286s][info][gc          ] GC(2326) Pause Young (Mixed) (G1 Evacuation Pause) 4311M->3829M(12288M) 137.416ms
[2024-08-15T15:25:38.341+0000][10634.286s][info][gc,cpu      ] GC(2326) User=0.82s Sys=0.01s Real=0.13s
[2024-08-15T15:25:40.631+0000][10636.576s][info][gc,start    ] GC(2327) Pause Young (Normal) (G1 Evacuation Pause)
[2024-08-15T15:25:40.631+0000][10636.576s][info][gc,task     ] GC(2327) Using 6 workers of 6 for evacuation
[2024-08-15T15:25:40.714+0000][10636.659s][info][gc,phases   ] GC(2327)   Pre Evacuate Collection Set: 0.2ms
[2024-08-15T15:25:40.714+0000][10636.659s][info][gc,phases   ] GC(2327)   Merge Heap Roots: 0.4ms
[2024-08-15T15:25:40.714+0000][10636.659s][info][gc,phases   ] GC(2327)   Evacuate Collection Set: 62.3ms
[2024-08-15T15:25:40.714+0000][10636.659s][info][gc,phases   ] GC(2327)   Post Evacuate Collection Set: 19.4ms
[2024-08-15T15:25:40.714+0000][10636.659s][info][gc,phases   ] GC(2327)   Other: 0.2ms
[2024-08-15T15:25:40.714+0000][10636.659s][info][gc,heap     ] GC(2327) Eden regions: 728->0(726)
[2024-08-15T15:25:40.714+0000][10636.659s][info][gc,heap     ] GC(2327) Survivor regions: 4->7(92)
[2024-08-15T15:25:40.714+0000][10636.659s][info][gc,heap     ] GC(2327) Old regions: 466->466
[2024-08-15T15:25:40.714+0000][10636.659s][info][gc,heap     ] GC(2327) Archive regions: 2->2
[2024-08-15T15:25:40.714+0000][10636.659s][info][gc,heap     ] GC(2327) Humongous regions: 9->9
[2024-08-15T15:25:40.714+0000][10636.659s][info][gc,metaspace] GC(2327) Metaspace: 441513K(448640K)->441513K(448640K) NonClass: 386691K(390912K)->386691K(390912K) Class: 54821K(57728K)->54821K(57728K)
[2024-08-15T15:25:40.714+0000][10636.659s][info][gc          ] GC(2327) Pause Young (Normal) (G1 Evacuation Pause) 9653M->3855M(12288M) 82.610ms
[2024-08-15T15:25:40.714+0000][10636.659s][info][gc,cpu      ] GC(2327) User=0.48s Sys=0.00s Real=0.08s
[2024-08-15T15:25:43.022+0000][10638.967s][info][gc,start    ] GC(2328) Pause Young (Normal) (G1 Evacuation Pause)
[2024-08-15T15:25:43.022+0000][10638.967s][info][gc,task     ] GC(2328) Using 6 workers of 6 for evacuation
[2024-08-15T15:25:43.109+0000][10639.053s][info][gc,phases   ] GC(2328)   Pre Evacuate Collection Set: 0.2ms
[2024-08-15T15:25:43.109+0000][10639.053s][info][gc,phases   ] GC(2328)   Merge Heap Roots: 0.4ms
[2024-08-15T15:25:43.109+0000][10639.053s][info][gc,phases   ] GC(2328)   Evacuate Collection Set: 67.4ms
[2024-08-15T15:25:43.109+0000][10639.053s][info][gc,phases   ] GC(2328)   Post Evacuate Collection Set: 18.1ms
[2024-08-15T15:25:43.109+0000][10639.053s][info][gc,phases   ] GC(2328)   Other: 0.2ms
[2024-08-15T15:25:43.109+0000][10639.053s][info][gc,heap     ] GC(2328) Eden regions: 726->0(723)
[2024-08-15T15:25:43.109+0000][10639.053s][info][gc,heap     ] GC(2328) Survivor regions: 7->11(92)
[2024-08-15T15:25:43.109+0000][10639.053s][info][gc,heap     ] GC(2328) Old regions: 466->466
[2024-08-15T15:25:43.109+0000][10639.053s][info][gc,heap     ] GC(2328) Archive regions: 2->2
[2024-08-15T15:25:43.109+0000][10639.053s][info][gc,heap     ] GC(2328) Humongous regions: 9->9
[2024-08-15T15:25:43.109+0000][10639.053s][info][gc,metaspace] GC(2328) Metaspace: 441513K(448640K)->441513K(448640K) NonClass: 386691K(390912K)->386691K(390912K) Class: 54821K(57728K)->54821K(57728K)
[2024-08-15T15:25:43.109+0000][10639.053s][info][gc          ] GC(2328) Pause Young (Normal) (G1 Evacuation Pause) 9663M->3884M(12288M) 86.385ms
[2024-08-15T15:25:43.109+0000][10639.053s][info][gc,cpu      ] GC(2328) User=0.50s Sys=0.00s Real=0.09s
[2024-08-15T15:25:45.157+0000][10641.102s][info][gc,start    ] GC(2329) Pause Young (Concurrent Start) (G1 Evacuation Pause)
[2024-08-15T15:25:45.157+0000][10641.102s][info][gc,task     ] GC(2329) Using 6 workers of 6 for evacuation
[2024-08-15T15:25:45.251+0000][10641.196s][info][gc,phases   ] GC(2329)   Pre Evacuate Collection Set: 0.6ms
[2024-08-15T15:25:45.251+0000][10641.196s][info][gc,phases   ] GC(2329)   Merge Heap Roots: 0.4ms
[2024-08-15T15:25:45.251+0000][10641.196s][info][gc,phases   ] GC(2329)   Evacuate Collection Set: 78.0ms
[2024-08-15T15:25:45.251+0000][10641.196s][info][gc,phases   ] GC(2329)   Post Evacuate Collection Set: 14.6ms
[2024-08-15T15:25:45.251+0000][10641.196s][info][gc,phases   ] GC(2329)   Other: 0.3ms
[2024-08-15T15:25:45.251+0000][10641.196s][info][gc,heap     ] GC(2329) Eden regions: 723->0(722)
[2024-08-15T15:25:45.251+0000][10641.196s][info][gc,heap     ] GC(2329) Survivor regions: 11->14(92)
[2024-08-15T15:25:45.251+0000][10641.196s][info][gc,heap     ] GC(2329) Old regions: 466->466
[2024-08-15T15:25:45.251+0000][10641.196s][info][gc,heap     ] GC(2329) Archive regions: 2->2
[2024-08-15T15:25:45.251+0000][10641.196s][info][gc,heap     ] GC(2329) Humongous regions: 9->9
[2024-08-15T15:25:45.251+0000][10641.196s][info][gc,metaspace] GC(2329) Metaspace: 441513K(448640K)->441513K(448640K) NonClass: 386691K(390912K)->386691K(390912K) Class: 54821K(57728K)->54821K(57728K)
[2024-08-15T15:25:45.251+0000][10641.196s][info][gc          ] GC(2329) Pause Young (Concurrent Start) (G1 Evacuation Pause) 9668M->3907M(12288M) 93.954ms
[2024-08-15T15:25:45.251+0000][10641.196s][info][gc,cpu      ] GC(2329) User=0.55s Sys=0.00s Real=0.09s
[2024-08-15T15:25:45.251+0000][10641.196s][info][gc          ] GC(2330) Concurrent Mark Cycle
[2024-08-15T15:25:45.251+0000][10641.196s][info][gc,marking  ] GC(2330) Concurrent Clear Claimed Marks
[2024-08-15T15:25:45.252+0000][10641.196s][info][gc,marking  ] GC(2330) Concurrent Clear Claimed Marks 0.398ms
[2024-08-15T15:25:45.252+0000][10641.196s][info][gc,marking  ] GC(2330) Concurrent Scan Root Regions
[2024-08-15T15:25:45.301+0000][10641.245s][info][gc,marking  ] GC(2330) Concurrent Scan Root Regions 48.789ms
[2024-08-15T15:25:45.301+0000][10641.245s][info][gc,marking  ] GC(2330) Concurrent Mark
[2024-08-15T15:25:45.301+0000][10641.245s][info][gc,marking  ] GC(2330) Concurrent Mark From Roots
[2024-08-15T15:25:45.301+0000][10641.245s][info][gc,task     ] GC(2330) Using 2 workers of 2 for marking
[2024-08-15T15:25:47.361+0000][10643.305s][info][gc,start    ] GC(2331) Pause Young (Normal) (G1 Evacuation Pause)
[2024-08-15T15:25:47.361+0000][10643.305s][info][gc,task     ] GC(2331) Using 6 workers of 6 for evacuation
[2024-08-15T15:25:47.452+0000][10643.397s][info][gc,phases   ] GC(2331)   Pre Evacuate Collection Set: 0.2ms
[2024-08-15T15:25:47.452+0000][10643.397s][info][gc,phases   ] GC(2331)   Merge Heap Roots: 0.5ms
[2024-08-15T15:25:47.452+0000][10643.397s][info][gc,phases   ] GC(2331)   Evacuate Collection Set: 77.1ms
[2024-08-15T15:25:47.452+0000][10643.397s][info][gc,phases   ] GC(2331)   Post Evacuate Collection Set: 14.0ms
[2024-08-15T15:25:47.452+0000][10643.397s][info][gc,phases   ] GC(2331)   Other: 0.2ms
[2024-08-15T15:25:47.453+0000][10643.397s][info][gc,heap     ] GC(2331) Eden regions: 722->0(717)
[2024-08-15T15:25:47.453+0000][10643.397s][info][gc,heap     ] GC(2331) Survivor regions: 14->17(92)
[2024-08-15T15:25:47.453+0000][10643.397s][info][gc,heap     ] GC(2331) Old regions: 466->466
[2024-08-15T15:25:47.453+0000][10643.397s][info][gc,heap     ] GC(2331) Archive regions: 2->2
[2024-08-15T15:25:47.453+0000][10643.397s][info][gc,heap     ] GC(2331) Humongous regions: 9->9
[2024-08-15T15:25:47.453+0000][10643.397s][info][gc,metaspace] GC(2331) Metaspace: 441513K(448640K)->441513K(448640K) NonClass: 386691K(390912K)->386691K(390912K) Class: 54821K(57728K)->54821K(57728K)
[2024-08-15T15:25:47.453+0000][10643.397s][info][gc          ] GC(2331) Pause Young (Normal) (G1 Evacuation Pause) 9683M->3935M(12288M) 92.032ms
[2024-08-15T15:25:47.453+0000][10643.397s][info][gc,cpu      ] GC(2331) User=0.53s Sys=0.00s Real=0.09s
[2024-08-15T15:25:47.959+0000][10643.903s][info][gc,marking  ] GC(2330) Concurrent Mark From Roots 2658.115ms
[2024-08-15T15:25:47.959+0000][10643.903s][info][gc,marking  ] GC(2330) Concurrent Preclean
[2024-08-15T15:25:47.960+0000][10643.905s][info][gc,marking  ] GC(2330) Concurrent Preclean 1.396ms
[2024-08-15T15:25:47.960+0000][10643.905s][info][gc,start    ] GC(2330) Pause Remark
[2024-08-15T15:25:47.984+0000][10643.929s][info][gc          ] GC(2330) Pause Remark 4887M->4855M(12288M) 23.555ms
[2024-08-15T15:25:47.984+0000][10643.929s][info][gc,cpu      ] GC(2330) User=0.10s Sys=0.00s Real=0.03s
[2024-08-15T15:25:47.984+0000][10643.929s][info][gc,marking  ] GC(2330) Concurrent Mark 2683.425ms
[2024-08-15T15:25:47.984+0000][10643.929s][info][gc,marking  ] GC(2330) Concurrent Rebuild Remembered Sets
[2024-08-15T15:25:49.433+0000][10645.378s][info][gc,marking  ] GC(2330) Concurrent Rebuild Remembered Sets 1449.110ms
[2024-08-15T15:25:49.434+0000][10645.378s][info][gc,start    ] GC(2330) Pause Cleanup
[2024-08-15T15:25:49.434+0000][10645.379s][info][gc          ] GC(2330) Pause Cleanup 8251M->8251M(12288M) 0.791ms
[2024-08-15T15:25:49.434+0000][10645.379s][info][gc,cpu      ] GC(2330) User=0.00s Sys=0.00s Real=0.00s
[2024-08-15T15:25:49.434+0000][10645.379s][info][gc,marking  ] GC(2330) Concurrent Cleanup for Next Mark
[2024-08-15T15:25:49.456+0000][10645.401s][info][gc,marking  ] GC(2330) Concurrent Cleanup for Next Mark 21.684ms
[2024-08-15T15:25:49.456+0000][10645.401s][info][gc          ] GC(2330) Concurrent Mark Cycle 4204.763ms
[2024-08-15T15:25:49.967+0000][10645.912s][info][gc,start    ] GC(2332) Pause Young (Prepare Mixed) (G1 Evacuation Pause)
[2024-08-15T15:25:49.967+0000][10645.912s][info][gc,task     ] GC(2332) Using 6 workers of 6 for evacuation
[2024-08-15T15:25:50.084+0000][10646.029s][info][gc,phases   ] GC(2332)   Pre Evacuate Collection Set: 0.2ms
[2024-08-15T15:25:50.084+0000][10646.029s][info][gc,phases   ] GC(2332)   Merge Heap Roots: 1.0ms
[2024-08-15T15:25:50.084+0000][10646.029s][info][gc,phases   ] GC(2332)   Evacuate Collection Set: 95.0ms
[2024-08-15T15:25:50.084+0000][10646.029s][info][gc,phases   ] GC(2332)   Post Evacuate Collection Set: 20.5ms
[2024-08-15T15:25:50.084+0000][10646.029s][info][gc,phases   ] GC(2332)   Other: 0.2ms
[2024-08-15T15:25:50.084+0000][10646.029s][info][gc,heap     ] GC(2332) Eden regions: 717->0(55)
[2024-08-15T15:25:50.084+0000][10646.029s][info][gc,heap     ] GC(2332) Survivor regions: 17->21(92)
[2024-08-15T15:25:50.084+0000][10646.029s][info][gc,heap     ] GC(2332) Old regions: 465->465
[2024-08-15T15:25:50.084+0000][10646.029s][info][gc,heap     ] GC(2332) Archive regions: 2->2
[2024-08-15T15:25:50.084+0000][10646.029s][info][gc,heap     ] GC(2332) Humongous regions: 6->6
[2024-08-15T15:25:50.084+0000][10646.029s][info][gc,metaspace] GC(2332) Metaspace: 441513K(448640K)->441513K(448640K) NonClass: 386691K(390912K)->386691K(390912K) Class: 54821K(57728K)->54821K(57728K)
[2024-08-15T15:25:50.084+0000][10646.029s][info][gc          ] GC(2332) Pause Young (Prepare Mixed) (G1 Evacuation Pause) 9639M->3937M(12288M) 117.040ms
[2024-08-15T15:25:50.084+0000][10646.029s][info][gc,cpu      ] GC(2332) User=0.67s Sys=0.00s Real=0.12s
[2024-08-15T15:25:50.268+0000][10646.212s][info][gc,start    ] GC(2333) Pause Young (Mixed) (G1 Evacuation Pause)
[2024-08-15T15:25:50.268+0000][10646.212s][info][gc,task     ] GC(2333) Using 6 workers of 6 for evacuation
[2024-08-15T15:25:50.379+0000][10646.324s][info][gc,phases   ] GC(2333)   Pre Evacuate Collection Set: 0.2ms
[2024-08-15T15:25:50.379+0000][10646.324s][info][gc,phases   ] GC(2333)   Merge Heap Roots: 0.5ms
[2024-08-15T15:25:50.379+0000][10646.324s][info][gc,phases   ] GC(2333)   Evacuate Collection Set: 107.7ms
[2024-08-15T15:25:50.379+0000][10646.324s][info][gc,phases   ] GC(2333)   Post Evacuate Collection Set: 2.7ms
[2024-08-15T15:25:50.379+0000][10646.324s][info][gc,phases   ] GC(2333)   Other: 0.2ms
[2024-08-15T15:25:50.379+0000][10646.324s][info][gc,heap     ] GC(2333) Eden regions: 55->0(738)
[2024-08-15T15:25:50.379+0000][10646.324s][info][gc,heap     ] GC(2333) Survivor regions: 21->7(10)
[2024-08-15T15:25:50.379+0000][10646.324s][info][gc,heap     ] GC(2333) Old regions: 465->460
[2024-08-15T15:25:50.379+0000][10646.324s][info][gc,heap     ] GC(2333) Archive regions: 2->2
[2024-08-15T15:25:50.379+0000][10646.324s][info][gc,heap     ] GC(2333) Humongous regions: 6->6
[2024-08-15T15:25:50.379+0000][10646.324s][info][gc,metaspace] GC(2333) Metaspace: 441513K(448640K)->441513K(448640K) NonClass: 386691K(390912K)->386691K(390912K) Class: 54821K(57728K)->54821K(57728K)
[2024-08-15T15:25:50.379+0000][10646.324s][info][gc          ] GC(2333) Pause Young (Mixed) (G1 Evacuation Pause) 4377M->3781M(12288M) 111.318ms
[2024-08-15T15:25:50.379+0000][10646.324s][info][gc,cpu      ] GC(2333) User=0.66s Sys=0.00s Real=0.11s
[2024-08-15T15:25:56.435+0000][10652.379s][info][gc,start    ] GC(2334) Pause Young (Normal) (G1 Evacuation Pause)
[2024-08-15T15:25:56.435+0000][10652.380s][info][gc,task     ] GC(2334) Using 6 workers of 6 for evacuation
[2024-08-15T15:25:56.475+0000][10652.420s][info][gc,phases   ] GC(2334)   Pre Evacuate Collection Set: 0.2ms
[2024-08-15T15:25:56.475+0000][10652.420s][info][gc,phases   ] GC(2334)   Merge Heap Roots: 0.3ms
[2024-08-15T15:25:56.475+0000][10652.420s][info][gc,phases   ] GC(2334)   Evacuate Collection Set: 34.3ms
[2024-08-15T15:25:56.475+0000][10652.420s][info][gc,phases   ] GC(2334)   Post Evacuate Collection Set: 5.2ms
[2024-08-15T15:25:56.475+0000][10652.420s][info][gc,phases   ] GC(2334)   Other: 0.2ms
[2024-08-15T15:25:56.475+0000][10652.420s][info][gc,heap     ] GC(2334) Eden regions: 738->0(737)
[2024-08-15T15:25:56.475+0000][10652.420s][info][gc,heap     ] GC(2334) Survivor regions: 7->9(94)
[2024-08-15T15:25:56.475+0000][10652.420s][info][gc,heap     ] GC(2334) Old regions: 460->460
[2024-08-15T15:25:56.475+0000][10652.420s][info][gc,heap     ] GC(2334) Archive regions: 2->2
[2024-08-15T15:25:56.475+0000][10652.420s][info][gc,heap     ] GC(2334) Humongous regions: 6->6
[2024-08-15T15:25:56.475+0000][10652.420s][info][gc,metaspace] GC(2334) Metaspace: 441513K(448640K)->441513K(448640K) NonClass: 386691K(390912K)->386691K(390912K) Class: 54821K(57728K)->54821K(57728K)
[2024-08-15T15:25:56.475+0000][10652.420s][info][gc          ] GC(2334) Pause Young (Normal) (G1 Evacuation Pause) 9685M->3797M(12288M) 40.304ms
[2024-08-15T15:25:56.475+0000][10652.420s][info][gc,cpu      ] GC(2334) User=0.24s Sys=0.00s Real=0.05s
[2024-08-15T15:26:04.481+0000][10660.425s][info][gc,start    ] GC(2335) Pause Young (Normal) (G1 Evacuation Pause)
[2024-08-15T15:26:04.481+0000][10660.425s][info][gc,task     ] GC(2335) Using 6 workers of 6 for evacuation
[2024-08-15T15:26:04.514+0000][10660.459s][info][gc,phases   ] GC(2335)   Pre Evacuate Collection Set: 0.2ms
[2024-08-15T15:26:04.514+0000][10660.459s][info][gc,phases   ] GC(2335)   Merge Heap Roots: 0.3ms
[2024-08-15T15:26:04.514+0000][10660.459s][info][gc,phases   ] GC(2335)   Evacuate Collection Set: 31.1ms
[2024-08-15T15:26:04.514+0000][10660.459s][info][gc,phases   ] GC(2335)   Post Evacuate Collection Set: 1.8ms
[2024-08-15T15:26:04.514+0000][10660.459s][info][gc,phases   ] GC(2335)   Other: 0.2ms
[2024-08-15T15:26:04.514+0000][10660.459s][info][gc,heap     ] GC(2335) Eden regions: 737->0(734)
[2024-08-15T15:26:04.514+0000][10660.459s][info][gc,heap     ] GC(2335) Survivor regions: 9->12(94)
[2024-08-15T15:26:04.514+0000][10660.459s][info][gc,heap     ] GC(2335) Old regions: 460->460
[2024-08-15T15:26:04.514+0000][10660.459s][info][gc,heap     ] GC(2335) Archive regions: 2->2
[2024-08-15T15:26:04.514+0000][10660.459s][info][gc,heap     ] GC(2335) Humongous regions: 6->6
[2024-08-15T15:26:04.514+0000][10660.459s][info][gc,metaspace] GC(2335) Metaspace: 441513K(448640K)->441513K(448640K) NonClass: 386691K(390912K)->386691K(390912K) Class: 54821K(57728K)->54821K(57728K)
[2024-08-15T15:26:04.514+0000][10660.459s][info][gc          ] GC(2335) Pause Young (Normal) (G1 Evacuation Pause) 9693M->3823M(12288M) 33.646ms
[2024-08-15T15:26:04.514+0000][10660.459s][info][gc,cpu      ] GC(2335) User=0.20s Sys=0.00s Real=0.03s
[2024-08-15T15:26:12.362+0000][10668.307s][info][gc,start    ] GC(2336) Pause Young (Concurrent Start) (G1 Evacuation Pause)
[2024-08-15T15:26:12.362+0000][10668.307s][info][gc,task     ] GC(2336) Using 6 workers of 6 for evacuation
[2024-08-15T15:26:12.402+0000][10668.346s][info][gc,phases   ] GC(2336)   Pre Evacuate Collection Set: 0.6ms
[2024-08-15T15:26:12.402+0000][10668.346s][info][gc,phases   ] GC(2336)   Merge Heap Roots: 0.3ms
[2024-08-15T15:26:12.402+0000][10668.346s][info][gc,phases   ] GC(2336)   Evacuate Collection Set: 36.5ms
[2024-08-15T15:26:12.402+0000][10668.346s][info][gc,phases   ] GC(2336)   Post Evacuate Collection Set: 1.8ms
[2024-08-15T15:26:12.402+0000][10668.346s][info][gc,phases   ] GC(2336)   Other: 0.3ms
[2024-08-15T15:26:12.402+0000][10668.346s][info][gc,heap     ] GC(2336) Eden regions: 734->0(730)
[2024-08-15T15:26:12.402+0000][10668.346s][info][gc,heap     ] GC(2336) Survivor regions: 12->15(94)
[2024-08-15T15:26:12.402+0000][10668.346s][info][gc,heap     ] GC(2336) Old regions: 460->460
[2024-08-15T15:26:12.402+0000][10668.346s][info][gc,heap     ] GC(2336) Archive regions: 2->2
[2024-08-15T15:26:12.402+0000][10668.346s][info][gc,heap     ] GC(2336) Humongous regions: 6->6
[2024-08-15T15:26:12.402+0000][10668.346s][info][gc,metaspace] GC(2336) Metaspace: 441513K(448640K)->441513K(448640K) NonClass: 386691K(390912K)->386691K(390912K) Class: 54821K(57728K)->54821K(57728K)
[2024-08-15T15:26:12.402+0000][10668.346s][info][gc          ] GC(2336) Pause Young (Concurrent Start) (G1 Evacuation Pause) 9695M->3849M(12288M) 39.483ms
[2024-08-15T15:26:12.402+0000][10668.346s][info][gc,cpu      ] GC(2336) User=0.23s Sys=0.00s Real=0.04s
[2024-08-15T15:26:12.402+0000][10668.347s][info][gc          ] GC(2337) Concurrent Mark Cycle
[2024-08-15T15:26:12.402+0000][10668.347s][info][gc,marking  ] GC(2337) Concurrent Clear Claimed Marks
[2024-08-15T15:26:12.402+0000][10668.347s][info][gc,marking  ] GC(2337) Concurrent Clear Claimed Marks 0.382ms
[2024-08-15T15:26:12.402+0000][10668.347s][info][gc,marking  ] GC(2337) Concurrent Scan Root Regions
[2024-08-15T15:26:12.430+0000][10668.374s][info][gc,marking  ] GC(2337) Concurrent Scan Root Regions 27.285ms
[2024-08-15T15:26:12.430+0000][10668.374s][info][gc,marking  ] GC(2337) Concurrent Mark
[2024-08-15T15:26:12.430+0000][10668.374s][info][gc,marking  ] GC(2337) Concurrent Mark From Roots
[2024-08-15T15:26:12.430+0000][10668.374s][info][gc,task     ] GC(2337) Using 2 workers of 2 for marking
[2024-08-15T15:26:14.983+0000][10670.927s][info][gc,marking  ] GC(2337) Concurrent Mark From Roots 2553.185ms
[2024-08-15T15:26:14.983+0000][10670.927s][info][gc,marking  ] GC(2337) Concurrent Preclean
[2024-08-15T15:26:14.984+0000][10670.929s][info][gc,marking  ] GC(2337) Concurrent Preclean 1.509ms
[2024-08-15T15:26:14.985+0000][10670.929s][info][gc,start    ] GC(2337) Pause Remark
[2024-08-15T15:26:15.008+0000][10670.953s][info][gc          ] GC(2337) Pause Remark 5689M->5689M(12288M) 23.387ms
[2024-08-15T15:26:15.008+0000][10670.953s][info][gc,cpu      ] GC(2337) User=0.10s Sys=0.00s Real=0.02s
[2024-08-15T15:26:15.008+0000][10670.953s][info][gc,marking  ] GC(2337) Concurrent Mark 2578.479ms
[2024-08-15T15:26:15.008+0000][10670.953s][info][gc,marking  ] GC(2337) Concurrent Rebuild Remembered Sets
[2024-08-15T15:26:16.556+0000][10672.501s][info][gc,marking  ] GC(2337) Concurrent Rebuild Remembered Sets 1547.898ms
[2024-08-15T15:26:16.556+0000][10672.501s][info][gc,start    ] GC(2337) Pause Cleanup
[2024-08-15T15:26:16.557+0000][10672.502s][info][gc          ] GC(2337) Pause Cleanup 6793M->6793M(12288M) 0.736ms
[2024-08-15T15:26:16.557+0000][10672.502s][info][gc,cpu      ] GC(2337) User=0.00s Sys=0.00s Real=0.00s
[2024-08-15T15:26:16.557+0000][10672.502s][info][gc,marking  ] GC(2337) Concurrent Cleanup for Next Mark
[2024-08-15T15:26:16.575+0000][10672.519s][info][gc,marking  ] GC(2337) Concurrent Cleanup for Next Mark 17.543ms
[2024-08-15T15:26:16.575+0000][10672.519s][info][gc          ] GC(2337) Concurrent Mark Cycle 4172.834ms
[2024-08-15T15:26:20.480+0000][10676.425s][info][gc,start    ] GC(2338) Pause Young (Prepare Mixed) (G1 Evacuation Pause)
[2024-08-15T15:26:20.480+0000][10676.425s][info][gc,task     ] GC(2338) Using 6 workers of 6 for evacuation
[2024-08-15T15:26:20.530+0000][10676.474s][info][gc,phases   ] GC(2338)   Pre Evacuate Collection Set: 0.2ms
[2024-08-15T15:26:20.530+0000][10676.474s][info][gc,phases   ] GC(2338)   Merge Heap Roots: 0.4ms
[2024-08-15T15:26:20.530+0000][10676.474s][info][gc,phases   ] GC(2338)   Evacuate Collection Set: 46.8ms
[2024-08-15T15:26:20.530+0000][10676.474s][info][gc,phases   ] GC(2338)   Post Evacuate Collection Set: 1.8ms
[2024-08-15T15:26:20.530+0000][10676.474s][info][gc,phases   ] GC(2338)   Other: 0.2ms
[2024-08-15T15:26:20.530+0000][10676.474s][info][gc,heap     ] GC(2338) Eden regions: 730->0(60)
[2024-08-15T15:26:20.530+0000][10676.474s][info][gc,heap     ] GC(2338) Survivor regions: 15->16(94)
[2024-08-15T15:26:20.530+0000][10676.474s][info][gc,heap     ] GC(2338) Old regions: 460->460
[2024-08-15T15:26:20.530+0000][10676.474s][info][gc,heap     ] GC(2338) Archive regions: 2->2
[2024-08-15T15:26:20.530+0000][10676.474s][info][gc,heap     ] GC(2338) Humongous regions: 6->6
[2024-08-15T15:26:20.530+0000][10676.474s][info][gc,metaspace] GC(2338) Metaspace: 441513K(448640K)->441513K(448640K) NonClass: 386691K(390912K)->386691K(390912K) Class: 54821K(57728K)->54821K(57728K)
[2024-08-15T15:26:20.530+0000][10676.474s][info][gc          ] GC(2338) Pause Young (Prepare Mixed) (G1 Evacuation Pause) 9689M->3855M(12288M) 49.347ms
[2024-08-15T15:26:20.530+0000][10676.474s][info][gc,cpu      ] GC(2338) User=0.30s Sys=0.00s Real=0.05s
[2024-08-15T15:26:21.158+0000][10677.103s][info][gc,start    ] GC(2339) Pause Young (Mixed) (G1 Evacuation Pause)
[2024-08-15T15:26:21.158+0000][10677.103s][info][gc,task     ] GC(2339) Using 6 workers of 6 for evacuation
[2024-08-15T15:26:21.253+0000][10677.197s][info][gc,phases   ] GC(2339)   Pre Evacuate Collection Set: 0.2ms
[2024-08-15T15:26:21.253+0000][10677.197s][info][gc,phases   ] GC(2339)   Merge Heap Roots: 0.5ms
[2024-08-15T15:26:21.253+0000][10677.197s][info][gc,phases   ] GC(2339)   Evacuate Collection Set: 92.0ms
[2024-08-15T15:26:21.253+0000][10677.197s][info][gc,phases   ] GC(2339)   Post Evacuate Collection Set: 1.5ms
[2024-08-15T15:26:21.253+0000][10677.197s][info][gc,phases   ] GC(2339)   Other: 0.2ms
[2024-08-15T15:26:21.253+0000][10677.197s][info][gc,heap     ] GC(2339) Eden regions: 60->0(748)
[2024-08-15T15:26:21.253+0000][10677.197s][info][gc,heap     ] GC(2339) Survivor regions: 16->5(10)
[2024-08-15T15:26:21.253+0000][10677.197s][info][gc,heap     ] GC(2339) Old regions: 460->454
[2024-08-15T15:26:21.253+0000][10677.197s][info][gc,heap     ] GC(2339) Archive regions: 2->2
[2024-08-15T15:26:21.253+0000][10677.197s][info][gc,heap     ] GC(2339) Humongous regions: 6->6
[2024-08-15T15:26:21.253+0000][10677.197s][info][gc,metaspace] GC(2339) Metaspace: 441513K(448640K)->441513K(448640K) NonClass: 386691K(390912K)->386691K(390912K) Class: 54821K(57728K)->54821K(57728K)
[2024-08-15T15:26:21.253+0000][10677.197s][info][gc          ] GC(2339) Pause Young (Mixed) (G1 Evacuation Pause) 4335M->3716M(12288M) 94.410ms
[2024-08-15T15:26:21.253+0000][10677.197s][info][gc,cpu      ] GC(2339) User=0.56s Sys=0.00s Real=0.09s
[2024-08-15T15:26:29.026+0000][10684.971s][info][gc,start    ] GC(2340) Pause Young (Normal) (G1 Evacuation Pause)
[2024-08-15T15:26:29.026+0000][10684.971s][info][gc,task     ] GC(2340) Using 6 workers of 6 for evacuation
[2024-08-15T15:26:29.046+0000][10684.990s][info][gc,phases   ] GC(2340)   Pre Evacuate Collection Set: 0.2ms
[2024-08-15T15:26:29.046+0000][10684.990s][info][gc,phases   ] GC(2340)   Merge Heap Roots: 0.2ms
[2024-08-15T15:26:29.046+0000][10684.990s][info][gc,phases   ] GC(2340)   Evacuate Collection Set: 17.3ms
[2024-08-15T15:26:29.046+0000][10684.990s][info][gc,phases   ] GC(2340)   Post Evacuate Collection Set: 1.7ms
[2024-08-15T15:26:29.046+0000][10684.990s][info][gc,phases   ] GC(2340)   Other: 0.2ms
[2024-08-15T15:26:29.046+0000][10684.990s][info][gc,heap     ] GC(2340) Eden regions: 748->0(745)
[2024-08-15T15:26:29.046+0000][10684.990s][info][gc,heap     ] GC(2340) Survivor regions: 5->8(95)
[2024-08-15T15:26:29.046+0000][10684.990s][info][gc,heap     ] GC(2340) Old regions: 454->454
[2024-08-15T15:26:29.046+0000][10684.990s][info][gc,heap     ] GC(2340) Archive regions: 2->2
[2024-08-15T15:26:29.046+0000][10684.990s][info][gc,heap     ] GC(2340) Humongous regions: 6->6
[2024-08-15T15:26:29.046+0000][10684.990s][info][gc,metaspace] GC(2340) Metaspace: 441513K(448640K)->441513K(448640K) NonClass: 386691K(390912K)->386691K(390912K) Class: 54821K(57728K)->54821K(57728K)
[2024-08-15T15:26:29.046+0000][10684.990s][info][gc          ] GC(2340) Pause Young (Normal) (G1 Evacuation Pause) 9700M->3738M(12288M) 19.663ms
[2024-08-15T15:26:29.046+0000][10684.990s][info][gc,cpu      ] GC(2340) User=0.11s Sys=0.00s Real=0.02s
[2024-08-15T15:26:36.609+0000][10692.554s][info][gc,start    ] GC(2341) Pause Young (Normal) (G1 Evacuation Pause)
[2024-08-15T15:26:36.609+0000][10692.554s][info][gc,task     ] GC(2341) Using 6 workers of 6 for evacuation
[2024-08-15T15:26:36.633+0000][10692.578s][info][gc,phases   ] GC(2341)   Pre Evacuate Collection Set: 0.2ms
[2024-08-15T15:26:36.633+0000][10692.578s][info][gc,phases   ] GC(2341)   Merge Heap Roots: 0.3ms
[2024-08-15T15:26:36.633+0000][10692.578s][info][gc,phases   ] GC(2341)   Evacuate Collection Set: 21.9ms
[2024-08-15T15:26:36.633+0000][10692.578s][info][gc,phases   ] GC(2341)   Post Evacuate Collection Set: 1.7ms
[2024-08-15T15:26:36.633+0000][10692.578s][info][gc,phases   ] GC(2341)   Other: 0.2ms
[2024-08-15T15:26:36.633+0000][10692.578s][info][gc,heap     ] GC(2341) Eden regions: 745->0(741)
[2024-08-15T15:26:36.633+0000][10692.578s][info][gc,heap     ] GC(2341) Survivor regions: 8->11(95)
[2024-08-15T15:26:36.633+0000][10692.578s][info][gc,heap     ] GC(2341) Old regions: 454->454
[2024-08-15T15:26:36.633+0000][10692.578s][info][gc,heap     ] GC(2341) Archive regions: 2->2
[2024-08-15T15:26:36.633+0000][10692.578s][info][gc,heap     ] GC(2341) Humongous regions: 6->6
[2024-08-15T15:26:36.633+0000][10692.578s][info][gc,metaspace] GC(2341) Metaspace: 441513K(448640K)->441513K(448640K) NonClass: 386691K(390912K)->386691K(390912K) Class: 54821K(57728K)->54821K(57728K)
[2024-08-15T15:26:36.633+0000][10692.578s][info][gc          ] GC(2341) Pause Young (Normal) (G1 Evacuation Pause) 9698M->3768M(12288M) 24.310ms
[2024-08-15T15:26:36.633+0000][10692.578s][info][gc,cpu      ] GC(2341) User=0.15s Sys=0.00s Real=0.02s
[2024-08-15T15:26:44.160+0000][10700.105s][info][gc,start    ] GC(2342) Pause Young (Concurrent Start) (G1 Evacuation Pause)
[2024-08-15T15:26:44.160+0000][10700.105s][info][gc,task     ] GC(2342) Using 6 workers of 6 for evacuation
[2024-08-15T15:26:44.197+0000][10700.142s][info][gc,phases   ] GC(2342)   Pre Evacuate Collection Set: 0.6ms
[2024-08-15T15:26:44.197+0000][10700.142s][info][gc,phases   ] GC(2342)   Merge Heap Roots: 0.2ms
[2024-08-15T15:26:44.197+0000][10700.142s][info][gc,phases   ] GC(2342)   Evacuate Collection Set: 34.1ms
[2024-08-15T15:26:44.197+0000][10700.142s][info][gc,phases   ] GC(2342)   Post Evacuate Collection Set: 1.8ms
[2024-08-15T15:26:44.197+0000][10700.142s][info][gc,phases   ] GC(2342)   Other: 0.3ms
[2024-08-15T15:26:44.197+0000][10700.142s][info][gc,heap     ] GC(2342) Eden regions: 741->0(740)
[2024-08-15T15:26:44.197+0000][10700.142s][info][gc,heap     ] GC(2342) Survivor regions: 11->12(94)
[2024-08-15T15:26:44.197+0000][10700.142s][info][gc,heap     ] GC(2342) Old regions: 454->454
[2024-08-15T15:26:44.197+0000][10700.142s][info][gc,heap     ] GC(2342) Archive regions: 2->2
[2024-08-15T15:26:44.197+0000][10700.142s][info][gc,heap     ] GC(2342) Humongous regions: 6->6
[2024-08-15T15:26:44.197+0000][10700.142s][info][gc,metaspace] GC(2342) Metaspace: 441513K(448640K)->441513K(448640K) NonClass: 386691K(390912K)->386691K(390912K) Class: 54821K(57728K)->54821K(57728K)
[2024-08-15T15:26:44.197+0000][10700.142s][info][gc          ] GC(2342) Pause Young (Concurrent Start) (G1 Evacuation Pause) 9696M->3773M(12288M) 37.048ms
[2024-08-15T15:26:44.197+0000][10700.142s][info][gc,cpu      ] GC(2342) User=0.21s Sys=0.00s Real=0.04s
[2024-08-15T15:26:44.197+0000][10700.142s][info][gc          ] GC(2343) Concurrent Mark Cycle
[2024-08-15T15:26:44.197+0000][10700.142s][info][gc,marking  ] GC(2343) Concurrent Clear Claimed Marks
[2024-08-15T15:26:44.198+0000][10700.142s][info][gc,marking  ] GC(2343) Concurrent Clear Claimed Marks 0.377ms
[2024-08-15T15:26:44.198+0000][10700.142s][info][gc,marking  ] GC(2343) Concurrent Scan Root Regions
[2024-08-15T15:26:44.223+0000][10700.168s][info][gc,marking  ] GC(2343) Concurrent Scan Root Regions 25.402ms
[2024-08-15T15:26:44.223+0000][10700.168s][info][gc,marking  ] GC(2343) Concurrent Mark
[2024-08-15T15:26:44.223+0000][10700.168s][info][gc,marking  ] GC(2343) Concurrent Mark From Roots
[2024-08-15T15:26:44.223+0000][10700.168s][info][gc,task     ] GC(2343) Using 2 workers of 2 for marking
[2024-08-15T15:26:46.865+0000][10702.810s][info][gc,marking  ] GC(2343) Concurrent Mark From Roots 2642.093ms
[2024-08-15T15:26:46.865+0000][10702.810s][info][gc,marking  ] GC(2343) Concurrent Preclean
[2024-08-15T15:26:46.867+0000][10702.812s][info][gc,marking  ] GC(2343) Concurrent Preclean 1.819ms
[2024-08-15T15:26:46.867+0000][10702.812s][info][gc,start    ] GC(2343) Pause Remark
[2024-08-15T15:26:46.890+0000][10702.835s][info][gc          ] GC(2343) Pause Remark 5713M->5713M(12288M) 22.928ms
[2024-08-15T15:26:46.890+0000][10702.835s][info][gc,cpu      ] GC(2343) User=0.09s Sys=0.01s Real=0.02s
[2024-08-15T15:26:46.890+0000][10702.835s][info][gc,marking  ] GC(2343) Concurrent Mark 2667.160ms
[2024-08-15T15:26:46.890+0000][10702.835s][info][gc,marking  ] GC(2343) Concurrent Rebuild Remembered Sets
[2024-08-15T15:26:48.501+0000][10704.445s][info][gc,marking  ] GC(2343) Concurrent Rebuild Remembered Sets 1610.374ms
[2024-08-15T15:26:48.501+0000][10704.446s][info][gc,start    ] GC(2343) Pause Cleanup
[2024-08-15T15:26:48.502+0000][10704.446s][info][gc          ] GC(2343) Pause Cleanup 6965M->6965M(12288M) 0.692ms
[2024-08-15T15:26:48.502+0000][10704.446s][info][gc,cpu      ] GC(2343) User=0.00s Sys=0.00s Real=0.00s
[2024-08-15T15:26:48.502+0000][10704.446s][info][gc,marking  ] GC(2343) Concurrent Cleanup for Next Mark
[2024-08-15T15:26:48.519+0000][10704.464s][info][gc,marking  ] GC(2343) Concurrent Cleanup for Next Mark 17.481ms
[2024-08-15T15:26:48.519+0000][10704.464s][info][gc          ] GC(2343) Concurrent Mark Cycle 4321.909ms
[2024-08-15T15:26:51.905+0000][10707.850s][info][gc,start    ] GC(2344) Pause Young (Prepare Mixed) (G1 Evacuation Pause)
[2024-08-15T15:26:51.905+0000][10707.850s][info][gc,task     ] GC(2344) Using 6 workers of 6 for evacuation
[2024-08-15T15:26:51.939+0000][10707.884s][info][gc,phases   ] GC(2344)   Pre Evacuate Collection Set: 0.2ms
[2024-08-15T15:26:51.939+0000][10707.884s][info][gc,phases   ] GC(2344)   Merge Heap Roots: 0.4ms
[2024-08-15T15:26:51.939+0000][10707.884s][info][gc,phases   ] GC(2344)   Evacuate Collection Set: 31.5ms
[2024-08-15T15:26:51.939+0000][10707.884s][info][gc,phases   ] GC(2344)   Post Evacuate Collection Set: 1.9ms
[2024-08-15T15:26:51.939+0000][10707.884s][info][gc,phases   ] GC(2344)   Other: 0.2ms
[2024-08-15T15:26:51.939+0000][10707.884s][info][gc,heap     ] GC(2344) Eden regions: 740->0(61)
[2024-08-15T15:26:51.939+0000][10707.884s][info][gc,heap     ] GC(2344) Survivor regions: 12->15(94)
[2024-08-15T15:26:51.939+0000][10707.884s][info][gc,heap     ] GC(2344) Old regions: 454->454
[2024-08-15T15:26:51.939+0000][10707.884s][info][gc,heap     ] GC(2344) Archive regions: 2->2
[2024-08-15T15:26:51.939+0000][10707.884s][info][gc,heap     ] GC(2344) Humongous regions: 6->6
[2024-08-15T15:26:51.939+0000][10707.884s][info][gc,metaspace] GC(2344) Metaspace: 441513K(448640K)->441513K(448640K) NonClass: 386691K(390912K)->386691K(390912K) Class: 54821K(57728K)->54821K(57728K)
[2024-08-15T15:26:51.939+0000][10707.884s][info][gc          ] GC(2344) Pause Young (Prepare Mixed) (G1 Evacuation Pause) 9693M->3798M(12288M) 34.214ms
[2024-08-15T15:26:51.940+0000][10707.884s][info][gc,cpu      ] GC(2344) User=0.20s Sys=0.00s Real=0.03s
[2024-08-15T15:26:52.542+0000][10708.487s][info][gc,start    ] GC(2345) Pause Young (Mixed) (G1 Evacuation Pause)
[2024-08-15T15:26:52.542+0000][10708.487s][info][gc,task     ] GC(2345) Using 6 workers of 6 for evacuation
[2024-08-15T15:26:52.625+0000][10708.569s][info][gc,phases   ] GC(2345)   Pre Evacuate Collection Set: 0.2ms
[2024-08-15T15:26:52.625+0000][10708.569s][info][gc,phases   ] GC(2345)   Merge Heap Roots: 0.4ms
[2024-08-15T15:26:52.625+0000][10708.570s][info][gc,phases   ] GC(2345)   Evacuate Collection Set: 80.6ms
[2024-08-15T15:26:52.625+0000][10708.570s][info][gc,phases   ] GC(2345)   Post Evacuate Collection Set: 1.3ms
[2024-08-15T15:26:52.625+0000][10708.570s][info][gc,phases   ] GC(2345)   Other: 0.2ms
[2024-08-15T15:26:52.625+0000][10708.570s][info][gc,heap     ] GC(2345) Eden regions: 61->0(749)
[2024-08-15T15:26:52.625+0000][10708.570s][info][gc,heap     ] GC(2345) Survivor regions: 15->5(10)
[2024-08-15T15:26:52.625+0000][10708.570s][info][gc,heap     ] GC(2345) Old regions: 454->452
[2024-08-15T15:26:52.625+0000][10708.570s][info][gc,heap     ] GC(2345) Archive regions: 2->2
[2024-08-15T15:26:52.625+0000][10708.570s][info][gc,heap     ] GC(2345) Humongous regions: 6->6
[2024-08-15T15:26:52.625+0000][10708.570s][info][gc,metaspace] GC(2345) Metaspace: 441513K(448640K)->441513K(448640K) NonClass: 386691K(390912K)->386691K(390912K) Class: 54821K(57728K)->54821K(57728K)
[2024-08-15T15:26:52.625+0000][10708.570s][info][gc          ] GC(2345) Pause Young (Mixed) (G1 Evacuation Pause) 4286M->3707M(12288M) 82.790ms
[2024-08-15T15:26:52.625+0000][10708.570s][info][gc,cpu      ] GC(2345) User=0.49s Sys=0.00s Real=0.09s
[2024-08-15T15:26:59.705+0000][10715.649s][info][gc,start    ] GC(2346) Pause Young (Normal) (G1 Evacuation Pause)
[2024-08-15T15:26:59.705+0000][10715.649s][info][gc,task     ] GC(2346) Using 6 workers of 6 for evacuation
[2024-08-15T15:26:59.724+0000][10715.669s][info][gc,phases   ] GC(2346)   Pre Evacuate Collection Set: 0.2ms
[2024-08-15T15:26:59.724+0000][10715.669s][info][gc,phases   ] GC(2346)   Merge Heap Roots: 0.3ms
[2024-08-15T15:26:59.724+0000][10715.669s][info][gc,phases   ] GC(2346)   Evacuate Collection Set: 17.1ms
[2024-08-15T15:26:59.724+0000][10715.669s][info][gc,phases   ] GC(2346)   Post Evacuate Collection Set: 1.6ms
[2024-08-15T15:26:59.724+0000][10715.669s][info][gc,phases   ] GC(2346)   Other: 0.2ms
[2024-08-15T15:26:59.724+0000][10715.669s][info][gc,heap     ] GC(2346) Eden regions: 749->0(748)
[2024-08-15T15:26:59.724+0000][10715.669s][info][gc,heap     ] GC(2346) Survivor regions: 5->7(95)
[2024-08-15T15:26:59.724+0000][10715.669s][info][gc,heap     ] GC(2346) Old regions: 452->452
[2024-08-15T15:26:59.724+0000][10715.669s][info][gc,heap     ] GC(2346) Archive regions: 2->2
[2024-08-15T15:26:59.724+0000][10715.669s][info][gc,heap     ] GC(2346) Humongous regions: 6->6
[2024-08-15T15:26:59.724+0000][10715.669s][info][gc,metaspace] GC(2346) Metaspace: 441513K(448640K)->441513K(448640K) NonClass: 386692K(390912K)->386692K(390912K) Class: 54821K(57728K)->54821K(57728K)
[2024-08-15T15:26:59.724+0000][10715.669s][info][gc          ] GC(2346) Pause Young (Normal) (G1 Evacuation Pause) 9699M->3723M(12288M) 19.392ms
[2024-08-15T15:26:59.724+0000][10715.669s][info][gc,cpu      ] GC(2346) User=0.11s Sys=0.00s Real=0.02s
[2024-08-15T15:27:07.152+0000][10723.097s][info][gc,start    ] GC(2347) Pause Young (Normal) (G1 Evacuation Pause)
[2024-08-15T15:27:07.152+0000][10723.097s][info][gc,task     ] GC(2347) Using 6 workers of 6 for evacuation
[2024-08-15T15:27:07.176+0000][10723.120s][info][gc,phases   ] GC(2347)   Pre Evacuate Collection Set: 0.2ms
[2024-08-15T15:27:07.176+0000][10723.120s][info][gc,phases   ] GC(2347)   Merge Heap Roots: 0.3ms
[2024-08-15T15:27:07.176+0000][10723.120s][info][gc,phases   ] GC(2347)   Evacuate Collection Set: 21.4ms
[2024-08-15T15:27:07.176+0000][10723.120s][info][gc,phases   ] GC(2347)   Post Evacuate Collection Set: 1.7ms
[2024-08-15T15:27:07.176+0000][10723.120s][info][gc,phases   ] GC(2347)   Other: 0.2ms
[2024-08-15T15:27:07.176+0000][10723.120s][info][gc,heap     ] GC(2347) Eden regions: 748->0(746)
[2024-08-15T15:27:07.176+0000][10723.120s][info][gc,heap     ] GC(2347) Survivor regions: 7->9(95)
[2024-08-15T15:27:07.176+0000][10723.120s][info][gc,heap     ] GC(2347) Old regions: 452->452
[2024-08-15T15:27:07.176+0000][10723.120s][info][gc,heap     ] GC(2347) Archive regions: 2->2
[2024-08-15T15:27:07.176+0000][10723.120s][info][gc,heap     ] GC(2347) Humongous regions: 6->6
[2024-08-15T15:27:07.176+0000][10723.120s][info][gc,metaspace] GC(2347) Metaspace: 441513K(448640K)->441513K(448640K) NonClass: 386692K(390912K)->386692K(390912K) Class: 54821K(57728K)->54821K(57728K)
[2024-08-15T15:27:07.176+0000][10723.121s][info][gc          ] GC(2347) Pause Young (Normal) (G1 Evacuation Pause) 9707M->3737M(12288M) 23.793ms
[2024-08-15T15:27:07.176+0000][10723.121s][info][gc,cpu      ] GC(2347) User=0.14s Sys=0.00s Real=0.03s
[2024-08-15T15:27:14.756+0000][10730.700s][info][gc,start    ] GC(2348) Pause Young (Concurrent Start) (G1 Evacuation Pause)
[2024-08-15T15:27:14.756+0000][10730.700s][info][gc,task     ] GC(2348) Using 6 workers of 6 for evacuation
[2024-08-15T15:27:14.787+0000][10730.731s][info][gc,phases   ] GC(2348)   Pre Evacuate Collection Set: 0.5ms
[2024-08-15T15:27:14.787+0000][10730.731s][info][gc,phases   ] GC(2348)   Merge Heap Roots: 0.3ms
[2024-08-15T15:27:14.787+0000][10730.731s][info][gc,phases   ] GC(2348)   Evacuate Collection Set: 28.4ms
[2024-08-15T15:27:14.787+0000][10730.731s][info][gc,phases   ] GC(2348)   Post Evacuate Collection Set: 1.7ms
[2024-08-15T15:27:14.787+0000][10730.731s][info][gc,phases   ] GC(2348)   Other: 0.3ms
[2024-08-15T15:27:14.787+0000][10730.731s][info][gc,heap     ] GC(2348) Eden regions: 746->0(743)
[2024-08-15T15:27:14.787+0000][10730.731s][info][gc,heap     ] GC(2348) Survivor regions: 9->12(95)
[2024-08-15T15:27:14.787+0000][10730.731s][info][gc,heap     ] GC(2348) Old regions: 452->452
[2024-08-15T15:27:14.787+0000][10730.731s][info][gc,heap     ] GC(2348) Archive regions: 2->2
[2024-08-15T15:27:14.787+0000][10730.731s][info][gc,heap     ] GC(2348) Humongous regions: 6->6
[2024-08-15T15:27:14.787+0000][10730.731s][info][gc,metaspace] GC(2348) Metaspace: 441513K(448640K)->441513K(448640K) NonClass: 386692K(390912K)->386692K(390912K) Class: 54821K(57728K)->54821K(57728K)
[2024-08-15T15:27:14.787+0000][10730.732s][info][gc          ] GC(2348) Pause Young (Concurrent Start) (G1 Evacuation Pause) 9705M->3762M(12288M) 31.240ms
[2024-08-15T15:27:14.787+0000][10730.732s][info][gc,cpu      ] GC(2348) User=0.18s Sys=0.00s Real=0.03s
[2024-08-15T15:27:14.787+0000][10730.732s][info][gc          ] GC(2349) Concurrent Mark Cycle
[2024-08-15T15:27:14.787+0000][10730.732s][info][gc,marking  ] GC(2349) Concurrent Clear Claimed Marks
[2024-08-15T15:27:14.787+0000][10730.732s][info][gc,marking  ] GC(2349) Concurrent Clear Claimed Marks 0.414ms
[2024-08-15T15:27:14.787+0000][10730.732s][info][gc,marking  ] GC(2349) Concurrent Scan Root Regions
[2024-08-15T15:27:14.817+0000][10730.761s][info][gc,marking  ] GC(2349) Concurrent Scan Root Regions 29.254ms
[2024-08-15T15:27:14.817+0000][10730.761s][info][gc,marking  ] GC(2349) Concurrent Mark
[2024-08-15T15:27:14.817+0000][10730.761s][info][gc,marking  ] GC(2349) Concurrent Mark From Roots
[2024-08-15T15:27:14.817+0000][10730.761s][info][gc,task     ] GC(2349) Using 2 workers of 2 for marking
[2024-08-15T15:27:17.375+0000][10733.320s][info][gc,marking  ] GC(2349) Concurrent Mark From Roots 2558.698ms
[2024-08-15T15:27:17.375+0000][10733.320s][info][gc,marking  ] GC(2349) Concurrent Preclean
[2024-08-15T15:27:17.377+0000][10733.322s][info][gc,marking  ] GC(2349) Concurrent Preclean 1.434ms
[2024-08-15T15:27:17.377+0000][10733.322s][info][gc,start    ] GC(2349) Pause Remark
[2024-08-15T15:27:17.401+0000][10733.345s][info][gc          ] GC(2349) Pause Remark 5630M->5630M(12288M) 23.427ms
[2024-08-15T15:27:17.401+0000][10733.345s][info][gc,cpu      ] GC(2349) User=0.10s Sys=0.00s Real=0.02s
[2024-08-15T15:27:17.401+0000][10733.345s][info][gc,marking  ] GC(2349) Concurrent Mark 2584.027ms
[2024-08-15T15:27:17.401+0000][10733.345s][info][gc,marking  ] GC(2349) Concurrent Rebuild Remembered Sets
[2024-08-15T15:27:19.022+0000][10734.967s][info][gc,marking  ] GC(2349) Concurrent Rebuild Remembered Sets 1621.578ms
[2024-08-15T15:27:19.023+0000][10734.967s][info][gc,start    ] GC(2349) Pause Cleanup
[2024-08-15T15:27:19.023+0000][10734.968s][info][gc          ] GC(2349) Pause Cleanup 6854M->6854M(12288M) 0.721ms
[2024-08-15T15:27:19.023+0000][10734.968s][info][gc,cpu      ] GC(2349) User=0.00s Sys=0.00s Real=0.01s
[2024-08-15T15:27:19.023+0000][10734.968s][info][gc,marking  ] GC(2349) Concurrent Cleanup for Next Mark
[2024-08-15T15:27:19.041+0000][10734.986s][info][gc,marking  ] GC(2349) Concurrent Cleanup for Next Mark 17.638ms
[2024-08-15T15:27:19.041+0000][10734.986s][info][gc          ] GC(2349) Concurrent Mark Cycle 4254.081ms
[2024-08-15T15:27:22.454+0000][10738.399s][info][gc,start    ] GC(2350) Pause Young (Prepare Mixed) (G1 Evacuation Pause)
[2024-08-15T15:27:22.455+0000][10738.399s][info][gc,task     ] GC(2350) Using 6 workers of 6 for evacuation
[2024-08-15T15:27:22.487+0000][10738.432s][info][gc,phases   ] GC(2350)   Pre Evacuate Collection Set: 0.2ms
[2024-08-15T15:27:22.488+0000][10738.432s][info][gc,phases   ] GC(2350)   Merge Heap Roots: 0.4ms
[2024-08-15T15:27:22.488+0000][10738.432s][info][gc,phases   ] GC(2350)   Evacuate Collection Set: 30.5ms
[2024-08-15T15:27:22.488+0000][10738.432s][info][gc,phases   ] GC(2350)   Post Evacuate Collection Set: 1.8ms
[2024-08-15T15:27:22.488+0000][10738.432s][info][gc,phases   ] GC(2350)   Other: 0.2ms
[2024-08-15T15:27:22.488+0000][10738.432s][info][gc,heap     ] GC(2350) Eden regions: 743->0(64)
[2024-08-15T15:27:22.488+0000][10738.432s][info][gc,heap     ] GC(2350) Survivor regions: 12->12(95)
[2024-08-15T15:27:22.488+0000][10738.432s][info][gc,heap     ] GC(2350) Old regions: 452->452
[2024-08-15T15:27:22.488+0000][10738.432s][info][gc,heap     ] GC(2350) Archive regions: 2->2
[2024-08-15T15:27:22.488+0000][10738.432s][info][gc,heap     ] GC(2350) Humongous regions: 6->6
[2024-08-15T15:27:22.488+0000][10738.432s][info][gc,metaspace] GC(2350) Metaspace: 441513K(448640K)->441513K(448640K) NonClass: 386692K(390912K)->386692K(390912K) Class: 54821K(57728K)->54821K(57728K)
[2024-08-15T15:27:22.488+0000][10738.432s][info][gc          ] GC(2350) Pause Young (Prepare Mixed) (G1 Evacuation Pause) 9706M->3764M(12288M) 33.122ms
[2024-08-15T15:27:22.488+0000][10738.432s][info][gc,cpu      ] GC(2350) User=0.18s Sys=0.02s Real=0.04s
[2024-08-15T15:27:23.132+0000][10739.077s][info][gc,start    ] GC(2351) Pause Young (Mixed) (G1 Evacuation Pause)
[2024-08-15T15:27:23.132+0000][10739.077s][info][gc,task     ] GC(2351) Using 6 workers of 6 for evacuation
[2024-08-15T15:27:23.219+0000][10739.163s][info][gc,phases   ] GC(2351)   Pre Evacuate Collection Set: 0.2ms
[2024-08-15T15:27:23.219+0000][10739.163s][info][gc,phases   ] GC(2351)   Merge Heap Roots: 0.5ms
[2024-08-15T15:27:23.219+0000][10739.163s][info][gc,phases   ] GC(2351)   Evacuate Collection Set: 84.3ms
[2024-08-15T15:27:23.219+0000][10739.163s][info][gc,phases   ] GC(2351)   Post Evacuate Collection Set: 1.4ms
[2024-08-15T15:27:23.219+0000][10739.163s][info][gc,phases   ] GC(2351)   Other: 0.2ms
[2024-08-15T15:27:23.219+0000][10739.163s][info][gc,heap     ] GC(2351) Eden regions: 64->0(752)
[2024-08-15T15:27:23.219+0000][10739.163s][info][gc,heap     ] GC(2351) Survivor regions: 12->4(10)
[2024-08-15T15:27:23.219+0000][10739.163s][info][gc,heap     ] GC(2351) Old regions: 452->451
[2024-08-15T15:27:23.219+0000][10739.164s][info][gc,heap     ] GC(2351) Archive regions: 2->2
[2024-08-15T15:27:23.219+0000][10739.164s][info][gc,heap     ] GC(2351) Humongous regions: 6->6
[2024-08-15T15:27:23.219+0000][10739.164s][info][gc,metaspace] GC(2351) Metaspace: 441513K(448640K)->441513K(448640K) NonClass: 386692K(390912K)->386692K(390912K) Class: 54821K(57728K)->54821K(57728K)
[2024-08-15T15:27:23.219+0000][10739.164s][info][gc          ] GC(2351) Pause Young (Mixed) (G1 Evacuation Pause) 4276M->3688M(12288M) 86.561ms
[2024-08-15T15:27:23.219+0000][10739.164s][info][gc,cpu      ] GC(2351) User=0.50s Sys=0.00s Real=0.09s
[2024-08-15T15:27:30.826+0000][10746.770s][info][gc,start    ] GC(2352) Pause Young (Normal) (G1 Evacuation Pause)
[2024-08-15T15:27:30.826+0000][10746.770s][info][gc,task     ] GC(2352) Using 6 workers of 6 for evacuation
[2024-08-15T15:27:30.848+0000][10746.793s][info][gc,phases   ] GC(2352)   Pre Evacuate Collection Set: 0.2ms
[2024-08-15T15:27:30.848+0000][10746.793s][info][gc,phases   ] GC(2352)   Merge Heap Roots: 0.3ms
[2024-08-15T15:27:30.848+0000][10746.793s][info][gc,phases   ] GC(2352)   Evacuate Collection Set: 20.1ms
[2024-08-15T15:27:30.848+0000][10746.793s][info][gc,phases   ] GC(2352)   Post Evacuate Collection Set: 1.7ms
[2024-08-15T15:27:30.848+0000][10746.793s][info][gc,phases   ] GC(2352)   Other: 0.2ms
[2024-08-15T15:27:30.848+0000][10746.793s][info][gc,heap     ] GC(2352) Eden regions: 752->0(749)
[2024-08-15T15:27:30.848+0000][10746.793s][info][gc,heap     ] GC(2352) Survivor regions: 4->7(95)
[2024-08-15T15:27:30.848+0000][10746.793s][info][gc,heap     ] GC(2352) Old regions: 451->451
[2024-08-15T15:27:30.848+0000][10746.793s][info][gc,heap     ] GC(2352) Archive regions: 2->2
[2024-08-15T15:27:30.848+0000][10746.793s][info][gc,heap     ] GC(2352) Humongous regions: 6->6
[2024-08-15T15:27:30.848+0000][10746.793s][info][gc,metaspace] GC(2352) Metaspace: 441513K(448640K)->441513K(448640K) NonClass: 386692K(390912K)->386692K(390912K) Class: 54821K(57728K)->54821K(57728K)
[2024-08-15T15:27:30.848+0000][10746.793s][info][gc          ] GC(2352) Pause Young (Normal) (G1 Evacuation Pause) 9704M->3712M(12288M) 22.525ms
[2024-08-15T15:27:30.848+0000][10746.793s][info][gc,cpu      ] GC(2352) User=0.12s Sys=0.01s Real=0.02s
[2024-08-15T15:27:38.403+0000][10754.347s][info][gc,start    ] GC(2353) Pause Young (Normal) (G1 Evacuation Pause)
[2024-08-15T15:27:38.403+0000][10754.347s][info][gc,task     ] GC(2353) Using 6 workers of 6 for evacuation
[2024-08-15T15:27:38.427+0000][10754.371s][info][gc,phases   ] GC(2353)   Pre Evacuate Collection Set: 0.2ms
[2024-08-15T15:27:38.427+0000][10754.371s][info][gc,phases   ] GC(2353)   Merge Heap Roots: 0.3ms
[2024-08-15T15:27:38.427+0000][10754.371s][info][gc,phases   ] GC(2353)   Evacuate Collection Set: 21.6ms
[2024-08-15T15:27:38.427+0000][10754.371s][info][gc,phases   ] GC(2353)   Post Evacuate Collection Set: 1.8ms
[2024-08-15T15:27:38.427+0000][10754.371s][info][gc,phases   ] GC(2353)   Other: 0.2ms
[2024-08-15T15:27:38.427+0000][10754.371s][info][gc,heap     ] GC(2353) Eden regions: 749->0(746)
[2024-08-15T15:27:38.427+0000][10754.371s][info][gc,heap     ] GC(2353) Survivor regions: 7->10(95)
[2024-08-15T15:27:38.427+0000][10754.371s][info][gc,heap     ] GC(2353) Old regions: 451->451
[2024-08-15T15:27:38.427+0000][10754.371s][info][gc,heap     ] GC(2353) Archive regions: 2->2
[2024-08-15T15:27:38.427+0000][10754.371s][info][gc,heap     ] GC(2353) Humongous regions: 6->6
[2024-08-15T15:27:38.427+0000][10754.371s][info][gc,metaspace] GC(2353) Metaspace: 441514K(448640K)->441514K(448640K) NonClass: 386692K(390912K)->386692K(390912K) Class: 54821K(57728K)->54821K(57728K)
[2024-08-15T15:27:38.427+0000][10754.371s][info][gc          ] GC(2353) Pause Young (Normal) (G1 Evacuation Pause) 9704M->3734M(12288M) 24.152ms
[2024-08-15T15:27:38.427+0000][10754.371s][info][gc,cpu      ] GC(2353) User=0.14s Sys=0.00s Real=0.03s
[2024-08-15T15:27:45.664+0000][10761.608s][info][gc,start    ] GC(2354) Pause Young (Concurrent Start) (G1 Evacuation Pause)
[2024-08-15T15:27:45.664+0000][10761.608s][info][gc,task     ] GC(2354) Using 6 workers of 6 for evacuation
[2024-08-15T15:27:45.694+0000][10761.639s][info][gc,phases   ] GC(2354)   Pre Evacuate Collection Set: 0.5ms
[2024-08-15T15:27:45.694+0000][10761.639s][info][gc,phases   ] GC(2354)   Merge Heap Roots: 0.2ms
[2024-08-15T15:27:45.694+0000][10761.639s][info][gc,phases   ] GC(2354)   Evacuate Collection Set: 27.7ms
[2024-08-15T15:27:45.694+0000][10761.639s][info][gc,phases   ] GC(2354)   Post Evacuate Collection Set: 1.8ms
[2024-08-15T15:27:45.694+0000][10761.639s][info][gc,phases   ] GC(2354)   Other: 0.3ms
[2024-08-15T15:27:45.694+0000][10761.639s][info][gc,heap     ] GC(2354) Eden regions: 746->0(743)
[2024-08-15T15:27:45.694+0000][10761.639s][info][gc,heap     ] GC(2354) Survivor regions: 10->13(95)
[2024-08-15T15:27:45.694+0000][10761.639s][info][gc,heap     ] GC(2354) Old regions: 451->451
[2024-08-15T15:27:45.694+0000][10761.639s][info][gc,heap     ] GC(2354) Archive regions: 2->2
[2024-08-15T15:27:45.694+0000][10761.639s][info][gc,heap     ] GC(2354) Humongous regions: 6->6
[2024-08-15T15:27:45.694+0000][10761.639s][info][gc,metaspace] GC(2354) Metaspace: 441514K(448640K)->441514K(448640K) NonClass: 386692K(390912K)->386692K(390912K) Class: 54821K(57728K)->54821K(57728K)
[2024-08-15T15:27:45.694+0000][10761.639s][info][gc          ] GC(2354) Pause Young (Concurrent Start) (G1 Evacuation Pause) 9702M->3760M(12288M) 30.646ms
[2024-08-15T15:27:45.694+0000][10761.639s][info][gc,cpu      ] GC(2354) User=0.18s Sys=0.00s Real=0.02s
[2024-08-15T15:27:45.694+0000][10761.639s][info][gc          ] GC(2355) Concurrent Mark Cycle
[2024-08-15T15:27:45.694+0000][10761.639s][info][gc,marking  ] GC(2355) Concurrent Clear Claimed Marks
[2024-08-15T15:27:45.695+0000][10761.639s][info][gc,marking  ] GC(2355) Concurrent Clear Claimed Marks 0.375ms
[2024-08-15T15:27:45.695+0000][10761.639s][info][gc,marking  ] GC(2355) Concurrent Scan Root Regions
[2024-08-15T15:27:45.719+0000][10761.663s][info][gc,marking  ] GC(2355) Concurrent Scan Root Regions 23.813ms
[2024-08-15T15:27:45.719+0000][10761.663s][info][gc,marking  ] GC(2355) Concurrent Mark
[2024-08-15T15:27:45.719+0000][10761.663s][info][gc,marking  ] GC(2355) Concurrent Mark From Roots
[2024-08-15T15:27:45.719+0000][10761.663s][info][gc,task     ] GC(2355) Using 2 workers of 2 for marking
[2024-08-15T15:27:48.378+0000][10764.323s][info][gc,marking  ] GC(2355) Concurrent Mark From Roots 2659.910ms
[2024-08-15T15:27:48.378+0000][10764.323s][info][gc,marking  ] GC(2355) Concurrent Preclean
[2024-08-15T15:27:48.380+0000][10764.325s][info][gc,marking  ] GC(2355) Concurrent Preclean 1.624ms
[2024-08-15T15:27:48.380+0000][10764.325s][info][gc,start    ] GC(2355) Pause Remark
[2024-08-15T15:27:48.404+0000][10764.348s][info][gc          ] GC(2355) Pause Remark 5776M->5776M(12288M) 23.424ms
[2024-08-15T15:27:48.404+0000][10764.348s][info][gc,cpu      ] GC(2355) User=0.10s Sys=0.00s Real=0.03s
[2024-08-15T15:27:48.404+0000][10764.349s][info][gc,marking  ] GC(2355) Concurrent Mark 2685.375ms
[2024-08-15T15:27:48.404+0000][10764.349s][info][gc,marking  ] GC(2355) Concurrent Rebuild Remembered Sets
[2024-08-15T15:27:49.986+0000][10765.931s][info][gc,marking  ] GC(2355) Concurrent Rebuild Remembered Sets 1581.982ms
[2024-08-15T15:27:49.986+0000][10765.931s][info][gc,start    ] GC(2355) Pause Cleanup
[2024-08-15T15:27:49.987+0000][10765.931s][info][gc          ] GC(2355) Pause Cleanup 7208M->7208M(12288M) 0.666ms
[2024-08-15T15:27:49.987+0000][10765.931s][info][gc,cpu      ] GC(2355) User=0.00s Sys=0.00s Real=0.00s
[2024-08-15T15:27:49.987+0000][10765.931s][info][gc,marking  ] GC(2355) Concurrent Cleanup for Next Mark
[2024-08-15T15:27:50.005+0000][10765.949s][info][gc,marking  ] GC(2355) Concurrent Cleanup for Next Mark 17.838ms
[2024-08-15T15:27:50.005+0000][10765.949s][info][gc          ] GC(2355) Concurrent Mark Cycle 4310.465ms
[2024-08-15T15:27:53.084+0000][10769.028s][info][gc,start    ] GC(2356) Pause Young (Prepare Mixed) (G1 Evacuation Pause)
[2024-08-15T15:27:53.084+0000][10769.028s][info][gc,task     ] GC(2356) Using 6 workers of 6 for evacuation
[2024-08-15T15:27:53.129+0000][10769.074s][info][gc,phases   ] GC(2356)   Pre Evacuate Collection Set: 0.2ms
[2024-08-15T15:27:53.129+0000][10769.074s][info][gc,phases   ] GC(2356)   Merge Heap Roots: 0.4ms
[2024-08-15T15:27:53.129+0000][10769.074s][info][gc,phases   ] GC(2356)   Evacuate Collection Set: 42.8ms
[2024-08-15T15:27:53.129+0000][10769.074s][info][gc,phases   ] GC(2356)   Post Evacuate Collection Set: 1.8ms
[2024-08-15T15:27:53.129+0000][10769.074s][info][gc,phases   ] GC(2356)   Other: 0.2ms
[2024-08-15T15:27:53.129+0000][10769.074s][info][gc,heap     ] GC(2356) Eden regions: 743->0(61)
[2024-08-15T15:27:53.129+0000][10769.074s][info][gc,heap     ] GC(2356) Survivor regions: 13->15(95)
[2024-08-15T15:27:53.129+0000][10769.074s][info][gc,heap     ] GC(2356) Old regions: 451->451
[2024-08-15T15:27:53.129+0000][10769.074s][info][gc,heap     ] GC(2356) Archive regions: 2->2
[2024-08-15T15:27:53.129+0000][10769.074s][info][gc,heap     ] GC(2356) Humongous regions: 6->6
[2024-08-15T15:27:53.129+0000][10769.074s][info][gc,metaspace] GC(2356) Metaspace: 441514K(448640K)->441514K(448640K) NonClass: 386692K(390912K)->386692K(390912K) Class: 54821K(57728K)->54821K(57728K)
[2024-08-15T15:27:53.129+0000][10769.074s][info][gc          ] GC(2356) Pause Young (Prepare Mixed) (G1 Evacuation Pause) 9704M->3774M(12288M) 45.387ms
[2024-08-15T15:27:53.129+0000][10769.074s][info][gc,cpu      ] GC(2356) User=0.27s Sys=0.00s Real=0.04s
[2024-08-15T15:27:53.712+0000][10769.657s][info][gc,start    ] GC(2357) Pause Young (Mixed) (G1 Evacuation Pause)
[2024-08-15T15:27:53.712+0000][10769.657s][info][gc,task     ] GC(2357) Using 6 workers of 6 for evacuation
[2024-08-15T15:27:53.807+0000][10769.751s][info][gc,phases   ] GC(2357)   Pre Evacuate Collection Set: 0.2ms
[2024-08-15T15:27:53.807+0000][10769.751s][info][gc,phases   ] GC(2357)   Merge Heap Roots: 0.6ms
[2024-08-15T15:27:53.807+0000][10769.751s][info][gc,phases   ] GC(2357)   Evacuate Collection Set: 92.3ms
[2024-08-15T15:27:53.807+0000][10769.751s][info][gc,phases   ] GC(2357)   Post Evacuate Collection Set: 1.4ms
[2024-08-15T15:27:53.807+0000][10769.751s][info][gc,phases   ] GC(2357)   Other: 0.2ms
[2024-08-15T15:27:53.807+0000][10769.751s][info][gc,heap     ] GC(2357) Eden regions: 61->0(750)
